2025-12-04T22:31:42.6380556Z Current runner version: '2.329.0'
2025-12-04T22:31:42.6403999Z ##[group]Runner Image Provisioner
2025-12-04T22:31:42.6404804Z Hosted Compute Agent
2025-12-04T22:31:42.6405255Z Version: 20251124.448
2025-12-04T22:31:42.6405796Z Commit: fda5086b43ec66ade217e5fcd18146c879571177
2025-12-04T22:31:42.6406419Z Build Date: 2025-11-24T21:16:26Z
2025-12-04T22:31:42.6406952Z ##[endgroup]
2025-12-04T22:31:42.6407668Z ##[group]Operating System
2025-12-04T22:31:42.6408191Z Ubuntu
2025-12-04T22:31:42.6408606Z 24.04.3
2025-12-04T22:31:42.6409021Z LTS
2025-12-04T22:31:42.6409403Z ##[endgroup]
2025-12-04T22:31:42.6409863Z ##[group]Runner Image
2025-12-04T22:31:42.6410339Z Image: ubuntu-24.04
2025-12-04T22:31:42.6410734Z Version: 20251126.144.1
2025-12-04T22:31:42.6411646Z Included Software: https://github.com/actions/runner-images/blob/ubuntu24/20251126.144/images/ubuntu/Ubuntu2404-Readme.md
2025-12-04T22:31:42.6413032Z Image Release: https://github.com/actions/runner-images/releases/tag/ubuntu24%2F20251126.144
2025-12-04T22:31:42.6413883Z ##[endgroup]
2025-12-04T22:31:42.6416050Z ##[group]GITHUB_TOKEN Permissions
2025-12-04T22:31:42.6418417Z Actions: read
2025-12-04T22:31:42.6418897Z ArtifactMetadata: read
2025-12-04T22:31:42.6419376Z Attestations: read
2025-12-04T22:31:42.6419980Z Checks: read
2025-12-04T22:31:42.6420406Z Contents: read
2025-12-04T22:31:42.6420810Z Deployments: read
2025-12-04T22:31:42.6421268Z Discussions: read
2025-12-04T22:31:42.6421669Z Issues: read
2025-12-04T22:31:42.6422118Z Metadata: read
2025-12-04T22:31:42.6422519Z Models: read
2025-12-04T22:31:42.6422955Z Packages: read
2025-12-04T22:31:42.6423353Z Pages: read
2025-12-04T22:31:42.6423787Z PullRequests: read
2025-12-04T22:31:42.6424269Z RepositoryProjects: read
2025-12-04T22:31:42.6424847Z SecurityEvents: read
2025-12-04T22:31:42.6425320Z Statuses: read
2025-12-04T22:31:42.6425743Z ##[endgroup]
2025-12-04T22:31:42.6428148Z Secret source: None
2025-12-04T22:31:42.6429118Z Prepare workflow directory
2025-12-04T22:31:42.6744527Z Prepare all required actions
2025-12-04T22:31:42.6783931Z Getting action download info
2025-12-04T22:31:42.9955510Z Download action repository 'actions/cache@v3' (SHA:6f8efc29b200d32929f49075959781ed54ec270c)
2025-12-04T22:31:43.2218566Z Download action repository 'actions/checkout@v3' (SHA:f43a0e5ff2bd294095638e18286ca9a3d1956744)
2025-12-04T22:31:43.3113129Z Complete job name: build
2025-12-04T22:31:43.3653259Z ##[group]Run echo "PG_COMMIT_HASH=$(git ls-remote https://git.postgresql.org/git/postgresql.git refs/heads/REL_17_STABLE | awk '{print $1}')" >> $GITHUB_ENV
2025-12-04T22:31:43.3654984Z [36;1mecho "PG_COMMIT_HASH=$(git ls-remote https://git.postgresql.org/git/postgresql.git refs/heads/REL_17_STABLE | awk '{print $1}')" >> $GITHUB_ENV[0m
2025-12-04T22:31:43.3678681Z shell: /usr/bin/bash -e {0}
2025-12-04T22:31:43.3679460Z ##[endgroup]
2025-12-04T22:31:45.4140942Z ##[group]Run actions/cache@v3
2025-12-04T22:31:45.4142211Z with:
2025-12-04T22:31:45.4143127Z   path: ~/pg17
2025-12-04T22:31:45.4144385Z   key: Linux-v1-pg17-ce2f575b7cf4ac9dbebed4df226b7de64c7d340d
2025-12-04T22:31:45.4146005Z   enableCrossOsArchive: false
2025-12-04T22:31:45.4147285Z   fail-on-cache-miss: false
2025-12-04T22:31:45.4148332Z   lookup-only: false
2025-12-04T22:31:45.4149261Z env:
2025-12-04T22:31:45.4150285Z   PG_COMMIT_HASH: ce2f575b7cf4ac9dbebed4df226b7de64c7d340d
2025-12-04T22:31:45.4151667Z ##[endgroup]
2025-12-04T22:31:45.6813354Z Cache not found for input keys: Linux-v1-pg17-ce2f575b7cf4ac9dbebed4df226b7de64c7d340d
2025-12-04T22:31:45.6930929Z ##[group]Run sudo apt-get update
2025-12-04T22:31:45.6931937Z [36;1msudo apt-get update[0m
2025-12-04T22:31:45.6933246Z [36;1msudo apt-get install -y build-essential libreadline-dev zlib1g-dev flex bison[0m
2025-12-04T22:31:45.6955269Z shell: /usr/bin/bash -e {0}
2025-12-04T22:31:45.6956146Z env:
2025-12-04T22:31:45.6957023Z   PG_COMMIT_HASH: ce2f575b7cf4ac9dbebed4df226b7de64c7d340d
2025-12-04T22:31:45.6958267Z ##[endgroup]
2025-12-04T22:31:45.8086577Z Get:1 file:/etc/apt/apt-mirrors.txt Mirrorlist [144 B]
2025-12-04T22:31:45.8198712Z Get:6 https://packages.microsoft.com/repos/azure-cli noble InRelease [3564 B]
2025-12-04T22:31:45.8367544Z Get:7 https://packages.microsoft.com/ubuntu/24.04/prod noble InRelease [3600 B]
2025-12-04T22:31:45.8406422Z Hit:2 http://azure.archive.ubuntu.com/ubuntu noble InRelease
2025-12-04T22:31:45.8422603Z Get:3 http://azure.archive.ubuntu.com/ubuntu noble-updates InRelease [126 kB]
2025-12-04T22:31:45.8461264Z Get:4 http://azure.archive.ubuntu.com/ubuntu noble-backports InRelease [126 kB]
2025-12-04T22:31:45.8489883Z Get:5 http://azure.archive.ubuntu.com/ubuntu noble-security InRelease [126 kB]
2025-12-04T22:31:45.9334743Z Get:8 https://packages.microsoft.com/repos/azure-cli noble/main amd64 Packages [1822 B]
2025-12-04T22:31:46.0225990Z Get:9 https://packages.microsoft.com/ubuntu/24.04/prod noble/main arm64 Packages [55.4 kB]
2025-12-04T22:31:46.0249998Z Get:10 https://packages.microsoft.com/ubuntu/24.04/prod noble/main amd64 Packages [73.6 kB]
2025-12-04T22:31:46.0270928Z Get:11 https://packages.microsoft.com/ubuntu/24.04/prod noble/main armhf Packages [11.2 kB]
2025-12-04T22:31:46.1150866Z Get:12 http://azure.archive.ubuntu.com/ubuntu noble-updates/main amd64 Packages [1627 kB]
2025-12-04T22:31:46.1236101Z Get:13 http://azure.archive.ubuntu.com/ubuntu noble-updates/main Translation-en [305 kB]
2025-12-04T22:31:46.1274470Z Get:14 http://azure.archive.ubuntu.com/ubuntu noble-updates/main amd64 Components [175 kB]
2025-12-04T22:31:46.1288466Z Get:15 http://azure.archive.ubuntu.com/ubuntu noble-updates/main amd64 c-n-f Metadata [15.7 kB]
2025-12-04T22:31:46.1328406Z Get:16 http://azure.archive.ubuntu.com/ubuntu noble-updates/universe amd64 Packages [1501 kB]
2025-12-04T22:31:46.1388885Z Get:17 http://azure.archive.ubuntu.com/ubuntu noble-updates/universe Translation-en [304 kB]
2025-12-04T22:31:46.1431711Z Get:18 http://azure.archive.ubuntu.com/ubuntu noble-updates/universe amd64 Components [378 kB]
2025-12-04T22:31:46.1447939Z Get:19 http://azure.archive.ubuntu.com/ubuntu noble-updates/universe amd64 c-n-f Metadata [31.4 kB]
2025-12-04T22:31:46.1462523Z Get:20 http://azure.archive.ubuntu.com/ubuntu noble-updates/restricted amd64 Packages [2309 kB]
2025-12-04T22:31:46.1599337Z Get:21 http://azure.archive.ubuntu.com/ubuntu noble-updates/restricted Translation-en [526 kB]
2025-12-04T22:31:46.2093041Z Get:22 http://azure.archive.ubuntu.com/ubuntu noble-updates/restricted amd64 Components [212 B]
2025-12-04T22:31:46.2104645Z Get:23 http://azure.archive.ubuntu.com/ubuntu noble-updates/multiverse amd64 Components [940 B]
2025-12-04T22:31:46.2119636Z Get:24 http://azure.archive.ubuntu.com/ubuntu noble-backports/main amd64 Components [7140 B]
2025-12-04T22:31:46.2135828Z Get:25 http://azure.archive.ubuntu.com/ubuntu noble-backports/universe amd64 Packages [29.2 kB]
2025-12-04T22:31:46.2156654Z Get:26 http://azure.archive.ubuntu.com/ubuntu noble-backports/universe Translation-en [17.6 kB]
2025-12-04T22:31:46.2174817Z Get:27 http://azure.archive.ubuntu.com/ubuntu noble-backports/universe amd64 Components [11.0 kB]
2025-12-04T22:31:46.2186216Z Get:28 http://azure.archive.ubuntu.com/ubuntu noble-backports/restricted amd64 Components [212 B]
2025-12-04T22:31:46.2200397Z Get:29 http://azure.archive.ubuntu.com/ubuntu noble-backports/multiverse amd64 Components [212 B]
2025-12-04T22:31:46.2319762Z Get:30 http://azure.archive.ubuntu.com/ubuntu noble-security/main amd64 Packages [1349 kB]
2025-12-04T22:31:46.2398206Z Get:31 http://azure.archive.ubuntu.com/ubuntu noble-security/main Translation-en [221 kB]
2025-12-04T22:31:46.2415639Z Get:32 http://azure.archive.ubuntu.com/ubuntu noble-security/main amd64 Components [21.5 kB]
2025-12-04T22:31:46.2428495Z Get:33 http://azure.archive.ubuntu.com/ubuntu noble-security/main amd64 c-n-f Metadata [9448 B]
2025-12-04T22:31:46.2439351Z Get:34 http://azure.archive.ubuntu.com/ubuntu noble-security/universe amd64 Packages [915 kB]
2025-12-04T22:31:46.2486165Z Get:35 http://azure.archive.ubuntu.com/ubuntu noble-security/universe Translation-en [206 kB]
2025-12-04T22:31:46.2952579Z Get:36 http://azure.archive.ubuntu.com/ubuntu noble-security/universe amd64 Components [71.4 kB]
2025-12-04T22:31:46.2966642Z Get:37 http://azure.archive.ubuntu.com/ubuntu noble-security/universe amd64 c-n-f Metadata [19.4 kB]
2025-12-04T22:31:46.2980116Z Get:38 http://azure.archive.ubuntu.com/ubuntu noble-security/restricted amd64 Packages [2205 kB]
2025-12-04T22:31:46.3072786Z Get:39 http://azure.archive.ubuntu.com/ubuntu noble-security/restricted Translation-en [503 kB]
2025-12-04T22:31:46.3103090Z Get:40 http://azure.archive.ubuntu.com/ubuntu noble-security/restricted amd64 Components [208 B]
2025-12-04T22:31:46.3114194Z Get:41 http://azure.archive.ubuntu.com/ubuntu noble-security/multiverse amd64 Components [208 B]
2025-12-04T22:31:54.8898644Z Fetched 13.3 MB in 2s (7917 kB/s)
2025-12-04T22:31:55.7196301Z Reading package lists...
2025-12-04T22:31:55.7509978Z Reading package lists...
2025-12-04T22:31:55.9328967Z Building dependency tree...
2025-12-04T22:31:55.9334531Z Reading state information...
2025-12-04T22:31:56.1108605Z zlib1g-dev is already the newest version (1:1.3.dfsg-3.1ubuntu2.1).
2025-12-04T22:31:56.1321437Z flex is already the newest version (2.6.4-8.2build1).
2025-12-04T22:31:56.1321809Z bison is already the newest version (2:3.8.2+dfsg-1build2).
2025-12-04T22:31:56.1322105Z Suggested packages:
2025-12-04T22:31:56.1322288Z   readline-doc
2025-12-04T22:31:56.1322497Z The following NEW packages will be installed:
2025-12-04T22:31:56.1336492Z   build-essential libreadline-dev
2025-12-04T22:31:56.1505286Z 0 upgraded, 2 newly installed, 0 to remove and 45 not upgraded.
2025-12-04T22:31:56.1506005Z Need to get 172 kB of archives.
2025-12-04T22:31:56.1506468Z After this operation, 831 kB of additional disk space will be used.
2025-12-04T22:31:56.1507174Z Get:1 file:/etc/apt/apt-mirrors.txt Mirrorlist [144 B]
2025-12-04T22:31:56.2882359Z Get:2 http://azure.archive.ubuntu.com/ubuntu noble/main amd64 build-essential amd64 12.10ubuntu1 [4928 B]
2025-12-04T22:31:56.3891745Z Get:3 http://azure.archive.ubuntu.com/ubuntu noble/main amd64 libreadline-dev amd64 8.2-4build1 [167 kB]
2025-12-04T22:31:57.1940806Z Fetched 172 kB in 1s (215 kB/s)
2025-12-04T22:31:57.2361715Z Selecting previously unselected package build-essential.
2025-12-04T22:31:57.2611578Z (Reading database ... 
2025-12-04T22:31:57.2612060Z (Reading database ... 5%
2025-12-04T22:31:57.2612458Z (Reading database ... 10%
2025-12-04T22:31:57.2612846Z (Reading database ... 15%
2025-12-04T22:31:57.2613303Z (Reading database ... 20%
2025-12-04T22:31:57.2613706Z (Reading database ... 25%
2025-12-04T22:31:57.2614100Z (Reading database ... 30%
2025-12-04T22:31:57.2614500Z (Reading database ... 35%
2025-12-04T22:31:57.2614905Z (Reading database ... 40%
2025-12-04T22:31:57.2615381Z (Reading database ... 45%
2025-12-04T22:31:57.2615842Z (Reading database ... 50%
2025-12-04T22:31:57.3868213Z (Reading database ... 55%
2025-12-04T22:31:57.7304346Z (Reading database ... 60%
2025-12-04T22:31:57.8771777Z (Reading database ... 65%
2025-12-04T22:31:57.9662409Z (Reading database ... 70%
2025-12-04T22:31:58.0741269Z (Reading database ... 75%
2025-12-04T22:31:58.9383188Z (Reading database ... 80%
2025-12-04T22:31:59.8902142Z (Reading database ... 85%
2025-12-04T22:32:00.9294613Z (Reading database ... 90%
2025-12-04T22:32:01.5768255Z (Reading database ... 95%
2025-12-04T22:32:01.5768668Z (Reading database ... 100%
2025-12-04T22:32:01.5769117Z (Reading database ... 217049 files and directories currently installed.)
2025-12-04T22:32:01.5817279Z Preparing to unpack .../build-essential_12.10ubuntu1_amd64.deb ...
2025-12-04T22:32:01.5840887Z Unpacking build-essential (12.10ubuntu1) ...
2025-12-04T22:32:01.6021275Z Selecting previously unselected package libreadline-dev:amd64.
2025-12-04T22:32:01.6138753Z Preparing to unpack .../libreadline-dev_8.2-4build1_amd64.deb ...
2025-12-04T22:32:01.6152890Z Unpacking libreadline-dev:amd64 (8.2-4build1) ...
2025-12-04T22:32:01.6543494Z Setting up libreadline-dev:amd64 (8.2-4build1) ...
2025-12-04T22:32:01.6582222Z Setting up build-essential (12.10ubuntu1) ...
2025-12-04T22:32:01.6615642Z Processing triggers for install-info (7.1-3build2) ...
2025-12-04T22:32:03.1745754Z 
2025-12-04T22:32:03.1746414Z Running kernel seems to be up-to-date.
2025-12-04T22:32:03.1746986Z 
2025-12-04T22:32:03.1747313Z No services need to be restarted.
2025-12-04T22:32:03.1747626Z 
2025-12-04T22:32:03.1747795Z No containers need to be restarted.
2025-12-04T22:32:03.1748112Z 
2025-12-04T22:32:03.1748353Z No user sessions are running outdated binaries.
2025-12-04T22:32:03.1748600Z 
2025-12-04T22:32:03.1748796Z No VM guests are running outdated hypervisor (qemu) binaries on this host.
2025-12-04T22:32:04.1749471Z ##[group]Run git clone --depth 1 --branch REL_17_STABLE https://git.postgresql.org/git/postgresql.git ~/pg17source
2025-12-04T22:32:04.1750153Z [36;1mgit clone --depth 1 --branch REL_17_STABLE https://git.postgresql.org/git/postgresql.git ~/pg17source[0m
2025-12-04T22:32:04.1750561Z [36;1mcd ~/pg17source[0m
2025-12-04T22:32:04.1750893Z [36;1m./configure --prefix=$HOME/pg17 CFLAGS="-std=gnu99 -ggdb -O0" --enable-cassert[0m
2025-12-04T22:32:04.1751279Z [36;1mmake install -j$(nproc) > /dev/null[0m
2025-12-04T22:32:04.1751514Z [36;1mcd contrib[0m
2025-12-04T22:32:04.1751691Z [36;1mcd fuzzystrmatch[0m
2025-12-04T22:32:04.1751997Z [36;1mmake PG_CONFIG=$HOME/pg17/bin/pg_config install -j$(nproc) > /dev/null[0m
2025-12-04T22:32:04.1752302Z [36;1mcd ../pg_trgm[0m
2025-12-04T22:32:04.1752588Z [36;1mmake PG_CONFIG=$HOME/pg17/bin/pg_config install -j$(nproc) > /dev/null[0m
2025-12-04T22:32:04.1773300Z shell: /usr/bin/bash -e {0}
2025-12-04T22:32:04.1773520Z env:
2025-12-04T22:32:04.1773822Z   PG_COMMIT_HASH: ce2f575b7cf4ac9dbebed4df226b7de64c7d340d
2025-12-04T22:32:04.1774097Z ##[endgroup]
2025-12-04T22:32:04.1822298Z Cloning into '/home/runner/pg17source'...
2025-12-04T22:32:09.4770955Z checking build system type... x86_64-pc-linux-gnu
2025-12-04T22:32:09.4771507Z checking host system type... x86_64-pc-linux-gnu
2025-12-04T22:32:09.4773200Z checking which template to use... linux
2025-12-04T22:32:09.4774627Z checking whether NLS is wanted... no
2025-12-04T22:32:09.4775188Z checking for default port number... 5432
2025-12-04T22:32:09.4823723Z checking for block size... 8kB
2025-12-04T22:32:09.4842451Z checking for segment size... 1GB
2025-12-04T22:32:09.4850778Z checking for WAL block size... 8kB
2025-12-04T22:32:09.4861743Z checking for gcc... gcc
2025-12-04T22:32:09.5615184Z checking whether the C compiler works... yes
2025-12-04T22:32:09.5615849Z checking for C compiler default output file name... a.out
2025-12-04T22:32:09.5882378Z checking for suffix of executables... 
2025-12-04T22:32:09.6452444Z checking whether we are cross compiling... no
2025-12-04T22:32:09.6610015Z checking for suffix of object files... o
2025-12-04T22:32:09.6747805Z checking whether we are using the GNU C compiler... yes
2025-12-04T22:32:09.6881830Z checking whether gcc accepts -g... yes
2025-12-04T22:32:09.7561452Z checking for gcc option to accept ISO C89... none needed
2025-12-04T22:32:09.8194905Z checking for gcc option to accept ISO C99... none needed
2025-12-04T22:32:09.8198233Z checking for g++... g++
2025-12-04T22:32:11.2283243Z checking whether we are using the GNU C++ compiler... yes
2025-12-04T22:32:11.2520673Z checking whether g++ accepts -g... yes
2025-12-04T22:32:11.2755969Z checking for gawk... gawk
2025-12-04T22:32:11.2908796Z checking whether gcc supports -Wdeclaration-after-statement, for CFLAGS... yes
2025-12-04T22:32:11.3037950Z checking whether gcc supports -Werror=vla, for CFLAGS... yes
2025-12-04T22:32:11.3369794Z checking whether gcc supports -Werror=unguarded-availability-new, for CFLAGS... no
2025-12-04T22:32:11.3870358Z checking whether g++ supports -Werror=unguarded-availability-new, for CXXFLAGS... no
2025-12-04T22:32:11.4003897Z checking whether gcc supports -Wendif-labels, for CFLAGS... yes
2025-12-04T22:32:11.4141923Z checking whether g++ supports -Wendif-labels, for CXXFLAGS... yes
2025-12-04T22:32:11.4274488Z checking whether gcc supports -Wmissing-format-attribute, for CFLAGS... yes
2025-12-04T22:32:11.4407021Z checking whether g++ supports -Wmissing-format-attribute, for CXXFLAGS... yes
2025-12-04T22:32:11.4533568Z checking whether gcc supports -Wimplicit-fallthrough=3, for CFLAGS... yes
2025-12-04T22:32:11.4668503Z checking whether g++ supports -Wimplicit-fallthrough=3, for CXXFLAGS... yes
2025-12-04T22:32:11.4796915Z checking whether gcc supports -Wcast-function-type, for CFLAGS... yes
2025-12-04T22:32:11.4929520Z checking whether g++ supports -Wcast-function-type, for CXXFLAGS... yes
2025-12-04T22:32:11.5058521Z checking whether gcc supports -Wshadow=compatible-local, for CFLAGS... yes
2025-12-04T22:32:11.5197463Z checking whether g++ supports -Wshadow=compatible-local, for CXXFLAGS... yes
2025-12-04T22:32:11.5328517Z checking whether gcc supports -Wformat-security, for CFLAGS... yes
2025-12-04T22:32:11.5461159Z checking whether g++ supports -Wformat-security, for CXXFLAGS... yes
2025-12-04T22:32:11.5596382Z checking whether gcc supports -fno-strict-aliasing, for CFLAGS... yes
2025-12-04T22:32:11.5731693Z checking whether g++ supports -fno-strict-aliasing, for CXXFLAGS... yes
2025-12-04T22:32:11.5868527Z checking whether gcc supports -fwrapv, for CFLAGS... yes
2025-12-04T22:32:11.6009509Z checking whether g++ supports -fwrapv, for CXXFLAGS... yes
2025-12-04T22:32:11.6146879Z checking whether gcc supports -fexcess-precision=standard, for CFLAGS... yes
2025-12-04T22:32:11.6290155Z checking whether g++ supports -fexcess-precision=standard, for CXXFLAGS... yes
2025-12-04T22:32:11.6430296Z checking whether gcc supports -funroll-loops, for CFLAGS_UNROLL_LOOPS... yes
2025-12-04T22:32:11.6566946Z checking whether gcc supports -ftree-vectorize, for CFLAGS_VECTORIZE... yes
2025-12-04T22:32:11.6840204Z checking whether gcc supports -Wunused-command-line-argument, for NOT_THE_CFLAGS... no
2025-12-04T22:32:11.7110523Z checking whether gcc supports -Wcompound-token-split-by-macro, for NOT_THE_CFLAGS... no
2025-12-04T22:32:11.7244872Z checking whether gcc supports -Wformat-truncation, for NOT_THE_CFLAGS... yes
2025-12-04T22:32:11.7379947Z checking whether gcc supports -Wstringop-truncation, for NOT_THE_CFLAGS... yes
2025-12-04T22:32:11.7608259Z checking whether gcc supports -Wcast-function-type-strict, for NOT_THE_CFLAGS... no
2025-12-04T22:32:11.7745124Z checking whether gcc supports -fvisibility=hidden, for CFLAGS_SL_MODULE... yes
2025-12-04T22:32:11.7885669Z checking whether g++ supports -fvisibility=hidden, for CXXFLAGS_SL_MODULE... yes
2025-12-04T22:32:11.8028326Z checking whether g++ supports -fvisibility-inlines-hidden, for CXXFLAGS_SL_MODULE... yes
2025-12-04T22:32:11.8313729Z checking whether the C compiler still works... yes
2025-12-04T22:32:11.8734097Z checking how to run the C preprocessor... gcc -E
2025-12-04T22:32:11.8929411Z checking for pkg-config... /usr/bin/pkg-config
2025-12-04T22:32:11.9097889Z checking pkg-config is at least version 0.9.0... yes
2025-12-04T22:32:11.9100439Z checking whether to build with ICU support... yes
2025-12-04T22:32:11.9256325Z checking for icu-uc icu-i18n... yes
2025-12-04T22:32:11.9256924Z checking whether to build with Tcl... no
2025-12-04T22:32:11.9257786Z checking whether to build Perl modules... no
2025-12-04T22:32:11.9258536Z checking whether to build Python modules... no
2025-12-04T22:32:11.9259256Z checking whether to build with GSSAPI support... no
2025-12-04T22:32:11.9268889Z checking whether to build with PAM support... no
2025-12-04T22:32:11.9269695Z checking whether to build with BSD Authentication support... no
2025-12-04T22:32:11.9270418Z checking whether to build with LDAP support... no
2025-12-04T22:32:11.9271199Z checking whether to build with Bonjour support... no
2025-12-04T22:32:11.9271813Z checking whether to build with SELinux support... no
2025-12-04T22:32:11.9272329Z checking whether to build with systemd support... no
2025-12-04T22:32:11.9274215Z checking whether to build with XML support... no
2025-12-04T22:32:11.9277232Z checking whether to build with LZ4 support... no
2025-12-04T22:32:11.9279081Z checking whether to build with ZSTD support... no
2025-12-04T22:32:11.9283338Z checking for strip... strip
2025-12-04T22:32:12.0413206Z checking whether it is possible to strip libraries... yes
2025-12-04T22:32:12.0418465Z checking for ar... ar
2025-12-04T22:32:12.0578939Z checking for a BSD-compatible install... /usr/bin/install -c
2025-12-04T22:32:12.0581656Z checking for tar... /usr/bin/tar
2025-12-04T22:32:12.0582343Z checking whether ln -s works... yes
2025-12-04T22:32:12.0600627Z checking for a thread-safe mkdir -p... /usr/bin/mkdir -p
2025-12-04T22:32:12.0603433Z checking for bison... /usr/bin/bison
2025-12-04T22:32:12.1407773Z configure: using bison (GNU Bison) 3.8.2
2025-12-04T22:32:12.4069108Z checking for flex... /usr/bin/flex
2025-12-04T22:32:12.4082343Z configure: using flex 2.6.4
2025-12-04T22:32:12.4085423Z checking for perl... /usr/bin/perl
2025-12-04T22:32:12.4105266Z configure: using perl 5.38.2
2025-12-04T22:32:12.4163029Z checking for a sed that does not truncate output... /usr/bin/sed
2025-12-04T22:32:12.4190253Z checking for grep that handles long lines and -e... /usr/bin/grep
2025-12-04T22:32:12.4202289Z checking for egrep... /usr/bin/grep -E
2025-12-04T22:32:12.5055028Z checking for ANSI C header files... yes
2025-12-04T22:32:12.5246890Z checking for sys/types.h... yes
2025-12-04T22:32:12.5703934Z checking for sys/stat.h... yes
2025-12-04T22:32:12.5924966Z checking for stdlib.h... yes
2025-12-04T22:32:12.6171156Z checking for string.h... yes
2025-12-04T22:32:12.6447824Z checking for memory.h... yes
2025-12-04T22:32:12.6680128Z checking for strings.h... yes
2025-12-04T22:32:12.6940567Z checking for inttypes.h... yes
2025-12-04T22:32:12.7182243Z checking for stdint.h... yes
2025-12-04T22:32:12.7464512Z checking for unistd.h... yes
2025-12-04T22:32:12.7568154Z checking whether gcc is Clang... no
2025-12-04T22:32:12.7948460Z checking whether pthreads work with -pthread... yes
2025-12-04T22:32:12.8275320Z checking for joinable pthread attribute... PTHREAD_CREATE_JOINABLE
2025-12-04T22:32:12.8276006Z checking whether more special flags are required for pthreads... no
2025-12-04T22:32:12.8635085Z checking for PTHREAD_PRIO_INHERIT... yes
2025-12-04T22:32:12.8874573Z checking pthread.h usability... yes
2025-12-04T22:32:12.8973273Z checking pthread.h presence... yes
2025-12-04T22:32:12.8973754Z checking for pthread.h... yes
2025-12-04T22:32:12.9277494Z checking for strerror_r... yes
2025-12-04T22:32:12.9435612Z checking whether strerror_r returns int... no
2025-12-04T22:32:12.9967432Z checking for main in -lm... yes
2025-12-04T22:32:13.0683855Z checking for library containing setproctitle... no
2025-12-04T22:32:13.0990504Z checking for library containing dlsym... none required
2025-12-04T22:32:13.1291611Z checking for library containing socket... none required
2025-12-04T22:32:13.1599263Z checking for library containing getopt_long... none required
2025-12-04T22:32:13.1914183Z checking for library containing shm_open... none required
2025-12-04T22:32:13.2222773Z checking for library containing shm_unlink... none required
2025-12-04T22:32:13.2530273Z checking for library containing clock_gettime... none required
2025-12-04T22:32:13.2841148Z checking for library containing shmget... none required
2025-12-04T22:32:13.3152007Z checking for library containing backtrace_symbols... none required
2025-12-04T22:32:13.3471844Z checking for library containing pthread_barrier_wait... none required
2025-12-04T22:32:13.3887241Z checking for library containing readline... -lreadline
2025-12-04T22:32:13.4214443Z checking for inflate in -lz... yes
2025-12-04T22:32:13.4475045Z checking atomic.h usability... no
2025-12-04T22:32:13.4576799Z checking atomic.h presence... no
2025-12-04T22:32:13.4577364Z checking for atomic.h... no
2025-12-04T22:32:13.4826076Z checking copyfile.h usability... no
2025-12-04T22:32:13.4934129Z checking copyfile.h presence... no
2025-12-04T22:32:13.4934605Z checking for copyfile.h... no
2025-12-04T22:32:13.5166716Z checking execinfo.h usability... yes
2025-12-04T22:32:13.5246310Z checking execinfo.h presence... yes
2025-12-04T22:32:13.5247015Z checking for execinfo.h... yes
2025-12-04T22:32:13.5551080Z checking getopt.h usability... yes
2025-12-04T22:32:13.5627262Z checking getopt.h presence... yes
2025-12-04T22:32:13.5628322Z checking for getopt.h... yes
2025-12-04T22:32:13.5922786Z checking ifaddrs.h usability... yes
2025-12-04T22:32:13.6020479Z checking ifaddrs.h presence... yes
2025-12-04T22:32:13.6020943Z checking for ifaddrs.h... yes
2025-12-04T22:32:13.6383835Z checking langinfo.h usability... yes
2025-12-04T22:32:13.6466393Z checking langinfo.h presence... yes
2025-12-04T22:32:13.6466807Z checking for langinfo.h... yes
2025-12-04T22:32:13.6746402Z checking mbarrier.h usability... no
2025-12-04T22:32:13.6850657Z checking mbarrier.h presence... no
2025-12-04T22:32:13.6851085Z checking for mbarrier.h... no
2025-12-04T22:32:13.7147015Z checking sys/epoll.h usability... yes
2025-12-04T22:32:13.7237577Z checking sys/epoll.h presence... yes
2025-12-04T22:32:13.7238167Z checking for sys/epoll.h... yes
2025-12-04T22:32:13.7515649Z checking sys/event.h usability... no
2025-12-04T22:32:13.7621398Z checking sys/event.h presence... no
2025-12-04T22:32:13.7621890Z checking for sys/event.h... no
2025-12-04T22:32:13.7913356Z checking sys/personality.h usability... yes
2025-12-04T22:32:13.7994578Z checking sys/personality.h presence... yes
2025-12-04T22:32:13.7995220Z checking for sys/personality.h... yes
2025-12-04T22:32:13.8308979Z checking sys/prctl.h usability... yes
2025-12-04T22:32:13.8390367Z checking sys/prctl.h presence... yes
2025-12-04T22:32:13.8390827Z checking for sys/prctl.h... yes
2025-12-04T22:32:13.8668006Z checking sys/procctl.h usability... no
2025-12-04T22:32:13.8776760Z checking sys/procctl.h presence... no
2025-12-04T22:32:13.8777374Z checking for sys/procctl.h... no
2025-12-04T22:32:13.9018212Z checking sys/signalfd.h usability... yes
2025-12-04T22:32:13.9101770Z checking sys/signalfd.h presence... yes
2025-12-04T22:32:13.9102250Z checking for sys/signalfd.h... yes
2025-12-04T22:32:13.9375069Z checking sys/ucred.h usability... no
2025-12-04T22:32:13.9477763Z checking sys/ucred.h presence... no
2025-12-04T22:32:13.9478255Z checking for sys/ucred.h... no
2025-12-04T22:32:13.9908916Z checking termios.h usability... yes
2025-12-04T22:32:13.9993072Z checking termios.h presence... yes
2025-12-04T22:32:13.9993496Z checking for termios.h... yes
2025-12-04T22:32:14.0272181Z checking ucred.h usability... no
2025-12-04T22:32:14.0375288Z checking ucred.h presence... no
2025-12-04T22:32:14.0375730Z checking for ucred.h... no
2025-12-04T22:32:14.0616135Z checking readline/readline.h usability... yes
2025-12-04T22:32:14.0725693Z checking readline/readline.h presence... yes
2025-12-04T22:32:14.0726279Z checking for readline/readline.h... yes
2025-12-04T22:32:14.0953747Z checking readline/history.h usability... yes
2025-12-04T22:32:14.1052917Z checking readline/history.h presence... yes
2025-12-04T22:32:14.1053535Z checking for readline/history.h... yes
2025-12-04T22:32:14.1364279Z checking zlib.h usability... yes
2025-12-04T22:32:14.1479607Z checking zlib.h presence... yes
2025-12-04T22:32:14.1480131Z checking for zlib.h... yes
2025-12-04T22:32:14.1484496Z checking for lz4... /usr/bin/lz4
2025-12-04T22:32:14.1487467Z checking for zstd... /usr/local/bin/zstd
2025-12-04T22:32:14.1491126Z checking for openssl... /usr/bin/openssl
2025-12-04T22:32:14.1520281Z configure: using openssl: OpenSSL 3.0.13 30 Jan 2024 (Library: OpenSSL 3.0.13 30 Jan 2024)
2025-12-04T22:32:14.2114797Z checking whether byte ordering is bigendian... no
2025-12-04T22:32:14.2223927Z checking for inline... inline
2025-12-04T22:32:14.2370261Z checking for printf format archetype... gnu_printf
2025-12-04T22:32:14.2684733Z checking for _Static_assert... yes
2025-12-04T22:32:14.2826686Z checking for typeof... typeof
2025-12-04T22:32:14.2992503Z checking for __builtin_types_compatible_p... yes
2025-12-04T22:32:14.3121941Z checking for __builtin_constant_p... yes
2025-12-04T22:32:14.3431419Z checking for __builtin_unreachable... yes
2025-12-04T22:32:14.3688495Z checking for computed goto support... yes
2025-12-04T22:32:14.3872276Z checking for struct tm.tm_zone... yes
2025-12-04T22:32:14.4110665Z checking for union semun... no
2025-12-04T22:32:14.4456557Z checking for socklen_t... yes
2025-12-04T22:32:14.4830540Z checking for struct sockaddr.sa_len... no
2025-12-04T22:32:14.4988260Z checking for locale_t... yes
2025-12-04T22:32:14.5165412Z checking for C/C++ restrict keyword... __restrict
2025-12-04T22:32:14.5463146Z checking for struct option... yes
2025-12-04T22:32:14.5665948Z checking whether assembler supports x86_64 popcntq... yes
2025-12-04T22:32:14.5669648Z checking for special C compiler options needed for large files... no
2025-12-04T22:32:14.5832625Z checking for _FILE_OFFSET_BITS value needed for large files... no
2025-12-04T22:32:14.6281178Z checking size of off_t... 8
2025-12-04T22:32:14.6694990Z checking size of bool... 1
2025-12-04T22:32:14.7048300Z checking for int timezone... yes
2025-12-04T22:32:14.7393066Z checking for wcstombs_l declaration... no
2025-12-04T22:32:14.7753276Z checking for backtrace_symbols... yes
2025-12-04T22:32:14.8160539Z checking for copyfile... no
2025-12-04T22:32:14.8506063Z checking for copy_file_range... yes
2025-12-04T22:32:14.8876717Z checking for getifaddrs... yes
2025-12-04T22:32:14.9281541Z checking for getpeerucred... no
2025-12-04T22:32:14.9622688Z checking for inet_pton... yes
2025-12-04T22:32:15.0029887Z checking for kqueue... no
2025-12-04T22:32:15.0418393Z checking for mbstowcs_l... no
2025-12-04T22:32:15.0772284Z checking for posix_fallocate... yes
2025-12-04T22:32:15.1161270Z checking for ppoll... yes
2025-12-04T22:32:15.1570477Z checking for pthread_is_threaded_np... no
2025-12-04T22:32:15.1958415Z checking for setproctitle... no
2025-12-04T22:32:15.2335567Z checking for setproctitle_fast... no
2025-12-04T22:32:15.2676787Z checking for strsignal... yes
2025-12-04T22:32:15.3044367Z checking for syncfs... yes
2025-12-04T22:32:15.3422463Z checking for sync_file_range... yes
2025-12-04T22:32:15.3793747Z checking for uselocale... yes
2025-12-04T22:32:15.4202920Z checking for wcstombs_l... no
2025-12-04T22:32:15.4549437Z checking for __builtin_bswap16... yes
2025-12-04T22:32:15.4892512Z checking for __builtin_bswap32... yes
2025-12-04T22:32:15.5237011Z checking for __builtin_bswap64... yes
2025-12-04T22:32:15.5579507Z checking for __builtin_clz... yes
2025-12-04T22:32:15.5982689Z checking for __builtin_ctz... yes
2025-12-04T22:32:15.6332153Z checking for __builtin_popcount... yes
2025-12-04T22:32:15.6669802Z checking for __builtin_frame_address... yes
2025-12-04T22:32:15.7031027Z checking for _LARGEFILE_SOURCE value needed for large files... no
2025-12-04T22:32:15.7165204Z checking how gcc reports undeclared, standard C functions... error
2025-12-04T22:32:15.7479385Z checking for posix_fadvise... yes
2025-12-04T22:32:15.7738702Z checking whether posix_fadvise is declared... yes
2025-12-04T22:32:15.7951333Z checking whether fdatasync is declared... yes
2025-12-04T22:32:15.8236184Z checking whether strlcat is declared... yes
2025-12-04T22:32:15.8523654Z checking whether strlcpy is declared... yes
2025-12-04T22:32:15.8809781Z checking whether strnlen is declared... yes
2025-12-04T22:32:15.9024314Z checking whether preadv is declared... yes
2025-12-04T22:32:15.9234292Z checking whether pwritev is declared... yes
2025-12-04T22:32:15.9436483Z checking whether strchrnul is declared... yes
2025-12-04T22:32:15.9622359Z checking whether memset_s is declared... no
2025-12-04T22:32:15.9809351Z checking whether F_FULLFSYNC is declared... no
2025-12-04T22:32:16.0127796Z checking for explicit_bzero... yes
2025-12-04T22:32:16.0440703Z checking for getopt... yes
2025-12-04T22:32:16.0795779Z checking for getpeereid... no
2025-12-04T22:32:16.1109344Z checking for inet_aton... yes
2025-12-04T22:32:16.1418064Z checking for mkdtemp... yes
2025-12-04T22:32:16.1733563Z checking for strlcat... yes
2025-12-04T22:32:16.2054314Z checking for strlcpy... yes
2025-12-04T22:32:16.2402431Z checking for strnlen... yes
2025-12-04T22:32:16.2718309Z checking for pthread_barrier_wait... yes
2025-12-04T22:32:16.3032643Z checking for getopt_long... yes
2025-12-04T22:32:16.3347992Z checking for syslog... yes
2025-12-04T22:32:16.3610553Z checking syslog.h usability... yes
2025-12-04T22:32:16.3688739Z checking syslog.h presence... yes
2025-12-04T22:32:16.3689142Z checking for syslog.h... yes
2025-12-04T22:32:16.4024761Z checking for opterr... yes
2025-12-04T22:32:16.4403188Z checking for optreset... no
2025-12-04T22:32:16.7365443Z checking unicode/ucol.h usability... yes
2025-12-04T22:32:16.7524203Z checking unicode/ucol.h presence... yes
2025-12-04T22:32:16.7525020Z checking for unicode/ucol.h... yes
2025-12-04T22:32:16.7905320Z checking for rl_completion_suppress_quote... yes
2025-12-04T22:32:16.8286164Z checking for rl_filename_quote_characters... yes
2025-12-04T22:32:16.8673794Z checking for rl_filename_quoting_function... yes
2025-12-04T22:32:16.9039113Z checking for append_history... yes
2025-12-04T22:32:16.9426795Z checking for history_truncate_file... yes
2025-12-04T22:32:16.9812937Z checking for rl_completion_matches... yes
2025-12-04T22:32:17.0198312Z checking for rl_filename_completion_function... yes
2025-12-04T22:32:17.0574353Z checking for rl_reset_screen_size... yes
2025-12-04T22:32:17.0956941Z checking for rl_variable_bind... yes
2025-12-04T22:32:17.1293314Z checking test program... ok
2025-12-04T22:32:17.1631334Z checking whether long int is 64 bits... yes
2025-12-04T22:32:17.1964481Z checking for __builtin_mul_overflow... yes
2025-12-04T22:32:17.2428551Z checking size of void *... 8
2025-12-04T22:32:17.2890827Z checking size of size_t... 8
2025-12-04T22:32:17.3348540Z checking size of long... 8
2025-12-04T22:32:17.3801726Z checking alignment of short... 2
2025-12-04T22:32:17.4251944Z checking alignment of int... 4
2025-12-04T22:32:17.4708165Z checking alignment of long... 8
2025-12-04T22:32:17.5156423Z checking alignment of double... 8
2025-12-04T22:32:17.5327025Z checking for int8... no
2025-12-04T22:32:17.5483683Z checking for uint8... no
2025-12-04T22:32:17.5637880Z checking for int64... no
2025-12-04T22:32:17.5790353Z checking for uint64... no
2025-12-04T22:32:17.6212105Z checking for __int128... yes
2025-12-04T22:32:17.6537522Z checking for __int128 alignment bug... ok
2025-12-04T22:32:17.6979858Z checking alignment of PG_INT128_TYPE... 16
2025-12-04T22:32:17.7358192Z checking for builtin __sync char locking functions... yes
2025-12-04T22:32:17.7670293Z checking for builtin __sync int32 locking functions... yes
2025-12-04T22:32:17.8030302Z checking for builtin __sync int32 atomic operations... yes
2025-12-04T22:32:17.8342925Z checking for builtin __sync int64 atomic operations... yes
2025-12-04T22:32:17.8661552Z checking for builtin __atomic int32 atomic operations... yes
2025-12-04T22:32:17.8977724Z checking for builtin __atomic int64 atomic operations... yes
2025-12-04T22:32:17.9378039Z checking for __get_cpuid... yes
2025-12-04T22:32:17.9736967Z checking for __get_cpuid_count... yes
2025-12-04T22:32:18.4271168Z checking for _xgetbv with CFLAGS=... no
2025-12-04T22:32:18.6927576Z checking for _xgetbv with CFLAGS=-mxsave... yes
2025-12-04T22:32:18.9367604Z checking for _mm512_popcnt_epi64 with CFLAGS=... no
2025-12-04T22:32:19.2008459Z checking for _mm512_popcnt_epi64 with CFLAGS=-mavx512vpopcntdq -mavx512bw... yes
2025-12-04T22:32:19.2318600Z checking for _mm_crc32_u8 and _mm_crc32_u32 with CFLAGS=... no
2025-12-04T22:32:19.2770829Z checking for _mm_crc32_u8 and _mm_crc32_u32 with CFLAGS=-msse4.2... yes
2025-12-04T22:32:19.3021448Z checking for __crc32cb, __crc32ch, __crc32cw, and __crc32cd with CFLAGS=... no
2025-12-04T22:32:19.3132251Z checking for __crc32cb, __crc32ch, __crc32cw, and __crc32cd with CFLAGS=-march=armv8-a+crc+simd... no
2025-12-04T22:32:19.3235374Z checking for __crc32cb, __crc32ch, __crc32cw, and __crc32cd with CFLAGS=-march=armv8-a+crc... no
2025-12-04T22:32:19.3703600Z checking for __builtin_loongarch_crcc_w_b_w, __builtin_loongarch_crcc_w_h_w, __builtin_loongarch_crcc_w_w_w and __builtin_loongarch_crcc_w_d_w... no
2025-12-04T22:32:19.3709496Z checking which CRC-32C implementation to use... SSE 4.2 with runtime check
2025-12-04T22:32:19.4031883Z checking for library containing sem_init... none required
2025-12-04T22:32:19.4032249Z checking which semaphore API to use... unnamed POSIX
2025-12-04T22:32:19.4033749Z checking which random number source to use... /dev/urandom
2025-12-04T22:32:19.4034150Z checking for /dev/urandom... yes
2025-12-04T22:32:19.4051702Z checking for xmllint... no
2025-12-04T22:32:19.4055740Z checking for xsltproc... no
2025-12-04T22:32:19.4061150Z checking for fop... no
2025-12-04T22:32:19.4066347Z checking for dbtoepub... no
2025-12-04T22:32:19.4398935Z checking whether gcc supports -Wl,--as-needed, for LDFLAGS... yes
2025-12-04T22:32:19.4724594Z checking whether gcc supports -Wl,--export-dynamic, for LDFLAGS_EX_BE... yes
2025-12-04T22:32:19.4789072Z configure: using compiler=gcc (Ubuntu 13.3.0-6ubuntu2~24.04) 13.3.0
2025-12-04T22:32:19.4790492Z configure: using CFLAGS=-Wall -Wmissing-prototypes -Wpointer-arith -Wdeclaration-after-statement -Werror=vla -Wendif-labels -Wmissing-format-attribute -Wimplicit-fallthrough=3 -Wcast-function-type -Wshadow=compatible-local -Wformat-security -fno-strict-aliasing -fwrapv -fexcess-precision=standard -Wno-format-truncation -Wno-stringop-truncation -std=gnu99 -ggdb -O0
2025-12-04T22:32:19.4791822Z configure: using CPPFLAGS= -D_GNU_SOURCE 
2025-12-04T22:32:19.4792183Z configure: using LDFLAGS=  -Wl,--as-needed
2025-12-04T22:32:19.5014190Z configure: creating ./config.status
2025-12-04T22:32:19.5624357Z config.status: creating GNUmakefile
2025-12-04T22:32:19.5714371Z config.status: creating src/Makefile.global
2025-12-04T22:32:19.5831887Z config.status: creating src/include/pg_config.h
2025-12-04T22:32:19.5931658Z config.status: creating src/include/pg_config_ext.h
2025-12-04T22:32:19.6022598Z config.status: creating src/interfaces/ecpg/include/ecpg_config.h
2025-12-04T22:32:19.6139049Z config.status: linking src/backend/port/tas/dummy.s to src/backend/port/tas.s
2025-12-04T22:32:19.6191195Z config.status: linking src/backend/port/posix_sema.c to src/backend/port/pg_sema.c
2025-12-04T22:32:19.6242083Z config.status: linking src/backend/port/sysv_shmem.c to src/backend/port/pg_shmem.c
2025-12-04T22:32:19.6293890Z config.status: linking src/include/port/linux.h to src/include/pg_config_os.h
2025-12-04T22:32:19.6345868Z config.status: linking src/makefiles/Makefile.linux to src/Makefile.port
2025-12-04T22:33:22.4042758Z ##[group]Run actions/checkout@v3
2025-12-04T22:33:22.4042985Z with:
2025-12-04T22:33:22.4043158Z   repository: apache/age
2025-12-04T22:33:22.4043468Z   token: ***
2025-12-04T22:33:22.4043633Z   ssh-strict: true
2025-12-04T22:33:22.4043807Z   persist-credentials: true
2025-12-04T22:33:22.4044010Z   clean: true
2025-12-04T22:33:22.4044185Z   sparse-checkout-cone-mode: true
2025-12-04T22:33:22.4044406Z   fetch-depth: 1
2025-12-04T22:33:22.4044571Z   fetch-tags: false
2025-12-04T22:33:22.4044740Z   lfs: false
2025-12-04T22:33:22.4044899Z   submodules: false
2025-12-04T22:33:22.4045066Z   set-safe-directory: true
2025-12-04T22:33:22.4045275Z env:
2025-12-04T22:33:22.4045472Z   PG_COMMIT_HASH: ce2f575b7cf4ac9dbebed4df226b7de64c7d340d
2025-12-04T22:33:22.4045735Z ##[endgroup]
2025-12-04T22:33:22.4796135Z Syncing repository: apache/age
2025-12-04T22:33:22.4797906Z ##[group]Getting Git version info
2025-12-04T22:33:22.4798271Z Working directory is '/home/runner/work/age/age'
2025-12-04T22:33:22.4798867Z [command]/usr/bin/git version
2025-12-04T22:33:22.4799093Z git version 2.52.0
2025-12-04T22:33:22.4808259Z ##[endgroup]
2025-12-04T22:33:22.4817297Z Temporarily overriding HOME='/home/runner/work/_temp/9754c142-0304-4bbf-bb7d-bb46f9d6990e' before making global git config changes
2025-12-04T22:33:22.4817943Z Adding repository directory to the temporary git global config as a safe directory
2025-12-04T22:33:22.4821047Z [command]/usr/bin/git config --global --add safe.directory /home/runner/work/age/age
2025-12-04T22:33:22.4853038Z Deleting the contents of '/home/runner/work/age/age'
2025-12-04T22:33:22.4856295Z ##[group]Initializing the repository
2025-12-04T22:33:22.4859268Z [command]/usr/bin/git init /home/runner/work/age/age
2025-12-04T22:33:22.4886354Z hint: Using 'master' as the name for the initial branch. This default branch name
2025-12-04T22:33:22.4886995Z hint: will change to "main" in Git 3.0. To configure the initial branch name
2025-12-04T22:33:22.4887798Z hint: to use in all of your new repositories, which will suppress this warning,
2025-12-04T22:33:22.4888285Z hint: call:
2025-12-04T22:33:22.4888492Z hint:
2025-12-04T22:33:22.4888854Z hint: 	git config --global init.defaultBranch <name>
2025-12-04T22:33:22.4889206Z hint:
2025-12-04T22:33:22.4889453Z hint: Names commonly chosen instead of 'master' are 'main', 'trunk' and
2025-12-04T22:33:22.4890068Z hint: 'development'. The just-created branch can be renamed via this command:
2025-12-04T22:33:22.4890545Z hint:
2025-12-04T22:33:22.4890704Z hint: 	git branch -m <name>
2025-12-04T22:33:22.4890891Z hint:
2025-12-04T22:33:22.4891159Z hint: Disable this message with "git config set advice.defaultBranchName false"
2025-12-04T22:33:22.4891588Z Initialized empty Git repository in /home/runner/work/age/age/.git/
2025-12-04T22:33:22.4895981Z [command]/usr/bin/git remote add origin https://github.com/apache/age
2025-12-04T22:33:22.4925538Z ##[endgroup]
2025-12-04T22:33:22.4925893Z ##[group]Disabling automatic garbage collection
2025-12-04T22:33:22.4929055Z [command]/usr/bin/git config --local gc.auto 0
2025-12-04T22:33:22.4950308Z ##[endgroup]
2025-12-04T22:33:22.4950632Z ##[group]Setting up auth
2025-12-04T22:33:22.4955487Z [command]/usr/bin/git config --local --name-only --get-regexp core\.sshCommand
2025-12-04T22:33:22.4977548Z [command]/usr/bin/git submodule foreach --recursive sh -c "git config --local --name-only --get-regexp 'core\.sshCommand' && git config --local --unset-all 'core.sshCommand' || :"
2025-12-04T22:33:22.5178528Z [command]/usr/bin/git config --local --name-only --get-regexp http\.https\:\/\/github\.com\/\.extraheader
2025-12-04T22:33:22.5200495Z [command]/usr/bin/git submodule foreach --recursive sh -c "git config --local --name-only --get-regexp 'http\.https\:\/\/github\.com\/\.extraheader' && git config --local --unset-all 'http.https://github.com/.extraheader' || :"
2025-12-04T22:33:22.5373092Z [command]/usr/bin/git config --local http.https://github.com/.extraheader AUTHORIZATION: basic ***
2025-12-04T22:33:22.5400849Z ##[endgroup]
2025-12-04T22:33:22.5401324Z ##[group]Fetching the repository
2025-12-04T22:33:22.5408518Z [command]/usr/bin/git -c protocol.version=2 fetch --no-tags --prune --progress --no-recurse-submodules --depth=1 origin +34d70f8bbbbc366fa59417e12cc6fd4a4daaeaef:refs/remotes/pull/2259/merge
2025-12-04T22:33:22.7581272Z remote: Enumerating objects: 417, done.        
2025-12-04T22:33:22.7581892Z remote: Counting objects:   0% (1/417)        
2025-12-04T22:33:22.7582303Z remote: Counting objects:   1% (5/417)        
2025-12-04T22:33:22.7582800Z remote: Counting objects:   2% (9/417)        
2025-12-04T22:33:22.7583346Z remote: Counting objects:   3% (13/417)        
2025-12-04T22:33:22.7583888Z remote: Counting objects:   4% (17/417)        
2025-12-04T22:33:22.7584417Z remote: Counting objects:   5% (21/417)        
2025-12-04T22:33:22.7584955Z remote: Counting objects:   6% (26/417)        
2025-12-04T22:33:22.7585273Z remote: Counting objects:   7% (30/417)        
2025-12-04T22:33:22.7585578Z remote: Counting objects:   8% (34/417)        
2025-12-04T22:33:22.7585863Z remote: Counting objects:   9% (38/417)        
2025-12-04T22:33:22.7586183Z remote: Counting objects:  10% (42/417)        
2025-12-04T22:33:22.7586479Z remote: Counting objects:  11% (46/417)        
2025-12-04T22:33:22.7586769Z remote: Counting objects:  12% (51/417)        
2025-12-04T22:33:22.7587224Z remote: Counting objects:  13% (55/417)        
2025-12-04T22:33:22.7587583Z remote: Counting objects:  14% (59/417)        
2025-12-04T22:33:22.7587884Z remote: Counting objects:  15% (63/417)        
2025-12-04T22:33:22.7588189Z remote: Counting objects:  16% (67/417)        
2025-12-04T22:33:22.7588755Z remote: Counting objects:  17% (71/417)        
2025-12-04T22:33:22.7589062Z remote: Counting objects:  18% (76/417)        
2025-12-04T22:33:22.7589357Z remote: Counting objects:  19% (80/417)        
2025-12-04T22:33:22.7589663Z remote: Counting objects:  20% (84/417)        
2025-12-04T22:33:22.7589964Z remote: Counting objects:  21% (88/417)        
2025-12-04T22:33:22.7590272Z remote: Counting objects:  22% (92/417)        
2025-12-04T22:33:22.7590573Z remote: Counting objects:  23% (96/417)        
2025-12-04T22:33:22.7590870Z remote: Counting objects:  24% (101/417)        
2025-12-04T22:33:22.7591185Z remote: Counting objects:  25% (105/417)        
2025-12-04T22:33:22.7591478Z remote: Counting objects:  26% (109/417)        
2025-12-04T22:33:22.7591778Z remote: Counting objects:  27% (113/417)        
2025-12-04T22:33:22.7592073Z remote: Counting objects:  28% (117/417)        
2025-12-04T22:33:22.7592374Z remote: Counting objects:  29% (121/417)        
2025-12-04T22:33:22.7592668Z remote: Counting objects:  30% (126/417)        
2025-12-04T22:33:22.7592965Z remote: Counting objects:  31% (130/417)        
2025-12-04T22:33:22.7593260Z remote: Counting objects:  32% (134/417)        
2025-12-04T22:33:22.7593551Z remote: Counting objects:  33% (138/417)        
2025-12-04T22:33:22.7593850Z remote: Counting objects:  34% (142/417)        
2025-12-04T22:33:22.7594143Z remote: Counting objects:  35% (146/417)        
2025-12-04T22:33:22.7594439Z remote: Counting objects:  36% (151/417)        
2025-12-04T22:33:22.7594731Z remote: Counting objects:  37% (155/417)        
2025-12-04T22:33:22.7595034Z remote: Counting objects:  38% (159/417)        
2025-12-04T22:33:22.7595323Z remote: Counting objects:  39% (163/417)        
2025-12-04T22:33:22.7595618Z remote: Counting objects:  40% (167/417)        
2025-12-04T22:33:22.7595910Z remote: Counting objects:  41% (171/417)        
2025-12-04T22:33:22.7596195Z remote: Counting objects:  42% (176/417)        
2025-12-04T22:33:22.7596444Z remote: Counting objects:  43% (180/417)        
2025-12-04T22:33:22.7596688Z remote: Counting objects:  44% (184/417)        
2025-12-04T22:33:22.7596937Z remote: Counting objects:  45% (188/417)        
2025-12-04T22:33:22.7597429Z remote: Counting objects:  46% (192/417)        
2025-12-04T22:33:22.7597682Z remote: Counting objects:  47% (196/417)        
2025-12-04T22:33:22.7598043Z remote: Counting objects:  48% (201/417)        
2025-12-04T22:33:22.7598288Z remote: Counting objects:  49% (205/417)        
2025-12-04T22:33:22.7598539Z remote: Counting objects:  50% (209/417)        
2025-12-04T22:33:22.7598788Z remote: Counting objects:  51% (213/417)        
2025-12-04T22:33:22.7599038Z remote: Counting objects:  52% (217/417)        
2025-12-04T22:33:22.7599280Z remote: Counting objects:  53% (222/417)        
2025-12-04T22:33:22.7599530Z remote: Counting objects:  54% (226/417)        
2025-12-04T22:33:22.7599771Z remote: Counting objects:  55% (230/417)        
2025-12-04T22:33:22.7600037Z remote: Counting objects:  56% (234/417)        
2025-12-04T22:33:22.7600296Z remote: Counting objects:  57% (238/417)        
2025-12-04T22:33:22.7600538Z remote: Counting objects:  58% (242/417)        
2025-12-04T22:33:22.7738909Z remote: Counting objects:  59% (247/417)        
2025-12-04T22:33:22.7739502Z remote: Counting objects:  60% (251/417)        
2025-12-04T22:33:22.7740075Z remote: Counting objects:  61% (255/417)        
2025-12-04T22:33:22.7740482Z remote: Counting objects:  62% (259/417)        
2025-12-04T22:33:22.7740774Z remote: Counting objects:  63% (263/417)        
2025-12-04T22:33:22.7741101Z remote: Counting objects:  64% (267/417)        
2025-12-04T22:33:22.7741508Z remote: Counting objects:  65% (272/417)        
2025-12-04T22:33:22.7741810Z remote: Counting objects:  66% (276/417)        
2025-12-04T22:33:22.7742121Z remote: Counting objects:  67% (280/417)        
2025-12-04T22:33:22.7742415Z remote: Counting objects:  68% (284/417)        
2025-12-04T22:33:22.7742929Z remote: Counting objects:  69% (288/417)        
2025-12-04T22:33:22.7743228Z remote: Counting objects:  70% (292/417)        
2025-12-04T22:33:22.7743533Z remote: Counting objects:  71% (297/417)        
2025-12-04T22:33:22.7743828Z remote: Counting objects:  72% (301/417)        
2025-12-04T22:33:22.7744135Z remote: Counting objects:  73% (305/417)        
2025-12-04T22:33:22.7744446Z remote: Counting objects:  74% (309/417)        
2025-12-04T22:33:22.7744738Z remote: Counting objects:  75% (313/417)        
2025-12-04T22:33:22.7745033Z remote: Counting objects:  76% (317/417)        
2025-12-04T22:33:22.7745327Z remote: Counting objects:  77% (322/417)        
2025-12-04T22:33:22.7745623Z remote: Counting objects:  78% (326/417)        
2025-12-04T22:33:22.7745930Z remote: Counting objects:  79% (330/417)        
2025-12-04T22:33:22.7746227Z remote: Counting objects:  80% (334/417)        
2025-12-04T22:33:22.7746520Z remote: Counting objects:  81% (338/417)        
2025-12-04T22:33:22.7746815Z remote: Counting objects:  82% (342/417)        
2025-12-04T22:33:22.7747291Z remote: Counting objects:  83% (347/417)        
2025-12-04T22:33:22.7747592Z remote: Counting objects:  84% (351/417)        
2025-12-04T22:33:22.7747894Z remote: Counting objects:  85% (355/417)        
2025-12-04T22:33:22.7748185Z remote: Counting objects:  86% (359/417)        
2025-12-04T22:33:22.7748502Z remote: Counting objects:  87% (363/417)        
2025-12-04T22:33:22.7748805Z remote: Counting objects:  88% (367/417)        
2025-12-04T22:33:22.7749099Z remote: Counting objects:  89% (372/417)        
2025-12-04T22:33:22.7749396Z remote: Counting objects:  90% (376/417)        
2025-12-04T22:33:22.7749692Z remote: Counting objects:  91% (380/417)        
2025-12-04T22:33:22.7749997Z remote: Counting objects:  92% (384/417)        
2025-12-04T22:33:22.7750289Z remote: Counting objects:  93% (388/417)        
2025-12-04T22:33:22.7750587Z remote: Counting objects:  94% (392/417)        
2025-12-04T22:33:22.7750877Z remote: Counting objects:  95% (397/417)        
2025-12-04T22:33:22.7751182Z remote: Counting objects:  96% (401/417)        
2025-12-04T22:33:22.7751479Z remote: Counting objects:  97% (405/417)        
2025-12-04T22:33:22.7751769Z remote: Counting objects:  98% (409/417)        
2025-12-04T22:33:22.7752069Z remote: Counting objects:  99% (413/417)        
2025-12-04T22:33:22.7752475Z remote: Counting objects: 100% (417/417)        
2025-12-04T22:33:22.7752814Z remote: Counting objects: 100% (417/417), done.        
2025-12-04T22:33:22.7753151Z remote: Compressing objects:   0% (1/347)        
2025-12-04T22:33:22.7753475Z remote: Compressing objects:   1% (4/347)        
2025-12-04T22:33:22.7753792Z remote: Compressing objects:   2% (7/347)        
2025-12-04T22:33:22.7754104Z remote: Compressing objects:   3% (11/347)        
2025-12-04T22:33:22.7754432Z remote: Compressing objects:   4% (14/347)        
2025-12-04T22:33:22.7754737Z remote: Compressing objects:   5% (18/347)        
2025-12-04T22:33:22.7755048Z remote: Compressing objects:   6% (21/347)        
2025-12-04T22:33:22.7755366Z remote: Compressing objects:   7% (25/347)        
2025-12-04T22:33:22.7755674Z remote: Compressing objects:   8% (28/347)        
2025-12-04T22:33:22.7770153Z remote: Compressing objects:   9% (32/347)        
2025-12-04T22:33:22.7801444Z remote: Compressing objects:  10% (35/347)        
2025-12-04T22:33:22.7811590Z remote: Compressing objects:  11% (39/347)        
2025-12-04T22:33:22.7851783Z remote: Compressing objects:  12% (42/347)        
2025-12-04T22:33:22.7871605Z remote: Compressing objects:  13% (46/347)        
2025-12-04T22:33:22.7982536Z remote: Compressing objects:  14% (49/347)        
2025-12-04T22:33:22.7986664Z remote: Compressing objects:  15% (53/347)        
2025-12-04T22:33:22.7992428Z remote: Compressing objects:  16% (56/347)        
2025-12-04T22:33:22.7995660Z remote: Compressing objects:  17% (59/347)        
2025-12-04T22:33:22.8003190Z remote: Compressing objects:  18% (63/347)        
2025-12-04T22:33:22.8008402Z remote: Compressing objects:  19% (66/347)        
2025-12-04T22:33:22.8012120Z remote: Compressing objects:  20% (70/347)        
2025-12-04T22:33:22.8018067Z remote: Compressing objects:  21% (73/347)        
2025-12-04T22:33:22.8022201Z remote: Compressing objects:  22% (77/347)        
2025-12-04T22:33:22.8040711Z remote: Compressing objects:  23% (80/347)        
2025-12-04T22:33:22.8051864Z remote: Compressing objects:  24% (84/347)        
2025-12-04T22:33:22.8063025Z remote: Compressing objects:  25% (87/347)        
2025-12-04T22:33:22.8066729Z remote: Compressing objects:  26% (91/347)        
2025-12-04T22:33:22.8083881Z remote: Compressing objects:  27% (94/347)        
2025-12-04T22:33:22.8108647Z remote: Compressing objects:  28% (98/347)        
2025-12-04T22:33:22.8117365Z remote: Compressing objects:  29% (101/347)        
2025-12-04T22:33:22.8118992Z remote: Compressing objects:  30% (105/347)        
2025-12-04T22:33:22.8120503Z remote: Compressing objects:  31% (108/347)        
2025-12-04T22:33:22.8123358Z remote: Compressing objects:  32% (112/347)        
2025-12-04T22:33:22.8128001Z remote: Compressing objects:  33% (115/347)        
2025-12-04T22:33:22.8130814Z remote: Compressing objects:  34% (118/347)        
2025-12-04T22:33:22.8140122Z remote: Compressing objects:  35% (122/347)        
2025-12-04T22:33:22.8148700Z remote: Compressing objects:  36% (125/347)        
2025-12-04T22:33:22.8152386Z remote: Compressing objects:  37% (129/347)        
2025-12-04T22:33:22.8152958Z remote: Compressing objects:  38% (132/347)        
2025-12-04T22:33:22.8153458Z remote: Compressing objects:  39% (136/347)        
2025-12-04T22:33:22.8153835Z remote: Compressing objects:  40% (139/347)        
2025-12-04T22:33:22.8156185Z remote: Compressing objects:  41% (143/347)        
2025-12-04T22:33:22.8156779Z remote: Compressing objects:  42% (146/347)        
2025-12-04T22:33:22.8157284Z remote: Compressing objects:  43% (150/347)        
2025-12-04T22:33:22.8160440Z remote: Compressing objects:  44% (153/347)        
2025-12-04T22:33:22.8162280Z remote: Compressing objects:  45% (157/347)        
2025-12-04T22:33:22.8172792Z remote: Compressing objects:  46% (160/347)        
2025-12-04T22:33:22.8183260Z remote: Compressing objects:  47% (164/347)        
2025-12-04T22:33:22.8200314Z remote: Compressing objects:  48% (167/347)        
2025-12-04T22:33:22.8209381Z remote: Compressing objects:  49% (171/347)        
2025-12-04T22:33:22.8221047Z remote: Compressing objects:  50% (174/347)        
2025-12-04T22:33:22.8226582Z remote: Compressing objects:  51% (177/347)        
2025-12-04T22:33:22.8227151Z remote: Compressing objects:  52% (181/347)        
2025-12-04T22:33:22.8233087Z remote: Compressing objects:  53% (184/347)        
2025-12-04T22:33:22.8236407Z remote: Compressing objects:  54% (188/347)        
2025-12-04T22:33:22.8246840Z remote: Compressing objects:  55% (191/347)        
2025-12-04T22:33:22.8250903Z remote: Compressing objects:  56% (195/347)        
2025-12-04T22:33:22.8255956Z remote: Compressing objects:  57% (198/347)        
2025-12-04T22:33:22.8260727Z remote: Compressing objects:  58% (202/347)        
2025-12-04T22:33:22.8266094Z remote: Compressing objects:  59% (205/347)        
2025-12-04T22:33:22.8270079Z remote: Compressing objects:  60% (209/347)        
2025-12-04T22:33:22.8278826Z remote: Compressing objects:  61% (212/347)        
2025-12-04T22:33:22.8283819Z remote: Compressing objects:  62% (216/347)        
2025-12-04T22:33:22.8290282Z remote: Compressing objects:  63% (219/347)        
2025-12-04T22:33:22.8294435Z remote: Compressing objects:  64% (223/347)        
2025-12-04T22:33:22.8301987Z remote: Compressing objects:  65% (226/347)        
2025-12-04T22:33:22.8306163Z remote: Compressing objects:  66% (230/347)        
2025-12-04T22:33:22.8312054Z remote: Compressing objects:  67% (233/347)        
2025-12-04T22:33:22.8341260Z remote: Compressing objects:  68% (236/347)        
2025-12-04T22:33:22.8364361Z remote: Compressing objects:  69% (240/347)        
2025-12-04T22:33:22.8385651Z remote: Compressing objects:  70% (243/347)        
2025-12-04T22:33:22.8460040Z remote: Compressing objects:  71% (247/347)        
2025-12-04T22:33:22.8460705Z remote: Compressing objects:  72% (250/347)        
2025-12-04T22:33:22.8461339Z remote: Compressing objects:  73% (254/347)        
2025-12-04T22:33:22.8476500Z remote: Compressing objects:  74% (257/347)        
2025-12-04T22:33:22.8499892Z remote: Compressing objects:  75% (261/347)        
2025-12-04T22:33:22.8538539Z remote: Compressing objects:  76% (264/347)        
2025-12-04T22:33:22.8658989Z remote: Compressing objects:  77% (268/347)        
2025-12-04T22:33:22.8750668Z remote: Compressing objects:  78% (271/347)        
2025-12-04T22:33:22.8784029Z remote: Compressing objects:  79% (275/347)        
2025-12-04T22:33:22.8794298Z remote: Compressing objects:  80% (278/347)        
2025-12-04T22:33:22.8802955Z remote: Compressing objects:  81% (282/347)        
2025-12-04T22:33:22.8804801Z remote: Compressing objects:  82% (285/347)        
2025-12-04T22:33:22.8809508Z remote: Compressing objects:  83% (289/347)        
2025-12-04T22:33:22.8810079Z remote: Compressing objects:  84% (292/347)        
2025-12-04T22:33:22.8810654Z remote: Compressing objects:  85% (295/347)        
2025-12-04T22:33:22.8811197Z remote: Compressing objects:  86% (299/347)        
2025-12-04T22:33:22.8811748Z remote: Compressing objects:  87% (302/347)        
2025-12-04T22:33:22.8812310Z remote: Compressing objects:  88% (306/347)        
2025-12-04T22:33:22.8812853Z remote: Compressing objects:  89% (309/347)        
2025-12-04T22:33:22.8813450Z remote: Compressing objects:  90% (313/347)        
2025-12-04T22:33:22.8813983Z remote: Compressing objects:  91% (316/347)        
2025-12-04T22:33:22.8814484Z remote: Compressing objects:  92% (320/347)        
2025-12-04T22:33:22.8814909Z remote: Compressing objects:  93% (323/347)        
2025-12-04T22:33:22.8815232Z remote: Compressing objects:  94% (327/347)        
2025-12-04T22:33:22.8815553Z remote: Compressing objects:  95% (330/347)        
2025-12-04T22:33:22.8815870Z remote: Compressing objects:  96% (334/347)        
2025-12-04T22:33:22.8816180Z remote: Compressing objects:  97% (337/347)        
2025-12-04T22:33:22.8816505Z remote: Compressing objects:  98% (341/347)        
2025-12-04T22:33:22.8816820Z remote: Compressing objects:  99% (344/347)        
2025-12-04T22:33:22.8817755Z remote: Compressing objects: 100% (347/347)        
2025-12-04T22:33:22.8818130Z remote: Compressing objects: 100% (347/347), done.        
2025-12-04T22:33:22.8840226Z Receiving objects:   0% (1/417)
2025-12-04T22:33:22.8840616Z Receiving objects:   1% (5/417)
2025-12-04T22:33:22.8842263Z Receiving objects:   2% (9/417)
2025-12-04T22:33:22.8842704Z Receiving objects:   3% (13/417)
2025-12-04T22:33:22.8844721Z Receiving objects:   4% (17/417)
2025-12-04T22:33:22.8848139Z Receiving objects:   5% (21/417)
2025-12-04T22:33:22.8849877Z Receiving objects:   6% (26/417)
2025-12-04T22:33:22.8851072Z Receiving objects:   7% (30/417)
2025-12-04T22:33:22.8852313Z Receiving objects:   8% (34/417)
2025-12-04T22:33:22.8852919Z Receiving objects:   9% (38/417)
2025-12-04T22:33:22.8853337Z Receiving objects:  10% (42/417)
2025-12-04T22:33:22.8856014Z Receiving objects:  11% (46/417)
2025-12-04T22:33:22.8858407Z Receiving objects:  12% (51/417)
2025-12-04T22:33:22.8864652Z Receiving objects:  13% (55/417)
2025-12-04T22:33:22.8865898Z Receiving objects:  14% (59/417)
2025-12-04T22:33:22.8963264Z Receiving objects:  15% (63/417)
2025-12-04T22:33:22.8969752Z Receiving objects:  16% (67/417)
2025-12-04T22:33:22.8970290Z Receiving objects:  17% (71/417)
2025-12-04T22:33:22.8971933Z Receiving objects:  18% (76/417)
2025-12-04T22:33:22.8972807Z Receiving objects:  19% (80/417)
2025-12-04T22:33:22.8980936Z Receiving objects:  20% (84/417)
2025-12-04T22:33:22.8981385Z Receiving objects:  21% (88/417)
2025-12-04T22:33:22.8981805Z Receiving objects:  22% (92/417)
2025-12-04T22:33:22.8982655Z Receiving objects:  23% (96/417)
2025-12-04T22:33:22.8990503Z Receiving objects:  24% (101/417)
2025-12-04T22:33:22.8991919Z Receiving objects:  25% (105/417)
2025-12-04T22:33:22.9000842Z Receiving objects:  26% (109/417)
2025-12-04T22:33:22.9001285Z Receiving objects:  27% (113/417)
2025-12-04T22:33:22.9002633Z Receiving objects:  28% (117/417)
2025-12-04T22:33:22.9004334Z Receiving objects:  29% (121/417)
2025-12-04T22:33:22.9005203Z Receiving objects:  30% (126/417)
2025-12-04T22:33:22.9006429Z Receiving objects:  31% (130/417)
2025-12-04T22:33:22.9010761Z Receiving objects:  32% (134/417)
2025-12-04T22:33:22.9011957Z Receiving objects:  33% (138/417)
2025-12-04T22:33:22.9013288Z Receiving objects:  34% (142/417)
2025-12-04T22:33:22.9022600Z Receiving objects:  35% (146/417)
2025-12-04T22:33:22.9120260Z Receiving objects:  36% (151/417)
2025-12-04T22:33:22.9123146Z Receiving objects:  37% (155/417)
2025-12-04T22:33:22.9123591Z Receiving objects:  38% (159/417)
2025-12-04T22:33:22.9124345Z Receiving objects:  39% (163/417)
2025-12-04T22:33:22.9130262Z Receiving objects:  40% (167/417)
2025-12-04T22:33:22.9134391Z Receiving objects:  41% (171/417)
2025-12-04T22:33:22.9789053Z Receiving objects:  42% (176/417)
2025-12-04T22:33:22.9868682Z Receiving objects:  43% (180/417)
2025-12-04T22:33:22.9869131Z Receiving objects:  44% (184/417)
2025-12-04T22:33:22.9871588Z Receiving objects:  45% (188/417)
2025-12-04T22:33:22.9873428Z Receiving objects:  46% (192/417)
2025-12-04T22:33:23.0205578Z Receiving objects:  47% (196/417)
2025-12-04T22:33:23.0299203Z Receiving objects:  48% (201/417)
2025-12-04T22:33:23.0305502Z Receiving objects:  49% (205/417)
2025-12-04T22:33:23.0307935Z Receiving objects:  50% (209/417)
2025-12-04T22:33:23.0331758Z Receiving objects:  51% (213/417)
2025-12-04T22:33:23.0346862Z Receiving objects:  52% (217/417)
2025-12-04T22:33:23.0350951Z Receiving objects:  53% (222/417)
2025-12-04T22:33:23.0354228Z Receiving objects:  54% (226/417)
2025-12-04T22:33:23.0361811Z Receiving objects:  55% (230/417)
2025-12-04T22:33:23.0366453Z Receiving objects:  56% (234/417)
2025-12-04T22:33:23.0368945Z Receiving objects:  57% (238/417)
2025-12-04T22:33:23.0373085Z Receiving objects:  58% (242/417)
2025-12-04T22:33:23.0377702Z Receiving objects:  59% (247/417)
2025-12-04T22:33:23.0381939Z Receiving objects:  60% (251/417)
2025-12-04T22:33:23.0383916Z Receiving objects:  61% (255/417)
2025-12-04T22:33:23.0394347Z Receiving objects:  62% (259/417)
2025-12-04T22:33:23.0396229Z Receiving objects:  63% (263/417)
2025-12-04T22:33:23.0399856Z Receiving objects:  64% (267/417)
2025-12-04T22:33:23.0401972Z Receiving objects:  65% (272/417)
2025-12-04T22:33:23.0403668Z Receiving objects:  66% (276/417)
2025-12-04T22:33:23.0405025Z Receiving objects:  67% (280/417)
2025-12-04T22:33:23.0405844Z Receiving objects:  68% (284/417)
2025-12-04T22:33:23.0406261Z Receiving objects:  69% (288/417)
2025-12-04T22:33:23.0408859Z Receiving objects:  70% (292/417)
2025-12-04T22:33:23.0410746Z Receiving objects:  71% (297/417)
2025-12-04T22:33:23.0417591Z Receiving objects:  72% (301/417)
2025-12-04T22:33:23.0423978Z Receiving objects:  73% (305/417)
2025-12-04T22:33:23.0426868Z Receiving objects:  74% (309/417)
2025-12-04T22:33:23.0428463Z Receiving objects:  75% (313/417)
2025-12-04T22:33:23.0461698Z Receiving objects:  76% (317/417)
2025-12-04T22:33:23.0471192Z Receiving objects:  77% (322/417)
2025-12-04T22:33:23.0473068Z Receiving objects:  78% (326/417)
2025-12-04T22:33:23.0479177Z Receiving objects:  79% (330/417)
2025-12-04T22:33:23.0510749Z Receiving objects:  80% (334/417)
2025-12-04T22:33:23.0523086Z Receiving objects:  81% (338/417)
2025-12-04T22:33:23.0532866Z Receiving objects:  82% (342/417)
2025-12-04T22:33:23.0538432Z Receiving objects:  83% (347/417)
2025-12-04T22:33:23.0541018Z Receiving objects:  84% (351/417)
2025-12-04T22:33:23.0542906Z remote: Total 417 (delta 107), reused 153 (delta 48), pack-reused 0 (from 0)        
2025-12-04T22:33:23.0543795Z Receiving objects:  85% (355/417)
2025-12-04T22:33:23.0548200Z Receiving objects:  86% (359/417)
2025-12-04T22:33:23.0549121Z Receiving objects:  87% (363/417)
2025-12-04T22:33:23.0549951Z Receiving objects:  88% (367/417)
2025-12-04T22:33:23.0550725Z Receiving objects:  89% (372/417)
2025-12-04T22:33:23.0551191Z Receiving objects:  90% (376/417)
2025-12-04T22:33:23.0551572Z Receiving objects:  91% (380/417)
2025-12-04T22:33:23.0551971Z Receiving objects:  92% (384/417)
2025-12-04T22:33:23.0552387Z Receiving objects:  93% (388/417)
2025-12-04T22:33:23.0552964Z Receiving objects:  94% (392/417)
2025-12-04T22:33:23.0553378Z Receiving objects:  95% (397/417)
2025-12-04T22:33:23.0554163Z Receiving objects:  96% (401/417)
2025-12-04T22:33:23.0556437Z Receiving objects:  97% (405/417)
2025-12-04T22:33:23.0558005Z Receiving objects:  98% (409/417)
2025-12-04T22:33:23.0560361Z Receiving objects:  99% (413/417)
2025-12-04T22:33:23.0560883Z Receiving objects: 100% (417/417)
2025-12-04T22:33:23.0561946Z Receiving objects: 100% (417/417), 5.33 MiB | 31.04 MiB/s, done.
2025-12-04T22:33:23.0564440Z Resolving deltas:   0% (0/107)
2025-12-04T22:33:23.0565161Z Resolving deltas:   1% (2/107)
2025-12-04T22:33:23.0567302Z Resolving deltas:   2% (3/107)
2025-12-04T22:33:23.0567692Z Resolving deltas:   4% (5/107)
2025-12-04T22:33:23.0568065Z Resolving deltas:   5% (6/107)
2025-12-04T22:33:23.0568450Z Resolving deltas:   6% (7/107)
2025-12-04T22:33:23.0571615Z Resolving deltas:   7% (8/107)
2025-12-04T22:33:23.0572056Z Resolving deltas:   8% (9/107)
2025-12-04T22:33:23.0573280Z Resolving deltas:   9% (10/107)
2025-12-04T22:33:23.0573682Z Resolving deltas:  10% (11/107)
2025-12-04T22:33:23.0575914Z Resolving deltas:  11% (12/107)
2025-12-04T22:33:23.0581708Z Resolving deltas:  12% (13/107)
2025-12-04T22:33:23.0582710Z Resolving deltas:  13% (14/107)
2025-12-04T22:33:23.0583159Z Resolving deltas:  14% (15/107)
2025-12-04T22:33:23.0583602Z Resolving deltas:  15% (17/107)
2025-12-04T22:33:23.0584013Z Resolving deltas:  16% (18/107)
2025-12-04T22:33:23.0584449Z Resolving deltas:  17% (19/107)
2025-12-04T22:33:23.0584879Z Resolving deltas:  18% (20/107)
2025-12-04T22:33:23.0585332Z Resolving deltas:  19% (21/107)
2025-12-04T22:33:23.0585801Z Resolving deltas:  21% (23/107)
2025-12-04T22:33:23.0586243Z Resolving deltas:  22% (24/107)
2025-12-04T22:33:23.0586678Z Resolving deltas:  23% (25/107)
2025-12-04T22:33:23.0597347Z Resolving deltas:  24% (26/107)
2025-12-04T22:33:23.0597867Z Resolving deltas:  25% (27/107)
2025-12-04T22:33:23.0598702Z Resolving deltas:  26% (28/107)
2025-12-04T22:33:23.0599105Z Resolving deltas:  27% (29/107)
2025-12-04T22:33:23.0599479Z Resolving deltas:  28% (30/107)
2025-12-04T22:33:23.0599824Z Resolving deltas:  29% (32/107)
2025-12-04T22:33:23.0600196Z Resolving deltas:  30% (33/107)
2025-12-04T22:33:23.0600567Z Resolving deltas:  31% (34/107)
2025-12-04T22:33:23.0600922Z Resolving deltas:  32% (35/107)
2025-12-04T22:33:23.0601267Z Resolving deltas:  33% (36/107)
2025-12-04T22:33:23.0601623Z Resolving deltas:  34% (37/107)
2025-12-04T22:33:23.0601990Z Resolving deltas:  35% (38/107)
2025-12-04T22:33:23.0602365Z Resolving deltas:  36% (39/107)
2025-12-04T22:33:23.0602776Z Resolving deltas:  37% (40/107)
2025-12-04T22:33:23.0603104Z Resolving deltas:  39% (42/107)
2025-12-04T22:33:23.0603472Z Resolving deltas:  40% (43/107)
2025-12-04T22:33:23.0603851Z Resolving deltas:  42% (45/107)
2025-12-04T22:33:23.0606614Z Resolving deltas:  43% (47/107)
2025-12-04T22:33:23.0613272Z Resolving deltas:  44% (48/107)
2025-12-04T22:33:23.0615622Z Resolving deltas:  45% (49/107)
2025-12-04T22:33:23.0618196Z Resolving deltas:  46% (50/107)
2025-12-04T22:33:23.0622061Z Resolving deltas:  47% (51/107)
2025-12-04T22:33:23.0622445Z Resolving deltas:  48% (52/107)
2025-12-04T22:33:23.0622782Z Resolving deltas:  49% (53/107)
2025-12-04T22:33:23.0624840Z Resolving deltas:  50% (54/107)
2025-12-04T22:33:23.0625900Z Resolving deltas:  51% (55/107)
2025-12-04T22:33:23.0626410Z Resolving deltas:  52% (56/107)
2025-12-04T22:33:23.0626926Z Resolving deltas:  53% (57/107)
2025-12-04T22:33:23.0628285Z Resolving deltas:  54% (58/107)
2025-12-04T22:33:23.0632133Z Resolving deltas:  55% (59/107)
2025-12-04T22:33:23.0632865Z Resolving deltas:  56% (60/107)
2025-12-04T22:33:23.0633279Z Resolving deltas:  57% (61/107)
2025-12-04T22:33:23.0633669Z Resolving deltas:  58% (63/107)
2025-12-04T22:33:23.0634072Z Resolving deltas:  59% (64/107)
2025-12-04T22:33:23.0634465Z Resolving deltas:  60% (65/107)
2025-12-04T22:33:23.0634869Z Resolving deltas:  61% (66/107)
2025-12-04T22:33:23.0637471Z Resolving deltas:  62% (67/107)
2025-12-04T22:33:23.0638438Z Resolving deltas:  63% (68/107)
2025-12-04T22:33:23.0638830Z Resolving deltas:  64% (69/107)
2025-12-04T22:33:23.0639229Z Resolving deltas:  65% (70/107)
2025-12-04T22:33:23.0639643Z Resolving deltas:  66% (71/107)
2025-12-04T22:33:23.0640038Z Resolving deltas:  67% (72/107)
2025-12-04T22:33:23.0641354Z Resolving deltas:  68% (73/107)
2025-12-04T22:33:23.0641752Z Resolving deltas:  69% (74/107)
2025-12-04T22:33:23.0642147Z Resolving deltas:  70% (75/107)
2025-12-04T22:33:23.0642522Z Resolving deltas:  71% (76/107)
2025-12-04T22:33:23.0642860Z Resolving deltas:  72% (78/107)
2025-12-04T22:33:23.0644314Z Resolving deltas:  73% (79/107)
2025-12-04T22:33:23.0647312Z Resolving deltas:  74% (80/107)
2025-12-04T22:33:23.0647688Z Resolving deltas:  75% (81/107)
2025-12-04T22:33:23.0648413Z Resolving deltas:  76% (82/107)
2025-12-04T22:33:23.0649013Z Resolving deltas:  77% (83/107)
2025-12-04T22:33:23.0649608Z Resolving deltas:  78% (84/107)
2025-12-04T22:33:23.0650321Z Resolving deltas:  79% (85/107)
2025-12-04T22:33:23.0650890Z Resolving deltas:  80% (86/107)
2025-12-04T22:33:23.0651548Z Resolving deltas:  81% (87/107)
2025-12-04T22:33:23.0652148Z Resolving deltas:  82% (88/107)
2025-12-04T22:33:23.0652890Z Resolving deltas:  83% (89/107)
2025-12-04T22:33:23.0653583Z Resolving deltas:  84% (90/107)
2025-12-04T22:33:23.0654161Z Resolving deltas:  85% (91/107)
2025-12-04T22:33:23.0654692Z Resolving deltas:  86% (93/107)
2025-12-04T22:33:23.0655218Z Resolving deltas:  87% (94/107)
2025-12-04T22:33:23.0655696Z Resolving deltas:  88% (95/107)
2025-12-04T22:33:23.0656384Z Resolving deltas:  89% (96/107)
2025-12-04T22:33:23.0656934Z Resolving deltas:  90% (97/107)
2025-12-04T22:33:23.0657735Z Resolving deltas:  91% (98/107)
2025-12-04T22:33:23.0658110Z Resolving deltas:  92% (99/107)
2025-12-04T22:33:23.0658424Z Resolving deltas:  93% (100/107)
2025-12-04T22:33:23.0658711Z Resolving deltas:  94% (101/107)
2025-12-04T22:33:23.0659071Z Resolving deltas:  95% (102/107)
2025-12-04T22:33:23.0659274Z Resolving deltas:  96% (103/107)
2025-12-04T22:33:23.0659480Z Resolving deltas:  97% (104/107)
2025-12-04T22:33:23.0659681Z Resolving deltas:  98% (105/107)
2025-12-04T22:33:23.0659879Z Resolving deltas:  99% (106/107)
2025-12-04T22:33:23.0660109Z Resolving deltas: 100% (107/107)
2025-12-04T22:33:23.0660392Z Resolving deltas: 100% (107/107), done.
2025-12-04T22:33:23.0800739Z From https://github.com/apache/age
2025-12-04T22:33:23.0801306Z  * [new ref]         34d70f8bbbbc366fa59417e12cc6fd4a4daaeaef -> pull/2259/merge
2025-12-04T22:33:23.0829320Z ##[endgroup]
2025-12-04T22:33:23.0829894Z ##[group]Determining the checkout info
2025-12-04T22:33:23.0831944Z ##[endgroup]
2025-12-04T22:33:23.0832426Z ##[group]Checking out the ref
2025-12-04T22:33:23.0836534Z [command]/usr/bin/git checkout --progress --force refs/remotes/pull/2259/merge
2025-12-04T22:33:23.1414942Z Note: switching to 'refs/remotes/pull/2259/merge'.
2025-12-04T22:33:23.1415326Z 
2025-12-04T22:33:23.1415663Z You are in 'detached HEAD' state. You can look around, make experimental
2025-12-04T22:33:23.1416326Z changes and commit them, and you can discard any commits you make in this
2025-12-04T22:33:23.1416976Z state without impacting any branches by switching back to a branch.
2025-12-04T22:33:23.1417587Z 
2025-12-04T22:33:23.1417820Z If you want to create a new branch to retain commits you create, you may
2025-12-04T22:33:23.1418454Z do so (now or later) by using -c with the switch command. Example:
2025-12-04T22:33:23.1418839Z 
2025-12-04T22:33:23.1418980Z   git switch -c <new-branch-name>
2025-12-04T22:33:23.1419435Z 
2025-12-04T22:33:23.1419560Z Or undo this operation with:
2025-12-04T22:33:23.1419761Z 
2025-12-04T22:33:23.1419870Z   git switch -
2025-12-04T22:33:23.1419992Z 
2025-12-04T22:33:23.1420171Z Turn off this advice by setting config variable advice.detachedHead to false
2025-12-04T22:33:23.1420414Z 
2025-12-04T22:33:23.1420725Z HEAD is now at 34d70f8 Merge 539b11c801e37e36b09c7cf5f2b69ecb7487c152 into 5aed9ecc5b492a47dc0e449421cf344de58b5edd
2025-12-04T22:33:23.1424492Z ##[endgroup]
2025-12-04T22:33:23.1458353Z [command]/usr/bin/git log -1 --format='%H'
2025-12-04T22:33:23.1476667Z '34d70f8bbbbc366fa59417e12cc6fd4a4daaeaef'
2025-12-04T22:33:23.1563044Z ##[group]Run make PG_CONFIG=$HOME/pg17/bin/pg_config install -j$(nproc)
2025-12-04T22:33:23.1563466Z [36;1mmake PG_CONFIG=$HOME/pg17/bin/pg_config install -j$(nproc)[0m
2025-12-04T22:33:23.1582561Z shell: /usr/bin/bash -e {0}
2025-12-04T22:33:23.1582791Z env:
2025-12-04T22:33:23.1583011Z   PG_COMMIT_HASH: ce2f575b7cf4ac9dbebed4df226b7de64c7d340d
2025-12-04T22:33:23.1583308Z ##[endgroup]
2025-12-04T22:33:23.1750373Z gcc -Wall -Wmissing-prototypes -Wpointer-arith -Wdeclaration-after-statement -Werror=vla -Wendif-labels -Wmissing-format-attribute -Wimplicit-fallthrough=3 -Wcast-function-type -Wshadow=compatible-local -Wformat-security -fno-strict-aliasing -fwrapv -fexcess-precision=standard -Wno-format-truncation -Wno-stringop-truncation -std=gnu99 -ggdb -O0 -fPIC -fvisibility=hidden -I.//src/include -I.//src/include/parser -I. -I./ -I/home/runner/pg17/include/postgresql/server -I/home/runner/pg17/include/postgresql/internal -D_GNU_SOURCE    -c -o src/backend/age.o src/backend/age.c
2025-12-04T22:33:23.1758747Z gcc -Wall -Wmissing-prototypes -Wpointer-arith -Wdeclaration-after-statement -Werror=vla -Wendif-labels -Wmissing-format-attribute -Wimplicit-fallthrough=3 -Wcast-function-type -Wshadow=compatible-local -Wformat-security -fno-strict-aliasing -fwrapv -fexcess-precision=standard -Wno-format-truncation -Wno-stringop-truncation -std=gnu99 -ggdb -O0 -fPIC -fvisibility=hidden -I.//src/include -I.//src/include/parser -I. -I./ -I/home/runner/pg17/include/postgresql/server -I/home/runner/pg17/include/postgresql/internal -D_GNU_SOURCE    -c -o src/backend/catalog/ag_catalog.o src/backend/catalog/ag_catalog.c
2025-12-04T22:33:23.1767467Z gcc -Wall -Wmissing-prototypes -Wpointer-arith -Wdeclaration-after-statement -Werror=vla -Wendif-labels -Wmissing-format-attribute -Wimplicit-fallthrough=3 -Wcast-function-type -Wshadow=compatible-local -Wformat-security -fno-strict-aliasing -fwrapv -fexcess-precision=standard -Wno-format-truncation -Wno-stringop-truncation -std=gnu99 -ggdb -O0 -fPIC -fvisibility=hidden -I.//src/include -I.//src/include/parser -I. -I./ -I/home/runner/pg17/include/postgresql/server -I/home/runner/pg17/include/postgresql/internal -D_GNU_SOURCE    -c -o src/backend/catalog/ag_graph.o src/backend/catalog/ag_graph.c
2025-12-04T22:33:23.1775655Z gcc -Wall -Wmissing-prototypes -Wpointer-arith -Wdeclaration-after-statement -Werror=vla -Wendif-labels -Wmissing-format-attribute -Wimplicit-fallthrough=3 -Wcast-function-type -Wshadow=compatible-local -Wformat-security -fno-strict-aliasing -fwrapv -fexcess-precision=standard -Wno-format-truncation -Wno-stringop-truncation -std=gnu99 -ggdb -O0 -fPIC -fvisibility=hidden -I.//src/include -I.//src/include/parser -I. -I./ -I/home/runner/pg17/include/postgresql/server -I/home/runner/pg17/include/postgresql/internal -D_GNU_SOURCE    -c -o src/backend/catalog/ag_label.o src/backend/catalog/ag_label.c
2025-12-04T22:33:23.2966526Z gcc -Wall -Wmissing-prototypes -Wpointer-arith -Wdeclaration-after-statement -Werror=vla -Wendif-labels -Wmissing-format-attribute -Wimplicit-fallthrough=3 -Wcast-function-type -Wshadow=compatible-local -Wformat-security -fno-strict-aliasing -fwrapv -fexcess-precision=standard -Wno-format-truncation -Wno-stringop-truncation -std=gnu99 -ggdb -O0 -fPIC -fvisibility=hidden -I.//src/include -I.//src/include/parser -I. -I./ -I/home/runner/pg17/include/postgresql/server -I/home/runner/pg17/include/postgresql/internal -D_GNU_SOURCE    -c -o src/backend/catalog/ag_namespace.o src/backend/catalog/ag_namespace.c
2025-12-04T22:33:23.3116723Z gcc -Wall -Wmissing-prototypes -Wpointer-arith -Wdeclaration-after-statement -Werror=vla -Wendif-labels -Wmissing-format-attribute -Wimplicit-fallthrough=3 -Wcast-function-type -Wshadow=compatible-local -Wformat-security -fno-strict-aliasing -fwrapv -fexcess-precision=standard -Wno-format-truncation -Wno-stringop-truncation -std=gnu99 -ggdb -O0 -fPIC -fvisibility=hidden -I.//src/include -I.//src/include/parser -I. -I./ -I/home/runner/pg17/include/postgresql/server -I/home/runner/pg17/include/postgresql/internal -D_GNU_SOURCE    -c -o src/backend/commands/graph_commands.o src/backend/commands/graph_commands.c
2025-12-04T22:33:23.3145076Z gcc -Wall -Wmissing-prototypes -Wpointer-arith -Wdeclaration-after-statement -Werror=vla -Wendif-labels -Wmissing-format-attribute -Wimplicit-fallthrough=3 -Wcast-function-type -Wshadow=compatible-local -Wformat-security -fno-strict-aliasing -fwrapv -fexcess-precision=standard -Wno-format-truncation -Wno-stringop-truncation -std=gnu99 -ggdb -O0 -fPIC -fvisibility=hidden -I.//src/include -I.//src/include/parser -I. -I./ -I/home/runner/pg17/include/postgresql/server -I/home/runner/pg17/include/postgresql/internal -D_GNU_SOURCE    -c -o src/backend/commands/label_commands.o src/backend/commands/label_commands.c
2025-12-04T22:33:23.3529867Z gcc -Wall -Wmissing-prototypes -Wpointer-arith -Wdeclaration-after-statement -Werror=vla -Wendif-labels -Wmissing-format-attribute -Wimplicit-fallthrough=3 -Wcast-function-type -Wshadow=compatible-local -Wformat-security -fno-strict-aliasing -fwrapv -fexcess-precision=standard -Wno-format-truncation -Wno-stringop-truncation -std=gnu99 -ggdb -O0 -fPIC -fvisibility=hidden -I.//src/include -I.//src/include/parser -I. -I./ -I/home/runner/pg17/include/postgresql/server -I/home/runner/pg17/include/postgresql/internal -D_GNU_SOURCE    -c -o src/backend/executor/cypher_create.o src/backend/executor/cypher_create.c
2025-12-04T22:33:23.3982631Z gcc -Wall -Wmissing-prototypes -Wpointer-arith -Wdeclaration-after-statement -Werror=vla -Wendif-labels -Wmissing-format-attribute -Wimplicit-fallthrough=3 -Wcast-function-type -Wshadow=compatible-local -Wformat-security -fno-strict-aliasing -fwrapv -fexcess-precision=standard -Wno-format-truncation -Wno-stringop-truncation -std=gnu99 -ggdb -O0 -fPIC -fvisibility=hidden -I.//src/include -I.//src/include/parser -I. -I./ -I/home/runner/pg17/include/postgresql/server -I/home/runner/pg17/include/postgresql/internal -D_GNU_SOURCE    -c -o src/backend/executor/cypher_merge.o src/backend/executor/cypher_merge.c
2025-12-04T22:33:23.5275588Z gcc -Wall -Wmissing-prototypes -Wpointer-arith -Wdeclaration-after-statement -Werror=vla -Wendif-labels -Wmissing-format-attribute -Wimplicit-fallthrough=3 -Wcast-function-type -Wshadow=compatible-local -Wformat-security -fno-strict-aliasing -fwrapv -fexcess-precision=standard -Wno-format-truncation -Wno-stringop-truncation -std=gnu99 -ggdb -O0 -fPIC -fvisibility=hidden -I.//src/include -I.//src/include/parser -I. -I./ -I/home/runner/pg17/include/postgresql/server -I/home/runner/pg17/include/postgresql/internal -D_GNU_SOURCE    -c -o src/backend/executor/cypher_set.o src/backend/executor/cypher_set.c
2025-12-04T22:33:23.5520005Z gcc -Wall -Wmissing-prototypes -Wpointer-arith -Wdeclaration-after-statement -Werror=vla -Wendif-labels -Wmissing-format-attribute -Wimplicit-fallthrough=3 -Wcast-function-type -Wshadow=compatible-local -Wformat-security -fno-strict-aliasing -fwrapv -fexcess-precision=standard -Wno-format-truncation -Wno-stringop-truncation -std=gnu99 -ggdb -O0 -fPIC -fvisibility=hidden -I.//src/include -I.//src/include/parser -I. -I./ -I/home/runner/pg17/include/postgresql/server -I/home/runner/pg17/include/postgresql/internal -D_GNU_SOURCE    -c -o src/backend/executor/cypher_utils.o src/backend/executor/cypher_utils.c
2025-12-04T22:33:23.5724378Z gcc -Wall -Wmissing-prototypes -Wpointer-arith -Wdeclaration-after-statement -Werror=vla -Wendif-labels -Wmissing-format-attribute -Wimplicit-fallthrough=3 -Wcast-function-type -Wshadow=compatible-local -Wformat-security -fno-strict-aliasing -fwrapv -fexcess-precision=standard -Wno-format-truncation -Wno-stringop-truncation -std=gnu99 -ggdb -O0 -fPIC -fvisibility=hidden -I.//src/include -I.//src/include/parser -I. -I./ -I/home/runner/pg17/include/postgresql/server -I/home/runner/pg17/include/postgresql/internal -D_GNU_SOURCE    -c -o src/backend/nodes/ag_nodes.o src/backend/nodes/ag_nodes.c
2025-12-04T22:33:23.6892338Z gcc -Wall -Wmissing-prototypes -Wpointer-arith -Wdeclaration-after-statement -Werror=vla -Wendif-labels -Wmissing-format-attribute -Wimplicit-fallthrough=3 -Wcast-function-type -Wshadow=compatible-local -Wformat-security -fno-strict-aliasing -fwrapv -fexcess-precision=standard -Wno-format-truncation -Wno-stringop-truncation -std=gnu99 -ggdb -O0 -fPIC -fvisibility=hidden -I.//src/include -I.//src/include/parser -I. -I./ -I/home/runner/pg17/include/postgresql/server -I/home/runner/pg17/include/postgresql/internal -D_GNU_SOURCE    -c -o src/backend/nodes/cypher_copyfuncs.o src/backend/nodes/cypher_copyfuncs.c
2025-12-04T22:33:23.7022067Z gcc -Wall -Wmissing-prototypes -Wpointer-arith -Wdeclaration-after-statement -Werror=vla -Wendif-labels -Wmissing-format-attribute -Wimplicit-fallthrough=3 -Wcast-function-type -Wshadow=compatible-local -Wformat-security -fno-strict-aliasing -fwrapv -fexcess-precision=standard -Wno-format-truncation -Wno-stringop-truncation -std=gnu99 -ggdb -O0 -fPIC -fvisibility=hidden -I.//src/include -I.//src/include/parser -I. -I./ -I/home/runner/pg17/include/postgresql/server -I/home/runner/pg17/include/postgresql/internal -D_GNU_SOURCE    -c -o src/backend/nodes/cypher_outfuncs.o src/backend/nodes/cypher_outfuncs.c
2025-12-04T22:33:23.7255163Z gcc -Wall -Wmissing-prototypes -Wpointer-arith -Wdeclaration-after-statement -Werror=vla -Wendif-labels -Wmissing-format-attribute -Wimplicit-fallthrough=3 -Wcast-function-type -Wshadow=compatible-local -Wformat-security -fno-strict-aliasing -fwrapv -fexcess-precision=standard -Wno-format-truncation -Wno-stringop-truncation -std=gnu99 -ggdb -O0 -fPIC -fvisibility=hidden -I.//src/include -I.//src/include/parser -I. -I./ -I/home/runner/pg17/include/postgresql/server -I/home/runner/pg17/include/postgresql/internal -D_GNU_SOURCE    -c -o src/backend/nodes/cypher_readfuncs.o src/backend/nodes/cypher_readfuncs.c
2025-12-04T22:33:23.7744728Z gcc -Wall -Wmissing-prototypes -Wpointer-arith -Wdeclaration-after-statement -Werror=vla -Wendif-labels -Wmissing-format-attribute -Wimplicit-fallthrough=3 -Wcast-function-type -Wshadow=compatible-local -Wformat-security -fno-strict-aliasing -fwrapv -fexcess-precision=standard -Wno-format-truncation -Wno-stringop-truncation -std=gnu99 -ggdb -O0 -fPIC -fvisibility=hidden -I.//src/include -I.//src/include/parser -I. -I./ -I/home/runner/pg17/include/postgresql/server -I/home/runner/pg17/include/postgresql/internal -D_GNU_SOURCE    -c -o src/backend/optimizer/cypher_createplan.o src/backend/optimizer/cypher_createplan.c
2025-12-04T22:33:23.8345561Z gcc -Wall -Wmissing-prototypes -Wpointer-arith -Wdeclaration-after-statement -Werror=vla -Wendif-labels -Wmissing-format-attribute -Wimplicit-fallthrough=3 -Wcast-function-type -Wshadow=compatible-local -Wformat-security -fno-strict-aliasing -fwrapv -fexcess-precision=standard -Wno-format-truncation -Wno-stringop-truncation -std=gnu99 -ggdb -O0 -fPIC -fvisibility=hidden -I.//src/include -I.//src/include/parser -I. -I./ -I/home/runner/pg17/include/postgresql/server -I/home/runner/pg17/include/postgresql/internal -D_GNU_SOURCE    -c -o src/backend/optimizer/cypher_pathnode.o src/backend/optimizer/cypher_pathnode.c
2025-12-04T22:33:23.8538277Z gcc -Wall -Wmissing-prototypes -Wpointer-arith -Wdeclaration-after-statement -Werror=vla -Wendif-labels -Wmissing-format-attribute -Wimplicit-fallthrough=3 -Wcast-function-type -Wshadow=compatible-local -Wformat-security -fno-strict-aliasing -fwrapv -fexcess-precision=standard -Wno-format-truncation -Wno-stringop-truncation -std=gnu99 -ggdb -O0 -fPIC -fvisibility=hidden -I.//src/include -I.//src/include/parser -I. -I./ -I/home/runner/pg17/include/postgresql/server -I/home/runner/pg17/include/postgresql/internal -D_GNU_SOURCE    -c -o src/backend/optimizer/cypher_paths.o src/backend/optimizer/cypher_paths.c
2025-12-04T22:33:23.8589980Z /usr/bin/flex -b  -o'src/backend/parser/ag_scanner.c' src/backend/parser/ag_scanner.l
2025-12-04T22:33:23.8800621Z gcc -Wall -Wmissing-prototypes -Wpointer-arith -Wdeclaration-after-statement -Werror=vla -Wendif-labels -Wmissing-format-attribute -Wimplicit-fallthrough=3 -Wcast-function-type -Wshadow=compatible-local -Wformat-security -fno-strict-aliasing -fwrapv -fexcess-precision=standard -Wno-format-truncation -Wno-stringop-truncation -std=gnu99 -ggdb -O0 -fPIC -fvisibility=hidden -I.//src/include -I.//src/include/parser -I. -I./ -I/home/runner/pg17/include/postgresql/server -I/home/runner/pg17/include/postgresql/internal -D_GNU_SOURCE    -c -o src/backend/parser/cypher_analyze.o src/backend/parser/cypher_analyze.c
2025-12-04T22:33:23.8961859Z gcc -Wall -Wmissing-prototypes -Wpointer-arith -Wdeclaration-after-statement -Werror=vla -Wendif-labels -Wmissing-format-attribute -Wimplicit-fallthrough=3 -Wcast-function-type -Wshadow=compatible-local -Wformat-security -fno-strict-aliasing -fwrapv -fexcess-precision=standard -Wno-format-truncation -Wno-stringop-truncation -std=gnu99 -ggdb -O0 -fPIC -fvisibility=hidden -I.//src/include -I.//src/include/parser -I. -I./ -I/home/runner/pg17/include/postgresql/server -I/home/runner/pg17/include/postgresql/internal -D_GNU_SOURCE    -c -o src/backend/parser/cypher_clause.o src/backend/parser/cypher_clause.c
2025-12-04T22:33:23.9242703Z gcc -Wall -Wmissing-prototypes -Wpointer-arith -Wdeclaration-after-statement -Werror=vla -Wendif-labels -Wmissing-format-attribute -Wimplicit-fallthrough=3 -Wcast-function-type -Wshadow=compatible-local -Wformat-security -fno-strict-aliasing -fwrapv -fexcess-precision=standard -Wno-format-truncation -Wno-stringop-truncation -std=gnu99 -ggdb -O0 -fPIC -fvisibility=hidden -I.//src/include -I.//src/include/parser -I. -I./ -I/home/runner/pg17/include/postgresql/server -I/home/runner/pg17/include/postgresql/internal -D_GNU_SOURCE    -c -o src/backend/executor/cypher_delete.o src/backend/executor/cypher_delete.c
2025-12-04T22:33:23.9844885Z gcc -Wall -Wmissing-prototypes -Wpointer-arith -Wdeclaration-after-statement -Werror=vla -Wendif-labels -Wmissing-format-attribute -Wimplicit-fallthrough=3 -Wcast-function-type -Wshadow=compatible-local -Wformat-security -fno-strict-aliasing -fwrapv -fexcess-precision=standard -Wno-format-truncation -Wno-stringop-truncation -std=gnu99 -ggdb -O0 -fPIC -fvisibility=hidden -I.//src/include -I.//src/include/parser -I. -I./ -I/home/runner/pg17/include/postgresql/server -I/home/runner/pg17/include/postgresql/internal -D_GNU_SOURCE    -c -o src/backend/parser/cypher_expr.o src/backend/parser/cypher_expr.c
2025-12-04T22:33:24.0741326Z /usr/bin/bison -Wno-deprecated  --defines=src/include/parser/cypher_gram_def.h -o src/backend/parser/cypher_gram.c src/backend/parser/cypher_gram.y
2025-12-04T22:33:24.0978362Z gcc -Wall -Wmissing-prototypes -Wpointer-arith -Wdeclaration-after-statement -Werror=vla -Wendif-labels -Wmissing-format-attribute -Wimplicit-fallthrough=3 -Wcast-function-type -Wshadow=compatible-local -Wformat-security -fno-strict-aliasing -fwrapv -fexcess-precision=standard -Wno-format-truncation -Wno-stringop-truncation -std=gnu99 -ggdb -O0 -fPIC -fvisibility=hidden -I.//src/include -I.//src/include/parser -I. -I./ -I/home/runner/pg17/include/postgresql/server -I/home/runner/pg17/include/postgresql/internal -D_GNU_SOURCE    -c -o src/backend/parser/cypher_item.o src/backend/parser/cypher_item.c
2025-12-04T22:33:24.2248762Z '/usr/bin/perl' -I ./tools/ ./tools/gen_keywordlist.pl --extern --varname CypherKeyword --output src/include/parser src/include/parser/cypher_kwlist.h
2025-12-04T22:33:24.2572354Z gcc -Wall -Wmissing-prototypes -Wpointer-arith -Wdeclaration-after-statement -Werror=vla -Wendif-labels -Wmissing-format-attribute -Wimplicit-fallthrough=3 -Wcast-function-type -Wshadow=compatible-local -Wformat-security -fno-strict-aliasing -fwrapv -fexcess-precision=standard -Wno-format-truncation -Wno-stringop-truncation -std=gnu99 -ggdb -O0 -fPIC -fvisibility=hidden -I.//src/include -I.//src/include/parser -I. -I./ -I/home/runner/pg17/include/postgresql/server -I/home/runner/pg17/include/postgresql/internal -D_GNU_SOURCE    -c -o src/backend/parser/cypher_parse_agg.o src/backend/parser/cypher_parse_agg.c
2025-12-04T22:33:24.2899648Z gcc -Wall -Wmissing-prototypes -Wpointer-arith -Wdeclaration-after-statement -Werror=vla -Wendif-labels -Wmissing-format-attribute -Wimplicit-fallthrough=3 -Wcast-function-type -Wshadow=compatible-local -Wformat-security -fno-strict-aliasing -fwrapv -fexcess-precision=standard -Wno-format-truncation -Wno-stringop-truncation -std=gnu99 -ggdb -O0 -fPIC -fvisibility=hidden -I.//src/include -I.//src/include/parser -I. -I./ -I/home/runner/pg17/include/postgresql/server -I/home/runner/pg17/include/postgresql/internal -D_GNU_SOURCE    -c -o src/backend/parser/cypher_parse_node.o src/backend/parser/cypher_parse_node.c
2025-12-04T22:33:24.3784219Z gcc -Wall -Wmissing-prototypes -Wpointer-arith -Wdeclaration-after-statement -Werror=vla -Wendif-labels -Wmissing-format-attribute -Wimplicit-fallthrough=3 -Wcast-function-type -Wshadow=compatible-local -Wformat-security -fno-strict-aliasing -fwrapv -fexcess-precision=standard -Wno-format-truncation -Wno-stringop-truncation -std=gnu99 -ggdb -O0 -fPIC -fvisibility=hidden -I.//src/include -I.//src/include/parser -I. -I./ -I/home/runner/pg17/include/postgresql/server -I/home/runner/pg17/include/postgresql/internal -D_GNU_SOURCE    -c -o src/backend/parser/cypher_transform_entity.o src/backend/parser/cypher_transform_entity.c
2025-12-04T22:33:24.4071825Z gcc -Wall -Wmissing-prototypes -Wpointer-arith -Wdeclaration-after-statement -Werror=vla -Wendif-labels -Wmissing-format-attribute -Wimplicit-fallthrough=3 -Wcast-function-type -Wshadow=compatible-local -Wformat-security -fno-strict-aliasing -fwrapv -fexcess-precision=standard -Wno-format-truncation -Wno-stringop-truncation -std=gnu99 -ggdb -O0 -fPIC -fvisibility=hidden -I.//src/include -I.//src/include/parser -I. -I./ -I/home/runner/pg17/include/postgresql/server -I/home/runner/pg17/include/postgresql/internal -D_GNU_SOURCE    -c -o src/backend/utils/adt/age_graphid_ds.o src/backend/utils/adt/age_graphid_ds.c
2025-12-04T22:33:24.4363339Z gcc -Wall -Wmissing-prototypes -Wpointer-arith -Wdeclaration-after-statement -Werror=vla -Wendif-labels -Wmissing-format-attribute -Wimplicit-fallthrough=3 -Wcast-function-type -Wshadow=compatible-local -Wformat-security -fno-strict-aliasing -fwrapv -fexcess-precision=standard -Wno-format-truncation -Wno-stringop-truncation -std=gnu99 -ggdb -O0 -fPIC -fvisibility=hidden -I.//src/include -I.//src/include/parser -I. -I./ -I/home/runner/pg17/include/postgresql/server -I/home/runner/pg17/include/postgresql/internal -D_GNU_SOURCE    -c -o src/backend/utils/adt/agtype.o src/backend/utils/adt/agtype.c
2025-12-04T22:33:24.4375017Z gcc -Wall -Wmissing-prototypes -Wpointer-arith -Wdeclaration-after-statement -Werror=vla -Wendif-labels -Wmissing-format-attribute -Wimplicit-fallthrough=3 -Wcast-function-type -Wshadow=compatible-local -Wformat-security -fno-strict-aliasing -fwrapv -fexcess-precision=standard -Wno-format-truncation -Wno-stringop-truncation -std=gnu99 -ggdb -O0 -fPIC -fvisibility=hidden -I.//src/include -I.//src/include/parser -I. -I./ -I/home/runner/pg17/include/postgresql/server -I/home/runner/pg17/include/postgresql/internal -D_GNU_SOURCE    -c -o src/backend/utils/adt/agtype_ext.o src/backend/utils/adt/agtype_ext.c
2025-12-04T22:33:24.4775861Z gcc -Wall -Wmissing-prototypes -Wpointer-arith -Wdeclaration-after-statement -Werror=vla -Wendif-labels -Wmissing-format-attribute -Wimplicit-fallthrough=3 -Wcast-function-type -Wshadow=compatible-local -Wformat-security -fno-strict-aliasing -fwrapv -fexcess-precision=standard -Wno-format-truncation -Wno-stringop-truncation -std=gnu99 -ggdb -O0 -fPIC -fvisibility=hidden -I.//src/include -I.//src/include/parser -I. -I./ -I/home/runner/pg17/include/postgresql/server -I/home/runner/pg17/include/postgresql/internal -D_GNU_SOURCE    -c -o src/backend/utils/adt/agtype_gin.o src/backend/utils/adt/agtype_gin.c
2025-12-04T22:33:24.4984835Z gcc -Wall -Wmissing-prototypes -Wpointer-arith -Wdeclaration-after-statement -Werror=vla -Wendif-labels -Wmissing-format-attribute -Wimplicit-fallthrough=3 -Wcast-function-type -Wshadow=compatible-local -Wformat-security -fno-strict-aliasing -fwrapv -fexcess-precision=standard -Wno-format-truncation -Wno-stringop-truncation -std=gnu99 -ggdb -O0 -fPIC -fvisibility=hidden -I.//src/include -I.//src/include/parser -I. -I./ -I/home/runner/pg17/include/postgresql/server -I/home/runner/pg17/include/postgresql/internal -D_GNU_SOURCE    -c -o src/backend/utils/adt/agtype_ops.o src/backend/utils/adt/agtype_ops.c
2025-12-04T22:33:24.5046485Z gcc -Wall -Wmissing-prototypes -Wpointer-arith -Wdeclaration-after-statement -Werror=vla -Wendif-labels -Wmissing-format-attribute -Wimplicit-fallthrough=3 -Wcast-function-type -Wshadow=compatible-local -Wformat-security -fno-strict-aliasing -fwrapv -fexcess-precision=standard -Wno-format-truncation -Wno-stringop-truncation -std=gnu99 -ggdb -O0 -fPIC -fvisibility=hidden -I.//src/include -I.//src/include/parser -I. -I./ -I/home/runner/pg17/include/postgresql/server -I/home/runner/pg17/include/postgresql/internal -D_GNU_SOURCE    -c -o src/backend/utils/adt/agtype_parser.o src/backend/utils/adt/agtype_parser.c
2025-12-04T22:33:24.6388478Z gcc -Wall -Wmissing-prototypes -Wpointer-arith -Wdeclaration-after-statement -Werror=vla -Wendif-labels -Wmissing-format-attribute -Wimplicit-fallthrough=3 -Wcast-function-type -Wshadow=compatible-local -Wformat-security -fno-strict-aliasing -fwrapv -fexcess-precision=standard -Wno-format-truncation -Wno-stringop-truncation -std=gnu99 -ggdb -O0 -fPIC -fvisibility=hidden -I.//src/include -I.//src/include/parser -I. -I./ -I/home/runner/pg17/include/postgresql/server -I/home/runner/pg17/include/postgresql/internal -D_GNU_SOURCE    -c -o src/backend/utils/adt/agtype_util.o src/backend/utils/adt/agtype_util.c
2025-12-04T22:33:24.6891432Z gcc -Wall -Wmissing-prototypes -Wpointer-arith -Wdeclaration-after-statement -Werror=vla -Wendif-labels -Wmissing-format-attribute -Wimplicit-fallthrough=3 -Wcast-function-type -Wshadow=compatible-local -Wformat-security -fno-strict-aliasing -fwrapv -fexcess-precision=standard -Wno-format-truncation -Wno-stringop-truncation -std=gnu99 -ggdb -O0 -fPIC -fvisibility=hidden -I.//src/include -I.//src/include/parser -I. -I./ -I/home/runner/pg17/include/postgresql/server -I/home/runner/pg17/include/postgresql/internal -D_GNU_SOURCE    -c -o src/backend/utils/adt/agtype_raw.o src/backend/utils/adt/agtype_raw.c
2025-12-04T22:33:24.7586679Z gcc -Wall -Wmissing-prototypes -Wpointer-arith -Wdeclaration-after-statement -Werror=vla -Wendif-labels -Wmissing-format-attribute -Wimplicit-fallthrough=3 -Wcast-function-type -Wshadow=compatible-local -Wformat-security -fno-strict-aliasing -fwrapv -fexcess-precision=standard -Wno-format-truncation -Wno-stringop-truncation -std=gnu99 -ggdb -O0 -fPIC -fvisibility=hidden -I.//src/include -I.//src/include/parser -I. -I./ -I/home/runner/pg17/include/postgresql/server -I/home/runner/pg17/include/postgresql/internal -D_GNU_SOURCE    -c -o src/backend/utils/adt/age_global_graph.o src/backend/utils/adt/age_global_graph.c
2025-12-04T22:33:24.7601442Z gcc -Wall -Wmissing-prototypes -Wpointer-arith -Wdeclaration-after-statement -Werror=vla -Wendif-labels -Wmissing-format-attribute -Wimplicit-fallthrough=3 -Wcast-function-type -Wshadow=compatible-local -Wformat-security -fno-strict-aliasing -fwrapv -fexcess-precision=standard -Wno-format-truncation -Wno-stringop-truncation -std=gnu99 -ggdb -O0 -fPIC -fvisibility=hidden -I.//src/include -I.//src/include/parser -I. -I./ -I/home/runner/pg17/include/postgresql/server -I/home/runner/pg17/include/postgresql/internal -D_GNU_SOURCE    -c -o src/backend/utils/adt/age_session_info.o src/backend/utils/adt/age_session_info.c
2025-12-04T22:33:24.8626886Z gcc -Wall -Wmissing-prototypes -Wpointer-arith -Wdeclaration-after-statement -Werror=vla -Wendif-labels -Wmissing-format-attribute -Wimplicit-fallthrough=3 -Wcast-function-type -Wshadow=compatible-local -Wformat-security -fno-strict-aliasing -fwrapv -fexcess-precision=standard -Wno-format-truncation -Wno-stringop-truncation -std=gnu99 -ggdb -O0 -fPIC -fvisibility=hidden -I.//src/include -I.//src/include/parser -I. -I./ -I/home/runner/pg17/include/postgresql/server -I/home/runner/pg17/include/postgresql/internal -D_GNU_SOURCE    -c -o src/backend/utils/adt/age_vle.o src/backend/utils/adt/age_vle.c
2025-12-04T22:33:24.8984966Z gcc -Wall -Wmissing-prototypes -Wpointer-arith -Wdeclaration-after-statement -Werror=vla -Wendif-labels -Wmissing-format-attribute -Wimplicit-fallthrough=3 -Wcast-function-type -Wshadow=compatible-local -Wformat-security -fno-strict-aliasing -fwrapv -fexcess-precision=standard -Wno-format-truncation -Wno-stringop-truncation -std=gnu99 -ggdb -O0 -fPIC -fvisibility=hidden -I.//src/include -I.//src/include/parser -I. -I./ -I/home/runner/pg17/include/postgresql/server -I/home/runner/pg17/include/postgresql/internal -D_GNU_SOURCE    -c -o src/backend/utils/adt/cypher_funcs.o src/backend/utils/adt/cypher_funcs.c
2025-12-04T22:33:24.9422858Z gcc -Wall -Wmissing-prototypes -Wpointer-arith -Wdeclaration-after-statement -Werror=vla -Wendif-labels -Wmissing-format-attribute -Wimplicit-fallthrough=3 -Wcast-function-type -Wshadow=compatible-local -Wformat-security -fno-strict-aliasing -fwrapv -fexcess-precision=standard -Wno-format-truncation -Wno-stringop-truncation -std=gnu99 -ggdb -O0 -fPIC -fvisibility=hidden -I.//src/include -I.//src/include/parser -I. -I./ -I/home/runner/pg17/include/postgresql/server -I/home/runner/pg17/include/postgresql/internal -D_GNU_SOURCE    -c -o src/backend/utils/adt/ag_float8_supp.o src/backend/utils/adt/ag_float8_supp.c
2025-12-04T22:33:24.9645261Z gcc -Wall -Wmissing-prototypes -Wpointer-arith -Wdeclaration-after-statement -Werror=vla -Wendif-labels -Wmissing-format-attribute -Wimplicit-fallthrough=3 -Wcast-function-type -Wshadow=compatible-local -Wformat-security -fno-strict-aliasing -fwrapv -fexcess-precision=standard -Wno-format-truncation -Wno-stringop-truncation -std=gnu99 -ggdb -O0 -fPIC -fvisibility=hidden -I.//src/include -I.//src/include/parser -I. -I./ -I/home/runner/pg17/include/postgresql/server -I/home/runner/pg17/include/postgresql/internal -D_GNU_SOURCE    -c -o src/backend/utils/adt/graphid.o src/backend/utils/adt/graphid.c
2025-12-04T22:33:25.0159677Z gcc -Wall -Wmissing-prototypes -Wpointer-arith -Wdeclaration-after-statement -Werror=vla -Wendif-labels -Wmissing-format-attribute -Wimplicit-fallthrough=3 -Wcast-function-type -Wshadow=compatible-local -Wformat-security -fno-strict-aliasing -fwrapv -fexcess-precision=standard -Wno-format-truncation -Wno-stringop-truncation -std=gnu99 -ggdb -O0 -fPIC -fvisibility=hidden -I.//src/include -I.//src/include/parser -I. -I./ -I/home/runner/pg17/include/postgresql/server -I/home/runner/pg17/include/postgresql/internal -D_GNU_SOURCE    -c -o src/backend/utils/ag_func.o src/backend/utils/ag_func.c
2025-12-04T22:33:25.0597336Z gcc -Wall -Wmissing-prototypes -Wpointer-arith -Wdeclaration-after-statement -Werror=vla -Wendif-labels -Wmissing-format-attribute -Wimplicit-fallthrough=3 -Wcast-function-type -Wshadow=compatible-local -Wformat-security -fno-strict-aliasing -fwrapv -fexcess-precision=standard -Wno-format-truncation -Wno-stringop-truncation -std=gnu99 -ggdb -O0 -fPIC -fvisibility=hidden -I.//src/include -I.//src/include/parser -I. -I./ -I/home/runner/pg17/include/postgresql/server -I/home/runner/pg17/include/postgresql/internal -D_GNU_SOURCE    -c -o src/backend/utils/graph_generation.o src/backend/utils/graph_generation.c
2025-12-04T22:33:25.0991051Z gcc -Wall -Wmissing-prototypes -Wpointer-arith -Wdeclaration-after-statement -Werror=vla -Wendif-labels -Wmissing-format-attribute -Wimplicit-fallthrough=3 -Wcast-function-type -Wshadow=compatible-local -Wformat-security -fno-strict-aliasing -fwrapv -fexcess-precision=standard -Wno-format-truncation -Wno-stringop-truncation -std=gnu99 -ggdb -O0 -fPIC -fvisibility=hidden -I.//src/include -I.//src/include/parser -I. -I./ -I/home/runner/pg17/include/postgresql/server -I/home/runner/pg17/include/postgresql/internal -D_GNU_SOURCE    -c -o src/backend/utils/cache/ag_cache.o src/backend/utils/cache/ag_cache.c
2025-12-04T22:33:25.1038669Z gcc -Wall -Wmissing-prototypes -Wpointer-arith -Wdeclaration-after-statement -Werror=vla -Wendif-labels -Wmissing-format-attribute -Wimplicit-fallthrough=3 -Wcast-function-type -Wshadow=compatible-local -Wformat-security -fno-strict-aliasing -fwrapv -fexcess-precision=standard -Wno-format-truncation -Wno-stringop-truncation -std=gnu99 -ggdb -O0 -fPIC -fvisibility=hidden -I.//src/include -I.//src/include/parser -I. -I./ -I/home/runner/pg17/include/postgresql/server -I/home/runner/pg17/include/postgresql/internal -D_GNU_SOURCE    -c -o src/backend/utils/load/ag_load_labels.o src/backend/utils/load/ag_load_labels.c
2025-12-04T22:33:25.1895902Z gcc -Wall -Wmissing-prototypes -Wpointer-arith -Wdeclaration-after-statement -Werror=vla -Wendif-labels -Wmissing-format-attribute -Wimplicit-fallthrough=3 -Wcast-function-type -Wshadow=compatible-local -Wformat-security -fno-strict-aliasing -fwrapv -fexcess-precision=standard -Wno-format-truncation -Wno-stringop-truncation -std=gnu99 -ggdb -O0 -fPIC -fvisibility=hidden -I.//src/include -I.//src/include/parser -I. -I./ -I/home/runner/pg17/include/postgresql/server -I/home/runner/pg17/include/postgresql/internal -D_GNU_SOURCE    -c -o src/backend/utils/load/ag_load_edges.o src/backend/utils/load/ag_load_edges.c
2025-12-04T22:33:25.2641680Z gcc -Wall -Wmissing-prototypes -Wpointer-arith -Wdeclaration-after-statement -Werror=vla -Wendif-labels -Wmissing-format-attribute -Wimplicit-fallthrough=3 -Wcast-function-type -Wshadow=compatible-local -Wformat-security -fno-strict-aliasing -fwrapv -fexcess-precision=standard -Wno-format-truncation -Wno-stringop-truncation -std=gnu99 -ggdb -O0 -fPIC -fvisibility=hidden -I.//src/include -I.//src/include/parser -I. -I./ -I/home/runner/pg17/include/postgresql/server -I/home/runner/pg17/include/postgresql/internal -D_GNU_SOURCE    -c -o src/backend/utils/load/age_load.o src/backend/utils/load/age_load.c
2025-12-04T22:33:25.2985965Z gcc -Wall -Wmissing-prototypes -Wpointer-arith -Wdeclaration-after-statement -Werror=vla -Wendif-labels -Wmissing-format-attribute -Wimplicit-fallthrough=3 -Wcast-function-type -Wshadow=compatible-local -Wformat-security -fno-strict-aliasing -fwrapv -fexcess-precision=standard -Wno-format-truncation -Wno-stringop-truncation -std=gnu99 -ggdb -O0 -fPIC -fvisibility=hidden -I.//src/include -I.//src/include/parser -I. -I./ -I/home/runner/pg17/include/postgresql/server -I/home/runner/pg17/include/postgresql/internal -D_GNU_SOURCE    -c -o src/backend/utils/load/libcsv.o src/backend/utils/load/libcsv.c
2025-12-04T22:33:25.3426143Z gcc -Wall -Wmissing-prototypes -Wpointer-arith -Wdeclaration-after-statement -Werror=vla -Wendif-labels -Wmissing-format-attribute -Wimplicit-fallthrough=3 -Wcast-function-type -Wshadow=compatible-local -Wformat-security -fno-strict-aliasing -fwrapv -fexcess-precision=standard -Wno-format-truncation -Wno-stringop-truncation -std=gnu99 -ggdb -O0 -fPIC -fvisibility=hidden -I.//src/include -I.//src/include/parser -I. -I./ -I/home/runner/pg17/include/postgresql/server -I/home/runner/pg17/include/postgresql/internal -D_GNU_SOURCE    -c -o src/backend/utils/name_validation.o src/backend/utils/name_validation.c
2025-12-04T22:33:25.3658112Z gcc -Wall -Wmissing-prototypes -Wpointer-arith -Wdeclaration-after-statement -Werror=vla -Wendif-labels -Wmissing-format-attribute -Wimplicit-fallthrough=3 -Wcast-function-type -Wshadow=compatible-local -Wformat-security -fno-strict-aliasing -fwrapv -fexcess-precision=standard -Wno-format-truncation -Wno-stringop-truncation -std=gnu99 -ggdb -O0 -fPIC -fvisibility=hidden -I.//src/include -I.//src/include/parser -I. -I./ -I/home/runner/pg17/include/postgresql/server -I/home/runner/pg17/include/postgresql/internal -D_GNU_SOURCE    -c -o src/backend/utils/ag_guc.o src/backend/utils/ag_guc.c
2025-12-04T22:33:25.4034514Z gcc -Wall -Wmissing-prototypes -Wpointer-arith -Wdeclaration-after-statement -Werror=vla -Wendif-labels -Wmissing-format-attribute -Wimplicit-fallthrough=3 -Wcast-function-type -Wshadow=compatible-local -Wformat-security -fno-strict-aliasing -fwrapv -fexcess-precision=standard -Wno-format-truncation -Wno-stringop-truncation -std=gnu99 -ggdb -O0 -fPIC -fvisibility=hidden -I.//src/include -I.//src/include/parser -I. -I./ -I/home/runner/pg17/include/postgresql/server -I/home/runner/pg17/include/postgresql/internal -D_GNU_SOURCE    -c -o src/backend/parser/ag_scanner.o src/backend/parser/ag_scanner.c
2025-12-04T22:33:25.4285263Z gcc -Wall -Wmissing-prototypes -Wpointer-arith -Wdeclaration-after-statement -Werror=vla -Wendif-labels -Wmissing-format-attribute -Wimplicit-fallthrough=3 -Wcast-function-type -Wshadow=compatible-local -Wformat-security -fno-strict-aliasing -fwrapv -fexcess-precision=standard -Wno-format-truncation -Wno-stringop-truncation -std=gnu99 -ggdb -O0 -fPIC -fvisibility=hidden -I.//src/include -I.//src/include/parser -I. -I./ -I/home/runner/pg17/include/postgresql/server -I/home/runner/pg17/include/postgresql/internal -D_GNU_SOURCE    -c -o src/backend/parser/cypher_gram.o src/backend/parser/cypher_gram.c
2025-12-04T22:33:25.4433978Z gcc -Wall -Wmissing-prototypes -Wpointer-arith -Wdeclaration-after-statement -Werror=vla -Wendif-labels -Wmissing-format-attribute -Wimplicit-fallthrough=3 -Wcast-function-type -Wshadow=compatible-local -Wformat-security -fno-strict-aliasing -fwrapv -fexcess-precision=standard -Wno-format-truncation -Wno-stringop-truncation -std=gnu99 -ggdb -O0 -fPIC -fvisibility=hidden -I.//src/include -I.//src/include/parser -I. -I./ -I/home/runner/pg17/include/postgresql/server -I/home/runner/pg17/include/postgresql/internal -D_GNU_SOURCE    -c -o src/backend/parser/cypher_keywords.o src/backend/parser/cypher_keywords.c
2025-12-04T22:33:25.5532959Z gcc -Wall -Wmissing-prototypes -Wpointer-arith -Wdeclaration-after-statement -Werror=vla -Wendif-labels -Wmissing-format-attribute -Wimplicit-fallthrough=3 -Wcast-function-type -Wshadow=compatible-local -Wformat-security -fno-strict-aliasing -fwrapv -fexcess-precision=standard -Wno-format-truncation -Wno-stringop-truncation -std=gnu99 -ggdb -O0 -fPIC -fvisibility=hidden -I.//src/include -I.//src/include/parser -I. -I./ -I/home/runner/pg17/include/postgresql/server -I/home/runner/pg17/include/postgresql/internal -D_GNU_SOURCE    -c -o src/backend/parser/cypher_parser.o src/backend/parser/cypher_parser.c
2025-12-04T22:33:25.5650871Z /usr/bin/mkdir -p '/home/runner/pg17/lib/postgresql'
2025-12-04T22:33:25.5666812Z /usr/bin/mkdir -p '/home/runner/pg17/share/postgresql/extension'
2025-12-04T22:33:25.5682267Z /usr/bin/mkdir -p '/home/runner/pg17/share/postgresql/extension'
2025-12-04T22:33:25.6796345Z gcc -Wall -Wmissing-prototypes -Wpointer-arith -Wdeclaration-after-statement -Werror=vla -Wendif-labels -Wmissing-format-attribute -Wimplicit-fallthrough=3 -Wcast-function-type -Wshadow=compatible-local -Wformat-security -fno-strict-aliasing -fwrapv -fexcess-precision=standard -Wno-format-truncation -Wno-stringop-truncation -std=gnu99 -ggdb -O0 -fPIC -fvisibility=hidden -shared -o age.so src/backend/age.o src/backend/catalog/ag_catalog.o src/backend/catalog/ag_graph.o src/backend/catalog/ag_label.o src/backend/catalog/ag_namespace.o src/backend/commands/graph_commands.o src/backend/commands/label_commands.o src/backend/executor/cypher_create.o src/backend/executor/cypher_merge.o src/backend/executor/cypher_set.o src/backend/executor/cypher_utils.o src/backend/nodes/ag_nodes.o src/backend/nodes/cypher_copyfuncs.o src/backend/nodes/cypher_outfuncs.o src/backend/nodes/cypher_readfuncs.o src/backend/optimizer/cypher_createplan.o src/backend/optimizer/cypher_pathnode.o src/backend/optimizer/cypher_paths.o src/backend/parser/ag_scanner.o src/backend/parser/cypher_analyze.o src/backend/parser/cypher_clause.o src/backend/executor/cypher_delete.o src/backend/parser/cypher_expr.o src/backend/parser/cypher_gram.o src/backend/parser/cypher_item.o src/backend/parser/cypher_keywords.o src/backend/parser/cypher_parse_agg.o src/backend/parser/cypher_parse_node.o src/backend/parser/cypher_parser.o src/backend/parser/cypher_transform_entity.o src/backend/utils/adt/age_graphid_ds.o src/backend/utils/adt/agtype.o src/backend/utils/adt/agtype_ext.o src/backend/utils/adt/agtype_gin.o src/backend/utils/adt/agtype_ops.o src/backend/utils/adt/agtype_parser.o src/backend/utils/adt/agtype_util.o src/backend/utils/adt/agtype_raw.o src/backend/utils/adt/age_global_graph.o src/backend/utils/adt/age_session_info.o src/backend/utils/adt/age_vle.o src/backend/utils/adt/cypher_funcs.o src/backend/utils/adt/ag_float8_supp.o src/backend/utils/adt/graphid.o src/backend/utils/ag_func.o src/backend/utils/graph_generation.o src/backend/utils/cache/ag_cache.o src/backend/utils/load/ag_load_labels.o src/backend/utils/load/ag_load_edges.o src/backend/utils/load/age_load.o src/backend/utils/load/libcsv.o src/backend/utils/name_validation.o src/backend/utils/ag_guc.o -L/home/runner/pg17/lib    -Wl,--as-needed -Wl,-rpath,'/home/runner/pg17/lib',--enable-new-dtags -fvisibility=hidden 
2025-12-04T22:33:25.7192268Z /usr/bin/install -c -m 755  age.so '/home/runner/pg17/lib/postgresql/age.so'
2025-12-04T22:33:25.7212871Z /usr/bin/install -c -m 644 .//age.control '/home/runner/pg17/share/postgresql/extension/'
2025-12-04T22:33:25.7222730Z /usr/bin/install -c -m 644  age--1.6.0.sql '/home/runner/pg17/share/postgresql/extension/'
2025-12-04T22:33:25.7258644Z ##[group]Run git clone https://github.com/pgvector/pgvector.git
2025-12-04T22:33:25.7259037Z [36;1mgit clone https://github.com/pgvector/pgvector.git[0m
2025-12-04T22:33:25.7259324Z [36;1mcd pgvector[0m
2025-12-04T22:33:25.7259612Z [36;1mmake PG_CONFIG=$HOME/pg17/bin/pg_config install -j$(nproc) > /dev/null[0m
2025-12-04T22:33:25.7278634Z shell: /usr/bin/bash -e {0}
2025-12-04T22:33:25.7278853Z env:
2025-12-04T22:33:25.7279091Z   PG_COMMIT_HASH: ce2f575b7cf4ac9dbebed4df226b7de64c7d340d
2025-12-04T22:33:25.7279363Z ##[endgroup]
2025-12-04T22:33:25.7323167Z Cloning into 'pgvector'...
2025-12-04T22:33:27.5908341Z ##[group]Run make PG_CONFIG=$HOME/pg17/bin/pg_config installcheck EXTRA_TESTS="pgvector fuzzystrmatch pg_trgm"
2025-12-04T22:33:27.5909441Z [36;1mmake PG_CONFIG=$HOME/pg17/bin/pg_config installcheck EXTRA_TESTS="pgvector fuzzystrmatch pg_trgm"[0m
2025-12-04T22:33:27.5938169Z shell: /usr/bin/bash -e {0}
2025-12-04T22:33:27.5938534Z env:
2025-12-04T22:33:27.5938900Z   PG_COMMIT_HASH: ce2f575b7cf4ac9dbebed4df226b7de64c7d340d
2025-12-04T22:33:27.5939369Z ##[endgroup]
2025-12-04T22:33:27.6089284Z echo "# +++ regress install-check in  +++" && /home/runner/pg17/lib/postgresql/pgxs/src/makefiles/../../src/test/regress/pg_regress --inputdir=./ --bindir='/home/runner/pg17/bin'    --load-extension=age --inputdir=.//regress --outputdir=.//regress --temp-instance=.//regress/instance --port=61958 --encoding=UTF-8 --temp-config .//regress/age_regression.conf --dbname=contrib_regression scan graphid agtype agtype_hash_cmp catalog cypher expr cypher_create cypher_match cypher_unwind cypher_set cypher_remove cypher_delete cypher_with cypher_vle cypher_union cypher_call cypher_merge cypher_subquery age_global_graph age_load index analyze graph_generation name_validation jsonb_operators list_comprehension map_projection pgvector fuzzystrmatch pg_trgm drop
2025-12-04T22:33:27.6091793Z # +++ regress install-check in  +++
2025-12-04T22:33:27.6100307Z # initializing database system by running initdb
2025-12-04T22:33:29.0323253Z # using temp instance on port 61958 with PID 11798
2025-12-04T22:33:29.4225344Z ok 1         - scan                                      256 ms
2025-12-04T22:33:29.4349624Z ok 2         - graphid                                    11 ms
2025-12-04T22:33:29.6117204Z ok 3         - agtype                                    175 ms
2025-12-04T22:33:29.6218371Z ok 4         - agtype_hash_cmp                             9 ms
2025-12-04T22:33:29.9926292Z ok 5         - catalog                                   369 ms
2025-12-04T22:33:30.0540950Z ok 6         - cypher                                     60 ms
2025-12-04T22:33:31.1680153Z ok 7         - expr                                     1112 ms
2025-12-04T22:33:31.3602974Z ok 8         - cypher_create                             190 ms
2025-12-04T22:33:32.4047422Z ok 9         - cypher_match                             1042 ms
2025-12-04T22:33:32.4733851Z ok 10        - cypher_unwind                              67 ms
2025-12-04T22:33:32.6749130Z ok 11        - cypher_set                                200 ms
2025-12-04T22:33:32.7944327Z ok 12        - cypher_remove                             118 ms
2025-12-04T22:33:33.2027245Z ok 13        - cypher_delete                             406 ms
2025-12-04T22:33:33.3157983Z ok 14        - cypher_with                               111 ms
2025-12-04T22:33:34.9223690Z ok 15        - cypher_vle                               1604 ms
2025-12-04T22:33:34.9601854Z ok 16        - cypher_union                               36 ms
2025-12-04T22:33:35.0126623Z ok 17        - cypher_call                                51 ms
2025-12-04T22:33:35.5423880Z ok 18        - cypher_merge                              528 ms
2025-12-04T22:33:35.6490142Z ok 19        - cypher_subquery                           105 ms
2025-12-04T22:33:35.8611844Z ok 20        - age_global_graph                          210 ms
2025-12-04T22:33:39.6764147Z ok 21        - age_load                                 3813 ms
2025-12-04T22:33:39.8047218Z ok 22        - index                                     126 ms
2025-12-04T22:33:39.8387309Z ok 23        - analyze                                    32 ms
2025-12-04T22:33:39.9408364Z ok 24        - graph_generation                          100 ms
2025-12-04T22:33:40.1549924Z ok 25        - name_validation                           212 ms
2025-12-04T22:33:40.2899274Z ok 26        - jsonb_operators                           133 ms
2025-12-04T22:33:40.3868023Z ok 27        - list_comprehension                         95 ms
2025-12-04T22:33:40.4386492Z ok 28        - map_projection                             50 ms
2025-12-04T22:33:40.5781654Z ok 29        - pgvector                                  138 ms
2025-12-04T22:33:40.6222486Z ok 30        - fuzzystrmatch                              42 ms
2025-12-04T22:33:40.6782545Z ok 31        - pg_trgm                                    54 ms
2025-12-04T22:33:41.0995606Z ok 32        - drop                                      419 ms
2025-12-04T22:33:41.2358524Z 1..32
2025-12-04T22:33:41.2358936Z # All 32 tests passed.
2025-12-04T22:33:41.2466421Z Post job cleanup.
2025-12-04T22:33:41.3140631Z [command]/usr/bin/git version
2025-12-04T22:33:41.3171131Z git version 2.52.0
2025-12-04T22:33:41.3209679Z Temporarily overriding HOME='/home/runner/work/_temp/1158db60-99d8-4e91-8b9c-1d82cb9f1309' before making global git config changes
2025-12-04T22:33:41.3210963Z Adding repository directory to the temporary git global config as a safe directory
2025-12-04T22:33:41.3214361Z [command]/usr/bin/git config --global --add safe.directory /home/runner/work/age/age
2025-12-04T22:33:41.3242820Z [command]/usr/bin/git config --local --name-only --get-regexp core\.sshCommand
2025-12-04T22:33:41.3267893Z [command]/usr/bin/git submodule foreach --recursive sh -c "git config --local --name-only --get-regexp 'core\.sshCommand' && git config --local --unset-all 'core.sshCommand' || :"
2025-12-04T22:33:41.3451050Z [command]/usr/bin/git config --local --name-only --get-regexp http\.https\:\/\/github\.com\/\.extraheader
2025-12-04T22:33:41.3468237Z http.https://github.com/.extraheader
2025-12-04T22:33:41.3478399Z [command]/usr/bin/git config --local --unset-all http.https://github.com/.extraheader
2025-12-04T22:33:41.3502945Z [command]/usr/bin/git submodule foreach --recursive sh -c "git config --local --name-only --get-regexp 'http\.https\:\/\/github\.com\/\.extraheader' && git config --local --unset-all 'http.https://github.com/.extraheader' || :"
2025-12-04T22:33:41.3748916Z Post job cleanup.
2025-12-04T22:33:41.5163268Z [command]/usr/bin/tar --posix -cf cache.tzst --exclude cache.tzst -P -C /home/runner/work/age/age --files-from manifest.txt --use-compress-program zstdmt
2025-12-04T22:33:42.5200710Z Sent 22302054 of 22302054 (100.0%), 37.7 MBs/sec
2025-12-04T22:33:42.6548103Z Cache saved with key: Linux-v1-pg17-ce2f575b7cf4ac9dbebed4df226b7de64c7d340d
2025-12-04T22:33:42.6651975Z Cleaning up orphan processes
