2025-10-16T15:15:55.1383339Z Current runner version: '2.328.0'
2025-10-16T15:15:55.1406648Z ##[group]Runner Image Provisioner
2025-10-16T15:15:55.1407465Z Hosted Compute Agent
2025-10-16T15:15:55.1407972Z Version: 20250912.392
2025-10-16T15:15:55.1408972Z Commit: d921fda672a98b64f4f82364647e2f10b2267d0b
2025-10-16T15:15:55.1409719Z Build Date: 2025-09-12T15:23:14Z
2025-10-16T15:15:55.1410275Z ##[endgroup]
2025-10-16T15:15:55.1410833Z ##[group]Operating System
2025-10-16T15:15:55.1411375Z Ubuntu
2025-10-16T15:15:55.1411845Z 24.04.3
2025-10-16T15:15:55.1412254Z LTS
2025-10-16T15:15:55.1412789Z ##[endgroup]
2025-10-16T15:15:55.1413236Z ##[group]Runner Image
2025-10-16T15:15:55.1413749Z Image: ubuntu-24.04
2025-10-16T15:15:55.1414314Z Version: 20250929.60.1
2025-10-16T15:15:55.1415272Z Included Software: https://github.com/actions/runner-images/blob/ubuntu24/20250929.60/images/ubuntu/Ubuntu2404-Readme.md
2025-10-16T15:15:55.1416810Z Image Release: https://github.com/actions/runner-images/releases/tag/ubuntu24%2F20250929.60
2025-10-16T15:15:55.1417814Z ##[endgroup]
2025-10-16T15:15:55.1419003Z ##[group]GITHUB_TOKEN Permissions
2025-10-16T15:15:55.1420755Z Contents: read
2025-10-16T15:15:55.1421266Z Metadata: read
2025-10-16T15:15:55.1421876Z ##[endgroup]
2025-10-16T15:15:55.1423844Z Secret source: None
2025-10-16T15:15:55.1424509Z Prepare workflow directory
2025-10-16T15:15:55.1756967Z Prepare all required actions
2025-10-16T15:15:55.1796571Z Getting action download info
2025-10-16T15:15:55.6396975Z Download action repository 'actions/checkout@v4' (SHA:08eba0b27e820071cde6df949e0beb9ba4906955)
2025-10-16T15:15:55.8362356Z Download action repository 'tj-actions/changed-files@v46' (SHA:ed68ef82c095e0d48ec87eccea555d944a631a4c)
2025-10-16T15:15:56.5150588Z Download action repository 'actions/setup-node@v4' (SHA:49933ea5288caeca8642d1e84afbd3f7d6820020)
2025-10-16T15:15:56.7785562Z Complete job name: build (22.x)
2025-10-16T15:15:56.8643690Z ##[group]Run actions/checkout@v4
2025-10-16T15:15:56.8645013Z with:
2025-10-16T15:15:56.8645768Z   persist-credentials: true
2025-10-16T15:15:56.8646713Z   repository: axios/axios
2025-10-16T15:15:56.8647878Z   token: ***
2025-10-16T15:15:56.8648899Z   ssh-strict: true
2025-10-16T15:15:56.8649690Z   ssh-user: git
2025-10-16T15:15:56.8650440Z   clean: true
2025-10-16T15:15:56.8651241Z   sparse-checkout-cone-mode: true
2025-10-16T15:15:56.8652189Z   fetch-depth: 1
2025-10-16T15:15:56.8652956Z   fetch-tags: false
2025-10-16T15:15:56.8653768Z   show-progress: true
2025-10-16T15:15:56.8654554Z   lfs: false
2025-10-16T15:15:56.8655277Z   submodules: false
2025-10-16T15:15:56.8656072Z   set-safe-directory: true
2025-10-16T15:15:56.8657232Z ##[endgroup]
2025-10-16T15:15:56.9755721Z Syncing repository: axios/axios
2025-10-16T15:15:56.9758771Z ##[group]Getting Git version info
2025-10-16T15:15:56.9760017Z Working directory is '/home/runner/work/axios/axios'
2025-10-16T15:15:56.9761846Z [command]/usr/bin/git version
2025-10-16T15:15:56.9836852Z git version 2.51.0
2025-10-16T15:15:56.9864064Z ##[endgroup]
2025-10-16T15:15:56.9878093Z Temporarily overriding HOME='/home/runner/work/_temp/b5ceee7e-257c-4c1a-a7bc-6b47e7df9823' before making global git config changes
2025-10-16T15:15:56.9881088Z Adding repository directory to the temporary git global config as a safe directory
2025-10-16T15:15:56.9883648Z [command]/usr/bin/git config --global --add safe.directory /home/runner/work/axios/axios
2025-10-16T15:15:56.9918026Z Deleting the contents of '/home/runner/work/axios/axios'
2025-10-16T15:15:56.9921781Z ##[group]Initializing the repository
2025-10-16T15:15:56.9925859Z [command]/usr/bin/git init /home/runner/work/axios/axios
2025-10-16T15:15:57.0026851Z hint: Using 'master' as the name for the initial branch. This default branch name
2025-10-16T15:15:57.0029880Z hint: is subject to change. To configure the initial branch name to use in all
2025-10-16T15:15:57.0033148Z hint: of your new repositories, which will suppress this warning, call:
2025-10-16T15:15:57.0035848Z hint:
2025-10-16T15:15:57.0037497Z hint: 	git config --global init.defaultBranch <name>
2025-10-16T15:15:57.0040037Z hint:
2025-10-16T15:15:57.0041974Z hint: Names commonly chosen instead of 'master' are 'main', 'trunk' and
2025-10-16T15:15:57.0119604Z hint: 'development'. The just-created branch can be renamed via this command:
2025-10-16T15:15:57.0122229Z hint:
2025-10-16T15:15:57.0123543Z hint: 	git branch -m <name>
2025-10-16T15:15:57.0125019Z hint:
2025-10-16T15:15:57.0127072Z hint: Disable this message with "git config set advice.defaultBranchName false"
2025-10-16T15:15:57.0130676Z Initialized empty Git repository in /home/runner/work/axios/axios/.git/
2025-10-16T15:15:57.0135484Z [command]/usr/bin/git remote add origin https://github.com/axios/axios
2025-10-16T15:15:57.0138607Z ##[endgroup]
2025-10-16T15:15:57.0139956Z ##[group]Disabling automatic garbage collection
2025-10-16T15:15:57.0142017Z [command]/usr/bin/git config --local gc.auto 0
2025-10-16T15:15:57.0145685Z ##[endgroup]
2025-10-16T15:15:57.0146942Z ##[group]Setting up auth
2025-10-16T15:15:57.0148702Z [command]/usr/bin/git config --local --name-only --get-regexp core\.sshCommand
2025-10-16T15:15:57.0163689Z [command]/usr/bin/git submodule foreach --recursive sh -c "git config --local --name-only --get-regexp 'core\.sshCommand' && git config --local --unset-all 'core.sshCommand' || :"
2025-10-16T15:15:57.0485959Z [command]/usr/bin/git config --local --name-only --get-regexp http\.https\:\/\/github\.com\/\.extraheader
2025-10-16T15:15:57.0518350Z [command]/usr/bin/git submodule foreach --recursive sh -c "git config --local --name-only --get-regexp 'http\.https\:\/\/github\.com\/\.extraheader' && git config --local --unset-all 'http.https://github.com/.extraheader' || :"
2025-10-16T15:15:57.0743834Z [command]/usr/bin/git config --local http.https://github.com/.extraheader AUTHORIZATION: basic ***
2025-10-16T15:15:57.0780035Z ##[endgroup]
2025-10-16T15:15:57.0781793Z ##[group]Fetching the repository
2025-10-16T15:15:57.0789402Z [command]/usr/bin/git -c protocol.version=2 fetch --no-tags --prune --no-recurse-submodules --depth=1 origin +93cef23e25ebba0049a968d5a52863a3471fef03:refs/remotes/pull/7155/merge
2025-10-16T15:15:57.6656923Z From https://github.com/axios/axios
2025-10-16T15:15:57.6658699Z  * [new ref]         93cef23e25ebba0049a968d5a52863a3471fef03 -> pull/7155/merge
2025-10-16T15:15:57.6689102Z ##[endgroup]
2025-10-16T15:15:57.6690649Z ##[group]Determining the checkout info
2025-10-16T15:15:57.6692151Z ##[endgroup]
2025-10-16T15:15:57.6695518Z [command]/usr/bin/git sparse-checkout disable
2025-10-16T15:15:57.6735723Z [command]/usr/bin/git config --local --unset-all extensions.worktreeConfig
2025-10-16T15:15:57.6764864Z ##[group]Checking out the ref
2025-10-16T15:15:57.6767300Z [command]/usr/bin/git checkout --progress --force refs/remotes/pull/7155/merge
2025-10-16T15:15:57.6982101Z Note: switching to 'refs/remotes/pull/7155/merge'.
2025-10-16T15:15:57.6983433Z 
2025-10-16T15:15:57.6984542Z You are in 'detached HEAD' state. You can look around, make experimental
2025-10-16T15:15:57.6986473Z changes and commit them, and you can discard any commits you make in this
2025-10-16T15:15:57.6988340Z state without impacting any branches by switching back to a branch.
2025-10-16T15:15:57.6989921Z 
2025-10-16T15:15:57.6990663Z If you want to create a new branch to retain commits you create, you may
2025-10-16T15:15:57.6992174Z do so (now or later) by using -c with the switch command. Example:
2025-10-16T15:15:57.6993032Z 
2025-10-16T15:15:57.6993535Z   git switch -c <new-branch-name>
2025-10-16T15:15:57.6994312Z 
2025-10-16T15:15:57.6994670Z Or undo this operation with:
2025-10-16T15:15:57.6995231Z 
2025-10-16T15:15:57.6995532Z   git switch -
2025-10-16T15:15:57.6995970Z 
2025-10-16T15:15:57.6996724Z Turn off this advice by setting config variable advice.detachedHead to false
2025-10-16T15:15:57.6997739Z 
2025-10-16T15:15:57.6999126Z HEAD is now at 93cef23 Merge cfbcedcb4e19304989043b074c8919acb7599a1b into c2911ccc6a143a9abb574e160f6c09d72f5501c9
2025-10-16T15:15:57.7002487Z ##[endgroup]
2025-10-16T15:15:57.7030019Z [command]/usr/bin/git log -1 --format=%H
2025-10-16T15:15:57.7052258Z 93cef23e25ebba0049a968d5a52863a3471fef03
2025-10-16T15:15:57.7516634Z ##[group]Run tj-actions/changed-files@v46
2025-10-16T15:15:57.7517675Z with:
2025-10-16T15:15:57.7518468Z   separator:  
2025-10-16T15:15:57.7519270Z   include_all_old_new_renamed_files: false
2025-10-16T15:15:57.7520254Z   old_new_separator: ,
2025-10-16T15:15:57.7521051Z   old_new_files_separator:  
2025-10-16T15:15:57.7521963Z   files_from_source_file_separator: 

2025-10-16T15:15:57.7522906Z   files_separator: 

2025-10-16T15:15:57.7523753Z   files_yaml_from_source_file_separator: 

2025-10-16T15:15:57.7524845Z   files_ignore_yaml_from_source_file_separator: 

2025-10-16T15:15:57.7525909Z   files_ignore_separator: 

2025-10-16T15:15:57.7526828Z   files_ignore_from_source_file_separator: 

2025-10-16T15:15:57.7527805Z   path: .
2025-10-16T15:15:57.7528771Z   quotepath: true
2025-10-16T15:15:57.7529524Z   diff_relative: true
2025-10-16T15:15:57.7530291Z   dir_names: false
2025-10-16T15:15:57.7531094Z   dir_names_exclude_current_dir: false
2025-10-16T15:15:57.7532138Z   dir_names_include_files_separator: 

2025-10-16T15:15:57.7533277Z   dir_names_deleted_files_include_only_deleted_dirs: false
2025-10-16T15:15:57.7534390Z   json: false
2025-10-16T15:15:57.7535094Z   escape_json: true
2025-10-16T15:15:57.7535843Z   safe_output: true
2025-10-16T15:15:57.7536577Z   fetch_depth: 25
2025-10-16T15:15:57.7537330Z   skip_initial_fetch: false
2025-10-16T15:15:57.7538496Z   fetch_additional_submodule_history: false
2025-10-16T15:15:57.7539552Z   since_last_remote_commit: false
2025-10-16T15:15:57.7540457Z   write_output_files: false
2025-10-16T15:15:57.7541338Z   output_dir: .github/outputs
2025-10-16T15:15:57.7542313Z   output_renamed_files_as_deleted_and_added: false
2025-10-16T15:15:57.7543398Z   recover_deleted_files: false
2025-10-16T15:15:57.7544287Z   recover_files_separator: 

2025-10-16T15:15:57.7545183Z   recover_files_ignore_separator: 

2025-10-16T15:15:57.7546370Z   token: ***
2025-10-16T15:15:57.7547152Z   api_url: https://api.github.com
2025-10-16T15:15:57.7548084Z   use_rest_api: false
2025-10-16T15:15:57.7549007Z   fail_on_initial_diff_error: false
2025-10-16T15:15:57.7549973Z   fail_on_submodule_diff_error: false
2025-10-16T15:15:57.7550956Z   negation_patterns_first: false
2025-10-16T15:15:57.7551829Z   matrix: false
2025-10-16T15:15:57.7552571Z   exclude_submodules: false
2025-10-16T15:15:57.7553452Z   fetch_missing_history_max_retries: 20
2025-10-16T15:15:57.7554436Z   use_posix_path_separator: false
2025-10-16T15:15:57.7555325Z   tags_pattern: *
2025-10-16T15:15:57.7556047Z ##[endgroup]
2025-10-16T15:15:57.8762013Z ##[group]changed-files
2025-10-16T15:15:57.8904830Z Using local .git directory
2025-10-16T15:15:57.9352956Z Running on a pull_request (opened) event...
2025-10-16T15:15:57.9357273Z Repository is shallow, fetching more history...
2025-10-16T15:16:02.6965767Z Completed fetching more history.
2025-10-16T15:16:02.7380058Z Retrieving changes between c2911ccc6a143a9abb574e160f6c09d72f5501c9 (v1.x) → cfbcedcb4e19304989043b074c8919acb7599a1b (fix/fetch-env-bug)
2025-10-16T15:16:02.7428355Z All Done!
2025-10-16T15:16:02.7429169Z ##[endgroup]
2025-10-16T15:16:02.7431596Z ##[group]changed-files-all
2025-10-16T15:16:02.7493262Z All Done!
2025-10-16T15:16:02.7494003Z ##[endgroup]
2025-10-16T15:16:02.7658295Z ##[group]Run for file in lib/adapters/fetch.js; do
2025-10-16T15:16:02.7658735Z [36;1mfor file in lib/adapters/fetch.js; do[0m
2025-10-16T15:16:02.7659034Z [36;1m  echo "$file was changed"[0m
2025-10-16T15:16:02.7659263Z [36;1mdone[0m
2025-10-16T15:16:02.7696746Z shell: /usr/bin/bash -e {0}
2025-10-16T15:16:02.7697016Z ##[endgroup]
2025-10-16T15:16:02.7771040Z lib/adapters/fetch.js was changed
2025-10-16T15:16:02.7988852Z ##[group]Run tj-actions/changed-files@v46
2025-10-16T15:16:02.7989199Z with:
2025-10-16T15:16:02.7989475Z   files: **.md
sandbox/**
examples/**
.github/**
templates/**
bin/**

2025-10-16T15:16:02.7989781Z   separator:  
2025-10-16T15:16:02.7989988Z   include_all_old_new_renamed_files: false
2025-10-16T15:16:02.7990439Z   old_new_separator: ,
2025-10-16T15:16:02.7990640Z   old_new_files_separator:  
2025-10-16T15:16:02.7990875Z   files_from_source_file_separator: 

2025-10-16T15:16:02.7991124Z   files_separator: 

2025-10-16T15:16:02.7991343Z   files_yaml_from_source_file_separator: 

2025-10-16T15:16:02.7991625Z   files_ignore_yaml_from_source_file_separator: 

2025-10-16T15:16:02.7991901Z   files_ignore_separator: 

2025-10-16T15:16:02.7992134Z   files_ignore_from_source_file_separator: 

2025-10-16T15:16:02.7992385Z   path: .
2025-10-16T15:16:02.7992551Z   quotepath: true
2025-10-16T15:16:02.7992761Z   diff_relative: true
2025-10-16T15:16:02.7992992Z   dir_names: false
2025-10-16T15:16:02.7993230Z   dir_names_exclude_current_dir: false
2025-10-16T15:16:02.7993482Z   dir_names_include_files_separator: 

2025-10-16T15:16:02.7993778Z   dir_names_deleted_files_include_only_deleted_dirs: false
2025-10-16T15:16:02.7994057Z   json: false
2025-10-16T15:16:02.7994239Z   escape_json: true
2025-10-16T15:16:02.7994424Z   safe_output: true
2025-10-16T15:16:02.7994596Z   fetch_depth: 25
2025-10-16T15:16:02.7994787Z   skip_initial_fetch: false
2025-10-16T15:16:02.7995017Z   fetch_additional_submodule_history: false
2025-10-16T15:16:02.7995283Z   since_last_remote_commit: false
2025-10-16T15:16:02.7995514Z   write_output_files: false
2025-10-16T15:16:02.7995728Z   output_dir: .github/outputs
2025-10-16T15:16:02.7995972Z   output_renamed_files_as_deleted_and_added: false
2025-10-16T15:16:02.7996246Z   recover_deleted_files: false
2025-10-16T15:16:02.7996472Z   recover_files_separator: 

2025-10-16T15:16:02.7996697Z   recover_files_ignore_separator: 

2025-10-16T15:16:02.7997079Z   token: ***
2025-10-16T15:16:02.7997292Z   api_url: https://api.github.com
2025-10-16T15:16:02.7997533Z   use_rest_api: false
2025-10-16T15:16:02.7997733Z   fail_on_initial_diff_error: false
2025-10-16T15:16:02.7997981Z   fail_on_submodule_diff_error: false
2025-10-16T15:16:02.7998360Z   negation_patterns_first: false
2025-10-16T15:16:02.7998595Z   matrix: false
2025-10-16T15:16:02.7998784Z   exclude_submodules: false
2025-10-16T15:16:02.7999004Z   fetch_missing_history_max_retries: 20
2025-10-16T15:16:02.7999256Z   use_posix_path_separator: false
2025-10-16T15:16:02.7999472Z   tags_pattern: *
2025-10-16T15:16:02.7999657Z ##[endgroup]
2025-10-16T15:16:02.9186638Z ##[group]changed-files
2025-10-16T15:16:02.9322591Z Using local .git directory
2025-10-16T15:16:02.9719390Z Running on a pull_request (opened) event...
2025-10-16T15:16:02.9723903Z Repository is shallow, fetching more history...
2025-10-16T15:16:04.3830932Z Completed fetching more history.
2025-10-16T15:16:04.4247738Z Retrieving changes between c2911ccc6a143a9abb574e160f6c09d72f5501c9 (v1.x) → cfbcedcb4e19304989043b074c8919acb7599a1b (fix/fetch-env-bug)
2025-10-16T15:16:04.4299786Z All Done!
2025-10-16T15:16:04.4300925Z ##[endgroup]
2025-10-16T15:16:04.4303847Z ##[group]changed-files-patterns
2025-10-16T15:16:04.4400498Z All Done!
2025-10-16T15:16:04.4401116Z ##[endgroup]
2025-10-16T15:16:04.4528375Z ##[group]Run actions/setup-node@v4
2025-10-16T15:16:04.4528651Z with:
2025-10-16T15:16:04.4528832Z   node-version: 22.x
2025-10-16T15:16:04.4529018Z   cache: npm
2025-10-16T15:16:04.4529197Z   always-auth: false
2025-10-16T15:16:04.4529384Z   check-latest: false
2025-10-16T15:16:04.4529684Z   token: ***
2025-10-16T15:16:04.4529860Z ##[endgroup]
2025-10-16T15:16:04.6288761Z Found in cache @ /opt/hostedtoolcache/node/22.20.0/x64
2025-10-16T15:16:04.6294897Z ##[group]Environment details
2025-10-16T15:16:05.0576845Z node: v22.20.0
2025-10-16T15:16:05.0577264Z npm: 10.9.3
2025-10-16T15:16:05.0577558Z yarn: 1.22.22
2025-10-16T15:16:05.0578524Z ##[endgroup]
2025-10-16T15:16:05.0598496Z [command]/opt/hostedtoolcache/node/22.20.0/x64/bin/npm config get cache
2025-10-16T15:16:05.1682803Z /home/runner/.npm
2025-10-16T15:16:05.4878500Z Cache hit for: node-cache-Linux-x64-npm-4fa936ac74cd93edcd7289c49f41debae0f12b64b2bf8a12af72ee85a57db8f9
2025-10-16T15:16:06.6982893Z Received 43061688 of 55644600 (77.4%), 41.0 MBs/sec
2025-10-16T15:16:06.8039350Z Received 55644600 of 55644600 (100.0%), 48.0 MBs/sec
2025-10-16T15:16:06.8041501Z Cache Size: ~53 MB (55644600 B)
2025-10-16T15:16:06.8078755Z [command]/usr/bin/tar -xf /home/runner/work/_temp/8004980c-da04-4802-b568-e8b10ce6a253/cache.tzst -P -C /home/runner/work/axios/axios --use-compress-program unzstd
2025-10-16T15:16:07.2144686Z Cache restored successfully
2025-10-16T15:16:07.2267644Z Cache restored from key: node-cache-Linux-x64-npm-4fa936ac74cd93edcd7289c49f41debae0f12b64b2bf8a12af72ee85a57db8f9
2025-10-16T15:16:07.2414542Z ##[group]Run npm ci
2025-10-16T15:16:07.2414818Z [36;1mnpm ci[0m
2025-10-16T15:16:07.2455803Z shell: /usr/bin/bash -e {0}
2025-10-16T15:16:07.2456053Z ##[endgroup]
2025-10-16T15:16:13.3843155Z npm warn deprecated source-map-url@0.4.1: See https://github.com/lydell/source-map-url#deprecated
2025-10-16T15:16:13.5386793Z npm warn deprecated urix@0.1.0: Please see https://github.com/lydell/urix#deprecated
2025-10-16T15:16:13.5562219Z npm warn deprecated har-validator@5.1.5: this library is no longer supported
2025-10-16T15:16:13.7304432Z npm warn deprecated resolve-url@0.2.1: https://github.com/lydell/resolve-url#deprecated
2025-10-16T15:16:13.8187433Z npm warn deprecated source-map-resolve@0.5.3: See https://github.com/lydell/source-map-resolve#deprecated
2025-10-16T15:16:14.0721340Z npm warn deprecated chokidar@2.1.8: Chokidar 2 does not receive security updates since 2019. Upgrade to chokidar 3 with 15x fewer dependencies
2025-10-16T15:16:14.0786203Z npm warn deprecated chokidar@2.1.8: Chokidar 2 does not receive security updates since 2019. Upgrade to chokidar 3 with 15x fewer dependencies
2025-10-16T15:16:14.0871137Z npm warn deprecated querystring@0.2.0: The querystring API is considered Legacy. new code should use the URLSearchParams API instead.
2025-10-16T15:16:14.1501934Z npm warn deprecated samsam@1.3.0: This package has been deprecated in favour of @sinonjs/samsam
2025-10-16T15:16:14.2797043Z npm warn deprecated uuid@3.4.0: Please upgrade  to version 7 or higher.  Older versions may use Math.random() in certain circumstances, which is known to be problematic.  See https://v8.dev/blog/math-random for details.
2025-10-16T15:16:14.5670993Z npm warn deprecated request@2.88.2: request has been deprecated, see https://github.com/request/request/issues/3142
2025-10-16T15:16:14.7565870Z npm warn deprecated vm2@3.9.19: The library contains critical security issues and should not be used for production! The maintenance of the project has been discontinued. Consider migrating your code to isolated-vm.
2025-10-16T15:16:15.5782468Z npm warn deprecated tar@2.2.2: This version of tar is no longer supported, and will not receive security updates. Please upgrade asap.
2025-10-16T15:16:16.9328526Z npm warn deprecated core-js@2.6.12: core-js@<3.4 is no longer maintained and not recommended for usage due to the number of issues. Because of the V8 engine whims, feature detection in old core-js versions could cause a slowdown up to 100x even if nothing is polyfilled. Please, upgrade your dependencies to the actual version of core-js.
2025-10-16T15:16:21.2611375Z 
2025-10-16T15:16:21.2612468Z > axios@1.12.2 prepare
2025-10-16T15:16:21.2613032Z > husky install && npm run prepare:hooks
2025-10-16T15:16:21.2613354Z 
2025-10-16T15:16:21.3044907Z husky - Git hooks installed
2025-10-16T15:16:21.4001188Z 
2025-10-16T15:16:21.4001784Z > axios@1.12.2 prepare:hooks
2025-10-16T15:16:21.4002485Z > npx husky set .husky/commit-msg "npx commitlint --edit $1"
2025-10-16T15:16:21.4002897Z 
2025-10-16T15:16:21.8206480Z husky - created .husky/commit-msg
2025-10-16T15:16:21.8982578Z 
2025-10-16T15:16:21.8984086Z added 2261 packages, and audited 2262 packages in 15s
2025-10-16T15:16:21.8985159Z 
2025-10-16T15:16:21.8985659Z 223 packages are looking for funding
2025-10-16T15:16:21.8986570Z   run `npm fund` for details
2025-10-16T15:16:21.9492018Z 
2025-10-16T15:16:21.9493094Z 81 vulnerabilities (6 low, 25 moderate, 37 high, 13 critical)
2025-10-16T15:16:21.9493996Z 
2025-10-16T15:16:21.9494354Z To address issues that do not require attention, run:
2025-10-16T15:16:21.9494854Z   npm audit fix
2025-10-16T15:16:21.9495043Z 
2025-10-16T15:16:21.9495452Z To address all issues possible (including breaking changes), run:
2025-10-16T15:16:21.9496025Z   npm audit fix --force
2025-10-16T15:16:21.9496253Z 
2025-10-16T15:16:21.9496553Z Some issues need review, and may require choosing
2025-10-16T15:16:21.9497211Z a different dependency.
2025-10-16T15:16:21.9497428Z 
2025-10-16T15:16:21.9497613Z Run `npm audit` for details.
2025-10-16T15:16:22.0695993Z ##[group]Run npm run build
2025-10-16T15:16:22.0696400Z [36;1mnpm run build[0m
2025-10-16T15:16:22.0742478Z shell: /usr/bin/bash -e {0}
2025-10-16T15:16:22.0742919Z ##[endgroup]
2025-10-16T15:16:22.1735960Z 
2025-10-16T15:16:22.1736496Z > axios@1.12.2 build
2025-10-16T15:16:22.1738453Z > gulp clear && cross-env NODE_ENV=production rollup -c -m
2025-10-16T15:16:22.1738862Z 
2025-10-16T15:16:22.6574593Z [GITHUB_TOKEN is not defined]
2025-10-16T15:16:22.6601417Z [15:16:22] Using gulpfile ~/work/axios/axios/gulpfile.js
2025-10-16T15:16:22.6606084Z [15:16:22] Starting 'clear'...
2025-10-16T15:16:22.6631658Z [15:16:22] Finished 'clear' after 2.38 ms
2025-10-16T15:16:22.9186030Z [36m
2025-10-16T15:16:22.9186654Z [1m./index.js[22m → [1mdist/esm/axios.js[22m...[39m
2025-10-16T15:16:23.2455278Z [32mcreated [1mdist/esm/axios.js[22m in [1m327ms[22m[39m
2025-10-16T15:16:23.2455696Z [36m
2025-10-16T15:16:23.2456088Z [1m./index.js[22m → [1mdist/esm/axios.min.js[22m...[39m
2025-10-16T15:16:24.0031486Z Created bundle axios.min.js: 36.44 kB → 14.27 kB (gzip)
2025-10-16T15:16:24.0115904Z [32mcreated [1mdist/esm/axios.min.js[22m in [1m766ms[22m[39m
2025-10-16T15:16:24.0117945Z [36m
2025-10-16T15:16:24.0120391Z [1m./lib/axios.js[22m → [1mdist/axios.js[22m...[39m
2025-10-16T15:16:25.6938368Z [32mcreated [1mdist/axios.js[22m in [1m1.6s[22m[39m
2025-10-16T15:16:25.6938879Z [36m
2025-10-16T15:16:25.6939335Z [1m./lib/axios.js[22m → [1mdist/axios.min.js[22m...[39m
2025-10-16T15:16:27.2588676Z Created bundle axios.min.js: 55.26 kB → 19.3 kB (gzip)
2025-10-16T15:16:27.2658382Z [32mcreated [1mdist/axios.min.js[22m in [1m1.5s[22m[39m
2025-10-16T15:16:27.2660079Z [36m
2025-10-16T15:16:27.2661210Z [1m./lib/axios.js[22m → [1mdist/browser/axios.cjs[22m...[39m
2025-10-16T15:16:27.4156625Z [32mcreated [1mdist/browser/axios.cjs[22m in [1m150ms[22m[39m
2025-10-16T15:16:27.4157264Z [36m
2025-10-16T15:16:27.4157919Z [1m./lib/axios.js[22m → [1mdist/node/axios.cjs[22m...[39m
2025-10-16T15:16:27.6185101Z [32mcreated [1mdist/node/axios.cjs[22m in [1m203ms[22m[39m
2025-10-16T15:16:27.6562850Z ##[group]Run npm run test:node
2025-10-16T15:16:27.6563154Z [36;1mnpm run test:node[0m
2025-10-16T15:16:27.6595910Z shell: /usr/bin/bash -e {0}
2025-10-16T15:16:27.6596160Z ##[endgroup]
2025-10-16T15:16:27.7560985Z 
2025-10-16T15:16:27.7561638Z > axios@1.12.2 test:node
2025-10-16T15:16:27.7562425Z > npm run test:mocha
2025-10-16T15:16:27.7562741Z 
2025-10-16T15:16:27.8524211Z 
2025-10-16T15:16:27.8524755Z > axios@1.12.2 test:mocha
2025-10-16T15:16:27.8525417Z > node bin/ssl_hotfix.js mocha test/unit/**/*.js --timeout 30000 --exit
2025-10-16T15:16:27.8525755Z 
2025-10-16T15:16:27.8808088Z Running mocha test/unit/adapters/adapters.js test/unit/adapters/error-details.spec.js test/unit/adapters/fetch.js test/unit/adapters/http.js test/unit/core/Axios.js test/unit/core/AxiosHeaders.js test/unit/defaults/transformResponse.js test/unit/helpers/composeSignals.js test/unit/helpers/estimateDataURLDecodedBytes.spec.js test/unit/helpers/fromDataURI.js test/unit/helpers/parseProtocol.js test/unit/platform/index.js test/unit/regression/SNYK-JS-AXIOS-1038255.js test/unit/regression/SNYK-JS-AXIOS-7361793.js test/unit/regression/bugs.js test/unit/utils/utils.js --timeout 30000 --exit on v22.20.0
2025-10-16T15:16:27.8812300Z 
2025-10-16T15:16:27.8812914Z Setting --openssl-legacy-provider as ssl hotfix
2025-10-16T15:16:28.2419119Z 
2025-10-16T15:16:28.2424432Z 
2025-10-16T15:16:28.2440396Z   adapters
2025-10-16T15:16:28.2451528Z     ✔ should support loading by fn handle
2025-10-16T15:16:28.2455153Z     ✔ should support loading by name
2025-10-16T15:16:28.2462270Z     ✔ should detect adapter unavailable status
2025-10-16T15:16:28.2464777Z     ✔ should detect adapter unsupported status
2025-10-16T15:16:28.2467488Z     ✔ should pick suitable adapter from the list
2025-10-16T15:16:28.2469843Z 
2025-10-16T15:16:28.2472893Z   adapters – network-error details
2025-10-16T15:16:28.2611210Z     ✔ should expose ECONNREFUSED and set error.cause on connection refusal
2025-10-16T15:16:28.2783621Z     ✔ should expose self-signed TLS error and set error.cause
2025-10-16T15:16:28.2786250Z 
2025-10-16T15:16:28.2787353Z   supports fetch with nodejs
2025-10-16T15:16:28.2861012Z     ✔ should support basic auth
2025-10-16T15:16:28.3079532Z     ✔ should support stream.Readable as a payload
2025-10-16T15:16:28.8110037Z     ✔ should support a timeout (501ms)
2025-10-16T15:16:28.8155307Z     ✔ should combine baseURL and url
2025-10-16T15:16:28.8197527Z     ✔ should support params
2025-10-16T15:16:28.8567676Z     ✔ should handle fetch failed error as an AxiosError with ERR_NETWORK code
2025-10-16T15:16:28.8597067Z     ✔ should get response headers
2025-10-16T15:16:28.8600496Z     responses
2025-10-16T15:16:28.8631844Z       ✔ should support text response type
2025-10-16T15:16:28.8670655Z       ✔ should support arraybuffer response type
2025-10-16T15:16:28.8708998Z       ✔ should support blob response type
2025-10-16T15:16:28.8739423Z       ✔ should support stream response type
2025-10-16T15:16:28.8793718Z       ✔ should support formData response type
2025-10-16T15:16:28.8821525Z       ✔ should support json response type
2025-10-16T15:16:28.8826560Z     progress
2025-10-16T15:16:28.8827215Z       upload
2025-10-16T15:16:29.9865643Z Upload Progress 4 from 40 bytes (10.0%)
2025-10-16T15:16:31.0857770Z Upload Progress 8 from 40 bytes (20.0%)
2025-10-16T15:16:32.1856478Z Upload Progress 12 from 40 bytes (30.0%)
2025-10-16T15:16:33.2865688Z Upload Progress 16 from 40 bytes (40.0%)
2025-10-16T15:16:34.3872288Z Upload Progress 20 from 40 bytes (50.0%)
2025-10-16T15:16:35.4869868Z Upload Progress 24 from 40 bytes (60.0%)
2025-10-16T15:16:36.5873924Z Upload Progress 28 from 40 bytes (70.0%)
2025-10-16T15:16:37.6868853Z Upload Progress 32 from 40 bytes (80.0%)
2025-10-16T15:16:38.7872449Z Upload Progress 36 from 40 bytes (90.0%)
2025-10-16T15:16:39.8872350Z Upload Progress 40 from 40 bytes (100.0%)
2025-10-16T15:16:40.3899520Z         ✔ should support upload progress capturing (11507ms)
2025-10-16T15:16:40.3928477Z         ✔ should not fail with get method
2025-10-16T15:16:40.3932324Z       download
2025-10-16T15:16:41.4981662Z Download Progress 4 from 40 bytes (10.0%)
2025-10-16T15:16:42.5965657Z Download Progress 8 from 40 bytes (20.0%)
2025-10-16T15:16:43.6960569Z Download Progress 12 from 40 bytes (30.0%)
2025-10-16T15:16:44.7964884Z Download Progress 16 from 40 bytes (40.0%)
2025-10-16T15:16:45.8959151Z Download Progress 20 from 40 bytes (50.0%)
2025-10-16T15:16:46.9968997Z Download Progress 24 from 40 bytes (60.0%)
2025-10-16T15:16:48.0962758Z Download Progress 28 from 40 bytes (70.0%)
2025-10-16T15:16:49.1966480Z Download Progress 32 from 40 bytes (80.0%)
2025-10-16T15:16:50.2970218Z Download Progress 36 from 40 bytes (90.0%)
2025-10-16T15:16:51.3983777Z Download Progress 40 from 40 bytes (100.0%)
2025-10-16T15:16:51.8992417Z         ✔ should support download progress capturing (11505ms)
2025-10-16T15:16:51.8994859Z     request aborting
2025-10-16T15:16:52.4023796Z       ✔ should be able to abort the request stream (503ms)
2025-10-16T15:16:52.4031411Z HTTP server error: Error: aborted
2025-10-16T15:16:52.4031987Z     at abortIncoming (node:_http_server:825:17)
2025-10-16T15:16:52.4032597Z     at socketOnClose (node:_http_server:819:3)
2025-10-16T15:16:52.4033167Z     at Socket.emit (node:events:531:35)
2025-10-16T15:16:52.4033769Z     at TCP.<anonymous> (node:net:346:12) {
2025-10-16T15:16:52.4034782Z   code: 'ECONNRESET',
2025-10-16T15:16:52.4035272Z   bufferedData: 'chunkchunkchunkchunk'
2025-10-16T15:16:52.4035824Z }
2025-10-16T15:16:53.2067010Z       ✔ should be able to abort the response stream (802ms)
2025-10-16T15:16:53.2075698Z     fetch adapter - Content-Type handling
2025-10-16T15:16:53.2120016Z       ✔ should set correct Content-Type for FormData automatically
2025-10-16T15:16:53.2126110Z     env config
2025-10-16T15:16:53.2134640Z       ✔ should respect env fetch API configuration
2025-10-16T15:16:53.2141020Z       ✔ should be able to request with lack of Request object
2025-10-16T15:16:53.2147013Z       ✔ should be able to handle response with lack of Response object
2025-10-16T15:16:53.2163809Z       ✔ should fallback to the global on undefined env value
2025-10-16T15:16:53.2171659Z       ✔ should use current global fetch when env fetch is not specified
2025-10-16T15:16:53.2172778Z 
2025-10-16T15:16:53.2175764Z   supports http with nodejs
2025-10-16T15:16:53.2198603Z     ✔ should support IPv4 literal strings
2025-10-16T15:16:53.2223492Z     ✔ should support IPv6 literal strings
2025-10-16T15:16:53.5239744Z     ✔ should throw an error if the timeout property is not parsable as a number (301ms)
2025-10-16T15:16:53.8257425Z     ✔ should parse the timeout property (301ms)
2025-10-16T15:16:54.1271370Z     ✔ should respect the timeout property (301ms)
2025-10-16T15:16:54.4290461Z     ✔ should respect the timeoutErrorMessage property (301ms)
2025-10-16T15:16:54.4314757Z     ✔ should allow passing JSON
2025-10-16T15:16:54.4337971Z     ✔ should allow passing JSON with BOM
2025-10-16T15:16:54.4370236Z     ✔ should redirect
2025-10-16T15:16:54.4387994Z     ✔ should not redirect
2025-10-16T15:16:54.4441181Z     ✔ should support max redirects
2025-10-16T15:16:54.4459052Z     ✔ should support beforeRedirect
2025-10-16T15:16:54.4587255Z     ✔ should support beforeRedirect and proxy with redirect
2025-10-16T15:16:54.4604920Z     ✔ should wrap HTTP errors and keep stack
2025-10-16T15:16:54.4613233Z     ✔ should wrap interceptor errors and keep stack
2025-10-16T15:16:54.4640250Z     ✔ should preserve the HTTP verb on redirect
2025-10-16T15:16:54.4687741Z     ✔ should support UTF8
2025-10-16T15:16:54.4703966Z     ✔ should support basic auth
2025-10-16T15:16:54.4720593Z     ✔ should support basic auth with a header
2025-10-16T15:16:54.4737200Z     ✔ should provides a default User-Agent header
2025-10-16T15:16:54.4752893Z     ✔ should allow the User-Agent header to be overridden
2025-10-16T15:16:54.4771685Z     ✔ should allow the Content-Length header to be overridden
2025-10-16T15:16:54.4792949Z     ✔ should support max content length
2025-10-16T15:16:54.5809134Z     ✔ should support max content length for redirected (101ms)
2025-10-16T15:16:54.6836444Z     ✔ should support max body length (103ms)
2025-10-16T15:16:55.0048734Z     ✔ should properly support default max body length (follow-redirects as well) (321ms)
2025-10-16T15:16:55.0061922Z     ✔ should display error while parsing params
2025-10-16T15:16:55.0076729Z     ✔ should support sockets
2025-10-16T15:16:55.0096949Z     ✔ should support buffers
2025-10-16T15:16:55.0121748Z     ✔ should support HTTP proxies
2025-10-16T15:16:55.0224514Z     ✔ should support HTTPS proxies
2025-10-16T15:16:55.0242972Z     ✔ should not pass through disabled proxy
2025-10-16T15:16:55.0267301Z     ✔ should support proxy set via env var
2025-10-16T15:16:55.0429989Z     ✔ should support HTTPS proxy set via env var
2025-10-16T15:16:55.0507053Z     ✔ should re-evaluate proxy on redirect when proxy set via env var
2025-10-16T15:16:55.0526925Z     ✔ should not use proxy for domains in no_proxy
2025-10-16T15:16:55.0549389Z     ✔ should use proxy for domains not in no_proxy
2025-10-16T15:16:55.0573837Z     ✔ should support HTTP proxy auth
2025-10-16T15:16:55.0596613Z     ✔ should support proxy auth from env
2025-10-16T15:16:55.0623354Z     ✔ should support proxy auth with header
2025-10-16T15:16:55.0645670Z     ✔ should support cancel
2025-10-16T15:16:55.0665654Z     ✔ should combine baseURL and url
2025-10-16T15:16:56.0681169Z     ✔ should support HTTP protocol (1001ms)
2025-10-16T15:16:56.2394312Z     ✔ should support HTTPS protocol (171ms)
2025-10-16T15:16:56.5410681Z     ✔ should return malformed URL (301ms)
2025-10-16T15:16:56.8417504Z     ✔ should return unsupported protocol (300ms)
2025-10-16T15:16:56.8436733Z     ✔ should supply a user-agent if one is not specified
2025-10-16T15:16:56.8451779Z     ✔ should omit a user-agent if one is explicitly disclaimed
2025-10-16T15:16:57.0476759Z     ✔ should throw an error if http server that aborts a chunked request (202ms)
2025-10-16T15:16:57.0491151Z     ✔ should able to cancel multiple requests with CancelToken
2025-10-16T15:16:57.0516003Z     ✔ should respect formSerializer config
2025-10-16T15:16:57.0524187Z     ✔ should properly handle synchronous errors inside the adapter
2025-10-16T15:16:57.0539957Z     ✔ should support function as paramsSerializer value
2025-10-16T15:16:57.0543020Z     compression
2025-10-16T15:16:57.0564318Z       ✔ should support transparent gunzip
2025-10-16T15:16:57.0585875Z       ✔ should support gunzip error handling
2025-10-16T15:16:57.0605768Z       ✔ should support disabling automatic decompression of response data
2025-10-16T15:16:57.0610189Z       algorithms
2025-10-16T15:16:57.0610924Z         gzip decompression
2025-10-16T15:16:57.0632465Z           ✔ should support decompression
2025-10-16T15:16:57.0654476Z           ✔ should not fail if response content-length header is missing (gzip)
2025-10-16T15:16:57.0672403Z           ✔ should not fail with chunked responses (without Content-Length header)
2025-10-16T15:16:57.0687966Z           ✔ should not fail with an empty response without content-length header (Z_BUF_ERROR)
2025-10-16T15:16:57.0708587Z           ✔ should not fail with an empty response with content-length header (Z_BUF_ERROR)
2025-10-16T15:16:57.0710910Z         GZIP decompression
2025-10-16T15:16:57.0726447Z           ✔ should support decompression
2025-10-16T15:16:57.0741886Z           ✔ should not fail if response content-length header is missing (GZIP)
2025-10-16T15:16:57.0756689Z           ✔ should not fail with chunked responses (without Content-Length header)
2025-10-16T15:16:57.0770575Z           ✔ should not fail with an empty response without content-length header (Z_BUF_ERROR)
2025-10-16T15:16:57.0784411Z           ✔ should not fail with an empty response with content-length header (Z_BUF_ERROR)
2025-10-16T15:16:57.0786922Z         compress decompression
2025-10-16T15:16:57.0801301Z           ✔ should support decompression
2025-10-16T15:16:57.0816481Z           ✔ should not fail if response content-length header is missing (compress)
2025-10-16T15:16:57.0836375Z           ✔ should not fail with chunked responses (without Content-Length header)
2025-10-16T15:16:57.0851714Z           ✔ should not fail with an empty response without content-length header (Z_BUF_ERROR)
2025-10-16T15:16:57.0867450Z           ✔ should not fail with an empty response with content-length header (Z_BUF_ERROR)
2025-10-16T15:16:57.0870473Z         deflate decompression
2025-10-16T15:16:57.0889656Z           ✔ should support decompression
2025-10-16T15:16:57.0907072Z           ✔ should not fail if response content-length header is missing (deflate)
2025-10-16T15:16:57.0924976Z           ✔ should not fail with chunked responses (without Content-Length header)
2025-10-16T15:16:57.0940827Z           ✔ should not fail with an empty response without content-length header (Z_BUF_ERROR)
2025-10-16T15:16:57.0956427Z           ✔ should not fail with an empty response with content-length header (Z_BUF_ERROR)
2025-10-16T15:16:57.0959098Z         deflate-raw decompression
2025-10-16T15:16:57.0975776Z           ✔ should support decompression
2025-10-16T15:16:57.0993921Z           ✔ should not fail if response content-length header is missing (deflate)
2025-10-16T15:16:57.1022895Z           ✔ should not fail with chunked responses (without Content-Length header)
2025-10-16T15:16:57.1036844Z           ✔ should not fail with an empty response without content-length header (Z_BUF_ERROR)
2025-10-16T15:16:57.1051694Z           ✔ should not fail with an empty response with content-length header (Z_BUF_ERROR)
2025-10-16T15:16:57.1053579Z         br decompression
2025-10-16T15:16:57.1070494Z           ✔ should support decompression
2025-10-16T15:16:57.1085735Z           ✔ should not fail if response content-length header is missing (br)
2025-10-16T15:16:57.1101803Z           ✔ should not fail with chunked responses (without Content-Length header)
2025-10-16T15:16:57.1114866Z           ✔ should not fail with an empty response without content-length header (Z_BUF_ERROR)
2025-10-16T15:16:57.1128901Z           ✔ should not fail with an empty response with content-length header (Z_BUF_ERROR)
2025-10-16T15:16:57.1131092Z     streams
2025-10-16T15:16:57.1162224Z       ✔ should support streams
2025-10-16T15:16:57.1175109Z       ✔ should pass errors for a failed stream
2025-10-16T15:16:58.1199456Z pipeline error: CanceledError: Request stream has been aborted
2025-10-16T15:16:58.1200995Z       ✔ should destroy the response stream with an error on request stream destroying (1002ms)
2025-10-16T15:16:58.1203316Z Server warning: aborted
2025-10-16T15:16:58.1206374Z     different options for direct proxy configuration (without env variables)
2025-10-16T15:16:58.1208010Z       ✔ hostname and trailing colon in protocol
2025-10-16T15:16:58.1210100Z       ✔ hostname and no trailing colon in protocol
2025-10-16T15:16:58.1212752Z       ✔ both hostname and host -> hostname takes precedence
2025-10-16T15:16:58.1214512Z       ✔ only host and https protocol
2025-10-16T15:16:58.1215501Z     FormData
2025-10-16T15:16:58.1216257Z       form-data instance (https://www.npmjs.com/package/form-data)
2025-10-16T15:16:58.1296778Z         ✔ should allow passing FormData
2025-10-16T15:16:58.1300091Z       SpecCompliant FormData
2025-10-16T15:16:58.1337051Z         ✔ should allow passing FormData
2025-10-16T15:16:58.1339776Z       toFormData helper
2025-10-16T15:16:58.1535552Z         ✔ should properly serialize nested objects for parsing with multer.js (express.js)
2025-10-16T15:16:58.1539625Z     Blob
2025-10-16T15:16:58.1558974Z       ✔ should support Blob
2025-10-16T15:16:58.1561888Z     URLEncoded Form
2025-10-16T15:16:58.1647943Z       ✔ should post object data as url-encoded form if content-type is application/x-www-form-urlencoded
2025-10-16T15:16:58.1651307Z     Data URL
2025-10-16T15:16:58.1658509Z       ✔ should support requesting data URL as a Buffer
2025-10-16T15:16:58.1665698Z       ✔ should support requesting data URL as a Blob (if supported by the environment)
2025-10-16T15:16:58.1670165Z       ✔ should support requesting data URL as a String (text)
2025-10-16T15:16:58.1674725Z       ✔ should support requesting data URL as a Stream
2025-10-16T15:16:58.1676162Z     progress
2025-10-16T15:16:58.1676552Z       upload
2025-10-16T15:16:59.2697511Z onUploadProgress 4 / 40
2025-10-16T15:17:00.3703834Z onUploadProgress 8 / 40
2025-10-16T15:17:01.4708484Z onUploadProgress 12 / 40
2025-10-16T15:17:02.5712094Z onUploadProgress 16 / 40
2025-10-16T15:17:03.6723490Z onUploadProgress 20 / 40
2025-10-16T15:17:04.7729607Z onUploadProgress 24 / 40
2025-10-16T15:17:05.8730882Z onUploadProgress 28 / 40
2025-10-16T15:17:06.9735910Z onUploadProgress 32 / 40
2025-10-16T15:17:08.0747690Z onUploadProgress 36 / 40
2025-10-16T15:17:09.1753850Z onUploadProgress 40 / 40
2025-10-16T15:17:09.1766918Z         ✔ should support upload progress capturing (11009ms)
2025-10-16T15:17:09.1771306Z       download
2025-10-16T15:17:10.2816190Z onDownloadProgress 4 / 40
2025-10-16T15:17:11.3796518Z onDownloadProgress 8 / 40
2025-10-16T15:17:12.4806357Z onDownloadProgress 12 / 40
2025-10-16T15:17:13.5824805Z onDownloadProgress 16 / 40
2025-10-16T15:17:14.6833838Z onDownloadProgress 20 / 40
2025-10-16T15:17:15.7852484Z onDownloadProgress 24 / 40
2025-10-16T15:17:16.8860243Z onDownloadProgress 28 / 40
2025-10-16T15:17:17.9868617Z onDownloadProgress 32 / 40
2025-10-16T15:17:19.0877918Z onDownloadProgress 36 / 40
2025-10-16T15:17:20.1895329Z onDownloadProgress 40 / 40
2025-10-16T15:17:20.1897825Z         ✔ should support download progress capturing (11012ms)
2025-10-16T15:17:20.1902691Z     Rate limit
2025-10-16T15:17:29.7086443Z       ✔ should support upload rate limit (9518ms)
2025-10-16T15:17:39.2232436Z       ✔ should support download rate limit (9514ms)
2025-10-16T15:17:39.2233908Z     request aborting
2025-10-16T15:17:39.8349313Z pipeline error: CanceledError: canceled
2025-10-16T15:17:39.8350537Z       ✔ should be able to abort the response stream (606ms)
2025-10-16T15:17:39.8351412Z Server warning: Premature close
2025-10-16T15:17:39.8351999Z     DNS
2025-10-16T15:17:39.8352753Z       ✔ should support a custom DNS lookup function
2025-10-16T15:17:39.8366433Z       ✔ should support a custom DNS lookup function with address entry passing
2025-10-16T15:17:39.8407897Z       ✔ should support a custom DNS lookup function (async)
2025-10-16T15:17:39.8427466Z       ✔ should support a custom DNS lookup function with address entry (async)
2025-10-16T15:17:39.8442062Z       ✔ should support a custom DNS lookup function that returns only IP address (async)
2025-10-16T15:17:39.9085265Z       ✔ should handle errors (64ms)
2025-10-16T15:17:39.9089972Z     JSON
2025-10-16T15:17:39.9104588Z       ✔ should support reviver on JSON.parse
2025-10-16T15:17:39.9106645Z 
2025-10-16T15:17:39.9107250Z   Axios
2025-10-16T15:17:39.9109166Z     ✔ should not throw if the config argument is omitted
2025-10-16T15:17:39.9109816Z     handle un-writable error stack
2025-10-16T15:17:39.9113255Z       ✔ should support errors with a defined but un-writable stack
2025-10-16T15:17:39.9115705Z       ✔ should support errors with an undefined and un-writable stack
2025-10-16T15:17:39.9118543Z       ✔ should support errors with a custom getter/setter for the stack property
2025-10-16T15:17:39.9121260Z       ✔ should support errors with a custom getter/setter for the stack property (null case)
2025-10-16T15:17:39.9121806Z 
2025-10-16T15:17:39.9122227Z   AxiosHeaders
2025-10-16T15:17:39.9124173Z     ✔ should support headers argument
2025-10-16T15:17:39.9126178Z     ✔ should support uppercase name mapping for names overlapped by class methods
2025-10-16T15:17:39.9127402Z     ✔ should be caseless
2025-10-16T15:17:39.9127971Z     set
2025-10-16T15:17:39.9129949Z       ✔ should support adding a single header
2025-10-16T15:17:39.9131518Z       ✔ should support adding multiple headers
2025-10-16T15:17:39.9134031Z       ✔ should support adding multiple headers from raw headers string
2025-10-16T15:17:39.9135362Z       ✔ should not rewrite header the header if the value is false
2025-10-16T15:17:39.9137287Z       ✔ should not rewrite the header if its value is false, unless rewrite options is set to true
2025-10-16T15:17:39.9138061Z       ✔ should support iterables as a key-value source object
2025-10-16T15:17:39.9141734Z       ✔ should support setting multiple header values from an iterable source
2025-10-16T15:17:39.9145203Z     get
2025-10-16T15:17:39.9145577Z       filter
2025-10-16T15:17:39.9147905Z         ✔ should support RegExp
2025-10-16T15:17:39.9150077Z         ✔ should support function
2025-10-16T15:17:39.9150852Z     has
2025-10-16T15:17:39.9152722Z       ✔ should return true if the header is defined, otherwise false
2025-10-16T15:17:39.9153250Z       filter
2025-10-16T15:17:39.9155762Z         ✔ should support RegExp
2025-10-16T15:17:39.9157670Z         ✔ should support function
2025-10-16T15:17:39.9159402Z         ✔ should support string pattern
2025-10-16T15:17:39.9160175Z     delete
2025-10-16T15:17:39.9161880Z       ✔ should delete the header
2025-10-16T15:17:39.9163655Z       ✔ should return true if the header has been deleted, otherwise false
2025-10-16T15:17:39.9164924Z       ✔ should support headers array
2025-10-16T15:17:39.9165412Z       filter
2025-10-16T15:17:39.9167882Z         ✔ should support RegExp
2025-10-16T15:17:39.9169985Z         ✔ should support function
2025-10-16T15:17:39.9171532Z         ✔ should support string pattern
2025-10-16T15:17:39.9172189Z     clear
2025-10-16T15:17:39.9174266Z       ✔ should clear all headers
2025-10-16T15:17:39.9176803Z       ✔ should clear matching headers if a matcher was specified
2025-10-16T15:17:39.9177310Z     toJSON
2025-10-16T15:17:39.9179482Z       ✔ should return headers object with original headers case
2025-10-16T15:17:39.9179968Z     accessors
2025-10-16T15:17:39.9183443Z       ✔ should support get accessor
2025-10-16T15:17:39.9185315Z       ✔ should support set accessor
2025-10-16T15:17:39.9187025Z       ✔ should support has accessor
2025-10-16T15:17:39.9187552Z     normalize()
2025-10-16T15:17:39.9191042Z       ✔ should support auto-formatting
2025-10-16T15:17:39.9192957Z       ✔ should support external defined values
2025-10-16T15:17:39.9194615Z       ✔ should support array values
2025-10-16T15:17:39.9195189Z     AxiosHeaders.concat
2025-10-16T15:17:39.9197561Z       ✔ should concatenate plain headers into an AxiosHeader instance
2025-10-16T15:17:39.9199819Z       ✔ should concatenate raw headers into an AxiosHeader instance
2025-10-16T15:17:39.9201938Z       ✔ should concatenate Axios headers into a new AxiosHeader instance
2025-10-16T15:17:39.9202538Z     toString
2025-10-16T15:17:39.9204832Z       ✔ should serialize AxiosHeader instance to a raw headers string
2025-10-16T15:17:39.9205386Z     getSetCookie
2025-10-16T15:17:39.9207320Z       ✔ should return set-cookie
2025-10-16T15:17:39.9208725Z       ✔ should return empty set-cookie
2025-10-16T15:17:39.9209238Z 
2025-10-16T15:17:39.9209853Z   transformResponse
2025-10-16T15:17:39.9210384Z     200 request
2025-10-16T15:17:39.9212368Z       ✔ parses json
2025-10-16T15:17:39.9214198Z       ✔ ignores XML
2025-10-16T15:17:39.9214831Z     204 request
2025-10-16T15:17:39.9216675Z       ✔ does not parse the empty string
2025-10-16T15:17:39.9218355Z       ✔ does not parse undefined
2025-10-16T15:17:39.9218750Z 
2025-10-16T15:17:39.9219409Z   helpers::composeSignals
2025-10-16T15:17:39.9223444Z     ✔ should abort when any of the signals abort
2025-10-16T15:17:40.0221726Z     ✔ should abort on timeout (99ms)
2025-10-16T15:17:40.0223531Z     ✔ should return undefined if signals and timeout are not provided
2025-10-16T15:17:40.0224599Z 
2025-10-16T15:17:40.0224875Z   estimateDataURLDecodedBytes
2025-10-16T15:17:40.0228353Z     ✔ should return 0 for non-data URLs
2025-10-16T15:17:40.0230960Z     ✔ should calculate length for simple non-base64 data URL
2025-10-16T15:17:40.0233156Z     ✔ should calculate decoded length for base64 data URL
2025-10-16T15:17:40.0238452Z     ✔ should handle base64 with = padding
2025-10-16T15:17:40.0240430Z     ✔ should handle base64 with %3D padding
2025-10-16T15:17:40.0241001Z 
2025-10-16T15:17:40.0241397Z   helpers::fromDataURI
2025-10-16T15:17:40.0243410Z     ✔ should return buffer from data uri
2025-10-16T15:17:40.0243968Z 
2025-10-16T15:17:40.0244149Z   helpers::parseProtocol
2025-10-16T15:17:40.0246533Z     ✔ should parse protocol part if it exists
2025-10-16T15:17:40.0247015Z 
2025-10-16T15:17:40.0247161Z   generateString
2025-10-16T15:17:40.0249671Z     ✔ should generate a string of the specified length using the default alphabet
2025-10-16T15:17:40.0251314Z     ✔ should generate a string using only characters from the default alphabet
2025-10-16T15:17:40.0252020Z 
2025-10-16T15:17:40.0252231Z   Server-Side Request Forgery (SSRF)
2025-10-16T15:17:40.0277390Z     ✔ obeys proxy settings when following redirects
2025-10-16T15:17:40.0280622Z 
2025-10-16T15:17:40.0280913Z   Server-Side Request Forgery (SSRF)
2025-10-16T15:17:40.0287713Z     ✔ should not fetch in server-side mode
2025-10-16T15:17:40.0289345Z     should fetch in client-side mode
2025-10-16T15:17:40.0302523Z       ✔ should fetch in client-side mode
2025-10-16T15:17:40.0305191Z 
2025-10-16T15:17:40.0305517Z   issues
2025-10-16T15:17:40.0306050Z     4999
2025-10-16T15:17:40.2220735Z       ✔ should not fail with query parsing (191ms)
2025-10-16T15:17:40.2221331Z     5028
2025-10-16T15:17:40.2242714Z       ✔ should handle set-cookie headers as an array
2025-10-16T15:17:40.2244032Z 
2025-10-16T15:17:40.2247421Z   utils
2025-10-16T15:17:40.2248088Z     ✔ should validate Stream
2025-10-16T15:17:40.2248974Z     ✔ should validate Buffer
2025-10-16T15:17:40.2249415Z     utils::isFormData
2025-10-16T15:17:40.2252538Z       ✔ should detect the FormData instance provided by the `form-data` package
2025-10-16T15:17:40.2253811Z       ✔ should not call toString method on built-in objects instances
2025-10-16T15:17:40.2255444Z       ✔ should not call toString method on built-in objects instances, even if append method exists
2025-10-16T15:17:40.2257076Z       ✔ should detect custom FormData instances by toStringTag signature and append method presence
2025-10-16T15:17:40.2257812Z     toJSON
2025-10-16T15:17:40.2260909Z       ✔ should convert to a plain object without circular references
2025-10-16T15:17:40.2263716Z       ✔ should use objects with defined toJSON method without rebuilding
2025-10-16T15:17:40.2264292Z     Buffer RangeError Fix
2025-10-16T15:17:40.2275413Z       ✔ should handle large Buffer in isEmptyObject without RangeError
2025-10-16T15:17:40.2286763Z       ✔ should handle large Buffer in forEach without RangeError
2025-10-16T15:17:40.2301222Z       ✔ should handle large Buffer in findKey without RangeError
2025-10-16T15:17:40.2301637Z 
2025-10-16T15:17:40.2301647Z 
2025-10-16T15:17:40.2301785Z   219 passing (1m)
2025-10-16T15:17:40.2301976Z 
2025-10-16T15:17:40.2626095Z ##[group]Run npm run test:browser
2025-10-16T15:17:40.2626396Z [36;1mnpm run test:browser[0m
2025-10-16T15:17:40.2659028Z shell: /usr/bin/bash -e {0}
2025-10-16T15:17:40.2659317Z ##[endgroup]
2025-10-16T15:17:40.3605641Z 
2025-10-16T15:17:40.3606194Z > axios@1.12.2 test:browser
2025-10-16T15:17:40.3606813Z > npm run test:karma
2025-10-16T15:17:40.3607135Z 
2025-10-16T15:17:40.4522260Z 
2025-10-16T15:17:40.4522763Z > axios@1.12.2 test:karma
2025-10-16T15:17:40.4523258Z > node ./bin/run-karma-tests.js
2025-10-16T15:17:40.4523477Z 
2025-10-16T15:17:40.5350414Z [ Starting HTTP server... ]
2025-10-16T15:17:40.5367908Z Starting karma runner...
2025-10-16T15:17:40.9738464Z Running ci on GitHub Actions.
2025-10-16T15:17:41.3372677Z [32m16 10 2025 15:17:41.336:INFO [preprocessor.rollup]: [39mGenerating bundle for ./test/specs/adapter.spec.js
2025-10-16T15:17:41.3561080Z [32m16 10 2025 15:17:41.355:INFO [preprocessor.rollup]: [39mGenerating bundle for ./test/specs/api.spec.js
2025-10-16T15:17:41.3792504Z [32m16 10 2025 15:17:41.378:INFO [preprocessor.rollup]: [39mGenerating bundle for ./test/specs/headers.spec.js
2025-10-16T15:17:41.3959377Z [32m16 10 2025 15:17:41.395:INFO [preprocessor.rollup]: [39mGenerating bundle for ./test/specs/instance.spec.js
2025-10-16T15:17:41.4087699Z [32m16 10 2025 15:17:41.408:INFO [preprocessor.rollup]: [39mGenerating bundle for ./test/specs/options.spec.js
2025-10-16T15:17:41.4140000Z [32m16 10 2025 15:17:41.413:INFO [preprocessor.rollup]: [39mGenerating bundle for ./test/specs/promise.spec.js
2025-10-16T15:17:41.4413434Z [32m16 10 2025 15:17:41.441:INFO [preprocessor.rollup]: [39mGenerating bundle for ./test/specs/interceptors.spec.js
2025-10-16T15:17:41.4524045Z [32m16 10 2025 15:17:41.452:INFO [preprocessor.rollup]: [39mGenerating bundle for ./test/specs/progress.spec.js
2025-10-16T15:17:41.4711853Z [32m16 10 2025 15:17:41.469:INFO [preprocessor.rollup]: [39mGenerating bundle for ./test/specs/requests.spec.js
2025-10-16T15:17:41.4921185Z [32m16 10 2025 15:17:41.491:INFO [preprocessor.rollup]: [39mGenerating bundle for ./test/specs/core/enhanceError.spec.js
2025-10-16T15:17:41.4925119Z Generated an empty chunk: "enhanceError.spec"
2025-10-16T15:17:41.5541825Z [32m16 10 2025 15:17:41.553:INFO [preprocessor.rollup]: [39mGenerating bundle for ./test/specs/formdata.spec.js
2025-10-16T15:17:41.6572566Z [32m16 10 2025 15:17:41.656:INFO [preprocessor.rollup]: [39mGenerating bundle for ./test/specs/helpers/combineURLs.spec.js
2025-10-16T15:17:41.6600278Z [32m16 10 2025 15:17:41.659:INFO [preprocessor.rollup]: [39mGenerating bundle for ./test/specs/helpers/bind.spec.js
2025-10-16T15:17:41.6712048Z [32m16 10 2025 15:17:41.670:INFO [preprocessor.rollup]: [39mGenerating bundle for ./test/specs/helpers/spread.spec.js
2025-10-16T15:17:41.6736526Z [32m16 10 2025 15:17:41.673:INFO [preprocessor.rollup]: [39mGenerating bundle for ./test/specs/helpers/isAbsoluteURL.spec.js
2025-10-16T15:17:41.7290257Z [32m16 10 2025 15:17:41.728:INFO [preprocessor.rollup]: [39mGenerating bundle for ./test/specs/cancel.spec.js
2025-10-16T15:17:41.9142890Z [32m16 10 2025 15:17:41.913:INFO [preprocessor.rollup]: [39mGenerating bundle for ./test/specs/utils/merge.spec.js
2025-10-16T15:17:41.9407684Z [32m16 10 2025 15:17:41.940:INFO [preprocessor.rollup]: [39mGenerating bundle for ./test/specs/utils/isX.spec.js
2025-10-16T15:17:41.9546126Z [32m16 10 2025 15:17:41.954:INFO [preprocessor.rollup]: [39mGenerating bundle for ./test/specs/utils/forEach.spec.js
2025-10-16T15:17:41.9735581Z [32m16 10 2025 15:17:41.973:INFO [preprocessor.rollup]: [39mGenerating bundle for ./test/specs/utils/trim.spec.js
2025-10-16T15:17:41.9862599Z [32m16 10 2025 15:17:41.985:INFO [preprocessor.rollup]: [39mGenerating bundle for ./test/specs/utils/extend.spec.js
2025-10-16T15:17:41.9931268Z [32m16 10 2025 15:17:41.992:INFO [preprocessor.rollup]: [39mGenerating bundle for ./test/specs/core/buildFullPath.spec.js
2025-10-16T15:17:42.1360798Z [32m16 10 2025 15:17:42.134:INFO [preprocessor.rollup]: [39mGenerating bundle for ./test/specs/transform.spec.js
2025-10-16T15:17:42.1530033Z [32m16 10 2025 15:17:42.152:INFO [preprocessor.rollup]: [39mGenerating bundle for ./test/specs/core/AxiosError.spec.js
2025-10-16T15:17:42.1692112Z [32m16 10 2025 15:17:42.168:INFO [preprocessor.rollup]: [39mGenerating bundle for ./test/specs/helpers/isAxiosError.spec.js
2025-10-16T15:17:42.1841637Z [32m16 10 2025 15:17:42.183:INFO [preprocessor.rollup]: [39mGenerating bundle for ./test/specs/helpers/formDataToJSON.spec.js
2025-10-16T15:17:42.1995748Z [32m16 10 2025 15:17:42.199:INFO [preprocessor.rollup]: [39mGenerating bundle for ./test/specs/cancel/isCancel.spec.js
2025-10-16T15:17:42.2097690Z [32m16 10 2025 15:17:42.209:INFO [preprocessor.rollup]: [39mGenerating bundle for ./test/specs/helpers/parseHeaders.spec.js
2025-10-16T15:17:42.2232514Z [32m16 10 2025 15:17:42.222:INFO [preprocessor.rollup]: [39mGenerating bundle for ./test/specs/helpers/toFormData.spec.js
2025-10-16T15:17:42.2389837Z [32m16 10 2025 15:17:42.238:INFO [preprocessor.rollup]: [39mGenerating bundle for ./test/specs/cancel/CanceledError.spec.js
2025-10-16T15:17:42.2560762Z [32m16 10 2025 15:17:42.255:INFO [preprocessor.rollup]: [39mGenerating bundle for ./test/specs/cancel/CancelToken.spec.js
2025-10-16T15:17:42.3560463Z [32m16 10 2025 15:17:42.355:INFO [preprocessor.rollup]: [39mGenerating bundle for ./test/specs/core/settle.spec.js
2025-10-16T15:17:42.3735376Z [32m16 10 2025 15:17:42.373:INFO [preprocessor.rollup]: [39mGenerating bundle for ./test/specs/helpers/validator.spec.js
2025-10-16T15:17:42.4660611Z [32m16 10 2025 15:17:42.465:INFO [preprocessor.rollup]: [39mGenerating bundle for ./test/specs/helpers/buildURL.spec.js
2025-10-16T15:17:42.5554282Z [32m16 10 2025 15:17:42.553:INFO [preprocessor.rollup]: [39mGenerating bundle for ./test/specs/defaults.spec.js
2025-10-16T15:17:42.6172571Z [32m16 10 2025 15:17:42.616:INFO [preprocessor.rollup]: [39mGenerating bundle for ./test/specs/core/transformData.spec.js
2025-10-16T15:17:42.7050972Z [32m16 10 2025 15:17:42.704:INFO [preprocessor.rollup]: [39mGenerating bundle for ./test/specs/core/mergeConfig.spec.js
2025-10-16T15:17:42.7825917Z [32m16 10 2025 15:17:42.782:INFO [preprocessor.rollup]: [39mGenerating bundle for ./test/specs/basicAuth.spec.js
2025-10-16T15:17:42.8494293Z [32m16 10 2025 15:17:42.849:INFO [preprocessor.rollup]: [39mGenerating bundle for ./test/specs/__helpers.js
2025-10-16T15:17:42.8956118Z [32m16 10 2025 15:17:42.895:INFO [preprocessor.rollup]: [39mGenerating bundle for ./test/specs/helpers/cookies.spec.js
2025-10-16T15:17:42.9221321Z [32m16 10 2025 15:17:42.921:INFO [preprocessor.rollup]: [39mGenerating bundle for ./test/specs/xsrf.spec.js
2025-10-16T15:17:42.9397938Z [32m16 10 2025 15:17:42.939:INFO [preprocessor.rollup]: [39mGenerating bundle for ./test/specs/helpers/isURLSameOrigin.spec.js
2025-10-16T15:17:42.9472359Z [32m16 10 2025 15:17:42.947:INFO [karma-server]: [39mKarma v6.3.20 server started at http://localhost:9876/
2025-10-16T15:17:42.9475681Z [32m16 10 2025 15:17:42.947:INFO [launcher]: [39mLaunching browsers FirefoxHeadless, ChromeHeadless with concurrency unlimited
2025-10-16T15:17:42.9505275Z [32m16 10 2025 15:17:42.950:INFO [launcher]: [39mStarting browser FirefoxHeadless
2025-10-16T15:17:42.9614178Z [32m16 10 2025 15:17:42.961:INFO [launcher]: [39mStarting browser ChromeHeadless
2025-10-16T15:17:51.2902193Z [32m16 10 2025 15:17:51.289:INFO [Chrome Headless 140.0.0.0 (Linux x86_64)]: [39mConnected on socket _hJ1moYs-k_o7jYgAAAB with id 25809883
2025-10-16T15:17:51.5371354Z Chrome Headless 140.0.0.0 (Linux x86_64): Executed 0 of 318 SUCCESS (0 secs / 0 secs)
2025-10-16T15:17:51.5386333Z [1A[2KChrome Headless 140.0.0.0 (Linux x86_64): Executed 1 of 318 SUCCESS (0 secs / 0.003 secs)
2025-10-16T15:17:51.5387260Z [1A[2KChrome Headless 140.0.0.0 (Linux x86_64): Executed 2 of 318 SUCCESS (0 secs / 0.003 secs)
2025-10-16T15:17:51.5393321Z [1A[2KChrome Headless 140.0.0.0 (Linux x86_64): Executed 3 of 318 SUCCESS (0 secs / 0.003 secs)
2025-10-16T15:17:51.5402558Z [1A[2KChrome Headless 140.0.0.0 (Linux x86_64): Executed 4 of 318 SUCCESS (0 secs / 0.004 secs)
2025-10-16T15:17:51.5424742Z [1A[2KChrome Headless 140.0.0.0 (Linux x86_64): Executed 5 of 318 SUCCESS (0 secs / 0.006 secs)
2025-10-16T15:17:51.5426167Z [1A[2KChrome Headless 140.0.0.0 (Linux x86_64): Executed 6 of 318 SUCCESS (0 secs / 0.006 secs)
2025-10-16T15:17:51.5430806Z [1A[2KChrome Headless 140.0.0.0 (Linux x86_64): Executed 7 of 318 SUCCESS (0 secs / 0.006 secs)
2025-10-16T15:17:51.5432567Z [1A[2KChrome Headless 140.0.0.0 (Linux x86_64): Executed 8 of 318 SUCCESS (0 secs / 0.006 secs)
2025-10-16T15:17:51.5437889Z [33m16 10 2025 15:17:51.543:WARN [web-server]: [39m404: /test
2025-10-16T15:17:51.5444074Z [1A[2KChrome Headless 140.0.0.0 (Linux x86_64): Executed 9 of 318 SUCCESS (0 secs / 0.007 secs)
2025-10-16T15:17:51.5446074Z [1A[2KChrome Headless 140.0.0.0 (Linux x86_64): Executed 10 of 318 SUCCESS (0 secs / 0.007 secs)
2025-10-16T15:17:51.5448682Z [1A[2KChrome Headless 140.0.0.0 (Linux x86_64): Executed 11 of 318 SUCCESS (0 secs / 0.007 secs)
2025-10-16T15:17:51.5450461Z [1A[2KChrome Headless 140.0.0.0 (Linux x86_64): Executed 12 of 318 SUCCESS (0 secs / 0.008 secs)
2025-10-16T15:17:51.5452229Z [1A[2KChrome Headless 140.0.0.0 (Linux x86_64): Executed 13 of 318 SUCCESS (0 secs / 0.008 secs)
2025-10-16T15:17:51.5454512Z [1A[2KChrome Headless 140.0.0.0 (Linux x86_64): Executed 14 of 318 SUCCESS (0 secs / 0.008 secs)
2025-10-16T15:17:51.5455878Z [1A[2KChrome Headless 140.0.0.0 (Linux x86_64): Executed 15 of 318 SUCCESS (0 secs / 0.008 secs)
2025-10-16T15:17:51.5457224Z [1A[2KChrome Headless 140.0.0.0 (Linux x86_64): Executed 16 of 318 SUCCESS (0 secs / 0.008 secs)
2025-10-16T15:17:51.6473097Z [1A[2KChrome Headless 140.0.0.0 (Linux x86_64): Executed 17 of 318 SUCCESS (0 secs / 0.111 secs)
2025-10-16T15:17:51.7482570Z [1A[2KChrome Headless 140.0.0.0 (Linux x86_64): Executed 18 of 318 SUCCESS (0 secs / 0.212 secs)
2025-10-16T15:17:51.8493148Z [1A[2KChrome Headless 140.0.0.0 (Linux x86_64): Executed 19 of 318 SUCCESS (0 secs / 0.313 secs)
2025-10-16T15:17:51.8558394Z [1A[2KChrome Headless 140.0.0.0 (Linux x86_64): Executed 20 of 318 SUCCESS (0 secs / 0.32 secs)
2025-10-16T15:17:51.8567191Z [1A[2KChrome Headless 140.0.0.0 (Linux x86_64): Executed 21 of 318 SUCCESS (0 secs / 0.321 secs)
2025-10-16T15:17:51.8577238Z [1A[2KChrome Headless 140.0.0.0 (Linux x86_64): Executed 22 of 318 SUCCESS (0 secs / 0.322 secs)
2025-10-16T15:17:51.8583117Z [1A[2KChrome Headless 140.0.0.0 (Linux x86_64): Executed 23 of 318 SUCCESS (0 secs / 0.322 secs)
2025-10-16T15:17:51.8590525Z [1A[2KChrome Headless 140.0.0.0 (Linux x86_64): Executed 24 of 318 SUCCESS (0 secs / 0.322 secs)
2025-10-16T15:17:51.8596346Z [1A[2KChrome Headless 140.0.0.0 (Linux x86_64): Executed 25 of 318 SUCCESS (0 secs / 0.323 secs)
2025-10-16T15:17:51.8597730Z [1A[2KChrome Headless 140.0.0.0 (Linux x86_64): Executed 26 of 318 SUCCESS (0 secs / 0.323 secs)
2025-10-16T15:17:51.8602252Z [1A[2KChrome Headless 140.0.0.0 (Linux x86_64): Executed 27 of 318 SUCCESS (0 secs / 0.323 secs)
2025-10-16T15:17:51.8603648Z [1A[2KChrome Headless 140.0.0.0 (Linux x86_64): Executed 28 of 318 SUCCESS (0 secs / 0.323 secs)
2025-10-16T15:17:51.8607101Z [1A[2KChrome Headless 140.0.0.0 (Linux x86_64): Executed 29 of 318 SUCCESS (0 secs / 0.323 secs)
2025-10-16T15:17:51.8609948Z [1A[2KChrome Headless 140.0.0.0 (Linux x86_64): Executed 30 of 318 SUCCESS (0 secs / 0.323 secs)
2025-10-16T15:17:51.8611571Z [1A[2KChrome Headless 140.0.0.0 (Linux x86_64): Executed 31 of 318 SUCCESS (0 secs / 0.323 secs)
2025-10-16T15:17:51.8614224Z [1A[2KChrome Headless 140.0.0.0 (Linux x86_64): Executed 32 of 318 SUCCESS (0 secs / 0.324 secs)
2025-10-16T15:17:51.8617396Z [1A[2KChrome Headless 140.0.0.0 (Linux x86_64): Executed 33 of 318 SUCCESS (0 secs / 0.324 secs)
2025-10-16T15:17:51.8619368Z [1A[2KChrome Headless 140.0.0.0 (Linux x86_64): Executed 34 of 318 SUCCESS (0 secs / 0.324 secs)
2025-10-16T15:17:51.8623591Z [1A[2KChrome Headless 140.0.0.0 (Linux x86_64): Executed 35 of 318 SUCCESS (0 secs / 0.324 secs)
2025-10-16T15:17:51.8625011Z [1A[2KChrome Headless 140.0.0.0 (Linux x86_64): Executed 36 of 318 SUCCESS (0 secs / 0.324 secs)
2025-10-16T15:17:51.8631149Z [1A[2KChrome Headless 140.0.0.0 (Linux x86_64): Executed 37 of 318 SUCCESS (0 secs / 0.324 secs)
2025-10-16T15:17:51.8636558Z [1A[2KChrome Headless 140.0.0.0 (Linux x86_64): Executed 38 of 318 SUCCESS (0 secs / 0.325 secs)
2025-10-16T15:17:51.8641241Z [1A[2KChrome Headless 140.0.0.0 (Linux x86_64): Executed 39 of 318 SUCCESS (0 secs / 0.325 secs)
2025-10-16T15:17:51.8643203Z [1A[2KChrome Headless 140.0.0.0 (Linux x86_64): Executed 40 of 318 SUCCESS (0 secs / 0.325 secs)
2025-10-16T15:17:51.8647428Z [1A[2KChrome Headless 140.0.0.0 (Linux x86_64): Executed 41 of 318 SUCCESS (0 secs / 0.325 secs)
2025-10-16T15:17:51.8650558Z [1A[2KChrome Headless 140.0.0.0 (Linux x86_64): Executed 42 of 318 SUCCESS (0 secs / 0.325 secs)
2025-10-16T15:17:51.8653455Z [1A[2KChrome Headless 140.0.0.0 (Linux x86_64): Executed 43 of 318 SUCCESS (0 secs / 0.325 secs)
2025-10-16T15:17:51.8658958Z [1A[2KChrome Headless 140.0.0.0 (Linux x86_64): Executed 44 of 318 SUCCESS (0 secs / 0.325 secs)
2025-10-16T15:17:51.8664142Z [1A[2KChrome Headless 140.0.0.0 (Linux x86_64): Executed 45 of 318 SUCCESS (0 secs / 0.326 secs)
2025-10-16T15:17:51.8665781Z [1A[2KChrome Headless 140.0.0.0 (Linux x86_64): Executed 46 of 318 SUCCESS (0 secs / 0.326 secs)
2025-10-16T15:17:51.8667572Z [1A[2KChrome Headless 140.0.0.0 (Linux x86_64): Executed 47 of 318 SUCCESS (0 secs / 0.326 secs)
2025-10-16T15:17:51.8669131Z [1A[2KChrome Headless 140.0.0.0 (Linux x86_64): Executed 48 of 318 SUCCESS (0 secs / 0.327 secs)
2025-10-16T15:17:51.8671873Z [1A[2KChrome Headless 140.0.0.0 (Linux x86_64): Executed 49 of 318 SUCCESS (0 secs / 0.327 secs)
2025-10-16T15:17:51.8674438Z [1A[2KChrome Headless 140.0.0.0 (Linux x86_64): Executed 50 of 318 SUCCESS (0 secs / 0.327 secs)
2025-10-16T15:17:51.8678863Z [1A[2KChrome Headless 140.0.0.0 (Linux x86_64): Executed 51 of 318 SUCCESS (0 secs / 0.327 secs)
2025-10-16T15:17:51.8681558Z [1A[2KChrome Headless 140.0.0.0 (Linux x86_64): Executed 52 of 318 SUCCESS (0 secs / 0.327 secs)
2025-10-16T15:17:51.8684238Z [1A[2KChrome Headless 140.0.0.0 (Linux x86_64): Executed 53 of 318 SUCCESS (0 secs / 0.327 secs)
2025-10-16T15:17:51.8686313Z [1A[2KChrome Headless 140.0.0.0 (Linux x86_64): Executed 54 of 318 SUCCESS (0 secs / 0.327 secs)
2025-10-16T15:17:51.8690134Z [1A[2KChrome Headless 140.0.0.0 (Linux x86_64): Executed 55 of 318 SUCCESS (0 secs / 0.327 secs)
2025-10-16T15:17:51.8691577Z [1A[2KChrome Headless 140.0.0.0 (Linux x86_64): Executed 56 of 318 SUCCESS (0 secs / 0.327 secs)
2025-10-16T15:17:51.8693946Z [1A[2KChrome Headless 140.0.0.0 (Linux x86_64): Executed 57 of 318 SUCCESS (0 secs / 0.327 secs)
2025-10-16T15:17:51.8699975Z [1A[2KChrome Headless 140.0.0.0 (Linux x86_64): Executed 58 of 318 SUCCESS (0 secs / 0.327 secs)
2025-10-16T15:17:51.8701680Z [1A[2KChrome Headless 140.0.0.0 (Linux x86_64): Executed 59 of 318 SUCCESS (0 secs / 0.327 secs)
2025-10-16T15:17:51.8703248Z [1A[2KChrome Headless 140.0.0.0 (Linux x86_64): Executed 60 of 318 SUCCESS (0 secs / 0.327 secs)
2025-10-16T15:17:51.8704649Z [1A[2KChrome Headless 140.0.0.0 (Linux x86_64): Executed 61 of 318 SUCCESS (0 secs / 0.327 secs)
2025-10-16T15:17:51.8706027Z [1A[2KChrome Headless 140.0.0.0 (Linux x86_64): Executed 62 of 318 SUCCESS (0 secs / 0.327 secs)
2025-10-16T15:17:51.8707937Z [1A[2KChrome Headless 140.0.0.0 (Linux x86_64): Executed 63 of 318 SUCCESS (0 secs / 0.327 secs)
2025-10-16T15:17:51.8709517Z [1A[2KChrome Headless 140.0.0.0 (Linux x86_64): Executed 64 of 318 SUCCESS (0 secs / 0.328 secs)
2025-10-16T15:17:51.8710916Z [1A[2KChrome Headless 140.0.0.0 (Linux x86_64): Executed 65 of 318 SUCCESS (0 secs / 0.328 secs)
2025-10-16T15:17:51.8712261Z [1A[2KChrome Headless 140.0.0.0 (Linux x86_64): Executed 66 of 318 SUCCESS (0 secs / 0.328 secs)
2025-10-16T15:17:51.8713535Z [1A[2KChrome Headless 140.0.0.0 (Linux x86_64): Executed 67 of 318 SUCCESS (0 secs / 0.328 secs)
2025-10-16T15:17:51.8718421Z [1A[2KChrome Headless 140.0.0.0 (Linux x86_64): Executed 68 of 318 SUCCESS (0 secs / 0.328 secs)
2025-10-16T15:17:51.8720016Z [1A[2KChrome Headless 140.0.0.0 (Linux x86_64): Executed 69 of 318 SUCCESS (0 secs / 0.329 secs)
2025-10-16T15:17:51.8721400Z [1A[2KChrome Headless 140.0.0.0 (Linux x86_64): Executed 70 of 318 SUCCESS (0 secs / 0.329 secs)
2025-10-16T15:17:51.8724050Z [1A[2KChrome Headless 140.0.0.0 (Linux x86_64): Executed 71 of 318 SUCCESS (0 secs / 0.329 secs)
2025-10-16T15:17:51.8725488Z [1A[2KChrome Headless 140.0.0.0 (Linux x86_64): Executed 72 of 318 SUCCESS (0 secs / 0.329 secs)
2025-10-16T15:17:51.8726887Z [1A[2KChrome Headless 140.0.0.0 (Linux x86_64): Executed 73 of 318 SUCCESS (0 secs / 0.33 secs)
2025-10-16T15:17:51.8733057Z [1A[2KChrome Headless 140.0.0.0 (Linux x86_64): Executed 74 of 318 SUCCESS (0 secs / 0.33 secs)
2025-10-16T15:17:51.8735121Z [1A[2KChrome Headless 140.0.0.0 (Linux x86_64): Executed 75 of 318 SUCCESS (0 secs / 0.33 secs)
2025-10-16T15:17:51.8737662Z [1A[2KChrome Headless 140.0.0.0 (Linux x86_64): Executed 76 of 318 SUCCESS (0 secs / 0.33 secs)
2025-10-16T15:17:51.8739410Z [1A[2KChrome Headless 140.0.0.0 (Linux x86_64): Executed 77 of 318 SUCCESS (0 secs / 0.33 secs)
2025-10-16T15:17:51.8743451Z [1A[2KChrome Headless 140.0.0.0 (Linux x86_64): Executed 78 of 318 SUCCESS (0 secs / 0.331 secs)
2025-10-16T15:17:51.8744878Z [1A[2KChrome Headless 140.0.0.0 (Linux x86_64): Executed 79 of 318 SUCCESS (0 secs / 0.331 secs)
2025-10-16T15:17:51.8746269Z [1A[2KChrome Headless 140.0.0.0 (Linux x86_64): Executed 80 of 318 SUCCESS (0 secs / 0.331 secs)
2025-10-16T15:17:51.8747683Z [1A[2KChrome Headless 140.0.0.0 (Linux x86_64): Executed 81 of 318 SUCCESS (0 secs / 0.331 secs)
2025-10-16T15:17:51.8751013Z [1A[2KChrome Headless 140.0.0.0 (Linux x86_64): Executed 82 of 318 SUCCESS (0 secs / 0.331 secs)
2025-10-16T15:17:51.8752849Z [1A[2KChrome Headless 140.0.0.0 (Linux x86_64): Executed 83 of 318 SUCCESS (0 secs / 0.332 secs)
2025-10-16T15:17:51.8754238Z [1A[2KChrome Headless 140.0.0.0 (Linux x86_64): Executed 84 of 318 SUCCESS (0 secs / 0.332 secs)
2025-10-16T15:17:51.8755643Z [1A[2KChrome Headless 140.0.0.0 (Linux x86_64): Executed 85 of 318 SUCCESS (0 secs / 0.332 secs)
2025-10-16T15:17:51.8757012Z [1A[2KChrome Headless 140.0.0.0 (Linux x86_64): Executed 86 of 318 SUCCESS (0 secs / 0.332 secs)
2025-10-16T15:17:51.8758649Z [1A[2KChrome Headless 140.0.0.0 (Linux x86_64): Executed 87 of 318 SUCCESS (0 secs / 0.332 secs)
2025-10-16T15:17:51.8760042Z [1A[2KChrome Headless 140.0.0.0 (Linux x86_64): Executed 88 of 318 SUCCESS (0 secs / 0.332 secs)
2025-10-16T15:17:51.8767153Z [1A[2KChrome Headless 140.0.0.0 (Linux x86_64): Executed 89 of 318 SUCCESS (0 secs / 0.332 secs)
2025-10-16T15:17:51.8769851Z [1A[2KChrome Headless 140.0.0.0 (Linux x86_64): Executed 90 of 318 SUCCESS (0 secs / 0.332 secs)
2025-10-16T15:17:51.8771613Z [1A[2KChrome Headless 140.0.0.0 (Linux x86_64): Executed 91 of 318 SUCCESS (0 secs / 0.332 secs)
2025-10-16T15:17:51.8773010Z [1A[2KChrome Headless 140.0.0.0 (Linux x86_64): Executed 92 of 318 SUCCESS (0 secs / 0.332 secs)
2025-10-16T15:17:51.8774401Z [1A[2KChrome Headless 140.0.0.0 (Linux x86_64): Executed 93 of 318 SUCCESS (0 secs / 0.332 secs)
2025-10-16T15:17:51.8775777Z [1A[2KChrome Headless 140.0.0.0 (Linux x86_64): Executed 94 of 318 SUCCESS (0 secs / 0.333 secs)
2025-10-16T15:17:51.8777160Z [1A[2KChrome Headless 140.0.0.0 (Linux x86_64): Executed 95 of 318 SUCCESS (0 secs / 0.333 secs)
2025-10-16T15:17:51.8778731Z [1A[2KChrome Headless 140.0.0.0 (Linux x86_64): Executed 96 of 318 SUCCESS (0 secs / 0.333 secs)
2025-10-16T15:17:51.8780103Z [1A[2KChrome Headless 140.0.0.0 (Linux x86_64): Executed 97 of 318 SUCCESS (0 secs / 0.334 secs)
2025-10-16T15:17:51.8781522Z [1A[2KChrome Headless 140.0.0.0 (Linux x86_64): Executed 98 of 318 SUCCESS (0 secs / 0.334 secs)
2025-10-16T15:17:51.8783185Z [1A[2KChrome Headless 140.0.0.0 (Linux x86_64): Executed 99 of 318 SUCCESS (0 secs / 0.334 secs)
2025-10-16T15:17:51.8784621Z [1A[2KChrome Headless 140.0.0.0 (Linux x86_64): Executed 100 of 318 SUCCESS (0 secs / 0.335 secs)
2025-10-16T15:17:51.8787191Z [1A[2KChrome Headless 140.0.0.0 (Linux x86_64): Executed 101 of 318 SUCCESS (0 secs / 0.335 secs)
2025-10-16T15:17:51.8793587Z [1A[2KChrome Headless 140.0.0.0 (Linux x86_64): Executed 102 of 318 SUCCESS (0 secs / 0.335 secs)
2025-10-16T15:17:51.8799592Z [1A[2KChrome Headless 140.0.0.0 (Linux x86_64): Executed 103 of 318 SUCCESS (0 secs / 0.335 secs)
2025-10-16T15:17:51.8801996Z [1A[2KChrome Headless 140.0.0.0 (Linux x86_64): Executed 104 of 318 SUCCESS (0 secs / 0.336 secs)
2025-10-16T15:17:51.8803355Z [1A[2KChrome Headless 140.0.0.0 (Linux x86_64): Executed 105 of 318 SUCCESS (0 secs / 0.336 secs)
2025-10-16T15:17:51.8965302Z [1A[2KChrome Headless 140.0.0.0 (Linux x86_64): Executed 106 of 318 SUCCESS (0 secs / 0.353 secs)
2025-10-16T15:17:51.8970234Z [1A[2KChrome Headless 140.0.0.0 (Linux x86_64): Executed 107 of 318 SUCCESS (0 secs / 0.353 secs)
2025-10-16T15:17:51.8976089Z [1A[2KChrome Headless 140.0.0.0 (Linux x86_64): Executed 108 of 318 SUCCESS (0 secs / 0.354 secs)
2025-10-16T15:17:51.8978413Z [1A[2KChrome Headless 140.0.0.0 (Linux x86_64): Executed 109 of 318 SUCCESS (0 secs / 0.354 secs)
2025-10-16T15:17:51.8981382Z [1A[2KChrome Headless 140.0.0.0 (Linux x86_64): Executed 110 of 318 SUCCESS (0 secs / 0.354 secs)
2025-10-16T15:17:51.8983924Z [1A[2KChrome Headless 140.0.0.0 (Linux x86_64): Executed 111 of 318 SUCCESS (0 secs / 0.354 secs)
2025-10-16T15:17:51.8990091Z [1A[2KChrome Headless 140.0.0.0 (Linux x86_64): Executed 112 of 318 SUCCESS (0 secs / 0.354 secs)
2025-10-16T15:17:51.8995672Z [1A[2KChrome Headless 140.0.0.0 (Linux x86_64): Executed 113 of 318 SUCCESS (0 secs / 0.355 secs)
2025-10-16T15:17:51.9001616Z [1A[2KChrome Headless 140.0.0.0 (Linux x86_64): Executed 114 of 318 SUCCESS (0 secs / 0.355 secs)
2025-10-16T15:17:51.9017995Z [1A[2KChrome Headless 140.0.0.0 (Linux x86_64): Executed 115 of 318 SUCCESS (0 secs / 0.357 secs)
2025-10-16T15:17:51.9024236Z [1A[2KChrome Headless 140.0.0.0 (Linux x86_64): Executed 116 of 318 SUCCESS (0 secs / 0.358 secs)
2025-10-16T15:17:51.9031039Z [1A[2KChrome Headless 140.0.0.0 (Linux x86_64): Executed 117 of 318 SUCCESS (0 secs / 0.358 secs)
2025-10-16T15:17:51.9038648Z [1A[2KChrome Headless 140.0.0.0 (Linux x86_64): Executed 118 of 318 SUCCESS (0 secs / 0.359 secs)
2025-10-16T15:17:51.9043895Z [1A[2KChrome Headless 140.0.0.0 (Linux x86_64): Executed 119 of 318 SUCCESS (0 secs / 0.359 secs)
2025-10-16T15:17:51.9048619Z [1A[2KChrome Headless 140.0.0.0 (Linux x86_64): Executed 120 of 318 SUCCESS (0 secs / 0.359 secs)
2025-10-16T15:17:51.9055568Z [1A[2KChrome Headless 140.0.0.0 (Linux x86_64): Executed 121 of 318 SUCCESS (0 secs / 0.36 secs)
2025-10-16T15:17:51.9241878Z [1A[2KChrome Headless 140.0.0.0 (Linux x86_64): Executed 122 of 318 SUCCESS (0 secs / 0.378 secs)
2025-10-16T15:17:51.9247794Z [1A[2KChrome Headless 140.0.0.0 (Linux x86_64): Executed 123 of 318 SUCCESS (0 secs / 0.379 secs)
2025-10-16T15:17:51.9253599Z [1A[2KChrome Headless 140.0.0.0 (Linux x86_64): Executed 124 of 318 SUCCESS (0 secs / 0.379 secs)
2025-10-16T15:17:51.9258416Z [1A[2KChrome Headless 140.0.0.0 (Linux x86_64): Executed 125 of 318 SUCCESS (0 secs / 0.38 secs)
2025-10-16T15:17:51.9264109Z [1A[2KChrome Headless 140.0.0.0 (Linux x86_64): Executed 126 of 318 SUCCESS (0 secs / 0.381 secs)
2025-10-16T15:17:51.9270989Z [1A[2KChrome Headless 140.0.0.0 (Linux x86_64): Executed 127 of 318 SUCCESS (0 secs / 0.381 secs)
2025-10-16T15:17:51.9274542Z [1A[2KChrome Headless 140.0.0.0 (Linux x86_64): Executed 128 of 318 SUCCESS (0 secs / 0.381 secs)
2025-10-16T15:17:51.9279756Z [1A[2KChrome Headless 140.0.0.0 (Linux x86_64): Executed 129 of 318 SUCCESS (0 secs / 0.381 secs)
2025-10-16T15:17:51.9288816Z [1A[2KChrome Headless 140.0.0.0 (Linux x86_64): Executed 130 of 318 SUCCESS (0 secs / 0.381 secs)
2025-10-16T15:17:51.9291180Z [1A[2KChrome Headless 140.0.0.0 (Linux x86_64): Executed 131 of 318 SUCCESS (0 secs / 0.381 secs)
2025-10-16T15:17:51.9292967Z [1A[2KChrome Headless 140.0.0.0 (Linux x86_64): Executed 132 of 318 SUCCESS (0 secs / 0.381 secs)
2025-10-16T15:17:51.9297455Z [1A[2KChrome Headless 140.0.0.0 (Linux x86_64): Executed 133 of 318 SUCCESS (0 secs / 0.382 secs)
2025-10-16T15:17:51.9307017Z [1A[2KChrome Headless 140.0.0.0 (Linux x86_64): Executed 134 of 318 SUCCESS (0 secs / 0.383 secs)
2025-10-16T15:17:51.9313265Z [1A[2KChrome Headless 140.0.0.0 (Linux x86_64): Executed 135 of 318 SUCCESS (0 secs / 0.383 secs)
2025-10-16T15:17:51.9314900Z [1A[2KChrome Headless 140.0.0.0 (Linux x86_64): Executed 136 of 318 SUCCESS (0 secs / 0.383 secs)
2025-10-16T15:17:51.9316341Z [1A[2KChrome Headless 140.0.0.0 (Linux x86_64): Executed 137 of 318 SUCCESS (0 secs / 0.384 secs)
2025-10-16T15:17:51.9319407Z [1A[2KChrome Headless 140.0.0.0 (Linux x86_64): Executed 138 of 318 SUCCESS (0 secs / 0.384 secs)
2025-10-16T15:17:51.9320998Z [1A[2KChrome Headless 140.0.0.0 (Linux x86_64): Executed 139 of 318 SUCCESS (0 secs / 0.384 secs)
2025-10-16T15:17:51.9322717Z [1A[2KChrome Headless 140.0.0.0 (Linux x86_64): Executed 140 of 318 SUCCESS (0 secs / 0.384 secs)
2025-10-16T15:17:51.9328423Z [1A[2KChrome Headless 140.0.0.0 (Linux x86_64): Executed 141 of 318 SUCCESS (0 secs / 0.384 secs)
2025-10-16T15:17:51.9331131Z [1A[2KChrome Headless 140.0.0.0 (Linux x86_64): Executed 142 of 318 SUCCESS (0 secs / 0.384 secs)
2025-10-16T15:17:51.9333612Z [1A[2KChrome Headless 140.0.0.0 (Linux x86_64): Executed 143 of 318 SUCCESS (0 secs / 0.384 secs)
2025-10-16T15:17:51.9334942Z [1A[2KChrome Headless 140.0.0.0 (Linux x86_64): Executed 144 of 318 SUCCESS (0 secs / 0.384 secs)
2025-10-16T15:17:51.9340213Z [1A[2KChrome Headless 140.0.0.0 (Linux x86_64): Executed 145 of 318 SUCCESS (0 secs / 0.384 secs)
2025-10-16T15:17:51.9341529Z [1A[2KChrome Headless 140.0.0.0 (Linux x86_64): Executed 146 of 318 SUCCESS (0 secs / 0.384 secs)
2025-10-16T15:17:51.9344318Z [1A[2KChrome Headless 140.0.0.0 (Linux x86_64): Executed 147 of 318 SUCCESS (0 secs / 0.385 secs)
2025-10-16T15:17:51.9345667Z [1A[2KChrome Headless 140.0.0.0 (Linux x86_64): Executed 148 of 318 SUCCESS (0 secs / 0.385 secs)
2025-10-16T15:17:51.9346936Z [1A[2KChrome Headless 140.0.0.0 (Linux x86_64): Executed 149 of 318 SUCCESS (0 secs / 0.385 secs)
2025-10-16T15:17:51.9354398Z [1A[2KChrome Headless 140.0.0.0 (Linux x86_64): Executed 150 of 318 SUCCESS (0 secs / 0.385 secs)
2025-10-16T15:17:51.9357966Z [1A[2KChrome Headless 140.0.0.0 (Linux x86_64): Executed 151 of 318 SUCCESS (0 secs / 0.386 secs)
2025-10-16T15:17:51.9363220Z [1A[2KChrome Headless 140.0.0.0 (Linux x86_64): Executed 152 of 318 SUCCESS (0 secs / 0.386 secs)
2025-10-16T15:17:51.9418738Z [1A[2KChrome Headless 140.0.0.0 (Linux x86_64): Executed 153 of 318 SUCCESS (0 secs / 0.392 secs)
2025-10-16T15:17:51.9423957Z [1A[2KChrome Headless 140.0.0.0 (Linux x86_64): Executed 154 of 318 SUCCESS (0 secs / 0.392 secs)
2025-10-16T15:17:51.9425599Z [1A[2KChrome Headless 140.0.0.0 (Linux x86_64): Executed 155 of 318 SUCCESS (0 secs / 0.392 secs)
2025-10-16T15:17:51.9429404Z [1A[2KChrome Headless 140.0.0.0 (Linux x86_64): Executed 156 of 318 SUCCESS (0 secs / 0.392 secs)
2025-10-16T15:17:51.9436444Z [1A[2KChrome Headless 140.0.0.0 (Linux x86_64): Executed 157 of 318 SUCCESS (0 secs / 0.392 secs)
2025-10-16T15:17:51.9439261Z [1A[2KChrome Headless 140.0.0.0 (Linux x86_64): Executed 158 of 318 SUCCESS (0 secs / 0.392 secs)
2025-10-16T15:17:51.9440782Z [1A[2KChrome Headless 140.0.0.0 (Linux x86_64): Executed 159 of 318 SUCCESS (0 secs / 0.392 secs)
2025-10-16T15:17:51.9443355Z [1A[2KChrome Headless 140.0.0.0 (Linux x86_64): Executed 160 of 318 SUCCESS (0 secs / 0.393 secs)
2025-10-16T15:17:51.9444998Z [1A[2KChrome Headless 140.0.0.0 (Linux x86_64): Executed 161 of 318 SUCCESS (0 secs / 0.393 secs)
2025-10-16T15:17:51.9452008Z [1A[2KChrome Headless 140.0.0.0 (Linux x86_64): Executed 162 of 318 SUCCESS (0 secs / 0.393 secs)
2025-10-16T15:17:51.9455812Z [1A[2KChrome Headless 140.0.0.0 (Linux x86_64): Executed 163 of 318 SUCCESS (0 secs / 0.393 secs)
2025-10-16T15:17:51.9457249Z [1A[2KChrome Headless 140.0.0.0 (Linux x86_64): Executed 164 of 318 SUCCESS (0 secs / 0.393 secs)
2025-10-16T15:17:51.9458847Z [1A[2KChrome Headless 140.0.0.0 (Linux x86_64): Executed 165 of 318 SUCCESS (0 secs / 0.393 secs)
2025-10-16T15:17:51.9460212Z [1A[2KChrome Headless 140.0.0.0 (Linux x86_64): Executed 166 of 318 SUCCESS (0 secs / 0.393 secs)
2025-10-16T15:17:51.9461579Z [1A[2KChrome Headless 140.0.0.0 (Linux x86_64): Executed 167 of 318 SUCCESS (0 secs / 0.393 secs)
2025-10-16T15:17:51.9465455Z [1A[2KChrome Headless 140.0.0.0 (Linux x86_64): Executed 168 of 318 SUCCESS (0 secs / 0.393 secs)
2025-10-16T15:17:51.9466866Z [1A[2KChrome Headless 140.0.0.0 (Linux x86_64): Executed 169 of 318 SUCCESS (0 secs / 0.393 secs)
2025-10-16T15:17:51.9468460Z [1A[2KChrome Headless 140.0.0.0 (Linux x86_64): Executed 170 of 318 SUCCESS (0 secs / 0.393 secs)
2025-10-16T15:17:51.9469892Z [1A[2KChrome Headless 140.0.0.0 (Linux x86_64): Executed 171 of 318 SUCCESS (0 secs / 0.393 secs)
2025-10-16T15:17:51.9471307Z [1A[2KChrome Headless 140.0.0.0 (Linux x86_64): Executed 172 of 318 SUCCESS (0 secs / 0.393 secs)
2025-10-16T15:17:51.9473566Z [1A[2KChrome Headless 140.0.0.0 (Linux x86_64): Executed 173 of 318 SUCCESS (0 secs / 0.394 secs)
2025-10-16T15:17:51.9475008Z [1A[2KChrome Headless 140.0.0.0 (Linux x86_64): Executed 174 of 318 SUCCESS (0 secs / 0.394 secs)
2025-10-16T15:17:51.9478821Z [1A[2KChrome Headless 140.0.0.0 (Linux x86_64): Executed 175 of 318 SUCCESS (0 secs / 0.394 secs)
2025-10-16T15:17:51.9485278Z [1A[2KChrome Headless 140.0.0.0 (Linux x86_64): Executed 176 of 318 SUCCESS (0 secs / 0.395 secs)
2025-10-16T15:17:51.9488698Z [1A[2KChrome Headless 140.0.0.0 (Linux x86_64): Executed 177 of 318 SUCCESS (0 secs / 0.395 secs)
2025-10-16T15:17:51.9493761Z [1A[2KChrome Headless 140.0.0.0 (Linux x86_64): Executed 178 of 318 SUCCESS (0 secs / 0.395 secs)
2025-10-16T15:17:51.9495194Z [1A[2KChrome Headless 140.0.0.0 (Linux x86_64): Executed 179 of 318 SUCCESS (0 secs / 0.395 secs)
2025-10-16T15:17:51.9504294Z [1A[2KChrome Headless 140.0.0.0 (Linux x86_64): Executed 180 of 318 SUCCESS (0 secs / 0.396 secs)
2025-10-16T15:17:51.9505749Z [1A[2KChrome Headless 140.0.0.0 (Linux x86_64): Executed 181 of 318 SUCCESS (0 secs / 0.396 secs)
2025-10-16T15:17:51.9510416Z [1A[2KChrome Headless 140.0.0.0 (Linux x86_64): Executed 182 of 318 SUCCESS (0 secs / 0.396 secs)
2025-10-16T15:17:51.9512277Z [1A[2KChrome Headless 140.0.0.0 (Linux x86_64): Executed 183 of 318 SUCCESS (0 secs / 0.397 secs)
2025-10-16T15:17:51.9521801Z [1A[2KChrome Headless 140.0.0.0 (Linux x86_64): Executed 184 of 318 SUCCESS (0 secs / 0.397 secs)
2025-10-16T15:17:51.9523893Z [1A[2KChrome Headless 140.0.0.0 (Linux x86_64): Executed 185 of 318 SUCCESS (0 secs / 0.397 secs)
2025-10-16T15:17:51.9525931Z [1A[2KChrome Headless 140.0.0.0 (Linux x86_64): Executed 186 of 318 SUCCESS (0 secs / 0.397 secs)
2025-10-16T15:17:51.9527700Z [1A[2KChrome Headless 140.0.0.0 (Linux x86_64): Executed 187 of 318 SUCCESS (0 secs / 0.398 secs)
2025-10-16T15:17:51.9529812Z [1A[2KChrome Headless 140.0.0.0 (Linux x86_64): Executed 188 of 318 SUCCESS (0 secs / 0.398 secs)
2025-10-16T15:17:52.0537895Z [1A[2KChrome Headless 140.0.0.0 (Linux x86_64): Executed 189 of 318 SUCCESS (0 secs / 0.499 secs)
2025-10-16T15:17:52.0542788Z [1A[2KChrome Headless 140.0.0.0 (Linux x86_64): Executed 190 of 318 SUCCESS (0 secs / 0.499 secs)
2025-10-16T15:17:52.0546144Z [1A[2KChrome Headless 140.0.0.0 (Linux x86_64): Executed 191 of 318 SUCCESS (0 secs / 0.5 secs)
2025-10-16T15:17:52.0548570Z [1A[2KChrome Headless 140.0.0.0 (Linux x86_64): Executed 192 of 318 SUCCESS (0 secs / 0.5 secs)
2025-10-16T15:17:52.0554161Z [1A[2KChrome Headless 140.0.0.0 (Linux x86_64): Executed 193 of 318 SUCCESS (0 secs / 0.5 secs)
2025-10-16T15:17:52.0559622Z [1A[2KChrome Headless 140.0.0.0 (Linux x86_64): Executed 194 of 318 SUCCESS (0 secs / 0.5 secs)
2025-10-16T15:17:52.0562349Z [1A[2KChrome Headless 140.0.0.0 (Linux x86_64): Executed 195 of 318 SUCCESS (0 secs / 0.5 secs)
2025-10-16T15:17:52.0567007Z [1A[2KChrome Headless 140.0.0.0 (Linux x86_64): Executed 196 of 318 SUCCESS (0 secs / 0.501 secs)
2025-10-16T15:17:52.0571045Z [1A[2KChrome Headless 140.0.0.0 (Linux x86_64): Executed 197 of 318 SUCCESS (0 secs / 0.501 secs)
2025-10-16T15:17:52.0574135Z [1A[2KChrome Headless 140.0.0.0 (Linux x86_64): Executed 198 of 318 SUCCESS (0 secs / 0.502 secs)
2025-10-16T15:17:52.0578629Z [1A[2KChrome Headless 140.0.0.0 (Linux x86_64): Executed 199 of 318 SUCCESS (0 secs / 0.502 secs)
2025-10-16T15:17:52.0583302Z [1A[2KChrome Headless 140.0.0.0 (Linux x86_64): Executed 200 of 318 SUCCESS (0 secs / 0.502 secs)
2025-10-16T15:17:52.0585882Z [1A[2KChrome Headless 140.0.0.0 (Linux x86_64): Executed 201 of 318 SUCCESS (0 secs / 0.502 secs)
2025-10-16T15:17:52.2101157Z [1A[2KChrome Headless 140.0.0.0 (Linux x86_64): Executed 202 of 318 SUCCESS (0 secs / 0.653 secs)
2025-10-16T15:17:52.2103569Z [1A[2KChrome Headless 140.0.0.0 (Linux x86_64): Executed 203 of 318 SUCCESS (0 secs / 0.653 secs)
2025-10-16T15:17:52.3114270Z [1A[2KChrome Headless 140.0.0.0 (Linux x86_64): Executed 204 of 318 SUCCESS (0 secs / 0.754 secs)
2025-10-16T15:17:52.4123651Z [1A[2KChrome Headless 140.0.0.0 (Linux x86_64): Executed 205 of 318 SUCCESS (0 secs / 0.855 secs)
2025-10-16T15:17:52.5131857Z [1A[2KChrome Headless 140.0.0.0 (Linux x86_64): Executed 206 of 318 SUCCESS (0 secs / 0.956 secs)
2025-10-16T15:17:52.6141683Z [1A[2KChrome Headless 140.0.0.0 (Linux x86_64): Executed 207 of 318 SUCCESS (0 secs / 1.057 secs)
2025-10-16T15:17:52.7150584Z [1A[2KChrome Headless 140.0.0.0 (Linux x86_64): Executed 208 of 318 SUCCESS (0 secs / 1.158 secs)
2025-10-16T15:17:52.8158672Z [1A[2KChrome Headless 140.0.0.0 (Linux x86_64): Executed 209 of 318 SUCCESS (0 secs / 1.259 secs)
2025-10-16T15:17:52.9169865Z [1A[2KChrome Headless 140.0.0.0 (Linux x86_64): Executed 210 of 318 SUCCESS (0 secs / 1.359 secs)
2025-10-16T15:17:53.0175120Z [1A[2KChrome Headless 140.0.0.0 (Linux x86_64): Executed 211 of 318 SUCCESS (0 secs / 1.459 secs)
2025-10-16T15:17:53.1182611Z [1A[2KChrome Headless 140.0.0.0 (Linux x86_64): Executed 212 of 318 SUCCESS (0 secs / 1.56 secs)
2025-10-16T15:17:53.2191106Z [1A[2KChrome Headless 140.0.0.0 (Linux x86_64): Executed 213 of 318 SUCCESS (0 secs / 1.661 secs)
2025-10-16T15:17:53.3197832Z [1A[2KChrome Headless 140.0.0.0 (Linux x86_64): Executed 214 of 318 SUCCESS (0 secs / 1.762 secs)
2025-10-16T15:17:53.4206770Z [1A[2KChrome Headless 140.0.0.0 (Linux x86_64): Executed 215 of 318 SUCCESS (0 secs / 1.862 secs)
2025-10-16T15:17:53.4211542Z [1A[2KChrome Headless 140.0.0.0 (Linux x86_64): Executed 216 of 318 SUCCESS (0 secs / 1.862 secs)
2025-10-16T15:17:53.4215229Z [1A[2KChrome Headless 140.0.0.0 (Linux x86_64): Executed 217 of 318 SUCCESS (0 secs / 1.863 secs)
2025-10-16T15:17:53.4219064Z [1A[2KChrome Headless 140.0.0.0 (Linux x86_64): Executed 218 of 318 SUCCESS (0 secs / 1.863 secs)
2025-10-16T15:17:53.4223030Z [1A[2KChrome Headless 140.0.0.0 (Linux x86_64): Executed 219 of 318 SUCCESS (0 secs / 1.863 secs)
2025-10-16T15:17:53.4224750Z [1A[2KChrome Headless 140.0.0.0 (Linux x86_64): Executed 220 of 318 SUCCESS (0 secs / 1.863 secs)
2025-10-16T15:17:53.4232721Z [1A[2KChrome Headless 140.0.0.0 (Linux x86_64): Executed 221 of 318 SUCCESS (0 secs / 1.863 secs)
2025-10-16T15:17:53.4234044Z [1A[2KChrome Headless 140.0.0.0 (Linux x86_64): Executed 222 of 318 SUCCESS (0 secs / 1.863 secs)
2025-10-16T15:17:53.4238719Z [1A[2KChrome Headless 140.0.0.0 (Linux x86_64): Executed 223 of 318 SUCCESS (0 secs / 1.864 secs)
2025-10-16T15:17:53.4241695Z [1A[2KChrome Headless 140.0.0.0 (Linux x86_64): Executed 224 of 318 SUCCESS (0 secs / 1.864 secs)
2025-10-16T15:17:53.4245640Z [1A[2KChrome Headless 140.0.0.0 (Linux x86_64): Executed 225 of 318 SUCCESS (0 secs / 1.864 secs)
2025-10-16T15:17:53.4251227Z [1A[2KChrome Headless 140.0.0.0 (Linux x86_64): Executed 226 of 318 SUCCESS (0 secs / 1.864 secs)
2025-10-16T15:17:53.4254609Z [1A[2KChrome Headless 140.0.0.0 (Linux x86_64): Executed 227 of 318 SUCCESS (0 secs / 1.865 secs)
2025-10-16T15:17:53.4258615Z [1A[2KChrome Headless 140.0.0.0 (Linux x86_64): Executed 228 of 318 SUCCESS (0 secs / 1.865 secs)
2025-10-16T15:17:53.4261706Z [1A[2KChrome Headless 140.0.0.0 (Linux x86_64): Executed 229 of 318 SUCCESS (0 secs / 1.865 secs)
2025-10-16T15:17:53.4266461Z [1A[2KChrome Headless 140.0.0.0 (Linux x86_64): Executed 230 of 318 SUCCESS (0 secs / 1.866 secs)
2025-10-16T15:17:53.4275934Z [1A[2KChrome Headless 140.0.0.0 (Linux x86_64): Executed 231 of 318 SUCCESS (0 secs / 1.867 secs)
2025-10-16T15:17:53.4280080Z [1A[2KChrome Headless 140.0.0.0 (Linux x86_64): Executed 232 of 318 SUCCESS (0 secs / 1.867 secs)
2025-10-16T15:17:53.4285085Z [1A[2KChrome Headless 140.0.0.0 (Linux x86_64): Executed 233 of 318 SUCCESS (0 secs / 1.868 secs)
2025-10-16T15:17:53.4290060Z [1A[2KChrome Headless 140.0.0.0 (Linux x86_64): Executed 234 of 318 SUCCESS (0 secs / 1.868 secs)
2025-10-16T15:17:53.4294602Z [1A[2KChrome Headless 140.0.0.0 (Linux x86_64): Executed 235 of 318 SUCCESS (0 secs / 1.869 secs)
2025-10-16T15:17:53.4300150Z [1A[2KChrome Headless 140.0.0.0 (Linux x86_64): Executed 236 of 318 SUCCESS (0 secs / 1.869 secs)
2025-10-16T15:17:53.5311315Z [1A[2KChrome Headless 140.0.0.0 (Linux x86_64): Executed 237 of 318 SUCCESS (0 secs / 1.97 secs)
2025-10-16T15:17:53.6315814Z [1A[2KChrome Headless 140.0.0.0 (Linux x86_64): Executed 238 of 318 SUCCESS (0 secs / 2.07 secs)
2025-10-16T15:17:53.7322149Z [1A[2KChrome Headless 140.0.0.0 (Linux x86_64): Executed 239 of 318 SUCCESS (0 secs / 2.171 secs)
2025-10-16T15:17:53.7324387Z [1A[2KChrome Headless 140.0.0.0 (Linux x86_64): Executed 240 of 318 SUCCESS (0 secs / 2.171 secs)
2025-10-16T15:17:53.7328515Z [1A[2KChrome Headless 140.0.0.0 (Linux x86_64): Executed 241 of 318 SUCCESS (0 secs / 2.171 secs)
2025-10-16T15:17:53.7331525Z [1A[2KChrome Headless 140.0.0.0 (Linux x86_64): Executed 242 of 318 SUCCESS (0 secs / 2.171 secs)
2025-10-16T15:17:53.7335611Z [1A[2KChrome Headless 140.0.0.0 (Linux x86_64): Executed 243 of 318 SUCCESS (0 secs / 2.172 secs)
2025-10-16T15:17:53.7339435Z [1A[2KChrome Headless 140.0.0.0 (Linux x86_64): Executed 244 of 318 SUCCESS (0 secs / 2.172 secs)
2025-10-16T15:17:53.7348474Z [1A[2KChrome Headless 140.0.0.0 (Linux x86_64): Executed 245 of 318 SUCCESS (0 secs / 2.173 secs)
2025-10-16T15:17:53.7353404Z [1A[2KChrome Headless 140.0.0.0 (Linux x86_64): Executed 246 of 318 SUCCESS (0 secs / 2.173 secs)
2025-10-16T15:17:53.9994845Z [1A[2KChrome Headless 140.0.0.0 (Linux x86_64): Executed 247 of 318 SUCCESS (0 secs / 2.436 secs)
2025-10-16T15:17:54.0003338Z [1A[2KChrome Headless 140.0.0.0 (Linux x86_64): Executed 248 of 318 SUCCESS (0 secs / 2.437 secs)
2025-10-16T15:17:54.0010449Z [1A[2KChrome Headless 140.0.0.0 (Linux x86_64): Executed 249 of 318 SUCCESS (0 secs / 2.438 secs)
2025-10-16T15:17:54.0013730Z [1A[2KChrome Headless 140.0.0.0 (Linux x86_64): Executed 250 of 318 SUCCESS (0 secs / 2.438 secs)
2025-10-16T15:17:54.0025482Z [1A[2KChrome Headless 140.0.0.0 (Linux x86_64): Executed 251 of 318 SUCCESS (0 secs / 2.439 secs)
2025-10-16T15:17:54.0026777Z [1A[2KChrome Headless 140.0.0.0 (Linux x86_64): Executed 252 of 318 SUCCESS (0 secs / 2.439 secs)
2025-10-16T15:17:54.0028058Z [1A[2KChrome Headless 140.0.0.0 (Linux x86_64): Executed 253 of 318 SUCCESS (0 secs / 2.44 secs)
2025-10-16T15:17:54.1034920Z [1A[2KChrome Headless 140.0.0.0 (Linux x86_64): Executed 254 of 318 SUCCESS (0 secs / 2.54 secs)
2025-10-16T15:17:54.2043011Z [1A[2KChrome Headless 140.0.0.0 (Linux x86_64): Executed 255 of 318 SUCCESS (0 secs / 2.641 secs)
2025-10-16T15:17:54.3051720Z [1A[2KChrome Headless 140.0.0.0 (Linux x86_64): Executed 256 of 318 SUCCESS (0 secs / 2.742 secs)
2025-10-16T15:17:54.4060618Z [1A[2KChrome Headless 140.0.0.0 (Linux x86_64): Executed 257 of 318 SUCCESS (0 secs / 2.843 secs)
2025-10-16T15:17:54.4064627Z [1A[2KChrome Headless 140.0.0.0 (Linux x86_64): Executed 258 of 318 SUCCESS (0 secs / 2.844 secs)
2025-10-16T15:17:54.4067759Z [1A[2KChrome Headless 140.0.0.0 (Linux x86_64): Executed 259 of 318 SUCCESS (0 secs / 2.844 secs)
2025-10-16T15:17:54.4071794Z [1A[2KChrome Headless 140.0.0.0 (Linux x86_64): Executed 260 of 318 SUCCESS (0 secs / 2.844 secs)
2025-10-16T15:17:54.5083020Z [1A[2KChrome Headless 140.0.0.0 (Linux x86_64): Executed 261 of 318 SUCCESS (0 secs / 2.945 secs)
2025-10-16T15:17:54.5086924Z [1A[2KChrome Headless 140.0.0.0 (Linux x86_64): Executed 262 of 318 SUCCESS (0 secs / 2.946 secs)
2025-10-16T15:17:54.5090868Z [1A[2KChrome Headless 140.0.0.0 (Linux x86_64): Executed 263 of 318 SUCCESS (0 secs / 2.946 secs)
2025-10-16T15:17:54.5094467Z [1A[2KChrome Headless 140.0.0.0 (Linux x86_64): Executed 264 of 318 SUCCESS (0 secs / 2.947 secs)
2025-10-16T15:17:54.5103724Z [1A[2KChrome Headless 140.0.0.0 (Linux x86_64): Executed 265 of 318 SUCCESS (0 secs / 2.947 secs)
2025-10-16T15:17:54.5107869Z [1A[2KChrome Headless 140.0.0.0 (Linux x86_64): Executed 266 of 318 SUCCESS (0 secs / 2.947 secs)
2025-10-16T15:17:54.6118047Z [1A[2KChrome Headless 140.0.0.0 (Linux x86_64): Executed 267 of 318 SUCCESS (0 secs / 3.048 secs)
2025-10-16T15:17:54.7128710Z [1A[2KChrome Headless 140.0.0.0 (Linux x86_64): Executed 268 of 318 SUCCESS (0 secs / 3.149 secs)
2025-10-16T15:17:54.8140884Z [1A[2KChrome Headless 140.0.0.0 (Linux x86_64): Executed 269 of 318 SUCCESS (0 secs / 3.25 secs)
2025-10-16T15:17:54.9147362Z [1A[2KChrome Headless 140.0.0.0 (Linux x86_64): Executed 270 of 318 SUCCESS (0 secs / 3.351 secs)
2025-10-16T15:17:54.9149417Z [1A[2KChrome Headless 140.0.0.0 (Linux x86_64): Executed 271 of 318 SUCCESS (0 secs / 3.351 secs)
2025-10-16T15:17:54.9154621Z [1A[2KChrome Headless 140.0.0.0 (Linux x86_64): Executed 272 of 318 SUCCESS (0 secs / 3.351 secs)
2025-10-16T15:17:54.9171530Z [1A[2KChrome Headless 140.0.0.0 (Linux x86_64): Executed 273 of 318 SUCCESS (0 secs / 3.351 secs)
2025-10-16T15:17:54.9177365Z [1A[2KChrome Headless 140.0.0.0 (Linux x86_64): Executed 274 of 318 SUCCESS (0 secs / 3.351 secs)
2025-10-16T15:17:54.9179267Z [1A[2KChrome Headless 140.0.0.0 (Linux x86_64): Executed 275 of 318 SUCCESS (0 secs / 3.352 secs)
2025-10-16T15:17:54.9180550Z [1A[2KChrome Headless 140.0.0.0 (Linux x86_64): Executed 276 of 318 SUCCESS (0 secs / 3.352 secs)
2025-10-16T15:17:54.9181640Z [1A[2KChrome Headless 140.0.0.0 (Linux x86_64): Executed 277 of 318 SUCCESS (0 secs / 3.353 secs)
2025-10-16T15:17:54.9182352Z [1A[2KChrome Headless 140.0.0.0 (Linux x86_64): Executed 278 of 318 SUCCESS (0 secs / 3.353 secs)
2025-10-16T15:17:54.9183911Z [1A[2KChrome Headless 140.0.0.0 (Linux x86_64): Executed 279 of 318 SUCCESS (0 secs / 3.353 secs)
2025-10-16T15:17:54.9185068Z [1A[2KChrome Headless 140.0.0.0 (Linux x86_64): Executed 280 of 318 SUCCESS (0 secs / 3.353 secs)
2025-10-16T15:17:54.9186182Z [1A[2KChrome Headless 140.0.0.0 (Linux x86_64): Executed 281 of 318 SUCCESS (0 secs / 3.353 secs)
2025-10-16T15:17:54.9187591Z [1A[2KChrome Headless 140.0.0.0 (Linux x86_64): Executed 282 of 318 SUCCESS (0 secs / 3.354 secs)
2025-10-16T15:17:54.9189047Z [1A[2KChrome Headless 140.0.0.0 (Linux x86_64): Executed 283 of 318 SUCCESS (0 secs / 3.354 secs)
2025-10-16T15:17:54.9190328Z [1A[2KChrome Headless 140.0.0.0 (Linux x86_64): Executed 284 of 318 SUCCESS (0 secs / 3.354 secs)
2025-10-16T15:17:54.9191667Z [1A[2KChrome Headless 140.0.0.0 (Linux x86_64): Executed 285 of 318 SUCCESS (0 secs / 3.354 secs)
2025-10-16T15:17:54.9193185Z [1A[2KChrome Headless 140.0.0.0 (Linux x86_64): Executed 286 of 318 SUCCESS (0 secs / 3.354 secs)
2025-10-16T15:17:54.9194692Z [1A[2KChrome Headless 140.0.0.0 (Linux x86_64): Executed 287 of 318 SUCCESS (0 secs / 3.355 secs)
2025-10-16T15:17:54.9197947Z [1A[2KChrome Headless 140.0.0.0 (Linux x86_64): Executed 288 of 318 SUCCESS (0 secs / 3.355 secs)
2025-10-16T15:17:54.9200021Z [1A[2KChrome Headless 140.0.0.0 (Linux x86_64): Executed 289 of 318 SUCCESS (0 secs / 3.355 secs)
2025-10-16T15:17:54.9202103Z [1A[2KChrome Headless 140.0.0.0 (Linux x86_64): Executed 290 of 318 SUCCESS (0 secs / 3.355 secs)
2025-10-16T15:17:54.9203720Z [1A[2KChrome Headless 140.0.0.0 (Linux x86_64): Executed 291 of 318 SUCCESS (0 secs / 3.355 secs)
2025-10-16T15:17:54.9205711Z [1A[2KChrome Headless 140.0.0.0 (Linux x86_64): Executed 292 of 318 SUCCESS (0 secs / 3.355 secs)
2025-10-16T15:17:54.9207282Z [1A[2KChrome Headless 140.0.0.0 (Linux x86_64): Executed 293 of 318 SUCCESS (0 secs / 3.355 secs)
2025-10-16T15:17:54.9212765Z [1A[2KChrome Headless 140.0.0.0 (Linux x86_64): Executed 294 of 318 SUCCESS (0 secs / 3.355 secs)
2025-10-16T15:17:54.9214271Z [1A[2KChrome Headless 140.0.0.0 (Linux x86_64): Executed 295 of 318 SUCCESS (0 secs / 3.355 secs)
2025-10-16T15:17:54.9215818Z [1A[2KChrome Headless 140.0.0.0 (Linux x86_64): Executed 296 of 318 SUCCESS (0 secs / 3.355 secs)
2025-10-16T15:17:54.9216930Z [1A[2KChrome Headless 140.0.0.0 (Linux x86_64): Executed 297 of 318 SUCCESS (0 secs / 3.356 secs)
2025-10-16T15:17:54.9218761Z [1A[2KChrome Headless 140.0.0.0 (Linux x86_64): Executed 298 of 318 SUCCESS (0 secs / 3.356 secs)
2025-10-16T15:17:54.9220222Z [1A[2KChrome Headless 140.0.0.0 (Linux x86_64): Executed 299 of 318 SUCCESS (0 secs / 3.356 secs)
2025-10-16T15:17:54.9223932Z [1A[2KChrome Headless 140.0.0.0 (Linux x86_64): Executed 300 of 318 SUCCESS (0 secs / 3.357 secs)
2025-10-16T15:17:54.9225313Z [1A[2KChrome Headless 140.0.0.0 (Linux x86_64): Executed 301 of 318 SUCCESS (0 secs / 3.357 secs)
2025-10-16T15:17:54.9228407Z [1A[2KChrome Headless 140.0.0.0 (Linux x86_64): Executed 302 of 318 SUCCESS (0 secs / 3.357 secs)
2025-10-16T15:17:54.9229790Z [1A[2KChrome Headless 140.0.0.0 (Linux x86_64): Executed 303 of 318 SUCCESS (0 secs / 3.357 secs)
2025-10-16T15:17:54.9233312Z [1A[2KChrome Headless 140.0.0.0 (Linux x86_64): Executed 304 of 318 SUCCESS (0 secs / 3.357 secs)
2025-10-16T15:17:54.9234674Z [1A[2KChrome Headless 140.0.0.0 (Linux x86_64): Executed 305 of 318 SUCCESS (0 secs / 3.358 secs)
2025-10-16T15:17:54.9238486Z [1A[2KChrome Headless 140.0.0.0 (Linux x86_64): Executed 306 of 318 SUCCESS (0 secs / 3.358 secs)
2025-10-16T15:17:54.9240757Z [1A[2KChrome Headless 140.0.0.0 (Linux x86_64): Executed 307 of 318 SUCCESS (0 secs / 3.358 secs)
2025-10-16T15:17:54.9242172Z [1A[2KChrome Headless 140.0.0.0 (Linux x86_64): Executed 308 of 318 SUCCESS (0 secs / 3.358 secs)
2025-10-16T15:17:54.9246614Z [1A[2KChrome Headless 140.0.0.0 (Linux x86_64): Executed 309 of 318 SUCCESS (0 secs / 3.359 secs)
2025-10-16T15:17:54.9252589Z [1A[2KChrome Headless 140.0.0.0 (Linux x86_64): Executed 310 of 318 SUCCESS (0 secs / 3.359 secs)
2025-10-16T15:17:54.9256209Z [1A[2KChrome Headless 140.0.0.0 (Linux x86_64): Executed 311 of 318 SUCCESS (0 secs / 3.36 secs)
2025-10-16T15:17:54.9260223Z [1A[2KChrome Headless 140.0.0.0 (Linux x86_64): Executed 312 of 318 SUCCESS (0 secs / 3.36 secs)
2025-10-16T15:17:54.9265034Z [1A[2KChrome Headless 140.0.0.0 (Linux x86_64): Executed 313 of 318 SUCCESS (0 secs / 3.361 secs)
2025-10-16T15:17:54.9269207Z [1A[2KChrome Headless 140.0.0.0 (Linux x86_64): Executed 314 of 318 SUCCESS (0 secs / 3.361 secs)
2025-10-16T15:17:54.9274741Z [1A[2KChrome Headless 140.0.0.0 (Linux x86_64): Executed 315 of 318 SUCCESS (0 secs / 3.361 secs)
2025-10-16T15:17:54.9279902Z [1A[2KChrome Headless 140.0.0.0 (Linux x86_64): Executed 316 of 318 SUCCESS (0 secs / 3.361 secs)
2025-10-16T15:17:54.9281257Z [1A[2KChrome Headless 140.0.0.0 (Linux x86_64): Executed 317 of 318 SUCCESS (0 secs / 3.361 secs)
2025-10-16T15:17:54.9287447Z [1A[2KChrome Headless 140.0.0.0 (Linux x86_64): Executed 318 of 318 SUCCESS (0 secs / 3.362 secs)
2025-10-16T15:17:54.9308473Z [1A[2KChrome Headless 140.0.0.0 (Linux x86_64): Executed 318 of 318 SUCCESS (3.393 secs / 3.362 secs)
2025-10-16T15:17:57.7402435Z [32m16 10 2025 15:17:57.738:INFO [Firefox 143.0 (Linux x86_64)]: [39mConnected on socket 2tThLk-l89y0ad1XAAAD with id 48510889
2025-10-16T15:17:58.0698949Z 
2025-10-16T15:17:58.0700629Z [1A[2K[1A[2KChrome Headless 140.0.0.0 (Linux x86_64): Executed 318 of 318 SUCCESS (3.393 secs / 3.362 secs)
2025-10-16T15:17:58.0701808Z Firefox 143.0 (Linux x86_64): Executed 0 of 318 SUCCESS (0 secs / 0 secs)
2025-10-16T15:17:58.0782377Z [1A[2K[1A[2KChrome Headless 140.0.0.0 (Linux x86_64): Executed 318 of 318 SUCCESS (3.393 secs / 3.362 secs)
2025-10-16T15:17:58.0783929Z Firefox 143.0 (Linux x86_64): Executed 1 of 318 SUCCESS (0 secs / 0.018 secs)
2025-10-16T15:17:58.0849947Z [1A[2K[1A[2KChrome Headless 140.0.0.0 (Linux x86_64): Executed 318 of 318 SUCCESS (3.393 secs / 3.362 secs)
2025-10-16T15:17:58.0851386Z Firefox 143.0 (Linux x86_64): Executed 2 of 318 SUCCESS (0 secs / 0.021 secs)
2025-10-16T15:17:58.0854053Z [1A[2K[1A[2KChrome Headless 140.0.0.0 (Linux x86_64): Executed 318 of 318 SUCCESS (3.393 secs / 3.362 secs)
2025-10-16T15:17:58.0855465Z Firefox 143.0 (Linux x86_64): Executed 3 of 318 SUCCESS (0 secs / 0.023 secs)
2025-10-16T15:17:58.0934663Z [1A[2K[1A[2KChrome Headless 140.0.0.0 (Linux x86_64): Executed 318 of 318 SUCCESS (3.393 secs / 3.362 secs)
2025-10-16T15:17:58.0935974Z Firefox 143.0 (Linux x86_64): Executed 4 of 318 SUCCESS (0 secs / 0.023 secs)
2025-10-16T15:17:58.1001869Z [1A[2K[1A[2KChrome Headless 140.0.0.0 (Linux x86_64): Executed 318 of 318 SUCCESS (3.393 secs / 3.362 secs)
2025-10-16T15:17:58.1008946Z Firefox 143.0 (Linux x86_64): Executed 5 of 318 SUCCESS (0 secs / 0.025 secs)
2025-10-16T15:17:58.1018395Z [1A[2K[1A[2KChrome Headless 140.0.0.0 (Linux x86_64): Executed 318 of 318 SUCCESS (3.393 secs / 3.362 secs)
2025-10-16T15:17:58.1020434Z Firefox 143.0 (Linux x86_64): Executed 6 of 318 SUCCESS (0 secs / 0.026 secs)
2025-10-16T15:17:58.1022469Z [1A[2K[1A[2KChrome Headless 140.0.0.0 (Linux x86_64): Executed 318 of 318 SUCCESS (3.393 secs / 3.362 secs)
2025-10-16T15:17:58.1029408Z Firefox 143.0 (Linux x86_64): Executed 7 of 318 SUCCESS (0 secs / 0.026 secs)
2025-10-16T15:17:58.1053852Z [1A[2K[1A[2KChrome Headless 140.0.0.0 (Linux x86_64): Executed 318 of 318 SUCCESS (3.393 secs / 3.362 secs)
2025-10-16T15:17:58.1054997Z Firefox 143.0 (Linux x86_64): Executed 8 of 318 SUCCESS (0 secs / 0.027 secs)
2025-10-16T15:17:58.1059422Z [1A[2K[1A[2KChrome Headless 140.0.0.0 (Linux x86_64): Executed 318 of 318 SUCCESS (3.393 secs / 3.362 secs)
2025-10-16T15:17:58.1074461Z Firefox 143.0 (Linux x86_64): Executed 9 of 318 SUCCESS (0 secs / 0.027 secs)
2025-10-16T15:17:58.1075822Z [1A[2K[1A[2KChrome Headless 140.0.0.0 (Linux x86_64): Executed 318 of 318 SUCCESS (3.393 secs / 3.362 secs)
2025-10-16T15:17:58.1076932Z Firefox 143.0 (Linux x86_64): Executed 10 of 318 SUCCESS (0 secs / 0.028 secs)
2025-10-16T15:17:58.1078959Z [1A[2K[1A[2KChrome Headless 140.0.0.0 (Linux x86_64): Executed 318 of 318 SUCCESS (3.393 secs / 3.362 secs)
2025-10-16T15:17:58.1080111Z Firefox 143.0 (Linux x86_64): Executed 11 of 318 SUCCESS (0 secs / 0.028 secs)
2025-10-16T15:17:58.1081451Z [1A[2K[1A[2KChrome Headless 140.0.0.0 (Linux x86_64): Executed 318 of 318 SUCCESS (3.393 secs / 3.362 secs)
2025-10-16T15:17:58.1082541Z Firefox 143.0 (Linux x86_64): Executed 12 of 318 SUCCESS (0 secs / 0.028 secs)
2025-10-16T15:17:58.1083823Z [1A[2K[1A[2KChrome Headless 140.0.0.0 (Linux x86_64): Executed 318 of 318 SUCCESS (3.393 secs / 3.362 secs)
2025-10-16T15:17:58.1084918Z Firefox 143.0 (Linux x86_64): Executed 13 of 318 SUCCESS (0 secs / 0.029 secs)
2025-10-16T15:17:58.1086237Z [1A[2K[1A[2KChrome Headless 140.0.0.0 (Linux x86_64): Executed 318 of 318 SUCCESS (3.393 secs / 3.362 secs)
2025-10-16T15:17:58.1087301Z Firefox 143.0 (Linux x86_64): Executed 14 of 318 SUCCESS (0 secs / 0.029 secs)
2025-10-16T15:17:58.1275733Z [1A[2K[1A[2KChrome Headless 140.0.0.0 (Linux x86_64): Executed 318 of 318 SUCCESS (3.393 secs / 3.362 secs)
2025-10-16T15:17:58.1278601Z Firefox 143.0 (Linux x86_64): Executed 15 of 318 SUCCESS (0 secs / 0.03 secs)
2025-10-16T15:17:58.1280736Z [1A[2K[1A[2KChrome Headless 140.0.0.0 (Linux x86_64): Executed 318 of 318 SUCCESS (3.393 secs / 3.362 secs)
2025-10-16T15:17:58.1282885Z Firefox 143.0 (Linux x86_64): Executed 16 of 318 SUCCESS (0 secs / 0.03 secs)
2025-10-16T15:17:58.1435598Z [33m16 10 2025 15:17:58.142:WARN [web-server]: [39m404: /test
2025-10-16T15:17:58.2312910Z [1A[2K[1A[2KChrome Headless 140.0.0.0 (Linux x86_64): Executed 318 of 318 SUCCESS (3.393 secs / 3.362 secs)
2025-10-16T15:17:58.2314061Z Firefox 143.0 (Linux x86_64): Executed 17 of 318 SUCCESS (0 secs / 0.132 secs)
2025-10-16T15:17:58.3024911Z [1A[2K[1A[2KChrome Headless 140.0.0.0 (Linux x86_64): Executed 318 of 318 SUCCESS (3.393 secs / 3.362 secs)
2025-10-16T15:17:58.3026280Z Firefox 143.0 (Linux x86_64): Executed 18 of 318 SUCCESS (0 secs / 0.234 secs)
2025-10-16T15:17:58.4019009Z [1A[2K[1A[2KChrome Headless 140.0.0.0 (Linux x86_64): Executed 318 of 318 SUCCESS (3.393 secs / 3.362 secs)
2025-10-16T15:17:58.4020210Z Firefox 143.0 (Linux x86_64): Executed 19 of 318 SUCCESS (0 secs / 0.334 secs)
2025-10-16T15:17:58.4027253Z [1A[2K[1A[2KChrome Headless 140.0.0.0 (Linux x86_64): Executed 318 of 318 SUCCESS (3.393 secs / 3.362 secs)
2025-10-16T15:17:58.4029118Z Firefox 143.0 (Linux x86_64): Executed 20 of 318 SUCCESS (0 secs / 0.335 secs)
2025-10-16T15:17:58.4031291Z [1A[2K[1A[2KChrome Headless 140.0.0.0 (Linux x86_64): Executed 318 of 318 SUCCESS (3.393 secs / 3.362 secs)
2025-10-16T15:17:58.4032719Z Firefox 143.0 (Linux x86_64): Executed 21 of 318 SUCCESS (0 secs / 0.336 secs)
2025-10-16T15:17:58.4039299Z [1A[2K[1A[2KChrome Headless 140.0.0.0 (Linux x86_64): Executed 318 of 318 SUCCESS (3.393 secs / 3.362 secs)
2025-10-16T15:17:58.4040442Z Firefox 143.0 (Linux x86_64): Executed 22 of 318 SUCCESS (0 secs / 0.337 secs)
2025-10-16T15:17:58.4130309Z [1A[2K[1A[2KChrome Headless 140.0.0.0 (Linux x86_64): Executed 318 of 318 SUCCESS (3.393 secs / 3.362 secs)
2025-10-16T15:17:58.4133166Z Firefox 143.0 (Linux x86_64): Executed 23 of 318 SUCCESS (0 secs / 0.338 secs)
2025-10-16T15:17:58.4141810Z [1A[2K[1A[2KChrome Headless 140.0.0.0 (Linux x86_64): Executed 318 of 318 SUCCESS (3.393 secs / 3.362 secs)
2025-10-16T15:17:58.4152140Z Firefox 143.0 (Linux x86_64): Executed 24 of 318 SUCCESS (0 secs / 0.34 secs)
2025-10-16T15:17:58.4153969Z [1A[2K[1A[2KChrome Headless 140.0.0.0 (Linux x86_64): Executed 318 of 318 SUCCESS (3.393 secs / 3.362 secs)
2025-10-16T15:17:58.4155496Z Firefox 143.0 (Linux x86_64): Executed 25 of 318 SUCCESS (0 secs / 0.34 secs)
2025-10-16T15:17:58.4157137Z [1A[2K[1A[2KChrome Headless 140.0.0.0 (Linux x86_64): Executed 318 of 318 SUCCESS (3.393 secs / 3.362 secs)
2025-10-16T15:17:58.4164455Z Firefox 143.0 (Linux x86_64): Executed 26 of 318 SUCCESS (0 secs / 0.34 secs)
2025-10-16T15:17:58.4166194Z [1A[2K[1A[2KChrome Headless 140.0.0.0 (Linux x86_64): Executed 318 of 318 SUCCESS (3.393 secs / 3.362 secs)
2025-10-16T15:17:58.4168320Z Firefox 143.0 (Linux x86_64): Executed 27 of 318 SUCCESS (0 secs / 0.34 secs)
2025-10-16T15:17:58.4169664Z [1A[2K[1A[2KChrome Headless 140.0.0.0 (Linux x86_64): Executed 318 of 318 SUCCESS (3.393 secs / 3.362 secs)
2025-10-16T15:17:58.4170762Z Firefox 143.0 (Linux x86_64): Executed 28 of 318 SUCCESS (0 secs / 0.34 secs)
2025-10-16T15:17:58.4172058Z [1A[2K[1A[2KChrome Headless 140.0.0.0 (Linux x86_64): Executed 318 of 318 SUCCESS (3.393 secs / 3.362 secs)
2025-10-16T15:17:58.4173115Z Firefox 143.0 (Linux x86_64): Executed 29 of 318 SUCCESS (0 secs / 0.34 secs)
2025-10-16T15:17:58.4174454Z [1A[2K[1A[2KChrome Headless 140.0.0.0 (Linux x86_64): Executed 318 of 318 SUCCESS (3.393 secs / 3.362 secs)
2025-10-16T15:17:58.4175518Z Firefox 143.0 (Linux x86_64): Executed 30 of 318 SUCCESS (0 secs / 0.34 secs)
2025-10-16T15:17:58.4177948Z [1A[2K[1A[2KChrome Headless 140.0.0.0 (Linux x86_64): Executed 318 of 318 SUCCESS (3.393 secs / 3.362 secs)
2025-10-16T15:17:58.4179308Z Firefox 143.0 (Linux x86_64): Executed 31 of 318 SUCCESS (0 secs / 0.34 secs)
2025-10-16T15:17:58.4180637Z [1A[2K[1A[2KChrome Headless 140.0.0.0 (Linux x86_64): Executed 318 of 318 SUCCESS (3.393 secs / 3.362 secs)
2025-10-16T15:17:58.4182011Z Firefox 143.0 (Linux x86_64): Executed 32 of 318 SUCCESS (0 secs / 0.341 secs)
2025-10-16T15:17:58.4184439Z [1A[2K[1A[2KChrome Headless 140.0.0.0 (Linux x86_64): Executed 318 of 318 SUCCESS (3.393 secs / 3.362 secs)
2025-10-16T15:17:58.4185626Z Firefox 143.0 (Linux x86_64): Executed 33 of 318 SUCCESS (0 secs / 0.341 secs)
2025-10-16T15:17:58.4186959Z [1A[2K[1A[2KChrome Headless 140.0.0.0 (Linux x86_64): Executed 318 of 318 SUCCESS (3.393 secs / 3.362 secs)
2025-10-16T15:17:58.4188052Z Firefox 143.0 (Linux x86_64): Executed 34 of 318 SUCCESS (0 secs / 0.341 secs)
2025-10-16T15:17:58.4189559Z [1A[2K[1A[2KChrome Headless 140.0.0.0 (Linux x86_64): Executed 318 of 318 SUCCESS (3.393 secs / 3.362 secs)
2025-10-16T15:17:58.4190633Z Firefox 143.0 (Linux x86_64): Executed 35 of 318 SUCCESS (0 secs / 0.341 secs)
2025-10-16T15:17:58.4192246Z [1A[2K[1A[2KChrome Headless 140.0.0.0 (Linux x86_64): Executed 318 of 318 SUCCESS (3.393 secs / 3.362 secs)
2025-10-16T15:17:58.4193669Z Firefox 143.0 (Linux x86_64): Executed 36 of 318 SUCCESS (0 secs / 0.341 secs)
2025-10-16T15:17:58.4194977Z [1A[2K[1A[2KChrome Headless 140.0.0.0 (Linux x86_64): Executed 318 of 318 SUCCESS (3.393 secs / 3.362 secs)
2025-10-16T15:17:58.4196023Z Firefox 143.0 (Linux x86_64): Executed 37 of 318 SUCCESS (0 secs / 0.341 secs)
2025-10-16T15:17:58.4197295Z [1A[2K[1A[2KChrome Headless 140.0.0.0 (Linux x86_64): Executed 318 of 318 SUCCESS (3.393 secs / 3.362 secs)
2025-10-16T15:17:58.4199475Z Firefox 143.0 (Linux x86_64): Executed 38 of 318 SUCCESS (0 secs / 0.342 secs)
2025-10-16T15:17:58.4200915Z [1A[2K[1A[2KChrome Headless 140.0.0.0 (Linux x86_64): Executed 318 of 318 SUCCESS (3.393 secs / 3.362 secs)
2025-10-16T15:17:58.4201963Z Firefox 143.0 (Linux x86_64): Executed 39 of 318 SUCCESS (0 secs / 0.342 secs)
2025-10-16T15:17:58.4203199Z [1A[2K[1A[2KChrome Headless 140.0.0.0 (Linux x86_64): Executed 318 of 318 SUCCESS (3.393 secs / 3.362 secs)
2025-10-16T15:17:58.4204201Z Firefox 143.0 (Linux x86_64): Executed 40 of 318 SUCCESS (0 secs / 0.342 secs)
2025-10-16T15:17:58.4205416Z [1A[2K[1A[2KChrome Headless 140.0.0.0 (Linux x86_64): Executed 318 of 318 SUCCESS (3.393 secs / 3.362 secs)
2025-10-16T15:17:58.4206357Z Firefox 143.0 (Linux x86_64): Executed 41 of 318 SUCCESS (0 secs / 0.343 secs)
2025-10-16T15:17:58.4207826Z [1A[2K[1A[2KChrome Headless 140.0.0.0 (Linux x86_64): Executed 318 of 318 SUCCESS (3.393 secs / 3.362 secs)
2025-10-16T15:17:58.4209473Z Firefox 143.0 (Linux x86_64): Executed 42 of 318 SUCCESS (0 secs / 0.343 secs)
2025-10-16T15:17:58.4210775Z [1A[2K[1A[2KChrome Headless 140.0.0.0 (Linux x86_64): Executed 318 of 318 SUCCESS (3.393 secs / 3.362 secs)
2025-10-16T15:17:58.4212067Z Firefox 143.0 (Linux x86_64): Executed 43 of 318 SUCCESS (0 secs / 0.343 secs)
2025-10-16T15:17:58.4213395Z [1A[2K[1A[2KChrome Headless 140.0.0.0 (Linux x86_64): Executed 318 of 318 SUCCESS (3.393 secs / 3.362 secs)
2025-10-16T15:17:58.4214637Z Firefox 143.0 (Linux x86_64): Executed 44 of 318 SUCCESS (0 secs / 0.343 secs)
2025-10-16T15:17:58.4215919Z [1A[2K[1A[2KChrome Headless 140.0.0.0 (Linux x86_64): Executed 318 of 318 SUCCESS (3.393 secs / 3.362 secs)
2025-10-16T15:17:58.4216985Z Firefox 143.0 (Linux x86_64): Executed 45 of 318 SUCCESS (0 secs / 0.344 secs)
2025-10-16T15:17:58.4227803Z [1A[2K[1A[2KChrome Headless 140.0.0.0 (Linux x86_64): Executed 318 of 318 SUCCESS (3.393 secs / 3.362 secs)
2025-10-16T15:17:58.4229256Z Firefox 143.0 (Linux x86_64): Executed 46 of 318 SUCCESS (0 secs / 0.344 secs)
2025-10-16T15:17:58.4230687Z [1A[2K[1A[2KChrome Headless 140.0.0.0 (Linux x86_64): Executed 318 of 318 SUCCESS (3.393 secs / 3.362 secs)
2025-10-16T15:17:58.4231839Z Firefox 143.0 (Linux x86_64): Executed 47 of 318 SUCCESS (0 secs / 0.344 secs)
2025-10-16T15:17:58.4233253Z [1A[2K[1A[2KChrome Headless 140.0.0.0 (Linux x86_64): Executed 318 of 318 SUCCESS (3.393 secs / 3.362 secs)
2025-10-16T15:17:58.4234593Z Firefox 143.0 (Linux x86_64): Executed 48 of 318 SUCCESS (0 secs / 0.344 secs)
2025-10-16T15:17:58.4236266Z [1A[2K[1A[2KChrome Headless 140.0.0.0 (Linux x86_64): Executed 318 of 318 SUCCESS (3.393 secs / 3.362 secs)
2025-10-16T15:17:58.4237454Z Firefox 143.0 (Linux x86_64): Executed 49 of 318 SUCCESS (0 secs / 0.345 secs)
2025-10-16T15:17:58.4239063Z [1A[2K[1A[2KChrome Headless 140.0.0.0 (Linux x86_64): Executed 318 of 318 SUCCESS (3.393 secs / 3.362 secs)
2025-10-16T15:17:58.4240203Z Firefox 143.0 (Linux x86_64): Executed 50 of 318 SUCCESS (0 secs / 0.345 secs)
2025-10-16T15:17:58.4241594Z [1A[2K[1A[2KChrome Headless 140.0.0.0 (Linux x86_64): Executed 318 of 318 SUCCESS (3.393 secs / 3.362 secs)
2025-10-16T15:17:58.4242716Z Firefox 143.0 (Linux x86_64): Executed 51 of 318 SUCCESS (0 secs / 0.345 secs)
2025-10-16T15:17:58.4244137Z [1A[2K[1A[2KChrome Headless 140.0.0.0 (Linux x86_64): Executed 318 of 318 SUCCESS (3.393 secs / 3.362 secs)
2025-10-16T15:17:58.4245254Z Firefox 143.0 (Linux x86_64): Executed 52 of 318 SUCCESS (0 secs / 0.345 secs)
2025-10-16T15:17:58.4246686Z [1A[2K[1A[2KChrome Headless 140.0.0.0 (Linux x86_64): Executed 318 of 318 SUCCESS (3.393 secs / 3.362 secs)
2025-10-16T15:17:58.4247817Z Firefox 143.0 (Linux x86_64): Executed 53 of 318 SUCCESS (0 secs / 0.345 secs)
2025-10-16T15:17:58.4249439Z [1A[2K[1A[2KChrome Headless 140.0.0.0 (Linux x86_64): Executed 318 of 318 SUCCESS (3.393 secs / 3.362 secs)
2025-10-16T15:17:58.4250548Z Firefox 143.0 (Linux x86_64): Executed 54 of 318 SUCCESS (0 secs / 0.345 secs)
2025-10-16T15:17:58.4251928Z [1A[2K[1A[2KChrome Headless 140.0.0.0 (Linux x86_64): Executed 318 of 318 SUCCESS (3.393 secs / 3.362 secs)
2025-10-16T15:17:58.4253042Z Firefox 143.0 (Linux x86_64): Executed 55 of 318 SUCCESS (0 secs / 0.345 secs)
2025-10-16T15:17:58.4254436Z [1A[2K[1A[2KChrome Headless 140.0.0.0 (Linux x86_64): Executed 318 of 318 SUCCESS (3.393 secs / 3.362 secs)
2025-10-16T15:17:58.4255558Z Firefox 143.0 (Linux x86_64): Executed 56 of 318 SUCCESS (0 secs / 0.346 secs)
2025-10-16T15:17:58.4256941Z [1A[2K[1A[2KChrome Headless 140.0.0.0 (Linux x86_64): Executed 318 of 318 SUCCESS (3.393 secs / 3.362 secs)
2025-10-16T15:17:58.4258071Z Firefox 143.0 (Linux x86_64): Executed 57 of 318 SUCCESS (0 secs / 0.346 secs)
2025-10-16T15:17:58.4260413Z [1A[2K[1A[2KChrome Headless 140.0.0.0 (Linux x86_64): Executed 318 of 318 SUCCESS (3.393 secs / 3.362 secs)
2025-10-16T15:17:58.4261492Z Firefox 143.0 (Linux x86_64): Executed 58 of 318 SUCCESS (0 secs / 0.346 secs)
2025-10-16T15:17:58.4262861Z [1A[2K[1A[2KChrome Headless 140.0.0.0 (Linux x86_64): Executed 318 of 318 SUCCESS (3.393 secs / 3.362 secs)
2025-10-16T15:17:58.4263893Z Firefox 143.0 (Linux x86_64): Executed 59 of 318 SUCCESS (0 secs / 0.347 secs)
2025-10-16T15:17:58.4265612Z [1A[2K[1A[2KChrome Headless 140.0.0.0 (Linux x86_64): Executed 318 of 318 SUCCESS (3.393 secs / 3.362 secs)
2025-10-16T15:17:58.4266758Z Firefox 143.0 (Linux x86_64): Executed 60 of 318 SUCCESS (0 secs / 0.347 secs)
2025-10-16T15:17:58.4267997Z [1A[2K[1A[2KChrome Headless 140.0.0.0 (Linux x86_64): Executed 318 of 318 SUCCESS (3.393 secs / 3.362 secs)
2025-10-16T15:17:58.4269265Z Firefox 143.0 (Linux x86_64): Executed 61 of 318 SUCCESS (0 secs / 0.347 secs)
2025-10-16T15:17:58.4270525Z [1A[2K[1A[2KChrome Headless 140.0.0.0 (Linux x86_64): Executed 318 of 318 SUCCESS (3.393 secs / 3.362 secs)
2025-10-16T15:17:58.4271614Z Firefox 143.0 (Linux x86_64): Executed 62 of 318 SUCCESS (0 secs / 0.348 secs)
2025-10-16T15:17:58.4272968Z [1A[2K[1A[2KChrome Headless 140.0.0.0 (Linux x86_64): Executed 318 of 318 SUCCESS (3.393 secs / 3.362 secs)
2025-10-16T15:17:58.4274075Z Firefox 143.0 (Linux x86_64): Executed 63 of 318 SUCCESS (0 secs / 0.348 secs)
2025-10-16T15:17:58.4275459Z [1A[2K[1A[2KChrome Headless 140.0.0.0 (Linux x86_64): Executed 318 of 318 SUCCESS (3.393 secs / 3.362 secs)
2025-10-16T15:17:58.4276600Z Firefox 143.0 (Linux x86_64): Executed 64 of 318 SUCCESS (0 secs / 0.348 secs)
2025-10-16T15:17:58.4277979Z [1A[2K[1A[2KChrome Headless 140.0.0.0 (Linux x86_64): Executed 318 of 318 SUCCESS (3.393 secs / 3.362 secs)
2025-10-16T15:17:58.4279502Z Firefox 143.0 (Linux x86_64): Executed 65 of 318 SUCCESS (0 secs / 0.348 secs)
2025-10-16T15:17:58.4280923Z [1A[2K[1A[2KChrome Headless 140.0.0.0 (Linux x86_64): Executed 318 of 318 SUCCESS (3.393 secs / 3.362 secs)
2025-10-16T15:17:58.4282015Z Firefox 143.0 (Linux x86_64): Executed 66 of 318 SUCCESS (0 secs / 0.348 secs)
2025-10-16T15:17:58.4283381Z [1A[2K[1A[2KChrome Headless 140.0.0.0 (Linux x86_64): Executed 318 of 318 SUCCESS (3.393 secs / 3.362 secs)
2025-10-16T15:17:58.4284515Z Firefox 143.0 (Linux x86_64): Executed 67 of 318 SUCCESS (0 secs / 0.348 secs)
2025-10-16T15:17:58.4370515Z [1A[2K[1A[2KChrome Headless 140.0.0.0 (Linux x86_64): Executed 318 of 318 SUCCESS (3.393 secs / 3.362 secs)
2025-10-16T15:17:58.4372048Z Firefox 143.0 (Linux x86_64): Executed 68 of 318 SUCCESS (0 secs / 0.348 secs)
2025-10-16T15:17:58.4376345Z [1A[2K[1A[2KChrome Headless 140.0.0.0 (Linux x86_64): Executed 318 of 318 SUCCESS (3.393 secs / 3.362 secs)
2025-10-16T15:17:58.4377697Z Firefox 143.0 (Linux x86_64): Executed 69 of 318 SUCCESS (0 secs / 0.348 secs)
2025-10-16T15:17:58.4380570Z [1A[2K[1A[2KChrome Headless 140.0.0.0 (Linux x86_64): Executed 318 of 318 SUCCESS (3.393 secs / 3.362 secs)
2025-10-16T15:17:58.4384155Z Firefox 143.0 (Linux x86_64): Executed 70 of 318 SUCCESS (0 secs / 0.348 secs)
2025-10-16T15:17:58.4386194Z [1A[2K[1A[2KChrome Headless 140.0.0.0 (Linux x86_64): Executed 318 of 318 SUCCESS (3.393 secs / 3.362 secs)
2025-10-16T15:17:58.4388828Z Firefox 143.0 (Linux x86_64): Executed 71 of 318 SUCCESS (0 secs / 0.348 secs)
2025-10-16T15:17:58.4390255Z [1A[2K[1A[2KChrome Headless 140.0.0.0 (Linux x86_64): Executed 318 of 318 SUCCESS (3.393 secs / 3.362 secs)
2025-10-16T15:17:58.4391408Z Firefox 143.0 (Linux x86_64): Executed 72 of 318 SUCCESS (0 secs / 0.348 secs)
2025-10-16T15:17:58.4392795Z [1A[2K[1A[2KChrome Headless 140.0.0.0 (Linux x86_64): Executed 318 of 318 SUCCESS (3.393 secs / 3.362 secs)
2025-10-16T15:17:58.4393930Z Firefox 143.0 (Linux x86_64): Executed 73 of 318 SUCCESS (0 secs / 0.348 secs)
2025-10-16T15:17:58.4448499Z [1A[2K[1A[2KChrome Headless 140.0.0.0 (Linux x86_64): Executed 318 of 318 SUCCESS (3.393 secs / 3.362 secs)
2025-10-16T15:17:58.4449737Z Firefox 143.0 (Linux x86_64): Executed 74 of 318 SUCCESS (0 secs / 0.348 secs)
2025-10-16T15:17:58.4451150Z [1A[2K[1A[2KChrome Headless 140.0.0.0 (Linux x86_64): Executed 318 of 318 SUCCESS (3.393 secs / 3.362 secs)
2025-10-16T15:17:58.4452211Z Firefox 143.0 (Linux x86_64): Executed 75 of 318 SUCCESS (0 secs / 0.349 secs)
2025-10-16T15:17:58.4453580Z [1A[2K[1A[2KChrome Headless 140.0.0.0 (Linux x86_64): Executed 318 of 318 SUCCESS (3.393 secs / 3.362 secs)
2025-10-16T15:17:58.4455051Z Firefox 143.0 (Linux x86_64): Executed 76 of 318 SUCCESS (0 secs / 0.35 secs)
2025-10-16T15:17:58.4456371Z [1A[2K[1A[2KChrome Headless 140.0.0.0 (Linux x86_64): Executed 318 of 318 SUCCESS (3.393 secs / 3.362 secs)
2025-10-16T15:17:58.4457461Z Firefox 143.0 (Linux x86_64): Executed 77 of 318 SUCCESS (0 secs / 0.35 secs)
2025-10-16T15:17:58.4459003Z [1A[2K[1A[2KChrome Headless 140.0.0.0 (Linux x86_64): Executed 318 of 318 SUCCESS (3.393 secs / 3.362 secs)
2025-10-16T15:17:58.4460090Z Firefox 143.0 (Linux x86_64): Executed 78 of 318 SUCCESS (0 secs / 0.35 secs)
2025-10-16T15:17:58.4461406Z [1A[2K[1A[2KChrome Headless 140.0.0.0 (Linux x86_64): Executed 318 of 318 SUCCESS (3.393 secs / 3.362 secs)
2025-10-16T15:17:58.4462504Z Firefox 143.0 (Linux x86_64): Executed 79 of 318 SUCCESS (0 secs / 0.35 secs)
2025-10-16T15:17:58.4469412Z [1A[2K[1A[2KChrome Headless 140.0.0.0 (Linux x86_64): Executed 318 of 318 SUCCESS (3.393 secs / 3.362 secs)
2025-10-16T15:17:58.4470687Z Firefox 143.0 (Linux x86_64): Executed 80 of 318 SUCCESS (0 secs / 0.35 secs)
2025-10-16T15:17:58.4472297Z [1A[2K[1A[2KChrome Headless 140.0.0.0 (Linux x86_64): Executed 318 of 318 SUCCESS (3.393 secs / 3.362 secs)
2025-10-16T15:17:58.4473350Z Firefox 143.0 (Linux x86_64): Executed 81 of 318 SUCCESS (0 secs / 0.35 secs)
2025-10-16T15:17:58.4474945Z [1A[2K[1A[2KChrome Headless 140.0.0.0 (Linux x86_64): Executed 318 of 318 SUCCESS (3.393 secs / 3.362 secs)
2025-10-16T15:17:58.4476013Z Firefox 143.0 (Linux x86_64): Executed 82 of 318 SUCCESS (0 secs / 0.35 secs)
2025-10-16T15:17:58.4477315Z [1A[2K[1A[2KChrome Headless 140.0.0.0 (Linux x86_64): Executed 318 of 318 SUCCESS (3.393 secs / 3.362 secs)
2025-10-16T15:17:58.4478539Z Firefox 143.0 (Linux x86_64): Executed 83 of 318 SUCCESS (0 secs / 0.351 secs)
2025-10-16T15:17:58.4479878Z [1A[2K[1A[2KChrome Headless 140.0.0.0 (Linux x86_64): Executed 318 of 318 SUCCESS (3.393 secs / 3.362 secs)
2025-10-16T15:17:58.4480839Z Firefox 143.0 (Linux x86_64): Executed 84 of 318 SUCCESS (0 secs / 0.351 secs)
2025-10-16T15:17:58.4482095Z [1A[2K[1A[2KChrome Headless 140.0.0.0 (Linux x86_64): Executed 318 of 318 SUCCESS (3.393 secs / 3.362 secs)
2025-10-16T15:17:58.4483125Z Firefox 143.0 (Linux x86_64): Executed 85 of 318 SUCCESS (0 secs / 0.351 secs)
2025-10-16T15:17:58.4494073Z [1A[2K[1A[2KChrome Headless 140.0.0.0 (Linux x86_64): Executed 318 of 318 SUCCESS (3.393 secs / 3.362 secs)
2025-10-16T15:17:58.4495180Z Firefox 143.0 (Linux x86_64): Executed 86 of 318 SUCCESS (0 secs / 0.351 secs)
2025-10-16T15:17:58.4496444Z [1A[2K[1A[2KChrome Headless 140.0.0.0 (Linux x86_64): Executed 318 of 318 SUCCESS (3.393 secs / 3.362 secs)
2025-10-16T15:17:58.4497516Z Firefox 143.0 (Linux x86_64): Executed 87 of 318 SUCCESS (0 secs / 0.352 secs)
2025-10-16T15:17:58.4499020Z [1A[2K[1A[2KChrome Headless 140.0.0.0 (Linux x86_64): Executed 318 of 318 SUCCESS (3.393 secs / 3.362 secs)
2025-10-16T15:17:58.4500087Z Firefox 143.0 (Linux x86_64): Executed 88 of 318 SUCCESS (0 secs / 0.352 secs)
2025-10-16T15:17:58.4501307Z [1A[2K[1A[2KChrome Headless 140.0.0.0 (Linux x86_64): Executed 318 of 318 SUCCESS (3.393 secs / 3.362 secs)
2025-10-16T15:17:58.4502359Z Firefox 143.0 (Linux x86_64): Executed 89 of 318 SUCCESS (0 secs / 0.352 secs)
2025-10-16T15:17:58.4503613Z [1A[2K[1A[2KChrome Headless 140.0.0.0 (Linux x86_64): Executed 318 of 318 SUCCESS (3.393 secs / 3.362 secs)
2025-10-16T15:17:58.4504641Z Firefox 143.0 (Linux x86_64): Executed 90 of 318 SUCCESS (0 secs / 0.352 secs)
2025-10-16T15:17:58.4505874Z [1A[2K[1A[2KChrome Headless 140.0.0.0 (Linux x86_64): Executed 318 of 318 SUCCESS (3.393 secs / 3.362 secs)
2025-10-16T15:17:58.4506925Z Firefox 143.0 (Linux x86_64): Executed 91 of 318 SUCCESS (0 secs / 0.352 secs)
2025-10-16T15:17:58.4508368Z [1A[2K[1A[2KChrome Headless 140.0.0.0 (Linux x86_64): Executed 318 of 318 SUCCESS (3.393 secs / 3.362 secs)
2025-10-16T15:17:58.4509392Z Firefox 143.0 (Linux x86_64): Executed 92 of 318 SUCCESS (0 secs / 0.352 secs)
2025-10-16T15:17:58.4510907Z [1A[2K[1A[2KChrome Headless 140.0.0.0 (Linux x86_64): Executed 318 of 318 SUCCESS (3.393 secs / 3.362 secs)
2025-10-16T15:17:58.4511921Z Firefox 143.0 (Linux x86_64): Executed 93 of 318 SUCCESS (0 secs / 0.352 secs)
2025-10-16T15:17:58.4513147Z [1A[2K[1A[2KChrome Headless 140.0.0.0 (Linux x86_64): Executed 318 of 318 SUCCESS (3.393 secs / 3.362 secs)
2025-10-16T15:17:58.4514164Z Firefox 143.0 (Linux x86_64): Executed 94 of 318 SUCCESS (0 secs / 0.352 secs)
2025-10-16T15:17:58.4515398Z [1A[2K[1A[2KChrome Headless 140.0.0.0 (Linux x86_64): Executed 318 of 318 SUCCESS (3.393 secs / 3.362 secs)
2025-10-16T15:17:58.4516414Z Firefox 143.0 (Linux x86_64): Executed 95 of 318 SUCCESS (0 secs / 0.353 secs)
2025-10-16T15:17:58.4517641Z [1A[2K[1A[2KChrome Headless 140.0.0.0 (Linux x86_64): Executed 318 of 318 SUCCESS (3.393 secs / 3.362 secs)
2025-10-16T15:17:58.4518876Z Firefox 143.0 (Linux x86_64): Executed 96 of 318 SUCCESS (0 secs / 0.353 secs)
2025-10-16T15:17:58.4520124Z [1A[2K[1A[2KChrome Headless 140.0.0.0 (Linux x86_64): Executed 318 of 318 SUCCESS (3.393 secs / 3.362 secs)
2025-10-16T15:17:58.4521159Z Firefox 143.0 (Linux x86_64): Executed 97 of 318 SUCCESS (0 secs / 0.353 secs)
2025-10-16T15:17:58.4522565Z [1A[2K[1A[2KChrome Headless 140.0.0.0 (Linux x86_64): Executed 318 of 318 SUCCESS (3.393 secs / 3.362 secs)
2025-10-16T15:17:58.4523578Z Firefox 143.0 (Linux x86_64): Executed 98 of 318 SUCCESS (0 secs / 0.353 secs)
2025-10-16T15:17:58.4524783Z [1A[2K[1A[2KChrome Headless 140.0.0.0 (Linux x86_64): Executed 318 of 318 SUCCESS (3.393 secs / 3.362 secs)
2025-10-16T15:17:58.4525771Z Firefox 143.0 (Linux x86_64): Executed 99 of 318 SUCCESS (0 secs / 0.353 secs)
2025-10-16T15:17:58.4526964Z [1A[2K[1A[2KChrome Headless 140.0.0.0 (Linux x86_64): Executed 318 of 318 SUCCESS (3.393 secs / 3.362 secs)
2025-10-16T15:17:58.4527973Z Firefox 143.0 (Linux x86_64): Executed 100 of 318 SUCCESS (0 secs / 0.353 secs)
2025-10-16T15:17:58.4529346Z [1A[2K[1A[2KChrome Headless 140.0.0.0 (Linux x86_64): Executed 318 of 318 SUCCESS (3.393 secs / 3.362 secs)
2025-10-16T15:17:58.4530389Z Firefox 143.0 (Linux x86_64): Executed 101 of 318 SUCCESS (0 secs / 0.354 secs)
2025-10-16T15:17:58.4531602Z [1A[2K[1A[2KChrome Headless 140.0.0.0 (Linux x86_64): Executed 318 of 318 SUCCESS (3.393 secs / 3.362 secs)
2025-10-16T15:17:58.4532608Z Firefox 143.0 (Linux x86_64): Executed 102 of 318 SUCCESS (0 secs / 0.354 secs)
2025-10-16T15:17:58.4533803Z [1A[2K[1A[2KChrome Headless 140.0.0.0 (Linux x86_64): Executed 318 of 318 SUCCESS (3.393 secs / 3.362 secs)
2025-10-16T15:17:58.4534787Z Firefox 143.0 (Linux x86_64): Executed 103 of 318 SUCCESS (0 secs / 0.354 secs)
2025-10-16T15:17:58.4535979Z [1A[2K[1A[2KChrome Headless 140.0.0.0 (Linux x86_64): Executed 318 of 318 SUCCESS (3.393 secs / 3.362 secs)
2025-10-16T15:17:58.4536962Z Firefox 143.0 (Linux x86_64): Executed 104 of 318 SUCCESS (0 secs / 0.355 secs)
2025-10-16T15:17:58.4538442Z [1A[2K[1A[2KChrome Headless 140.0.0.0 (Linux x86_64): Executed 318 of 318 SUCCESS (3.393 secs / 3.362 secs)
2025-10-16T15:17:58.4539462Z Firefox 143.0 (Linux x86_64): Executed 105 of 318 SUCCESS (0 secs / 0.355 secs)
2025-10-16T15:17:58.4540664Z [1A[2K[1A[2KChrome Headless 140.0.0.0 (Linux x86_64): Executed 318 of 318 SUCCESS (3.393 secs / 3.362 secs)
2025-10-16T15:17:58.4541660Z Firefox 143.0 (Linux x86_64): Executed 106 of 318 SUCCESS (0 secs / 0.355 secs)
2025-10-16T15:17:58.4542853Z [1A[2K[1A[2KChrome Headless 140.0.0.0 (Linux x86_64): Executed 318 of 318 SUCCESS (3.393 secs / 3.362 secs)
2025-10-16T15:17:58.4543838Z Firefox 143.0 (Linux x86_64): Executed 107 of 318 SUCCESS (0 secs / 0.356 secs)
2025-10-16T15:17:58.4545020Z [1A[2K[1A[2KChrome Headless 140.0.0.0 (Linux x86_64): Executed 318 of 318 SUCCESS (3.393 secs / 3.362 secs)
2025-10-16T15:17:58.4546022Z Firefox 143.0 (Linux x86_64): Executed 108 of 318 SUCCESS (0 secs / 0.356 secs)
2025-10-16T15:17:58.4546868Z [1A[2K[1A[2KChrome Headless 140.0.0.0 (Linux x86_64): Executed 318 of 318 SUCCESS (3.393 secs / 3.362 secs)
2025-10-16T15:17:58.4547659Z Firefox 143.0 (Linux x86_64): Executed 109 of 318 SUCCESS (0 secs / 0.356 secs)
2025-10-16T15:17:58.4548622Z [1A[2K[1A[2KChrome Headless 140.0.0.0 (Linux x86_64): Executed 318 of 318 SUCCESS (3.393 secs / 3.362 secs)
2025-10-16T15:17:58.4549250Z Firefox 143.0 (Linux x86_64): Executed 110 of 318 SUCCESS (0 secs / 0.356 secs)
2025-10-16T15:17:58.4549950Z [1A[2K[1A[2KChrome Headless 140.0.0.0 (Linux x86_64): Executed 318 of 318 SUCCESS (3.393 secs / 3.362 secs)
2025-10-16T15:17:58.4550517Z Firefox 143.0 (Linux x86_64): Executed 111 of 318 SUCCESS (0 secs / 0.356 secs)
2025-10-16T15:17:58.4551179Z [1A[2K[1A[2KChrome Headless 140.0.0.0 (Linux x86_64): Executed 318 of 318 SUCCESS (3.393 secs / 3.362 secs)
2025-10-16T15:17:58.4551741Z Firefox 143.0 (Linux x86_64): Executed 112 of 318 SUCCESS (0 secs / 0.357 secs)
2025-10-16T15:17:58.4552404Z [1A[2K[1A[2KChrome Headless 140.0.0.0 (Linux x86_64): Executed 318 of 318 SUCCESS (3.393 secs / 3.362 secs)
2025-10-16T15:17:58.4552965Z Firefox 143.0 (Linux x86_64): Executed 113 of 318 SUCCESS (0 secs / 0.358 secs)
2025-10-16T15:17:58.4553624Z [1A[2K[1A[2KChrome Headless 140.0.0.0 (Linux x86_64): Executed 318 of 318 SUCCESS (3.393 secs / 3.362 secs)
2025-10-16T15:17:58.4554313Z Firefox 143.0 (Linux x86_64): Executed 114 of 318 SUCCESS (0 secs / 0.359 secs)
2025-10-16T15:17:58.4555010Z [1A[2K[1A[2KChrome Headless 140.0.0.0 (Linux x86_64): Executed 318 of 318 SUCCESS (3.393 secs / 3.362 secs)
2025-10-16T15:17:58.4555565Z Firefox 143.0 (Linux x86_64): Executed 115 of 318 SUCCESS (0 secs / 0.36 secs)
2025-10-16T15:17:58.4556228Z [1A[2K[1A[2KChrome Headless 140.0.0.0 (Linux x86_64): Executed 318 of 318 SUCCESS (3.393 secs / 3.362 secs)
2025-10-16T15:17:58.4556780Z Firefox 143.0 (Linux x86_64): Executed 116 of 318 SUCCESS (0 secs / 0.362 secs)
2025-10-16T15:17:58.4557434Z [1A[2K[1A[2KChrome Headless 140.0.0.0 (Linux x86_64): Executed 318 of 318 SUCCESS (3.393 secs / 3.362 secs)
2025-10-16T15:17:58.4557999Z Firefox 143.0 (Linux x86_64): Executed 117 of 318 SUCCESS (0 secs / 0.363 secs)
2025-10-16T15:17:58.4558866Z [1A[2K[1A[2KChrome Headless 140.0.0.0 (Linux x86_64): Executed 318 of 318 SUCCESS (3.393 secs / 3.362 secs)
2025-10-16T15:17:58.4559422Z Firefox 143.0 (Linux x86_64): Executed 118 of 318 SUCCESS (0 secs / 0.364 secs)
2025-10-16T15:17:58.4560087Z [1A[2K[1A[2KChrome Headless 140.0.0.0 (Linux x86_64): Executed 318 of 318 SUCCESS (3.393 secs / 3.362 secs)
2025-10-16T15:17:58.4560635Z Firefox 143.0 (Linux x86_64): Executed 119 of 318 SUCCESS (0 secs / 0.365 secs)
2025-10-16T15:17:58.4561291Z [1A[2K[1A[2KChrome Headless 140.0.0.0 (Linux x86_64): Executed 318 of 318 SUCCESS (3.393 secs / 3.362 secs)
2025-10-16T15:17:58.4561847Z Firefox 143.0 (Linux x86_64): Executed 120 of 318 SUCCESS (0 secs / 0.365 secs)
2025-10-16T15:17:58.4562519Z [1A[2K[1A[2KChrome Headless 140.0.0.0 (Linux x86_64): Executed 318 of 318 SUCCESS (3.393 secs / 3.362 secs)
2025-10-16T15:17:58.4563082Z Firefox 143.0 (Linux x86_64): Executed 121 of 318 SUCCESS (0 secs / 0.367 secs)
2025-10-16T15:17:58.5137678Z [1A[2K[1A[2KChrome Headless 140.0.0.0 (Linux x86_64): Executed 318 of 318 SUCCESS (3.393 secs / 3.362 secs)
2025-10-16T15:17:58.5138992Z Firefox 143.0 (Linux x86_64): Executed 122 of 318 SUCCESS (0 secs / 0.4 secs)
2025-10-16T15:17:58.5140276Z [1A[2K[1A[2KChrome Headless 140.0.0.0 (Linux x86_64): Executed 318 of 318 SUCCESS (3.393 secs / 3.362 secs)
2025-10-16T15:17:58.5141320Z Firefox 143.0 (Linux x86_64): Executed 123 of 318 SUCCESS (0 secs / 0.401 secs)
2025-10-16T15:17:58.5142536Z [1A[2K[1A[2KChrome Headless 140.0.0.0 (Linux x86_64): Executed 318 of 318 SUCCESS (3.393 secs / 3.362 secs)
2025-10-16T15:17:58.5143523Z Firefox 143.0 (Linux x86_64): Executed 124 of 318 SUCCESS (0 secs / 0.402 secs)
2025-10-16T15:17:58.5144632Z [1A[2K[1A[2KChrome Headless 140.0.0.0 (Linux x86_64): Executed 318 of 318 SUCCESS (3.393 secs / 3.362 secs)
2025-10-16T15:17:58.5145204Z Firefox 143.0 (Linux x86_64): Executed 125 of 318 SUCCESS (0 secs / 0.403 secs)
2025-10-16T15:17:58.5146260Z [1A[2K[1A[2KChrome Headless 140.0.0.0 (Linux x86_64): Executed 318 of 318 SUCCESS (3.393 secs / 3.362 secs)
2025-10-16T15:17:58.5146861Z Firefox 143.0 (Linux x86_64): Executed 126 of 318 SUCCESS (0 secs / 0.404 secs)
2025-10-16T15:17:58.5148092Z [1A[2K[1A[2KChrome Headless 140.0.0.0 (Linux x86_64): Executed 318 of 318 SUCCESS (3.393 secs / 3.362 secs)
2025-10-16T15:17:58.5149419Z Firefox 143.0 (Linux x86_64): Executed 127 of 318 SUCCESS (0 secs / 0.405 secs)
2025-10-16T15:17:58.5150751Z [1A[2K[1A[2KChrome Headless 140.0.0.0 (Linux x86_64): Executed 318 of 318 SUCCESS (3.393 secs / 3.362 secs)
2025-10-16T15:17:58.5151867Z Firefox 143.0 (Linux x86_64): Executed 128 of 318 SUCCESS (0 secs / 0.405 secs)
2025-10-16T15:17:58.5170453Z [1A[2K[1A[2KChrome Headless 140.0.0.0 (Linux x86_64): Executed 318 of 318 SUCCESS (3.393 secs / 3.362 secs)
2025-10-16T15:17:58.5171609Z Firefox 143.0 (Linux x86_64): Executed 129 of 318 SUCCESS (0 secs / 0.405 secs)
2025-10-16T15:17:58.5172962Z [1A[2K[1A[2KChrome Headless 140.0.0.0 (Linux x86_64): Executed 318 of 318 SUCCESS (3.393 secs / 3.362 secs)
2025-10-16T15:17:58.5173996Z Firefox 143.0 (Linux x86_64): Executed 130 of 318 SUCCESS (0 secs / 0.405 secs)
2025-10-16T15:17:58.5176763Z [1A[2K[1A[2KChrome Headless 140.0.0.0 (Linux x86_64): Executed 318 of 318 SUCCESS (3.393 secs / 3.362 secs)
2025-10-16T15:17:58.5178772Z Firefox 143.0 (Linux x86_64): Executed 131 of 318 SUCCESS (0 secs / 0.405 secs)
2025-10-16T15:17:58.5183068Z [1A[2K[1A[2KChrome Headless 140.0.0.0 (Linux x86_64): Executed 318 of 318 SUCCESS (3.393 secs / 3.362 secs)
2025-10-16T15:17:58.5184199Z Firefox 143.0 (Linux x86_64): Executed 132 of 318 SUCCESS (0 secs / 0.405 secs)
2025-10-16T15:17:58.5185566Z [1A[2K[1A[2KChrome Headless 140.0.0.0 (Linux x86_64): Executed 318 of 318 SUCCESS (3.393 secs / 3.362 secs)
2025-10-16T15:17:58.5186656Z Firefox 143.0 (Linux x86_64): Executed 133 of 318 SUCCESS (0 secs / 0.406 secs)
2025-10-16T15:17:58.5188002Z [1A[2K[1A[2KChrome Headless 140.0.0.0 (Linux x86_64): Executed 318 of 318 SUCCESS (3.393 secs / 3.362 secs)
2025-10-16T15:17:58.5189259Z Firefox 143.0 (Linux x86_64): Executed 134 of 318 SUCCESS (0 secs / 0.407 secs)
2025-10-16T15:17:58.5190575Z [1A[2K[1A[2KChrome Headless 140.0.0.0 (Linux x86_64): Executed 318 of 318 SUCCESS (3.393 secs / 3.362 secs)
2025-10-16T15:17:58.5191678Z Firefox 143.0 (Linux x86_64): Executed 135 of 318 SUCCESS (0 secs / 0.407 secs)
2025-10-16T15:17:58.5193044Z [1A[2K[1A[2KChrome Headless 140.0.0.0 (Linux x86_64): Executed 318 of 318 SUCCESS (3.393 secs / 3.362 secs)
2025-10-16T15:17:58.5194157Z Firefox 143.0 (Linux x86_64): Executed 136 of 318 SUCCESS (0 secs / 0.408 secs)
2025-10-16T15:17:58.5195492Z [1A[2K[1A[2KChrome Headless 140.0.0.0 (Linux x86_64): Executed 318 of 318 SUCCESS (3.393 secs / 3.362 secs)
2025-10-16T15:17:58.5196556Z Firefox 143.0 (Linux x86_64): Executed 137 of 318 SUCCESS (0 secs / 0.408 secs)
2025-10-16T15:17:58.5197920Z [1A[2K[1A[2KChrome Headless 140.0.0.0 (Linux x86_64): Executed 318 of 318 SUCCESS (3.393 secs / 3.362 secs)
2025-10-16T15:17:58.5199296Z Firefox 143.0 (Linux x86_64): Executed 138 of 318 SUCCESS (0 secs / 0.408 secs)
2025-10-16T15:17:58.5200646Z [1A[2K[1A[2KChrome Headless 140.0.0.0 (Linux x86_64): Executed 318 of 318 SUCCESS (3.393 secs / 3.362 secs)
2025-10-16T15:17:58.5201733Z Firefox 143.0 (Linux x86_64): Executed 139 of 318 SUCCESS (0 secs / 0.408 secs)
2025-10-16T15:17:58.5203054Z [1A[2K[1A[2KChrome Headless 140.0.0.0 (Linux x86_64): Executed 318 of 318 SUCCESS (3.393 secs / 3.362 secs)
2025-10-16T15:17:58.5204147Z Firefox 143.0 (Linux x86_64): Executed 140 of 318 SUCCESS (0 secs / 0.408 secs)
2025-10-16T15:17:58.5205462Z [1A[2K[1A[2KChrome Headless 140.0.0.0 (Linux x86_64): Executed 318 of 318 SUCCESS (3.393 secs / 3.362 secs)
2025-10-16T15:17:58.5206542Z Firefox 143.0 (Linux x86_64): Executed 141 of 318 SUCCESS (0 secs / 0.408 secs)
2025-10-16T15:17:58.5207879Z [1A[2K[1A[2KChrome Headless 140.0.0.0 (Linux x86_64): Executed 318 of 318 SUCCESS (3.393 secs / 3.362 secs)
2025-10-16T15:17:58.5209374Z Firefox 143.0 (Linux x86_64): Executed 142 of 318 SUCCESS (0 secs / 0.408 secs)
2025-10-16T15:17:58.5210568Z [1A[2K[1A[2KChrome Headless 140.0.0.0 (Linux x86_64): Executed 318 of 318 SUCCESS (3.393 secs / 3.362 secs)
2025-10-16T15:17:58.5211555Z Firefox 143.0 (Linux x86_64): Executed 143 of 318 SUCCESS (0 secs / 0.408 secs)
2025-10-16T15:17:58.5212690Z [1A[2K[1A[2KChrome Headless 140.0.0.0 (Linux x86_64): Executed 318 of 318 SUCCESS (3.393 secs / 3.362 secs)
2025-10-16T15:17:58.5214460Z Firefox 143.0 (Linux x86_64): Executed 144 of 318 SUCCESS (0 secs / 0.408 secs)
2025-10-16T15:17:58.5215829Z [1A[2K[1A[2KChrome Headless 140.0.0.0 (Linux x86_64): Executed 318 of 318 SUCCESS (3.393 secs / 3.362 secs)
2025-10-16T15:17:58.5216914Z Firefox 143.0 (Linux x86_64): Executed 145 of 318 SUCCESS (0 secs / 0.408 secs)
2025-10-16T15:17:58.5218482Z [1A[2K[1A[2KChrome Headless 140.0.0.0 (Linux x86_64): Executed 318 of 318 SUCCESS (3.393 secs / 3.362 secs)
2025-10-16T15:17:58.5219307Z Firefox 143.0 (Linux x86_64): Executed 146 of 318 SUCCESS (0 secs / 0.409 secs)
2025-10-16T15:17:58.5220379Z [1A[2K[1A[2KChrome Headless 140.0.0.0 (Linux x86_64): Executed 318 of 318 SUCCESS (3.393 secs / 3.362 secs)
2025-10-16T15:17:58.5221484Z Firefox 143.0 (Linux x86_64): Executed 147 of 318 SUCCESS (0 secs / 0.409 secs)
2025-10-16T15:17:58.5222644Z [1A[2K[1A[2KChrome Headless 140.0.0.0 (Linux x86_64): Executed 318 of 318 SUCCESS (3.393 secs / 3.362 secs)
2025-10-16T15:17:58.5223726Z Firefox 143.0 (Linux x86_64): Executed 148 of 318 SUCCESS (0 secs / 0.409 secs)
2025-10-16T15:17:58.5224809Z [1A[2K[1A[2KChrome Headless 140.0.0.0 (Linux x86_64): Executed 318 of 318 SUCCESS (3.393 secs / 3.362 secs)
2025-10-16T15:17:58.5225387Z Firefox 143.0 (Linux x86_64): Executed 149 of 318 SUCCESS (0 secs / 0.409 secs)
2025-10-16T15:17:58.5226073Z [1A[2K[1A[2KChrome Headless 140.0.0.0 (Linux x86_64): Executed 318 of 318 SUCCESS (3.393 secs / 3.362 secs)
2025-10-16T15:17:58.5226655Z Firefox 143.0 (Linux x86_64): Executed 150 of 318 SUCCESS (0 secs / 0.41 secs)
2025-10-16T15:17:58.5227326Z [1A[2K[1A[2KChrome Headless 140.0.0.0 (Linux x86_64): Executed 318 of 318 SUCCESS (3.393 secs / 3.362 secs)
2025-10-16T15:17:58.5227892Z Firefox 143.0 (Linux x86_64): Executed 151 of 318 SUCCESS (0 secs / 0.41 secs)
2025-10-16T15:17:58.5228770Z [1A[2K[1A[2KChrome Headless 140.0.0.0 (Linux x86_64): Executed 318 of 318 SUCCESS (3.393 secs / 3.362 secs)
2025-10-16T15:17:58.5229329Z Firefox 143.0 (Linux x86_64): Executed 152 of 318 SUCCESS (0 secs / 0.41 secs)
2025-10-16T15:17:58.5229981Z [1A[2K[1A[2KChrome Headless 140.0.0.0 (Linux x86_64): Executed 318 of 318 SUCCESS (3.393 secs / 3.362 secs)
2025-10-16T15:17:58.5230541Z Firefox 143.0 (Linux x86_64): Executed 153 of 318 SUCCESS (0 secs / 0.41 secs)
2025-10-16T15:17:58.5231473Z [1A[2K[1A[2KChrome Headless 140.0.0.0 (Linux x86_64): Executed 318 of 318 SUCCESS (3.393 secs / 3.362 secs)
2025-10-16T15:17:58.5232412Z Firefox 143.0 (Linux x86_64): Executed 154 of 318 SUCCESS (0 secs / 0.41 secs)
2025-10-16T15:17:58.5233354Z [1A[2K[1A[2KChrome Headless 140.0.0.0 (Linux x86_64): Executed 318 of 318 SUCCESS (3.393 secs / 3.362 secs)
2025-10-16T15:17:58.5233918Z Firefox 143.0 (Linux x86_64): Executed 155 of 318 SUCCESS (0 secs / 0.41 secs)
2025-10-16T15:17:58.5234578Z [1A[2K[1A[2KChrome Headless 140.0.0.0 (Linux x86_64): Executed 318 of 318 SUCCESS (3.393 secs / 3.362 secs)
2025-10-16T15:17:58.5235124Z Firefox 143.0 (Linux x86_64): Executed 156 of 318 SUCCESS (0 secs / 0.41 secs)
2025-10-16T15:17:58.5235773Z [1A[2K[1A[2KChrome Headless 140.0.0.0 (Linux x86_64): Executed 318 of 318 SUCCESS (3.393 secs / 3.362 secs)
2025-10-16T15:17:58.5236320Z Firefox 143.0 (Linux x86_64): Executed 157 of 318 SUCCESS (0 secs / 0.411 secs)
2025-10-16T15:17:58.5236974Z [1A[2K[1A[2KChrome Headless 140.0.0.0 (Linux x86_64): Executed 318 of 318 SUCCESS (3.393 secs / 3.362 secs)
2025-10-16T15:17:58.5237709Z Firefox 143.0 (Linux x86_64): Executed 158 of 318 SUCCESS (0 secs / 0.411 secs)
2025-10-16T15:17:58.5238570Z [1A[2K[1A[2KChrome Headless 140.0.0.0 (Linux x86_64): Executed 318 of 318 SUCCESS (3.393 secs / 3.362 secs)
2025-10-16T15:17:58.5239125Z Firefox 143.0 (Linux x86_64): Executed 159 of 318 SUCCESS (0 secs / 0.411 secs)
2025-10-16T15:17:58.5239783Z [1A[2K[1A[2KChrome Headless 140.0.0.0 (Linux x86_64): Executed 318 of 318 SUCCESS (3.393 secs / 3.362 secs)
2025-10-16T15:17:58.5240335Z Firefox 143.0 (Linux x86_64): Executed 160 of 318 SUCCESS (0 secs / 0.411 secs)
2025-10-16T15:17:58.5240988Z [1A[2K[1A[2KChrome Headless 140.0.0.0 (Linux x86_64): Executed 318 of 318 SUCCESS (3.393 secs / 3.362 secs)
2025-10-16T15:17:58.5241535Z Firefox 143.0 (Linux x86_64): Executed 161 of 318 SUCCESS (0 secs / 0.411 secs)
2025-10-16T15:17:58.5242189Z [1A[2K[1A[2KChrome Headless 140.0.0.0 (Linux x86_64): Executed 318 of 318 SUCCESS (3.393 secs / 3.362 secs)
2025-10-16T15:17:58.5242733Z Firefox 143.0 (Linux x86_64): Executed 162 of 318 SUCCESS (0 secs / 0.411 secs)
2025-10-16T15:17:58.5243381Z [1A[2K[1A[2KChrome Headless 140.0.0.0 (Linux x86_64): Executed 318 of 318 SUCCESS (3.393 secs / 3.362 secs)
2025-10-16T15:17:58.5243924Z Firefox 143.0 (Linux x86_64): Executed 163 of 318 SUCCESS (0 secs / 0.412 secs)
2025-10-16T15:17:58.5244694Z [1A[2K[1A[2KChrome Headless 140.0.0.0 (Linux x86_64): Executed 318 of 318 SUCCESS (3.393 secs / 3.362 secs)
2025-10-16T15:17:58.5245255Z Firefox 143.0 (Linux x86_64): Executed 164 of 318 SUCCESS (0 secs / 0.412 secs)
2025-10-16T15:17:58.5245948Z [1A[2K[1A[2KChrome Headless 140.0.0.0 (Linux x86_64): Executed 318 of 318 SUCCESS (3.393 secs / 3.362 secs)
2025-10-16T15:17:58.5246499Z Firefox 143.0 (Linux x86_64): Executed 165 of 318 SUCCESS (0 secs / 0.412 secs)
2025-10-16T15:17:58.5247148Z [1A[2K[1A[2KChrome Headless 140.0.0.0 (Linux x86_64): Executed 318 of 318 SUCCESS (3.393 secs / 3.362 secs)
2025-10-16T15:17:58.5247697Z Firefox 143.0 (Linux x86_64): Executed 166 of 318 SUCCESS (0 secs / 0.412 secs)
2025-10-16T15:17:58.5248467Z [1A[2K[1A[2KChrome Headless 140.0.0.0 (Linux x86_64): Executed 318 of 318 SUCCESS (3.393 secs / 3.362 secs)
2025-10-16T15:17:58.5249007Z Firefox 143.0 (Linux x86_64): Executed 167 of 318 SUCCESS (0 secs / 0.412 secs)
2025-10-16T15:17:58.5249667Z [1A[2K[1A[2KChrome Headless 140.0.0.0 (Linux x86_64): Executed 318 of 318 SUCCESS (3.393 secs / 3.362 secs)
2025-10-16T15:17:58.5250210Z Firefox 143.0 (Linux x86_64): Executed 168 of 318 SUCCESS (0 secs / 0.412 secs)
2025-10-16T15:17:58.5250860Z [1A[2K[1A[2KChrome Headless 140.0.0.0 (Linux x86_64): Executed 318 of 318 SUCCESS (3.393 secs / 3.362 secs)
2025-10-16T15:17:58.5251401Z Firefox 143.0 (Linux x86_64): Executed 169 of 318 SUCCESS (0 secs / 0.412 secs)
2025-10-16T15:17:58.5252040Z [1A[2K[1A[2KChrome Headless 140.0.0.0 (Linux x86_64): Executed 318 of 318 SUCCESS (3.393 secs / 3.362 secs)
2025-10-16T15:17:58.5252582Z Firefox 143.0 (Linux x86_64): Executed 170 of 318 SUCCESS (0 secs / 0.412 secs)
2025-10-16T15:17:58.5253237Z [1A[2K[1A[2KChrome Headless 140.0.0.0 (Linux x86_64): Executed 318 of 318 SUCCESS (3.393 secs / 3.362 secs)
2025-10-16T15:17:58.5253784Z Firefox 143.0 (Linux x86_64): Executed 171 of 318 SUCCESS (0 secs / 0.412 secs)
2025-10-16T15:17:58.5254435Z [1A[2K[1A[2KChrome Headless 140.0.0.0 (Linux x86_64): Executed 318 of 318 SUCCESS (3.393 secs / 3.362 secs)
2025-10-16T15:17:58.5254971Z Firefox 143.0 (Linux x86_64): Executed 172 of 318 SUCCESS (0 secs / 0.412 secs)
2025-10-16T15:17:58.5255620Z [1A[2K[1A[2KChrome Headless 140.0.0.0 (Linux x86_64): Executed 318 of 318 SUCCESS (3.393 secs / 3.362 secs)
2025-10-16T15:17:58.5256160Z Firefox 143.0 (Linux x86_64): Executed 173 of 318 SUCCESS (0 secs / 0.413 secs)
2025-10-16T15:17:58.5256804Z [1A[2K[1A[2KChrome Headless 140.0.0.0 (Linux x86_64): Executed 318 of 318 SUCCESS (3.393 secs / 3.362 secs)
2025-10-16T15:17:58.5257347Z Firefox 143.0 (Linux x86_64): Executed 174 of 318 SUCCESS (0 secs / 0.413 secs)
2025-10-16T15:17:58.5258228Z [1A[2K[1A[2KChrome Headless 140.0.0.0 (Linux x86_64): Executed 318 of 318 SUCCESS (3.393 secs / 3.362 secs)
2025-10-16T15:17:58.5258783Z Firefox 143.0 (Linux x86_64): Executed 175 of 318 SUCCESS (0 secs / 0.414 secs)
2025-10-16T15:17:58.5259443Z [1A[2K[1A[2KChrome Headless 140.0.0.0 (Linux x86_64): Executed 318 of 318 SUCCESS (3.393 secs / 3.362 secs)
2025-10-16T15:17:58.5259991Z Firefox 143.0 (Linux x86_64): Executed 176 of 318 SUCCESS (0 secs / 0.414 secs)
2025-10-16T15:17:58.5260641Z [1A[2K[1A[2KChrome Headless 140.0.0.0 (Linux x86_64): Executed 318 of 318 SUCCESS (3.393 secs / 3.362 secs)
2025-10-16T15:17:58.5261184Z Firefox 143.0 (Linux x86_64): Executed 177 of 318 SUCCESS (0 secs / 0.414 secs)
2025-10-16T15:17:58.5261833Z [1A[2K[1A[2KChrome Headless 140.0.0.0 (Linux x86_64): Executed 318 of 318 SUCCESS (3.393 secs / 3.362 secs)
2025-10-16T15:17:58.5262376Z Firefox 143.0 (Linux x86_64): Executed 178 of 318 SUCCESS (0 secs / 0.414 secs)
2025-10-16T15:17:58.5263030Z [1A[2K[1A[2KChrome Headless 140.0.0.0 (Linux x86_64): Executed 318 of 318 SUCCESS (3.393 secs / 3.362 secs)
2025-10-16T15:17:58.5263572Z Firefox 143.0 (Linux x86_64): Executed 179 of 318 SUCCESS (0 secs / 0.414 secs)
2025-10-16T15:17:58.5264325Z [1A[2K[1A[2KChrome Headless 140.0.0.0 (Linux x86_64): Executed 318 of 318 SUCCESS (3.393 secs / 3.362 secs)
2025-10-16T15:17:58.5264879Z Firefox 143.0 (Linux x86_64): Executed 180 of 318 SUCCESS (0 secs / 0.414 secs)
2025-10-16T15:17:58.5265948Z [1A[2K[1A[2KChrome Headless 140.0.0.0 (Linux x86_64): Executed 318 of 318 SUCCESS (3.393 secs / 3.362 secs)
2025-10-16T15:17:58.5266895Z Firefox 143.0 (Linux x86_64): Executed 181 of 318 SUCCESS (0 secs / 0.415 secs)
2025-10-16T15:17:58.5268071Z [1A[2K[1A[2KChrome Headless 140.0.0.0 (Linux x86_64): Executed 318 of 318 SUCCESS (3.393 secs / 3.362 secs)
2025-10-16T15:17:58.5269319Z Firefox 143.0 (Linux x86_64): Executed 182 of 318 SUCCESS (0 secs / 0.415 secs)
2025-10-16T15:17:58.5270824Z [1A[2K[1A[2KChrome Headless 140.0.0.0 (Linux x86_64): Executed 318 of 318 SUCCESS (3.393 secs / 3.362 secs)
2025-10-16T15:17:58.5272020Z Firefox 143.0 (Linux x86_64): Executed 183 of 318 SUCCESS (0 secs / 0.415 secs)
2025-10-16T15:17:58.5273273Z [1A[2K[1A[2KChrome Headless 140.0.0.0 (Linux x86_64): Executed 318 of 318 SUCCESS (3.393 secs / 3.362 secs)
2025-10-16T15:17:58.5274248Z Firefox 143.0 (Linux x86_64): Executed 184 of 318 SUCCESS (0 secs / 0.415 secs)
2025-10-16T15:17:58.5275460Z [1A[2K[1A[2KChrome Headless 140.0.0.0 (Linux x86_64): Executed 318 of 318 SUCCESS (3.393 secs / 3.362 secs)
2025-10-16T15:17:58.5276144Z Firefox 143.0 (Linux x86_64): Executed 185 of 318 SUCCESS (0 secs / 0.415 secs)
2025-10-16T15:17:58.5277137Z [1A[2K[1A[2KChrome Headless 140.0.0.0 (Linux x86_64): Executed 318 of 318 SUCCESS (3.393 secs / 3.362 secs)
2025-10-16T15:17:58.5278094Z Firefox 143.0 (Linux x86_64): Executed 186 of 318 SUCCESS (0 secs / 0.416 secs)
2025-10-16T15:17:58.5279546Z [1A[2K[1A[2KChrome Headless 140.0.0.0 (Linux x86_64): Executed 318 of 318 SUCCESS (3.393 secs / 3.362 secs)
2025-10-16T15:17:58.5280580Z Firefox 143.0 (Linux x86_64): Executed 187 of 318 SUCCESS (0 secs / 0.416 secs)
2025-10-16T15:17:58.5281873Z [1A[2K[1A[2KChrome Headless 140.0.0.0 (Linux x86_64): Executed 318 of 318 SUCCESS (3.393 secs / 3.362 secs)
2025-10-16T15:17:58.5282937Z Firefox 143.0 (Linux x86_64): Executed 188 of 318 SUCCESS (0 secs / 0.417 secs)
2025-10-16T15:17:58.6235855Z [1A[2K[1A[2KChrome Headless 140.0.0.0 (Linux x86_64): Executed 318 of 318 SUCCESS (3.393 secs / 3.362 secs)
2025-10-16T15:17:58.6237504Z Firefox 143.0 (Linux x86_64): Executed 189 of 318 SUCCESS (0 secs / 0.517 secs)
2025-10-16T15:17:58.6240336Z [1A[2K[1A[2KChrome Headless 140.0.0.0 (Linux x86_64): Executed 318 of 318 SUCCESS (3.393 secs / 3.362 secs)
2025-10-16T15:17:58.6245039Z Firefox 143.0 (Linux x86_64): Executed 190 of 318 SUCCESS (0 secs / 0.518 secs)
2025-10-16T15:17:58.6246390Z [1A[2K[1A[2KChrome Headless 140.0.0.0 (Linux x86_64): Executed 318 of 318 SUCCESS (3.393 secs / 3.362 secs)
2025-10-16T15:17:58.6247788Z Firefox 143.0 (Linux x86_64): Executed 191 of 318 SUCCESS (0 secs / 0.518 secs)
2025-10-16T15:17:58.6249321Z [1A[2K[1A[2KChrome Headless 140.0.0.0 (Linux x86_64): Executed 318 of 318 SUCCESS (3.393 secs / 3.362 secs)
2025-10-16T15:17:58.6250602Z Firefox 143.0 (Linux x86_64): Executed 192 of 318 SUCCESS (0 secs / 0.518 secs)
2025-10-16T15:17:58.6251939Z [1A[2K[1A[2KChrome Headless 140.0.0.0 (Linux x86_64): Executed 318 of 318 SUCCESS (3.393 secs / 3.362 secs)
2025-10-16T15:17:58.6253024Z Firefox 143.0 (Linux x86_64): Executed 193 of 318 SUCCESS (0 secs / 0.519 secs)
2025-10-16T15:17:58.6254340Z [1A[2K[1A[2KChrome Headless 140.0.0.0 (Linux x86_64): Executed 318 of 318 SUCCESS (3.393 secs / 3.362 secs)
2025-10-16T15:17:58.6255434Z Firefox 143.0 (Linux x86_64): Executed 194 of 318 SUCCESS (0 secs / 0.519 secs)
2025-10-16T15:17:58.6256818Z [1A[2K[1A[2KChrome Headless 140.0.0.0 (Linux x86_64): Executed 318 of 318 SUCCESS (3.393 secs / 3.362 secs)
2025-10-16T15:17:58.6257928Z Firefox 143.0 (Linux x86_64): Executed 195 of 318 SUCCESS (0 secs / 0.519 secs)
2025-10-16T15:17:58.6259423Z [1A[2K[1A[2KChrome Headless 140.0.0.0 (Linux x86_64): Executed 318 of 318 SUCCESS (3.393 secs / 3.362 secs)
2025-10-16T15:17:58.6260899Z Firefox 143.0 (Linux x86_64): Executed 196 of 318 SUCCESS (0 secs / 0.52 secs)
2025-10-16T15:17:58.6262277Z [1A[2K[1A[2KChrome Headless 140.0.0.0 (Linux x86_64): Executed 318 of 318 SUCCESS (3.393 secs / 3.362 secs)
2025-10-16T15:17:58.6263370Z Firefox 143.0 (Linux x86_64): Executed 197 of 318 SUCCESS (0 secs / 0.52 secs)
2025-10-16T15:17:58.6264683Z [1A[2K[1A[2KChrome Headless 140.0.0.0 (Linux x86_64): Executed 318 of 318 SUCCESS (3.393 secs / 3.362 secs)
2025-10-16T15:17:58.6265704Z Firefox 143.0 (Linux x86_64): Executed 198 of 318 SUCCESS (0 secs / 0.521 secs)
2025-10-16T15:17:58.6266935Z [1A[2K[1A[2KChrome Headless 140.0.0.0 (Linux x86_64): Executed 318 of 318 SUCCESS (3.393 secs / 3.362 secs)
2025-10-16T15:17:58.6268012Z Firefox 143.0 (Linux x86_64): Executed 199 of 318 SUCCESS (0 secs / 0.521 secs)
2025-10-16T15:17:58.6269556Z [1A[2K[1A[2KChrome Headless 140.0.0.0 (Linux x86_64): Executed 318 of 318 SUCCESS (3.393 secs / 3.362 secs)
2025-10-16T15:17:58.6270602Z Firefox 143.0 (Linux x86_64): Executed 200 of 318 SUCCESS (0 secs / 0.521 secs)
2025-10-16T15:17:58.6271826Z [1A[2K[1A[2KChrome Headless 140.0.0.0 (Linux x86_64): Executed 318 of 318 SUCCESS (3.393 secs / 3.362 secs)
2025-10-16T15:17:58.6272855Z Firefox 143.0 (Linux x86_64): Executed 201 of 318 SUCCESS (0 secs / 0.522 secs)
2025-10-16T15:17:58.7821676Z [1A[2K[1A[2KChrome Headless 140.0.0.0 (Linux x86_64): Executed 318 of 318 SUCCESS (3.393 secs / 3.362 secs)
2025-10-16T15:17:58.7823585Z Firefox 143.0 (Linux x86_64): Executed 202 of 318 SUCCESS (0 secs / 0.672 secs)
2025-10-16T15:17:58.7824384Z [1A[2K[1A[2KChrome Headless 140.0.0.0 (Linux x86_64): Executed 318 of 318 SUCCESS (3.393 secs / 3.362 secs)
2025-10-16T15:17:58.7824991Z Firefox 143.0 (Linux x86_64): Executed 203 of 318 SUCCESS (0 secs / 0.673 secs)
2025-10-16T15:17:58.8708499Z [1A[2K[1A[2KChrome Headless 140.0.0.0 (Linux x86_64): Executed 318 of 318 SUCCESS (3.393 secs / 3.362 secs)
2025-10-16T15:17:58.8709632Z Firefox 143.0 (Linux x86_64): Executed 204 of 318 SUCCESS (0 secs / 0.773 secs)
2025-10-16T15:17:58.9729008Z [1A[2K[1A[2KChrome Headless 140.0.0.0 (Linux x86_64): Executed 318 of 318 SUCCESS (3.393 secs / 3.362 secs)
2025-10-16T15:17:58.9730196Z Firefox 143.0 (Linux x86_64): Executed 205 of 318 SUCCESS (0 secs / 0.875 secs)
2025-10-16T15:17:59.0714484Z [1A[2K[1A[2KChrome Headless 140.0.0.0 (Linux x86_64): Executed 318 of 318 SUCCESS (3.393 secs / 3.362 secs)
2025-10-16T15:17:59.0715768Z Firefox 143.0 (Linux x86_64): Executed 206 of 318 SUCCESS (0 secs / 0.977 secs)
2025-10-16T15:17:59.1729337Z [1A[2K[1A[2KChrome Headless 140.0.0.0 (Linux x86_64): Executed 318 of 318 SUCCESS (3.393 secs / 3.362 secs)
2025-10-16T15:17:59.1730442Z Firefox 143.0 (Linux x86_64): Executed 207 of 318 SUCCESS (0 secs / 1.078 secs)
2025-10-16T15:17:59.2745418Z [1A[2K[1A[2KChrome Headless 140.0.0.0 (Linux x86_64): Executed 318 of 318 SUCCESS (3.393 secs / 3.362 secs)
2025-10-16T15:17:59.2746796Z Firefox 143.0 (Linux x86_64): Executed 208 of 318 SUCCESS (0 secs / 1.179 secs)
2025-10-16T15:17:59.3764276Z [1A[2K[1A[2KChrome Headless 140.0.0.0 (Linux x86_64): Executed 318 of 318 SUCCESS (3.393 secs / 3.362 secs)
2025-10-16T15:17:59.3766527Z Firefox 143.0 (Linux x86_64): Executed 209 of 318 SUCCESS (0 secs / 1.28 secs)
2025-10-16T15:17:59.4779580Z [1A[2K[1A[2KChrome Headless 140.0.0.0 (Linux x86_64): Executed 318 of 318 SUCCESS (3.393 secs / 3.362 secs)
2025-10-16T15:17:59.4780385Z Firefox 143.0 (Linux x86_64): Executed 210 of 318 SUCCESS (0 secs / 1.382 secs)
2025-10-16T15:17:59.5797450Z [1A[2K[1A[2KChrome Headless 140.0.0.0 (Linux x86_64): Executed 318 of 318 SUCCESS (3.393 secs / 3.362 secs)
2025-10-16T15:17:59.5798647Z Firefox 143.0 (Linux x86_64): Executed 211 of 318 SUCCESS (0 secs / 1.484 secs)
2025-10-16T15:17:59.6812806Z [1A[2K[1A[2KChrome Headless 140.0.0.0 (Linux x86_64): Executed 318 of 318 SUCCESS (3.393 secs / 3.362 secs)
2025-10-16T15:17:59.6813594Z Firefox 143.0 (Linux x86_64): Executed 212 of 318 SUCCESS (0 secs / 1.585 secs)
2025-10-16T15:17:59.7831076Z [1A[2K[1A[2KChrome Headless 140.0.0.0 (Linux x86_64): Executed 318 of 318 SUCCESS (3.393 secs / 3.362 secs)
2025-10-16T15:17:59.7831930Z Firefox 143.0 (Linux x86_64): Executed 213 of 318 SUCCESS (0 secs / 1.687 secs)
2025-10-16T15:17:59.8849097Z [1A[2K[1A[2KChrome Headless 140.0.0.0 (Linux x86_64): Executed 318 of 318 SUCCESS (3.393 secs / 3.362 secs)
2025-10-16T15:17:59.8851455Z Firefox 143.0 (Linux x86_64): Executed 214 of 318 SUCCESS (0 secs / 1.789 secs)
2025-10-16T15:17:59.9864766Z [1A[2K[1A[2KChrome Headless 140.0.0.0 (Linux x86_64): Executed 318 of 318 SUCCESS (3.393 secs / 3.362 secs)
2025-10-16T15:17:59.9865520Z Firefox 143.0 (Linux x86_64): Executed 215 of 318 SUCCESS (0 secs / 1.89 secs)
2025-10-16T15:17:59.9874261Z [1A[2K[1A[2KChrome Headless 140.0.0.0 (Linux x86_64): Executed 318 of 318 SUCCESS (3.393 secs / 3.362 secs)
2025-10-16T15:17:59.9875360Z Firefox 143.0 (Linux x86_64): Executed 216 of 318 SUCCESS (0 secs / 1.891 secs)
2025-10-16T15:17:59.9881357Z [1A[2K[1A[2KChrome Headless 140.0.0.0 (Linux x86_64): Executed 318 of 318 SUCCESS (3.393 secs / 3.362 secs)
2025-10-16T15:17:59.9883225Z Firefox 143.0 (Linux x86_64): Executed 217 of 318 SUCCESS (0 secs / 1.891 secs)
2025-10-16T15:17:59.9887426Z [1A[2K[1A[2KChrome Headless 140.0.0.0 (Linux x86_64): Executed 318 of 318 SUCCESS (3.393 secs / 3.362 secs)
2025-10-16T15:17:59.9889005Z Firefox 143.0 (Linux x86_64): Executed 218 of 318 SUCCESS (0 secs / 1.892 secs)
2025-10-16T15:17:59.9893057Z [1A[2K[1A[2KChrome Headless 140.0.0.0 (Linux x86_64): Executed 318 of 318 SUCCESS (3.393 secs / 3.362 secs)
2025-10-16T15:17:59.9893938Z Firefox 143.0 (Linux x86_64): Executed 219 of 318 SUCCESS (0 secs / 1.892 secs)
2025-10-16T15:17:59.9894675Z [1A[2K[1A[2KChrome Headless 140.0.0.0 (Linux x86_64): Executed 318 of 318 SUCCESS (3.393 secs / 3.362 secs)
2025-10-16T15:17:59.9895521Z Firefox 143.0 (Linux x86_64): Executed 220 of 318 SUCCESS (0 secs / 1.893 secs)
2025-10-16T15:17:59.9899371Z [1A[2K[1A[2KChrome Headless 140.0.0.0 (Linux x86_64): Executed 318 of 318 SUCCESS (3.393 secs / 3.362 secs)
2025-10-16T15:17:59.9900534Z Firefox 143.0 (Linux x86_64): Executed 221 of 318 SUCCESS (0 secs / 1.893 secs)
2025-10-16T15:17:59.9905093Z [1A[2K[1A[2KChrome Headless 140.0.0.0 (Linux x86_64): Executed 318 of 318 SUCCESS (3.393 secs / 3.362 secs)
2025-10-16T15:17:59.9906262Z Firefox 143.0 (Linux x86_64): Executed 222 of 318 SUCCESS (0 secs / 1.894 secs)
2025-10-16T15:17:59.9911552Z [1A[2K[1A[2KChrome Headless 140.0.0.0 (Linux x86_64): Executed 318 of 318 SUCCESS (3.393 secs / 3.362 secs)
2025-10-16T15:17:59.9912701Z Firefox 143.0 (Linux x86_64): Executed 223 of 318 SUCCESS (0 secs / 1.894 secs)
2025-10-16T15:17:59.9916494Z [1A[2K[1A[2KChrome Headless 140.0.0.0 (Linux x86_64): Executed 318 of 318 SUCCESS (3.393 secs / 3.362 secs)
2025-10-16T15:17:59.9917217Z Firefox 143.0 (Linux x86_64): Executed 224 of 318 SUCCESS (0 secs / 1.895 secs)
2025-10-16T15:17:59.9922016Z [1A[2K[1A[2KChrome Headless 140.0.0.0 (Linux x86_64): Executed 318 of 318 SUCCESS (3.393 secs / 3.362 secs)
2025-10-16T15:17:59.9922722Z Firefox 143.0 (Linux x86_64): Executed 225 of 318 SUCCESS (0 secs / 1.895 secs)
2025-10-16T15:17:59.9928787Z [1A[2K[1A[2KChrome Headless 140.0.0.0 (Linux x86_64): Executed 318 of 318 SUCCESS (3.393 secs / 3.362 secs)
2025-10-16T15:17:59.9929504Z Firefox 143.0 (Linux x86_64): Executed 226 of 318 SUCCESS (0 secs / 1.895 secs)
2025-10-16T15:17:59.9933683Z [1A[2K[1A[2KChrome Headless 140.0.0.0 (Linux x86_64): Executed 318 of 318 SUCCESS (3.393 secs / 3.362 secs)
2025-10-16T15:17:59.9934733Z Firefox 143.0 (Linux x86_64): Executed 227 of 318 SUCCESS (0 secs / 1.896 secs)
2025-10-16T15:17:59.9945932Z [1A[2K[1A[2KChrome Headless 140.0.0.0 (Linux x86_64): Executed 318 of 318 SUCCESS (3.393 secs / 3.362 secs)
2025-10-16T15:17:59.9947004Z Firefox 143.0 (Linux x86_64): Executed 228 of 318 SUCCESS (0 secs / 1.897 secs)
2025-10-16T15:17:59.9948436Z [1A[2K[1A[2KChrome Headless 140.0.0.0 (Linux x86_64): Executed 318 of 318 SUCCESS (3.393 secs / 3.362 secs)
2025-10-16T15:17:59.9949724Z Firefox 143.0 (Linux x86_64): Executed 229 of 318 SUCCESS (0 secs / 1.898 secs)
2025-10-16T15:17:59.9951188Z [1A[2K[1A[2KChrome Headless 140.0.0.0 (Linux x86_64): Executed 318 of 318 SUCCESS (3.393 secs / 3.362 secs)
2025-10-16T15:17:59.9952022Z Firefox 143.0 (Linux x86_64): Executed 230 of 318 SUCCESS (0 secs / 1.898 secs)
2025-10-16T15:17:59.9959704Z [1A[2K[1A[2KChrome Headless 140.0.0.0 (Linux x86_64): Executed 318 of 318 SUCCESS (3.393 secs / 3.362 secs)
2025-10-16T15:17:59.9960864Z Firefox 143.0 (Linux x86_64): Executed 231 of 318 SUCCESS (0 secs / 1.899 secs)
2025-10-16T15:17:59.9965490Z [1A[2K[1A[2KChrome Headless 140.0.0.0 (Linux x86_64): Executed 318 of 318 SUCCESS (3.393 secs / 3.362 secs)
2025-10-16T15:17:59.9966660Z Firefox 143.0 (Linux x86_64): Executed 232 of 318 SUCCESS (0 secs / 1.899 secs)
2025-10-16T15:17:59.9972279Z [1A[2K[1A[2KChrome Headless 140.0.0.0 (Linux x86_64): Executed 318 of 318 SUCCESS (3.393 secs / 3.362 secs)
2025-10-16T15:17:59.9973395Z Firefox 143.0 (Linux x86_64): Executed 233 of 318 SUCCESS (0 secs / 1.899 secs)
2025-10-16T15:17:59.9979520Z [1A[2K[1A[2KChrome Headless 140.0.0.0 (Linux x86_64): Executed 318 of 318 SUCCESS (3.393 secs / 3.362 secs)
2025-10-16T15:17:59.9980221Z Firefox 143.0 (Linux x86_64): Executed 234 of 318 SUCCESS (0 secs / 1.9 secs)
2025-10-16T15:17:59.9985116Z [1A[2K[1A[2KChrome Headless 140.0.0.0 (Linux x86_64): Executed 318 of 318 SUCCESS (3.393 secs / 3.362 secs)
2025-10-16T15:17:59.9985825Z Firefox 143.0 (Linux x86_64): Executed 235 of 318 SUCCESS (0 secs / 1.9 secs)
2025-10-16T15:17:59.9992061Z [1A[2K[1A[2KChrome Headless 140.0.0.0 (Linux x86_64): Executed 318 of 318 SUCCESS (3.393 secs / 3.362 secs)
2025-10-16T15:17:59.9992763Z Firefox 143.0 (Linux x86_64): Executed 236 of 318 SUCCESS (0 secs / 1.9 secs)
2025-10-16T15:18:00.1004962Z [1A[2K[1A[2KChrome Headless 140.0.0.0 (Linux x86_64): Executed 318 of 318 SUCCESS (3.393 secs / 3.362 secs)
2025-10-16T15:18:00.1005954Z Firefox 143.0 (Linux x86_64): Executed 237 of 318 SUCCESS (0 secs / 2.001 secs)
2025-10-16T15:18:00.2012914Z [1A[2K[1A[2KChrome Headless 140.0.0.0 (Linux x86_64): Executed 318 of 318 SUCCESS (3.393 secs / 3.362 secs)
2025-10-16T15:18:00.2014008Z Firefox 143.0 (Linux x86_64): Executed 238 of 318 SUCCESS (0 secs / 2.102 secs)
2025-10-16T15:18:00.3018063Z [1A[2K[1A[2KChrome Headless 140.0.0.0 (Linux x86_64): Executed 318 of 318 SUCCESS (3.393 secs / 3.362 secs)
2025-10-16T15:18:00.3019610Z Firefox 143.0 (Linux x86_64): Executed 239 of 318 SUCCESS (0 secs / 2.202 secs)
2025-10-16T15:18:00.3029196Z [1A[2K[1A[2KChrome Headless 140.0.0.0 (Linux x86_64): Executed 318 of 318 SUCCESS (3.393 secs / 3.362 secs)
2025-10-16T15:18:00.3030594Z Firefox 143.0 (Linux x86_64): Executed 240 of 318 SUCCESS (0 secs / 2.202 secs)
2025-10-16T15:18:00.3036317Z [1A[2K[1A[2KChrome Headless 140.0.0.0 (Linux x86_64): Executed 318 of 318 SUCCESS (3.393 secs / 3.362 secs)
2025-10-16T15:18:00.3037519Z Firefox 143.0 (Linux x86_64): Executed 241 of 318 SUCCESS (0 secs / 2.203 secs)
2025-10-16T15:18:00.3043088Z [1A[2K[1A[2KChrome Headless 140.0.0.0 (Linux x86_64): Executed 318 of 318 SUCCESS (3.393 secs / 3.362 secs)
2025-10-16T15:18:00.3044288Z Firefox 143.0 (Linux x86_64): Executed 242 of 318 SUCCESS (0 secs / 2.204 secs)
2025-10-16T15:18:00.3049617Z [1A[2K[1A[2KChrome Headless 140.0.0.0 (Linux x86_64): Executed 318 of 318 SUCCESS (3.393 secs / 3.362 secs)
2025-10-16T15:18:00.3050811Z Firefox 143.0 (Linux x86_64): Executed 243 of 318 SUCCESS (0 secs / 2.204 secs)
2025-10-16T15:18:00.3054871Z [1A[2K[1A[2KChrome Headless 140.0.0.0 (Linux x86_64): Executed 318 of 318 SUCCESS (3.393 secs / 3.362 secs)
2025-10-16T15:18:00.3055963Z Firefox 143.0 (Linux x86_64): Executed 244 of 318 SUCCESS (0 secs / 2.204 secs)
2025-10-16T15:18:00.3063432Z [1A[2K[1A[2KChrome Headless 140.0.0.0 (Linux x86_64): Executed 318 of 318 SUCCESS (3.393 secs / 3.362 secs)
2025-10-16T15:18:00.3064565Z Firefox 143.0 (Linux x86_64): Executed 245 of 318 SUCCESS (0 secs / 2.205 secs)
2025-10-16T15:18:00.3071457Z [1A[2K[1A[2KChrome Headless 140.0.0.0 (Linux x86_64): Executed 318 of 318 SUCCESS (3.393 secs / 3.362 secs)
2025-10-16T15:18:00.3072544Z Firefox 143.0 (Linux x86_64): Executed 246 of 318 SUCCESS (0 secs / 2.206 secs)
2025-10-16T15:18:00.3192515Z [1A[2K[1A[2KChrome Headless 140.0.0.0 (Linux x86_64): Executed 318 of 318 SUCCESS (3.393 secs / 3.362 secs)
2025-10-16T15:18:00.3193312Z Firefox 143.0 (Linux x86_64): Executed 247 of 318 SUCCESS (0 secs / 2.217 secs)
2025-10-16T15:18:00.3200363Z [1A[2K[1A[2KChrome Headless 140.0.0.0 (Linux x86_64): Executed 318 of 318 SUCCESS (3.393 secs / 3.362 secs)
2025-10-16T15:18:00.3201129Z Firefox 143.0 (Linux x86_64): Executed 248 of 318 SUCCESS (0 secs / 2.218 secs)
2025-10-16T15:18:00.3207727Z [1A[2K[1A[2KChrome Headless 140.0.0.0 (Linux x86_64): Executed 318 of 318 SUCCESS (3.393 secs / 3.362 secs)
2025-10-16T15:18:00.3208703Z Firefox 143.0 (Linux x86_64): Executed 249 of 318 SUCCESS (0 secs / 2.218 secs)
2025-10-16T15:18:00.3213947Z [1A[2K[1A[2KChrome Headless 140.0.0.0 (Linux x86_64): Executed 318 of 318 SUCCESS (3.393 secs / 3.362 secs)
2025-10-16T15:18:00.3214675Z Firefox 143.0 (Linux x86_64): Executed 250 of 318 SUCCESS (0 secs / 2.219 secs)
2025-10-16T15:18:00.3220075Z [1A[2K[1A[2KChrome Headless 140.0.0.0 (Linux x86_64): Executed 318 of 318 SUCCESS (3.393 secs / 3.362 secs)
2025-10-16T15:18:00.3220784Z Firefox 143.0 (Linux x86_64): Executed 251 of 318 SUCCESS (0 secs / 2.219 secs)
2025-10-16T15:18:00.3225467Z [1A[2K[1A[2KChrome Headless 140.0.0.0 (Linux x86_64): Executed 318 of 318 SUCCESS (3.393 secs / 3.362 secs)
2025-10-16T15:18:00.3226113Z Firefox 143.0 (Linux x86_64): Executed 252 of 318 SUCCESS (0 secs / 2.22 secs)
2025-10-16T15:18:00.3231302Z [1A[2K[1A[2KChrome Headless 140.0.0.0 (Linux x86_64): Executed 318 of 318 SUCCESS (3.393 secs / 3.362 secs)
2025-10-16T15:18:00.3231945Z Firefox 143.0 (Linux x86_64): Executed 253 of 318 SUCCESS (0 secs / 2.22 secs)
2025-10-16T15:18:00.4244097Z [1A[2K[1A[2KChrome Headless 140.0.0.0 (Linux x86_64): Executed 318 of 318 SUCCESS (3.393 secs / 3.362 secs)
2025-10-16T15:18:00.4244945Z Firefox 143.0 (Linux x86_64): Executed 254 of 318 SUCCESS (0 secs / 2.32 secs)
2025-10-16T15:18:00.5257887Z [1A[2K[1A[2KChrome Headless 140.0.0.0 (Linux x86_64): Executed 318 of 318 SUCCESS (3.393 secs / 3.362 secs)
2025-10-16T15:18:00.5258995Z Firefox 143.0 (Linux x86_64): Executed 255 of 318 SUCCESS (0 secs / 2.422 secs)
2025-10-16T15:18:00.6270416Z [1A[2K[1A[2KChrome Headless 140.0.0.0 (Linux x86_64): Executed 318 of 318 SUCCESS (3.393 secs / 3.362 secs)
2025-10-16T15:18:00.6271242Z Firefox 143.0 (Linux x86_64): Executed 256 of 318 SUCCESS (0 secs / 2.523 secs)
2025-10-16T15:18:00.7287390Z [1A[2K[1A[2KChrome Headless 140.0.0.0 (Linux x86_64): Executed 318 of 318 SUCCESS (3.393 secs / 3.362 secs)
2025-10-16T15:18:00.7288888Z Firefox 143.0 (Linux x86_64): Executed 257 of 318 SUCCESS (0 secs / 2.625 secs)
2025-10-16T15:18:00.7297772Z [1A[2K[1A[2KChrome Headless 140.0.0.0 (Linux x86_64): Executed 318 of 318 SUCCESS (3.393 secs / 3.362 secs)
2025-10-16T15:18:00.7299360Z Firefox 143.0 (Linux x86_64): Executed 258 of 318 SUCCESS (0 secs / 2.627 secs)
2025-10-16T15:18:00.7306703Z [1A[2K[1A[2KChrome Headless 140.0.0.0 (Linux x86_64): Executed 318 of 318 SUCCESS (3.393 secs / 3.362 secs)
2025-10-16T15:18:00.7307863Z Firefox 143.0 (Linux x86_64): Executed 259 of 318 SUCCESS (0 secs / 2.627 secs)
2025-10-16T15:18:00.7312567Z [1A[2K[1A[2KChrome Headless 140.0.0.0 (Linux x86_64): Executed 318 of 318 SUCCESS (3.393 secs / 3.362 secs)
2025-10-16T15:18:00.7313667Z Firefox 143.0 (Linux x86_64): Executed 260 of 318 SUCCESS (0 secs / 2.627 secs)
2025-10-16T15:18:00.8323990Z [1A[2K[1A[2KChrome Headless 140.0.0.0 (Linux x86_64): Executed 318 of 318 SUCCESS (3.393 secs / 3.362 secs)
2025-10-16T15:18:00.8325171Z Firefox 143.0 (Linux x86_64): Executed 261 of 318 SUCCESS (0 secs / 2.727 secs)
2025-10-16T15:18:00.8333951Z [1A[2K[1A[2KChrome Headless 140.0.0.0 (Linux x86_64): Executed 318 of 318 SUCCESS (3.393 secs / 3.362 secs)
2025-10-16T15:18:00.8335260Z Firefox 143.0 (Linux x86_64): Executed 262 of 318 SUCCESS (0 secs / 2.728 secs)
2025-10-16T15:18:00.8339820Z [1A[2K[1A[2KChrome Headless 140.0.0.0 (Linux x86_64): Executed 318 of 318 SUCCESS (3.393 secs / 3.362 secs)
2025-10-16T15:18:00.8340968Z Firefox 143.0 (Linux x86_64): Executed 263 of 318 SUCCESS (0 secs / 2.729 secs)
2025-10-16T15:18:00.8345442Z [1A[2K[1A[2KChrome Headless 140.0.0.0 (Linux x86_64): Executed 318 of 318 SUCCESS (3.393 secs / 3.362 secs)
2025-10-16T15:18:00.8346577Z Firefox 143.0 (Linux x86_64): Executed 264 of 318 SUCCESS (0 secs / 2.729 secs)
2025-10-16T15:18:00.8351710Z [1A[2K[1A[2KChrome Headless 140.0.0.0 (Linux x86_64): Executed 318 of 318 SUCCESS (3.393 secs / 3.362 secs)
2025-10-16T15:18:00.8352861Z Firefox 143.0 (Linux x86_64): Executed 265 of 318 SUCCESS (0 secs / 2.729 secs)
2025-10-16T15:18:00.8358976Z [1A[2K[1A[2KChrome Headless 140.0.0.0 (Linux x86_64): Executed 318 of 318 SUCCESS (3.393 secs / 3.362 secs)
2025-10-16T15:18:00.8360149Z Firefox 143.0 (Linux x86_64): Executed 266 of 318 SUCCESS (0 secs / 2.729 secs)
2025-10-16T15:18:00.9374313Z [1A[2K[1A[2KChrome Headless 140.0.0.0 (Linux x86_64): Executed 318 of 318 SUCCESS (3.393 secs / 3.362 secs)
2025-10-16T15:18:00.9375602Z Firefox 143.0 (Linux x86_64): Executed 267 of 318 SUCCESS (0 secs / 2.83 secs)
2025-10-16T15:18:01.0389382Z [1A[2K[1A[2KChrome Headless 140.0.0.0 (Linux x86_64): Executed 318 of 318 SUCCESS (3.393 secs / 3.362 secs)
2025-10-16T15:18:01.0390025Z Firefox 143.0 (Linux x86_64): Executed 268 of 318 SUCCESS (0 secs / 2.933 secs)
2025-10-16T15:18:01.1403612Z [1A[2K[1A[2KChrome Headless 140.0.0.0 (Linux x86_64): Executed 318 of 318 SUCCESS (3.393 secs / 3.362 secs)
2025-10-16T15:18:01.1404775Z Firefox 143.0 (Linux x86_64): Executed 269 of 318 SUCCESS (0 secs / 3.034 secs)
2025-10-16T15:18:01.2419396Z [1A[2K[1A[2KChrome Headless 140.0.0.0 (Linux x86_64): Executed 318 of 318 SUCCESS (3.393 secs / 3.362 secs)
2025-10-16T15:18:01.2420521Z Firefox 143.0 (Linux x86_64): Executed 270 of 318 SUCCESS (0 secs / 3.135 secs)
2025-10-16T15:18:01.2429528Z [1A[2K[1A[2KChrome Headless 140.0.0.0 (Linux x86_64): Executed 318 of 318 SUCCESS (3.393 secs / 3.362 secs)
2025-10-16T15:18:01.2430888Z Firefox 143.0 (Linux x86_64): Executed 271 of 318 SUCCESS (0 secs / 3.136 secs)
2025-10-16T15:18:01.2439657Z [1A[2K[1A[2KChrome Headless 140.0.0.0 (Linux x86_64): Executed 318 of 318 SUCCESS (3.393 secs / 3.362 secs)
2025-10-16T15:18:01.2440812Z Firefox 143.0 (Linux x86_64): Executed 272 of 318 SUCCESS (0 secs / 3.138 secs)
2025-10-16T15:18:01.2444504Z [1A[2K[1A[2KChrome Headless 140.0.0.0 (Linux x86_64): Executed 318 of 318 SUCCESS (3.393 secs / 3.362 secs)
2025-10-16T15:18:01.2446167Z Firefox 143.0 (Linux x86_64): Executed 273 of 318 SUCCESS (0 secs / 3.138 secs)
2025-10-16T15:18:01.2450286Z [1A[2K[1A[2KChrome Headless 140.0.0.0 (Linux x86_64): Executed 318 of 318 SUCCESS (3.393 secs / 3.362 secs)
2025-10-16T15:18:01.2451444Z Firefox 143.0 (Linux x86_64): Executed 274 of 318 SUCCESS (0 secs / 3.139 secs)
2025-10-16T15:18:01.2456984Z [1A[2K[1A[2KChrome Headless 140.0.0.0 (Linux x86_64): Executed 318 of 318 SUCCESS (3.393 secs / 3.362 secs)
2025-10-16T15:18:01.2458312Z Firefox 143.0 (Linux x86_64): Executed 275 of 318 SUCCESS (0 secs / 3.14 secs)
2025-10-16T15:18:01.2459711Z [1A[2K[1A[2KChrome Headless 140.0.0.0 (Linux x86_64): Executed 318 of 318 SUCCESS (3.393 secs / 3.362 secs)
2025-10-16T15:18:01.2460820Z Firefox 143.0 (Linux x86_64): Executed 276 of 318 SUCCESS (0 secs / 3.14 secs)
2025-10-16T15:18:01.2463938Z [1A[2K[1A[2KChrome Headless 140.0.0.0 (Linux x86_64): Executed 318 of 318 SUCCESS (3.393 secs / 3.362 secs)
2025-10-16T15:18:01.2465079Z Firefox 143.0 (Linux x86_64): Executed 277 of 318 SUCCESS (0 secs / 3.14 secs)
2025-10-16T15:18:01.2466630Z [1A[2K[1A[2KChrome Headless 140.0.0.0 (Linux x86_64): Executed 318 of 318 SUCCESS (3.393 secs / 3.362 secs)
2025-10-16T15:18:01.2468786Z Firefox 143.0 (Linux x86_64): Executed 278 of 318 SUCCESS (0 secs / 3.14 secs)
2025-10-16T15:18:01.2470215Z [1A[2K[1A[2KChrome Headless 140.0.0.0 (Linux x86_64): Executed 318 of 318 SUCCESS (3.393 secs / 3.362 secs)
2025-10-16T15:18:01.2471333Z Firefox 143.0 (Linux x86_64): Executed 279 of 318 SUCCESS (0 secs / 3.14 secs)
2025-10-16T15:18:01.2472746Z [1A[2K[1A[2KChrome Headless 140.0.0.0 (Linux x86_64): Executed 318 of 318 SUCCESS (3.393 secs / 3.362 secs)
2025-10-16T15:18:01.2473808Z Firefox 143.0 (Linux x86_64): Executed 280 of 318 SUCCESS (0 secs / 3.14 secs)
2025-10-16T15:18:01.2481605Z [1A[2K[1A[2KChrome Headless 140.0.0.0 (Linux x86_64): Executed 318 of 318 SUCCESS (3.393 secs / 3.362 secs)
2025-10-16T15:18:01.2482886Z Firefox 143.0 (Linux x86_64): Executed 281 of 318 SUCCESS (0 secs / 3.14 secs)
2025-10-16T15:18:01.2484128Z [1A[2K[1A[2KChrome Headless 140.0.0.0 (Linux x86_64): Executed 318 of 318 SUCCESS (3.393 secs / 3.362 secs)
2025-10-16T15:18:01.2485127Z Firefox 143.0 (Linux x86_64): Executed 282 of 318 SUCCESS (0 secs / 3.14 secs)
2025-10-16T15:18:01.2486408Z [1A[2K[1A[2KChrome Headless 140.0.0.0 (Linux x86_64): Executed 318 of 318 SUCCESS (3.393 secs / 3.362 secs)
2025-10-16T15:18:01.2487484Z Firefox 143.0 (Linux x86_64): Executed 283 of 318 SUCCESS (0 secs / 3.14 secs)
2025-10-16T15:18:01.2488969Z [1A[2K[1A[2KChrome Headless 140.0.0.0 (Linux x86_64): Executed 318 of 318 SUCCESS (3.393 secs / 3.362 secs)
2025-10-16T15:18:01.2489986Z Firefox 143.0 (Linux x86_64): Executed 284 of 318 SUCCESS (0 secs / 3.141 secs)
2025-10-16T15:18:01.2491241Z [1A[2K[1A[2KChrome Headless 140.0.0.0 (Linux x86_64): Executed 318 of 318 SUCCESS (3.393 secs / 3.362 secs)
2025-10-16T15:18:01.2492285Z Firefox 143.0 (Linux x86_64): Executed 285 of 318 SUCCESS (0 secs / 3.141 secs)
2025-10-16T15:18:01.2493469Z [1A[2K[1A[2KChrome Headless 140.0.0.0 (Linux x86_64): Executed 318 of 318 SUCCESS (3.393 secs / 3.362 secs)
2025-10-16T15:18:01.2494494Z Firefox 143.0 (Linux x86_64): Executed 286 of 318 SUCCESS (0 secs / 3.141 secs)
2025-10-16T15:18:01.2495744Z [1A[2K[1A[2KChrome Headless 140.0.0.0 (Linux x86_64): Executed 318 of 318 SUCCESS (3.393 secs / 3.362 secs)
2025-10-16T15:18:01.2496864Z Firefox 143.0 (Linux x86_64): Executed 287 of 318 SUCCESS (0 secs / 3.141 secs)
2025-10-16T15:18:01.2498441Z [1A[2K[1A[2KChrome Headless 140.0.0.0 (Linux x86_64): Executed 318 of 318 SUCCESS (3.393 secs / 3.362 secs)
2025-10-16T15:18:01.2499572Z Firefox 143.0 (Linux x86_64): Executed 288 of 318 SUCCESS (0 secs / 3.141 secs)
2025-10-16T15:18:01.2500946Z [1A[2K[1A[2KChrome Headless 140.0.0.0 (Linux x86_64): Executed 318 of 318 SUCCESS (3.393 secs / 3.362 secs)
2025-10-16T15:18:01.2502058Z Firefox 143.0 (Linux x86_64): Executed 289 of 318 SUCCESS (0 secs / 3.141 secs)
2025-10-16T15:18:01.2503865Z [1A[2K[1A[2KChrome Headless 140.0.0.0 (Linux x86_64): Executed 318 of 318 SUCCESS (3.393 secs / 3.362 secs)
2025-10-16T15:18:01.2505141Z Firefox 143.0 (Linux x86_64): Executed 290 of 318 SUCCESS (0 secs / 3.141 secs)
2025-10-16T15:18:01.2506549Z [1A[2K[1A[2KChrome Headless 140.0.0.0 (Linux x86_64): Executed 318 of 318 SUCCESS (3.393 secs / 3.362 secs)
2025-10-16T15:18:01.2507697Z Firefox 143.0 (Linux x86_64): Executed 291 of 318 SUCCESS (0 secs / 3.141 secs)
2025-10-16T15:18:01.2509308Z [1A[2K[1A[2KChrome Headless 140.0.0.0 (Linux x86_64): Executed 318 of 318 SUCCESS (3.393 secs / 3.362 secs)
2025-10-16T15:18:01.2510539Z Firefox 143.0 (Linux x86_64): Executed 292 of 318 SUCCESS (0 secs / 3.141 secs)
2025-10-16T15:18:01.2511943Z [1A[2K[1A[2KChrome Headless 140.0.0.0 (Linux x86_64): Executed 318 of 318 SUCCESS (3.393 secs / 3.362 secs)
2025-10-16T15:18:01.2512937Z Firefox 143.0 (Linux x86_64): Executed 293 of 318 SUCCESS (0 secs / 3.142 secs)
2025-10-16T15:18:01.2514325Z [1A[2K[1A[2KChrome Headless 140.0.0.0 (Linux x86_64): Executed 318 of 318 SUCCESS (3.393 secs / 3.362 secs)
2025-10-16T15:18:01.2515383Z Firefox 143.0 (Linux x86_64): Executed 294 of 318 SUCCESS (0 secs / 3.142 secs)
2025-10-16T15:18:01.2516950Z [1A[2K[1A[2KChrome Headless 140.0.0.0 (Linux x86_64): Executed 318 of 318 SUCCESS (3.393 secs / 3.362 secs)
2025-10-16T15:18:01.2518118Z Firefox 143.0 (Linux x86_64): Executed 295 of 318 SUCCESS (0 secs / 3.142 secs)
2025-10-16T15:18:01.2519695Z [1A[2K[1A[2KChrome Headless 140.0.0.0 (Linux x86_64): Executed 318 of 318 SUCCESS (3.393 secs / 3.362 secs)
2025-10-16T15:18:01.2520843Z Firefox 143.0 (Linux x86_64): Executed 296 of 318 SUCCESS (0 secs / 3.142 secs)
2025-10-16T15:18:01.2521813Z [1A[2K[1A[2KChrome Headless 140.0.0.0 (Linux x86_64): Executed 318 of 318 SUCCESS (3.393 secs / 3.362 secs)
2025-10-16T15:18:01.2522530Z Firefox 143.0 (Linux x86_64): Executed 297 of 318 SUCCESS (0 secs / 3.143 secs)
2025-10-16T15:18:01.2523707Z [1A[2K[1A[2KChrome Headless 140.0.0.0 (Linux x86_64): Executed 318 of 318 SUCCESS (3.393 secs / 3.362 secs)
2025-10-16T15:18:01.2524844Z Firefox 143.0 (Linux x86_64): Executed 298 of 318 SUCCESS (0 secs / 3.143 secs)
2025-10-16T15:18:01.2526067Z [1A[2K[1A[2KChrome Headless 140.0.0.0 (Linux x86_64): Executed 318 of 318 SUCCESS (3.393 secs / 3.362 secs)
2025-10-16T15:18:01.2527226Z Firefox 143.0 (Linux x86_64): Executed 299 of 318 SUCCESS (0 secs / 3.143 secs)
2025-10-16T15:18:01.2528724Z [1A[2K[1A[2KChrome Headless 140.0.0.0 (Linux x86_64): Executed 318 of 318 SUCCESS (3.393 secs / 3.362 secs)
2025-10-16T15:18:01.2530758Z Firefox 143.0 (Linux x86_64): Executed 300 of 318 SUCCESS (0 secs / 3.144 secs)
2025-10-16T15:18:01.2532140Z [1A[2K[1A[2KChrome Headless 140.0.0.0 (Linux x86_64): Executed 318 of 318 SUCCESS (3.393 secs / 3.362 secs)
2025-10-16T15:18:01.2533215Z Firefox 143.0 (Linux x86_64): Executed 301 of 318 SUCCESS (0 secs / 3.144 secs)
2025-10-16T15:18:01.2534617Z [1A[2K[1A[2KChrome Headless 140.0.0.0 (Linux x86_64): Executed 318 of 318 SUCCESS (3.393 secs / 3.362 secs)
2025-10-16T15:18:01.2535484Z Firefox 143.0 (Linux x86_64): Executed 302 of 318 SUCCESS (0 secs / 3.144 secs)
2025-10-16T15:18:01.2536540Z [1A[2K[1A[2KChrome Headless 140.0.0.0 (Linux x86_64): Executed 318 of 318 SUCCESS (3.393 secs / 3.362 secs)
2025-10-16T15:18:01.2537623Z Firefox 143.0 (Linux x86_64): Executed 303 of 318 SUCCESS (0 secs / 3.144 secs)
2025-10-16T15:18:01.2539086Z [1A[2K[1A[2KChrome Headless 140.0.0.0 (Linux x86_64): Executed 318 of 318 SUCCESS (3.393 secs / 3.362 secs)
2025-10-16T15:18:01.2540130Z Firefox 143.0 (Linux x86_64): Executed 304 of 318 SUCCESS (0 secs / 3.144 secs)
2025-10-16T15:18:01.2541441Z [1A[2K[1A[2KChrome Headless 140.0.0.0 (Linux x86_64): Executed 318 of 318 SUCCESS (3.393 secs / 3.362 secs)
2025-10-16T15:18:01.2542457Z Firefox 143.0 (Linux x86_64): Executed 305 of 318 SUCCESS (0 secs / 3.144 secs)
2025-10-16T15:18:01.2543989Z [1A[2K[1A[2KChrome Headless 140.0.0.0 (Linux x86_64): Executed 318 of 318 SUCCESS (3.393 secs / 3.362 secs)
2025-10-16T15:18:01.2544867Z Firefox 143.0 (Linux x86_64): Executed 306 of 318 SUCCESS (0 secs / 3.145 secs)
2025-10-16T15:18:01.2545763Z [1A[2K[1A[2KChrome Headless 140.0.0.0 (Linux x86_64): Executed 318 of 318 SUCCESS (3.393 secs / 3.362 secs)
2025-10-16T15:18:01.2546782Z Firefox 143.0 (Linux x86_64): Executed 307 of 318 SUCCESS (0 secs / 3.145 secs)
2025-10-16T15:18:01.2547507Z [1A[2K[1A[2KChrome Headless 140.0.0.0 (Linux x86_64): Executed 318 of 318 SUCCESS (3.393 secs / 3.362 secs)
2025-10-16T15:18:01.2548069Z Firefox 143.0 (Linux x86_64): Executed 308 of 318 SUCCESS (0 secs / 3.145 secs)
2025-10-16T15:18:01.2549458Z [1A[2K[1A[2KChrome Headless 140.0.0.0 (Linux x86_64): Executed 318 of 318 SUCCESS (3.393 secs / 3.362 secs)
2025-10-16T15:18:01.2550042Z Firefox 143.0 (Linux x86_64): Executed 309 of 318 SUCCESS (0 secs / 3.146 secs)
2025-10-16T15:18:01.2556694Z [1A[2K[1A[2KChrome Headless 140.0.0.0 (Linux x86_64): Executed 318 of 318 SUCCESS (3.393 secs / 3.362 secs)
2025-10-16T15:18:01.2557359Z Firefox 143.0 (Linux x86_64): Executed 310 of 318 SUCCESS (0 secs / 3.146 secs)
2025-10-16T15:18:01.2563001Z [1A[2K[1A[2KChrome Headless 140.0.0.0 (Linux x86_64): Executed 318 of 318 SUCCESS (3.393 secs / 3.362 secs)
2025-10-16T15:18:01.2563783Z Firefox 143.0 (Linux x86_64): Executed 311 of 318 SUCCESS (0 secs / 3.147 secs)
2025-10-16T15:18:01.2569230Z [1A[2K[1A[2KChrome Headless 140.0.0.0 (Linux x86_64): Executed 318 of 318 SUCCESS (3.393 secs / 3.362 secs)
2025-10-16T15:18:01.2569840Z Firefox 143.0 (Linux x86_64): Executed 312 of 318 SUCCESS (0 secs / 3.147 secs)
2025-10-16T15:18:01.2577302Z [1A[2K[1A[2KChrome Headless 140.0.0.0 (Linux x86_64): Executed 318 of 318 SUCCESS (3.393 secs / 3.362 secs)
2025-10-16T15:18:01.2578045Z Firefox 143.0 (Linux x86_64): Executed 313 of 318 SUCCESS (0 secs / 3.148 secs)
2025-10-16T15:18:01.2583025Z [1A[2K[1A[2KChrome Headless 140.0.0.0 (Linux x86_64): Executed 318 of 318 SUCCESS (3.393 secs / 3.362 secs)
2025-10-16T15:18:01.2583957Z Firefox 143.0 (Linux x86_64): Executed 314 of 318 SUCCESS (0 secs / 3.149 secs)
2025-10-16T15:18:01.2589161Z [1A[2K[1A[2KChrome Headless 140.0.0.0 (Linux x86_64): Executed 318 of 318 SUCCESS (3.393 secs / 3.362 secs)
2025-10-16T15:18:01.2589781Z Firefox 143.0 (Linux x86_64): Executed 315 of 318 SUCCESS (0 secs / 3.15 secs)
2025-10-16T15:18:01.2595496Z [1A[2K[1A[2KChrome Headless 140.0.0.0 (Linux x86_64): Executed 318 of 318 SUCCESS (3.393 secs / 3.362 secs)
2025-10-16T15:18:01.2596109Z Firefox 143.0 (Linux x86_64): Executed 316 of 318 SUCCESS (0 secs / 3.15 secs)
2025-10-16T15:18:01.2604375Z [1A[2K[1A[2KChrome Headless 140.0.0.0 (Linux x86_64): Executed 318 of 318 SUCCESS (3.393 secs / 3.362 secs)
2025-10-16T15:18:01.2605402Z Firefox 143.0 (Linux x86_64): Executed 317 of 318 SUCCESS (0 secs / 3.151 secs)
2025-10-16T15:18:01.2613743Z [1A[2K[1A[2KChrome Headless 140.0.0.0 (Linux x86_64): Executed 318 of 318 SUCCESS (3.393 secs / 3.362 secs)
2025-10-16T15:18:01.2614911Z Firefox 143.0 (Linux x86_64): Executed 318 of 318 SUCCESS (0 secs / 3.152 secs)
2025-10-16T15:18:01.2640645Z [1A[2K[1A[2KChrome Headless 140.0.0.0 (Linux x86_64): Executed 318 of 318 SUCCESS (3.393 secs / 3.362 secs)
2025-10-16T15:18:01.2642871Z Firefox 143.0 (Linux x86_64): Executed 318 of 318 SUCCESS (3.192 secs / 3.152 secs)
2025-10-16T15:18:01.2643521Z TOTAL: 636 SUCCESS
2025-10-16T15:18:01.3403394Z [ Terminating HTTP server... ]
2025-10-16T15:18:11.3600510Z ##[group]Run npm run test:package
2025-10-16T15:18:11.3600816Z [36;1mnpm run test:package[0m
2025-10-16T15:18:11.3633212Z shell: /usr/bin/bash -e {0}
2025-10-16T15:18:11.3633458Z ##[endgroup]
2025-10-16T15:18:11.4564651Z 
2025-10-16T15:18:11.4565165Z > axios@1.12.2 test:package
2025-10-16T15:18:11.4565806Z > npm run test:eslint && npm run test:dtslint && npm run test:exports
2025-10-16T15:18:11.4566147Z 
2025-10-16T15:18:11.5484493Z 
2025-10-16T15:18:11.5485125Z > axios@1.12.2 test:eslint
2025-10-16T15:18:11.5486183Z > node bin/ssl_hotfix.js eslint lib/**/*.js
2025-10-16T15:18:11.5486576Z 
2025-10-16T15:18:11.5774321Z Running eslint lib/adapters/adapters.js lib/adapters/fetch.js lib/adapters/http.js lib/adapters/xhr.js lib/cancel/CancelToken.js lib/cancel/CanceledError.js lib/cancel/isCancel.js lib/core/Axios.js lib/core/AxiosError.js lib/core/AxiosHeaders.js lib/core/InterceptorManager.js lib/core/buildFullPath.js lib/core/dispatchRequest.js lib/core/mergeConfig.js lib/core/settle.js lib/core/transformData.js lib/defaults/index.js lib/defaults/transitional.js lib/env/data.js lib/helpers/AxiosTransformStream.js lib/helpers/AxiosURLSearchParams.js lib/helpers/HttpStatusCode.js lib/helpers/ZlibHeaderTransformStream.js lib/helpers/bind.js lib/helpers/buildURL.js lib/helpers/callbackify.js lib/helpers/combineURLs.js lib/helpers/composeSignals.js lib/helpers/cookies.js lib/helpers/deprecatedMethod.js lib/helpers/estimateDataURLDecodedBytes.js lib/helpers/formDataToJSON.js lib/helpers/formDataToStream.js lib/helpers/fromDataURI.js lib/helpers/isAbsoluteURL.js lib/helpers/isAxiosError.js lib/helpers/isURLSameOrigin.js lib/helpers/null.js lib/helpers/parseHeaders.js lib/helpers/parseProtocol.js lib/helpers/progressEventReducer.js lib/helpers/readBlob.js lib/helpers/resolveConfig.js lib/helpers/speedometer.js lib/helpers/spread.js lib/helpers/throttle.js lib/helpers/toFormData.js lib/helpers/toURLEncodedForm.js lib/helpers/trackStream.js lib/helpers/validator.js lib/platform/index.js on v22.20.0
2025-10-16T15:18:11.5784691Z Setting --openssl-legacy-provider as ssl hotfix
2025-10-16T15:18:11.5785049Z 
2025-10-16T15:18:12.3789864Z 
2025-10-16T15:18:12.3790357Z > axios@1.12.2 test:dtslint
2025-10-16T15:18:12.3791093Z > dtslint --localTs node_modules/typescript/lib
2025-10-16T15:18:12.3791496Z 
2025-10-16T15:18:14.7520473Z 
2025-10-16T15:18:14.7520948Z > axios@1.12.2 test:exports
2025-10-16T15:18:14.7521556Z > node bin/ssl_hotfix.js mocha test/module/test.js --timeout 30000 --exit
2025-10-16T15:18:14.7521923Z 
2025-10-16T15:18:14.7793158Z Running mocha test/module/test.js --timeout 30000 --exit on v22.20.0
2025-10-16T15:18:14.7793567Z 
2025-10-16T15:18:14.7795425Z Setting --openssl-legacy-provider as ssl hotfix
2025-10-16T15:18:15.0296589Z 
2025-10-16T15:18:15.0301357Z 
2025-10-16T15:18:15.0319900Z   module
2025-10-16T15:18:15.0320557Z ✓ Creating build backup...
2025-10-16T15:18:15.0446679Z ✓ Exec build script...
2025-10-16T15:18:20.3124908Z ✓ Running tests...
2025-10-16T15:18:20.3129497Z     export
2025-10-16T15:18:20.3144877Z       ✔ should have consistent ESM export
2025-10-16T15:18:20.3147564Z       CommonJS
2025-10-16T15:18:21.2130286Z         ✔ should be able to be loaded with require (897ms)
2025-10-16T15:18:21.2136593Z ✓ Remove entry '/home/runner/work/axios/axios/test/module/cjs/node_modules'...
2025-10-16T15:18:22.2165975Z       ESM
2025-10-16T15:18:23.1159336Z         ✔ should be able to be loaded with import (899ms)
2025-10-16T15:18:23.1161526Z ✓ Remove entry '/home/runner/work/axios/axios/test/module/esm/node_modules'...
2025-10-16T15:18:24.1178587Z       TS
2025-10-16T15:18:27.8544167Z         ✔ should be able to be loaded with import (3736ms)
2025-10-16T15:18:27.8546089Z ✓ Remove entry '/home/runner/work/axios/axios/test/module/ts/node_modules'...
2025-10-16T15:18:28.8682509Z       TS require('axios')
2025-10-16T15:18:31.6149039Z         ✔ should be able to be loaded with require (2746ms)
2025-10-16T15:18:31.6152013Z ✓ Remove entry '/home/runner/work/axios/axios/test/module/ts-require/node_modules'...
2025-10-16T15:18:32.6282920Z       TS require('axios').default
2025-10-16T15:18:35.3368616Z         ✔ should be able to be loaded with require (2708ms)
2025-10-16T15:18:35.3370346Z ✓ Remove entry '/home/runner/work/axios/axios/test/module/ts-require-default/node_modules'...
2025-10-16T15:18:36.3504650Z     typings
2025-10-16T15:18:36.3505382Z       ESM
2025-10-16T15:18:36.4420791Z 
2025-10-16T15:18:36.4421357Z > esm-typings-test@1.0.0 test
2025-10-16T15:18:36.4422267Z > npm i --no-save --no-package-lock && tsc -v && npm run test:types
2025-10-16T15:18:36.4423148Z 
2025-10-16T15:18:37.8743990Z 
2025-10-16T15:18:37.8744659Z added 4 packages, and audited 6 packages in 1s
2025-10-16T15:18:37.8751757Z 
2025-10-16T15:18:37.8751983Z found 0 vulnerabilities
2025-10-16T15:18:38.0201305Z Version 4.9.5
2025-10-16T15:18:38.1124326Z 
2025-10-16T15:18:38.1124990Z > esm-typings-test@1.0.0 test:types
2025-10-16T15:18:38.1125628Z > tsc --noEmit
2025-10-16T15:18:38.1125860Z 
2025-10-16T15:18:40.9205122Z         ✔ should pass types check (4570ms)
2025-10-16T15:18:40.9206568Z ✓ Remove entry '/home/runner/work/axios/axios/test/module/typings/esm/node_modules'...
2025-10-16T15:18:41.9342994Z       CommonJS
2025-10-16T15:18:42.0241202Z 
2025-10-16T15:18:42.0241763Z > commonjs-typings-test@1.0.0 test
2025-10-16T15:18:42.0242370Z > npm i --no-save --no-package-lock && tsc -v && npm run test:types
2025-10-16T15:18:42.0242712Z 
2025-10-16T15:18:43.4374717Z 
2025-10-16T15:18:43.4375299Z added 4 packages, and audited 6 packages in 1s
2025-10-16T15:18:43.4382338Z 
2025-10-16T15:18:43.4382560Z found 0 vulnerabilities
2025-10-16T15:18:43.5842392Z Version 4.9.5
2025-10-16T15:18:43.6761991Z 
2025-10-16T15:18:43.6762547Z > commonjs-typings-test@1.0.0 test:types
2025-10-16T15:18:43.6762955Z > tsc --noEmit
2025-10-16T15:18:43.6763108Z 
2025-10-16T15:18:46.4656390Z         ✔ should pass types check (4531ms)
2025-10-16T15:18:46.4658703Z ✓ Remove entry '/home/runner/work/axios/axios/test/module/typings/cjs/node_modules'...
2025-10-16T15:18:47.4808606Z ✓ Restore build from the backup...
2025-10-16T15:18:47.4876423Z ✓ Remove entry './backup/'...
2025-10-16T15:18:48.4906134Z 
2025-10-16T15:18:48.4910064Z 
2025-10-16T15:18:48.4911383Z   8 passing (33s)
2025-10-16T15:18:48.4911819Z 
2025-10-16T15:18:48.5231934Z Post job cleanup.
2025-10-16T15:18:48.6811229Z Cache hit occurred on the primary key node-cache-Linux-x64-npm-4fa936ac74cd93edcd7289c49f41debae0f12b64b2bf8a12af72ee85a57db8f9, not saving cache.
2025-10-16T15:18:48.6912199Z Post job cleanup.
2025-10-16T15:18:48.7868887Z [command]/usr/bin/git version
2025-10-16T15:18:48.7905448Z git version 2.51.0
2025-10-16T15:18:48.7945189Z Copying '/home/runner/.gitconfig' to '/home/runner/work/_temp/04480b4e-6cfe-40f0-b77c-291ac097813c/.gitconfig'
2025-10-16T15:18:48.7963407Z Temporarily overriding HOME='/home/runner/work/_temp/04480b4e-6cfe-40f0-b77c-291ac097813c' before making global git config changes
2025-10-16T15:18:48.7964892Z Adding repository directory to the temporary git global config as a safe directory
2025-10-16T15:18:48.7969227Z [command]/usr/bin/git config --global --add safe.directory /home/runner/work/axios/axios
2025-10-16T15:18:48.8005006Z [command]/usr/bin/git config --local --name-only --get-regexp core\.sshCommand
2025-10-16T15:18:48.8038085Z [command]/usr/bin/git submodule foreach --recursive sh -c "git config --local --name-only --get-regexp 'core\.sshCommand' && git config --local --unset-all 'core.sshCommand' || :"
2025-10-16T15:18:48.8266434Z [command]/usr/bin/git config --local --name-only --get-regexp http\.https\:\/\/github\.com\/\.extraheader
2025-10-16T15:18:48.8288317Z http.https://github.com/.extraheader
2025-10-16T15:18:48.8302275Z [command]/usr/bin/git config --local --unset-all http.https://github.com/.extraheader
2025-10-16T15:18:48.8333549Z [command]/usr/bin/git submodule foreach --recursive sh -c "git config --local --name-only --get-regexp 'http\.https\:\/\/github\.com\/\.extraheader' && git config --local --unset-all 'http.https://github.com/.extraheader' || :"
2025-10-16T15:18:48.8662358Z Cleaning up orphan processes
