2025-10-09T18:27:44.8357641Z Current runner version: '2.328.0'
2025-10-09T18:27:44.8391872Z ##[group]Runner Image Provisioner
2025-10-09T18:27:44.8393184Z Hosted Compute Agent
2025-10-09T18:27:44.8394103Z Version: 20250912.392
2025-10-09T18:27:44.8395253Z Commit: d921fda672a98b64f4f82364647e2f10b2267d0b
2025-10-09T18:27:44.8396425Z Build Date: 2025-09-12T15:23:14Z
2025-10-09T18:27:44.8397600Z ##[endgroup]
2025-10-09T18:27:44.8398672Z ##[group]Operating System
2025-10-09T18:27:44.8399623Z Ubuntu
2025-10-09T18:27:44.8400452Z 24.04.3
2025-10-09T18:27:44.8401303Z LTS
2025-10-09T18:27:44.8402133Z ##[endgroup]
2025-10-09T18:27:44.8402941Z ##[group]Runner Image
2025-10-09T18:27:44.8404035Z Image: ubuntu-24.04
2025-10-09T18:27:44.8404980Z Version: 20250929.60.1
2025-10-09T18:27:44.8406882Z Included Software: https://github.com/actions/runner-images/blob/ubuntu24/20250929.60/images/ubuntu/Ubuntu2404-Readme.md
2025-10-09T18:27:44.8409682Z Image Release: https://github.com/actions/runner-images/releases/tag/ubuntu24%2F20250929.60
2025-10-09T18:27:44.8411343Z ##[endgroup]
2025-10-09T18:27:44.8413466Z ##[group]GITHUB_TOKEN Permissions
2025-10-09T18:27:44.8416415Z Contents: read
2025-10-09T18:27:44.8417511Z Metadata: read
2025-10-09T18:27:44.8418509Z Packages: read
2025-10-09T18:27:44.8419243Z ##[endgroup]
2025-10-09T18:27:44.8421868Z Secret source: None
2025-10-09T18:27:44.8423227Z Prepare workflow directory
2025-10-09T18:27:44.8860498Z Prepare all required actions
2025-10-09T18:27:44.8914133Z Getting action download info
2025-10-09T18:27:45.1999359Z Download action repository 'actions/checkout@11bd71901bbe5b1630ceea73d27597364c9af683' (SHA:11bd71901bbe5b1630ceea73d27597364c9af683)
2025-10-09T18:27:45.4443328Z Download action repository 'astral-sh/setup-uv@f0ec1fc3b38f5e7cd731bb6ce540c5af426746bb' (SHA:f0ec1fc3b38f5e7cd731bb6ce540c5af426746bb)
2025-10-09T18:27:45.8179425Z Download action repository 'actions/setup-python@a26af69be951a213d495a4c3e4e4022e16d87065' (SHA:a26af69be951a213d495a4c3e4e4022e16d87065)
2025-10-09T18:27:46.0834460Z Complete job name: 3.11
2025-10-09T18:27:46.1461548Z ##[group]Run actions/checkout@11bd71901bbe5b1630ceea73d27597364c9af683
2025-10-09T18:27:46.1462617Z with:
2025-10-09T18:27:46.1463056Z   repository: pallets/click
2025-10-09T18:27:46.1463727Z   token: ***
2025-10-09T18:27:46.1464131Z   ssh-strict: true
2025-10-09T18:27:46.1464550Z   ssh-user: git
2025-10-09T18:27:46.1464975Z   persist-credentials: true
2025-10-09T18:27:46.1465456Z   clean: true
2025-10-09T18:27:46.1465881Z   sparse-checkout-cone-mode: true
2025-10-09T18:27:46.1466401Z   fetch-depth: 1
2025-10-09T18:27:46.1467212Z   fetch-tags: false
2025-10-09T18:27:46.1467660Z   show-progress: true
2025-10-09T18:27:46.1468099Z   lfs: false
2025-10-09T18:27:46.1468519Z   submodules: false
2025-10-09T18:27:46.1468972Z   set-safe-directory: true
2025-10-09T18:27:46.1469749Z ##[endgroup]
2025-10-09T18:27:46.2536446Z Syncing repository: pallets/click
2025-10-09T18:27:46.2538643Z ##[group]Getting Git version info
2025-10-09T18:27:46.2539458Z Working directory is '/home/runner/work/click/click'
2025-10-09T18:27:46.2540443Z [command]/usr/bin/git version
2025-10-09T18:27:46.3691298Z git version 2.51.0
2025-10-09T18:27:46.3718307Z ##[endgroup]
2025-10-09T18:27:46.3733388Z Temporarily overriding HOME='/home/runner/work/_temp/fd23b0f5-7893-4a2c-b022-1533bddb25a8' before making global git config changes
2025-10-09T18:27:46.3735925Z Adding repository directory to the temporary git global config as a safe directory
2025-10-09T18:27:46.3738195Z [command]/usr/bin/git config --global --add safe.directory /home/runner/work/click/click
2025-10-09T18:27:46.3822036Z Deleting the contents of '/home/runner/work/click/click'
2025-10-09T18:27:46.3825598Z ##[group]Initializing the repository
2025-10-09T18:27:46.3829533Z [command]/usr/bin/git init /home/runner/work/click/click
2025-10-09T18:27:46.4900627Z hint: Using 'master' as the name for the initial branch. This default branch name
2025-10-09T18:27:46.4903123Z hint: is subject to change. To configure the initial branch name to use in all
2025-10-09T18:27:46.4904982Z hint: of your new repositories, which will suppress this warning, call:
2025-10-09T18:27:46.4906045Z hint:
2025-10-09T18:27:46.4907000Z hint: 	git config --global init.defaultBranch <name>
2025-10-09T18:27:46.4907918Z hint:
2025-10-09T18:27:46.4908761Z hint: Names commonly chosen instead of 'master' are 'main', 'trunk' and
2025-10-09T18:27:46.4910184Z hint: 'development'. The just-created branch can be renamed via this command:
2025-10-09T18:27:46.4911305Z hint:
2025-10-09T18:27:46.4911884Z hint: 	git branch -m <name>
2025-10-09T18:27:46.4912566Z hint:
2025-10-09T18:27:46.4913490Z hint: Disable this message with "git config set advice.defaultBranchName false"
2025-10-09T18:27:46.4954002Z Initialized empty Git repository in /home/runner/work/click/click/.git/
2025-10-09T18:27:46.4965617Z [command]/usr/bin/git remote add origin https://github.com/pallets/click
2025-10-09T18:27:46.5099125Z ##[endgroup]
2025-10-09T18:27:46.5100096Z ##[group]Disabling automatic garbage collection
2025-10-09T18:27:46.5103296Z [command]/usr/bin/git config --local gc.auto 0
2025-10-09T18:27:46.5132713Z ##[endgroup]
2025-10-09T18:27:46.5133458Z ##[group]Setting up auth
2025-10-09T18:27:46.5139954Z [command]/usr/bin/git config --local --name-only --get-regexp core\.sshCommand
2025-10-09T18:27:46.5170504Z [command]/usr/bin/git submodule foreach --recursive sh -c "git config --local --name-only --get-regexp 'core\.sshCommand' && git config --local --unset-all 'core.sshCommand' || :"
2025-10-09T18:27:46.6963326Z [command]/usr/bin/git config --local --name-only --get-regexp http\.https\:\/\/github\.com\/\.extraheader
2025-10-09T18:27:46.6994976Z [command]/usr/bin/git submodule foreach --recursive sh -c "git config --local --name-only --get-regexp 'http\.https\:\/\/github\.com\/\.extraheader' && git config --local --unset-all 'http.https://github.com/.extraheader' || :"
2025-10-09T18:27:46.7211283Z [command]/usr/bin/git config --local http.https://github.com/.extraheader AUTHORIZATION: basic ***
2025-10-09T18:27:46.7246481Z ##[endgroup]
2025-10-09T18:27:46.7248462Z ##[group]Fetching the repository
2025-10-09T18:27:46.7254894Z [command]/usr/bin/git -c protocol.version=2 fetch --no-tags --prune --no-recurse-submodules --depth=1 origin +d7324104397c3b9fa322d4fa9a9758a31b8134eb:refs/remotes/pull/3104/merge
2025-10-09T18:27:47.1157704Z From https://github.com/pallets/click
2025-10-09T18:27:47.1160278Z  * [new ref]         d7324104397c3b9fa322d4fa9a9758a31b8134eb -> pull/3104/merge
2025-10-09T18:27:47.1237537Z ##[endgroup]
2025-10-09T18:27:47.1239343Z ##[group]Determining the checkout info
2025-10-09T18:27:47.1241172Z ##[endgroup]
2025-10-09T18:27:47.1243841Z [command]/usr/bin/git sparse-checkout disable
2025-10-09T18:27:47.1330301Z [command]/usr/bin/git config --local --unset-all extensions.worktreeConfig
2025-10-09T18:27:47.1358425Z ##[group]Checking out the ref
2025-10-09T18:27:47.1360749Z [command]/usr/bin/git checkout --progress --force refs/remotes/pull/3104/merge
2025-10-09T18:27:47.1624002Z Note: switching to 'refs/remotes/pull/3104/merge'.
2025-10-09T18:27:47.1625562Z 
2025-10-09T18:27:47.1627392Z You are in 'detached HEAD' state. You can look around, make experimental
2025-10-09T18:27:47.1631791Z changes and commit them, and you can discard any commits you make in this
2025-10-09T18:27:47.1636464Z state without impacting any branches by switching back to a branch.
2025-10-09T18:27:47.1639036Z 
2025-10-09T18:27:47.1640276Z If you want to create a new branch to retain commits you create, you may
2025-10-09T18:27:47.1643088Z do so (now or later) by using -c with the switch command. Example:
2025-10-09T18:27:47.1644262Z 
2025-10-09T18:27:47.1644747Z   git switch -c <new-branch-name>
2025-10-09T18:27:47.1645561Z 
2025-10-09T18:27:47.1646040Z Or undo this operation with:
2025-10-09T18:27:47.1647021Z 
2025-10-09T18:27:47.1647550Z   git switch -
2025-10-09T18:27:47.1648537Z 
2025-10-09T18:27:47.1650044Z Turn off this advice by setting config variable advice.detachedHead to false
2025-10-09T18:27:47.1651548Z 
2025-10-09T18:27:47.1653217Z HEAD is now at d732410 Merge d6cde51dde495fbf0d013fe400cbe3dd527a1570 into 8d4051e9e57be1bfb5421e3eb5a93b4b42077b0c
2025-10-09T18:27:47.1658136Z ##[endgroup]
2025-10-09T18:27:47.1669106Z [command]/usr/bin/git log -1 --format=%H
2025-10-09T18:27:47.1690605Z d7324104397c3b9fa322d4fa9a9758a31b8134eb
2025-10-09T18:27:47.2017832Z ##[group]Run astral-sh/setup-uv@f0ec1fc3b38f5e7cd731bb6ce540c5af426746bb
2025-10-09T18:27:47.2019475Z with:
2025-10-09T18:27:47.2020322Z   enable-cache: true
2025-10-09T18:27:47.2021337Z   prune-cache: false
2025-10-09T18:27:47.2022365Z   activate-environment: false
2025-10-09T18:27:47.2023576Z   working-directory: /home/runner/work/click/click
2025-10-09T18:27:47.2025001Z   server-url: https://github.com
2025-10-09T18:27:47.2026686Z   github-token: ***
2025-10-09T18:27:47.2028834Z   cache-dependency-glob: **/*requirements*.txt
**/*requirements*.in
**/*constraints*.txt
**/*constraints*.in
**/pyproject.toml
**/uv.lock

2025-10-09T18:27:47.2031326Z   ignore-nothing-to-cache: false
2025-10-09T18:27:47.2032656Z   ignore-empty-workdir: false
2025-10-09T18:27:47.2033698Z ##[endgroup]
2025-10-09T18:27:47.4278572Z Trying to find required-version for uv in: /home/runner/work/click/click/uv.toml
2025-10-09T18:27:47.4281185Z Could not find file: /home/runner/work/click/click/uv.toml
2025-10-09T18:27:47.4283375Z Trying to find required-version for uv in: /home/runner/work/click/click/pyproject.toml
2025-10-09T18:27:47.4305174Z Could not determine uv version from uv.toml or pyproject.toml. Falling back to latest.
2025-10-09T18:27:47.6660336Z Downloading uv from "https://github.com/astral-sh/uv/releases/download/0.9.0/uv-x86_64-unknown-linux-gnu.tar.gz" ...
2025-10-09T18:27:47.9969517Z [command]/usr/bin/tar xz --warning=no-unknown-keyword --overwrite -C /home/runner/work/_temp/2c4f037e-ba78-406a-acd2-97ed1b444059 -f /home/runner/work/_temp/566d88ac-4fdc-4056-ae60-2472b1babf99
2025-10-09T18:27:48.4306075Z Added /home/runner/.local/bin to the path
2025-10-09T18:27:48.4309237Z Added /opt/hostedtoolcache/uv/0.9.0/x86_64 to the path
2025-10-09T18:27:48.4333141Z Set UV_CACHE_DIR to /home/runner/work/_temp/setup-uv-cache
2025-10-09T18:27:48.4334778Z Successfully installed uv version 0.9.0
2025-10-09T18:27:48.4337701Z Searching files using cache dependency glob: **/*requirements*.txt,**/*requirements*.in,**/*constraints*.txt,**/*constraints*.in,**/pyproject.toml,**/uv.lock
2025-10-09T18:27:48.4520929Z /home/runner/work/click/click/examples/aliases/pyproject.toml
2025-10-09T18:27:48.4543354Z /home/runner/work/click/click/examples/colors/pyproject.toml
2025-10-09T18:27:48.4556123Z /home/runner/work/click/click/examples/completion/pyproject.toml
2025-10-09T18:27:48.4579041Z /home/runner/work/click/click/examples/complex/pyproject.toml
2025-10-09T18:27:48.4594786Z /home/runner/work/click/click/examples/imagepipe/pyproject.toml
2025-10-09T18:27:48.4607679Z /home/runner/work/click/click/examples/inout/pyproject.toml
2025-10-09T18:27:48.4618002Z /home/runner/work/click/click/examples/naval/pyproject.toml
2025-10-09T18:27:48.4628932Z /home/runner/work/click/click/examples/repo/pyproject.toml
2025-10-09T18:27:48.4640330Z /home/runner/work/click/click/examples/termui/pyproject.toml
2025-10-09T18:27:48.4652387Z /home/runner/work/click/click/examples/validation/pyproject.toml
2025-10-09T18:27:48.4659630Z /home/runner/work/click/click/pyproject.toml
2025-10-09T18:27:48.4714624Z /home/runner/work/click/click/uv.lock
2025-10-09T18:27:48.4724769Z Found 12 files to hash.
2025-10-09T18:27:48.5391010Z Trying to restore uv cache from GitHub Actions cache with key: setup-uv-1-x86_64-unknown-linux-gnu-3.12.3-0845c38914a45faad973e347ba188723ca0ec661d213ae18fb392ad1954a121f
2025-10-09T18:27:48.6544326Z Cache hit for: setup-uv-1-x86_64-unknown-linux-gnu-3.12.3-0845c38914a45faad973e347ba188723ca0ec661d213ae18fb392ad1954a121f
2025-10-09T18:27:49.0141128Z Received 52706502 of 52706502 (100.0%), 155.6 MBs/sec
2025-10-09T18:27:49.0141920Z Cache Size: ~50 MB (52706502 B)
2025-10-09T18:27:49.0172205Z [command]/usr/bin/tar -xf /home/runner/work/_temp/beacb750-19fe-49e4-9a8a-87941d7efcb6/cache.tzst -P -C /home/runner/work/click/click --use-compress-program unzstd
2025-10-09T18:27:49.5358686Z Cache restored successfully
2025-10-09T18:27:49.5466774Z uv cache restored from GitHub Actions cache with key: setup-uv-1-x86_64-unknown-linux-gnu-3.12.3-0845c38914a45faad973e347ba188723ca0ec661d213ae18fb392ad1954a121f
2025-10-09T18:27:49.5667577Z ##[group]Run actions/setup-python@a26af69be951a213d495a4c3e4e4022e16d87065
2025-10-09T18:27:49.5667963Z with:
2025-10-09T18:27:49.5668157Z   python-version: 3.11
2025-10-09T18:27:49.5668369Z   check-latest: false
2025-10-09T18:27:49.5668711Z   token: ***
2025-10-09T18:27:49.5668909Z   update-environment: true
2025-10-09T18:27:49.5669146Z   allow-prereleases: false
2025-10-09T18:27:49.5669362Z   freethreaded: false
2025-10-09T18:27:49.5669550Z env:
2025-10-09T18:27:49.5669772Z   UV_CACHE_DIR: /home/runner/work/_temp/setup-uv-cache
2025-10-09T18:27:49.5670066Z ##[endgroup]
2025-10-09T18:27:49.7274528Z ##[group]Installed versions
2025-10-09T18:27:49.8105507Z Successfully set up CPython (3.11.13)
2025-10-09T18:27:49.8106847Z ##[endgroup]
2025-10-09T18:27:49.8214966Z ##[group]Run uv run --locked tox run -e py3.11
2025-10-09T18:27:49.8215348Z [36;1muv run --locked tox run -e py3.11[0m
2025-10-09T18:27:49.8405994Z shell: /usr/bin/bash -e {0}
2025-10-09T18:27:49.8406266Z env:
2025-10-09T18:27:49.8406684Z   UV_CACHE_DIR: /home/runner/work/_temp/setup-uv-cache
2025-10-09T18:27:49.8407113Z   pythonLocation: /opt/hostedtoolcache/Python/3.11.13/x64
2025-10-09T18:27:49.8407585Z   PKG_CONFIG_PATH: /opt/hostedtoolcache/Python/3.11.13/x64/lib/pkgconfig
2025-10-09T18:27:49.8408028Z   Python_ROOT_DIR: /opt/hostedtoolcache/Python/3.11.13/x64
2025-10-09T18:27:49.8408429Z   Python2_ROOT_DIR: /opt/hostedtoolcache/Python/3.11.13/x64
2025-10-09T18:27:49.8408843Z   Python3_ROOT_DIR: /opt/hostedtoolcache/Python/3.11.13/x64
2025-10-09T18:27:49.8409268Z   LD_LIBRARY_PATH: /opt/hostedtoolcache/Python/3.11.13/x64/lib
2025-10-09T18:27:49.8409595Z ##[endgroup]
2025-10-09T18:27:50.5461552Z Using CPython 3.11.13 interpreter at: /opt/hostedtoolcache/Python/3.11.13/x64/bin/python3
2025-10-09T18:27:50.5462412Z Creating virtual environment at: .venv
2025-10-09T18:27:50.5529355Z    Building click @ file:///home/runner/work/click/click
2025-10-09T18:27:50.5858401Z Downloading mypy (12.0MiB)
2025-10-09T18:27:50.8714849Z  Downloading mypy
2025-10-09T18:27:51.3623312Z       Built click @ file:///home/runner/work/click/click
2025-10-09T18:27:51.4745682Z Installed 29 packages in 111ms
2025-10-09T18:27:52.5681375Z py3.11: venv> .venv/bin/uv venv -p /home/runner/work/click/click/.venv/bin/python --allow-existing --python-preference system /home/runner/work/click/click/.tox/py3.11
2025-10-09T18:27:52.6194646Z py3.11: uv-sync> uv sync --locked --python-preference system --no-default-groups --no-editable --reinstall-package click --group tests -p /home/runner/work/click/click/.venv/bin/python
2025-10-09T18:27:52.8886153Z py3.11: freeze> .venv/bin/uv --color never pip freeze
2025-10-09T18:27:52.8970676Z py3.11: click @ file:///home/runner/work/click/click,iniconfig==2.1.0,packaging==25.0,pluggy==1.6.0,pygments==2.19.1,pytest==8.4.0
2025-10-09T18:27:52.8976819Z py3.11: commands[0]> pytest -v --tb=short --basetemp=/home/runner/work/click/click/.tox/py3.11/tmp
2025-10-09T18:27:53.6998697Z ============================= test session starts ==============================
2025-10-09T18:27:53.6999707Z platform linux -- Python 3.11.13, pytest-8.4.0, pluggy-1.6.0 -- /home/runner/work/click/click/.tox/py3.11/bin/python3
2025-10-09T18:27:53.7000594Z cachedir: .tox/py3.11/.pytest_cache
2025-10-09T18:27:53.7001089Z rootdir: /home/runner/work/click/click
2025-10-09T18:27:53.7001564Z configfile: pyproject.toml
2025-10-09T18:27:53.7002128Z testpaths: tests
2025-10-09T18:27:54.5221886Z collecting ... collected 1337 items
2025-10-09T18:27:54.5222294Z 
2025-10-09T18:27:54.5238657Z tests/test_arguments.py::test_nargs_star PASSED                          [  0%]
2025-10-09T18:27:54.5250427Z tests/test_arguments.py::test_nargs_tup PASSED                           [  0%]
2025-10-09T18:27:54.5268072Z tests/test_arguments.py::test_nargs_tup_composite[opts0] PASSED          [  0%]
2025-10-09T18:27:54.5281511Z tests/test_arguments.py::test_nargs_tup_composite[opts1] PASSED          [  0%]
2025-10-09T18:27:54.5293183Z tests/test_arguments.py::test_nargs_tup_composite[opts2] PASSED          [  0%]
2025-10-09T18:27:54.5304358Z tests/test_arguments.py::test_nargs_tup_composite[opts3] PASSED          [  0%]
2025-10-09T18:27:54.5313212Z tests/test_arguments.py::test_nargs_mismatch_with_tuple_type PASSED      [  0%]
2025-10-09T18:27:54.5336366Z tests/test_arguments.py::test_nargs_err PASSED                           [  0%]
2025-10-09T18:27:54.5349395Z tests/test_arguments.py::test_bytes_args PASSED                          [  0%]
2025-10-09T18:27:54.5366736Z tests/test_arguments.py::test_file_args PASSED                           [  0%]
2025-10-09T18:27:54.5378411Z tests/test_arguments.py::test_path_allow_dash PASSED                     [  0%]
2025-10-09T18:27:54.5395207Z tests/test_arguments.py::test_file_atomics PASSED                        [  0%]
2025-10-09T18:27:54.5404656Z tests/test_arguments.py::test_stdout_default PASSED                      [  0%]
2025-10-09T18:27:54.5415607Z tests/test_arguments.py::test_nargs_envvar[2--None] PASSED               [  1%]
2025-10-09T18:27:54.5427887Z tests/test_arguments.py::test_nargs_envvar[2-a-Takes 2 values but 1 was given.] PASSED [  1%]
2025-10-09T18:27:54.5440353Z tests/test_arguments.py::test_nargs_envvar[2-a b-expect2] PASSED         [  1%]
2025-10-09T18:27:54.5452270Z tests/test_arguments.py::test_nargs_envvar[2-a b c-Takes 2 values but 3 were given.] PASSED [  1%]
2025-10-09T18:27:54.5462910Z tests/test_arguments.py::test_nargs_envvar[-1-a b c-expect4] PASSED      [  1%]
2025-10-09T18:27:54.5473417Z tests/test_arguments.py::test_nargs_envvar[-1--expect5] PASSED           [  1%]
2025-10-09T18:27:54.5484328Z tests/test_arguments.py::test_nargs_envvar_only_if_values_empty PASSED   [  1%]
2025-10-09T18:27:54.5498713Z tests/test_arguments.py::test_empty_nargs PASSED                         [  1%]
2025-10-09T18:27:54.5510479Z tests/test_arguments.py::test_missing_arg PASSED                         [  1%]
2025-10-09T18:27:54.5518686Z tests/test_arguments.py::test_required_argument[-False-] PASSED          [  1%]
2025-10-09T18:27:54.5526450Z tests/test_arguments.py::test_required_argument[  -False-  ] PASSED      [  1%]
2025-10-09T18:27:54.5534728Z tests/test_arguments.py::test_required_argument[foo-False-foo] PASSED    [  1%]
2025-10-09T18:27:54.5542967Z tests/test_arguments.py::test_required_argument[12-False-12_0] PASSED    [  1%]
2025-10-09T18:27:54.5550432Z tests/test_arguments.py::test_required_argument[12-False-12_1] PASSED    [  2%]
2025-10-09T18:27:54.5558551Z tests/test_arguments.py::test_required_argument[12.1-False-12.1] PASSED  [  2%]
2025-10-09T18:27:54.5566058Z tests/test_arguments.py::test_required_argument[value6-False-[]] PASSED  [  2%]
2025-10-09T18:27:54.5574061Z tests/test_arguments.py::test_required_argument[value7-False-()] PASSED  [  2%]
2025-10-09T18:27:54.5582126Z tests/test_arguments.py::test_required_argument[value8-False-set()] PASSED [  2%]
2025-10-09T18:27:54.5590000Z tests/test_arguments.py::test_required_argument[value9-False-frozenset()] PASSED [  2%]
2025-10-09T18:27:54.5597635Z tests/test_arguments.py::test_required_argument[value10-False-{}] PASSED [  2%]
2025-10-09T18:27:54.5605151Z tests/test_arguments.py::test_required_argument[None-False-None] PASSED  [  2%]
2025-10-09T18:27:54.5619001Z tests/test_arguments.py::test_required_argument[Sentinel.UNSET-True-None] PASSED [  2%]
2025-10-09T18:27:54.5628896Z tests/test_arguments.py::test_implicit_non_required PASSED               [  2%]
2025-10-09T18:27:54.5640439Z tests/test_arguments.py::test_deprecated_usage PASSED                    [  2%]
2025-10-09T18:27:54.5652612Z tests/test_arguments.py::test_deprecated_warning[True] PASSED            [  2%]
2025-10-09T18:27:54.5664829Z tests/test_arguments.py::test_deprecated_warning[USE B INSTEAD] PASSED   [  2%]
2025-10-09T18:27:54.5673727Z tests/test_arguments.py::test_deprecated_required PASSED                 [  2%]
2025-10-09T18:27:54.5688134Z tests/test_arguments.py::test_eat_options PASSED                         [  3%]
2025-10-09T18:27:54.5698309Z tests/test_arguments.py::test_nargs_star_ordering PASSED                 [  3%]
2025-10-09T18:27:54.5708584Z tests/test_arguments.py::test_nargs_specified_plus_star_ordering PASSED  [  3%]
2025-10-09T18:27:54.5719402Z tests/test_arguments.py::test_good_defaults_for_nargs[argument_params0-args0-expected0] PASSED [  3%]
2025-10-09T18:27:54.5730293Z tests/test_arguments.py::test_good_defaults_for_nargs[argument_params1-args1-expected1] PASSED [  3%]
2025-10-09T18:27:54.5741846Z tests/test_arguments.py::test_good_defaults_for_nargs[argument_params2-args2-expected2] PASSED [  3%]
2025-10-09T18:27:54.5754824Z tests/test_arguments.py::test_good_defaults_for_nargs[argument_params3-args3-expected3] PASSED [  3%]
2025-10-09T18:27:54.5765823Z tests/test_arguments.py::test_good_defaults_for_nargs[argument_params4-args4-expected4] PASSED [  3%]
2025-10-09T18:27:54.5776454Z tests/test_arguments.py::test_good_defaults_for_nargs[argument_params5-args5-expected5] PASSED [  3%]
2025-10-09T18:27:54.5787592Z tests/test_arguments.py::test_good_defaults_for_nargs[argument_params6-args6-expected6] PASSED [  3%]
2025-10-09T18:27:54.5798187Z tests/test_arguments.py::test_good_defaults_for_nargs[argument_params7-args7-expected7] PASSED [  3%]
2025-10-09T18:27:54.5812262Z tests/test_arguments.py::test_good_defaults_for_nargs[argument_params8-args8-None] PASSED [  3%]
2025-10-09T18:27:54.5822407Z tests/test_arguments.py::test_good_defaults_for_nargs[argument_params9-args9-expected9] PASSED [  3%]
2025-10-09T18:27:54.5835608Z tests/test_arguments.py::test_good_defaults_for_nargs[argument_params10-args10-expected10] PASSED [  4%]
2025-10-09T18:27:54.5846755Z tests/test_arguments.py::test_good_defaults_for_nargs[argument_params11-args11-expected11] PASSED [  4%]
2025-10-09T18:27:54.5857859Z tests/test_arguments.py::test_good_defaults_for_nargs[argument_params12-args12-expected12] PASSED [  4%]
2025-10-09T18:27:54.5873021Z tests/test_arguments.py::test_bad_defaults_for_nargs[Yo-Error: Invalid value for '[A]...': Value must be an iterable.] PASSED [  4%]
2025-10-09T18:27:54.5885795Z tests/test_arguments.py::test_bad_defaults_for_nargs[-Error: Invalid value for '[A]...': Value must be an iterable.] PASSED [  4%]
2025-10-09T18:27:54.5900169Z tests/test_arguments.py::test_bad_defaults_for_nargs[True-Error: Invalid value for '[A]...': Value must be an iterable.] PASSED [  4%]
2025-10-09T18:27:54.5915919Z tests/test_arguments.py::test_bad_defaults_for_nargs[False-Error: Invalid value for '[A]...': Value must be an iterable.] PASSED [  4%]
2025-10-09T18:27:54.5930934Z tests/test_arguments.py::test_bad_defaults_for_nargs[12-Error: Invalid value for '[A]...': Value must be an iterable.] PASSED [  4%]
2025-10-09T18:27:54.5944826Z tests/test_arguments.py::test_bad_defaults_for_nargs[7.9-Error: Invalid value for '[A]...': Value must be an iterable.] PASSED [  4%]
2025-10-09T18:27:54.5959383Z tests/test_arguments.py::test_bad_defaults_for_nargs[default6-Error: Invalid value for '[A]...': Takes 2 values but 0 were given.] PASSED [  4%]
2025-10-09T18:27:54.5972086Z tests/test_arguments.py::test_bad_defaults_for_nargs[Sentinel.UNSET-Error: Missing argument 'A...'.] PASSED [  4%]
2025-10-09T18:27:54.5987668Z tests/test_arguments.py::test_bad_defaults_for_nargs[default8-Error: Invalid value for '[A]...': Takes 2 values but 0 were given.] PASSED [  4%]
2025-10-09T18:27:54.6000325Z tests/test_arguments.py::test_bad_defaults_for_nargs[default9-Error: Invalid value for '[A]...': Takes 2 values but 1 was given.] PASSED [  4%]
2025-10-09T18:27:54.6013460Z tests/test_arguments.py::test_bad_defaults_for_nargs[default10-Error: Invalid value for '[A]...': Takes 2 values but 3 were given.] PASSED [  5%]
2025-10-09T18:27:54.6026007Z tests/test_arguments.py::test_bad_defaults_for_nargs[default11-Error: Invalid value for '[A]...': Takes 2 values but 0 were given.] PASSED [  5%]
2025-10-09T18:27:54.6038686Z tests/test_arguments.py::test_bad_defaults_for_nargs[default12-Error: Invalid value for '[A]...': Takes 2 values but 1 was given.] PASSED [  5%]
2025-10-09T18:27:54.6051335Z tests/test_arguments.py::test_bad_defaults_for_nargs[default13-Error: Invalid value for '[A]...': Takes 2 values but 3 were given.] PASSED [  5%]
2025-10-09T18:27:54.6065693Z tests/test_arguments.py::test_bad_defaults_for_nargs[default14-Error: Invalid value for '[A]...': Takes 2 values but 0 were given.] PASSED [  5%]
2025-10-09T18:27:54.6078619Z tests/test_arguments.py::test_bad_defaults_for_nargs[default15-Error: Invalid value for '[A]...': Takes 2 values but 1 was given.] PASSED [  5%]
2025-10-09T18:27:54.6090931Z tests/test_arguments.py::test_bad_defaults_for_nargs[default16-Error: Invalid value for '[A]...': Takes 2 values but 3 were given.] PASSED [  5%]
2025-10-09T18:27:54.6103925Z tests/test_arguments.py::test_bad_defaults_for_nargs[default17-Error: Invalid value for '[A]...': Takes 2 values but 0 were given.] PASSED [  5%]
2025-10-09T18:27:54.6116264Z tests/test_arguments.py::test_bad_defaults_for_nargs[default18-Error: Invalid value for '[A]...': Takes 2 values but 1 was given.] PASSED [  5%]
2025-10-09T18:27:54.6130895Z tests/test_arguments.py::test_bad_defaults_for_nargs[default19-Error: Invalid value for '[A]...': Takes 2 values but 3 were given.] PASSED [  5%]
2025-10-09T18:27:54.6143587Z tests/test_arguments.py::test_bad_defaults_for_nargs[default20-Error: Invalid value for '[A]...': Takes 2 values but 0 were given.] PASSED [  5%]
2025-10-09T18:27:54.6155993Z tests/test_arguments.py::test_bad_defaults_for_nargs[default21-Error: Invalid value for '[A]...': Takes 2 values but 1 was given.] PASSED [  5%]
2025-10-09T18:27:54.6168594Z tests/test_arguments.py::test_bad_defaults_for_nargs[default22-Error: Invalid value for '[A]...': Takes 2 values but 3 were given.] PASSED [  5%]
2025-10-09T18:27:54.6175609Z tests/test_arguments.py::test_multiple_param_decls_not_allowed PASSED    [  5%]
2025-10-09T18:27:54.6183164Z tests/test_arguments.py::test_multiple_not_allowed PASSED                [  6%]
2025-10-09T18:27:54.6196768Z tests/test_arguments.py::test_subcommand_help PASSED                     [  6%]
2025-10-09T18:27:54.6213381Z tests/test_arguments.py::test_nested_subcommand_help PASSED              [  6%]
2025-10-09T18:27:54.6221314Z tests/test_arguments.py::test_when_argument_decorator_is_used_multiple_times_cls_is_preserved PASSED [  6%]
2025-10-09T18:27:54.6234761Z tests/test_arguments.py::test_duplicate_names_warning[args_one0-args_two0] PASSED [  6%]
2025-10-09T18:27:54.6245755Z tests/test_arguments.py::test_argument_custom_class_can_override_type_cast_value_and_never_sees_unset[argument_kwargs0-pass_argv0] PASSED [  6%]
2025-10-09T18:27:54.6256200Z tests/test_arguments.py::test_argument_custom_class_can_override_type_cast_value_and_never_sees_unset[argument_kwargs1-pass_argv1] PASSED [  6%]
2025-10-09T18:27:54.6267646Z tests/test_arguments.py::test_argument_custom_class_can_override_type_cast_value_and_never_sees_unset[argument_kwargs2-pass_argv2] PASSED [  6%]
2025-10-09T18:27:54.6278244Z tests/test_arguments.py::test_argument_custom_class_can_override_type_cast_value_and_never_sees_unset[argument_kwargs3-pass_argv3] PASSED [  6%]
2025-10-09T18:27:54.6290862Z tests/test_arguments.py::test_argument_custom_class_can_override_type_cast_value_and_never_sees_unset[argument_kwargs4-pass_argv4] PASSED [  6%]
2025-10-09T18:27:54.6301457Z tests/test_arguments.py::test_argument_custom_class_can_override_type_cast_value_and_never_sees_unset[argument_kwargs5-pass_argv5] PASSED [  6%]
2025-10-09T18:27:54.6315055Z tests/test_basic.py::test_basic_functionality PASSED                     [  6%]
2025-10-09T18:27:54.6322351Z tests/test_basic.py::test_repr PASSED                                    [  6%]
2025-10-09T18:27:54.6330884Z tests/test_basic.py::test_return_values PASSED                           [  7%]
2025-10-09T18:27:54.6346153Z tests/test_basic.py::test_basic_group PASSED                             [  7%]
2025-10-09T18:27:54.6357794Z tests/test_basic.py::test_group_commands_dict PASSED                     [  7%]
2025-10-09T18:27:54.6370125Z tests/test_basic.py::test_group_from_list PASSED                         [  7%]
2025-10-09T18:27:54.6380988Z tests/test_basic.py::test_string_option[args0-S:[no value]] PASSED       [  7%]
2025-10-09T18:27:54.6391803Z tests/test_basic.py::test_string_option[args1-S:[42]] PASSED             [  7%]
2025-10-09T18:27:54.6403067Z tests/test_basic.py::test_string_option[args2-Error: Option '--s' requires an argument.] PASSED [  7%]
2025-10-09T18:27:54.6413502Z tests/test_basic.py::test_string_option[args3-S:[]] PASSED               [  7%]
2025-10-09T18:27:54.6424444Z tests/test_basic.py::test_string_option[args4-S:[\u2603]] PASSED         [  7%]
2025-10-09T18:27:54.6437168Z tests/test_basic.py::test_int_option[args0-I:[84]] PASSED                [  7%]
2025-10-09T18:27:54.6447635Z tests/test_basic.py::test_int_option[args1-I:[46]] PASSED                [  7%]
2025-10-09T18:27:54.6461170Z tests/test_basic.py::test_int_option[args2-Error: Invalid value for '--i': 'x' is not a valid integer.] PASSED [  7%]
2025-10-09T18:27:54.6472301Z tests/test_basic.py::test_uuid_option[args0-U:[ba122011-349f-423b-873b-9d6a79c688ab]] PASSED [  7%]
2025-10-09T18:27:54.6482863Z tests/test_basic.py::test_uuid_option[args1-U:[821592c1-c50e-4971-9cd6-e89dc6832f86]] PASSED [  8%]
2025-10-09T18:27:54.6495836Z tests/test_basic.py::test_uuid_option[args2-Error: Invalid value for '--u': 'x' is not a valid UUID.] PASSED [  8%]
2025-10-09T18:27:54.6509878Z tests/test_basic.py::test_float_option[args0-F:[42.0]] PASSED            [  8%]
2025-10-09T18:27:54.6521154Z tests/test_basic.py::test_float_option[--f=23.5-F:[23.5]] PASSED         [  8%]
2025-10-09T18:27:54.6534375Z tests/test_basic.py::test_float_option[--f=x-Error: Invalid value for '--f': 'x' is not a valid float.] PASSED [  8%]
2025-10-09T18:27:54.6544892Z tests/test_basic.py::test_boolean_switch[args0-True-True] PASSED         [  8%]
2025-10-09T18:27:54.6555871Z tests/test_basic.py::test_boolean_switch[args1-False-True] PASSED        [  8%]
2025-10-09T18:27:54.6566232Z tests/test_basic.py::test_boolean_switch[args2-None-True] PASSED         [  8%]
2025-10-09T18:27:54.6577043Z tests/test_basic.py::test_boolean_switch[args3-Sentinel.UNSET-True] PASSED [  8%]
2025-10-09T18:27:54.6587086Z tests/test_basic.py::test_boolean_switch[args4-True-False] PASSED        [  8%]
2025-10-09T18:27:54.6597285Z tests/test_basic.py::test_boolean_switch[args5-False-False] PASSED       [  8%]
2025-10-09T18:27:54.6607643Z tests/test_basic.py::test_boolean_switch[args6-None-False] PASSED        [  8%]
2025-10-09T18:27:54.6618262Z tests/test_basic.py::test_boolean_switch[args7-Sentinel.UNSET-False] PASSED [  8%]
2025-10-09T18:27:54.6628503Z tests/test_basic.py::test_boolean_switch[args8-True-True] PASSED         [  8%]
2025-10-09T18:27:54.6639113Z tests/test_basic.py::test_boolean_switch[args9-False-False] PASSED       [  9%]
2025-10-09T18:27:54.6649334Z tests/test_basic.py::test_boolean_switch[args10-None-None] PASSED        [  9%]
2025-10-09T18:27:54.6659825Z tests/test_basic.py::test_boolean_switch[args11-Sentinel.UNSET-False] PASSED [  9%]
2025-10-09T18:27:54.6670515Z tests/test_basic.py::test_boolean_flag[True-args0-True] PASSED           [  9%]
2025-10-09T18:27:54.6681176Z tests/test_basic.py::test_boolean_flag[True-args1-True] PASSED           [  9%]
2025-10-09T18:27:54.6691603Z tests/test_basic.py::test_boolean_flag[False-args2-True] PASSED          [  9%]
2025-10-09T18:27:54.6701932Z tests/test_basic.py::test_boolean_flag[False-args3-False] PASSED         [  9%]
2025-10-09T18:27:54.6712341Z tests/test_basic.py::test_boolean_flag[None-args4-True] PASSED           [  9%]
2025-10-09T18:27:54.6722805Z tests/test_basic.py::test_boolean_flag[None-args5-None] PASSED           [  9%]
2025-10-09T18:27:54.6735089Z tests/test_basic.py::test_boolean_conversion[1-True] PASSED              [  9%]
2025-10-09T18:27:54.6748904Z tests/test_basic.py::test_boolean_conversion[true-True] PASSED           [  9%]
2025-10-09T18:27:54.6761617Z tests/test_basic.py::test_boolean_conversion[t-True] PASSED              [  9%]
2025-10-09T18:27:54.6773393Z tests/test_basic.py::test_boolean_conversion[yes-True] PASSED            [  9%]
2025-10-09T18:27:54.6785244Z tests/test_basic.py::test_boolean_conversion[y-True] PASSED              [ 10%]
2025-10-09T18:27:54.6797246Z tests/test_basic.py::test_boolean_conversion[on-True] PASSED             [ 10%]
2025-10-09T18:27:54.6810707Z tests/test_basic.py::test_boolean_conversion[0-False] PASSED             [ 10%]
2025-10-09T18:27:54.6822476Z tests/test_basic.py::test_boolean_conversion[false-False] PASSED         [ 10%]
2025-10-09T18:27:54.6834334Z tests/test_basic.py::test_boolean_conversion[f-False] PASSED             [ 10%]
2025-10-09T18:27:54.6845995Z tests/test_basic.py::test_boolean_conversion[no-False] PASSED            [ 10%]
2025-10-09T18:27:54.6857642Z tests/test_basic.py::test_boolean_conversion[n-False] PASSED             [ 10%]
2025-10-09T18:27:54.6871299Z tests/test_basic.py::test_boolean_conversion[off-False] PASSED           [ 10%]
2025-10-09T18:27:54.6881898Z tests/test_basic.py::test_flag_value_dual_options[True-args0-upper] PASSED [ 10%]
2025-10-09T18:27:54.6892775Z tests/test_basic.py::test_flag_value_dual_options[True-args1-lower] PASSED [ 10%]
2025-10-09T18:27:54.6903635Z tests/test_basic.py::test_flag_value_dual_options[False-args2-upper] PASSED [ 10%]
2025-10-09T18:27:54.6914364Z tests/test_basic.py::test_flag_value_dual_options[False-args3-lower] PASSED [ 10%]
2025-10-09T18:27:54.6925095Z tests/test_basic.py::test_flag_value_dual_options[None-args4-upper] PASSED [ 10%]
2025-10-09T18:27:54.6937731Z tests/test_basic.py::test_flag_value_dual_options[None-args5-lower] PASSED [ 10%]
2025-10-09T18:27:54.6948650Z tests/test_basic.py::test_flag_value_dual_options[Sentinel.UNSET-args6-upper] PASSED [ 11%]
2025-10-09T18:27:54.6959445Z tests/test_basic.py::test_flag_value_dual_options[Sentinel.UNSET-args7-lower] PASSED [ 11%]
2025-10-09T18:27:54.6970682Z tests/test_basic.py::test_flag_value_dual_options[True-args8-lower] PASSED [ 11%]
2025-10-09T18:27:54.6981293Z tests/test_basic.py::test_flag_value_dual_options[True-args9-upper] PASSED [ 11%]
2025-10-09T18:27:54.6991938Z tests/test_basic.py::test_flag_value_dual_options[upper-args10-upper] PASSED [ 11%]
2025-10-09T18:27:54.7004347Z tests/test_basic.py::test_flag_value_dual_options[lower-args11-lower] PASSED [ 11%]
2025-10-09T18:27:54.7015297Z tests/test_basic.py::test_flag_value_dual_options[uPPer-args12-uPPer] PASSED [ 11%]
2025-10-09T18:27:54.7025952Z tests/test_basic.py::test_flag_value_dual_options[lOwEr-args13-lOwEr] PASSED [ 11%]
2025-10-09T18:27:54.7036995Z tests/test_basic.py::test_flag_value_dual_options[ \u1555( \u141b )\u1557 -args14- \u1555( \u141b )\u1557 ] PASSED [ 11%]
2025-10-09T18:27:54.7047204Z tests/test_basic.py::test_flag_value_dual_options[None-args15-None] PASSED [ 11%]
2025-10-09T18:27:54.7057856Z tests/test_basic.py::test_flag_value_dual_options[Sentinel.UNSET-args16-None] PASSED [ 11%]
2025-10-09T18:27:54.7070088Z tests/test_basic.py::test_flag_value_dual_options[True-args17-upper] PASSED [ 11%]
2025-10-09T18:27:54.7080875Z tests/test_basic.py::test_flag_value_dual_options[False-args18-False] PASSED [ 11%]
2025-10-09T18:27:54.7092000Z tests/test_basic.py::test_flag_value_dual_options[42-args19-42] PASSED   [ 12%]
2025-10-09T18:27:54.7102629Z tests/test_basic.py::test_flag_value_dual_options[12.3-args20-12.3] PASSED [ 12%]
2025-10-09T18:27:54.7118055Z tests/test_basic.py::test_file_option PASSED                             [ 12%]
2025-10-09T18:27:54.7145725Z tests/test_basic.py::test_file_lazy_mode PASSED                          [ 12%]
2025-10-09T18:27:54.7181001Z tests/test_basic.py::test_path_option PASSED                             [ 12%]
2025-10-09T18:27:54.7198135Z tests/test_basic.py::test_choice_option PASSED                           [ 12%]
2025-10-09T18:27:54.7217106Z tests/test_basic.py::test_choice_argument PASSED                         [ 12%]
2025-10-09T18:27:54.7239892Z tests/test_basic.py::test_choice_argument_enum PASSED                    [ 12%]
2025-10-09T18:27:54.7256951Z tests/test_basic.py::test_choice_argument_custom_type PASSED             [ 12%]
2025-10-09T18:27:54.7277338Z tests/test_basic.py::test_choice_argument_none PASSED                    [ 12%]
2025-10-09T18:27:54.7457322Z tests/test_basic.py::test_datetime_option_default PASSED                 [ 12%]
2025-10-09T18:27:54.7473470Z tests/test_basic.py::test_datetime_option_custom PASSED                  [ 12%]
2025-10-09T18:27:54.7485296Z tests/test_basic.py::test_required_option PASSED                         [ 12%]
2025-10-09T18:27:54.7495984Z tests/test_basic.py::test_evaluation_order PASSED                        [ 13%]
2025-10-09T18:27:54.7507380Z tests/test_basic.py::test_hidden_option PASSED                           [ 13%]
2025-10-09T18:27:54.7518800Z tests/test_basic.py::test_hidden_command PASSED                          [ 13%]
2025-10-09T18:27:54.7530198Z tests/test_basic.py::test_hidden_group PASSED                            [ 13%]
2025-10-09T18:27:54.7544056Z tests/test_basic.py::test_summary_line PASSED                            [ 13%]
2025-10-09T18:27:54.7556913Z tests/test_basic.py::test_help_invalid_default PASSED                    [ 13%]
2025-10-09T18:27:54.7569739Z tests/test_chain.py::test_basic_chaining PASSED                          [ 13%]
2025-10-09T18:27:54.7583193Z tests/test_chain.py::test_chaining_help[args0-COMMAND1 [ARGS]... [COMMAND2 [ARGS]...]...] PASSED [ 13%]
2025-10-09T18:27:54.7596111Z tests/test_chain.py::test_chaining_help[args1-ROOT HELP] PASSED          [ 13%]
2025-10-09T18:27:54.7613557Z tests/test_chain.py::test_chaining_help[args2-SDIST HELP] PASSED         [ 13%]
2025-10-09T18:27:54.7627002Z tests/test_chain.py::test_chaining_help[args3-BDIST HELP] PASSED         [ 13%]
2025-10-09T18:27:54.7641281Z tests/test_chain.py::test_chaining_help[args4-SDIST HELP] PASSED         [ 13%]
2025-10-09T18:27:54.7653841Z tests/test_chain.py::test_chaining_with_options PASSED                   [ 13%]
2025-10-09T18:27:54.7664260Z tests/test_chain.py::test_no_command_result_callback[False-1] PASSED     [ 13%]
2025-10-09T18:27:54.7674506Z tests/test_chain.py::test_no_command_result_callback[True-[]] PASSED     [ 14%]
2025-10-09T18:27:54.7689197Z tests/test_chain.py::test_chaining_with_arguments PASSED                 [ 14%]
2025-10-09T18:27:54.7701189Z tests/test_chain.py::test_pipeline[args0-foo\nbar-expect0] PASSED        [ 14%]
2025-10-09T18:27:54.7714296Z tests/test_chain.py::test_pipeline[args1-foo \n bar-expect1] PASSED      [ 14%]
2025-10-09T18:27:54.7728892Z tests/test_chain.py::test_pipeline[args2-foo \n bar-expect2] PASSED      [ 14%]
2025-10-09T18:27:54.7742074Z tests/test_chain.py::test_args_and_chain PASSED                          [ 14%]
2025-10-09T18:27:54.7755923Z tests/test_chain.py::test_group_arg_behavior PASSED                      [ 14%]
2025-10-09T18:27:54.8468361Z tests/test_chain.py::test_group_chaining XFAIL                           [ 14%]
2025-10-09T18:27:54.8478847Z tests/test_command_decorators.py::test_command_no_parens PASSED          [ 14%]
2025-10-09T18:27:54.8489179Z tests/test_command_decorators.py::test_custom_command_no_parens PASSED   [ 14%]
2025-10-09T18:27:54.8504651Z tests/test_command_decorators.py::test_group_no_parens PASSED            [ 14%]
2025-10-09T18:27:54.8514712Z tests/test_command_decorators.py::test_params_argument PASSED            [ 14%]
2025-10-09T18:27:54.8522391Z tests/test_command_decorators.py::test_generate_name[init_data] PASSED   [ 14%]
2025-10-09T18:27:54.8529653Z tests/test_command_decorators.py::test_generate_name[init_data_command] PASSED [ 15%]
2025-10-09T18:27:54.8536829Z tests/test_command_decorators.py::test_generate_name[init_data_cmd] PASSED [ 15%]
2025-10-09T18:27:54.8543824Z tests/test_command_decorators.py::test_generate_name[init_data_group] PASSED [ 15%]
2025-10-09T18:27:54.8551380Z tests/test_command_decorators.py::test_generate_name[init_data_grp] PASSED [ 15%]
2025-10-09T18:27:54.8561200Z tests/test_commands.py::test_other_command_invoke PASSED                 [ 15%]
2025-10-09T18:27:54.8574396Z tests/test_commands.py::test_other_command_forward PASSED                [ 15%]
2025-10-09T18:27:54.8587294Z tests/test_commands.py::test_forwarded_params_consistency PASSED         [ 15%]
2025-10-09T18:27:54.8602265Z tests/test_commands.py::test_auto_shorthelp PASSED                       [ 15%]
2025-10-09T18:27:54.8612864Z tests/test_commands.py::test_command_no_args_is_help PASSED              [ 15%]
2025-10-09T18:27:54.8624112Z tests/test_commands.py::test_default_maps PASSED                         [ 15%]
2025-10-09T18:27:54.8639251Z tests/test_commands.py::test_group_with_args[args0-2-Error: Missing command.] PASSED [ 15%]
2025-10-09T18:27:54.8652727Z tests/test_commands.py::test_group_with_args[args1-0-Show this message and exit.] PASSED [ 15%]
2025-10-09T18:27:54.8664774Z tests/test_commands.py::test_group_with_args[args2-0-obj=obj1\nmove\n] PASSED [ 15%]
2025-10-09T18:27:54.8677430Z tests/test_commands.py::test_group_with_args[args3-2-Show this message and exit.] PASSED [ 16%]
2025-10-09T18:27:54.8758446Z tests/test_commands.py::test_custom_parser PASSED                        [ 16%]
2025-10-09T18:27:54.8773544Z tests/test_commands.py::test_object_propagation PASSED                   [ 16%]
2025-10-09T18:27:54.8784226Z tests/test_commands.py::test_other_command_invoke_with_defaults[opt_params0-42] PASSED [ 16%]
2025-10-09T18:27:54.8794796Z tests/test_commands.py::test_other_command_invoke_with_defaults[opt_params1-15] PASSED [ 16%]
2025-10-09T18:27:54.8805041Z tests/test_commands.py::test_other_command_invoke_with_defaults[opt_params2-expected2] PASSED [ 16%]
2025-10-09T18:27:54.8815122Z tests/test_commands.py::test_other_command_invoke_with_defaults[opt_params3-None] PASSED [ 16%]
2025-10-09T18:27:54.8825169Z tests/test_commands.py::test_other_command_invoke_with_defaults[opt_params4-None] PASSED [ 16%]
2025-10-09T18:27:54.8835322Z tests/test_commands.py::test_other_command_invoke_with_defaults[opt_params5-False] PASSED [ 16%]
2025-10-09T18:27:54.8845562Z tests/test_commands.py::test_other_command_invoke_with_defaults[opt_params6-True] PASSED [ 16%]
2025-10-09T18:27:54.8855844Z tests/test_commands.py::test_other_command_invoke_with_defaults[opt_params7-3.14] PASSED [ 16%]
2025-10-09T18:27:54.8866018Z tests/test_commands.py::test_other_command_invoke_with_defaults[opt_params8-expected8] PASSED [ 16%]
2025-10-09T18:27:54.8876235Z tests/test_commands.py::test_other_command_invoke_with_defaults[opt_params9-expected9] PASSED [ 16%]
2025-10-09T18:27:54.8886244Z tests/test_commands.py::test_other_command_invoke_with_defaults[opt_params10-None] PASSED [ 16%]
2025-10-09T18:27:54.8896655Z tests/test_commands.py::test_other_command_invoke_with_defaults[opt_params11-b] PASSED [ 17%]
2025-10-09T18:27:54.8907061Z tests/test_commands.py::test_other_command_invoke_with_defaults[opt_params12-/tmp] PASSED [ 17%]
2025-10-09T18:27:54.8917345Z tests/test_commands.py::test_other_command_invoke_with_defaults[opt_params13-False] PASSED [ 17%]
2025-10-09T18:27:54.8927420Z tests/test_commands.py::test_other_command_invoke_with_defaults[opt_params14-True] PASSED [ 17%]
2025-10-09T18:27:54.8937682Z tests/test_commands.py::test_other_command_invoke_with_defaults[opt_params15-0] PASSED [ 17%]
2025-10-09T18:27:54.8947710Z tests/test_commands.py::test_other_command_invoke_with_defaults[opt_params16-secret] PASSED [ 17%]
2025-10-09T18:27:54.8959758Z tests/test_commands.py::test_invoked_subcommand PASSED                   [ 17%]
2025-10-09T18:27:54.8974099Z tests/test_commands.py::test_aliased_command_canonical_name PASSED       [ 17%]
2025-10-09T18:27:54.8984967Z tests/test_commands.py::test_group_add_command_name PASSED               [ 17%]
2025-10-09T18:27:54.8993760Z tests/test_commands.py::test_iter_params_for_processing[invocation_order0-declaration_order0-expected_order0] PASSED [ 17%]
2025-10-09T18:27:54.9002109Z tests/test_commands.py::test_iter_params_for_processing[invocation_order1-declaration_order1-expected_order1] PASSED [ 17%]
2025-10-09T18:27:54.9010050Z tests/test_commands.py::test_iter_params_for_processing[invocation_order2-declaration_order2-expected_order2] PASSED [ 17%]
2025-10-09T18:27:54.9018046Z tests/test_commands.py::test_iter_params_for_processing[invocation_order3-declaration_order3-expected_order3] PASSED [ 17%]
2025-10-09T18:27:54.9026050Z tests/test_commands.py::test_iter_params_for_processing[invocation_order4-declaration_order4-expected_order4] PASSED [ 18%]
2025-10-09T18:27:54.9034245Z tests/test_commands.py::test_iter_params_for_processing[invocation_order5-declaration_order5-expected_order5] PASSED [ 18%]
2025-10-09T18:27:54.9042273Z tests/test_commands.py::test_iter_params_for_processing[invocation_order6-declaration_order6-expected_order6] PASSED [ 18%]
2025-10-09T18:27:54.9050580Z tests/test_commands.py::test_iter_params_for_processing[invocation_order7-declaration_order7-expected_order7] PASSED [ 18%]
2025-10-09T18:27:54.9058449Z tests/test_commands.py::test_iter_params_for_processing[invocation_order8-declaration_order8-expected_order8] PASSED [ 18%]
2025-10-09T18:27:54.9066328Z tests/test_commands.py::test_iter_params_for_processing[invocation_order9-declaration_order9-expected_order9] PASSED [ 18%]
2025-10-09T18:27:54.9074552Z tests/test_commands.py::test_iter_params_for_processing[invocation_order10-declaration_order10-expected_order10] PASSED [ 18%]
2025-10-09T18:27:54.9082783Z tests/test_commands.py::test_iter_params_for_processing[invocation_order11-declaration_order11-expected_order11] PASSED [ 18%]
2025-10-09T18:27:54.9090971Z tests/test_commands.py::test_iter_params_for_processing[invocation_order12-declaration_order12-expected_order12] PASSED [ 18%]
2025-10-09T18:27:54.9099140Z tests/test_commands.py::test_iter_params_for_processing[invocation_order13-declaration_order13-expected_order13] PASSED [ 18%]
2025-10-09T18:27:54.9107516Z tests/test_commands.py::test_iter_params_for_processing[invocation_order14-declaration_order14-expected_order14] PASSED [ 18%]
2025-10-09T18:27:54.9115489Z tests/test_commands.py::test_iter_params_for_processing[invocation_order15-declaration_order15-expected_order15] PASSED [ 18%]
2025-10-09T18:27:54.9124403Z tests/test_commands.py::test_iter_params_for_processing[invocation_order16-declaration_order16-expected_order16] PASSED [ 18%]
2025-10-09T18:27:54.9132484Z tests/test_commands.py::test_iter_params_for_processing[invocation_order17-declaration_order17-expected_order17] PASSED [ 18%]
2025-10-09T18:27:54.9140425Z tests/test_commands.py::test_iter_params_for_processing[invocation_order18-declaration_order18-expected_order18] PASSED [ 19%]
2025-10-09T18:27:54.9148530Z tests/test_commands.py::test_iter_params_for_processing[invocation_order19-declaration_order19-expected_order19] PASSED [ 19%]
2025-10-09T18:27:54.9156304Z tests/test_commands.py::test_iter_params_for_processing[invocation_order20-declaration_order20-expected_order20] PASSED [ 19%]
2025-10-09T18:27:54.9164383Z tests/test_commands.py::test_iter_params_for_processing[invocation_order21-declaration_order21-expected_order21] PASSED [ 19%]
2025-10-09T18:27:54.9172625Z tests/test_commands.py::test_iter_params_for_processing[invocation_order22-declaration_order22-expected_order22] PASSED [ 19%]
2025-10-09T18:27:54.9180540Z tests/test_commands.py::test_iter_params_for_processing[invocation_order23-declaration_order23-expected_order23] PASSED [ 19%]
2025-10-09T18:27:54.9188956Z tests/test_commands.py::test_iter_params_for_processing[invocation_order24-declaration_order24-expected_order24] PASSED [ 19%]
2025-10-09T18:27:54.9197360Z tests/test_commands.py::test_iter_params_for_processing[invocation_order25-declaration_order25-expected_order25] PASSED [ 19%]
2025-10-09T18:27:54.9204988Z tests/test_commands.py::test_iter_params_for_processing[invocation_order26-declaration_order26-expected_order26] PASSED [ 19%]
2025-10-09T18:27:54.9213283Z tests/test_commands.py::test_iter_params_for_processing[invocation_order27-declaration_order27-expected_order27] PASSED [ 19%]
2025-10-09T18:27:54.9221338Z tests/test_commands.py::test_iter_params_for_processing[invocation_order28-declaration_order28-expected_order28] PASSED [ 19%]
2025-10-09T18:27:54.9229496Z tests/test_commands.py::test_iter_params_for_processing[invocation_order29-declaration_order29-expected_order29] PASSED [ 19%]
2025-10-09T18:27:54.9237682Z tests/test_commands.py::test_iter_params_for_processing[invocation_order30-declaration_order30-expected_order30] PASSED [ 19%]
2025-10-09T18:27:54.9245777Z tests/test_commands.py::test_iter_params_for_processing[invocation_order31-declaration_order31-expected_order31] PASSED [ 20%]
2025-10-09T18:27:54.9254781Z tests/test_commands.py::test_iter_params_for_processing[invocation_order32-declaration_order32-expected_order32] PASSED [ 20%]
2025-10-09T18:27:54.9262976Z tests/test_commands.py::test_iter_params_for_processing[invocation_order33-declaration_order33-expected_order33] PASSED [ 20%]
2025-10-09T18:27:54.9293435Z tests/test_commands.py::test_help_param_priority PASSED                  [ 20%]
2025-10-09T18:27:54.9306419Z tests/test_commands.py::test_unprocessed_options PASSED                  [ 20%]
2025-10-09T18:27:54.9318818Z tests/test_commands.py::test_deprecated_in_help_messages[True-CLI HELP] PASSED [ 20%]
2025-10-09T18:27:54.9332456Z tests/test_commands.py::test_deprecated_in_help_messages[True-None] PASSED [ 20%]
2025-10-09T18:27:54.9345133Z tests/test_commands.py::test_deprecated_in_help_messages[USE OTHER COMMAND INSTEAD-CLI HELP] PASSED [ 20%]
2025-10-09T18:27:54.9357333Z tests/test_commands.py::test_deprecated_in_help_messages[USE OTHER COMMAND INSTEAD-None] PASSED [ 20%]
2025-10-09T18:27:54.9367529Z tests/test_commands.py::test_deprecated_in_invocation[True] PASSED       [ 20%]
2025-10-09T18:27:54.9377992Z tests/test_commands.py::test_deprecated_in_invocation[USE OTHER COMMAND INSTEAD] PASSED [ 20%]
2025-10-09T18:27:54.9386399Z tests/test_commands.py::test_command_parse_args_collects_option_prefixes PASSED [ 20%]
2025-10-09T18:27:54.9395260Z tests/test_commands.py::test_group_parse_args_collects_base_option_prefixes PASSED [ 20%]
2025-10-09T18:27:54.9408676Z tests/test_commands.py::test_group_invoke_collects_used_option_prefixes PASSED [ 21%]
2025-10-09T18:27:54.9418736Z tests/test_commands.py::test_abort_exceptions_with_disabled_standalone_mode[EOFError] PASSED [ 21%]
2025-10-09T18:27:54.9429053Z tests/test_commands.py::test_abort_exceptions_with_disabled_standalone_mode[KeyboardInterrupt] PASSED [ 21%]
2025-10-09T18:27:54.9435927Z tests/test_compat.py::test_is_jupyter_kernel_output PASSED               [ 21%]
2025-10-09T18:27:54.9447380Z tests/test_context.py::test_ensure_context_objects PASSED                [ 21%]
2025-10-09T18:27:54.9458511Z tests/test_context.py::test_get_context_objects PASSED                   [ 21%]
2025-10-09T18:27:54.9469385Z tests/test_context.py::test_get_context_objects_no_ensuring PASSED       [ 21%]
2025-10-09T18:27:54.9482298Z tests/test_context.py::test_get_context_objects_missing PASSED           [ 21%]
2025-10-09T18:27:54.9491840Z tests/test_context.py::test_multi_enter PASSED                           [ 21%]
2025-10-09T18:27:54.9501401Z tests/test_context.py::test_global_context_object PASSED                 [ 21%]
2025-10-09T18:27:54.9510849Z tests/test_context.py::test_context_meta PASSED                          [ 21%]
2025-10-09T18:27:54.9521566Z tests/test_context.py::test_make_pass_meta_decorator PASSED              [ 21%]
2025-10-09T18:27:54.9528554Z tests/test_context.py::test_make_pass_meta_decorator_doc PASSED          [ 21%]
2025-10-09T18:27:54.9535321Z tests/test_context.py::test_context_pushing PASSED                       [ 21%]
2025-10-09T18:27:54.9546294Z tests/test_context.py::test_pass_obj PASSED                              [ 22%]
2025-10-09T18:27:54.9555912Z tests/test_context.py::test_close_before_pop PASSED                      [ 22%]
2025-10-09T18:27:54.9567710Z tests/test_context.py::test_close_before_exit PASSED                     [ 22%]
2025-10-09T18:27:54.9579332Z tests/test_context.py::test_multiple_eager_callbacks[natural_order] PASSED [ 22%]
2025-10-09T18:27:54.9590242Z tests/test_context.py::test_multiple_eager_callbacks[eagerness_precedence] PASSED [ 22%]
2025-10-09T18:27:54.9602891Z tests/test_context.py::test_no_state_leaks PASSED                        [ 22%]
2025-10-09T18:27:54.9609971Z tests/test_context.py::test_with_resource PASSED                         [ 22%]
2025-10-09T18:27:54.9617997Z tests/test_context.py::test_with_resource_exception PASSED               [ 22%]
2025-10-09T18:27:54.9625643Z tests/test_context.py::test_with_resource_nested_exception PASSED        [ 22%]
2025-10-09T18:27:54.9641849Z tests/test_context.py::test_make_pass_decorator_args PASSED              [ 22%]
2025-10-09T18:27:54.9655300Z tests/test_context.py::test_propagate_show_default_setting PASSED        [ 22%]
2025-10-09T18:27:54.9665117Z tests/test_context.py::test_exit_not_standalone PASSED                   [ 22%]
2025-10-09T18:27:54.9675780Z tests/test_context.py::test_parameter_source[default] PASSED             [ 22%]
2025-10-09T18:27:54.9686358Z tests/test_context.py::test_parameter_source[default_map] PASSED         [ 23%]
2025-10-09T18:27:54.9698139Z tests/test_context.py::test_parameter_source[commandline short] PASSED   [ 23%]
2025-10-09T18:27:54.9708195Z tests/test_context.py::test_parameter_source[commandline long] PASSED    [ 23%]
2025-10-09T18:27:54.9719285Z tests/test_context.py::test_parameter_source[environment auto] PASSED    [ 23%]
2025-10-09T18:27:54.9729821Z tests/test_context.py::test_parameter_source[environment manual] PASSED  [ 23%]
2025-10-09T18:27:54.9737101Z tests/test_context.py::test_propagate_opt_prefixes PASSED                [ 23%]
2025-10-09T18:27:54.9745628Z tests/test_custom_classes.py::test_command_context_class PASSED          [ 23%]
2025-10-09T18:27:54.9755795Z tests/test_custom_classes.py::test_context_invoke_type PASSED            [ 23%]
2025-10-09T18:27:54.9766332Z tests/test_custom_classes.py::test_context_formatter_class PASSED        [ 23%]
2025-10-09T18:27:54.9774520Z tests/test_custom_classes.py::test_group_command_class PASSED            [ 23%]
2025-10-09T18:27:54.9782911Z tests/test_custom_classes.py::test_group_group_class PASSED              [ 23%]
2025-10-09T18:27:54.9791146Z tests/test_custom_classes.py::test_group_group_class_self PASSED         [ 23%]
2025-10-09T18:27:54.9801202Z tests/test_defaults.py::test_basic_defaults PASSED                       [ 23%]
2025-10-09T18:27:54.9813270Z tests/test_defaults.py::test_multiple_defaults PASSED                    [ 24%]
2025-10-09T18:27:54.9823495Z tests/test_defaults.py::test_nargs_plus_multiple PASSED                  [ 24%]
2025-10-09T18:27:54.9838411Z tests/test_defaults.py::test_multiple_flag_default PASSED                [ 24%]
2025-10-09T18:27:54.9859933Z tests/test_defaults.py::test_flag_default_map PASSED                     [ 24%]
2025-10-09T18:27:54.9875619Z tests/test_defaults.py::test_shared_param_prefers_first_default PASSED   [ 24%]
2025-10-09T18:27:54.9890004Z tests/test_formatting.py::test_basic_functionality PASSED                [ 24%]
2025-10-09T18:27:54.9904958Z tests/test_formatting.py::test_wrapping_long_options_strings PASSED      [ 24%]
2025-10-09T18:27:54.9919835Z tests/test_formatting.py::test_wrapping_long_command_name PASSED         [ 24%]
2025-10-09T18:27:54.9931705Z tests/test_formatting.py::test_formatting_empty_help_lines PASSED        [ 24%]
2025-10-09T18:27:54.9943505Z tests/test_formatting.py::test_formatting_usage_error PASSED             [ 24%]
2025-10-09T18:27:54.9961234Z tests/test_formatting.py::test_formatting_usage_error_metavar_missing_arg PASSED [ 24%]
2025-10-09T18:27:54.9973474Z tests/test_formatting.py::test_formatting_usage_error_metavar_bad_arg PASSED [ 24%]
2025-10-09T18:27:54.9986932Z tests/test_formatting.py::test_formatting_usage_error_nested PASSED      [ 24%]
2025-10-09T18:27:54.9997223Z tests/test_formatting.py::test_formatting_usage_error_no_help PASSED     [ 24%]
2025-10-09T18:27:55.0008880Z tests/test_formatting.py::test_formatting_usage_custom_help PASSED       [ 25%]
2025-10-09T18:27:55.0022430Z tests/test_formatting.py::test_formatting_custom_type_metavar PASSED     [ 25%]
2025-10-09T18:27:55.0034237Z tests/test_formatting.py::test_truncating_docstring PASSED               [ 25%]
2025-10-09T18:27:55.0045559Z tests/test_formatting.py::test_truncating_docstring_no_help PASSED       [ 25%]
2025-10-09T18:27:55.0057757Z tests/test_formatting.py::test_removing_multiline_marker PASSED          [ 25%]
2025-10-09T18:27:55.0069752Z tests/test_formatting.py::test_global_show_default PASSED                [ 25%]
2025-10-09T18:27:55.0081020Z tests/test_formatting.py::test_formatting_with_options_metavar_empty PASSED [ 25%]
2025-10-09T18:27:55.0090440Z tests/test_formatting.py::test_help_formatter_write_text PASSED          [ 25%]
2025-10-09T18:27:55.0485761Z tests/test_imports.py::test_light_imports PASSED                         [ 25%]
2025-10-09T18:27:55.0494104Z tests/test_info_dict.py::test_parameter[Func ParamType] PASSED           [ 25%]
2025-10-09T18:27:55.0502156Z tests/test_info_dict.py::test_parameter[UNPROCESSED ParamType] PASSED    [ 25%]
2025-10-09T18:27:55.0510083Z tests/test_info_dict.py::test_parameter[STRING ParamType] PASSED         [ 25%]
2025-10-09T18:27:55.0517766Z tests/test_info_dict.py::test_parameter[Choice ParamType] PASSED         [ 25%]
2025-10-09T18:27:55.0525204Z tests/test_info_dict.py::test_parameter[DateTime ParamType] PASSED       [ 26%]
2025-10-09T18:27:55.0532756Z tests/test_info_dict.py::test_parameter[INT ParamType] PASSED            [ 26%]
2025-10-09T18:27:55.0540187Z tests/test_info_dict.py::test_parameter[IntRange ParamType] PASSED       [ 26%]
2025-10-09T18:27:55.0547591Z tests/test_info_dict.py::test_parameter[FLOAT ParamType] PASSED          [ 26%]
2025-10-09T18:27:55.0555024Z tests/test_info_dict.py::test_parameter[FloatRange ParamType] PASSED     [ 26%]
2025-10-09T18:27:55.0562738Z tests/test_info_dict.py::test_parameter[Bool ParamType] PASSED           [ 26%]
2025-10-09T18:27:55.0570144Z tests/test_info_dict.py::test_parameter[UUID ParamType] PASSED           [ 26%]
2025-10-09T18:27:55.0577614Z tests/test_info_dict.py::test_parameter[File ParamType] PASSED           [ 26%]
2025-10-09T18:27:55.0584983Z tests/test_info_dict.py::test_parameter[Path ParamType] PASSED           [ 26%]
2025-10-09T18:27:55.0593119Z tests/test_info_dict.py::test_parameter[Tuple ParamType] PASSED          [ 26%]
2025-10-09T18:27:55.0600617Z tests/test_info_dict.py::test_parameter[Option] PASSED                   [ 26%]
2025-10-09T18:27:55.0608176Z tests/test_info_dict.py::test_parameter[Flag Option] PASSED              [ 26%]
2025-10-09T18:27:55.0615673Z tests/test_info_dict.py::test_parameter[Argument] PASSED                 [ 26%]
2025-10-09T18:27:55.0624746Z tests/test_info_dict.py::test_command[Command] PASSED                    [ 27%]
2025-10-09T18:27:55.0633998Z tests/test_info_dict.py::test_command[Group] PASSED                      [ 27%]
2025-10-09T18:27:55.0644244Z tests/test_info_dict.py::test_command[Nested Group] PASSED               [ 27%]
2025-10-09T18:27:55.0651599Z tests/test_info_dict.py::test_context PASSED                             [ 27%]
2025-10-09T18:27:55.0659256Z tests/test_info_dict.py::test_paramtype_no_name PASSED                   [ 27%]
2025-10-09T18:27:55.0670908Z tests/test_normalization.py::test_option_normalization PASSED            [ 27%]
2025-10-09T18:27:55.0691739Z tests/test_normalization.py::test_choice_normalization PASSED            [ 27%]
2025-10-09T18:27:55.0703139Z tests/test_normalization.py::test_command_normalization PASSED           [ 27%]
2025-10-09T18:27:55.0718634Z tests/test_options.py::test_prefixes PASSED                              [ 27%]
2025-10-09T18:27:55.0726815Z tests/test_options.py::test_invalid_option PASSED                        [ 27%]
2025-10-09T18:27:55.0738925Z tests/test_options.py::test_deprecated_usage[True] PASSED                [ 27%]
2025-10-09T18:27:55.0752774Z tests/test_options.py::test_deprecated_usage[USE B INSTEAD] PASSED       [ 27%]
2025-10-09T18:27:55.0765218Z tests/test_options.py::test_deprecated_warning[True] PASSED              [ 27%]
2025-10-09T18:27:55.0778010Z tests/test_options.py::test_deprecated_warning[USE B INSTEAD] PASSED     [ 27%]
2025-10-09T18:27:55.0785528Z tests/test_options.py::test_deprecated_required PASSED                   [ 28%]
2025-10-09T18:27:55.0794501Z tests/test_options.py::test_deprecated_prompt PASSED                     [ 28%]
2025-10-09T18:27:55.0803268Z tests/test_options.py::test_invalid_nargs PASSED                         [ 28%]
2025-10-09T18:27:55.0813938Z tests/test_options.py::test_nargs_tup_composite_mult PASSED              [ 28%]
2025-10-09T18:27:55.0837262Z tests/test_options.py::test_counting PASSED                              [ 28%]
2025-10-09T18:27:55.0849902Z tests/test_options.py::test_unknown_options[--foo] PASSED                [ 28%]
2025-10-09T18:27:55.0863568Z tests/test_options.py::test_unknown_options[-f] PASSED                   [ 28%]
2025-10-09T18:27:55.0878171Z tests/test_options.py::test_suggest_possible_options[--cat-Did you mean --count?] PASSED [ 28%]
2025-10-09T18:27:55.0893217Z tests/test_options.py::test_suggest_possible_options[--bounds-(Possible options: --bound, --count)] PASSED [ 28%]
2025-10-09T18:27:55.0907984Z tests/test_options.py::test_suggest_possible_options[--bount-(Possible options: --bound, --count)] PASSED [ 28%]
2025-10-09T18:27:55.0925068Z tests/test_options.py::test_multiple_required PASSED                     [ 28%]
2025-10-09T18:27:55.0937900Z tests/test_options.py::test_good_defaults_for_multiple[True-1-default0-expected0] PASSED [ 28%]
2025-10-09T18:27:55.0950700Z tests/test_options.py::test_good_defaults_for_multiple[True-1-default1-expected1] PASSED [ 28%]
2025-10-09T18:27:55.0962710Z tests/test_options.py::test_good_defaults_for_multiple[True-1-default2-expected2] PASSED [ 29%]
2025-10-09T18:27:55.0974810Z tests/test_options.py::test_good_defaults_for_multiple[True-1-default3-expected3] PASSED [ 29%]
2025-10-09T18:27:55.0986855Z tests/test_options.py::test_good_defaults_for_multiple[True-1-default4-expected4] PASSED [ 29%]
2025-10-09T18:27:55.1000563Z tests/test_options.py::test_good_defaults_for_multiple[True-1-default5-expected5] PASSED [ 29%]
2025-10-09T18:27:55.1012848Z tests/test_options.py::test_good_defaults_for_multiple[True-1-None-expected6] PASSED [ 29%]
2025-10-09T18:27:55.1025926Z tests/test_options.py::test_good_defaults_for_multiple[True-1-Sentinel.UNSET-expected7] PASSED [ 29%]
2025-10-09T18:27:55.1039084Z tests/test_options.py::test_good_defaults_for_multiple[True-1-default8-expected8] PASSED [ 29%]
2025-10-09T18:27:55.1051148Z tests/test_options.py::test_good_defaults_for_multiple[True-1-default9-expected9] PASSED [ 29%]
2025-10-09T18:27:55.1063075Z tests/test_options.py::test_good_defaults_for_multiple[True-1-default10-expected10] PASSED [ 29%]
2025-10-09T18:27:55.1075398Z tests/test_options.py::test_good_defaults_for_multiple[True-1-default11-expected11] PASSED [ 29%]
2025-10-09T18:27:55.1088429Z tests/test_options.py::test_good_defaults_for_multiple[True-1-default12-expected12] PASSED [ 29%]
2025-10-09T18:27:55.1099757Z tests/test_options.py::test_good_defaults_for_multiple[True-1-default13-expected13] PASSED [ 29%]
2025-10-09T18:27:55.1111709Z tests/test_options.py::test_good_defaults_for_multiple[True-1-default14-expected14] PASSED [ 29%]
2025-10-09T18:27:55.1123418Z tests/test_options.py::test_good_defaults_for_multiple[True-1-default15-expected15] PASSED [ 29%]
2025-10-09T18:27:55.1134027Z tests/test_options.py::test_good_defaults_for_multiple[True-1-default16-expected16] PASSED [ 30%]
2025-10-09T18:27:55.1144412Z tests/test_options.py::test_good_defaults_for_multiple[True-2-default17-expected17] PASSED [ 30%]
2025-10-09T18:27:55.1157830Z tests/test_options.py::test_good_defaults_for_multiple[True-2-default18-expected18] PASSED [ 30%]
2025-10-09T18:27:55.1169497Z tests/test_options.py::test_good_defaults_for_multiple[True-2-default19-expected19] PASSED [ 30%]
2025-10-09T18:27:55.1181123Z tests/test_options.py::test_good_defaults_for_multiple[True-2-default20-expected20] PASSED [ 30%]
2025-10-09T18:27:55.1191941Z tests/test_options.py::test_good_defaults_for_multiple[True-2-default21-expected21] PASSED [ 30%]
2025-10-09T18:27:55.1202935Z tests/test_options.py::test_good_defaults_for_multiple[True-2-default22-expected22] PASSED [ 30%]
2025-10-09T18:27:55.1213920Z tests/test_options.py::test_good_defaults_for_multiple[True-2-None-expected23] PASSED [ 30%]
2025-10-09T18:27:55.1225055Z tests/test_options.py::test_good_defaults_for_multiple[True-2-Sentinel.UNSET-expected24] PASSED [ 30%]
2025-10-09T18:27:55.1237923Z tests/test_options.py::test_good_defaults_for_multiple[True-2-default25-expected25] PASSED [ 30%]
2025-10-09T18:27:55.1249271Z tests/test_options.py::test_good_defaults_for_multiple[True-2-default26-expected26] PASSED [ 30%]
2025-10-09T18:27:55.1260212Z tests/test_options.py::test_good_defaults_for_multiple[True-2-default27-expected27] PASSED [ 30%]
2025-10-09T18:27:55.1271472Z tests/test_options.py::test_good_defaults_for_multiple[True-2-default28-expected28] PASSED [ 30%]
2025-10-09T18:27:55.1282428Z tests/test_options.py::test_good_defaults_for_multiple[True-2-default29-expected29] PASSED [ 31%]
2025-10-09T18:27:55.1293674Z tests/test_options.py::test_good_defaults_for_multiple[True-2-default30-expected30] PASSED [ 31%]
2025-10-09T18:27:55.1306829Z tests/test_options.py::test_good_defaults_for_multiple[True-2-default31-expected31] PASSED [ 31%]
2025-10-09T18:27:55.1317732Z tests/test_options.py::test_good_defaults_for_multiple[True-2-default32-expected32] PASSED [ 31%]
2025-10-09T18:27:55.1328610Z tests/test_options.py::test_good_defaults_for_multiple[False-2-default33-expected33] PASSED [ 31%]
2025-10-09T18:27:55.1342183Z tests/test_options.py::test_bad_defaults_for_multiple[True-1-Yo-None-Error: Invalid value for '-a': Value must be an iterable.] PASSED [ 31%]
2025-10-09T18:27:55.1355612Z tests/test_options.py::test_bad_defaults_for_multiple[True-1--None-Error: Invalid value for '-a': Value must be an iterable.] PASSED [ 31%]
2025-10-09T18:27:55.1369930Z tests/test_options.py::test_bad_defaults_for_multiple[True-1-True-None-Error: Invalid value for '-a': Value must be an iterable.] PASSED [ 31%]
2025-10-09T18:27:55.1388787Z tests/test_options.py::test_bad_defaults_for_multiple[True-1-False-None-Error: Invalid value for '-a': Value must be an iterable.] PASSED [ 31%]
2025-10-09T18:27:55.1402066Z tests/test_options.py::test_bad_defaults_for_multiple[True-1-12-None-Error: Invalid value for '-a': Value must be an iterable.] PASSED [ 31%]
2025-10-09T18:27:55.1415444Z tests/test_options.py::test_bad_defaults_for_multiple[True-1-7.9-None-Error: Invalid value for '-a': Value must be an iterable.] PASSED [ 31%]
2025-10-09T18:27:55.1429224Z tests/test_options.py::test_bad_defaults_for_multiple[False-2-42-None-Error: Invalid value for '-a': Value must be an iterable.] PASSED [ 31%]
2025-10-09T18:27:55.1442594Z tests/test_options.py::test_bad_defaults_for_multiple[True-2-default7-None-Error: Invalid value for '-a': Value must be an iterable.] PASSED [ 31%]
2025-10-09T18:27:55.1615085Z tests/test_options.py::test_bad_defaults_for_multiple[True-2-default8-None-Error: Invalid value for '-a': Value must be an iterable.] PASSED [ 32%]
2025-10-09T18:27:55.1628655Z tests/test_options.py::test_bad_defaults_for_multiple[True-2-default9-None-Error: Invalid value for '-a': Value must be an iterable.] PASSED [ 32%]
2025-10-09T18:27:55.1639882Z tests/test_options.py::test_bad_defaults_for_multiple[True-2-default10-ValueError-'nargs' must be 0 \\(or None\\) for type <click\\.types\\.Tuple object at 0x[0-9A-Fa-f]+>, but it was 2\\.] PASSED [ 32%]
2025-10-09T18:27:55.1649990Z tests/test_options.py::test_bad_defaults_for_multiple[True-2-default11-ValueError-'nargs' must be 1 \\(or None\\) for type <click\\.types\\.Tuple object at 0x[0-9A-Fa-f]+>, but it was 2\\.] PASSED [ 32%]
2025-10-09T18:27:55.1660705Z tests/test_options.py::test_bad_defaults_for_multiple[True-2-default12-ValueError-'nargs' must be 3 \\(or None\\) for type <click\\.types\\.Tuple object at 0x[0-9A-Fa-f]+>, but it was 2\\.] PASSED [ 32%]
2025-10-09T18:27:55.1675133Z tests/test_options.py::test_bad_defaults_for_multiple[True-2-default13-None-Error: Invalid value for '-a': 2 values are required, but 0 were given.] PASSED [ 32%]
2025-10-09T18:27:55.1690390Z tests/test_options.py::test_bad_defaults_for_multiple[False-2-default14-None-Error: Invalid value for '-a': Takes 2 values but 1 was given.] PASSED [ 32%]
2025-10-09T18:27:55.1699939Z tests/test_options.py::test_bad_defaults_for_multiple[True-2-default15-ValueError-'nargs' must be 1 \\(or None\\) for type <click\\.types\\.Tuple object at 0x[0-9A-Fa-f]+>, but it was 2\\.] PASSED [ 32%]
2025-10-09T18:27:55.1709942Z tests/test_options.py::test_empty_envvar[MYPATH] PASSED                  [ 32%]
2025-10-09T18:27:55.1720731Z tests/test_options.py::test_empty_envvar[AUTO_MYPATH] PASSED             [ 32%]
2025-10-09T18:27:55.1736104Z tests/test_options.py::test_multiple_envvar PASSED                       [ 32%]
2025-10-09T18:27:55.1747284Z tests/test_options.py::test_boolean_flag_envvar[SHOUT-true-True] PASSED  [ 32%]
2025-10-09T18:27:55.1760184Z tests/test_options.py::test_boolean_flag_envvar[SHOUT-false-False] PASSED [ 32%]
2025-10-09T18:27:55.1771767Z tests/test_options.py::test_boolean_flag_envvar[SHOUT-True-True] PASSED  [ 32%]
2025-10-09T18:27:55.1783217Z tests/test_options.py::test_boolean_flag_envvar[SHOUT-False-False] PASSED [ 33%]
2025-10-09T18:27:55.1807156Z tests/test_options.py::test_boolean_flag_envvar[SHOUT-TRUE-True] PASSED  [ 33%]
2025-10-09T18:27:55.1807997Z tests/test_options.py::test_boolean_flag_envvar[SHOUT-FALSE-False] PASSED [ 33%]
2025-10-09T18:27:55.1818009Z tests/test_options.py::test_boolean_flag_envvar[SHOUT-TruE-True] PASSED  [ 33%]
2025-10-09T18:27:55.1830252Z tests/test_options.py::test_boolean_flag_envvar[SHOUT-truE-True] PASSED  [ 33%]
2025-10-09T18:27:55.1841209Z tests/test_options.py::test_boolean_flag_envvar[SHOUT-FaLsE-False] PASSED [ 33%]
2025-10-09T18:27:55.1851914Z tests/test_options.py::test_boolean_flag_envvar[SHOUT-falsE-False] PASSED [ 33%]
2025-10-09T18:27:55.1862621Z tests/test_options.py::test_boolean_flag_envvar[SHOUT-true    -True] PASSED [ 33%]
2025-10-09T18:27:55.1873405Z tests/test_options.py::test_boolean_flag_envvar[SHOUT-  true  -True] PASSED [ 33%]
2025-10-09T18:27:55.1884181Z tests/test_options.py::test_boolean_flag_envvar[SHOUT-    true-True] PASSED [ 33%]
2025-10-09T18:27:55.1897190Z tests/test_options.py::test_boolean_flag_envvar[SHOUT-false   -False] PASSED [ 33%]
2025-10-09T18:27:55.1908006Z tests/test_options.py::test_boolean_flag_envvar[SHOUT-  false -False] PASSED [ 33%]
2025-10-09T18:27:55.1918923Z tests/test_options.py::test_boolean_flag_envvar[SHOUT-   false-False] PASSED [ 33%]
2025-10-09T18:27:55.1929043Z tests/test_options.py::test_boolean_flag_envvar[SHOUT-1-True] PASSED     [ 34%]
2025-10-09T18:27:55.1939521Z tests/test_options.py::test_boolean_flag_envvar[SHOUT-0-False] PASSED    [ 34%]
2025-10-09T18:27:55.1950086Z tests/test_options.py::test_boolean_flag_envvar[SHOUT-t-True] PASSED     [ 34%]
2025-10-09T18:27:55.1962525Z tests/test_options.py::test_boolean_flag_envvar[SHOUT-T-True] PASSED     [ 34%]
2025-10-09T18:27:55.1973321Z tests/test_options.py::test_boolean_flag_envvar[SHOUT-  T  -True] PASSED [ 34%]
2025-10-09T18:27:55.1984277Z tests/test_options.py::test_boolean_flag_envvar[SHOUT-f-False] PASSED    [ 34%]
2025-10-09T18:27:55.1994778Z tests/test_options.py::test_boolean_flag_envvar[SHOUT-y-True] PASSED     [ 34%]
2025-10-09T18:27:55.2005336Z tests/test_options.py::test_boolean_flag_envvar[SHOUT-n-False] PASSED    [ 34%]
2025-10-09T18:27:55.2015987Z tests/test_options.py::test_boolean_flag_envvar[SHOUT-yes-True] PASSED   [ 34%]
2025-10-09T18:27:55.2028635Z tests/test_options.py::test_boolean_flag_envvar[SHOUT-no-False] PASSED   [ 34%]
2025-10-09T18:27:55.2038906Z tests/test_options.py::test_boolean_flag_envvar[SHOUT-on-True] PASSED    [ 34%]
2025-10-09T18:27:55.2049548Z tests/test_options.py::test_boolean_flag_envvar[SHOUT-off-False] PASSED  [ 34%]
2025-10-09T18:27:55.2060242Z tests/test_options.py::test_boolean_flag_envvar[SHOUT-None-False] PASSED [ 34%]
2025-10-09T18:27:55.2070729Z tests/test_options.py::test_boolean_flag_envvar[SHOUT--False] PASSED     [ 35%]
2025-10-09T18:27:55.2081645Z tests/test_options.py::test_boolean_flag_envvar[SHOUT- -False] PASSED    [ 35%]
2025-10-09T18:27:55.2094169Z tests/test_options.py::test_boolean_flag_envvar[SHOUT-       -False] PASSED [ 35%]
2025-10-09T18:27:55.2104918Z tests/test_options.py::test_boolean_flag_envvar[SHOUT    -True-False] PASSED [ 35%]
2025-10-09T18:27:55.2115508Z tests/test_options.py::test_boolean_flag_envvar[SHOUT    -False-False] PASSED [ 35%]
2025-10-09T18:27:55.2126228Z tests/test_options.py::test_boolean_flag_envvar[  SHOUT  -True-False] PASSED [ 35%]
2025-10-09T18:27:55.2137049Z tests/test_options.py::test_boolean_flag_envvar[  SHOUT  -False-False] PASSED [ 35%]
2025-10-09T18:27:55.2147642Z tests/test_options.py::test_boolean_flag_envvar[    SHOUT-True-False] PASSED [ 35%]
2025-10-09T18:27:55.2160021Z tests/test_options.py::test_boolean_flag_envvar[    SHOUT-False-False] PASSED [ 35%]
2025-10-09T18:27:55.2170215Z tests/test_options.py::test_boolean_flag_envvar[SH    OUT-True-False] PASSED [ 35%]
2025-10-09T18:27:55.2181559Z tests/test_options.py::test_boolean_flag_envvar[SH    OUT-False-False] PASSED [ 35%]
2025-10-09T18:27:55.2192092Z tests/test_options.py::test_boolean_flag_envvar[RANDOM-True-False] PASSED [ 35%]
2025-10-09T18:27:55.2202630Z tests/test_options.py::test_boolean_flag_envvar[NO_SHOUT-True-False] PASSED [ 35%]
2025-10-09T18:27:55.2213261Z tests/test_options.py::test_boolean_flag_envvar[NO_SHOUT-False-False] PASSED [ 35%]
2025-10-09T18:27:55.2225487Z tests/test_options.py::test_boolean_flag_envvar[NOSHOUT-True-False] PASSED [ 36%]
2025-10-09T18:27:55.2236100Z tests/test_options.py::test_boolean_flag_envvar[NOSHOUT-False-False] PASSED [ 36%]
2025-10-09T18:27:55.2248722Z tests/test_options.py::test_boolean_envvar_bad_values[tr ue] PASSED      [ 36%]
2025-10-09T18:27:55.2261143Z tests/test_options.py::test_boolean_envvar_bad_values[fa lse] PASSED     [ 36%]
2025-10-09T18:27:55.2273710Z tests/test_options.py::test_boolean_envvar_bad_values[10] PASSED         [ 36%]
2025-10-09T18:27:55.2288494Z tests/test_options.py::test_boolean_envvar_bad_values[01] PASSED         [ 36%]
2025-10-09T18:27:55.2300915Z tests/test_options.py::test_boolean_envvar_bad_values[00] PASSED         [ 36%]
2025-10-09T18:27:55.2313316Z tests/test_options.py::test_boolean_envvar_bad_values[11] PASSED         [ 36%]
2025-10-09T18:27:55.2326950Z tests/test_options.py::test_boolean_envvar_bad_values[0.0] PASSED        [ 36%]
2025-10-09T18:27:55.2339658Z tests/test_options.py::test_boolean_envvar_bad_values[1.1] PASSED        [ 36%]
2025-10-09T18:27:55.2353733Z tests/test_options.py::test_boolean_envvar_bad_values[randomstring] PASSED [ 36%]
2025-10-09T18:27:55.2366312Z tests/test_options.py::test_boolean_envvar_bad_values[None] PASSED       [ 36%]
2025-10-09T18:27:55.2379176Z tests/test_options.py::test_boolean_envvar_bad_values['None'] PASSED     [ 36%]
2025-10-09T18:27:55.2392083Z tests/test_options.py::test_boolean_envvar_bad_values[A B] PASSED        [ 37%]
2025-10-09T18:27:55.2404743Z tests/test_options.py::test_boolean_envvar_bad_values[ 1 2 ] PASSED      [ 37%]
2025-10-09T18:27:55.2420568Z tests/test_options.py::test_boolean_envvar_bad_values[9.3] PASSED        [ 37%]
2025-10-09T18:27:55.2433182Z tests/test_options.py::test_boolean_envvar_bad_values[a;n] PASSED        [ 37%]
2025-10-09T18:27:55.2445752Z tests/test_options.py::test_boolean_envvar_bad_values[x:y] PASSED        [ 37%]
2025-10-09T18:27:55.2458536Z tests/test_options.py::test_boolean_envvar_bad_values[i/o] PASSED        [ 37%]
2025-10-09T18:27:55.2471255Z tests/test_options.py::test_multiple_default_help PASSED                 [ 37%]
2025-10-09T18:27:55.2485349Z tests/test_options.py::test_show_default_default_map PASSED              [ 37%]
2025-10-09T18:27:55.2492576Z tests/test_options.py::test_multiple_default_type PASSED                 [ 37%]
2025-10-09T18:27:55.2499770Z tests/test_options.py::test_multiple_default_composite_type PASSED       [ 37%]
2025-10-09T18:27:55.2509785Z tests/test_options.py::test_parse_multiple_default_composite_type PASSED [ 37%]
2025-10-09T18:27:55.2521936Z tests/test_options.py::test_dynamic_default_help_unset PASSED            [ 37%]
2025-10-09T18:27:55.2533898Z tests/test_options.py::test_dynamic_default_help_text PASSED             [ 37%]
2025-10-09T18:27:55.2542283Z tests/test_options.py::test_dynamic_default_help_special_method PASSED   [ 37%]
2025-10-09T18:27:55.2550738Z tests/test_options.py::test_intrange_default_help_text[type0-1<=x<=32] PASSED [ 38%]
2025-10-09T18:27:55.2559046Z tests/test_options.py::test_intrange_default_help_text[type1-1<x<32] PASSED [ 38%]
2025-10-09T18:27:55.2567186Z tests/test_options.py::test_intrange_default_help_text[type2-x>=1] PASSED [ 38%]
2025-10-09T18:27:55.2575472Z tests/test_options.py::test_intrange_default_help_text[type3-x<=32] PASSED [ 38%]
2025-10-09T18:27:55.2582717Z tests/test_options.py::test_count_default_type_help PASSED               [ 38%]
2025-10-09T18:27:55.2590719Z tests/test_options.py::test_file_type_help_default PASSED                [ 38%]
2025-10-09T18:27:55.2601113Z tests/test_options.py::test_toupper_envvar_prefix PASSED                 [ 38%]
2025-10-09T18:27:55.2615216Z tests/test_options.py::test_nargs_envvar PASSED                          [ 38%]
2025-10-09T18:27:55.2627304Z tests/test_options.py::test_show_envvar PASSED                           [ 38%]
2025-10-09T18:27:55.2639051Z tests/test_options.py::test_show_envvar_auto_prefix PASSED               [ 38%]
2025-10-09T18:27:55.2652297Z tests/test_options.py::test_show_envvar_auto_prefix_dash_in_command PASSED [ 38%]
2025-10-09T18:27:55.2665553Z tests/test_options.py::test_custom_validation PASSED                     [ 38%]
2025-10-09T18:27:55.2679199Z tests/test_options.py::test_callback_validates_prompt PASSED             [ 38%]
2025-10-09T18:27:55.2695295Z tests/test_options.py::test_winstyle_options PASSED                      [ 39%]
2025-10-09T18:27:55.2706395Z tests/test_options.py::test_legacy_options PASSED                        [ 39%]
2025-10-09T18:27:55.2715256Z tests/test_options.py::test_required_option[Sentinel.UNSET-True-None] PASSED [ 39%]
2025-10-09T18:27:55.2723278Z tests/test_options.py::test_required_option[None-False-None] PASSED      [ 39%]
2025-10-09T18:27:55.2731296Z tests/test_options.py::test_required_option[-False-] PASSED              [ 39%]
2025-10-09T18:27:55.2739315Z tests/test_options.py::test_required_option[  -False-  ] PASSED          [ 39%]
2025-10-09T18:27:55.2746409Z tests/test_options.py::test_required_option[foo-False-foo] PASSED        [ 39%]
2025-10-09T18:27:55.2754213Z tests/test_options.py::test_required_option[12-False-12_0] PASSED        [ 39%]
2025-10-09T18:27:55.2762185Z tests/test_options.py::test_required_option[12-False-12_1] PASSED        [ 39%]
2025-10-09T18:27:55.2770124Z tests/test_options.py::test_required_option[12.1-False-12.1] PASSED      [ 39%]
2025-10-09T18:27:55.2778013Z tests/test_options.py::test_required_option[value8-False-[]] PASSED      [ 39%]
2025-10-09T18:27:55.2785755Z tests/test_options.py::test_required_option[value9-False-()] PASSED      [ 39%]
2025-10-09T18:27:55.2793802Z tests/test_options.py::test_required_option[value10-False-set()] PASSED  [ 39%]
2025-10-09T18:27:55.2801871Z tests/test_options.py::test_required_option[value11-False-frozenset()] PASSED [ 40%]
2025-10-09T18:27:55.2809795Z tests/test_options.py::test_required_option[value12-False-{}] PASSED     [ 40%]
2025-10-09T18:27:55.2822969Z tests/test_options.py::test_missing_required_flag PASSED                 [ 40%]
2025-10-09T18:27:55.2835000Z tests/test_options.py::test_missing_choice PASSED                        [ 40%]
2025-10-09T18:27:55.2854389Z tests/test_options.py::test_missing_envvar PASSED                        [ 40%]
2025-10-09T18:27:55.2879505Z tests/test_options.py::test_case_insensitive_choice PASSED               [ 40%]
2025-10-09T18:27:55.2889492Z tests/test_options.py::test_case_insensitive_choice_returned_exactly PASSED [ 40%]
2025-10-09T18:27:55.2902246Z tests/test_options.py::test_option_help_preserve_paragraphs PASSED       [ 40%]
2025-10-09T18:27:55.2912291Z tests/test_options.py::test_argument_custom_class PASSED                 [ 40%]
2025-10-09T18:27:55.2923991Z tests/test_options.py::test_option_custom_class PASSED                   [ 40%]
2025-10-09T18:27:55.2935353Z tests/test_options.py::test_option_custom_class_can_override_type_cast_value_and_never_sees_unset[--opt-option_kwargs0-pass_argv0] PASSED [ 40%]
2025-10-09T18:27:55.2948866Z tests/test_options.py::test_option_custom_class_can_override_type_cast_value_and_never_sees_unset[--opt-option_kwargs1-pass_argv1] PASSED [ 40%]
2025-10-09T18:27:55.2960693Z tests/test_options.py::test_option_custom_class_can_override_type_cast_value_and_never_sees_unset[--opt-option_kwargs2-pass_argv2] PASSED [ 40%]
2025-10-09T18:27:55.2971841Z tests/test_options.py::test_option_custom_class_can_override_type_cast_value_and_never_sees_unset[--opt/--no-opt-option_kwargs3-pass_argv3] PASSED [ 40%]
2025-10-09T18:27:55.2982961Z tests/test_options.py::test_option_custom_class_can_override_type_cast_value_and_never_sees_unset[--req-option_kwargs4-pass_argv4] PASSED [ 41%]
2025-10-09T18:27:55.2998154Z tests/test_options.py::test_option_custom_class_reusable PASSED          [ 41%]
2025-10-09T18:27:55.3016454Z tests/test_options.py::test_help_option_custom_names_and_class[name_specs0-  -h, --help  Show this message and exit.\n-True] PASSED [ 41%]
2025-10-09T18:27:55.3032253Z tests/test_options.py::test_help_option_custom_names_and_class[name_specs0-  -h, --help  Show this message and exit.\n-False] PASSED [ 41%]
2025-10-09T18:27:55.3046426Z tests/test_options.py::test_help_option_custom_names_and_class[name_specs1-  -h      Show this message and exit.\n  --help  Show this message and exit.\n-True] PASSED [ 41%]
2025-10-09T18:27:55.3060202Z tests/test_options.py::test_help_option_custom_names_and_class[name_specs1-  -h      Show this message and exit.\n  --help  Show this message and exit.\n-False] PASSED [ 41%]
2025-10-09T18:27:55.3072670Z tests/test_options.py::test_help_option_custom_names_and_class[name_specs2-  --help  Show this message and exit.\n-True] PASSED [ 41%]
2025-10-09T18:27:55.3086703Z tests/test_options.py::test_help_option_custom_names_and_class[name_specs2-  --help  Show this message and exit.\n-False] PASSED [ 41%]
2025-10-09T18:27:55.3096237Z tests/test_options.py::test_bool_flag_with_type PASSED                   [ 41%]
2025-10-09T18:27:55.3115210Z tests/test_options.py::test_aliases_for_flags PASSED                     [ 41%]
2025-10-09T18:27:55.3129574Z tests/test_options.py::test_option_names[option_args0-aggressive] PASSED [ 41%]
2025-10-09T18:27:55.3150853Z tests/test_options.py::test_option_names[option_args1-first] PASSED      [ 41%]
2025-10-09T18:27:55.3169962Z tests/test_options.py::test_option_names[option_args2-apple] PASSED      [ 41%]
2025-10-09T18:27:55.3191340Z tests/test_options.py::test_option_names[option_args3-cantaloupe] PASSED [ 42%]
2025-10-09T18:27:55.3206174Z tests/test_options.py::test_option_names[option_args4-a] PASSED          [ 42%]
2025-10-09T18:27:55.3221168Z tests/test_options.py::test_option_names[option_args5-c] PASSED          [ 42%]
2025-10-09T18:27:55.3240105Z tests/test_options.py::test_option_names[option_args6-apple] PASSED      [ 42%]
2025-10-09T18:27:55.3260904Z tests/test_options.py::test_option_names[option_args7-cantaloupe] PASSED [ 42%]
2025-10-09T18:27:55.3273426Z tests/test_options.py::test_option_names[option_args8-_from] PASSED      [ 42%]
2025-10-09T18:27:55.3286305Z tests/test_options.py::test_option_names[option_args9-_ret] PASSED       [ 42%]
2025-10-09T18:27:55.3295166Z tests/test_options.py::test_flag_duplicate_names PASSED                  [ 42%]
2025-10-09T18:27:55.3304568Z tests/test_options.py::test_show_default_boolean_flag_name[False-no-cache] PASSED [ 42%]
2025-10-09T18:27:55.3313821Z tests/test_options.py::test_show_default_boolean_flag_name[True-cache] PASSED [ 42%]
2025-10-09T18:27:55.3322428Z tests/test_options.py::test_show_true_default_boolean_flag_value PASSED  [ 42%]
2025-10-09T18:27:55.3330843Z tests/test_options.py::test_hide_false_default_boolean_flag_value[False] PASSED [ 42%]
2025-10-09T18:27:55.3340219Z tests/test_options.py::test_hide_false_default_boolean_flag_value[None] PASSED [ 42%]
2025-10-09T18:27:55.3349117Z tests/test_options.py::test_show_default_string PASSED                   [ 43%]
2025-10-09T18:27:55.3357044Z tests/test_options.py::test_show_default_with_empty_string PASSED        [ 43%]
2025-10-09T18:27:55.3364308Z tests/test_options.py::test_do_not_show_no_default PASSED                [ 43%]
2025-10-09T18:27:55.3371364Z tests/test_options.py::test_do_not_show_default_empty_multiple PASSED    [ 43%]
2025-10-09T18:27:55.3379803Z tests/test_options.py::test_show_default_precedence[None-None-extra_value0-False] PASSED [ 43%]
2025-10-09T18:27:55.3387905Z tests/test_options.py::test_show_default_precedence[None-False-extra_value1-False] PASSED [ 43%]
2025-10-09T18:27:55.3397612Z tests/test_options.py::test_show_default_precedence[None-True-extra_value2-True] PASSED [ 43%]
2025-10-09T18:27:55.3404865Z tests/test_options.py::test_show_default_precedence[False-None-extra_value3-False] PASSED [ 43%]
2025-10-09T18:27:55.3413064Z tests/test_options.py::test_show_default_precedence[False-False-extra_value4-False] PASSED [ 43%]
2025-10-09T18:27:55.3421921Z tests/test_options.py::test_show_default_precedence[False-True-extra_value5-True] PASSED [ 43%]
2025-10-09T18:27:55.3435132Z tests/test_options.py::test_show_default_precedence[True-None-extra_value6-True] PASSED [ 43%]
2025-10-09T18:27:55.3443667Z tests/test_options.py::test_show_default_precedence[True-False-extra_value7-False] PASSED [ 43%]
2025-10-09T18:27:55.3452569Z tests/test_options.py::test_show_default_precedence[True-True-extra_value8-True] PASSED [ 43%]
2025-10-09T18:27:55.3461352Z tests/test_options.py::test_show_default_precedence[False-one-extra_value9-True] PASSED [ 43%]
2025-10-09T18:27:55.3472588Z tests/test_options.py::test_option_with_optional_value[None-expect0] PASSED [ 44%]
2025-10-09T18:27:55.3483315Z tests/test_options.py::test_option_with_optional_value[args1-expect1] PASSED [ 44%]
2025-10-09T18:27:55.3494810Z tests/test_options.py::test_option_with_optional_value[args2-expect2] PASSED [ 44%]
2025-10-09T18:27:55.3506046Z tests/test_options.py::test_option_with_optional_value[args3-expect3] PASSED [ 44%]
2025-10-09T18:27:55.3517506Z tests/test_options.py::test_option_with_optional_value[args4-expect4] PASSED [ 44%]
2025-10-09T18:27:55.3528314Z tests/test_options.py::test_option_with_optional_value[args5-expect5] PASSED [ 44%]
2025-10-09T18:27:55.3539935Z tests/test_options.py::test_option_with_optional_value[args6-expect6] PASSED [ 44%]
2025-10-09T18:27:55.3551651Z tests/test_options.py::test_option_with_optional_value[args7-expect7] PASSED [ 44%]
2025-10-09T18:27:55.3563615Z tests/test_options.py::test_option_with_optional_value[args8-expect8] PASSED [ 44%]
2025-10-09T18:27:55.3574433Z tests/test_options.py::test_option_with_optional_value[args9-expect9] PASSED [ 44%]
2025-10-09T18:27:55.3585226Z tests/test_options.py::test_option_with_optional_value[args10-expect10] PASSED [ 44%]
2025-10-09T18:27:55.3595995Z tests/test_options.py::test_option_with_optional_value[args11-expect11] PASSED [ 44%]
2025-10-09T18:27:55.3607563Z tests/test_options.py::test_option_with_optional_value[args12-expect12] PASSED [ 44%]
2025-10-09T18:27:55.3618192Z tests/test_options.py::test_option_with_optional_value[args13-expect13] PASSED [ 45%]
2025-10-09T18:27:55.3630538Z tests/test_options.py::test_multiple_option_with_optional_value PASSED   [ 45%]
2025-10-09T18:27:55.3637981Z tests/test_options.py::test_type_from_flag_value PASSED                  [ 45%]
2025-10-09T18:27:55.3649110Z tests/test_options.py::test_flag_value_and_default[opt_params0-args0-False] PASSED [ 45%]
2025-10-09T18:27:55.3660235Z tests/test_options.py::test_flag_value_and_default[opt_params1-args1-True] PASSED [ 45%]
2025-10-09T18:27:55.3671344Z tests/test_options.py::test_flag_value_and_default[opt_params2-args2-False] PASSED [ 45%]
2025-10-09T18:27:55.3682316Z tests/test_options.py::test_flag_value_and_default[opt_params3-args3-True] PASSED [ 45%]
2025-10-09T18:27:55.3694802Z tests/test_options.py::test_flag_value_and_default[opt_params4-args4-None] PASSED [ 45%]
2025-10-09T18:27:55.3705844Z tests/test_options.py::test_flag_value_and_default[opt_params5-args5-True] PASSED [ 45%]
2025-10-09T18:27:55.3717006Z tests/test_options.py::test_flag_value_and_default[opt_params6-args6-True] PASSED [ 45%]
2025-10-09T18:27:55.3727906Z tests/test_options.py::test_flag_value_and_default[opt_params7-args7-True] PASSED [ 45%]
2025-10-09T18:27:55.3738840Z tests/test_options.py::test_flag_value_and_default[opt_params8-args8-False] PASSED [ 45%]
2025-10-09T18:27:55.3749725Z tests/test_options.py::test_flag_value_and_default[opt_params9-args9-True] PASSED [ 45%]
2025-10-09T18:27:55.3762614Z tests/test_options.py::test_flag_value_and_default[opt_params10-args10-True] PASSED [ 45%]
2025-10-09T18:27:55.3773575Z tests/test_options.py::test_flag_value_and_default[opt_params11-args11-None] PASSED [ 46%]
2025-10-09T18:27:55.3784751Z tests/test_options.py::test_flag_value_and_default[opt_params12-args12-True] PASSED [ 46%]
2025-10-09T18:27:55.3795643Z tests/test_options.py::test_flag_value_and_default[opt_params13-args13-True] PASSED [ 46%]
2025-10-09T18:27:55.3806622Z tests/test_options.py::test_flag_value_and_default[opt_params14-args14-True] PASSED [ 46%]
2025-10-09T18:27:55.3817744Z tests/test_options.py::test_flag_value_and_default[opt_params15-args15-False] PASSED [ 46%]
2025-10-09T18:27:55.3828594Z tests/test_options.py::test_flag_value_and_default[opt_params16-args16-True] PASSED [ 46%]
2025-10-09T18:27:55.3841154Z tests/test_options.py::test_flag_value_and_default[opt_params17-args17-True] PASSED [ 46%]
2025-10-09T18:27:55.3852124Z tests/test_options.py::test_flag_value_and_default[opt_params18-args18-None] PASSED [ 46%]
2025-10-09T18:27:55.3863133Z tests/test_options.py::test_flag_value_and_default[opt_params19-args19-True] PASSED [ 46%]
2025-10-09T18:27:55.3874192Z tests/test_options.py::test_flag_value_and_default[opt_params20-args20-True] PASSED [ 46%]
2025-10-09T18:27:55.3885194Z tests/test_options.py::test_flag_value_and_default[opt_params21-args21-True] PASSED [ 46%]
2025-10-09T18:27:55.3896277Z tests/test_options.py::test_flag_value_and_default[opt_params22-args22-False] PASSED [ 46%]
2025-10-09T18:27:55.3909271Z tests/test_options.py::test_flag_value_and_default[opt_params23-args23-True] PASSED [ 46%]
2025-10-09T18:27:55.3920271Z tests/test_options.py::test_flag_value_and_default[opt_params24-args24-foo] PASSED [ 47%]
2025-10-09T18:27:55.3931315Z tests/test_options.py::test_flag_value_and_default[opt_params25-args25-True] PASSED [ 47%]
2025-10-09T18:27:55.3942304Z tests/test_options.py::test_flag_value_and_default[opt_params26-args26-None] PASSED [ 47%]
2025-10-09T18:27:55.3953230Z tests/test_options.py::test_flag_value_and_default[opt_params27-args27-True] PASSED [ 47%]
2025-10-09T18:27:55.3964374Z tests/test_options.py::test_flag_value_and_default[opt_params28-args28-False] PASSED [ 47%]
2025-10-09T18:27:55.3975292Z tests/test_options.py::test_flag_value_and_default[opt_params29-args29-True] PASSED [ 47%]
2025-10-09T18:27:55.3988371Z tests/test_options.py::test_flag_value_and_default[opt_params30-args30-False] PASSED [ 47%]
2025-10-09T18:27:55.3999564Z tests/test_options.py::test_flag_value_and_default[opt_params31-args31-False] PASSED [ 47%]
2025-10-09T18:27:55.4010462Z tests/test_options.py::test_flag_value_and_default[opt_params32-args32-False] PASSED [ 47%]
2025-10-09T18:27:55.4021335Z tests/test_options.py::test_flag_value_and_default[opt_params33-args33-None] PASSED [ 47%]
2025-10-09T18:27:55.4032206Z tests/test_options.py::test_flag_value_and_default[opt_params34-args34-False] PASSED [ 47%]
2025-10-09T18:27:55.4043080Z tests/test_options.py::test_flag_value_and_default[opt_params35-args35-True] PASSED [ 47%]
2025-10-09T18:27:55.4055790Z tests/test_options.py::test_flag_value_and_default[opt_params36-args36-False] PASSED [ 47%]
2025-10-09T18:27:55.4066886Z tests/test_options.py::test_flag_value_and_default[opt_params37-args37-False] PASSED [ 48%]
2025-10-09T18:27:55.4077939Z tests/test_options.py::test_flag_value_and_default[opt_params38-args38-False] PASSED [ 48%]
2025-10-09T18:27:55.4089276Z tests/test_options.py::test_flag_value_and_default[opt_params39-args39-None] PASSED [ 48%]
2025-10-09T18:27:55.4099815Z tests/test_options.py::test_flag_value_and_default[opt_params40-args40-None] PASSED [ 48%]
2025-10-09T18:27:55.4110285Z tests/test_options.py::test_flag_value_and_default[opt_params41-args41-True] PASSED [ 48%]
2025-10-09T18:27:55.4120564Z tests/test_options.py::test_flag_value_and_default[opt_params42-args42-None] PASSED [ 48%]
2025-10-09T18:27:55.4133345Z tests/test_options.py::test_flag_value_and_default[opt_params43-args43-False] PASSED [ 48%]
2025-10-09T18:27:55.4144340Z tests/test_options.py::test_flag_value_and_default[opt_params44-args44-None] PASSED [ 48%]
2025-10-09T18:27:55.4155052Z tests/test_options.py::test_flag_value_and_default[opt_params45-args45-foo] PASSED [ 48%]
2025-10-09T18:27:55.4166213Z tests/test_options.py::test_flag_value_and_default[opt_params46-args46-None] PASSED [ 48%]
2025-10-09T18:27:55.4176771Z tests/test_options.py::test_flag_value_and_default[opt_params47-args47-None] PASSED [ 48%]
2025-10-09T18:27:55.4187295Z tests/test_options.py::test_flag_value_and_default[opt_params48-args48-True] PASSED [ 48%]
2025-10-09T18:27:55.4199775Z tests/test_options.py::test_flag_value_and_default[opt_params49-args49-False] PASSED [ 48%]
2025-10-09T18:27:55.4210486Z tests/test_options.py::test_flag_value_and_default[opt_params50-args50-False] PASSED [ 48%]
2025-10-09T18:27:55.4221258Z tests/test_options.py::test_flag_value_and_default[opt_params51-args51-False] PASSED [ 49%]
2025-10-09T18:27:55.4231889Z tests/test_options.py::test_flag_value_and_default[opt_params52-args52-None] PASSED [ 49%]
2025-10-09T18:27:55.4242398Z tests/test_options.py::test_flag_value_and_default[opt_params53-args53-None] PASSED [ 49%]
2025-10-09T18:27:55.4253027Z tests/test_options.py::test_flag_value_and_default[opt_params54-args54-True] PASSED [ 49%]
2025-10-09T18:27:55.4263845Z tests/test_options.py::test_flag_value_and_default[opt_params55-args55-False] PASSED [ 49%]
2025-10-09T18:27:55.4276128Z tests/test_options.py::test_flag_value_and_default[opt_params56-args56-False] PASSED [ 49%]
2025-10-09T18:27:55.4286960Z tests/test_options.py::test_flag_value_and_default[opt_params57-args57-False] PASSED [ 49%]
2025-10-09T18:27:55.4297649Z tests/test_options.py::test_flag_value_and_default[opt_params58-args58-foo] PASSED [ 49%]
2025-10-09T18:27:55.4308022Z tests/test_options.py::test_flag_value_and_default[opt_params59-args59-foo] PASSED [ 49%]
2025-10-09T18:27:55.4317949Z tests/test_options.py::test_flag_value_and_default[opt_params60-args60-foo] PASSED [ 49%]
2025-10-09T18:27:55.4327931Z tests/test_options.py::test_flag_value_and_default[opt_params61-args61-foo] PASSED [ 49%]
2025-10-09T18:27:55.4340160Z tests/test_options.py::test_flag_value_and_default[opt_params62-args62-None] PASSED [ 49%]
2025-10-09T18:27:55.4351566Z tests/test_options.py::test_flag_value_and_default[opt_params63-args63-None] PASSED [ 49%]
2025-10-09T18:27:55.4362324Z tests/test_options.py::test_flag_value_and_default[opt_params64-args64-True] PASSED [ 50%]
2025-10-09T18:27:55.4372937Z tests/test_options.py::test_flag_value_and_default[opt_params65-args65-False] PASSED [ 50%]
2025-10-09T18:27:55.4383269Z tests/test_options.py::test_flag_value_and_default[opt_params66-args66-True] PASSED [ 50%]
2025-10-09T18:27:55.4393823Z tests/test_options.py::test_flag_value_and_default[opt_params67-args67-False] PASSED [ 50%]
2025-10-09T18:27:55.4404417Z tests/test_options.py::test_flag_value_and_default[opt_params68-args68-True] PASSED [ 50%]
2025-10-09T18:27:55.4417029Z tests/test_options.py::test_flag_value_and_default[opt_params69-args69-False] PASSED [ 50%]
2025-10-09T18:27:55.4427550Z tests/test_options.py::test_flag_value_and_default[opt_params70-args70-True] PASSED [ 50%]
2025-10-09T18:27:55.4438978Z tests/test_options.py::test_flag_value_and_default[opt_params71-args71-False] PASSED [ 50%]
2025-10-09T18:27:55.4449651Z tests/test_options.py::test_flag_value_and_default[opt_params72-args72-True] PASSED [ 50%]
2025-10-09T18:27:55.4460105Z tests/test_options.py::test_flag_value_and_default[opt_params73-args73-False] PASSED [ 50%]
2025-10-09T18:27:55.4470598Z tests/test_options.py::test_flag_value_and_default[opt_params74-args74-True] PASSED [ 50%]
2025-10-09T18:27:55.4484560Z tests/test_options.py::test_flag_value_and_default[opt_params75-args75-False] PASSED [ 50%]
2025-10-09T18:27:55.4495926Z tests/test_options.py::test_flag_value_and_default[opt_params76-args76-bar] PASSED [ 50%]
2025-10-09T18:27:55.4506698Z tests/test_options.py::test_flag_value_and_default[opt_params77-args77-None] PASSED [ 51%]
2025-10-09T18:27:55.4517239Z tests/test_options.py::test_flag_value_and_default[opt_params78-args78-True] PASSED [ 51%]
2025-10-09T18:27:55.4527713Z tests/test_options.py::test_flag_value_and_default[opt_params79-args79-False] PASSED [ 51%]
2025-10-09T18:27:55.4540712Z tests/test_options.py::test_invalid_flag_definition[args0-opts0] PASSED  [ 51%]
2025-10-09T18:27:55.4555170Z tests/test_options.py::test_invalid_flag_definition[args1-opts1] PASSED  [ 51%]
2025-10-09T18:27:55.4568638Z tests/test_options.py::test_invalid_flag_definition[args2-opts2] PASSED  [ 51%]
2025-10-09T18:27:55.4581519Z tests/test_options.py::test_invalid_flag_definition[args3-opts3] PASSED  [ 51%]
2025-10-09T18:27:55.4592495Z tests/test_options.py::test_default_dual_option_callback[True-args0-js] PASSED [ 51%]
2025-10-09T18:27:55.4603669Z tests/test_options.py::test_default_dual_option_callback[True-args1-xml] PASSED [ 51%]
2025-10-09T18:27:55.4614565Z tests/test_options.py::test_default_dual_option_callback[False-args2-js] PASSED [ 51%]
2025-10-09T18:27:55.4627819Z tests/test_options.py::test_default_dual_option_callback[False-args3-xml] PASSED [ 51%]
2025-10-09T18:27:55.4638630Z tests/test_options.py::test_default_dual_option_callback[None-args4-js] PASSED [ 51%]
2025-10-09T18:27:55.4649503Z tests/test_options.py::test_default_dual_option_callback[None-args5-xml] PASSED [ 51%]
2025-10-09T18:27:55.4660353Z tests/test_options.py::test_default_dual_option_callback[Sentinel.UNSET-args6-js] PASSED [ 51%]
2025-10-09T18:27:55.4671152Z tests/test_options.py::test_default_dual_option_callback[Sentinel.UNSET-args7-xml] PASSED [ 52%]
2025-10-09T18:27:55.4682315Z tests/test_options.py::test_default_dual_option_callback[True-args8-xml] PASSED [ 52%]
2025-10-09T18:27:55.4694912Z tests/test_options.py::test_default_dual_option_callback[True-args9-js] PASSED [ 52%]
2025-10-09T18:27:55.4705849Z tests/test_options.py::test_default_dual_option_callback[js-args10-js] PASSED [ 52%]
2025-10-09T18:27:55.4717067Z tests/test_options.py::test_default_dual_option_callback[xml-args11-xml] PASSED [ 52%]
2025-10-09T18:27:55.4728004Z tests/test_options.py::test_default_dual_option_callback[jS-args12-jS] PASSED [ 52%]
2025-10-09T18:27:55.4742571Z tests/test_options.py::test_default_dual_option_callback[xMl-args13-xMl] PASSED [ 52%]
2025-10-09T18:27:55.4755110Z tests/test_options.py::test_default_dual_option_callback[ \u1555( \u141b )\u1557 -args14- \u1555( \u141b )\u1557 ] PASSED [ 52%]
2025-10-09T18:27:55.4767882Z tests/test_options.py::test_default_dual_option_callback[None-args15-None] PASSED [ 52%]
2025-10-09T18:27:55.4778657Z tests/test_options.py::test_default_dual_option_callback[Sentinel.UNSET-args16-None] PASSED [ 52%]
2025-10-09T18:27:55.4789566Z tests/test_options.py::test_default_dual_option_callback[True-args17-js] PASSED [ 52%]
2025-10-09T18:27:55.4800610Z tests/test_options.py::test_default_dual_option_callback[False-args18-False] PASSED [ 52%]
2025-10-09T18:27:55.4812440Z tests/test_options.py::test_default_dual_option_callback[42-args19-42] PASSED [ 52%]
2025-10-09T18:27:55.4823611Z tests/test_options.py::test_default_dual_option_callback[12.3-args20-12.3] PASSED [ 53%]
2025-10-09T18:27:55.4836293Z tests/test_options.py::test_envvar_string_flag_value[bar-bar-bar] PASSED [ 53%]
2025-10-09T18:27:55.4847751Z tests/test_options.py::test_envvar_string_flag_value[BAR-BAR-BAR] PASSED [ 53%]
2025-10-09T18:27:55.4859008Z tests/test_options.py::test_envvar_string_flag_value[ bar - bar - bar ] PASSED [ 53%]
2025-10-09T18:27:55.4870201Z tests/test_options.py::test_envvar_string_flag_value[42-42-42] PASSED    [ 53%]
2025-10-09T18:27:55.4881018Z tests/test_options.py::test_envvar_string_flag_value[None-None-None0] PASSED [ 53%]
2025-10-09T18:27:55.4892442Z tests/test_options.py::test_envvar_string_flag_value[True-True-True] PASSED [ 53%]
2025-10-09T18:27:55.4903933Z tests/test_options.py::test_envvar_string_flag_value[False-False-False] PASSED [ 53%]
2025-10-09T18:27:55.4916767Z tests/test_options.py::test_envvar_string_flag_value[true-true-true] PASSED [ 53%]
2025-10-09T18:27:55.4927649Z tests/test_options.py::test_envvar_string_flag_value[false-false-false] PASSED [ 53%]
2025-10-09T18:27:55.4938270Z tests/test_options.py::test_envvar_string_flag_value[A B-A B-A B] PASSED [ 53%]
2025-10-09T18:27:55.4948992Z tests/test_options.py::test_envvar_string_flag_value[ 1 2 - 1 2 - 1 2 ] PASSED [ 53%]
2025-10-09T18:27:55.4959800Z tests/test_options.py::test_envvar_string_flag_value[9.3-9.3-9.3] PASSED [ 53%]
2025-10-09T18:27:55.4970255Z tests/test_options.py::test_envvar_string_flag_value[a;n-a;n-a;n] PASSED [ 54%]
2025-10-09T18:27:55.4982728Z tests/test_options.py::test_envvar_string_flag_value[x:y-x:y-x:y] PASSED [ 54%]
2025-10-09T18:27:55.4993858Z tests/test_options.py::test_envvar_string_flag_value[i/o-i/o-i/o] PASSED [ 54%]
2025-10-09T18:27:55.5004705Z tests/test_options.py::test_envvar_string_flag_value[bar--None] PASSED   [ 54%]
2025-10-09T18:27:55.5015739Z tests/test_options.py::test_envvar_string_flag_value[bar-None-None] PASSED [ 54%]
2025-10-09T18:27:55.5026448Z tests/test_options.py::test_envvar_string_flag_value[BAR--None] PASSED   [ 54%]
2025-10-09T18:27:55.5037401Z tests/test_options.py::test_envvar_string_flag_value[BAR-None-None] PASSED [ 54%]
2025-10-09T18:27:55.5048093Z tests/test_options.py::test_envvar_string_flag_value[ bar --None] PASSED [ 54%]
2025-10-09T18:27:55.5060837Z tests/test_options.py::test_envvar_string_flag_value[ bar -None-None] PASSED [ 54%]
2025-10-09T18:27:55.5071649Z tests/test_options.py::test_envvar_string_flag_value[42--None0] PASSED   [ 54%]
2025-10-09T18:27:55.5082507Z tests/test_options.py::test_envvar_string_flag_value[42-None-None0] PASSED [ 54%]
2025-10-09T18:27:55.5093564Z tests/test_options.py::test_envvar_string_flag_value[42--None1] PASSED   [ 54%]
2025-10-09T18:27:55.5104459Z tests/test_options.py::test_envvar_string_flag_value[42-None-None1] PASSED [ 54%]
2025-10-09T18:27:55.5115422Z tests/test_options.py::test_envvar_string_flag_value[None--None0] PASSED [ 54%]
2025-10-09T18:27:55.5128191Z tests/test_options.py::test_envvar_string_flag_value[None-None-None1] PASSED [ 55%]
2025-10-09T18:27:55.5138960Z tests/test_options.py::test_envvar_string_flag_value[None--None1] PASSED [ 55%]
2025-10-09T18:27:55.5149793Z tests/test_options.py::test_envvar_string_flag_value[None-None-None2] PASSED [ 55%]
2025-10-09T18:27:55.5160504Z tests/test_options.py::test_envvar_string_flag_value[True--None0] PASSED [ 55%]
2025-10-09T18:27:55.5171252Z tests/test_options.py::test_envvar_string_flag_value[True-None-None0] PASSED [ 55%]
2025-10-09T18:27:55.5182352Z tests/test_options.py::test_envvar_string_flag_value[True--None1] PASSED [ 55%]
2025-10-09T18:27:55.5193485Z tests/test_options.py::test_envvar_string_flag_value[True-None-None1] PASSED [ 55%]
2025-10-09T18:27:55.5206320Z tests/test_options.py::test_envvar_string_flag_value[true--None] PASSED  [ 55%]
2025-10-09T18:27:55.5217185Z tests/test_options.py::test_envvar_string_flag_value[true-None-None] PASSED [ 55%]
2025-10-09T18:27:55.5227834Z tests/test_options.py::test_envvar_string_flag_value[False--None0] PASSED [ 55%]
2025-10-09T18:27:55.5237871Z tests/test_options.py::test_envvar_string_flag_value[False-None-None0] PASSED [ 55%]
2025-10-09T18:27:55.5248656Z tests/test_options.py::test_envvar_string_flag_value[False--None1] PASSED [ 55%]
2025-10-09T18:27:55.5259739Z tests/test_options.py::test_envvar_string_flag_value[False-None-None1] PASSED [ 55%]
2025-10-09T18:27:55.5272040Z tests/test_options.py::test_envvar_string_flag_value[false--None] PASSED [ 56%]
2025-10-09T18:27:55.5283126Z tests/test_options.py::test_envvar_string_flag_value[false-None-None] PASSED [ 56%]
2025-10-09T18:27:55.5294164Z tests/test_options.py::test_envvar_string_flag_value[bar-True-bar] PASSED [ 56%]
2025-10-09T18:27:55.5305565Z tests/test_options.py::test_envvar_string_flag_value[bar-true-bar] PASSED [ 56%]
2025-10-09T18:27:55.5316736Z tests/test_options.py::test_envvar_string_flag_value[bar-trUe-bar] PASSED [ 56%]
2025-10-09T18:27:55.5327755Z tests/test_options.py::test_envvar_string_flag_value[bar-  TRUE  -bar] PASSED [ 56%]
2025-10-09T18:27:55.5338825Z tests/test_options.py::test_envvar_string_flag_value[bar-1-bar] PASSED   [ 56%]
2025-10-09T18:27:55.5353171Z tests/test_options.py::test_envvar_string_flag_value[bar-yes-bar] PASSED [ 56%]
2025-10-09T18:27:55.5365664Z tests/test_options.py::test_envvar_string_flag_value[bar-on-bar] PASSED  [ 56%]
2025-10-09T18:27:55.5377956Z tests/test_options.py::test_envvar_string_flag_value[bar-t-bar] PASSED   [ 56%]
2025-10-09T18:27:55.5389135Z tests/test_options.py::test_envvar_string_flag_value[bar-y-bar] PASSED   [ 56%]
2025-10-09T18:27:55.5399923Z tests/test_options.py::test_envvar_string_flag_value[bar-False-False] PASSED [ 56%]
2025-10-09T18:27:55.5410950Z tests/test_options.py::test_envvar_string_flag_value[bar-false-False] PASSED [ 56%]
2025-10-09T18:27:55.5423780Z tests/test_options.py::test_envvar_string_flag_value[bar-faLse-False] PASSED [ 56%]
2025-10-09T18:27:55.5434758Z tests/test_options.py::test_envvar_string_flag_value[bar-  FALSE  -False] PASSED [ 57%]
2025-10-09T18:27:55.5445719Z tests/test_options.py::test_envvar_string_flag_value[bar-0-False] PASSED [ 57%]
2025-10-09T18:27:55.5456715Z tests/test_options.py::test_envvar_string_flag_value[bar-no-False] PASSED [ 57%]
2025-10-09T18:27:55.5467257Z tests/test_options.py::test_envvar_string_flag_value[bar-off-False] PASSED [ 57%]
2025-10-09T18:27:55.5477389Z tests/test_options.py::test_envvar_string_flag_value[bar-f-False] PASSED [ 57%]
2025-10-09T18:27:55.5488080Z tests/test_options.py::test_envvar_string_flag_value[bar-n-False] PASSED [ 57%]
2025-10-09T18:27:55.5500860Z tests/test_options.py::test_envvar_string_flag_value[bar- bar -None] PASSED [ 57%]
2025-10-09T18:27:55.5511932Z tests/test_options.py::test_envvar_string_flag_value[bar-BAR-None] PASSED [ 57%]
2025-10-09T18:27:55.5522793Z tests/test_options.py::test_envvar_string_flag_value[bar-random-None] PASSED [ 57%]
2025-10-09T18:27:55.5533523Z tests/test_options.py::test_envvar_string_flag_value[bar-bar random-None] PASSED [ 57%]
2025-10-09T18:27:55.5544469Z tests/test_options.py::test_envvar_string_flag_value[bar-random bar-None] PASSED [ 57%]
2025-10-09T18:27:55.5555250Z tests/test_options.py::test_envvar_string_flag_value[BAR-bar-None] PASSED [ 57%]
2025-10-09T18:27:55.5568268Z tests/test_options.py::test_envvar_string_flag_value[ bar -bar-None] PASSED [ 57%]
2025-10-09T18:27:55.5579124Z tests/test_options.py::test_envvar_string_flag_value[ bar -BAR-None] PASSED [ 58%]
2025-10-09T18:27:55.5589906Z tests/test_options.py::test_envvar_string_flag_value[42-42-None] PASSED  [ 58%]
2025-10-09T18:27:55.5600648Z tests/test_options.py::test_envvar_string_flag_value[42-foo-None] PASSED [ 58%]
2025-10-09T18:27:55.5611690Z tests/test_options.py::test_envvar_string_flag_value[None-foo-None0] PASSED [ 58%]
2025-10-09T18:27:55.5622448Z tests/test_options.py::test_envvar_string_flag_value[None-foo-None1] PASSED [ 58%]
2025-10-09T18:27:55.5630956Z tests/test_options.py::test_flag_auto_detection[-a-opt_params0-False-False] PASSED [ 58%]
2025-10-09T18:27:55.5638944Z tests/test_options.py::test_flag_auto_detection[-a-opt_params1-False-False] PASSED [ 58%]
2025-10-09T18:27:55.5647191Z tests/test_options.py::test_flag_auto_detection[-a-opt_params2-False-False] PASSED [ 58%]
2025-10-09T18:27:55.5654330Z tests/test_options.py::test_flag_auto_detection[-a-opt_params3-False-False] PASSED [ 58%]
2025-10-09T18:27:55.5662782Z tests/test_options.py::test_flag_auto_detection[-a-opt_params4-True-False] PASSED [ 58%]
2025-10-09T18:27:55.5671287Z tests/test_options.py::test_flag_auto_detection[-a-opt_params5-True-True] PASSED [ 58%]
2025-10-09T18:27:55.5679530Z tests/test_options.py::test_flag_auto_detection[-a/-A-opt_params6-True-True] PASSED [ 58%]
2025-10-09T18:27:55.5687841Z tests/test_options.py::test_flag_auto_detection[-a-opt_params7-True-True] PASSED [ 58%]
2025-10-09T18:27:55.5696116Z tests/test_options.py::test_flag_auto_detection[-a-opt_params8-False-False] PASSED [ 59%]
2025-10-09T18:27:55.5706237Z tests/test_options.py::test_invalid_flag_combinations[kwargs0-'count' is not valid with 'multiple'.] PASSED [ 59%]
2025-10-09T18:27:55.5714824Z tests/test_options.py::test_invalid_flag_combinations[kwargs1-'count' is not valid with 'is_flag'.] PASSED [ 59%]
2025-10-09T18:27:55.5724749Z tests/test_options.py::test_non_flag_with_non_negatable_default PASSED   [ 59%]
2025-10-09T18:27:55.5750343Z tests/test_options.py::test_choice_usage_rendering[choices0-[TEXT]] PASSED [ 59%]
2025-10-09T18:27:55.5777692Z tests/test_options.py::test_choice_usage_rendering[choices1-[INTEGER]] PASSED [ 59%]
2025-10-09T18:27:55.5802521Z tests/test_options.py::test_choice_usage_rendering[choices2-[FLOAT]] PASSED [ 59%]
2025-10-09T18:27:55.5829677Z tests/test_options.py::test_choice_usage_rendering[choices3-[BOOLEAN]] PASSED [ 59%]
2025-10-09T18:27:55.5857815Z tests/test_options.py::test_choice_usage_rendering[choices4-[TEXT|INTEGER]] PASSED [ 59%]
2025-10-09T18:27:55.5885246Z tests/test_options.py::test_choice_usage_rendering[HashType-[HASHTYPE]] PASSED [ 59%]
2025-10-09T18:27:55.5910069Z tests/test_options.py::test_choice_usage_rendering[Number-[NUMBER]] PASSED [ 59%]
2025-10-09T18:27:55.5936962Z tests/test_options.py::test_choice_usage_rendering[Letter-[LETTER]] PASSED [ 59%]
2025-10-09T18:27:55.5961709Z tests/test_options.py::test_choice_usage_rendering[Color-[COLOR]] PASSED [ 59%]
2025-10-09T18:27:55.5988909Z tests/test_options.py::test_choice_usage_rendering[ColorInt-[COLORINT]] PASSED [ 59%]
2025-10-09T18:27:55.6001998Z tests/test_options.py::test_choice_default_rendering[choices0-bar-bar] PASSED [ 60%]
2025-10-09T18:27:55.6015094Z tests/test_options.py::test_choice_default_rendering[choices1-random-random] PASSED [ 60%]
2025-10-09T18:27:55.6027584Z tests/test_options.py::test_choice_default_rendering[choices2-None-None] PASSED [ 60%]
2025-10-09T18:27:55.6040320Z tests/test_options.py::test_choice_default_rendering[choices3-0-0] PASSED [ 60%]
2025-10-09T18:27:55.6055108Z tests/test_options.py::test_choice_default_rendering[choices4-0.0-0.0] PASSED [ 60%]
2025-10-09T18:27:55.6068093Z tests/test_options.py::test_choice_default_rendering[choices5-2-2] PASSED [ 60%]
2025-10-09T18:27:55.6080593Z tests/test_options.py::test_choice_default_rendering[choices6-2-2] PASSED [ 60%]
2025-10-09T18:27:55.6093565Z tests/test_options.py::test_choice_default_rendering[choices7-2.0-2.0] PASSED [ 60%]
2025-10-09T18:27:55.6106990Z tests/test_options.py::test_choice_default_rendering[choices8-True-True] PASSED [ 60%]
2025-10-09T18:27:55.6121798Z tests/test_options.py::test_choice_default_rendering[choices9-False-False] PASSED [ 60%]
2025-10-09T18:27:55.6134751Z tests/test_options.py::test_choice_default_rendering[choices10-foo-foo] PASSED [ 60%]
2025-10-09T18:27:55.6147829Z tests/test_options.py::test_choice_default_rendering[choices11-1-1] PASSED [ 60%]
2025-10-09T18:27:55.6161122Z tests/test_options.py::test_choice_default_rendering[HashType-HashType.SHA1-SHA1] PASSED [ 60%]
2025-10-09T18:27:55.6174202Z tests/test_options.py::test_choice_default_rendering[HashType-HashType.SHA256-SHA256] PASSED [ 61%]
2025-10-09T18:27:55.6192167Z tests/test_options.py::test_choice_default_rendering[HashType-SHA256-SHA256] PASSED [ 61%]
2025-10-09T18:27:55.6205120Z tests/test_options.py::test_choice_default_rendering[Number-2-TWO] PASSED [ 61%]
2025-10-09T18:27:55.6218337Z tests/test_options.py::test_choice_default_rendering[Number-TWO-TWO] PASSED [ 61%]
2025-10-09T18:27:55.6231264Z tests/test_options.py::test_choice_default_rendering[Letter-Value-1-NAME_1] PASSED [ 61%]
2025-10-09T18:27:55.6244289Z tests/test_options.py::test_choice_default_rendering[Letter-Value_2-NAME_2] PASSED [ 61%]
2025-10-09T18:27:55.6259427Z tests/test_options.py::test_choice_default_rendering[Letter-42_value-NAME_3] PASSED [ 61%]
2025-10-09T18:27:55.6272553Z tests/test_options.py::test_choice_default_rendering[Letter-NAME_1-NAME_1] PASSED [ 61%]
2025-10-09T18:27:55.6285631Z tests/test_options.py::test_choice_default_rendering[Letter-NAME_2-NAME_2] PASSED [ 61%]
2025-10-09T18:27:55.6298989Z tests/test_options.py::test_choice_default_rendering[Letter-NAME_3-NAME_3] PASSED [ 61%]
2025-10-09T18:27:55.6312075Z tests/test_options.py::test_choice_default_rendering[Color-Color.GREEN-GREEN] PASSED [ 61%]
2025-10-09T18:27:55.6327286Z tests/test_options.py::test_choice_default_rendering[Color-GREEN-GREEN] PASSED [ 61%]
2025-10-09T18:27:55.6340333Z tests/test_options.py::test_choice_default_rendering[ColorInt-2-GREEN] PASSED [ 61%]
2025-10-09T18:27:55.6353359Z tests/test_options.py::test_choice_default_rendering[ColorInt-GREEN-GREEN] PASSED [ 62%]
2025-10-09T18:27:55.6365089Z tests/test_options.py::test_duplicate_names_warning[opts_one0-opts_two0] PASSED [ 62%]
2025-10-09T18:27:55.6376087Z tests/test_options.py::test_duplicate_names_warning[opts_one1-opts_two1] PASSED [ 62%]
2025-10-09T18:27:55.6389698Z tests/test_options.py::test_dual_options_custom_type_sentinel_flag_value[args0-None-sentinel0] PASSED [ 62%]
2025-10-09T18:27:55.6404062Z tests/test_options.py::test_dual_options_custom_type_sentinel_flag_value[args0-None-EnumSentinel.FALSY_SENTINEL] PASSED [ 62%]
2025-10-09T18:27:55.6417887Z tests/test_options.py::test_dual_options_custom_type_sentinel_flag_value[args1-Error:\\ Option\\ '\\-\\-config'\\ requires\\ an\\ argument\\.\\\n-sentinel0] PASSED [ 62%]
2025-10-09T18:27:55.6431235Z tests/test_options.py::test_dual_options_custom_type_sentinel_flag_value[args1-Error:\\ Option\\ '\\-\\-config'\\ requires\\ an\\ argument\\.\\\n-EnumSentinel.FALSY_SENTINEL] PASSED [ 62%]
2025-10-09T18:27:55.6443817Z tests/test_options.py::test_dual_options_custom_type_sentinel_flag_value[args2-Error:\\ Option\\ '\\-\\-config'\\ requires\\ an\\ argument\\.\\\n-sentinel0] PASSED [ 62%]
2025-10-09T18:27:55.6457010Z tests/test_options.py::test_dual_options_custom_type_sentinel_flag_value[args2-Error:\\ Option\\ '\\-\\-config'\\ requires\\ an\\ argument\\.\\\n-EnumSentinel.FALSY_SENTINEL] PASSED [ 62%]
2025-10-09T18:27:55.6471111Z tests/test_options.py::test_dual_options_custom_type_sentinel_flag_value[args3-No configuration file provided.-sentinel0] PASSED [ 62%]
2025-10-09T18:27:55.6483506Z tests/test_options.py::test_dual_options_custom_type_sentinel_flag_value[args3-No configuration file provided.-EnumSentinel.FALSY_SENTINEL] PASSED [ 62%]
2025-10-09T18:27:55.6497665Z tests/test_options.py::test_dual_options_custom_type_sentinel_flag_value[args4-foo.conf-sentinel0] PASSED [ 62%]
2025-10-09T18:27:55.6512066Z tests/test_options.py::test_dual_options_custom_type_sentinel_flag_value[args4-foo.conf-EnumSentinel.FALSY_SENTINEL] PASSED [ 62%]
2025-10-09T18:27:55.6527301Z tests/test_options.py::test_dual_options_custom_type_sentinel_flag_value[args5-Usage: main \\[OPTIONS\\]\\nTry 'main --help' for help.\\n\\nError: Got unexpected extra argument (.+)\\n-sentinel0] PASSED [ 62%]
2025-10-09T18:27:55.6544179Z tests/test_options.py::test_dual_options_custom_type_sentinel_flag_value[args5-Usage: main \\[OPTIONS\\]\\nTry 'main --help' for help.\\n\\nError: Got unexpected extra argument (.+)\\n-EnumSentinel.FALSY_SENTINEL] PASSED [ 63%]
2025-10-09T18:27:55.6559776Z tests/test_options.py::test_dual_options_custom_type_sentinel_flag_value[args6-Usage: main \\[OPTIONS\\]\\nTry 'main --help' for help.\\n\\nError: Invalid value for '-c' / '--config': File 'random-file.conf' does not exist.\\n-sentinel0] PASSED [ 63%]
2025-10-09T18:27:55.6574580Z tests/test_options.py::test_dual_options_custom_type_sentinel_flag_value[args6-Usage: main \\[OPTIONS\\]\\nTry 'main --help' for help.\\n\\nError: Invalid value for '-c' / '--config': File 'random-file.conf' does not exist.\\n-EnumSentinel.FALSY_SENTINEL] PASSED [ 63%]
2025-10-09T18:27:55.6590496Z tests/test_options.py::test_dual_options_custom_type_sentinel_flag_value[args7-Usage: main \\[OPTIONS\\]\\nTry 'main --help' for help.\\n\\nError: Invalid value for '-c' / '--config': File '--no-config' does not exist.\\n-sentinel0] PASSED [ 63%]
2025-10-09T18:27:55.6605281Z tests/test_options.py::test_dual_options_custom_type_sentinel_flag_value[args7-Usage: main \\[OPTIONS\\]\\nTry 'main --help' for help.\\n\\nError: Invalid value for '-c' / '--config': File '--no-config' does not exist.\\n-EnumSentinel.FALSY_SENTINEL] PASSED [ 63%]
2025-10-09T18:27:55.6623034Z tests/test_options.py::test_dual_options_custom_type_sentinel_flag_value[args8-Usage: main \\[OPTIONS\\]\\nTry 'main --help' for help.\\n\\nError: Invalid value for '-c' / '--config': File '--no-config' does not exist.\\n-sentinel0] PASSED [ 63%]
2025-10-09T18:27:55.6638766Z tests/test_options.py::test_dual_options_custom_type_sentinel_flag_value[args8-Usage: main \\[OPTIONS\\]\\nTry 'main --help' for help.\\n\\nError: Invalid value for '-c' / '--config': File '--no-config' does not exist.\\n-EnumSentinel.FALSY_SENTINEL] PASSED [ 63%]
2025-10-09T18:27:55.6652234Z tests/test_options.py::test_dual_options_custom_type_sentinel_flag_value[args9-foo.conf-sentinel0] PASSED [ 63%]
2025-10-09T18:27:55.6666111Z tests/test_options.py::test_dual_options_custom_type_sentinel_flag_value[args9-foo.conf-EnumSentinel.FALSY_SENTINEL] PASSED [ 63%]
2025-10-09T18:27:55.6679197Z tests/test_options.py::test_custom_type_flag_value_standalone_option[opt_params0-args0-None] PASSED [ 63%]
2025-10-09T18:27:55.6690011Z tests/test_options.py::test_custom_type_flag_value_standalone_option[opt_params1-args1-None] PASSED [ 63%]
2025-10-09T18:27:55.6700755Z tests/test_options.py::test_custom_type_flag_value_standalone_option[opt_params2-args2-EngineType.OSS] PASSED [ 63%]
2025-10-09T18:27:55.6711396Z tests/test_options.py::test_custom_type_flag_value_standalone_option[opt_params3-args3-EngineType.OSS] PASSED [ 63%]
2025-10-09T18:27:55.6721878Z tests/test_options.py::test_custom_type_flag_value_standalone_option[opt_params4-args4-EngineType.OSS] PASSED [ 64%]
2025-10-09T18:27:55.6733087Z tests/test_options.py::test_custom_type_flag_value_standalone_option[opt_params5-args5-None] PASSED [ 64%]
2025-10-09T18:27:55.6744295Z tests/test_options.py::test_custom_type_flag_value_standalone_option[opt_params6-args6-None] PASSED [ 64%]
2025-10-09T18:27:55.6757129Z tests/test_options.py::test_custom_type_flag_value_standalone_option[opt_params7-args7-None] PASSED [ 64%]
2025-10-09T18:27:55.6768355Z tests/test_options.py::test_custom_type_flag_value_standalone_option[opt_params8-args8-None] PASSED [ 64%]
2025-10-09T18:27:55.6779238Z tests/test_options.py::test_custom_type_flag_value_standalone_option[opt_params9-args9-EngineType.OSS] PASSED [ 64%]
2025-10-09T18:27:55.6790657Z tests/test_options.py::test_custom_type_flag_value_standalone_option[opt_params10-args10-Error:\\ Option\\ '\\-\\-pro'\\ requires\\ an\\ argument\\.\\\n] PASSED [ 64%]
2025-10-09T18:27:55.6801676Z tests/test_options.py::test_custom_type_flag_value_standalone_option[opt_params11-args11-EngineType.OSS] PASSED [ 64%]
2025-10-09T18:27:55.6812395Z tests/test_options.py::test_custom_type_flag_value_standalone_option[opt_params12-args12-EngineType.OSS] PASSED [ 64%]
2025-10-09T18:27:55.6825152Z tests/test_options.py::test_custom_type_flag_value_standalone_option[opt_params13-args13-EngineType.OSS] PASSED [ 64%]
2025-10-09T18:27:55.6835534Z tests/test_options.py::test_custom_type_flag_value_standalone_option[opt_params14-args14-1] PASSED [ 64%]
2025-10-09T18:27:55.6847106Z tests/test_options.py::test_custom_type_flag_value_standalone_option[opt_params15-args15-42] PASSED [ 64%]
2025-10-09T18:27:55.6858173Z tests/test_options.py::test_custom_type_flag_value_standalone_option[opt_params16-args16-EngineType.OSS] PASSED [ 64%]
2025-10-09T18:27:55.6869240Z tests/test_options.py::test_custom_type_flag_value_standalone_option[opt_params17-args17-42] PASSED [ 64%]
2025-10-09T18:27:55.6879714Z tests/test_options.py::test_custom_type_flag_value_standalone_option[opt_params18-args18-1] PASSED [ 65%]
2025-10-09T18:27:55.6890432Z tests/test_options.py::test_custom_type_flag_value_standalone_option[opt_params19-args19-42] PASSED [ 65%]
2025-10-09T18:27:55.6902716Z tests/test_options.py::test_custom_type_flag_value_standalone_option[opt_params20-args20-1] PASSED [ 65%]
2025-10-09T18:27:55.6913538Z tests/test_options.py::test_custom_type_flag_value_standalone_option[opt_params21-args21-42] PASSED [ 65%]
2025-10-09T18:27:55.6924786Z tests/test_options.py::test_custom_type_flag_value_standalone_option[opt_params22-args22-EngineType.OSS] PASSED [ 65%]
2025-10-09T18:27:55.6935395Z tests/test_options.py::test_custom_type_flag_value_standalone_option[opt_params23-args23-42] PASSED [ 65%]
2025-10-09T18:27:55.6946152Z tests/test_options.py::test_custom_type_flag_value_standalone_option[opt_params24-args24-1] PASSED [ 65%]
2025-10-09T18:27:55.6957230Z tests/test_options.py::test_custom_type_flag_value_standalone_option[opt_params25-args25-42] PASSED [ 65%]
2025-10-09T18:27:55.6969449Z tests/test_options.py::test_custom_type_flag_value_standalone_option[opt_params26-args26-1] PASSED [ 65%]
2025-10-09T18:27:55.6980392Z tests/test_options.py::test_custom_type_flag_value_standalone_option[opt_params27-args27-42] PASSED [ 65%]
2025-10-09T18:27:55.6991056Z tests/test_options.py::test_custom_type_flag_value_standalone_option[opt_params28-args28-1] PASSED [ 65%]
2025-10-09T18:27:55.7002178Z tests/test_options.py::test_custom_type_flag_value_standalone_option[opt_params29-args29-42] PASSED [ 65%]
2025-10-09T18:27:55.7013694Z tests/test_options.py::test_custom_type_flag_value_dual_options[opt1_params0-opt2_params0-args0-None] PASSED [ 65%]
2025-10-09T18:27:55.7025304Z tests/test_options.py::test_custom_type_flag_value_dual_options[opt1_params1-opt2_params1-args1-EngineType.OSS] PASSED [ 66%]
2025-10-09T18:27:55.7039386Z tests/test_options.py::test_custom_type_flag_value_dual_options[opt1_params2-opt2_params2-args2-EngineType.PRO] PASSED [ 66%]
2025-10-09T18:27:55.7050982Z tests/test_options.py::test_custom_type_flag_value_dual_options[opt1_params3-opt2_params3-args3-'<test_options.Class1 object at 0x[0-9A-Fa-f]+>'] PASSED [ 66%]
2025-10-09T18:27:55.7062107Z tests/test_options.py::test_custom_type_flag_value_dual_options[opt1_params4-opt2_params4-args4-<class 'test_options.Class1'>] PASSED [ 66%]
2025-10-09T18:27:55.7073352Z tests/test_options.py::test_custom_type_flag_value_dual_options[opt1_params5-opt2_params5-args5-<class 'test_options.Class2'>] PASSED [ 66%]
2025-10-09T18:27:55.7084227Z tests/test_options.py::test_custom_type_flag_value_dual_options[opt1_params6-opt2_params6-args6-True] PASSED [ 66%]
2025-10-09T18:27:55.7095283Z tests/test_options.py::test_custom_type_flag_value_dual_options[opt1_params7-opt2_params7-args7-None] PASSED [ 66%]
2025-10-09T18:27:55.7108664Z tests/test_options.py::test_custom_type_flag_value_dual_options[opt1_params8-opt2_params8-args8-<test_options.Class1 object at 0x[0-9A-Fa-f]+>] PASSED [ 66%]
2025-10-09T18:27:55.7119484Z tests/test_options.py::test_custom_type_flag_value_dual_options[opt1_params9-opt2_params9-args9-Class1] PASSED [ 66%]
2025-10-09T18:27:55.7131042Z tests/test_options.py::test_custom_type_flag_value_dual_options[opt1_params10-opt2_params10-args10-Class2] PASSED [ 66%]
2025-10-09T18:27:55.7142563Z tests/test_options.py::test_custom_type_flag_value_dual_options[opt1_params11-opt2_params11-args11-'<test_options.Class1 object at 0x[0-9A-Fa-f]+>'] PASSED [ 66%]
2025-10-09T18:27:55.7153733Z tests/test_options.py::test_custom_type_flag_value_dual_options[opt1_params12-opt2_params12-args12-'<test_options.Class2 object at 0x[0-9A-Fa-f]+>'] PASSED [ 66%]
2025-10-09T18:27:55.7165182Z tests/test_options.py::test_custom_type_flag_value_dual_options[opt1_params13-opt2_params13-args13-<test_options.Class1 object at 0x[0-9A-Fa-f]+>] PASSED [ 66%]
2025-10-09T18:27:55.7178150Z tests/test_options.py::test_custom_type_flag_value_dual_options[opt1_params14-opt2_params14-args14-<test_options.Class2 object at 0x[0-9A-Fa-f]+>] PASSED [ 67%]
2025-10-09T18:27:55.7189666Z tests/test_options.py::test_custom_type_flag_value_dual_options[opt1_params15-opt2_params15-args15-1] PASSED [ 67%]
2025-10-09T18:27:55.7200515Z tests/test_options.py::test_custom_type_flag_value_dual_options[opt1_params16-opt2_params16-args16-1] PASSED [ 67%]
2025-10-09T18:27:55.7211999Z tests/test_options.py::test_custom_type_frozenset_flag_value PASSED      [ 67%]
2025-10-09T18:27:55.7221486Z tests/test_options.py::test_flag_value_optional_behavior PASSED          [ 67%]
2025-10-09T18:27:55.7231484Z tests/test_options.py::test_flag_value_with_type_conversion PASSED       [ 67%]
2025-10-09T18:27:55.7239516Z tests/test_parser.py::test_split_arg_string[cli a b c-expect0] PASSED    [ 67%]
2025-10-09T18:27:55.7247024Z tests/test_parser.py::test_split_arg_string[cli 'my file-expect1] PASSED [ 67%]
2025-10-09T18:27:55.7254751Z tests/test_parser.py::test_split_arg_string[cli 'my file'-expect2] PASSED [ 67%]
2025-10-09T18:27:55.7262365Z tests/test_parser.py::test_split_arg_string[cli my\\-expect3] PASSED     [ 67%]
2025-10-09T18:27:55.7270523Z tests/test_parser.py::test_split_arg_string[cli my\\ file-expect4] PASSED [ 67%]
2025-10-09T18:27:55.7277689Z tests/test_parser.py::test_parser_default_prefixes PASSED                [ 67%]
2025-10-09T18:27:55.7287108Z tests/test_parser.py::test_parser_collects_prefixes PASSED               [ 67%]
2025-10-09T18:27:55.7299670Z tests/test_shell_completion.py::test_command PASSED                      [ 67%]
2025-10-09T18:27:55.7308904Z tests/test_shell_completion.py::test_group PASSED                        [ 68%]
2025-10-09T18:27:55.7318824Z tests/test_shell_completion.py::test_nested_group[args0--expect0] PASSED [ 68%]
2025-10-09T18:27:55.7330089Z tests/test_shell_completion.py::test_nested_group[args1--expect1] PASSED [ 68%]
2025-10-09T18:27:55.7342586Z tests/test_shell_completion.py::test_nested_group[args2--expect2] PASSED [ 68%]
2025-10-09T18:27:55.7355125Z tests/test_shell_completion.py::test_nested_group[args3---expect3] PASSED [ 68%]
2025-10-09T18:27:55.7368704Z tests/test_shell_completion.py::test_nested_group[args4--expect4] PASSED [ 68%]
2025-10-09T18:27:55.7381950Z tests/test_shell_completion.py::test_nested_group[args5---expect5] PASSED [ 68%]
2025-10-09T18:27:55.7397647Z tests/test_shell_completion.py::test_group_command_same_option PASSED    [ 68%]
2025-10-09T18:27:55.7414570Z tests/test_shell_completion.py::test_chained PASSED                      [ 68%]
2025-10-09T18:27:55.7425133Z tests/test_shell_completion.py::test_help_option PASSED                  [ 68%]
2025-10-09T18:27:55.7437260Z tests/test_shell_completion.py::test_argument_order PASSED               [ 68%]
2025-10-09T18:27:55.7447497Z tests/test_shell_completion.py::test_argument_default PASSED             [ 68%]
2025-10-09T18:27:55.7460591Z tests/test_shell_completion.py::test_type_choice PASSED                  [ 68%]
2025-10-09T18:27:55.7473848Z tests/test_shell_completion.py::test_choice_special_characters PASSED    [ 69%]
2025-10-09T18:27:55.7485813Z tests/test_shell_completion.py::test_choice_conflicting_prefix PASSED    [ 69%]
2025-10-09T18:27:55.7496763Z tests/test_shell_completion.py::test_option_count PASSED                 [ 69%]
2025-10-09T18:27:55.7506158Z tests/test_shell_completion.py::test_option_optional PASSED              [ 69%]
2025-10-09T18:27:55.7517106Z tests/test_shell_completion.py::test_path_types[type0-file] PASSED       [ 69%]
2025-10-09T18:27:55.7527723Z tests/test_shell_completion.py::test_path_types[type1-file] PASSED       [ 69%]
2025-10-09T18:27:55.7538206Z tests/test_shell_completion.py::test_path_types[type2-dir] PASSED        [ 69%]
2025-10-09T18:27:55.7548412Z tests/test_shell_completion.py::test_absolute_path PASSED                [ 69%]
2025-10-09T18:27:55.7557536Z tests/test_shell_completion.py::test_option_flag PASSED                  [ 69%]
2025-10-09T18:27:55.7567222Z tests/test_shell_completion.py::test_flag_option_with_nargs_option PASSED [ 69%]
2025-10-09T18:27:55.7577191Z tests/test_shell_completion.py::test_option_custom PASSED                [ 69%]
2025-10-09T18:27:55.7593100Z tests/test_shell_completion.py::test_option_multiple PASSED              [ 69%]
2025-10-09T18:27:55.7605959Z tests/test_shell_completion.py::test_option_nargs PASSED                 [ 69%]
2025-10-09T18:27:55.7623963Z tests/test_shell_completion.py::test_argument_nargs PASSED               [ 70%]
2025-10-09T18:27:55.7635157Z tests/test_shell_completion.py::test_double_dash PASSED                  [ 70%]
2025-10-09T18:27:55.7647859Z tests/test_shell_completion.py::test_hidden PASSED                       [ 70%]
2025-10-09T18:27:55.7656462Z tests/test_shell_completion.py::test_add_different_name PASSED           [ 70%]
2025-10-09T18:27:55.7663801Z tests/test_shell_completion.py::test_completion_item_data PASSED         [ 70%]
2025-10-09T18:27:55.7674832Z tests/test_shell_completion.py::test_full_source[bash] PASSED            [ 70%]
2025-10-09T18:27:55.7685365Z tests/test_shell_completion.py::test_full_source[zsh] PASSED             [ 70%]
2025-10-09T18:27:55.7696673Z tests/test_shell_completion.py::test_full_source[fish] PASSED            [ 70%]
2025-10-09T18:27:55.7709149Z tests/test_shell_completion.py::test_full_complete[bash-env0-plain,a\nplain,b\n] PASSED [ 70%]
2025-10-09T18:27:55.7721333Z tests/test_shell_completion.py::test_full_complete[bash-env1-plain,b\n] PASSED [ 70%]
2025-10-09T18:27:55.7733984Z tests/test_shell_completion.py::test_full_complete[zsh-env2-plain\na\n_\nplain\nb\nbee\n] PASSED [ 70%]
2025-10-09T18:27:55.7745578Z tests/test_shell_completion.py::test_full_complete[zsh-env3-plain\nb\nbee\n] PASSED [ 70%]
2025-10-09T18:27:55.7757341Z tests/test_shell_completion.py::test_full_complete[fish-env4-plain,a\nplain,b\tbee\n] PASSED [ 70%]
2025-10-09T18:27:55.7770610Z tests/test_shell_completion.py::test_full_complete[fish-env5-plain,b\tbee\n] PASSED [ 70%]
2025-10-09T18:27:55.7782304Z tests/test_shell_completion.py::test_full_complete[fish-env6-plain,b\tbee\n] PASSED [ 71%]
2025-10-09T18:27:55.7794218Z tests/test_shell_completion.py::test_zsh_full_complete_with_colons[env0-plain\na\n_\nplain\nb\nbee\nplain\nc\\:d\ncee:dee\nplain\nc:e\n_\n] PASSED [ 71%]
2025-10-09T18:27:55.7805410Z tests/test_shell_completion.py::test_zsh_full_complete_with_colons[env1-plain\nc\\:d\ncee:dee\nplain\nc:e\n_\n] PASSED [ 71%]
2025-10-09T18:27:55.7817047Z tests/test_shell_completion.py::test_zsh_full_complete_with_colons[env2-plain\nc\\:d\ncee:dee\nplain\nc:e\n_\n] PASSED [ 71%]
2025-10-09T18:27:55.7827855Z tests/test_shell_completion.py::test_context_settings PASSED             [ 71%]
2025-10-09T18:27:55.7838077Z tests/test_shell_completion.py::test_choice_case_sensitive[False-expect0] PASSED [ 71%]
2025-10-09T18:27:55.7848569Z tests/test_shell_completion.py::test_choice_case_sensitive[True-expect1] PASSED [ 71%]
2025-10-09T18:27:55.7862554Z tests/test_shell_completion.py::test_add_completion_class PASSED         [ 71%]
2025-10-09T18:27:55.7873571Z tests/test_shell_completion.py::test_add_completion_class_with_name PASSED [ 71%]
2025-10-09T18:27:55.7884676Z tests/test_shell_completion.py::test_add_completion_class_decorator PASSED [ 71%]
2025-10-09T18:27:55.7899258Z tests/test_shell_completion.py::test_files_closed PASSED                 [ 71%]
2025-10-09T18:27:55.7911781Z tests/test_termui.py::test_progressbar_strip_regression PASSED           [ 71%]
2025-10-09T18:27:55.7923676Z tests/test_termui.py::test_progressbar_length_hint PASSED                [ 71%]
2025-10-09T18:27:55.7934285Z tests/test_termui.py::test_progressbar_no_tty PASSED                     [ 72%]
2025-10-09T18:27:55.7944646Z tests/test_termui.py::test_progressbar_hidden_manual PASSED              [ 72%]
2025-10-09T18:27:55.7953421Z tests/test_termui.py::test_progressbar_time_per_iteration[avg0-0.0] PASSED [ 72%]
2025-10-09T18:27:55.7961952Z tests/test_termui.py::test_progressbar_time_per_iteration[avg1-2.5] PASSED [ 72%]
2025-10-09T18:27:55.7970413Z tests/test_termui.py::test_progressbar_eta[False-5] PASSED               [ 72%]
2025-10-09T18:27:55.7978621Z tests/test_termui.py::test_progressbar_eta[True-0] PASSED                [ 72%]
2025-10-09T18:27:55.7986749Z tests/test_termui.py::test_progressbar_format_eta[0-00:00:00] PASSED     [ 72%]
2025-10-09T18:27:55.7994826Z tests/test_termui.py::test_progressbar_format_eta[30-00:00:30] PASSED    [ 72%]
2025-10-09T18:27:55.8003118Z tests/test_termui.py::test_progressbar_format_eta[90-00:01:30] PASSED    [ 72%]
2025-10-09T18:27:55.8011679Z tests/test_termui.py::test_progressbar_format_eta[900-00:15:00] PASSED   [ 72%]
2025-10-09T18:27:55.8019761Z tests/test_termui.py::test_progressbar_format_eta[9000-02:30:00] PASSED  [ 72%]
2025-10-09T18:27:55.8028046Z tests/test_termui.py::test_progressbar_format_eta[99999999999-1157407d 09:46:39] PASSED [ 72%]
2025-10-09T18:27:55.8035996Z tests/test_termui.py::test_progressbar_format_eta[None-] PASSED          [ 72%]
2025-10-09T18:27:55.8044199Z tests/test_termui.py::test_progressbar_format_pos[0-5] PASSED            [ 72%]
2025-10-09T18:27:55.8052911Z tests/test_termui.py::test_progressbar_format_pos[-1-1] PASSED           [ 73%]
2025-10-09T18:27:55.8060444Z tests/test_termui.py::test_progressbar_format_pos[5-5] PASSED            [ 73%]
2025-10-09T18:27:55.8068707Z tests/test_termui.py::test_progressbar_format_pos[6-5] PASSED            [ 73%]
2025-10-09T18:27:55.8076912Z tests/test_termui.py::test_progressbar_format_pos[4-0] PASSED            [ 73%]
2025-10-09T18:27:55.8085872Z tests/test_termui.py::test_progressbar_format_bar[8-False-7-0-#######-] PASSED [ 73%]
2025-10-09T18:27:55.8094985Z tests/test_termui.py::test_progressbar_format_bar[0-True-8-0-########] PASSED [ 73%]
2025-10-09T18:27:55.8104621Z tests/test_termui.py::test_progressbar_format_progress_line[0-True-True-0-  [--------]  0/0    0%] PASSED [ 73%]
2025-10-09T18:27:55.8114099Z tests/test_termui.py::test_progressbar_format_progress_line[0-False-True-0-  [--------]  0/0] PASSED [ 73%]
2025-10-09T18:27:55.8123365Z tests/test_termui.py::test_progressbar_format_progress_line[0-False-False-0-  [--------]0] PASSED [ 73%]
2025-10-09T18:27:55.8134482Z tests/test_termui.py::test_progressbar_format_progress_line[0-False-False-0-  [--------]1] PASSED [ 73%]
2025-10-09T18:27:55.8144294Z tests/test_termui.py::test_progressbar_format_progress_line[8-True-True-8-  [########]  8/8  100%] PASSED [ 73%]
2025-10-09T18:27:55.8152795Z tests/test_termui.py::test_progressbar_format_progress_line_with_show_func[test] PASSED [ 73%]
2025-10-09T18:27:55.8161373Z tests/test_termui.py::test_progressbar_format_progress_line_with_show_func[None] PASSED [ 73%]
2025-10-09T18:27:55.8169916Z tests/test_termui.py::test_progressbar_init_exceptions PASSED            [ 74%]
2025-10-09T18:27:55.8178305Z tests/test_termui.py::test_progressbar_iter_outside_with_exceptions PASSED [ 74%]
2025-10-09T18:27:55.8189739Z tests/test_termui.py::test_progressbar_is_iterator PASSED                [ 74%]
2025-10-09T18:27:55.8203002Z tests/test_termui.py::test_choices_list_in_prompt PASSED                 [ 74%]
2025-10-09T18:27:55.8214681Z tests/test_termui.py::test_file_prompt_default_format[file_kwargs0] PASSED [ 74%]
2025-10-09T18:27:55.8225951Z tests/test_termui.py::test_file_prompt_default_format[file_kwargs1] PASSED [ 74%]
2025-10-09T18:27:55.8239229Z tests/test_termui.py::test_file_prompt_default_format[file_kwargs2] PASSED [ 74%]
2025-10-09T18:27:55.8247660Z tests/test_termui.py::test_secho PASSED                                  [ 74%]
2025-10-09T18:27:55.8256760Z tests/test_termui.py::test_secho_non_text[123-\x1b[45m123\x1b[0m] PASSED [ 74%]
2025-10-09T18:27:55.8265078Z tests/test_termui.py::test_secho_non_text[test-test] PASSED              [ 74%]
2025-10-09T18:27:55.8272986Z tests/test_termui.py::test_progressbar_yields_all_items PASSED           [ 74%]
2025-10-09T18:27:55.8284239Z tests/test_termui.py::test_progressbar_update PASSED                     [ 74%]
2025-10-09T18:27:55.8295393Z tests/test_termui.py::test_progressbar_item_show_func PASSED             [ 74%]
2025-10-09T18:27:55.8305758Z tests/test_termui.py::test_progressbar_update_with_item_show_func PASSED [ 75%]
2025-10-09T18:27:55.8313560Z tests/test_termui.py::test_progress_bar_update_min_steps PASSED          [ 75%]
2025-10-09T18:27:55.8320765Z tests/test_termui.py::test_getchar_windows[True-h] SKIPPED (Tests us...) [ 75%]
2025-10-09T18:27:55.8327523Z tests/test_termui.py::test_getchar_windows[True-H] SKIPPED (Tests us...) [ 75%]
2025-10-09T18:27:55.8333663Z tests/test_termui.py::test_getchar_windows[True-\xe9] SKIPPED (Tests...) [ 75%]
2025-10-09T18:27:55.8340381Z tests/test_termui.py::test_getchar_windows[True-\xc0] SKIPPED (Tests...) [ 75%]
2025-10-09T18:27:55.8348961Z tests/test_termui.py::test_getchar_windows[True- ] SKIPPED (Tests us...) [ 75%]
2025-10-09T18:27:55.8356397Z tests/test_termui.py::test_getchar_windows[True-\u5b57] SKIPPED (Tes...) [ 75%]
2025-10-09T18:27:55.8362686Z tests/test_termui.py::test_getchar_windows[True-\xe0H] SKIPPED (Test...) [ 75%]
2025-10-09T18:27:55.8369991Z tests/test_termui.py::test_getchar_windows[True-\xe0R] SKIPPED (Test...) [ 75%]
2025-10-09T18:27:55.8376092Z tests/test_termui.py::test_getchar_windows[False-h] SKIPPED (Tests u...) [ 75%]
2025-10-09T18:27:55.8382940Z tests/test_termui.py::test_getchar_windows[False-H] SKIPPED (Tests u...) [ 75%]
2025-10-09T18:27:55.8389371Z tests/test_termui.py::test_getchar_windows[False-\xe9] SKIPPED (Test...) [ 75%]
2025-10-09T18:27:55.8395579Z tests/test_termui.py::test_getchar_windows[False-\xc0] SKIPPED (Test...) [ 75%]
2025-10-09T18:27:55.8402215Z tests/test_termui.py::test_getchar_windows[False- ] SKIPPED (Tests u...) [ 76%]
2025-10-09T18:27:55.8408563Z tests/test_termui.py::test_getchar_windows[False-\u5b57] SKIPPED (Te...) [ 76%]
2025-10-09T18:27:55.8415720Z tests/test_termui.py::test_getchar_windows[False-\xe0H] SKIPPED (Tes...) [ 76%]
2025-10-09T18:27:55.8422437Z tests/test_termui.py::test_getchar_windows[False-\xe0R] SKIPPED (Tes...) [ 76%]
2025-10-09T18:27:55.8428746Z tests/test_termui.py::test_getchar_special_key_windows[\x00-a] SKIPPED   [ 76%]
2025-10-09T18:27:55.8434694Z tests/test_termui.py::test_getchar_special_key_windows[\x00-b] SKIPPED   [ 76%]
2025-10-09T18:27:55.8440898Z tests/test_termui.py::test_getchar_special_key_windows[\xe0-c] SKIPPED   [ 76%]
2025-10-09T18:27:55.8447088Z tests/test_termui.py::test_getchar_windows_exceptions[\x03-KeyboardInterrupt] SKIPPED [ 76%]
2025-10-09T18:27:55.8453180Z tests/test_termui.py::test_getchar_windows_exceptions[\x1a-EOFError] SKIPPED [ 76%]
2025-10-09T18:27:55.8587511Z tests/test_termui.py::test_fast_edit PASSED                              [ 76%]
2025-10-09T18:27:55.8614245Z tests/test_termui.py::test_edit PASSED                                   [ 76%]
2025-10-09T18:27:55.8627797Z tests/test_termui.py::test_prompt_required_with_required[True-False-None-prompt] PASSED [ 76%]
2025-10-09T18:27:55.8640138Z tests/test_termui.py::test_prompt_required_with_required[True-False-args1-Option '-v' requires an argument.] PASSED [ 76%]
2025-10-09T18:27:55.8651182Z tests/test_termui.py::test_prompt_required_with_required[False-True-None-prompt] PASSED [ 77%]
2025-10-09T18:27:55.8664091Z tests/test_termui.py::test_prompt_required_with_required[False-True-args3-prompt] PASSED [ 77%]
2025-10-09T18:27:55.8674577Z tests/test_termui.py::test_prompt_required_false[no flag] PASSED         [ 77%]
2025-10-09T18:27:55.8686079Z tests/test_termui.py::test_prompt_required_false[short sep value] PASSED [ 77%]
2025-10-09T18:27:55.8696636Z tests/test_termui.py::test_prompt_required_false[long sep value] PASSED  [ 77%]
2025-10-09T18:27:55.8708138Z tests/test_termui.py::test_prompt_required_false[short join value] PASSED [ 77%]
2025-10-09T18:27:55.8718870Z tests/test_termui.py::test_prompt_required_false[long join value] PASSED [ 77%]
2025-10-09T18:27:55.8729973Z tests/test_termui.py::test_prompt_required_false[short no value] PASSED  [ 77%]
2025-10-09T18:27:55.8740736Z tests/test_termui.py::test_prompt_required_false[long no value] PASSED   [ 77%]
2025-10-09T18:27:55.8752607Z tests/test_termui.py::test_prompt_required_false[no value opt] PASSED    [ 77%]
2025-10-09T18:27:55.8764978Z tests/test_termui.py::test_confirmation_prompt[True-password\npassword-None-password] PASSED [ 77%]
2025-10-09T18:27:55.8780458Z tests/test_termui.py::test_confirmation_prompt[Confirm Password-password\npassword\n-None-password] PASSED [ 77%]
2025-10-09T18:27:55.8792038Z tests/test_termui.py::test_confirmation_prompt[True-\n\n--] PASSED       [ 77%]
2025-10-09T18:27:55.8802890Z tests/test_termui.py::test_confirmation_prompt[False-None-None-None] PASSED [ 78%]
2025-10-09T18:27:55.8813135Z tests/test_termui.py::test_false_show_default_cause_no_default_display_in_prompt PASSED [ 78%]
2025-10-09T18:27:55.8825079Z tests/test_termui.py::test_flag_value_prompt[--flag/--no-flag-opt_params0-args0-[y/N]-y-True] PASSED [ 78%]
2025-10-09T18:27:55.8836974Z tests/test_termui.py::test_flag_value_prompt[--flag/--no-flag-opt_params1-args1-[y/N]-n-False] PASSED [ 78%]
2025-10-09T18:27:55.8848696Z tests/test_termui.py::test_flag_value_prompt[--flag/--no-flag-opt_params2-args2-[y/N]--False] PASSED [ 78%]
2025-10-09T18:27:55.8860695Z tests/test_termui.py::test_flag_value_prompt[--flag/--no-flag-opt_params3-args3-[Y/n]--True] PASSED [ 78%]
2025-10-09T18:27:55.8872152Z tests/test_termui.py::test_flag_value_prompt[--flag/--no-flag-opt_params4-args4-[Y/n]-y-True] PASSED [ 78%]
2025-10-09T18:27:55.8883832Z tests/test_termui.py::test_flag_value_prompt[--flag/--no-flag-opt_params5-args5-[Y/n]-n-False] PASSED [ 78%]
2025-10-09T18:27:55.8895731Z tests/test_termui.py::test_flag_value_prompt[--flag/--no-flag-opt_params6-args6-[y/N]--False] PASSED [ 78%]
2025-10-09T18:27:55.8907774Z tests/test_termui.py::test_flag_value_prompt[--flag/--no-flag-opt_params7-args7-[y/N]-y-True] PASSED [ 78%]
2025-10-09T18:27:55.8919342Z tests/test_termui.py::test_flag_value_prompt[--flag/--no-flag-opt_params8-args8-[y/N]-n-False] PASSED [ 78%]
2025-10-09T18:27:55.8930943Z tests/test_termui.py::test_flag_value_prompt[--flag/--no-flag-opt_params9-args9-[y/n]-y-True] PASSED [ 78%]
2025-10-09T18:27:55.8943181Z tests/test_termui.py::test_flag_value_prompt[--flag/--no-flag-opt_params10-args10-[y/n]-n-False] PASSED [ 78%]
2025-10-09T18:27:55.8954874Z tests/test_termui.py::test_flag_value_prompt[--flag/--no-flag-opt_params11-args11-[Y/n]--True] PASSED [ 78%]
2025-10-09T18:27:55.8966653Z tests/test_termui.py::test_flag_value_prompt[--flag/--no-flag-opt_params12-args12-[Y/n]-y-True] PASSED [ 79%]
2025-10-09T18:27:55.8978038Z tests/test_termui.py::test_flag_value_prompt[--flag/--no-flag-opt_params13-args13-[Y/n]-n-False] PASSED [ 79%]
2025-10-09T18:27:55.8989256Z tests/test_termui.py::test_flag_value_prompt[--flag/--no-flag-opt_params14-args14-None-None-MissingParameter] PASSED [ 79%]
2025-10-09T18:27:55.9000599Z tests/test_termui.py::test_flag_value_prompt[--flag/--no-flag-opt_params15-args15-None-None-True] PASSED [ 79%]
2025-10-09T18:27:55.9012021Z tests/test_termui.py::test_flag_value_prompt[--flag/--no-flag-opt_params16-args16-None-None-False] PASSED [ 79%]
2025-10-09T18:27:55.9023633Z tests/test_termui.py::test_flag_value_prompt[--flag/--no-flag-opt_params17-args17-None-None-None] PASSED [ 79%]
2025-10-09T18:27:55.9035715Z tests/test_termui.py::test_flag_value_prompt[--flag/--no-flag-opt_params18-args18-None-None-True] PASSED [ 79%]
2025-10-09T18:27:55.9048537Z tests/test_termui.py::test_flag_value_prompt[--flag/--no-flag-opt_params19-args19-None-None-False] PASSED [ 79%]
2025-10-09T18:27:55.9060439Z tests/test_termui.py::test_flag_value_prompt[--flag/--no-flag-opt_params20-args20-None-None-BadParameter] PASSED [ 79%]
2025-10-09T18:27:55.9071890Z tests/test_termui.py::test_flag_value_prompt[--flag/--no-flag-opt_params21-args21-None-None-True] PASSED [ 79%]
2025-10-09T18:27:55.9083534Z tests/test_termui.py::test_flag_value_prompt[--flag/--no-flag-opt_params22-args22-None-None-False] PASSED [ 79%]
2025-10-09T18:27:55.9095548Z tests/test_termui.py::test_flag_value_prompt[--flag/--no-flag-opt_params23-args23-None-None-True] PASSED [ 79%]
2025-10-09T18:27:55.9107527Z tests/test_termui.py::test_flag_value_prompt[--flag/--no-flag-opt_params24-args24-None-None-False] PASSED [ 79%]
2025-10-09T18:27:55.9119102Z tests/test_termui.py::test_flag_value_prompt[--flag/--no-flag-opt_params25-args25-None-None-True] PASSED [ 80%]
2025-10-09T18:27:55.9130554Z tests/test_termui.py::test_flag_value_prompt[--flag/--no-flag-opt_params26-args26-None-None-False] PASSED [ 80%]
2025-10-09T18:27:55.9142235Z tests/test_termui.py::test_flag_value_prompt[--flag/--no-flag-opt_params27-args27-None-None-True] PASSED [ 80%]
2025-10-09T18:27:55.9153778Z tests/test_termui.py::test_flag_value_prompt[--flag/--no-flag-opt_params28-args28-None-None-False] PASSED [ 80%]
2025-10-09T18:27:55.9165242Z tests/test_termui.py::test_flag_value_prompt[--flag/--no-flag-opt_params29-args29-None-None-True] PASSED [ 80%]
2025-10-09T18:27:55.9176859Z tests/test_termui.py::test_flag_value_prompt[--flag/--no-flag-opt_params30-args30-None-None-False] PASSED [ 80%]
2025-10-09T18:27:55.9188435Z tests/test_termui.py::test_flag_value_prompt[--flag/--no-flag-opt_params31-args31-None-None-True] PASSED [ 80%]
2025-10-09T18:27:55.9200121Z tests/test_termui.py::test_flag_value_prompt[--flag/--no-flag-opt_params32-args32-None-None-False] PASSED [ 80%]
2025-10-09T18:27:55.9211243Z tests/test_termui.py::test_flag_value_prompt[--flag/--no-flag-opt_params33-args33-None-None-True] PASSED [ 80%]
2025-10-09T18:27:55.9222875Z tests/test_termui.py::test_flag_value_prompt[--flag/--no-flag-opt_params34-args34-None-None-False] PASSED [ 80%]
2025-10-09T18:27:55.9234362Z tests/test_termui.py::test_flag_value_prompt[--flag/--no-flag-opt_params35-args35-None-None-True] PASSED [ 80%]
2025-10-09T18:27:55.9246221Z tests/test_termui.py::test_flag_value_prompt[--flag/--no-flag-opt_params36-args36-None-None-False] PASSED [ 80%]
2025-10-09T18:27:55.9257932Z tests/test_termui.py::test_flag_value_prompt[--flag/--no-flag-opt_params37-args37-None-None-True] PASSED [ 80%]
2025-10-09T18:27:55.9269244Z tests/test_termui.py::test_flag_value_prompt[--flag/--no-flag-opt_params38-args38-None-None-False] PASSED [ 81%]
2025-10-09T18:27:55.9281324Z tests/test_termui.py::test_flag_value_prompt[--flag/--no-flag-opt_params39-args39-None-None-True] PASSED [ 81%]
2025-10-09T18:27:55.9293986Z tests/test_termui.py::test_flag_value_prompt[--flag/--no-flag-opt_params40-args40-None-None-False] PASSED [ 81%]
2025-10-09T18:27:55.9306033Z tests/test_termui.py::test_flag_value_prompt[--flag-opt_params41-args41---expected41] PASSED [ 81%]
2025-10-09T18:27:55.9317970Z tests/test_termui.py::test_flag_value_prompt[--flag-opt_params42-args42--y-y] PASSED [ 81%]
2025-10-09T18:27:55.9329730Z tests/test_termui.py::test_flag_value_prompt[--flag-opt_params43-args43--n-n] PASSED [ 81%]
2025-10-09T18:27:55.9341433Z tests/test_termui.py::test_flag_value_prompt[--flag-opt_params44-args44--foo-foo] PASSED [ 81%]
2025-10-09T18:27:55.9353673Z tests/test_termui.py::test_flag_value_prompt[--flag-opt_params45-args45-[y/N]--False] PASSED [ 81%]
2025-10-09T18:27:55.9365504Z tests/test_termui.py::test_flag_value_prompt[--flag-opt_params46-args46-[y/N]-y-True] PASSED [ 81%]
2025-10-09T18:27:55.9377644Z tests/test_termui.py::test_flag_value_prompt[--flag-opt_params47-args47-[y/N]-n-False] PASSED [ 81%]
2025-10-09T18:27:55.9389185Z tests/test_termui.py::test_flag_value_prompt[--flag-opt_params48-args48-[y/N]--False] PASSED [ 81%]
2025-10-09T18:27:55.9400502Z tests/test_termui.py::test_flag_value_prompt[--flag-opt_params49-args49-[y/N]-y-True] PASSED [ 81%]
2025-10-09T18:27:55.9412100Z tests/test_termui.py::test_flag_value_prompt[--flag-opt_params50-args50-[y/N]-n-False] PASSED [ 81%]
2025-10-09T18:27:55.9423770Z tests/test_termui.py::test_flag_value_prompt[--flag-opt_params51-args51---expected51] PASSED [ 81%]
2025-10-09T18:27:55.9435347Z tests/test_termui.py::test_flag_value_prompt[--flag-opt_params52-args52--y-y] PASSED [ 82%]
2025-10-09T18:27:55.9448726Z tests/test_termui.py::test_flag_value_prompt[--flag-opt_params53-args53--n-n] PASSED [ 82%]
2025-10-09T18:27:55.9460312Z tests/test_termui.py::test_flag_value_prompt[--flag-opt_params54-args54---expected54] PASSED [ 82%]
2025-10-09T18:27:55.9472112Z tests/test_termui.py::test_flag_value_prompt[--flag-opt_params55-args55--y-y] PASSED [ 82%]
2025-10-09T18:27:55.9483814Z tests/test_termui.py::test_flag_value_prompt[--flag-opt_params56-args56--n-n] PASSED [ 82%]
2025-10-09T18:27:55.9495423Z tests/test_termui.py::test_flag_value_prompt[--flag-opt_params57-args57-[Y/n]--True] PASSED [ 82%]
2025-10-09T18:27:55.9507109Z tests/test_termui.py::test_flag_value_prompt[--flag-opt_params58-args58-[Y/n]-y-True] PASSED [ 82%]
2025-10-09T18:27:55.9518807Z tests/test_termui.py::test_flag_value_prompt[--flag-opt_params59-args59-[Y/n]-n-False] PASSED [ 82%]
2025-10-09T18:27:55.9530252Z tests/test_termui.py::test_flag_value_prompt[--flag-opt_params60-args60-[y/N]--False] PASSED [ 82%]
2025-10-09T18:27:55.9542502Z tests/test_termui.py::test_flag_value_prompt[--flag-opt_params61-args61-[y/N]-y-True] PASSED [ 82%]
2025-10-09T18:27:55.9553762Z tests/test_termui.py::test_flag_value_prompt[--flag-opt_params62-args62-[y/N]-n-False] PASSED [ 82%]
2025-10-09T18:27:55.9566213Z tests/test_termui.py::test_flag_value_prompt[--flag-opt_params63-args63-[y/N]--False] PASSED [ 82%]
2025-10-09T18:27:55.9577833Z tests/test_termui.py::test_flag_value_prompt[--flag-opt_params64-args64-[y/N]-y-True] PASSED [ 82%]
2025-10-09T18:27:55.9589586Z tests/test_termui.py::test_flag_value_prompt[--flag-opt_params65-args65-[y/N]-n-False] PASSED [ 83%]
2025-10-09T18:27:55.9601047Z tests/test_termui.py::test_flag_value_prompt[--flag-opt_params66-args66-[y/N]--False] PASSED [ 83%]
2025-10-09T18:27:55.9612837Z tests/test_termui.py::test_flag_value_prompt[--flag-opt_params67-args67-[y/N]-y-True] PASSED [ 83%]
2025-10-09T18:27:55.9624393Z tests/test_termui.py::test_flag_value_prompt[--flag-opt_params68-args68-[y/N]-n-False] PASSED [ 83%]
2025-10-09T18:27:55.9636375Z tests/test_termui.py::test_flag_value_prompt[--flag-opt_params69-args69-[y/n]--expected69] PASSED [ 83%]
2025-10-09T18:27:55.9649694Z tests/test_termui.py::test_flag_value_prompt[--flag-opt_params70-args70-[y/n]-y-True] PASSED [ 83%]
2025-10-09T18:27:55.9661372Z tests/test_termui.py::test_flag_value_prompt[--flag-opt_params71-args71-[y/n]-n-False] PASSED [ 83%]
2025-10-09T18:27:55.9673511Z tests/test_termui.py::test_flag_value_prompt[--flag-opt_params72-args72-[y/n]--expected72] PASSED [ 83%]
2025-10-09T18:27:55.9685246Z tests/test_termui.py::test_flag_value_prompt[--flag-opt_params73-args73-[y/n]-y-True] PASSED [ 83%]
2025-10-09T18:27:55.9697244Z tests/test_termui.py::test_flag_value_prompt[--flag-opt_params74-args74-[y/n]-n-False] PASSED [ 83%]
2025-10-09T18:27:55.9708952Z tests/test_termui.py::test_flag_value_prompt[--flag-opt_params75-args75---expected75] PASSED [ 83%]
2025-10-09T18:27:55.9720317Z tests/test_termui.py::test_flag_value_prompt[--flag-opt_params76-args76--y-y] PASSED [ 83%]
2025-10-09T18:27:55.9731781Z tests/test_termui.py::test_flag_value_prompt[--flag-opt_params77-args77--n-n] PASSED [ 83%]
2025-10-09T18:27:55.9743951Z tests/test_termui.py::test_flag_value_prompt[--flag-opt_params78-args78-[False]--False] PASSED [ 83%]
2025-10-09T18:27:55.9755443Z tests/test_termui.py::test_flag_value_prompt[--flag-opt_params79-args79-[False]-y-y] PASSED [ 84%]
2025-10-09T18:27:55.9767029Z tests/test_termui.py::test_flag_value_prompt[--flag-opt_params80-args80-[False]-n-n] PASSED [ 84%]
2025-10-09T18:27:55.9780179Z tests/test_termui.py::test_flag_value_prompt[--flag-opt_params81-args81---expected81] PASSED [ 84%]
2025-10-09T18:27:55.9791559Z tests/test_termui.py::test_flag_value_prompt[--flag-opt_params82-args82--y-y] PASSED [ 84%]
2025-10-09T18:27:55.9803750Z tests/test_termui.py::test_flag_value_prompt[--flag-opt_params83-args83--n-n] PASSED [ 84%]
2025-10-09T18:27:55.9812690Z tests/test_testing.py::test_runner PASSED                                [ 84%]
2025-10-09T18:27:55.9822191Z tests/test_testing.py::test_echo_stdin_stream PASSED                     [ 84%]
2025-10-09T18:27:55.9839924Z tests/test_testing.py::test_echo_stdin_prompts PASSED                    [ 84%]
2025-10-09T18:27:55.9849834Z tests/test_testing.py::test_runner_with_stream PASSED                    [ 84%]
2025-10-09T18:27:55.9863393Z tests/test_testing.py::test_prompts PASSED                               [ 84%]
2025-10-09T18:27:55.9877570Z tests/test_testing.py::test_getchar PASSED                               [ 84%]
2025-10-09T18:27:55.9889223Z tests/test_testing.py::test_catch_exceptions PASSED                      [ 84%]
2025-10-09T18:27:55.9899669Z tests/test_testing.py::test_catch_exceptions_cli_runner PASSED           [ 84%]
2025-10-09T18:27:55.9909925Z tests/test_testing.py::test_with_color PASSED                            [ 85%]
2025-10-09T18:27:55.9923116Z tests/test_testing.py::test_with_color_errors PASSED                     [ 85%]
2025-10-09T18:27:55.9932123Z tests/test_testing.py::test_with_color_but_pause_not_blocking PASSED     [ 85%]
2025-10-09T18:27:55.9952361Z tests/test_testing.py::test_exit_code_and_output_from_sys_exit PASSED    [ 85%]
2025-10-09T18:27:55.9962799Z tests/test_testing.py::test_env PASSED                                   [ 85%]
2025-10-09T18:27:55.9976343Z tests/test_testing.py::test_stderr PASSED                                [ 85%]
2025-10-09T18:27:55.9986433Z tests/test_testing.py::test_args[None-bar\n] PASSED                      [ 85%]
2025-10-09T18:27:55.9996444Z tests/test_testing.py::test_args[args1-bar\n] PASSED                     [ 85%]
2025-10-09T18:27:56.0016982Z tests/test_testing.py::test_args[-bar\n] PASSED                          [ 85%]
2025-10-09T18:27:56.0018007Z tests/test_testing.py::test_args[args3-one two\n] PASSED                 [ 85%]
2025-10-09T18:27:56.0027828Z tests/test_testing.py::test_args[--foo "one two"-one two\n] PASSED       [ 85%]
2025-10-09T18:27:56.0036826Z tests/test_testing.py::test_setting_prog_name_in_extra PASSED            [ 85%]
2025-10-09T18:27:56.0048165Z tests/test_testing.py::test_command_standalone_mode_returns_value PASSED [ 85%]
2025-10-09T18:27:56.0058633Z tests/test_testing.py::test_file_stdin_attrs PASSED                      [ 86%]
2025-10-09T18:27:56.0068061Z tests/test_testing.py::test_isolated_runner PASSED                       [ 86%]
2025-10-09T18:27:56.0080119Z tests/test_testing.py::test_isolated_runner_custom_tempdir PASSED        [ 86%]
2025-10-09T18:27:56.0088212Z tests/test_testing.py::test_isolation_stderr_errors PASSED               [ 86%]
2025-10-09T18:27:56.0098863Z tests/test_testing.py::test_isolation_flushes_unflushed_stderr PASSED    [ 86%]
2025-10-09T18:27:56.0107049Z tests/test_types.py::test_range[type0-3-3] PASSED                        [ 86%]
2025-10-09T18:27:56.0115212Z tests/test_types.py::test_range[type1-5-5] PASSED                        [ 86%]
2025-10-09T18:27:56.0123457Z tests/test_types.py::test_range[type2-100-100] PASSED                    [ 86%]
2025-10-09T18:27:56.0131565Z tests/test_types.py::test_range[type3-5-5] PASSED                        [ 86%]
2025-10-09T18:27:56.0139576Z tests/test_types.py::test_range[type4--100--100] PASSED                  [ 86%]
2025-10-09T18:27:56.0147845Z tests/test_types.py::test_range[type5--1-0] PASSED                       [ 86%]
2025-10-09T18:27:56.0155558Z tests/test_types.py::test_range[type6-6-5] PASSED                        [ 86%]
2025-10-09T18:27:56.0163878Z tests/test_types.py::test_range[type7-0-1] PASSED                        [ 86%]
2025-10-09T18:27:56.0171953Z tests/test_types.py::test_range[type8-5-4] PASSED                        [ 86%]
2025-10-09T18:27:56.0179969Z tests/test_types.py::test_range[type9-1.2-1.2] PASSED                    [ 87%]
2025-10-09T18:27:56.0188031Z tests/test_types.py::test_range[type10-0.51-0.51] PASSED                 [ 87%]
2025-10-09T18:27:56.0195980Z tests/test_types.py::test_range[type11-1.49-1.49] PASSED                 [ 87%]
2025-10-09T18:27:56.0203769Z tests/test_types.py::test_range[type12--0.0-0.5] PASSED                  [ 87%]
2025-10-09T18:27:56.0211524Z tests/test_types.py::test_range[type13-inf-1.5] PASSED                   [ 87%]
2025-10-09T18:27:56.0220190Z tests/test_types.py::test_range_fail[type0-6-6 is not in the range 0<=x<=5.] PASSED [ 87%]
2025-10-09T18:27:56.0228710Z tests/test_types.py::test_range_fail[type1-4-4 is not in the range x>=5.] PASSED [ 87%]
2025-10-09T18:27:56.0237021Z tests/test_types.py::test_range_fail[type2-6-6 is not in the range x<=5.] PASSED [ 87%]
2025-10-09T18:27:56.0247033Z tests/test_types.py::test_range_fail[type3-0-0<x<=5] PASSED              [ 87%]
2025-10-09T18:27:56.0255940Z tests/test_types.py::test_range_fail[type4-5-0<=x<5] PASSED              [ 87%]
2025-10-09T18:27:56.0264940Z tests/test_types.py::test_range_fail[type5-0.5-x>0.5] PASSED             [ 87%]
2025-10-09T18:27:56.0274189Z tests/test_types.py::test_range_fail[type6-1.5-x<1.5] PASSED             [ 87%]
2025-10-09T18:27:56.0281632Z tests/test_types.py::test_float_range_no_clamp_open PASSED               [ 87%]
2025-10-09T18:27:56.0293141Z tests/test_types.py::test_cast_multi_default[2-False-None-None] PASSED   [ 88%]
2025-10-09T18:27:56.0304419Z tests/test_types.py::test_cast_multi_default[2-False-default1-expect1] PASSED [ 88%]
2025-10-09T18:27:56.0315682Z tests/test_types.py::test_cast_multi_default[None-True-None-expect2] PASSED [ 88%]
2025-10-09T18:27:56.0326755Z tests/test_types.py::test_cast_multi_default[None-True-default3-expect3] PASSED [ 88%]
2025-10-09T18:27:56.0337683Z tests/test_types.py::test_cast_multi_default[2-True-None-expect4] PASSED [ 88%]
2025-10-09T18:27:56.0348762Z tests/test_types.py::test_cast_multi_default[2-True-default5-expect5] PASSED [ 88%]
2025-10-09T18:27:56.0359756Z tests/test_types.py::test_cast_multi_default[-1-None-None-expect6] PASSED [ 88%]
2025-10-09T18:27:56.0370273Z tests/test_types.py::test_path_type[None-a/b/c.txt] PASSED               [ 88%]
2025-10-09T18:27:56.0380983Z tests/test_types.py::test_path_type[str-a/b/c.txt] PASSED                [ 88%]
2025-10-09T18:27:56.0392160Z tests/test_types.py::test_path_type[bytes-a/b/c.txt] PASSED              [ 88%]
2025-10-09T18:27:56.0403414Z tests/test_types.py::test_path_type[Path-expect3] PASSED                 [ 88%]
2025-10-09T18:27:56.0418305Z tests/test_types.py::test_path_resolve_symlink PASSED                    [ 88%]
2025-10-09T18:27:56.0440512Z tests/test_types.py::test_path_surrogates PASSED                         [ 88%]
2025-10-09T18:27:56.0452486Z tests/test_types.py::test_file_surrogates[type0] PASSED                  [ 89%]
2025-10-09T18:27:56.0463478Z tests/test_types.py::test_file_surrogates[type1] PASSED                  [ 89%]
2025-10-09T18:27:56.0471316Z tests/test_types.py::test_file_error_surrogates PASSED                   [ 89%]
2025-10-09T18:27:56.0480827Z tests/test_types.py::test_invalid_path_with_esc_sequence PASSED          [ 89%]
2025-10-09T18:27:56.0488682Z tests/test_types.py::test_choice_get_invalid_choice_message PASSED       [ 89%]
2025-10-09T18:27:56.0495371Z tests/test_utils.py::test_unset_sentinel PASSED                          [ 89%]
2025-10-09T18:27:56.0507617Z tests/test_utils.py::test_echo PASSED                                    [ 89%]
2025-10-09T18:27:56.0514816Z tests/test_utils.py::test_echo_custom_file PASSED                        [ 89%]
2025-10-09T18:27:56.0523523Z tests/test_utils.py::test_echo_no_streams PASSED                         [ 89%]
2025-10-09T18:27:56.0531642Z tests/test_utils.py::test_styling[styles0-\x1b[30mx y\x1b[0m] PASSED     [ 89%]
2025-10-09T18:27:56.0539562Z tests/test_utils.py::test_styling[styles1-\x1b[31mx y\x1b[0m] PASSED     [ 89%]
2025-10-09T18:27:56.0547439Z tests/test_utils.py::test_styling[styles2-\x1b[32mx y\x1b[0m] PASSED     [ 89%]
2025-10-09T18:27:56.0555588Z tests/test_utils.py::test_styling[styles3-\x1b[33mx y\x1b[0m] PASSED     [ 89%]
2025-10-09T18:27:56.0563832Z tests/test_utils.py::test_styling[styles4-\x1b[34mx y\x1b[0m] PASSED     [ 89%]
2025-10-09T18:27:56.0571374Z tests/test_utils.py::test_styling[styles5-\x1b[35mx y\x1b[0m] PASSED     [ 90%]
2025-10-09T18:27:56.0578826Z tests/test_utils.py::test_styling[styles6-\x1b[36mx y\x1b[0m] PASSED     [ 90%]
2025-10-09T18:27:56.0585896Z tests/test_utils.py::test_styling[styles7-\x1b[37mx y\x1b[0m] PASSED     [ 90%]
2025-10-09T18:27:56.0594017Z tests/test_utils.py::test_styling[styles8-\x1b[40mx y\x1b[0m] PASSED     [ 90%]
2025-10-09T18:27:56.0601459Z tests/test_utils.py::test_styling[styles9-\x1b[41mx y\x1b[0m] PASSED     [ 90%]
2025-10-09T18:27:56.0609181Z tests/test_utils.py::test_styling[styles10-\x1b[42mx y\x1b[0m] PASSED    [ 90%]
2025-10-09T18:27:56.0616273Z tests/test_utils.py::test_styling[styles11-\x1b[43mx y\x1b[0m] PASSED    [ 90%]
2025-10-09T18:27:56.0623659Z tests/test_utils.py::test_styling[styles12-\x1b[44mx y\x1b[0m] PASSED    [ 90%]
2025-10-09T18:27:56.0630838Z tests/test_utils.py::test_styling[styles13-\x1b[45mx y\x1b[0m] PASSED    [ 90%]
2025-10-09T18:27:56.0638376Z tests/test_utils.py::test_styling[styles14-\x1b[46mx y\x1b[0m] PASSED    [ 90%]
2025-10-09T18:27:56.0645518Z tests/test_utils.py::test_styling[styles15-\x1b[47mx y\x1b[0m] PASSED    [ 90%]
2025-10-09T18:27:56.0653391Z tests/test_utils.py::test_styling[styles16-\x1b[48;5;91mx y\x1b[0m] PASSED [ 90%]
2025-10-09T18:27:56.0661439Z tests/test_utils.py::test_styling[styles17-\x1b[48;2;135;0;175mx y\x1b[0m] PASSED [ 90%]
2025-10-09T18:27:56.0668990Z tests/test_utils.py::test_styling[styles18-\x1b[1mx y\x1b[0m] PASSED     [ 91%]
2025-10-09T18:27:56.0676413Z tests/test_utils.py::test_styling[styles19-\x1b[2mx y\x1b[0m] PASSED     [ 91%]
2025-10-09T18:27:56.0684435Z tests/test_utils.py::test_styling[styles20-\x1b[4mx y\x1b[0m] PASSED     [ 91%]
2025-10-09T18:27:56.0691950Z tests/test_utils.py::test_styling[styles21-\x1b[53mx y\x1b[0m] PASSED    [ 91%]
2025-10-09T18:27:56.0699003Z tests/test_utils.py::test_styling[styles22-\x1b[3mx y\x1b[0m] PASSED     [ 91%]
2025-10-09T18:27:56.0707086Z tests/test_utils.py::test_styling[styles23-\x1b[5mx y\x1b[0m] PASSED     [ 91%]
2025-10-09T18:27:56.0714673Z tests/test_utils.py::test_styling[styles24-\x1b[7mx y\x1b[0m] PASSED     [ 91%]
2025-10-09T18:27:56.0722732Z tests/test_utils.py::test_styling[styles25-\x1b[9mx y\x1b[0m] PASSED     [ 91%]
2025-10-09T18:27:56.0730661Z tests/test_utils.py::test_styling[styles26-\x1b[22mx y\x1b[0m] PASSED    [ 91%]
2025-10-09T18:27:56.0738470Z tests/test_utils.py::test_styling[styles27-\x1b[22mx y\x1b[0m] PASSED    [ 91%]
2025-10-09T18:27:56.0746024Z tests/test_utils.py::test_styling[styles28-\x1b[24mx y\x1b[0m] PASSED    [ 91%]
2025-10-09T18:27:56.0754283Z tests/test_utils.py::test_styling[styles29-\x1b[55mx y\x1b[0m] PASSED    [ 91%]
2025-10-09T18:27:56.0762342Z tests/test_utils.py::test_styling[styles30-\x1b[23mx y\x1b[0m] PASSED    [ 91%]
2025-10-09T18:27:56.0770224Z tests/test_utils.py::test_styling[styles31-\x1b[25mx y\x1b[0m] PASSED    [ 91%]
2025-10-09T18:27:56.0777915Z tests/test_utils.py::test_styling[styles32-\x1b[27mx y\x1b[0m] PASSED    [ 92%]
2025-10-09T18:27:56.0785521Z tests/test_utils.py::test_styling[styles33-\x1b[29mx y\x1b[0m] PASSED    [ 92%]
2025-10-09T18:27:56.0793512Z tests/test_utils.py::test_styling[styles34-\x1b[30mx y] PASSED           [ 92%]
2025-10-09T18:27:56.0801681Z tests/test_utils.py::test_unstyle_other_ansi[\x1b[?25lx y\x1b[?25h-x y] PASSED [ 92%]
2025-10-09T18:27:56.0808784Z tests/test_utils.py::test_filename_formatting PASSED                     [ 92%]
2025-10-09T18:27:56.0831107Z tests/test_utils.py::test_prompts PASSED                                 [ 92%]
2025-10-09T18:27:56.0841701Z tests/test_utils.py::test_confirm_repeat PASSED                          [ 92%]
2025-10-09T18:27:56.0851066Z tests/test_utils.py::test_prompts_abort PASSED                           [ 92%]
2025-10-09T18:27:56.0862150Z tests/test_utils.py::test_prompts_eof PASSED                             [ 92%]
2025-10-09T18:27:56.0892581Z tests/test_utils.py::test_echo_via_pager[test0-cat] PASSED               [ 92%]
2025-10-09T18:27:56.0917970Z tests/test_utils.py::test_echo_via_pager[test0-cat ] PASSED              [ 92%]
2025-10-09T18:27:56.0942568Z tests/test_utils.py::test_echo_via_pager[test0- cat ] PASSED             [ 92%]
2025-10-09T18:27:56.1212043Z tests/test_utils.py::test_echo_via_pager[test0-less] PASSED              [ 92%]
2025-10-09T18:27:56.1239077Z tests/test_utils.py::test_echo_via_pager[test0- less] PASSED             [ 93%]
2025-10-09T18:27:56.1265700Z tests/test_utils.py::test_echo_via_pager[test0- less ] PASSED            [ 93%]
2025-10-09T18:27:56.1290254Z tests/test_utils.py::test_echo_via_pager[test1-cat] PASSED               [ 93%]
2025-10-09T18:27:56.1314924Z tests/test_utils.py::test_echo_via_pager[test1-cat ] PASSED              [ 93%]
2025-10-09T18:27:56.1339487Z tests/test_utils.py::test_echo_via_pager[test1- cat ] PASSED             [ 93%]
2025-10-09T18:27:56.1365920Z tests/test_utils.py::test_echo_via_pager[test1-less] PASSED              [ 93%]
2025-10-09T18:27:56.1392875Z tests/test_utils.py::test_echo_via_pager[test1- less] PASSED             [ 93%]
2025-10-09T18:27:56.1420275Z tests/test_utils.py::test_echo_via_pager[test1- less ] PASSED            [ 93%]
2025-10-09T18:27:56.1444493Z tests/test_utils.py::test_echo_via_pager[test2-cat] PASSED               [ 93%]
2025-10-09T18:27:56.1469320Z tests/test_utils.py::test_echo_via_pager[test2-cat ] PASSED              [ 93%]
2025-10-09T18:27:56.1494519Z tests/test_utils.py::test_echo_via_pager[test2- cat ] PASSED             [ 93%]
2025-10-09T18:27:56.1521790Z tests/test_utils.py::test_echo_via_pager[test2-less] PASSED              [ 93%]
2025-10-09T18:27:56.1548644Z tests/test_utils.py::test_echo_via_pager[test2- less] PASSED             [ 93%]
2025-10-09T18:27:56.1575192Z tests/test_utils.py::test_echo_via_pager[test2- less ] PASSED            [ 94%]
2025-10-09T18:27:56.1599865Z tests/test_utils.py::test_echo_via_pager[test3-cat] PASSED               [ 94%]
2025-10-09T18:27:56.1623828Z tests/test_utils.py::test_echo_via_pager[test3-cat ] PASSED              [ 94%]
2025-10-09T18:27:56.1648686Z tests/test_utils.py::test_echo_via_pager[test3- cat ] PASSED             [ 94%]
2025-10-09T18:27:56.1675435Z tests/test_utils.py::test_echo_via_pager[test3-less] PASSED              [ 94%]
2025-10-09T18:27:56.1703071Z tests/test_utils.py::test_echo_via_pager[test3- less] PASSED             [ 94%]
2025-10-09T18:27:56.1730263Z tests/test_utils.py::test_echo_via_pager[test3- less ] PASSED            [ 94%]
2025-10-09T18:27:56.1754574Z tests/test_utils.py::test_echo_via_pager[test4-cat] PASSED               [ 94%]
2025-10-09T18:27:56.1779066Z tests/test_utils.py::test_echo_via_pager[test4-cat ] PASSED              [ 94%]
2025-10-09T18:27:56.1804282Z tests/test_utils.py::test_echo_via_pager[test4- cat ] PASSED             [ 94%]
2025-10-09T18:27:56.1831540Z tests/test_utils.py::test_echo_via_pager[test4-less] PASSED              [ 94%]
2025-10-09T18:27:56.1858263Z tests/test_utils.py::test_echo_via_pager[test4- less] PASSED             [ 94%]
2025-10-09T18:27:56.1884923Z tests/test_utils.py::test_echo_via_pager[test4- less ] PASSED            [ 94%]
2025-10-09T18:27:56.1903695Z tests/test_utils.py::test_echo_via_pager[test5-cat] PASSED               [ 94%]
2025-10-09T18:27:56.1922452Z tests/test_utils.py::test_echo_via_pager[test5-cat ] PASSED              [ 95%]
2025-10-09T18:27:56.1942602Z tests/test_utils.py::test_echo_via_pager[test5- cat ] PASSED             [ 95%]
2025-10-09T18:27:56.1961453Z tests/test_utils.py::test_echo_via_pager[test5-less] PASSED              [ 95%]
2025-10-09T18:27:56.1980468Z tests/test_utils.py::test_echo_via_pager[test5- less] PASSED             [ 95%]
2025-10-09T18:27:56.1999287Z tests/test_utils.py::test_echo_via_pager[test5- less ] PASSED            [ 95%]
2025-10-09T18:27:56.2017778Z tests/test_utils.py::test_echo_via_pager[test6-cat] PASSED               [ 95%]
2025-10-09T18:27:56.2036329Z tests/test_utils.py::test_echo_via_pager[test6-cat ] PASSED              [ 95%]
2025-10-09T18:27:56.2056409Z tests/test_utils.py::test_echo_via_pager[test6- cat ] PASSED             [ 95%]
2025-10-09T18:27:56.2075256Z tests/test_utils.py::test_echo_via_pager[test6-less] PASSED              [ 95%]
2025-10-09T18:27:56.2094011Z tests/test_utils.py::test_echo_via_pager[test6- less] PASSED             [ 95%]
2025-10-09T18:27:56.2112948Z tests/test_utils.py::test_echo_via_pager[test6- less ] PASSED            [ 95%]
2025-10-09T18:27:56.2137245Z tests/test_utils.py::test_echo_via_pager[test7-cat] PASSED               [ 95%]
2025-10-09T18:27:56.2161750Z tests/test_utils.py::test_echo_via_pager[test7-cat ] PASSED              [ 95%]
2025-10-09T18:27:56.2186270Z tests/test_utils.py::test_echo_via_pager[test7- cat ] PASSED             [ 96%]
2025-10-09T18:27:56.2213042Z tests/test_utils.py::test_echo_via_pager[test7-less] PASSED              [ 96%]
2025-10-09T18:27:56.2239816Z tests/test_utils.py::test_echo_via_pager[test7- less] PASSED             [ 96%]
2025-10-09T18:27:56.2266393Z tests/test_utils.py::test_echo_via_pager[test7- less ] PASSED            [ 96%]
2025-10-09T18:27:56.2291295Z tests/test_utils.py::test_echo_via_pager[test8-cat] PASSED               [ 96%]
2025-10-09T18:27:56.2315276Z tests/test_utils.py::test_echo_via_pager[test8-cat ] PASSED              [ 96%]
2025-10-09T18:27:56.2341483Z tests/test_utils.py::test_echo_via_pager[test8- cat ] PASSED             [ 96%]
2025-10-09T18:27:56.2368681Z tests/test_utils.py::test_echo_via_pager[test8-less] PASSED              [ 96%]
2025-10-09T18:27:56.2395814Z tests/test_utils.py::test_echo_via_pager[test8- less] PASSED             [ 96%]
2025-10-09T18:27:56.2422427Z tests/test_utils.py::test_echo_via_pager[test8- less ] PASSED            [ 96%]
2025-10-09T18:27:56.2447906Z tests/test_utils.py::test_echo_via_pager[test9-cat] PASSED               [ 96%]
2025-10-09T18:27:56.2472133Z tests/test_utils.py::test_echo_via_pager[test9-cat ] PASSED              [ 96%]
2025-10-09T18:27:56.2496193Z tests/test_utils.py::test_echo_via_pager[test9- cat ] PASSED             [ 96%]
2025-10-09T18:27:56.2522883Z tests/test_utils.py::test_echo_via_pager[test9-less] PASSED              [ 97%]
2025-10-09T18:27:56.2549709Z tests/test_utils.py::test_echo_via_pager[test9- less] PASSED             [ 97%]
2025-10-09T18:27:56.2576119Z tests/test_utils.py::test_echo_via_pager[test9- less ] PASSED            [ 97%]
2025-10-09T18:27:56.2590248Z tests/test_utils.py::test_echo_color_flag PASSED                         [ 97%]
2025-10-09T18:27:56.2603813Z tests/test_utils.py::test_prompt_cast_default PASSED                     [ 97%]
2025-10-09T18:27:56.2624540Z tests/test_utils.py::test_echo_writing_to_standard_error PASSED          [ 97%]
2025-10-09T18:27:56.2633249Z tests/test_utils.py::test_echo_with_capsys PASSED                        [ 97%]
2025-10-09T18:27:56.2648371Z tests/test_utils.py::test_open_file PASSED                               [ 97%]
2025-10-09T18:27:56.2656396Z tests/test_utils.py::test_open_file_pathlib_dash PASSED                  [ 97%]
2025-10-09T18:27:56.2666872Z tests/test_utils.py::test_open_file_ignore_errors_stdin PASSED           [ 97%]
2025-10-09T18:27:56.2677045Z tests/test_utils.py::test_open_file_respects_ignore PASSED               [ 97%]
2025-10-09T18:27:56.2686265Z tests/test_utils.py::test_open_file_ignore_invalid_utf8 PASSED           [ 97%]
2025-10-09T18:27:56.2696205Z tests/test_utils.py::test_open_file_ignore_no_encoding PASSED            [ 97%]
2025-10-09T18:27:56.2710012Z tests/test_utils.py::test_open_file_atomic_permissions_existing_file[256] PASSED [ 97%]
2025-10-09T18:27:56.2723367Z tests/test_utils.py::test_open_file_atomic_permissions_existing_file[292] PASSED [ 98%]
2025-10-09T18:27:56.2738261Z tests/test_utils.py::test_open_file_atomic_permissions_existing_file[384] PASSED [ 98%]
2025-10-09T18:27:56.2751398Z tests/test_utils.py::test_open_file_atomic_permissions_existing_file[420] PASSED [ 98%]
2025-10-09T18:27:56.2764387Z tests/test_utils.py::test_open_file_atomic_permissions_new_file PASSED   [ 98%]
2025-10-09T18:27:56.2776991Z tests/test_utils.py::test_iter_keepopenfile PASSED                       [ 98%]
2025-10-09T18:27:56.2789816Z tests/test_utils.py::test_iter_lazyfile PASSED                           [ 98%]
2025-10-09T18:27:56.2797892Z tests/test_utils.py::test_detect_program_name[example.py-None-example.py] PASSED [ 98%]
2025-10-09T18:27:56.2806231Z tests/test_utils.py::test_detect_program_name[/foo/bar/example.py-None-example.py] PASSED [ 98%]
2025-10-09T18:27:56.2814030Z tests/test_utils.py::test_detect_program_name[example-None-example] PASSED [ 98%]
2025-10-09T18:27:56.2821928Z tests/test_utils.py::test_detect_program_name[example/__main__.py-example-python -m example] PASSED [ 98%]
2025-10-09T18:27:56.2829690Z tests/test_utils.py::test_detect_program_name[example/cli.py-example-python -m example.cli] PASSED [ 98%]
2025-10-09T18:27:56.2837107Z tests/test_utils.py::test_detect_program_name[example--example] PASSED   [ 98%]
2025-10-09T18:27:56.2855283Z tests/test_utils.py::test_expand_args PASSED                             [ 98%]
2025-10-09T18:27:56.2863784Z tests/test_utils.py::test_make_default_short_help[-empty] PASSED         [ 99%]
2025-10-09T18:27:56.2872255Z tests/test_utils.py::test_make_default_short_help[-equal length, no dot] PASSED [ 99%]
2025-10-09T18:27:56.2880324Z tests/test_utils.py::test_make_default_short_help[-sentence < max] PASSED [ 99%]
2025-10-09T18:27:56.2888379Z tests/test_utils.py::test_make_default_short_help[-paragraph < max] PASSED [ 99%]
2025-10-09T18:27:56.2896291Z tests/test_utils.py::test_make_default_short_help[-truncate] PASSED      [ 99%]
2025-10-09T18:27:56.2904156Z tests/test_utils.py::test_make_default_short_help[-length includes suffix] PASSED [ 99%]
2025-10-09T18:27:56.2912363Z tests/test_utils.py::test_make_default_short_help[-ignore dot in word] PASSED [ 99%]
2025-10-09T18:27:56.2920439Z tests/test_utils.py::test_make_default_short_help[no-wrap mark-empty] PASSED [ 99%]
2025-10-09T18:27:56.2928612Z tests/test_utils.py::test_make_default_short_help[no-wrap mark-equal length, no dot] PASSED [ 99%]
2025-10-09T18:27:56.2936345Z tests/test_utils.py::test_make_default_short_help[no-wrap mark-sentence < max] PASSED [ 99%]
2025-10-09T18:27:56.2944371Z tests/test_utils.py::test_make_default_short_help[no-wrap mark-paragraph < max] PASSED [ 99%]
2025-10-09T18:27:56.2952404Z tests/test_utils.py::test_make_default_short_help[no-wrap mark-truncate] PASSED [ 99%]
2025-10-09T18:27:56.2960614Z tests/test_utils.py::test_make_default_short_help[no-wrap mark-length includes suffix] PASSED [ 99%]
2025-10-09T18:27:56.3547847Z tests/test_utils.py::test_make_default_short_help[no-wrap mark-ignore dot in word] PASSED [100%]
2025-10-09T18:27:56.3548887Z 
2025-10-09T18:27:56.3549218Z ================= 1315 passed, 21 skipped, 1 xfailed in 2.60s ==================
2025-10-09T18:27:56.4026285Z   py3.11: OK (3.84=setup[0.33]+cmd[3.50] seconds)
2025-10-09T18:27:56.4027115Z   congratulations :) (4.20 seconds)
2025-10-09T18:27:56.4395572Z Post job cleanup.
2025-10-09T18:27:56.5966337Z Post job cleanup.
2025-10-09T18:27:56.7537711Z Cache hit occurred on key setup-uv-1-x86_64-unknown-linux-gnu-3.12.3-0845c38914a45faad973e347ba188723ca0ec661d213ae18fb392ad1954a121f, not saving cache.
2025-10-09T18:27:56.7637191Z Post job cleanup.
2025-10-09T18:27:56.8553768Z [command]/usr/bin/git version
2025-10-09T18:27:56.8594689Z git version 2.51.0
2025-10-09T18:27:56.8636710Z Temporarily overriding HOME='/home/runner/work/_temp/3a8297b3-0543-4471-b91c-f3c38a657ba0' before making global git config changes
2025-10-09T18:27:56.8638071Z Adding repository directory to the temporary git global config as a safe directory
2025-10-09T18:27:56.8642499Z [command]/usr/bin/git config --global --add safe.directory /home/runner/work/click/click
2025-10-09T18:27:56.8676905Z [command]/usr/bin/git config --local --name-only --get-regexp core\.sshCommand
2025-10-09T18:27:56.8709782Z [command]/usr/bin/git submodule foreach --recursive sh -c "git config --local --name-only --get-regexp 'core\.sshCommand' && git config --local --unset-all 'core.sshCommand' || :"
2025-10-09T18:27:56.8988656Z [command]/usr/bin/git config --local --name-only --get-regexp http\.https\:\/\/github\.com\/\.extraheader
2025-10-09T18:27:56.9008740Z http.https://github.com/.extraheader
2025-10-09T18:27:56.9021518Z [command]/usr/bin/git config --local --unset-all http.https://github.com/.extraheader
2025-10-09T18:27:56.9051458Z [command]/usr/bin/git submodule foreach --recursive sh -c "git config --local --name-only --get-regexp 'http\.https\:\/\/github\.com\/\.extraheader' && git config --local --unset-all 'http.https://github.com/.extraheader' || :"
2025-10-09T18:27:56.9370679Z Cleaning up orphan processes
