2025-10-14T20:59:22.6822314Z Current runner version: '2.328.0'
2025-10-14T20:59:22.6855666Z ##[group]Runner Image Provisioner
2025-10-14T20:59:22.6856826Z Hosted Compute Agent
2025-10-14T20:59:22.6857694Z Version: 20250912.392
2025-10-14T20:59:22.6858537Z Commit: d921fda672a98b64f4f82364647e2f10b2267d0b
2025-10-14T20:59:22.6859790Z Build Date: 2025-09-12T15:23:14Z
2025-10-14T20:59:22.6860677Z ##[endgroup]
2025-10-14T20:59:22.6861539Z ##[group]Operating System
2025-10-14T20:59:22.6862430Z Ubuntu
2025-10-14T20:59:22.6863424Z 24.04.3
2025-10-14T20:59:22.6864253Z LTS
2025-10-14T20:59:22.6864989Z ##[endgroup]
2025-10-14T20:59:22.6865867Z ##[group]Runner Image
2025-10-14T20:59:22.6866702Z Image: ubuntu-24.04
2025-10-14T20:59:22.6867621Z Version: 20250929.60.1
2025-10-14T20:59:22.6869231Z Included Software: https://github.com/actions/runner-images/blob/ubuntu24/20250929.60/images/ubuntu/Ubuntu2404-Readme.md
2025-10-14T20:59:22.6871980Z Image Release: https://github.com/actions/runner-images/releases/tag/ubuntu24%2F20250929.60
2025-10-14T20:59:22.6873807Z ##[endgroup]
2025-10-14T20:59:22.6875588Z ##[group]GITHUB_TOKEN Permissions
2025-10-14T20:59:22.6878023Z Contents: read
2025-10-14T20:59:22.6878913Z Metadata: read
2025-10-14T20:59:22.6879745Z Packages: read
2025-10-14T20:59:22.6880516Z ##[endgroup]
2025-10-14T20:59:22.6884045Z Secret source: None
2025-10-14T20:59:22.6885089Z Prepare workflow directory
2025-10-14T20:59:22.7349800Z Prepare all required actions
2025-10-14T20:59:22.7406728Z Getting action download info
2025-10-14T20:59:23.0731114Z Download action repository 'actions/checkout@11bd71901bbe5b1630ceea73d27597364c9af683' (SHA:11bd71901bbe5b1630ceea73d27597364c9af683)
2025-10-14T20:59:23.1799853Z Download action repository 'astral-sh/setup-uv@f0ec1fc3b38f5e7cd731bb6ce540c5af426746bb' (SHA:f0ec1fc3b38f5e7cd731bb6ce540c5af426746bb)
2025-10-14T20:59:23.5081080Z Download action repository 'actions/setup-python@a26af69be951a213d495a4c3e4e4022e16d87065' (SHA:a26af69be951a213d495a4c3e4e4022e16d87065)
2025-10-14T20:59:23.8318052Z Complete job name: 3.11
2025-10-14T20:59:23.9057207Z ##[group]Run actions/checkout@11bd71901bbe5b1630ceea73d27597364c9af683
2025-10-14T20:59:23.9058954Z with:
2025-10-14T20:59:23.9059757Z   repository: pallets/click
2025-10-14T20:59:23.9061053Z   token: ***
2025-10-14T20:59:23.9061820Z   ssh-strict: true
2025-10-14T20:59:23.9062620Z   ssh-user: git
2025-10-14T20:59:23.9063610Z   persist-credentials: true
2025-10-14T20:59:23.9064520Z   clean: true
2025-10-14T20:59:23.9065327Z   sparse-checkout-cone-mode: true
2025-10-14T20:59:23.9066316Z   fetch-depth: 1
2025-10-14T20:59:23.9067097Z   fetch-tags: false
2025-10-14T20:59:23.9067915Z   show-progress: true
2025-10-14T20:59:23.9068728Z   lfs: false
2025-10-14T20:59:23.9069476Z   submodules: false
2025-10-14T20:59:23.9070292Z   set-safe-directory: true
2025-10-14T20:59:23.9071415Z ##[endgroup]
2025-10-14T20:59:24.0197691Z Syncing repository: pallets/click
2025-10-14T20:59:24.0200693Z ##[group]Getting Git version info
2025-10-14T20:59:24.0202049Z Working directory is '/home/runner/work/click/click'
2025-10-14T20:59:24.0204394Z [command]/usr/bin/git version
2025-10-14T20:59:24.0226964Z git version 2.51.0
2025-10-14T20:59:24.0254319Z ##[endgroup]
2025-10-14T20:59:24.0269979Z Temporarily overriding HOME='/home/runner/work/_temp/6de7e8da-9829-4205-b17c-29aa2bcf739f' before making global git config changes
2025-10-14T20:59:24.0272928Z Adding repository directory to the temporary git global config as a safe directory
2025-10-14T20:59:24.0275593Z [command]/usr/bin/git config --global --add safe.directory /home/runner/work/click/click
2025-10-14T20:59:24.0313678Z Deleting the contents of '/home/runner/work/click/click'
2025-10-14T20:59:24.0317677Z ##[group]Initializing the repository
2025-10-14T20:59:24.0321612Z [command]/usr/bin/git init /home/runner/work/click/click
2025-10-14T20:59:24.0386946Z hint: Using 'master' as the name for the initial branch. This default branch name
2025-10-14T20:59:24.0390141Z hint: is subject to change. To configure the initial branch name to use in all
2025-10-14T20:59:24.0392311Z hint: of your new repositories, which will suppress this warning, call:
2025-10-14T20:59:24.0393976Z hint:
2025-10-14T20:59:24.0395262Z hint: 	git config --global init.defaultBranch <name>
2025-10-14T20:59:24.0396800Z hint:
2025-10-14T20:59:24.0397871Z hint: Names commonly chosen instead of 'master' are 'main', 'trunk' and
2025-10-14T20:59:24.0399733Z hint: 'development'. The just-created branch can be renamed via this command:
2025-10-14T20:59:24.0401511Z hint:
2025-10-14T20:59:24.0402230Z hint: 	git branch -m <name>
2025-10-14T20:59:24.0403376Z hint:
2025-10-14T20:59:24.0404561Z hint: Disable this message with "git config set advice.defaultBranchName false"
2025-10-14T20:59:24.0406417Z Initialized empty Git repository in /home/runner/work/click/click/.git/
2025-10-14T20:59:24.0409333Z [command]/usr/bin/git remote add origin https://github.com/pallets/click
2025-10-14T20:59:24.0435494Z ##[endgroup]
2025-10-14T20:59:24.0436852Z ##[group]Disabling automatic garbage collection
2025-10-14T20:59:24.0438756Z [command]/usr/bin/git config --local gc.auto 0
2025-10-14T20:59:24.0467454Z ##[endgroup]
2025-10-14T20:59:24.0468741Z ##[group]Setting up auth
2025-10-14T20:59:24.0474166Z [command]/usr/bin/git config --local --name-only --get-regexp core\.sshCommand
2025-10-14T20:59:24.0503830Z [command]/usr/bin/git submodule foreach --recursive sh -c "git config --local --name-only --get-regexp 'core\.sshCommand' && git config --local --unset-all 'core.sshCommand' || :"
2025-10-14T20:59:24.0770519Z [command]/usr/bin/git config --local --name-only --get-regexp http\.https\:\/\/github\.com\/\.extraheader
2025-10-14T20:59:24.0801361Z [command]/usr/bin/git submodule foreach --recursive sh -c "git config --local --name-only --get-regexp 'http\.https\:\/\/github\.com\/\.extraheader' && git config --local --unset-all 'http.https://github.com/.extraheader' || :"
2025-10-14T20:59:24.1036103Z [command]/usr/bin/git config --local http.https://github.com/.extraheader AUTHORIZATION: basic ***
2025-10-14T20:59:24.1071937Z ##[endgroup]
2025-10-14T20:59:24.1074592Z ##[group]Fetching the repository
2025-10-14T20:59:24.1083944Z [command]/usr/bin/git -c protocol.version=2 fetch --no-tags --prune --no-recurse-submodules --depth=1 origin +ae352dd898cd426362bf586624fe65c69581384f:refs/remotes/pull/3108/merge
2025-10-14T20:59:24.4106783Z From https://github.com/pallets/click
2025-10-14T20:59:24.4110193Z  * [new ref]         ae352dd898cd426362bf586624fe65c69581384f -> pull/3108/merge
2025-10-14T20:59:24.4142352Z ##[endgroup]
2025-10-14T20:59:24.4145406Z ##[group]Determining the checkout info
2025-10-14T20:59:24.4146940Z ##[endgroup]
2025-10-14T20:59:24.4150110Z [command]/usr/bin/git sparse-checkout disable
2025-10-14T20:59:24.4191269Z [command]/usr/bin/git config --local --unset-all extensions.worktreeConfig
2025-10-14T20:59:24.4220195Z ##[group]Checking out the ref
2025-10-14T20:59:24.4223616Z [command]/usr/bin/git checkout --progress --force refs/remotes/pull/3108/merge
2025-10-14T20:59:24.4353236Z Note: switching to 'refs/remotes/pull/3108/merge'.
2025-10-14T20:59:24.4354499Z 
2025-10-14T20:59:24.4355558Z You are in 'detached HEAD' state. You can look around, make experimental
2025-10-14T20:59:24.4358672Z changes and commit them, and you can discard any commits you make in this
2025-10-14T20:59:24.4361478Z state without impacting any branches by switching back to a branch.
2025-10-14T20:59:24.4363793Z 
2025-10-14T20:59:24.4365186Z If you want to create a new branch to retain commits you create, you may
2025-10-14T20:59:24.4367816Z do so (now or later) by using -c with the switch command. Example:
2025-10-14T20:59:24.4369338Z 
2025-10-14T20:59:24.4369933Z   git switch -c <new-branch-name>
2025-10-14T20:59:24.4370893Z 
2025-10-14T20:59:24.4371424Z Or undo this operation with:
2025-10-14T20:59:24.4372303Z 
2025-10-14T20:59:24.4373031Z   git switch -
2025-10-14T20:59:24.4373735Z 
2025-10-14T20:59:24.4374891Z Turn off this advice by setting config variable advice.detachedHead to false
2025-10-14T20:59:24.4376443Z 
2025-10-14T20:59:24.4377768Z HEAD is now at ae352dd Merge 8fdbe7121560d6414fc4091eda1d051c64d2acf8 into 309ce9178707e1efaf994f191d062edbdffd5ce6
2025-10-14T20:59:24.4381891Z ##[endgroup]
2025-10-14T20:59:24.4408054Z [command]/usr/bin/git log -1 --format=%H
2025-10-14T20:59:24.4433881Z ae352dd898cd426362bf586624fe65c69581384f
2025-10-14T20:59:24.4736657Z ##[group]Run astral-sh/setup-uv@f0ec1fc3b38f5e7cd731bb6ce540c5af426746bb
2025-10-14T20:59:24.4738132Z with:
2025-10-14T20:59:24.4738991Z   enable-cache: true
2025-10-14T20:59:24.4739833Z   prune-cache: false
2025-10-14T20:59:24.4740711Z   activate-environment: false
2025-10-14T20:59:24.4741860Z   working-directory: /home/runner/work/click/click
2025-10-14T20:59:24.4743341Z   server-url: https://github.com
2025-10-14T20:59:24.4744671Z   github-token: ***
2025-10-14T20:59:24.4746609Z   cache-dependency-glob: **/*requirements*.txt
**/*requirements*.in
**/*constraints*.txt
**/*constraints*.in
**/pyproject.toml
**/uv.lock

2025-10-14T20:59:24.4748731Z   ignore-nothing-to-cache: false
2025-10-14T20:59:24.4749747Z   ignore-empty-workdir: false
2025-10-14T20:59:24.4750748Z ##[endgroup]
2025-10-14T20:59:24.7127113Z Trying to find required-version for uv in: /home/runner/work/click/click/uv.toml
2025-10-14T20:59:24.7130184Z Could not find file: /home/runner/work/click/click/uv.toml
2025-10-14T20:59:24.7133868Z Trying to find required-version for uv in: /home/runner/work/click/click/pyproject.toml
2025-10-14T20:59:24.7158786Z Could not determine uv version from uv.toml or pyproject.toml. Falling back to latest.
2025-10-14T20:59:24.9499415Z Downloading uv from "https://github.com/astral-sh/uv/releases/download/0.9.2/uv-x86_64-unknown-linux-gnu.tar.gz" ...
2025-10-14T20:59:25.2387310Z [command]/usr/bin/tar xz --warning=no-unknown-keyword --overwrite -C /home/runner/work/_temp/80cb51a7-42f6-4c5d-bbdb-f789c3709440 -f /home/runner/work/_temp/a2608305-512f-4945-9414-72b4c02f4e63
2025-10-14T20:59:25.6802147Z Added /home/runner/.local/bin to the path
2025-10-14T20:59:25.6805581Z Added /opt/hostedtoolcache/uv/0.9.2/x86_64 to the path
2025-10-14T20:59:25.6835863Z Set UV_CACHE_DIR to /home/runner/work/_temp/setup-uv-cache
2025-10-14T20:59:25.6836845Z Successfully installed uv version 0.9.2
2025-10-14T20:59:25.6838456Z Searching files using cache dependency glob: **/*requirements*.txt,**/*requirements*.in,**/*constraints*.txt,**/*constraints*.in,**/pyproject.toml,**/uv.lock
2025-10-14T20:59:25.7037023Z /home/runner/work/click/click/examples/aliases/pyproject.toml
2025-10-14T20:59:25.7060328Z /home/runner/work/click/click/examples/colors/pyproject.toml
2025-10-14T20:59:25.7074734Z /home/runner/work/click/click/examples/completion/pyproject.toml
2025-10-14T20:59:25.7098622Z /home/runner/work/click/click/examples/complex/pyproject.toml
2025-10-14T20:59:25.7117143Z /home/runner/work/click/click/examples/imagepipe/pyproject.toml
2025-10-14T20:59:25.7130830Z /home/runner/work/click/click/examples/inout/pyproject.toml
2025-10-14T20:59:25.7142467Z /home/runner/work/click/click/examples/naval/pyproject.toml
2025-10-14T20:59:25.7153732Z /home/runner/work/click/click/examples/repo/pyproject.toml
2025-10-14T20:59:25.7165254Z /home/runner/work/click/click/examples/termui/pyproject.toml
2025-10-14T20:59:25.7176992Z /home/runner/work/click/click/examples/validation/pyproject.toml
2025-10-14T20:59:25.7184790Z /home/runner/work/click/click/pyproject.toml
2025-10-14T20:59:25.7241240Z /home/runner/work/click/click/uv.lock
2025-10-14T20:59:25.7252160Z Found 12 files to hash.
2025-10-14T20:59:25.7932541Z Trying to restore uv cache from GitHub Actions cache with key: setup-uv-1-x86_64-unknown-linux-gnu-3.12.3-0845c38914a45faad973e347ba188723ca0ec661d213ae18fb392ad1954a121f
2025-10-14T20:59:25.9122221Z Cache hit for: setup-uv-1-x86_64-unknown-linux-gnu-3.12.3-0845c38914a45faad973e347ba188723ca0ec661d213ae18fb392ad1954a121f
2025-10-14T20:59:26.2645815Z Received 52685158 of 52685158 (100.0%), 156.0 MBs/sec
2025-10-14T20:59:26.2646808Z Cache Size: ~50 MB (52685158 B)
2025-10-14T20:59:26.2810987Z [command]/usr/bin/tar -xf /home/runner/work/_temp/a273fa1d-0e3f-4715-94f3-867f6cc51df6/cache.tzst -P -C /home/runner/work/click/click --use-compress-program unzstd
2025-10-14T20:59:26.8878061Z Cache restored successfully
2025-10-14T20:59:26.8984701Z uv cache restored from GitHub Actions cache with key: setup-uv-1-x86_64-unknown-linux-gnu-3.12.3-0845c38914a45faad973e347ba188723ca0ec661d213ae18fb392ad1954a121f
2025-10-14T20:59:26.9200832Z ##[group]Run actions/setup-python@a26af69be951a213d495a4c3e4e4022e16d87065
2025-10-14T20:59:26.9201285Z with:
2025-10-14T20:59:26.9201478Z   python-version: 3.11
2025-10-14T20:59:26.9201698Z   check-latest: false
2025-10-14T20:59:26.9202047Z   token: ***
2025-10-14T20:59:26.9202253Z   update-environment: true
2025-10-14T20:59:26.9202485Z   allow-prereleases: false
2025-10-14T20:59:26.9202710Z   freethreaded: false
2025-10-14T20:59:26.9203116Z env:
2025-10-14T20:59:26.9203346Z   UV_CACHE_DIR: /home/runner/work/_temp/setup-uv-cache
2025-10-14T20:59:26.9203656Z ##[endgroup]
2025-10-14T20:59:27.0876391Z ##[group]Installed versions
2025-10-14T20:59:27.0963265Z Successfully set up CPython (3.11.13)
2025-10-14T20:59:27.0963916Z ##[endgroup]
2025-10-14T20:59:27.1079395Z ##[group]Run uv run --locked tox run -e py3.11
2025-10-14T20:59:27.1079813Z [36;1muv run --locked tox run -e py3.11[0m
2025-10-14T20:59:27.1181749Z shell: /usr/bin/bash -e {0}
2025-10-14T20:59:27.1182044Z env:
2025-10-14T20:59:27.1182289Z   UV_CACHE_DIR: /home/runner/work/_temp/setup-uv-cache
2025-10-14T20:59:27.1182673Z   pythonLocation: /opt/hostedtoolcache/Python/3.11.13/x64
2025-10-14T20:59:27.1183355Z   PKG_CONFIG_PATH: /opt/hostedtoolcache/Python/3.11.13/x64/lib/pkgconfig
2025-10-14T20:59:27.1183784Z   Python_ROOT_DIR: /opt/hostedtoolcache/Python/3.11.13/x64
2025-10-14T20:59:27.1184151Z   Python2_ROOT_DIR: /opt/hostedtoolcache/Python/3.11.13/x64
2025-10-14T20:59:27.1184543Z   Python3_ROOT_DIR: /opt/hostedtoolcache/Python/3.11.13/x64
2025-10-14T20:59:27.1184956Z   LD_LIBRARY_PATH: /opt/hostedtoolcache/Python/3.11.13/x64/lib
2025-10-14T20:59:27.1185301Z ##[endgroup]
2025-10-14T20:59:33.6492501Z Using CPython 3.11.13 interpreter at: /opt/hostedtoolcache/Python/3.11.13/x64/bin/python3
2025-10-14T20:59:33.6493678Z Creating virtual environment at: .venv
2025-10-14T20:59:33.6558676Z    Building click @ file:///home/runner/work/click/click
2025-10-14T20:59:35.4774011Z       Built click @ file:///home/runner/work/click/click
2025-10-14T20:59:35.5877158Z Installed 29 packages in 108ms
2025-10-14T20:59:37.5201897Z py3.11: venv> .venv/bin/uv venv -p /home/runner/work/click/click/.venv/bin/python --allow-existing --python-preference system /home/runner/work/click/click/.tox/py3.11
2025-10-14T20:59:37.5744662Z py3.11: uv-sync> uv sync --locked --python-preference system --no-default-groups --no-editable --reinstall-package click --group tests -p /home/runner/work/click/click/.venv/bin/python
2025-10-14T20:59:37.8460581Z py3.11: freeze> .venv/bin/uv --color never pip freeze
2025-10-14T20:59:37.8542216Z py3.11: click @ file:///home/runner/work/click/click,iniconfig==2.1.0,packaging==25.0,pluggy==1.6.0,pygments==2.19.1,pytest==8.4.0
2025-10-14T20:59:37.8547870Z py3.11: commands[0]> pytest -v --tb=short --basetemp=/home/runner/work/click/click/.tox/py3.11/tmp
2025-10-14T20:59:39.1050477Z ============================= test session starts ==============================
2025-10-14T20:59:39.1051469Z platform linux -- Python 3.11.13, pytest-8.4.0, pluggy-1.6.0 -- /home/runner/work/click/click/.tox/py3.11/bin/python3
2025-10-14T20:59:39.1052223Z cachedir: .tox/py3.11/.pytest_cache
2025-10-14T20:59:39.1052643Z rootdir: /home/runner/work/click/click
2025-10-14T20:59:39.1053437Z configfile: pyproject.toml
2025-10-14T20:59:39.1053782Z testpaths: tests
2025-10-14T20:59:40.0391657Z collecting ... collected 1331 items
2025-10-14T20:59:40.0392138Z 
2025-10-14T20:59:40.0409274Z tests/test_arguments.py::test_nargs_star PASSED                          [  0%]
2025-10-14T20:59:40.0421006Z tests/test_arguments.py::test_nargs_tup PASSED                           [  0%]
2025-10-14T20:59:40.0437611Z tests/test_arguments.py::test_nargs_tup_composite[opts0] PASSED          [  0%]
2025-10-14T20:59:40.0449463Z tests/test_arguments.py::test_nargs_tup_composite[opts1] PASSED          [  0%]
2025-10-14T20:59:40.0465223Z tests/test_arguments.py::test_nargs_tup_composite[opts2] PASSED          [  0%]
2025-10-14T20:59:40.0478673Z tests/test_arguments.py::test_nargs_tup_composite[opts3] PASSED          [  0%]
2025-10-14T20:59:40.0488656Z tests/test_arguments.py::test_nargs_mismatch_with_tuple_type PASSED      [  0%]
2025-10-14T20:59:40.0521950Z tests/test_arguments.py::test_nargs_err PASSED                           [  0%]
2025-10-14T20:59:40.0538571Z tests/test_arguments.py::test_bytes_args PASSED                          [  0%]
2025-10-14T20:59:40.0563945Z tests/test_arguments.py::test_file_args PASSED                           [  0%]
2025-10-14T20:59:40.0578352Z tests/test_arguments.py::test_path_allow_dash PASSED                     [  0%]
2025-10-14T20:59:40.0597816Z tests/test_arguments.py::test_file_atomics PASSED                        [  0%]
2025-10-14T20:59:40.0612416Z tests/test_arguments.py::test_stdout_default PASSED                      [  0%]
2025-10-14T20:59:40.0627057Z tests/test_arguments.py::test_nargs_envvar[2--None] PASSED               [  1%]
2025-10-14T20:59:40.0642231Z tests/test_arguments.py::test_nargs_envvar[2-a-Takes 2 values but 1 was given.] PASSED [  1%]
2025-10-14T20:59:40.0657225Z tests/test_arguments.py::test_nargs_envvar[2-a b-expect2] PASSED         [  1%]
2025-10-14T20:59:40.0670524Z tests/test_arguments.py::test_nargs_envvar[2-a b c-Takes 2 values but 3 were given.] PASSED [  1%]
2025-10-14T20:59:40.0681031Z tests/test_arguments.py::test_nargs_envvar[-1-a b c-expect4] PASSED      [  1%]
2025-10-14T20:59:40.0691865Z tests/test_arguments.py::test_nargs_envvar[-1--expect5] PASSED           [  1%]
2025-10-14T20:59:40.0703768Z tests/test_arguments.py::test_nargs_envvar_only_if_values_empty PASSED   [  1%]
2025-10-14T20:59:40.0720214Z tests/test_arguments.py::test_empty_nargs PASSED                         [  1%]
2025-10-14T20:59:40.0733067Z tests/test_arguments.py::test_missing_arg PASSED                         [  1%]
2025-10-14T20:59:40.0741658Z tests/test_arguments.py::test_required_argument[-False-] PASSED          [  1%]
2025-10-14T20:59:40.0750536Z tests/test_arguments.py::test_required_argument[  -False-  ] PASSED      [  1%]
2025-10-14T20:59:40.0758715Z tests/test_arguments.py::test_required_argument[foo-False-foo] PASSED    [  1%]
2025-10-14T20:59:40.0766670Z tests/test_arguments.py::test_required_argument[12-False-12_0] PASSED    [  1%]
2025-10-14T20:59:40.0774923Z tests/test_arguments.py::test_required_argument[12-False-12_1] PASSED    [  2%]
2025-10-14T20:59:40.0783071Z tests/test_arguments.py::test_required_argument[12.1-False-12.1] PASSED  [  2%]
2025-10-14T20:59:40.0791154Z tests/test_arguments.py::test_required_argument[value6-False-[]] PASSED  [  2%]
2025-10-14T20:59:40.0800240Z tests/test_arguments.py::test_required_argument[value7-False-()] PASSED  [  2%]
2025-10-14T20:59:40.0809336Z tests/test_arguments.py::test_required_argument[value8-False-set()] PASSED [  2%]
2025-10-14T20:59:40.0817431Z tests/test_arguments.py::test_required_argument[value9-False-frozenset()] PASSED [  2%]
2025-10-14T20:59:40.0825464Z tests/test_arguments.py::test_required_argument[value10-False-{}] PASSED [  2%]
2025-10-14T20:59:40.0833562Z tests/test_arguments.py::test_required_argument[None-False-None] PASSED  [  2%]
2025-10-14T20:59:40.0847183Z tests/test_arguments.py::test_required_argument[Sentinel.UNSET-True-None] PASSED [  2%]
2025-10-14T20:59:40.0859556Z tests/test_arguments.py::test_implicit_non_required PASSED               [  2%]
2025-10-14T20:59:40.0873855Z tests/test_arguments.py::test_deprecated_usage PASSED                    [  2%]
2025-10-14T20:59:40.0886074Z tests/test_arguments.py::test_deprecated_warning[True] PASSED            [  2%]
2025-10-14T20:59:40.0898199Z tests/test_arguments.py::test_deprecated_warning[USE B INSTEAD] PASSED   [  2%]
2025-10-14T20:59:40.0906328Z tests/test_arguments.py::test_deprecated_required PASSED                 [  3%]
2025-10-14T20:59:40.0921108Z tests/test_arguments.py::test_eat_options PASSED                         [  3%]
2025-10-14T20:59:40.0932105Z tests/test_arguments.py::test_nargs_star_ordering PASSED                 [  3%]
2025-10-14T20:59:40.0942634Z tests/test_arguments.py::test_nargs_specified_plus_star_ordering PASSED  [  3%]
2025-10-14T20:59:40.0953786Z tests/test_arguments.py::test_good_defaults_for_nargs[argument_params0-args0-expected0] PASSED [  3%]
2025-10-14T20:59:40.0964053Z tests/test_arguments.py::test_good_defaults_for_nargs[argument_params1-args1-expected1] PASSED [  3%]
2025-10-14T20:59:40.0974611Z tests/test_arguments.py::test_good_defaults_for_nargs[argument_params2-args2-expected2] PASSED [  3%]
2025-10-14T20:59:40.0987075Z tests/test_arguments.py::test_good_defaults_for_nargs[argument_params3-args3-expected3] PASSED [  3%]
2025-10-14T20:59:40.0997923Z tests/test_arguments.py::test_good_defaults_for_nargs[argument_params4-args4-expected4] PASSED [  3%]
2025-10-14T20:59:40.1009011Z tests/test_arguments.py::test_good_defaults_for_nargs[argument_params5-args5-expected5] PASSED [  3%]
2025-10-14T20:59:40.1019467Z tests/test_arguments.py::test_good_defaults_for_nargs[argument_params6-args6-expected6] PASSED [  3%]
2025-10-14T20:59:40.1030129Z tests/test_arguments.py::test_good_defaults_for_nargs[argument_params7-args7-expected7] PASSED [  3%]
2025-10-14T20:59:40.1040858Z tests/test_arguments.py::test_good_defaults_for_nargs[argument_params8-args8-None] PASSED [  3%]
2025-10-14T20:59:40.1051687Z tests/test_arguments.py::test_good_defaults_for_nargs[argument_params9-args9-expected9] PASSED [  3%]
2025-10-14T20:59:40.1064287Z tests/test_arguments.py::test_good_defaults_for_nargs[argument_params10-args10-expected10] PASSED [  4%]
2025-10-14T20:59:40.1075020Z tests/test_arguments.py::test_good_defaults_for_nargs[argument_params11-args11-expected11] PASSED [  4%]
2025-10-14T20:59:40.1085752Z tests/test_arguments.py::test_good_defaults_for_nargs[argument_params12-args12-expected12] PASSED [  4%]
2025-10-14T20:59:40.1099418Z tests/test_arguments.py::test_bad_defaults_for_nargs[Yo-Error: Invalid value for '[A]...': Value must be an iterable.] PASSED [  4%]
2025-10-14T20:59:40.1112314Z tests/test_arguments.py::test_bad_defaults_for_nargs[-Error: Invalid value for '[A]...': Value must be an iterable.] PASSED [  4%]
2025-10-14T20:59:40.1125565Z tests/test_arguments.py::test_bad_defaults_for_nargs[True-Error: Invalid value for '[A]...': Value must be an iterable.] PASSED [  4%]
2025-10-14T20:59:40.1141208Z tests/test_arguments.py::test_bad_defaults_for_nargs[False-Error: Invalid value for '[A]...': Value must be an iterable.] PASSED [  4%]
2025-10-14T20:59:40.1157928Z tests/test_arguments.py::test_bad_defaults_for_nargs[12-Error: Invalid value for '[A]...': Value must be an iterable.] PASSED [  4%]
2025-10-14T20:59:40.1176297Z tests/test_arguments.py::test_bad_defaults_for_nargs[7.9-Error: Invalid value for '[A]...': Value must be an iterable.] PASSED [  4%]
2025-10-14T20:59:40.1194257Z tests/test_arguments.py::test_bad_defaults_for_nargs[default6-Error: Invalid value for '[A]...': Takes 2 values but 0 were given.] PASSED [  4%]
2025-10-14T20:59:40.1210586Z tests/test_arguments.py::test_bad_defaults_for_nargs[Sentinel.UNSET-Error: Missing argument 'A...'.] PASSED [  4%]
2025-10-14T20:59:40.1226060Z tests/test_arguments.py::test_bad_defaults_for_nargs[default8-Error: Invalid value for '[A]...': Takes 2 values but 0 were given.] PASSED [  4%]
2025-10-14T20:59:40.1239590Z tests/test_arguments.py::test_bad_defaults_for_nargs[default9-Error: Invalid value for '[A]...': Takes 2 values but 1 was given.] PASSED [  4%]
2025-10-14T20:59:40.1253518Z tests/test_arguments.py::test_bad_defaults_for_nargs[default10-Error: Invalid value for '[A]...': Takes 2 values but 3 were given.] PASSED [  5%]
2025-10-14T20:59:40.1266941Z tests/test_arguments.py::test_bad_defaults_for_nargs[default11-Error: Invalid value for '[A]...': Takes 2 values but 0 were given.] PASSED [  5%]
2025-10-14T20:59:40.1279698Z tests/test_arguments.py::test_bad_defaults_for_nargs[default12-Error: Invalid value for '[A]...': Takes 2 values but 1 was given.] PASSED [  5%]
2025-10-14T20:59:40.1292403Z tests/test_arguments.py::test_bad_defaults_for_nargs[default13-Error: Invalid value for '[A]...': Takes 2 values but 3 were given.] PASSED [  5%]
2025-10-14T20:59:40.1306866Z tests/test_arguments.py::test_bad_defaults_for_nargs[default14-Error: Invalid value for '[A]...': Takes 2 values but 0 were given.] PASSED [  5%]
2025-10-14T20:59:40.1319546Z tests/test_arguments.py::test_bad_defaults_for_nargs[default15-Error: Invalid value for '[A]...': Takes 2 values but 1 was given.] PASSED [  5%]
2025-10-14T20:59:40.1332350Z tests/test_arguments.py::test_bad_defaults_for_nargs[default16-Error: Invalid value for '[A]...': Takes 2 values but 3 were given.] PASSED [  5%]
2025-10-14T20:59:40.1345510Z tests/test_arguments.py::test_bad_defaults_for_nargs[default17-Error: Invalid value for '[A]...': Takes 2 values but 0 were given.] PASSED [  5%]
2025-10-14T20:59:40.1358805Z tests/test_arguments.py::test_bad_defaults_for_nargs[default18-Error: Invalid value for '[A]...': Takes 2 values but 1 was given.] PASSED [  5%]
2025-10-14T20:59:40.1376516Z tests/test_arguments.py::test_bad_defaults_for_nargs[default19-Error: Invalid value for '[A]...': Takes 2 values but 3 were given.] PASSED [  5%]
2025-10-14T20:59:40.1389533Z tests/test_arguments.py::test_bad_defaults_for_nargs[default20-Error: Invalid value for '[A]...': Takes 2 values but 0 were given.] PASSED [  5%]
2025-10-14T20:59:40.1402208Z tests/test_arguments.py::test_bad_defaults_for_nargs[default21-Error: Invalid value for '[A]...': Takes 2 values but 1 was given.] PASSED [  5%]
2025-10-14T20:59:40.1415090Z tests/test_arguments.py::test_bad_defaults_for_nargs[default22-Error: Invalid value for '[A]...': Takes 2 values but 3 were given.] PASSED [  5%]
2025-10-14T20:59:40.1423397Z tests/test_arguments.py::test_multiple_param_decls_not_allowed PASSED    [  6%]
2025-10-14T20:59:40.1431053Z tests/test_arguments.py::test_multiple_not_allowed PASSED                [  6%]
2025-10-14T20:59:40.1445080Z tests/test_arguments.py::test_subcommand_help PASSED                     [  6%]
2025-10-14T20:59:40.1461955Z tests/test_arguments.py::test_nested_subcommand_help PASSED              [  6%]
2025-10-14T20:59:40.1469660Z tests/test_arguments.py::test_when_argument_decorator_is_used_multiple_times_cls_is_preserved PASSED [  6%]
2025-10-14T20:59:40.1483309Z tests/test_arguments.py::test_duplicate_names_warning[args_one0-args_two0] PASSED [  6%]
2025-10-14T20:59:40.1496177Z tests/test_basic.py::test_basic_functionality PASSED                     [  6%]
2025-10-14T20:59:40.1503348Z tests/test_basic.py::test_repr PASSED                                    [  6%]
2025-10-14T20:59:40.1512011Z tests/test_basic.py::test_return_values PASSED                           [  6%]
2025-10-14T20:59:40.1527346Z tests/test_basic.py::test_basic_group PASSED                             [  6%]
2025-10-14T20:59:40.1538319Z tests/test_basic.py::test_group_commands_dict PASSED                     [  6%]
2025-10-14T20:59:40.1551419Z tests/test_basic.py::test_group_from_list PASSED                         [  6%]
2025-10-14T20:59:40.1562164Z tests/test_basic.py::test_string_option[args0-S:[no value]] PASSED       [  6%]
2025-10-14T20:59:40.1572470Z tests/test_basic.py::test_string_option[args1-S:[42]] PASSED             [  6%]
2025-10-14T20:59:40.1583827Z tests/test_basic.py::test_string_option[args2-Error: Option '--s' requires an argument.] PASSED [  7%]
2025-10-14T20:59:40.1594144Z tests/test_basic.py::test_string_option[args3-S:[]] PASSED               [  7%]
2025-10-14T20:59:40.1604713Z tests/test_basic.py::test_string_option[args4-S:[\u2603]] PASSED         [  7%]
2025-10-14T20:59:40.1616983Z tests/test_basic.py::test_int_option[args0-I:[84]] PASSED                [  7%]
2025-10-14T20:59:40.1627334Z tests/test_basic.py::test_int_option[args1-I:[46]] PASSED                [  7%]
2025-10-14T20:59:40.1640578Z tests/test_basic.py::test_int_option[args2-Error: Invalid value for '--i': 'x' is not a valid integer.] PASSED [  7%]
2025-10-14T20:59:40.1651047Z tests/test_basic.py::test_uuid_option[args0-U:[ba122011-349f-423b-873b-9d6a79c688ab]] PASSED [  7%]
2025-10-14T20:59:40.1661701Z tests/test_basic.py::test_uuid_option[args1-U:[821592c1-c50e-4971-9cd6-e89dc6832f86]] PASSED [  7%]
2025-10-14T20:59:40.1674752Z tests/test_basic.py::test_uuid_option[args2-Error: Invalid value for '--u': 'x' is not a valid UUID.] PASSED [  7%]
2025-10-14T20:59:40.1686803Z tests/test_basic.py::test_float_option[args0-F:[42.0]] PASSED            [  7%]
2025-10-14T20:59:40.1697874Z tests/test_basic.py::test_float_option[--f=23.5-F:[23.5]] PASSED         [  7%]
2025-10-14T20:59:40.1711290Z tests/test_basic.py::test_float_option[--f=x-Error: Invalid value for '--f': 'x' is not a valid float.] PASSED [  7%]
2025-10-14T20:59:40.1722162Z tests/test_basic.py::test_boolean_switch[args0-True-True] PASSED         [  7%]
2025-10-14T20:59:40.1733058Z tests/test_basic.py::test_boolean_switch[args1-False-True] PASSED        [  8%]
2025-10-14T20:59:40.1744006Z tests/test_basic.py::test_boolean_switch[args2-None-True] PASSED         [  8%]
2025-10-14T20:59:40.1754862Z tests/test_basic.py::test_boolean_switch[args3-Sentinel.UNSET-True] PASSED [  8%]
2025-10-14T20:59:40.1765385Z tests/test_basic.py::test_boolean_switch[args4-True-False] PASSED        [  8%]
2025-10-14T20:59:40.1775777Z tests/test_basic.py::test_boolean_switch[args5-False-False] PASSED       [  8%]
2025-10-14T20:59:40.1786080Z tests/test_basic.py::test_boolean_switch[args6-None-False] PASSED        [  8%]
2025-10-14T20:59:40.1796710Z tests/test_basic.py::test_boolean_switch[args7-Sentinel.UNSET-False] PASSED [  8%]
2025-10-14T20:59:40.1807154Z tests/test_basic.py::test_boolean_switch[args8-True-True] PASSED         [  8%]
2025-10-14T20:59:40.1818267Z tests/test_basic.py::test_boolean_switch[args9-False-False] PASSED       [  8%]
2025-10-14T20:59:40.1829590Z tests/test_basic.py::test_boolean_switch[args10-None-None] PASSED        [  8%]
2025-10-14T20:59:40.1840063Z tests/test_basic.py::test_boolean_switch[args11-Sentinel.UNSET-False] PASSED [  8%]
2025-10-14T20:59:40.1850458Z tests/test_basic.py::test_boolean_flag[True-args0-True] PASSED           [  8%]
2025-10-14T20:59:40.1861502Z tests/test_basic.py::test_boolean_flag[True-args1-True] PASSED           [  8%]
2025-10-14T20:59:40.1871950Z tests/test_basic.py::test_boolean_flag[False-args2-True] PASSED          [  9%]
2025-10-14T20:59:40.1886139Z tests/test_basic.py::test_boolean_flag[False-args3-False] PASSED         [  9%]
2025-10-14T20:59:40.1901157Z tests/test_basic.py::test_boolean_flag[None-args4-True] PASSED           [  9%]
2025-10-14T20:59:40.1916892Z tests/test_basic.py::test_boolean_flag[None-args5-None] PASSED           [  9%]
2025-10-14T20:59:40.1933481Z tests/test_basic.py::test_boolean_conversion[1-True] PASSED              [  9%]
2025-10-14T20:59:40.1953987Z tests/test_basic.py::test_boolean_conversion[true-True] PASSED           [  9%]
2025-10-14T20:59:40.1970847Z tests/test_basic.py::test_boolean_conversion[t-True] PASSED              [  9%]
2025-10-14T20:59:40.1986511Z tests/test_basic.py::test_boolean_conversion[yes-True] PASSED            [  9%]
2025-10-14T20:59:40.2003762Z tests/test_basic.py::test_boolean_conversion[y-True] PASSED              [  9%]
2025-10-14T20:59:40.2020674Z tests/test_basic.py::test_boolean_conversion[on-True] PASSED             [  9%]
2025-10-14T20:59:40.2040823Z tests/test_basic.py::test_boolean_conversion[0-False] PASSED             [  9%]
2025-10-14T20:59:40.2057005Z tests/test_basic.py::test_boolean_conversion[false-False] PASSED         [  9%]
2025-10-14T20:59:40.2074269Z tests/test_basic.py::test_boolean_conversion[f-False] PASSED             [  9%]
2025-10-14T20:59:40.2091432Z tests/test_basic.py::test_boolean_conversion[no-False] PASSED            [  9%]
2025-10-14T20:59:40.2108383Z tests/test_basic.py::test_boolean_conversion[n-False] PASSED             [ 10%]
2025-10-14T20:59:40.2127971Z tests/test_basic.py::test_boolean_conversion[off-False] PASSED           [ 10%]
2025-10-14T20:59:40.2143349Z tests/test_basic.py::test_flag_value_dual_options[True-args0-upper] PASSED [ 10%]
2025-10-14T20:59:40.2158899Z tests/test_basic.py::test_flag_value_dual_options[True-args1-lower] PASSED [ 10%]
2025-10-14T20:59:40.2174335Z tests/test_basic.py::test_flag_value_dual_options[False-args2-upper] PASSED [ 10%]
2025-10-14T20:59:40.2188733Z tests/test_basic.py::test_flag_value_dual_options[False-args3-lower] PASSED [ 10%]
2025-10-14T20:59:40.2203459Z tests/test_basic.py::test_flag_value_dual_options[None-args4-upper] PASSED [ 10%]
2025-10-14T20:59:40.2221924Z tests/test_basic.py::test_flag_value_dual_options[None-args5-lower] PASSED [ 10%]
2025-10-14T20:59:40.2237108Z tests/test_basic.py::test_flag_value_dual_options[Sentinel.UNSET-args6-upper] PASSED [ 10%]
2025-10-14T20:59:40.2252581Z tests/test_basic.py::test_flag_value_dual_options[Sentinel.UNSET-args7-lower] PASSED [ 10%]
2025-10-14T20:59:40.2268058Z tests/test_basic.py::test_flag_value_dual_options[True-args8-lower] PASSED [ 10%]
2025-10-14T20:59:40.2283045Z tests/test_basic.py::test_flag_value_dual_options[True-args9-upper] PASSED [ 10%]
2025-10-14T20:59:40.2298237Z tests/test_basic.py::test_flag_value_dual_options[upper-args10-upper] PASSED [ 10%]
2025-10-14T20:59:40.2311467Z tests/test_basic.py::test_flag_value_dual_options[lower-args11-lower] PASSED [ 11%]
2025-10-14T20:59:40.2323298Z tests/test_basic.py::test_flag_value_dual_options[uPPer-args12-uPPer] PASSED [ 11%]
2025-10-14T20:59:40.2334309Z tests/test_basic.py::test_flag_value_dual_options[lOwEr-args13-lOwEr] PASSED [ 11%]
2025-10-14T20:59:40.2345759Z tests/test_basic.py::test_flag_value_dual_options[ \u1555( \u141b )\u1557 -args14- \u1555( \u141b )\u1557 ] PASSED [ 11%]
2025-10-14T20:59:40.2356057Z tests/test_basic.py::test_flag_value_dual_options[None-args15-None] PASSED [ 11%]
2025-10-14T20:59:40.2366743Z tests/test_basic.py::test_flag_value_dual_options[Sentinel.UNSET-args16-None] PASSED [ 11%]
2025-10-14T20:59:40.2379203Z tests/test_basic.py::test_flag_value_dual_options[True-args17-upper] PASSED [ 11%]
2025-10-14T20:59:40.2390158Z tests/test_basic.py::test_flag_value_dual_options[False-args18-False] PASSED [ 11%]
2025-10-14T20:59:40.2401185Z tests/test_basic.py::test_flag_value_dual_options[42-args19-42] PASSED   [ 11%]
2025-10-14T20:59:40.2411902Z tests/test_basic.py::test_flag_value_dual_options[12.3-args20-12.3] PASSED [ 11%]
2025-10-14T20:59:40.2427574Z tests/test_basic.py::test_file_option PASSED                             [ 11%]
2025-10-14T20:59:40.2455494Z tests/test_basic.py::test_file_lazy_mode PASSED                          [ 11%]
2025-10-14T20:59:40.2490619Z tests/test_basic.py::test_path_option PASSED                             [ 11%]
2025-10-14T20:59:40.2508057Z tests/test_basic.py::test_choice_option PASSED                           [ 12%]
2025-10-14T20:59:40.2529554Z tests/test_basic.py::test_choice_argument PASSED                         [ 12%]
2025-10-14T20:59:40.2548672Z tests/test_basic.py::test_choice_argument_enum PASSED                    [ 12%]
2025-10-14T20:59:40.2565705Z tests/test_basic.py::test_choice_argument_custom_type PASSED             [ 12%]
2025-10-14T20:59:40.2585418Z tests/test_basic.py::test_choice_argument_none PASSED                    [ 12%]
2025-10-14T20:59:40.3282280Z tests/test_basic.py::test_datetime_option_default PASSED                 [ 12%]
2025-10-14T20:59:40.3299486Z tests/test_basic.py::test_datetime_option_custom PASSED                  [ 12%]
2025-10-14T20:59:40.3312502Z tests/test_basic.py::test_required_option PASSED                         [ 12%]
2025-10-14T20:59:40.3323885Z tests/test_basic.py::test_evaluation_order PASSED                        [ 12%]
2025-10-14T20:59:40.3335826Z tests/test_basic.py::test_hidden_option PASSED                           [ 12%]
2025-10-14T20:59:40.3347446Z tests/test_basic.py::test_hidden_command PASSED                          [ 12%]
2025-10-14T20:59:40.3359370Z tests/test_basic.py::test_hidden_group PASSED                            [ 12%]
2025-10-14T20:59:40.3373630Z tests/test_basic.py::test_summary_line PASSED                            [ 12%]
2025-10-14T20:59:40.3386633Z tests/test_basic.py::test_help_invalid_default PASSED                    [ 12%]
2025-10-14T20:59:40.3399420Z tests/test_chain.py::test_basic_chaining PASSED                          [ 13%]
2025-10-14T20:59:40.3413108Z tests/test_chain.py::test_chaining_help[args0-COMMAND1 [ARGS]... [COMMAND2 [ARGS]...]...] PASSED [ 13%]
2025-10-14T20:59:40.3425969Z tests/test_chain.py::test_chaining_help[args1-ROOT HELP] PASSED          [ 13%]
2025-10-14T20:59:40.3441289Z tests/test_chain.py::test_chaining_help[args2-SDIST HELP] PASSED         [ 13%]
2025-10-14T20:59:40.3454763Z tests/test_chain.py::test_chaining_help[args3-BDIST HELP] PASSED         [ 13%]
2025-10-14T20:59:40.3469183Z tests/test_chain.py::test_chaining_help[args4-SDIST HELP] PASSED         [ 13%]
2025-10-14T20:59:40.3481877Z tests/test_chain.py::test_chaining_with_options PASSED                   [ 13%]
2025-10-14T20:59:40.3492081Z tests/test_chain.py::test_no_command_result_callback[False-1] PASSED     [ 13%]
2025-10-14T20:59:40.3502612Z tests/test_chain.py::test_no_command_result_callback[True-[]] PASSED     [ 13%]
2025-10-14T20:59:40.3517416Z tests/test_chain.py::test_chaining_with_arguments PASSED                 [ 13%]
2025-10-14T20:59:40.3530125Z tests/test_chain.py::test_pipeline[args0-foo\nbar-expect0] PASSED        [ 13%]
2025-10-14T20:59:40.3543396Z tests/test_chain.py::test_pipeline[args1-foo \n bar-expect1] PASSED      [ 13%]
2025-10-14T20:59:40.3557623Z tests/test_chain.py::test_pipeline[args2-foo \n bar-expect2] PASSED      [ 13%]
2025-10-14T20:59:40.3571083Z tests/test_chain.py::test_args_and_chain PASSED                          [ 14%]
2025-10-14T20:59:40.3585191Z tests/test_chain.py::test_group_arg_behavior PASSED                      [ 14%]
2025-10-14T20:59:40.4357439Z tests/test_chain.py::test_group_chaining XFAIL                           [ 14%]
2025-10-14T20:59:40.4368965Z tests/test_command_decorators.py::test_command_no_parens PASSED          [ 14%]
2025-10-14T20:59:40.4382233Z tests/test_command_decorators.py::test_custom_command_no_parens PASSED   [ 14%]
2025-10-14T20:59:40.4399485Z tests/test_command_decorators.py::test_group_no_parens PASSED            [ 14%]
2025-10-14T20:59:40.4411546Z tests/test_command_decorators.py::test_params_argument PASSED            [ 14%]
2025-10-14T20:59:40.4420544Z tests/test_command_decorators.py::test_generate_name[init_data] PASSED   [ 14%]
2025-10-14T20:59:40.4428270Z tests/test_command_decorators.py::test_generate_name[init_data_command] PASSED [ 14%]
2025-10-14T20:59:40.4435595Z tests/test_command_decorators.py::test_generate_name[init_data_cmd] PASSED [ 14%]
2025-10-14T20:59:40.4442553Z tests/test_command_decorators.py::test_generate_name[init_data_group] PASSED [ 14%]
2025-10-14T20:59:40.4450295Z tests/test_command_decorators.py::test_generate_name[init_data_grp] PASSED [ 14%]
2025-10-14T20:59:40.4460664Z tests/test_commands.py::test_other_command_invoke PASSED                 [ 14%]
2025-10-14T20:59:40.4474450Z tests/test_commands.py::test_other_command_forward PASSED                [ 15%]
2025-10-14T20:59:40.4487377Z tests/test_commands.py::test_forwarded_params_consistency PASSED         [ 15%]
2025-10-14T20:59:40.4503083Z tests/test_commands.py::test_auto_shorthelp PASSED                       [ 15%]
2025-10-14T20:59:40.4513785Z tests/test_commands.py::test_command_no_args_is_help PASSED              [ 15%]
2025-10-14T20:59:40.4525010Z tests/test_commands.py::test_default_maps PASSED                         [ 15%]
2025-10-14T20:59:40.4539850Z tests/test_commands.py::test_group_with_args[args0-2-Error: Missing command.] PASSED [ 15%]
2025-10-14T20:59:40.4553768Z tests/test_commands.py::test_group_with_args[args1-0-Show this message and exit.] PASSED [ 15%]
2025-10-14T20:59:40.4566367Z tests/test_commands.py::test_group_with_args[args2-0-obj=obj1\nmove\n] PASSED [ 15%]
2025-10-14T20:59:40.4578736Z tests/test_commands.py::test_group_with_args[args3-2-Show this message and exit.] PASSED [ 15%]
2025-10-14T20:59:40.4783673Z tests/test_commands.py::test_custom_parser PASSED                        [ 15%]
2025-10-14T20:59:40.4798554Z tests/test_commands.py::test_object_propagation PASSED                   [ 15%]
2025-10-14T20:59:40.4809012Z tests/test_commands.py::test_other_command_invoke_with_defaults PASSED   [ 15%]
2025-10-14T20:59:40.4822059Z tests/test_commands.py::test_invoked_subcommand PASSED                   [ 15%]
2025-10-14T20:59:40.4835326Z tests/test_commands.py::test_aliased_command_canonical_name PASSED       [ 16%]
2025-10-14T20:59:40.4848250Z tests/test_commands.py::test_group_add_command_name PASSED               [ 16%]
2025-10-14T20:59:40.4857024Z tests/test_commands.py::test_iter_params_for_processing[invocation_order0-declaration_order0-expected_order0] PASSED [ 16%]
2025-10-14T20:59:40.4865252Z tests/test_commands.py::test_iter_params_for_processing[invocation_order1-declaration_order1-expected_order1] PASSED [ 16%]
2025-10-14T20:59:40.4873503Z tests/test_commands.py::test_iter_params_for_processing[invocation_order2-declaration_order2-expected_order2] PASSED [ 16%]
2025-10-14T20:59:40.4882257Z tests/test_commands.py::test_iter_params_for_processing[invocation_order3-declaration_order3-expected_order3] PASSED [ 16%]
2025-10-14T20:59:40.4890137Z tests/test_commands.py::test_iter_params_for_processing[invocation_order4-declaration_order4-expected_order4] PASSED [ 16%]
2025-10-14T20:59:40.4898173Z tests/test_commands.py::test_iter_params_for_processing[invocation_order5-declaration_order5-expected_order5] PASSED [ 16%]
2025-10-14T20:59:40.4906176Z tests/test_commands.py::test_iter_params_for_processing[invocation_order6-declaration_order6-expected_order6] PASSED [ 16%]
2025-10-14T20:59:40.4914133Z tests/test_commands.py::test_iter_params_for_processing[invocation_order7-declaration_order7-expected_order7] PASSED [ 16%]
2025-10-14T20:59:40.4922102Z tests/test_commands.py::test_iter_params_for_processing[invocation_order8-declaration_order8-expected_order8] PASSED [ 16%]
2025-10-14T20:59:40.4930298Z tests/test_commands.py::test_iter_params_for_processing[invocation_order9-declaration_order9-expected_order9] PASSED [ 16%]
2025-10-14T20:59:40.4938589Z tests/test_commands.py::test_iter_params_for_processing[invocation_order10-declaration_order10-expected_order10] PASSED [ 16%]
2025-10-14T20:59:40.4946720Z tests/test_commands.py::test_iter_params_for_processing[invocation_order11-declaration_order11-expected_order11] PASSED [ 16%]
2025-10-14T20:59:40.4955019Z tests/test_commands.py::test_iter_params_for_processing[invocation_order12-declaration_order12-expected_order12] PASSED [ 17%]
2025-10-14T20:59:40.4963096Z tests/test_commands.py::test_iter_params_for_processing[invocation_order13-declaration_order13-expected_order13] PASSED [ 17%]
2025-10-14T20:59:40.4971136Z tests/test_commands.py::test_iter_params_for_processing[invocation_order14-declaration_order14-expected_order14] PASSED [ 17%]
2025-10-14T20:59:40.4979414Z tests/test_commands.py::test_iter_params_for_processing[invocation_order15-declaration_order15-expected_order15] PASSED [ 17%]
2025-10-14T20:59:40.4987663Z tests/test_commands.py::test_iter_params_for_processing[invocation_order16-declaration_order16-expected_order16] PASSED [ 17%]
2025-10-14T20:59:40.4995807Z tests/test_commands.py::test_iter_params_for_processing[invocation_order17-declaration_order17-expected_order17] PASSED [ 17%]
2025-10-14T20:59:40.5003752Z tests/test_commands.py::test_iter_params_for_processing[invocation_order18-declaration_order18-expected_order18] PASSED [ 17%]
2025-10-14T20:59:40.5011772Z tests/test_commands.py::test_iter_params_for_processing[invocation_order19-declaration_order19-expected_order19] PASSED [ 17%]
2025-10-14T20:59:40.5020144Z tests/test_commands.py::test_iter_params_for_processing[invocation_order20-declaration_order20-expected_order20] PASSED [ 17%]
2025-10-14T20:59:40.5028398Z tests/test_commands.py::test_iter_params_for_processing[invocation_order21-declaration_order21-expected_order21] PASSED [ 17%]
2025-10-14T20:59:40.5036836Z tests/test_commands.py::test_iter_params_for_processing[invocation_order22-declaration_order22-expected_order22] PASSED [ 17%]
2025-10-14T20:59:40.5045158Z tests/test_commands.py::test_iter_params_for_processing[invocation_order23-declaration_order23-expected_order23] PASSED [ 17%]
2025-10-14T20:59:40.5053382Z tests/test_commands.py::test_iter_params_for_processing[invocation_order24-declaration_order24-expected_order24] PASSED [ 17%]
2025-10-14T20:59:40.5061514Z tests/test_commands.py::test_iter_params_for_processing[invocation_order25-declaration_order25-expected_order25] PASSED [ 18%]
2025-10-14T20:59:40.5069857Z tests/test_commands.py::test_iter_params_for_processing[invocation_order26-declaration_order26-expected_order26] PASSED [ 18%]
2025-10-14T20:59:40.5078326Z tests/test_commands.py::test_iter_params_for_processing[invocation_order27-declaration_order27-expected_order27] PASSED [ 18%]
2025-10-14T20:59:40.5086556Z tests/test_commands.py::test_iter_params_for_processing[invocation_order28-declaration_order28-expected_order28] PASSED [ 18%]
2025-10-14T20:59:40.5095267Z tests/test_commands.py::test_iter_params_for_processing[invocation_order29-declaration_order29-expected_order29] PASSED [ 18%]
2025-10-14T20:59:40.5103259Z tests/test_commands.py::test_iter_params_for_processing[invocation_order30-declaration_order30-expected_order30] PASSED [ 18%]
2025-10-14T20:59:40.5111031Z tests/test_commands.py::test_iter_params_for_processing[invocation_order31-declaration_order31-expected_order31] PASSED [ 18%]
2025-10-14T20:59:40.5119177Z tests/test_commands.py::test_iter_params_for_processing[invocation_order32-declaration_order32-expected_order32] PASSED [ 18%]
2025-10-14T20:59:40.5127549Z tests/test_commands.py::test_iter_params_for_processing[invocation_order33-declaration_order33-expected_order33] PASSED [ 18%]
2025-10-14T20:59:40.5159878Z tests/test_commands.py::test_help_param_priority PASSED                  [ 18%]
2025-10-14T20:59:40.5173107Z tests/test_commands.py::test_unprocessed_options PASSED                  [ 18%]
2025-10-14T20:59:40.5185797Z tests/test_commands.py::test_deprecated_in_help_messages[True-CLI HELP] PASSED [ 18%]
2025-10-14T20:59:40.5198292Z tests/test_commands.py::test_deprecated_in_help_messages[True-None] PASSED [ 18%]
2025-10-14T20:59:40.5212541Z tests/test_commands.py::test_deprecated_in_help_messages[USE OTHER COMMAND INSTEAD-CLI HELP] PASSED [ 19%]
2025-10-14T20:59:40.5225056Z tests/test_commands.py::test_deprecated_in_help_messages[USE OTHER COMMAND INSTEAD-None] PASSED [ 19%]
2025-10-14T20:59:40.5235093Z tests/test_commands.py::test_deprecated_in_invocation[True] PASSED       [ 19%]
2025-10-14T20:59:40.5245616Z tests/test_commands.py::test_deprecated_in_invocation[USE OTHER COMMAND INSTEAD] PASSED [ 19%]
2025-10-14T20:59:40.5254301Z tests/test_commands.py::test_command_parse_args_collects_option_prefixes PASSED [ 19%]
2025-10-14T20:59:40.5263293Z tests/test_commands.py::test_group_parse_args_collects_base_option_prefixes PASSED [ 19%]
2025-10-14T20:59:40.5274209Z tests/test_commands.py::test_group_invoke_collects_used_option_prefixes PASSED [ 19%]
2025-10-14T20:59:40.5284171Z tests/test_commands.py::test_abort_exceptions_with_disabled_standalone_mode[EOFError] PASSED [ 19%]
2025-10-14T20:59:40.5296669Z tests/test_commands.py::test_abort_exceptions_with_disabled_standalone_mode[KeyboardInterrupt] PASSED [ 19%]
2025-10-14T20:59:40.5303931Z tests/test_compat.py::test_is_jupyter_kernel_output PASSED               [ 19%]
2025-10-14T20:59:40.5314543Z tests/test_context.py::test_ensure_context_objects PASSED                [ 19%]
2025-10-14T20:59:40.5325511Z tests/test_context.py::test_get_context_objects PASSED                   [ 19%]
2025-10-14T20:59:40.5336353Z tests/test_context.py::test_get_context_objects_no_ensuring PASSED       [ 19%]
2025-10-14T20:59:40.5347127Z tests/test_context.py::test_get_context_objects_missing PASSED           [ 19%]
2025-10-14T20:59:40.5356422Z tests/test_context.py::test_multi_enter PASSED                           [ 20%]
2025-10-14T20:59:40.5367554Z tests/test_context.py::test_global_context_object PASSED                 [ 20%]
2025-10-14T20:59:40.5376907Z tests/test_context.py::test_context_meta PASSED                          [ 20%]
2025-10-14T20:59:40.5387603Z tests/test_context.py::test_make_pass_meta_decorator PASSED              [ 20%]
2025-10-14T20:59:40.5394626Z tests/test_context.py::test_make_pass_meta_decorator_doc PASSED          [ 20%]
2025-10-14T20:59:40.5401445Z tests/test_context.py::test_context_pushing PASSED                       [ 20%]
2025-10-14T20:59:40.5412182Z tests/test_context.py::test_pass_obj PASSED                              [ 20%]
2025-10-14T20:59:40.5421757Z tests/test_context.py::test_close_before_pop PASSED                      [ 20%]
2025-10-14T20:59:40.5431037Z tests/test_context.py::test_close_before_exit PASSED                     [ 20%]
2025-10-14T20:59:40.5444210Z tests/test_context.py::test_multiple_eager_callbacks[natural_order] PASSED [ 20%]
2025-10-14T20:59:40.5455548Z tests/test_context.py::test_multiple_eager_callbacks[eagerness_precedence] PASSED [ 20%]
2025-10-14T20:59:40.5468956Z tests/test_context.py::test_no_state_leaks PASSED                        [ 20%]
2025-10-14T20:59:40.5475988Z tests/test_context.py::test_with_resource PASSED                         [ 20%]
2025-10-14T20:59:40.5484137Z tests/test_context.py::test_with_resource_exception PASSED               [ 21%]
2025-10-14T20:59:40.5491850Z tests/test_context.py::test_with_resource_nested_exception PASSED        [ 21%]
2025-10-14T20:59:40.5505889Z tests/test_context.py::test_make_pass_decorator_args PASSED              [ 21%]
2025-10-14T20:59:40.5525995Z tests/test_context.py::test_propagate_show_default_setting PASSED        [ 21%]
2025-10-14T20:59:40.5535595Z tests/test_context.py::test_exit_not_standalone PASSED                   [ 21%]
2025-10-14T20:59:40.5546124Z tests/test_context.py::test_parameter_source[default] PASSED             [ 21%]
2025-10-14T20:59:40.5556588Z tests/test_context.py::test_parameter_source[default_map] PASSED         [ 21%]
2025-10-14T20:59:40.5568005Z tests/test_context.py::test_parameter_source[commandline short] PASSED   [ 21%]
2025-10-14T20:59:40.5578564Z tests/test_context.py::test_parameter_source[commandline long] PASSED    [ 21%]
2025-10-14T20:59:40.5589067Z tests/test_context.py::test_parameter_source[environment auto] PASSED    [ 21%]
2025-10-14T20:59:40.5599760Z tests/test_context.py::test_parameter_source[environment manual] PASSED  [ 21%]
2025-10-14T20:59:40.5606723Z tests/test_context.py::test_propagate_opt_prefixes PASSED                [ 21%]
2025-10-14T20:59:40.5615253Z tests/test_custom_classes.py::test_command_context_class PASSED          [ 21%]
2025-10-14T20:59:40.5625481Z tests/test_custom_classes.py::test_context_invoke_type PASSED            [ 22%]
2025-10-14T20:59:40.5634935Z tests/test_custom_classes.py::test_context_formatter_class PASSED        [ 22%]
2025-10-14T20:59:40.5642494Z tests/test_custom_classes.py::test_group_command_class PASSED            [ 22%]
2025-10-14T20:59:40.5650452Z tests/test_custom_classes.py::test_group_group_class PASSED              [ 22%]
2025-10-14T20:59:40.5658487Z tests/test_custom_classes.py::test_group_group_class_self PASSED         [ 22%]
2025-10-14T20:59:40.5668464Z tests/test_defaults.py::test_basic_defaults PASSED                       [ 22%]
2025-10-14T20:59:40.5678317Z tests/test_defaults.py::test_multiple_defaults PASSED                    [ 22%]
2025-10-14T20:59:40.5688197Z tests/test_defaults.py::test_nargs_plus_multiple PASSED                  [ 22%]
2025-10-14T20:59:40.5705187Z tests/test_defaults.py::test_multiple_flag_default PASSED                [ 22%]
2025-10-14T20:59:40.5726967Z tests/test_defaults.py::test_flag_default_map PASSED                     [ 22%]
2025-10-14T20:59:40.5739117Z tests/test_formatting.py::test_basic_functionality PASSED                [ 22%]
2025-10-14T20:59:40.5753882Z tests/test_formatting.py::test_wrapping_long_options_strings PASSED      [ 22%]
2025-10-14T20:59:40.5770383Z tests/test_formatting.py::test_wrapping_long_command_name PASSED         [ 22%]
2025-10-14T20:59:40.5781765Z tests/test_formatting.py::test_formatting_empty_help_lines PASSED        [ 22%]
2025-10-14T20:59:40.5793648Z tests/test_formatting.py::test_formatting_usage_error PASSED             [ 23%]
2025-10-14T20:59:40.5805534Z tests/test_formatting.py::test_formatting_usage_error_metavar_missing_arg PASSED [ 23%]
2025-10-14T20:59:40.5817568Z tests/test_formatting.py::test_formatting_usage_error_metavar_bad_arg PASSED [ 23%]
2025-10-14T20:59:40.5832963Z tests/test_formatting.py::test_formatting_usage_error_nested PASSED      [ 23%]
2025-10-14T20:59:40.5843307Z tests/test_formatting.py::test_formatting_usage_error_no_help PASSED     [ 23%]
2025-10-14T20:59:40.5854939Z tests/test_formatting.py::test_formatting_usage_custom_help PASSED       [ 23%]
2025-10-14T20:59:40.5866565Z tests/test_formatting.py::test_formatting_custom_type_metavar PASSED     [ 23%]
2025-10-14T20:59:40.5878235Z tests/test_formatting.py::test_truncating_docstring PASSED               [ 23%]
2025-10-14T20:59:40.5889345Z tests/test_formatting.py::test_truncating_docstring_no_help PASSED       [ 23%]
2025-10-14T20:59:40.5904221Z tests/test_formatting.py::test_removing_multiline_marker PASSED          [ 23%]
2025-10-14T20:59:40.5915841Z tests/test_formatting.py::test_global_show_default PASSED                [ 23%]
2025-10-14T20:59:40.5926946Z tests/test_formatting.py::test_formatting_with_options_metavar_empty PASSED [ 23%]
2025-10-14T20:59:40.5934603Z tests/test_formatting.py::test_help_formatter_write_text PASSED          [ 23%]
2025-10-14T20:59:40.6336001Z tests/test_imports.py::test_light_imports PASSED                         [ 24%]
2025-10-14T20:59:40.6343856Z tests/test_info_dict.py::test_parameter[Func ParamType] PASSED           [ 24%]
2025-10-14T20:59:40.6351451Z tests/test_info_dict.py::test_parameter[UNPROCESSED ParamType] PASSED    [ 24%]
2025-10-14T20:59:40.6359097Z tests/test_info_dict.py::test_parameter[STRING ParamType] PASSED         [ 24%]
2025-10-14T20:59:40.6366496Z tests/test_info_dict.py::test_parameter[Choice ParamType] PASSED         [ 24%]
2025-10-14T20:59:40.6373774Z tests/test_info_dict.py::test_parameter[DateTime ParamType] PASSED       [ 24%]
2025-10-14T20:59:40.6381050Z tests/test_info_dict.py::test_parameter[INT ParamType] PASSED            [ 24%]
2025-10-14T20:59:40.6388599Z tests/test_info_dict.py::test_parameter[IntRange ParamType] PASSED       [ 24%]
2025-10-14T20:59:40.6395550Z tests/test_info_dict.py::test_parameter[FLOAT ParamType] PASSED          [ 24%]
2025-10-14T20:59:40.6403071Z tests/test_info_dict.py::test_parameter[FloatRange ParamType] PASSED     [ 24%]
2025-10-14T20:59:40.6410328Z tests/test_info_dict.py::test_parameter[Bool ParamType] PASSED           [ 24%]
2025-10-14T20:59:40.6417654Z tests/test_info_dict.py::test_parameter[UUID ParamType] PASSED           [ 24%]
2025-10-14T20:59:40.6425077Z tests/test_info_dict.py::test_parameter[File ParamType] PASSED           [ 24%]
2025-10-14T20:59:40.6432470Z tests/test_info_dict.py::test_parameter[Path ParamType] PASSED           [ 25%]
2025-10-14T20:59:40.6440028Z tests/test_info_dict.py::test_parameter[Tuple ParamType] PASSED          [ 25%]
2025-10-14T20:59:40.6447596Z tests/test_info_dict.py::test_parameter[Option] PASSED                   [ 25%]
2025-10-14T20:59:40.6455143Z tests/test_info_dict.py::test_parameter[Flag Option] PASSED              [ 25%]
2025-10-14T20:59:40.6462350Z tests/test_info_dict.py::test_parameter[Argument] PASSED                 [ 25%]
2025-10-14T20:59:40.6471303Z tests/test_info_dict.py::test_command[Command] PASSED                    [ 25%]
2025-10-14T20:59:40.6480397Z tests/test_info_dict.py::test_command[Group] PASSED                      [ 25%]
2025-10-14T20:59:40.6490311Z tests/test_info_dict.py::test_command[Nested Group] PASSED               [ 25%]
2025-10-14T20:59:40.6497686Z tests/test_info_dict.py::test_context PASSED                             [ 25%]
2025-10-14T20:59:40.6505202Z tests/test_info_dict.py::test_paramtype_no_name PASSED                   [ 25%]
2025-10-14T20:59:40.6519166Z tests/test_normalization.py::test_option_normalization PASSED            [ 25%]
2025-10-14T20:59:40.6538271Z tests/test_normalization.py::test_choice_normalization PASSED            [ 25%]
2025-10-14T20:59:40.6549642Z tests/test_normalization.py::test_command_normalization PASSED           [ 25%]
2025-10-14T20:59:40.6565004Z tests/test_options.py::test_prefixes PASSED                              [ 25%]
2025-10-14T20:59:40.6573141Z tests/test_options.py::test_invalid_option PASSED                        [ 26%]
2025-10-14T20:59:40.6587029Z tests/test_options.py::test_deprecated_usage[True] PASSED                [ 26%]
2025-10-14T20:59:40.6599101Z tests/test_options.py::test_deprecated_usage[USE B INSTEAD] PASSED       [ 26%]
2025-10-14T20:59:40.6611690Z tests/test_options.py::test_deprecated_warning[True] PASSED              [ 26%]
2025-10-14T20:59:40.6623842Z tests/test_options.py::test_deprecated_warning[USE B INSTEAD] PASSED     [ 26%]
2025-10-14T20:59:40.6631770Z tests/test_options.py::test_deprecated_required PASSED                   [ 26%]
2025-10-14T20:59:40.6641008Z tests/test_options.py::test_deprecated_prompt PASSED                     [ 26%]
2025-10-14T20:59:40.6649036Z tests/test_options.py::test_invalid_nargs PASSED                         [ 26%]
2025-10-14T20:59:40.6659762Z tests/test_options.py::test_nargs_tup_composite_mult PASSED              [ 26%]
2025-10-14T20:59:40.6682325Z tests/test_options.py::test_counting PASSED                              [ 26%]
2025-10-14T20:59:40.6694523Z tests/test_options.py::test_unknown_options[--foo] PASSED                [ 26%]
2025-10-14T20:59:40.6706666Z tests/test_options.py::test_unknown_options[-f] PASSED                   [ 26%]
2025-10-14T20:59:40.6720010Z tests/test_options.py::test_suggest_possible_options[--cat-Did you mean --count?] PASSED [ 26%]
2025-10-14T20:59:40.6733435Z tests/test_options.py::test_suggest_possible_options[--bounds-(Possible options: --bound, --count)] PASSED [ 27%]
2025-10-14T20:59:40.6748535Z tests/test_options.py::test_suggest_possible_options[--bount-(Possible options: --bound, --count)] PASSED [ 27%]
2025-10-14T20:59:40.6763190Z tests/test_options.py::test_multiple_required PASSED                     [ 27%]
2025-10-14T20:59:40.6774434Z tests/test_options.py::test_good_defaults_for_multiple[True-1-default0-expected0] PASSED [ 27%]
2025-10-14T20:59:40.6785371Z tests/test_options.py::test_good_defaults_for_multiple[True-1-default1-expected1] PASSED [ 27%]
2025-10-14T20:59:40.6796487Z tests/test_options.py::test_good_defaults_for_multiple[True-1-default2-expected2] PASSED [ 27%]
2025-10-14T20:59:40.6809999Z tests/test_options.py::test_good_defaults_for_multiple[True-1-default3-expected3] PASSED [ 27%]
2025-10-14T20:59:40.6821318Z tests/test_options.py::test_good_defaults_for_multiple[True-1-default4-expected4] PASSED [ 27%]
2025-10-14T20:59:40.6832599Z tests/test_options.py::test_good_defaults_for_multiple[True-1-default5-expected5] PASSED [ 27%]
2025-10-14T20:59:40.6843680Z tests/test_options.py::test_good_defaults_for_multiple[True-1-None-expected6] PASSED [ 27%]
2025-10-14T20:59:40.6855179Z tests/test_options.py::test_good_defaults_for_multiple[True-1-Sentinel.UNSET-expected7] PASSED [ 27%]
2025-10-14T20:59:40.6866463Z tests/test_options.py::test_good_defaults_for_multiple[True-1-default8-expected8] PASSED [ 27%]
2025-10-14T20:59:40.6877626Z tests/test_options.py::test_good_defaults_for_multiple[True-1-default9-expected9] PASSED [ 27%]
2025-10-14T20:59:40.6895387Z tests/test_options.py::test_good_defaults_for_multiple[True-1-default10-expected10] PASSED [ 28%]
2025-10-14T20:59:40.6907443Z tests/test_options.py::test_good_defaults_for_multiple[True-1-default11-expected11] PASSED [ 28%]
2025-10-14T20:59:40.6918941Z tests/test_options.py::test_good_defaults_for_multiple[True-1-default12-expected12] PASSED [ 28%]
2025-10-14T20:59:40.6930070Z tests/test_options.py::test_good_defaults_for_multiple[True-1-default13-expected13] PASSED [ 28%]
2025-10-14T20:59:40.6941395Z tests/test_options.py::test_good_defaults_for_multiple[True-1-default14-expected14] PASSED [ 28%]
2025-10-14T20:59:40.6952747Z tests/test_options.py::test_good_defaults_for_multiple[True-1-default15-expected15] PASSED [ 28%]
2025-10-14T20:59:40.6966395Z tests/test_options.py::test_good_defaults_for_multiple[True-1-default16-expected16] PASSED [ 28%]
2025-10-14T20:59:40.6977285Z tests/test_options.py::test_good_defaults_for_multiple[True-2-default17-expected17] PASSED [ 28%]
2025-10-14T20:59:40.6988336Z tests/test_options.py::test_good_defaults_for_multiple[True-2-default18-expected18] PASSED [ 28%]
2025-10-14T20:59:40.6999256Z tests/test_options.py::test_good_defaults_for_multiple[True-2-default19-expected19] PASSED [ 28%]
2025-10-14T20:59:40.7010377Z tests/test_options.py::test_good_defaults_for_multiple[True-2-default20-expected20] PASSED [ 28%]
2025-10-14T20:59:40.7021377Z tests/test_options.py::test_good_defaults_for_multiple[True-2-default21-expected21] PASSED [ 28%]
2025-10-14T20:59:40.7033146Z tests/test_options.py::test_good_defaults_for_multiple[True-2-default22-expected22] PASSED [ 28%]
2025-10-14T20:59:40.7049908Z tests/test_options.py::test_good_defaults_for_multiple[True-2-None-expected23] PASSED [ 29%]
2025-10-14T20:59:40.7060671Z tests/test_options.py::test_good_defaults_for_multiple[True-2-Sentinel.UNSET-expected24] PASSED [ 29%]
2025-10-14T20:59:40.7071905Z tests/test_options.py::test_good_defaults_for_multiple[True-2-default25-expected25] PASSED [ 29%]
2025-10-14T20:59:40.7083381Z tests/test_options.py::test_good_defaults_for_multiple[True-2-default26-expected26] PASSED [ 29%]
2025-10-14T20:59:40.7094450Z tests/test_options.py::test_good_defaults_for_multiple[True-2-default27-expected27] PASSED [ 29%]
2025-10-14T20:59:40.7105908Z tests/test_options.py::test_good_defaults_for_multiple[True-2-default28-expected28] PASSED [ 29%]
2025-10-14T20:59:40.7119088Z tests/test_options.py::test_good_defaults_for_multiple[True-2-default29-expected29] PASSED [ 29%]
2025-10-14T20:59:40.7130274Z tests/test_options.py::test_good_defaults_for_multiple[True-2-default30-expected30] PASSED [ 29%]
2025-10-14T20:59:40.7141341Z tests/test_options.py::test_good_defaults_for_multiple[True-2-default31-expected31] PASSED [ 29%]
2025-10-14T20:59:40.7152648Z tests/test_options.py::test_good_defaults_for_multiple[True-2-default32-expected32] PASSED [ 29%]
2025-10-14T20:59:40.7164055Z tests/test_options.py::test_good_defaults_for_multiple[False-2-default33-expected33] PASSED [ 29%]
2025-10-14T20:59:40.7177498Z tests/test_options.py::test_bad_defaults_for_multiple[True-1-Yo-None-Error: Invalid value for '-a': Value must be an iterable.] PASSED [ 29%]
2025-10-14T20:59:40.7193634Z tests/test_options.py::test_bad_defaults_for_multiple[True-1--None-Error: Invalid value for '-a': Value must be an iterable.] PASSED [ 29%]
2025-10-14T20:59:40.7207636Z tests/test_options.py::test_bad_defaults_for_multiple[True-1-True-None-Error: Invalid value for '-a': Value must be an iterable.] PASSED [ 29%]
2025-10-14T20:59:40.7221774Z tests/test_options.py::test_bad_defaults_for_multiple[True-1-False-None-Error: Invalid value for '-a': Value must be an iterable.] PASSED [ 30%]
2025-10-14T20:59:40.7235599Z tests/test_options.py::test_bad_defaults_for_multiple[True-1-12-None-Error: Invalid value for '-a': Value must be an iterable.] PASSED [ 30%]
2025-10-14T20:59:40.7249225Z tests/test_options.py::test_bad_defaults_for_multiple[True-1-7.9-None-Error: Invalid value for '-a': Value must be an iterable.] PASSED [ 30%]
2025-10-14T20:59:40.7265360Z tests/test_options.py::test_bad_defaults_for_multiple[False-2-42-None-Error: Invalid value for '-a': Value must be an iterable.] PASSED [ 30%]
2025-10-14T20:59:40.7279003Z tests/test_options.py::test_bad_defaults_for_multiple[True-2-default7-None-Error: Invalid value for '-a': Value must be an iterable.] PASSED [ 30%]
2025-10-14T20:59:40.7292416Z tests/test_options.py::test_bad_defaults_for_multiple[True-2-default8-None-Error: Invalid value for '-a': Value must be an iterable.] PASSED [ 30%]
2025-10-14T20:59:40.7305971Z tests/test_options.py::test_bad_defaults_for_multiple[True-2-default9-None-Error: Invalid value for '-a': Value must be an iterable.] PASSED [ 30%]
2025-10-14T20:59:40.7317353Z tests/test_options.py::test_bad_defaults_for_multiple[True-2-default10-ValueError-'nargs' must be 0 \\(or None\\) for type <click\\.types\\.Tuple object at 0x[0-9A-Fa-f]+>, but it was 2\\.] PASSED [ 30%]
2025-10-14T20:59:40.7328286Z tests/test_options.py::test_bad_defaults_for_multiple[True-2-default11-ValueError-'nargs' must be 1 \\(or None\\) for type <click\\.types\\.Tuple object at 0x[0-9A-Fa-f]+>, but it was 2\\.] PASSED [ 30%]
2025-10-14T20:59:40.7339387Z tests/test_options.py::test_bad_defaults_for_multiple[True-2-default12-ValueError-'nargs' must be 3 \\(or None\\) for type <click\\.types\\.Tuple object at 0x[0-9A-Fa-f]+>, but it was 2\\.] PASSED [ 30%]
2025-10-14T20:59:40.7353734Z tests/test_options.py::test_bad_defaults_for_multiple[True-2-default13-None-Error: Invalid value for '-a': 2 values are required, but 0 were given.] PASSED [ 30%]
2025-10-14T20:59:40.7370067Z tests/test_options.py::test_bad_defaults_for_multiple[False-2-default14-None-Error: Invalid value for '-a': Takes 2 values but 1 was given.] PASSED [ 30%]
2025-10-14T20:59:40.7379587Z tests/test_options.py::test_bad_defaults_for_multiple[True-2-default15-ValueError-'nargs' must be 1 \\(or None\\) for type <click\\.types\\.Tuple object at 0x[0-9A-Fa-f]+>, but it was 2\\.] PASSED [ 30%]
2025-10-14T20:59:40.7390093Z tests/test_options.py::test_empty_envvar[MYPATH] PASSED                  [ 31%]
2025-10-14T20:59:40.7401274Z tests/test_options.py::test_empty_envvar[AUTO_MYPATH] PASSED             [ 31%]
2025-10-14T20:59:40.7417234Z tests/test_options.py::test_multiple_envvar PASSED                       [ 31%]
2025-10-14T20:59:40.7428109Z tests/test_options.py::test_boolean_flag_envvar[SHOUT-true-True] PASSED  [ 31%]
2025-10-14T20:59:40.7441194Z tests/test_options.py::test_boolean_flag_envvar[SHOUT-false-False] PASSED [ 31%]
2025-10-14T20:59:40.7451952Z tests/test_options.py::test_boolean_flag_envvar[SHOUT-True-True] PASSED  [ 31%]
2025-10-14T20:59:40.7462666Z tests/test_options.py::test_boolean_flag_envvar[SHOUT-False-False] PASSED [ 31%]
2025-10-14T20:59:40.7473494Z tests/test_options.py::test_boolean_flag_envvar[SHOUT-TRUE-True] PASSED  [ 31%]
2025-10-14T20:59:40.7483824Z tests/test_options.py::test_boolean_flag_envvar[SHOUT-FALSE-False] PASSED [ 31%]
2025-10-14T20:59:40.7494593Z tests/test_options.py::test_boolean_flag_envvar[SHOUT-TruE-True] PASSED  [ 31%]
2025-10-14T20:59:40.7507271Z tests/test_options.py::test_boolean_flag_envvar[SHOUT-truE-True] PASSED  [ 31%]
2025-10-14T20:59:40.7518165Z tests/test_options.py::test_boolean_flag_envvar[SHOUT-FaLsE-False] PASSED [ 31%]
2025-10-14T20:59:40.7528840Z tests/test_options.py::test_boolean_flag_envvar[SHOUT-falsE-False] PASSED [ 31%]
2025-10-14T20:59:40.7539711Z tests/test_options.py::test_boolean_flag_envvar[SHOUT-true    -True] PASSED [ 32%]
2025-10-14T20:59:40.7550482Z tests/test_options.py::test_boolean_flag_envvar[SHOUT-  true  -True] PASSED [ 32%]
2025-10-14T20:59:40.7561724Z tests/test_options.py::test_boolean_flag_envvar[SHOUT-    true-True] PASSED [ 32%]
2025-10-14T20:59:40.7574349Z tests/test_options.py::test_boolean_flag_envvar[SHOUT-false   -False] PASSED [ 32%]
2025-10-14T20:59:40.7585105Z tests/test_options.py::test_boolean_flag_envvar[SHOUT-  false -False] PASSED [ 32%]
2025-10-14T20:59:40.7595846Z tests/test_options.py::test_boolean_flag_envvar[SHOUT-   false-False] PASSED [ 32%]
2025-10-14T20:59:40.7606474Z tests/test_options.py::test_boolean_flag_envvar[SHOUT-1-True] PASSED     [ 32%]
2025-10-14T20:59:40.7617364Z tests/test_options.py::test_boolean_flag_envvar[SHOUT-0-False] PASSED    [ 32%]
2025-10-14T20:59:40.7628129Z tests/test_options.py::test_boolean_flag_envvar[SHOUT-t-True] PASSED     [ 32%]
2025-10-14T20:59:40.7640601Z tests/test_options.py::test_boolean_flag_envvar[SHOUT-T-True] PASSED     [ 32%]
2025-10-14T20:59:40.7651333Z tests/test_options.py::test_boolean_flag_envvar[SHOUT-  T  -True] PASSED [ 32%]
2025-10-14T20:59:40.7662091Z tests/test_options.py::test_boolean_flag_envvar[SHOUT-f-False] PASSED    [ 32%]
2025-10-14T20:59:40.7672712Z tests/test_options.py::test_boolean_flag_envvar[SHOUT-y-True] PASSED     [ 32%]
2025-10-14T20:59:40.7683852Z tests/test_options.py::test_boolean_flag_envvar[SHOUT-n-False] PASSED    [ 32%]
2025-10-14T20:59:40.7694928Z tests/test_options.py::test_boolean_flag_envvar[SHOUT-yes-True] PASSED   [ 33%]
2025-10-14T20:59:40.7707551Z tests/test_options.py::test_boolean_flag_envvar[SHOUT-no-False] PASSED   [ 33%]
2025-10-14T20:59:40.7718661Z tests/test_options.py::test_boolean_flag_envvar[SHOUT-on-True] PASSED    [ 33%]
2025-10-14T20:59:40.7729563Z tests/test_options.py::test_boolean_flag_envvar[SHOUT-off-False] PASSED  [ 33%]
2025-10-14T20:59:40.7740754Z tests/test_options.py::test_boolean_flag_envvar[SHOUT-None-False] PASSED [ 33%]
2025-10-14T20:59:40.7751615Z tests/test_options.py::test_boolean_flag_envvar[SHOUT--False] PASSED     [ 33%]
2025-10-14T20:59:40.7762520Z tests/test_options.py::test_boolean_flag_envvar[SHOUT- -False] PASSED    [ 33%]
2025-10-14T20:59:40.7775504Z tests/test_options.py::test_boolean_flag_envvar[SHOUT-       -False] PASSED [ 33%]
2025-10-14T20:59:40.7787562Z tests/test_options.py::test_boolean_flag_envvar[SHOUT    -True-False] PASSED [ 33%]
2025-10-14T20:59:40.7798831Z tests/test_options.py::test_boolean_flag_envvar[SHOUT    -False-False] PASSED [ 33%]
2025-10-14T20:59:40.7809077Z tests/test_options.py::test_boolean_flag_envvar[  SHOUT  -True-False] PASSED [ 33%]
2025-10-14T20:59:40.7820001Z tests/test_options.py::test_boolean_flag_envvar[  SHOUT  -False-False] PASSED [ 33%]
2025-10-14T20:59:40.7830760Z tests/test_options.py::test_boolean_flag_envvar[    SHOUT-True-False] PASSED [ 33%]
2025-10-14T20:59:40.7844052Z tests/test_options.py::test_boolean_flag_envvar[    SHOUT-False-False] PASSED [ 34%]
2025-10-14T20:59:40.7855408Z tests/test_options.py::test_boolean_flag_envvar[SH    OUT-True-False] PASSED [ 34%]
2025-10-14T20:59:40.7870506Z tests/test_options.py::test_boolean_flag_envvar[SH    OUT-False-False] PASSED [ 34%]
2025-10-14T20:59:40.7893676Z tests/test_options.py::test_boolean_flag_envvar[RANDOM-True-False] PASSED [ 34%]
2025-10-14T20:59:40.7895397Z tests/test_options.py::test_boolean_flag_envvar[NO_SHOUT-True-False] PASSED [ 34%]
2025-10-14T20:59:40.7906790Z tests/test_options.py::test_boolean_flag_envvar[NO_SHOUT-False-False] PASSED [ 34%]
2025-10-14T20:59:40.7921363Z tests/test_options.py::test_boolean_flag_envvar[NOSHOUT-True-False] PASSED [ 34%]
2025-10-14T20:59:40.7932189Z tests/test_options.py::test_boolean_flag_envvar[NOSHOUT-False-False] PASSED [ 34%]
2025-10-14T20:59:40.7945217Z tests/test_options.py::test_boolean_envvar_bad_values[tr ue] PASSED      [ 34%]
2025-10-14T20:59:40.7957922Z tests/test_options.py::test_boolean_envvar_bad_values[fa lse] PASSED     [ 34%]
2025-10-14T20:59:40.7970291Z tests/test_options.py::test_boolean_envvar_bad_values[10] PASSED         [ 34%]
2025-10-14T20:59:40.8173076Z tests/test_options.py::test_boolean_envvar_bad_values[01] PASSED         [ 34%]
2025-10-14T20:59:40.8185792Z tests/test_options.py::test_boolean_envvar_bad_values[00] PASSED         [ 34%]
2025-10-14T20:59:40.8198877Z tests/test_options.py::test_boolean_envvar_bad_values[11] PASSED         [ 35%]
2025-10-14T20:59:40.8212220Z tests/test_options.py::test_boolean_envvar_bad_values[0.0] PASSED        [ 35%]
2025-10-14T20:59:40.8226739Z tests/test_options.py::test_boolean_envvar_bad_values[1.1] PASSED        [ 35%]
2025-10-14T20:59:40.8239442Z tests/test_options.py::test_boolean_envvar_bad_values[randomstring] PASSED [ 35%]
2025-10-14T20:59:40.8251979Z tests/test_options.py::test_boolean_envvar_bad_values[None] PASSED       [ 35%]
2025-10-14T20:59:40.8265175Z tests/test_options.py::test_boolean_envvar_bad_values['None'] PASSED     [ 35%]
2025-10-14T20:59:40.8278156Z tests/test_options.py::test_boolean_envvar_bad_values[A B] PASSED        [ 35%]
2025-10-14T20:59:40.8293037Z tests/test_options.py::test_boolean_envvar_bad_values[ 1 2 ] PASSED      [ 35%]
2025-10-14T20:59:40.8305935Z tests/test_options.py::test_boolean_envvar_bad_values[9.3] PASSED        [ 35%]
2025-10-14T20:59:40.8318436Z tests/test_options.py::test_boolean_envvar_bad_values[a;n] PASSED        [ 35%]
2025-10-14T20:59:40.8330969Z tests/test_options.py::test_boolean_envvar_bad_values[x:y] PASSED        [ 35%]
2025-10-14T20:59:40.8344043Z tests/test_options.py::test_boolean_envvar_bad_values[i/o] PASSED        [ 35%]
2025-10-14T20:59:40.8359343Z tests/test_options.py::test_multiple_default_help PASSED                 [ 35%]
2025-10-14T20:59:40.8371659Z tests/test_options.py::test_show_default_default_map PASSED              [ 35%]
2025-10-14T20:59:40.8379055Z tests/test_options.py::test_multiple_default_type PASSED                 [ 36%]
2025-10-14T20:59:40.8386281Z tests/test_options.py::test_multiple_default_composite_type PASSED       [ 36%]
2025-10-14T20:59:40.8396667Z tests/test_options.py::test_parse_multiple_default_composite_type PASSED [ 36%]
2025-10-14T20:59:40.8408959Z tests/test_options.py::test_dynamic_default_help_unset PASSED            [ 36%]
2025-10-14T20:59:40.8421443Z tests/test_options.py::test_dynamic_default_help_text PASSED             [ 36%]
2025-10-14T20:59:40.8430278Z tests/test_options.py::test_dynamic_default_help_special_method PASSED   [ 36%]
2025-10-14T20:59:40.8439104Z tests/test_options.py::test_intrange_default_help_text[type0-1<=x<=32] PASSED [ 36%]
2025-10-14T20:59:40.8447492Z tests/test_options.py::test_intrange_default_help_text[type1-1<x<32] PASSED [ 36%]
2025-10-14T20:59:40.8456222Z tests/test_options.py::test_intrange_default_help_text[type2-x>=1] PASSED [ 36%]
2025-10-14T20:59:40.8465010Z tests/test_options.py::test_intrange_default_help_text[type3-x<=32] PASSED [ 36%]
2025-10-14T20:59:40.8471763Z tests/test_options.py::test_count_default_type_help PASSED               [ 36%]
2025-10-14T20:59:40.8479495Z tests/test_options.py::test_file_type_help_default PASSED                [ 36%]
2025-10-14T20:59:40.8491486Z tests/test_options.py::test_toupper_envvar_prefix PASSED                 [ 36%]
2025-10-14T20:59:40.8504601Z tests/test_options.py::test_nargs_envvar PASSED                          [ 37%]
2025-10-14T20:59:40.8516585Z tests/test_options.py::test_show_envvar PASSED                           [ 37%]
2025-10-14T20:59:40.8528853Z tests/test_options.py::test_show_envvar_auto_prefix PASSED               [ 37%]
2025-10-14T20:59:40.8542370Z tests/test_options.py::test_show_envvar_auto_prefix_dash_in_command PASSED [ 37%]
2025-10-14T20:59:40.8557834Z tests/test_options.py::test_custom_validation PASSED                     [ 37%]
2025-10-14T20:59:40.8569218Z tests/test_options.py::test_callback_validates_prompt PASSED             [ 37%]
2025-10-14T20:59:40.8586275Z tests/test_options.py::test_winstyle_options PASSED                      [ 37%]
2025-10-14T20:59:40.8597673Z tests/test_options.py::test_legacy_options PASSED                        [ 37%]
2025-10-14T20:59:40.8606340Z tests/test_options.py::test_required_option[Sentinel.UNSET-True-None] PASSED [ 37%]
2025-10-14T20:59:40.8614195Z tests/test_options.py::test_required_option[None-False-None] PASSED      [ 37%]
2025-10-14T20:59:40.8622430Z tests/test_options.py::test_required_option[-False-] PASSED              [ 37%]
2025-10-14T20:59:40.8630693Z tests/test_options.py::test_required_option[  -False-  ] PASSED          [ 37%]
2025-10-14T20:59:40.8638755Z tests/test_options.py::test_required_option[foo-False-foo] PASSED        [ 37%]
2025-10-14T20:59:40.8648847Z tests/test_options.py::test_required_option[12-False-12_0] PASSED        [ 38%]
2025-10-14T20:59:40.8656994Z tests/test_options.py::test_required_option[12-False-12_1] PASSED        [ 38%]
2025-10-14T20:59:40.8665910Z tests/test_options.py::test_required_option[12.1-False-12.1] PASSED      [ 38%]
2025-10-14T20:59:40.8674774Z tests/test_options.py::test_required_option[value8-False-[]] PASSED      [ 38%]
2025-10-14T20:59:40.8682683Z tests/test_options.py::test_required_option[value9-False-()] PASSED      [ 38%]
2025-10-14T20:59:40.8690866Z tests/test_options.py::test_required_option[value10-False-set()] PASSED  [ 38%]
2025-10-14T20:59:40.8699061Z tests/test_options.py::test_required_option[value11-False-frozenset()] PASSED [ 38%]
2025-10-14T20:59:40.8707057Z tests/test_options.py::test_required_option[value12-False-{}] PASSED     [ 38%]
2025-10-14T20:59:40.8718997Z tests/test_options.py::test_missing_required_flag PASSED                 [ 38%]
2025-10-14T20:59:40.8731371Z tests/test_options.py::test_missing_choice PASSED                        [ 38%]
2025-10-14T20:59:40.8751176Z tests/test_options.py::test_missing_envvar PASSED                        [ 38%]
2025-10-14T20:59:40.8775623Z tests/test_options.py::test_case_insensitive_choice PASSED               [ 38%]
2025-10-14T20:59:40.8785192Z tests/test_options.py::test_case_insensitive_choice_returned_exactly PASSED [ 38%]
2025-10-14T20:59:40.8797829Z tests/test_options.py::test_option_help_preserve_paragraphs PASSED       [ 38%]
2025-10-14T20:59:40.8808045Z tests/test_options.py::test_argument_custom_class PASSED                 [ 39%]
2025-10-14T20:59:40.8821989Z tests/test_options.py::test_option_custom_class PASSED                   [ 39%]
2025-10-14T20:59:40.8838107Z tests/test_options.py::test_option_custom_class_reusable PASSED          [ 39%]
2025-10-14T20:59:40.8854236Z tests/test_options.py::test_help_option_custom_names_and_class[name_specs0-  -h, --help  Show this message and exit.\n-True] PASSED [ 39%]
2025-10-14T20:59:40.8870175Z tests/test_options.py::test_help_option_custom_names_and_class[name_specs0-  -h, --help  Show this message and exit.\n-False] PASSED [ 39%]
2025-10-14T20:59:40.8886458Z tests/test_options.py::test_help_option_custom_names_and_class[name_specs1-  -h      Show this message and exit.\n  --help  Show this message and exit.\n-True] PASSED [ 39%]
2025-10-14T20:59:40.8900244Z tests/test_options.py::test_help_option_custom_names_and_class[name_specs1-  -h      Show this message and exit.\n  --help  Show this message and exit.\n-False] PASSED [ 39%]
2025-10-14T20:59:40.8912298Z tests/test_options.py::test_help_option_custom_names_and_class[name_specs2-  --help  Show this message and exit.\n-True] PASSED [ 39%]
2025-10-14T20:59:40.8924954Z tests/test_options.py::test_help_option_custom_names_and_class[name_specs2-  --help  Show this message and exit.\n-False] PASSED [ 39%]
2025-10-14T20:59:40.8935199Z tests/test_options.py::test_bool_flag_with_type PASSED                   [ 39%]
2025-10-14T20:59:40.8957438Z tests/test_options.py::test_aliases_for_flags PASSED                     [ 39%]
2025-10-14T20:59:40.8971990Z tests/test_options.py::test_option_names[option_args0-aggressive] PASSED [ 39%]
2025-10-14T20:59:40.8992218Z tests/test_options.py::test_option_names[option_args1-first] PASSED      [ 39%]
2025-10-14T20:59:40.9014502Z tests/test_options.py::test_option_names[option_args2-apple] PASSED      [ 40%]
2025-10-14T20:59:40.9034646Z tests/test_options.py::test_option_names[option_args3-cantaloupe] PASSED [ 40%]
2025-10-14T20:59:40.9050008Z tests/test_options.py::test_option_names[option_args4-a] PASSED          [ 40%]
2025-10-14T20:59:40.9070256Z tests/test_options.py::test_option_names[option_args5-c] PASSED          [ 40%]
2025-10-14T20:59:40.9089726Z tests/test_options.py::test_option_names[option_args6-apple] PASSED      [ 40%]
2025-10-14T20:59:40.9109077Z tests/test_options.py::test_option_names[option_args7-cantaloupe] PASSED [ 40%]
2025-10-14T20:59:40.9124030Z tests/test_options.py::test_option_names[option_args8-_from] PASSED      [ 40%]
2025-10-14T20:59:40.9136176Z tests/test_options.py::test_option_names[option_args9-_ret] PASSED       [ 40%]
2025-10-14T20:59:40.9145584Z tests/test_options.py::test_flag_duplicate_names PASSED                  [ 40%]
2025-10-14T20:59:40.9154790Z tests/test_options.py::test_show_default_boolean_flag_name[False-no-cache] PASSED [ 40%]
2025-10-14T20:59:40.9163719Z tests/test_options.py::test_show_default_boolean_flag_name[True-cache] PASSED [ 40%]
2025-10-14T20:59:40.9171705Z tests/test_options.py::test_show_true_default_boolean_flag_value PASSED  [ 40%]
2025-10-14T20:59:40.9179943Z tests/test_options.py::test_hide_false_default_boolean_flag_value[False] PASSED [ 40%]
2025-10-14T20:59:40.9187840Z tests/test_options.py::test_hide_false_default_boolean_flag_value[None] PASSED [ 41%]
2025-10-14T20:59:40.9195925Z tests/test_options.py::test_show_default_string PASSED                   [ 41%]
2025-10-14T20:59:40.9204111Z tests/test_options.py::test_show_default_with_empty_string PASSED        [ 41%]
2025-10-14T20:59:40.9211405Z tests/test_options.py::test_do_not_show_no_default PASSED                [ 41%]
2025-10-14T20:59:40.9218574Z tests/test_options.py::test_do_not_show_default_empty_multiple PASSED    [ 41%]
2025-10-14T20:59:40.9226777Z tests/test_options.py::test_show_default_precedence[None-None-extra_value0-False] PASSED [ 41%]
2025-10-14T20:59:40.9235141Z tests/test_options.py::test_show_default_precedence[None-False-extra_value1-False] PASSED [ 41%]
2025-10-14T20:59:40.9244217Z tests/test_options.py::test_show_default_precedence[None-True-extra_value2-True] PASSED [ 41%]
2025-10-14T20:59:40.9252573Z tests/test_options.py::test_show_default_precedence[False-None-extra_value3-False] PASSED [ 41%]
2025-10-14T20:59:40.9261305Z tests/test_options.py::test_show_default_precedence[False-False-extra_value4-False] PASSED [ 41%]
2025-10-14T20:59:40.9269941Z tests/test_options.py::test_show_default_precedence[False-True-extra_value5-True] PASSED [ 41%]
2025-10-14T20:59:40.9279161Z tests/test_options.py::test_show_default_precedence[True-None-extra_value6-True] PASSED [ 41%]
2025-10-14T20:59:40.9287704Z tests/test_options.py::test_show_default_precedence[True-False-extra_value7-False] PASSED [ 41%]
2025-10-14T20:59:40.9296779Z tests/test_options.py::test_show_default_precedence[True-True-extra_value8-True] PASSED [ 41%]
2025-10-14T20:59:40.9305939Z tests/test_options.py::test_show_default_precedence[False-one-extra_value9-True] PASSED [ 42%]
2025-10-14T20:59:40.9317737Z tests/test_options.py::test_option_with_optional_value[None-expect0] PASSED [ 42%]
2025-10-14T20:59:40.9330457Z tests/test_options.py::test_option_with_optional_value[args1-expect1] PASSED [ 42%]
2025-10-14T20:59:40.9342592Z tests/test_options.py::test_option_with_optional_value[args2-expect2] PASSED [ 42%]
2025-10-14T20:59:40.9355201Z tests/test_options.py::test_option_with_optional_value[args3-expect3] PASSED [ 42%]
2025-10-14T20:59:40.9366991Z tests/test_options.py::test_option_with_optional_value[args4-expect4] PASSED [ 42%]
2025-10-14T20:59:40.9379224Z tests/test_options.py::test_option_with_optional_value[args5-expect5] PASSED [ 42%]
2025-10-14T20:59:40.9391510Z tests/test_options.py::test_option_with_optional_value[args6-expect6] PASSED [ 42%]
2025-10-14T20:59:40.9410447Z tests/test_options.py::test_option_with_optional_value[args7-expect7] PASSED [ 42%]
2025-10-14T20:59:40.9427110Z tests/test_options.py::test_option_with_optional_value[args8-expect8] PASSED [ 42%]
2025-10-14T20:59:40.9442481Z tests/test_options.py::test_option_with_optional_value[args9-expect9] PASSED [ 42%]
2025-10-14T20:59:40.9459332Z tests/test_options.py::test_option_with_optional_value[args10-expect10] PASSED [ 42%]
2025-10-14T20:59:40.9474546Z tests/test_options.py::test_option_with_optional_value[args11-expect11] PASSED [ 42%]
2025-10-14T20:59:40.9494632Z tests/test_options.py::test_option_with_optional_value[args12-expect12] PASSED [ 43%]
2025-10-14T20:59:40.9510045Z tests/test_options.py::test_option_with_optional_value[args13-expect13] PASSED [ 43%]
2025-10-14T20:59:40.9526046Z tests/test_options.py::test_multiple_option_with_optional_value PASSED   [ 43%]
2025-10-14T20:59:40.9534566Z tests/test_options.py::test_type_from_flag_value PASSED                  [ 43%]
2025-10-14T20:59:40.9547928Z tests/test_options.py::test_flag_value_and_default[opt_params0-args0-False] PASSED [ 43%]
2025-10-14T20:59:40.9561616Z tests/test_options.py::test_flag_value_and_default[opt_params1-args1-True] PASSED [ 43%]
2025-10-14T20:59:40.9576577Z tests/test_options.py::test_flag_value_and_default[opt_params2-args2-False] PASSED [ 43%]
2025-10-14T20:59:40.9592129Z tests/test_options.py::test_flag_value_and_default[opt_params3-args3-True] PASSED [ 43%]
2025-10-14T20:59:40.9605978Z tests/test_options.py::test_flag_value_and_default[opt_params4-args4-None] PASSED [ 43%]
2025-10-14T20:59:40.9624174Z tests/test_options.py::test_flag_value_and_default[opt_params5-args5-True] PASSED [ 43%]
2025-10-14T20:59:40.9638617Z tests/test_options.py::test_flag_value_and_default[opt_params6-args6-True] PASSED [ 43%]
2025-10-14T20:59:40.9653740Z tests/test_options.py::test_flag_value_and_default[opt_params7-args7-True] PASSED [ 43%]
2025-10-14T20:59:40.9668609Z tests/test_options.py::test_flag_value_and_default[opt_params8-args8-False] PASSED [ 43%]
2025-10-14T20:59:40.9684924Z tests/test_options.py::test_flag_value_and_default[opt_params9-args9-True] PASSED [ 44%]
2025-10-14T20:59:40.9700146Z tests/test_options.py::test_flag_value_and_default[opt_params10-args10-True] PASSED [ 44%]
2025-10-14T20:59:40.9715955Z tests/test_options.py::test_flag_value_and_default[opt_params11-args11-None] PASSED [ 44%]
2025-10-14T20:59:40.9731893Z tests/test_options.py::test_flag_value_and_default[opt_params12-args12-True] PASSED [ 44%]
2025-10-14T20:59:40.9745665Z tests/test_options.py::test_flag_value_and_default[opt_params13-args13-True] PASSED [ 44%]
2025-10-14T20:59:40.9759554Z tests/test_options.py::test_flag_value_and_default[opt_params14-args14-True] PASSED [ 44%]
2025-10-14T20:59:40.9773236Z tests/test_options.py::test_flag_value_and_default[opt_params15-args15-False] PASSED [ 44%]
2025-10-14T20:59:40.9787555Z tests/test_options.py::test_flag_value_and_default[opt_params16-args16-True] PASSED [ 44%]
2025-10-14T20:59:40.9801902Z tests/test_options.py::test_flag_value_and_default[opt_params17-args17-True] PASSED [ 44%]
2025-10-14T20:59:40.9818353Z tests/test_options.py::test_flag_value_and_default[opt_params18-args18-None] PASSED [ 44%]
2025-10-14T20:59:40.9830547Z tests/test_options.py::test_flag_value_and_default[opt_params19-args19-True] PASSED [ 44%]
2025-10-14T20:59:40.9841336Z tests/test_options.py::test_flag_value_and_default[opt_params20-args20-True] PASSED [ 44%]
2025-10-14T20:59:40.9852347Z tests/test_options.py::test_flag_value_and_default[opt_params21-args21-True] PASSED [ 44%]
2025-10-14T20:59:40.9864030Z tests/test_options.py::test_flag_value_and_default[opt_params22-args22-False] PASSED [ 45%]
2025-10-14T20:59:40.9875742Z tests/test_options.py::test_flag_value_and_default[opt_params23-args23-True] PASSED [ 45%]
2025-10-14T20:59:40.9886951Z tests/test_options.py::test_flag_value_and_default[opt_params24-args24-foo] PASSED [ 45%]
2025-10-14T20:59:40.9899726Z tests/test_options.py::test_flag_value_and_default[opt_params25-args25-True] PASSED [ 45%]
2025-10-14T20:59:40.9910948Z tests/test_options.py::test_flag_value_and_default[opt_params26-args26-None] PASSED [ 45%]
2025-10-14T20:59:40.9922059Z tests/test_options.py::test_flag_value_and_default[opt_params27-args27-True] PASSED [ 45%]
2025-10-14T20:59:40.9933553Z tests/test_options.py::test_flag_value_and_default[opt_params28-args28-False] PASSED [ 45%]
2025-10-14T20:59:40.9944471Z tests/test_options.py::test_flag_value_and_default[opt_params29-args29-True] PASSED [ 45%]
2025-10-14T20:59:40.9955409Z tests/test_options.py::test_flag_value_and_default[opt_params30-args30-False] PASSED [ 45%]
2025-10-14T20:59:40.9968257Z tests/test_options.py::test_flag_value_and_default[opt_params31-args31-False] PASSED [ 45%]
2025-10-14T20:59:40.9979424Z tests/test_options.py::test_flag_value_and_default[opt_params32-args32-False] PASSED [ 45%]
2025-10-14T20:59:40.9990442Z tests/test_options.py::test_flag_value_and_default[opt_params33-args33-None] PASSED [ 45%]
2025-10-14T20:59:41.0001603Z tests/test_options.py::test_flag_value_and_default[opt_params34-args34-False] PASSED [ 45%]
2025-10-14T20:59:41.0012496Z tests/test_options.py::test_flag_value_and_default[opt_params35-args35-True] PASSED [ 45%]
2025-10-14T20:59:41.0023662Z tests/test_options.py::test_flag_value_and_default[opt_params36-args36-False] PASSED [ 46%]
2025-10-14T20:59:41.0034771Z tests/test_options.py::test_flag_value_and_default[opt_params37-args37-False] PASSED [ 46%]
2025-10-14T20:59:41.0047349Z tests/test_options.py::test_flag_value_and_default[opt_params38-args38-False] PASSED [ 46%]
2025-10-14T20:59:41.0058386Z tests/test_options.py::test_flag_value_and_default[opt_params39-args39-None] PASSED [ 46%]
2025-10-14T20:59:41.0069238Z tests/test_options.py::test_flag_value_and_default[opt_params40-args40-None] PASSED [ 46%]
2025-10-14T20:59:41.0080499Z tests/test_options.py::test_flag_value_and_default[opt_params41-args41-True] PASSED [ 46%]
2025-10-14T20:59:41.0091594Z tests/test_options.py::test_flag_value_and_default[opt_params42-args42-None] PASSED [ 46%]
2025-10-14T20:59:41.0102712Z tests/test_options.py::test_flag_value_and_default[opt_params43-args43-False] PASSED [ 46%]
2025-10-14T20:59:41.0115558Z tests/test_options.py::test_flag_value_and_default[opt_params44-args44-None] PASSED [ 46%]
2025-10-14T20:59:41.0126613Z tests/test_options.py::test_flag_value_and_default[opt_params45-args45-foo] PASSED [ 46%]
2025-10-14T20:59:41.0137665Z tests/test_options.py::test_flag_value_and_default[opt_params46-args46-None] PASSED [ 46%]
2025-10-14T20:59:41.0148974Z tests/test_options.py::test_flag_value_and_default[opt_params47-args47-None] PASSED [ 46%]
2025-10-14T20:59:41.0160106Z tests/test_options.py::test_flag_value_and_default[opt_params48-args48-True] PASSED [ 46%]
2025-10-14T20:59:41.0171281Z tests/test_options.py::test_flag_value_and_default[opt_params49-args49-False] PASSED [ 47%]
2025-10-14T20:59:41.0182431Z tests/test_options.py::test_flag_value_and_default[opt_params50-args50-False] PASSED [ 47%]
2025-10-14T20:59:41.0195467Z tests/test_options.py::test_flag_value_and_default[opt_params51-args51-False] PASSED [ 47%]
2025-10-14T20:59:41.0206662Z tests/test_options.py::test_flag_value_and_default[opt_params52-args52-None] PASSED [ 47%]
2025-10-14T20:59:41.0217930Z tests/test_options.py::test_flag_value_and_default[opt_params53-args53-None] PASSED [ 47%]
2025-10-14T20:59:41.0228710Z tests/test_options.py::test_flag_value_and_default[opt_params54-args54-True] PASSED [ 47%]
2025-10-14T20:59:41.0239338Z tests/test_options.py::test_flag_value_and_default[opt_params55-args55-False] PASSED [ 47%]
2025-10-14T20:59:41.0250224Z tests/test_options.py::test_flag_value_and_default[opt_params56-args56-False] PASSED [ 47%]
2025-10-14T20:59:41.0262648Z tests/test_options.py::test_flag_value_and_default[opt_params57-args57-False] PASSED [ 47%]
2025-10-14T20:59:41.0273584Z tests/test_options.py::test_flag_value_and_default[opt_params58-args58-foo] PASSED [ 47%]
2025-10-14T20:59:41.0284235Z tests/test_options.py::test_flag_value_and_default[opt_params59-args59-foo] PASSED [ 47%]
2025-10-14T20:59:41.0295107Z tests/test_options.py::test_flag_value_and_default[opt_params60-args60-foo] PASSED [ 47%]
2025-10-14T20:59:41.0305785Z tests/test_options.py::test_flag_value_and_default[opt_params61-args61-foo] PASSED [ 47%]
2025-10-14T20:59:41.0316523Z tests/test_options.py::test_flag_value_and_default[opt_params62-args62-None] PASSED [ 48%]
2025-10-14T20:59:41.0327211Z tests/test_options.py::test_flag_value_and_default[opt_params63-args63-None] PASSED [ 48%]
2025-10-14T20:59:41.0343045Z tests/test_options.py::test_flag_value_and_default[opt_params64-args64-True] PASSED [ 48%]
2025-10-14T20:59:41.0353731Z tests/test_options.py::test_flag_value_and_default[opt_params65-args65-False] PASSED [ 48%]
2025-10-14T20:59:41.0364492Z tests/test_options.py::test_flag_value_and_default[opt_params66-args66-True] PASSED [ 48%]
2025-10-14T20:59:41.0375131Z tests/test_options.py::test_flag_value_and_default[opt_params67-args67-False] PASSED [ 48%]
2025-10-14T20:59:41.0385727Z tests/test_options.py::test_flag_value_and_default[opt_params68-args68-True] PASSED [ 48%]
2025-10-14T20:59:41.0396631Z tests/test_options.py::test_flag_value_and_default[opt_params69-args69-False] PASSED [ 48%]
2025-10-14T20:59:41.0408948Z tests/test_options.py::test_flag_value_and_default[opt_params70-args70-True] PASSED [ 48%]
2025-10-14T20:59:41.0419796Z tests/test_options.py::test_flag_value_and_default[opt_params71-args71-False] PASSED [ 48%]
2025-10-14T20:59:41.0430417Z tests/test_options.py::test_flag_value_and_default[opt_params72-args72-True] PASSED [ 48%]
2025-10-14T20:59:41.0440985Z tests/test_options.py::test_flag_value_and_default[opt_params73-args73-False] PASSED [ 48%]
2025-10-14T20:59:41.0451642Z tests/test_options.py::test_flag_value_and_default[opt_params74-args74-True] PASSED [ 48%]
2025-10-14T20:59:41.0462367Z tests/test_options.py::test_flag_value_and_default[opt_params75-args75-False] PASSED [ 48%]
2025-10-14T20:59:41.0473134Z tests/test_options.py::test_flag_value_and_default[opt_params76-args76-bar] PASSED [ 49%]
2025-10-14T20:59:41.0485465Z tests/test_options.py::test_flag_value_and_default[opt_params77-args77-None] PASSED [ 49%]
2025-10-14T20:59:41.0496310Z tests/test_options.py::test_flag_value_and_default[opt_params78-args78-True] PASSED [ 49%]
2025-10-14T20:59:41.0506978Z tests/test_options.py::test_flag_value_and_default[opt_params79-args79-False] PASSED [ 49%]
2025-10-14T20:59:41.0519884Z tests/test_options.py::test_invalid_flag_definition[args0-opts0] PASSED  [ 49%]
2025-10-14T20:59:41.0533149Z tests/test_options.py::test_invalid_flag_definition[args1-opts1] PASSED  [ 49%]
2025-10-14T20:59:41.0545574Z tests/test_options.py::test_invalid_flag_definition[args2-opts2] PASSED  [ 49%]
2025-10-14T20:59:41.0560230Z tests/test_options.py::test_invalid_flag_definition[args3-opts3] PASSED  [ 49%]
2025-10-14T20:59:41.0571495Z tests/test_options.py::test_default_dual_option_callback[True-args0-js] PASSED [ 49%]
2025-10-14T20:59:41.0583022Z tests/test_options.py::test_default_dual_option_callback[True-args1-xml] PASSED [ 49%]
2025-10-14T20:59:41.0593606Z tests/test_options.py::test_default_dual_option_callback[False-args2-js] PASSED [ 49%]
2025-10-14T20:59:41.0604522Z tests/test_options.py::test_default_dual_option_callback[False-args3-xml] PASSED [ 49%]
2025-10-14T20:59:41.0615566Z tests/test_options.py::test_default_dual_option_callback[None-args4-js] PASSED [ 49%]
2025-10-14T20:59:41.0628130Z tests/test_options.py::test_default_dual_option_callback[None-args5-xml] PASSED [ 50%]
2025-10-14T20:59:41.0639184Z tests/test_options.py::test_default_dual_option_callback[Sentinel.UNSET-args6-js] PASSED [ 50%]
2025-10-14T20:59:41.0650217Z tests/test_options.py::test_default_dual_option_callback[Sentinel.UNSET-args7-xml] PASSED [ 50%]
2025-10-14T20:59:41.0661098Z tests/test_options.py::test_default_dual_option_callback[True-args8-xml] PASSED [ 50%]
2025-10-14T20:59:41.0672707Z tests/test_options.py::test_default_dual_option_callback[True-args9-js] PASSED [ 50%]
2025-10-14T20:59:41.0684097Z tests/test_options.py::test_default_dual_option_callback[js-args10-js] PASSED [ 50%]
2025-10-14T20:59:41.0697554Z tests/test_options.py::test_default_dual_option_callback[xml-args11-xml] PASSED [ 50%]
2025-10-14T20:59:41.0709357Z tests/test_options.py::test_default_dual_option_callback[jS-args12-jS] PASSED [ 50%]
2025-10-14T20:59:41.0721185Z tests/test_options.py::test_default_dual_option_callback[xMl-args13-xMl] PASSED [ 50%]
2025-10-14T20:59:41.0733053Z tests/test_options.py::test_default_dual_option_callback[ \u1555( \u141b )\u1557 -args14- \u1555( \u141b )\u1557 ] PASSED [ 50%]
2025-10-14T20:59:41.0744480Z tests/test_options.py::test_default_dual_option_callback[None-args15-None] PASSED [ 50%]
2025-10-14T20:59:41.0755956Z tests/test_options.py::test_default_dual_option_callback[Sentinel.UNSET-args16-None] PASSED [ 50%]
2025-10-14T20:59:41.0769030Z tests/test_options.py::test_default_dual_option_callback[True-args17-js] PASSED [ 50%]
2025-10-14T20:59:41.0780228Z tests/test_options.py::test_default_dual_option_callback[False-args18-False] PASSED [ 51%]
2025-10-14T20:59:41.0791166Z tests/test_options.py::test_default_dual_option_callback[42-args19-42] PASSED [ 51%]
2025-10-14T20:59:41.0802231Z tests/test_options.py::test_default_dual_option_callback[12.3-args20-12.3] PASSED [ 51%]
2025-10-14T20:59:41.0813545Z tests/test_options.py::test_envvar_string_flag_value[bar-bar-bar] PASSED [ 51%]
2025-10-14T20:59:41.0824435Z tests/test_options.py::test_envvar_string_flag_value[BAR-BAR-BAR] PASSED [ 51%]
2025-10-14T20:59:41.0837154Z tests/test_options.py::test_envvar_string_flag_value[ bar - bar - bar ] PASSED [ 51%]
2025-10-14T20:59:41.0848275Z tests/test_options.py::test_envvar_string_flag_value[42-42-42] PASSED    [ 51%]
2025-10-14T20:59:41.0859098Z tests/test_options.py::test_envvar_string_flag_value[None-None-None0] PASSED [ 51%]
2025-10-14T20:59:41.0869892Z tests/test_options.py::test_envvar_string_flag_value[True-True-True] PASSED [ 51%]
2025-10-14T20:59:41.0880628Z tests/test_options.py::test_envvar_string_flag_value[False-False-False] PASSED [ 51%]
2025-10-14T20:59:41.0891871Z tests/test_options.py::test_envvar_string_flag_value[true-true-true] PASSED [ 51%]
2025-10-14T20:59:41.0903354Z tests/test_options.py::test_envvar_string_flag_value[false-false-false] PASSED [ 51%]
2025-10-14T20:59:41.0915971Z tests/test_options.py::test_envvar_string_flag_value[A B-A B-A B] PASSED [ 51%]
2025-10-14T20:59:41.0926658Z tests/test_options.py::test_envvar_string_flag_value[ 1 2 - 1 2 - 1 2 ] PASSED [ 51%]
2025-10-14T20:59:41.0937669Z tests/test_options.py::test_envvar_string_flag_value[9.3-9.3-9.3] PASSED [ 52%]
2025-10-14T20:59:41.0948269Z tests/test_options.py::test_envvar_string_flag_value[a;n-a;n-a;n] PASSED [ 52%]
2025-10-14T20:59:41.0958980Z tests/test_options.py::test_envvar_string_flag_value[x:y-x:y-x:y] PASSED [ 52%]
2025-10-14T20:59:41.0969717Z tests/test_options.py::test_envvar_string_flag_value[i/o-i/o-i/o] PASSED [ 52%]
2025-10-14T20:59:41.0982233Z tests/test_options.py::test_envvar_string_flag_value[bar--None] PASSED   [ 52%]
2025-10-14T20:59:41.0993243Z tests/test_options.py::test_envvar_string_flag_value[bar-None-None] PASSED [ 52%]
2025-10-14T20:59:41.1004061Z tests/test_options.py::test_envvar_string_flag_value[BAR--None] PASSED   [ 52%]
2025-10-14T20:59:41.1014917Z tests/test_options.py::test_envvar_string_flag_value[BAR-None-None] PASSED [ 52%]
2025-10-14T20:59:41.1025771Z tests/test_options.py::test_envvar_string_flag_value[ bar --None] PASSED [ 52%]
2025-10-14T20:59:41.1036352Z tests/test_options.py::test_envvar_string_flag_value[ bar -None-None] PASSED [ 52%]
2025-10-14T20:59:41.1047402Z tests/test_options.py::test_envvar_string_flag_value[42--None0] PASSED   [ 52%]
2025-10-14T20:59:41.1060460Z tests/test_options.py::test_envvar_string_flag_value[42-None-None0] PASSED [ 52%]
2025-10-14T20:59:41.1071520Z tests/test_options.py::test_envvar_string_flag_value[42--None1] PASSED   [ 52%]
2025-10-14T20:59:41.1082031Z tests/test_options.py::test_envvar_string_flag_value[42-None-None1] PASSED [ 53%]
2025-10-14T20:59:41.1093136Z tests/test_options.py::test_envvar_string_flag_value[None--None0] PASSED [ 53%]
2025-10-14T20:59:41.1104166Z tests/test_options.py::test_envvar_string_flag_value[None-None-None1] PASSED [ 53%]
2025-10-14T20:59:41.1115212Z tests/test_options.py::test_envvar_string_flag_value[None--None1] PASSED [ 53%]
2025-10-14T20:59:41.1127580Z tests/test_options.py::test_envvar_string_flag_value[None-None-None2] PASSED [ 53%]
2025-10-14T20:59:41.1138070Z tests/test_options.py::test_envvar_string_flag_value[True--None0] PASSED [ 53%]
2025-10-14T20:59:41.1148821Z tests/test_options.py::test_envvar_string_flag_value[True-None-None0] PASSED [ 53%]
2025-10-14T20:59:41.1159474Z tests/test_options.py::test_envvar_string_flag_value[True--None1] PASSED [ 53%]
2025-10-14T20:59:41.1170115Z tests/test_options.py::test_envvar_string_flag_value[True-None-None1] PASSED [ 53%]
2025-10-14T20:59:41.1180679Z tests/test_options.py::test_envvar_string_flag_value[true--None] PASSED  [ 53%]
2025-10-14T20:59:41.1191241Z tests/test_options.py::test_envvar_string_flag_value[true-None-None] PASSED [ 53%]
2025-10-14T20:59:41.1205797Z tests/test_options.py::test_envvar_string_flag_value[False--None0] PASSED [ 53%]
2025-10-14T20:59:41.1216252Z tests/test_options.py::test_envvar_string_flag_value[False-None-None0] PASSED [ 53%]
2025-10-14T20:59:41.1226694Z tests/test_options.py::test_envvar_string_flag_value[False--None1] PASSED [ 54%]
2025-10-14T20:59:41.1236806Z tests/test_options.py::test_envvar_string_flag_value[False-None-None1] PASSED [ 54%]
2025-10-14T20:59:41.1247585Z tests/test_options.py::test_envvar_string_flag_value[false--None] PASSED [ 54%]
2025-10-14T20:59:41.1258298Z tests/test_options.py::test_envvar_string_flag_value[false-None-None] PASSED [ 54%]
2025-10-14T20:59:41.1270726Z tests/test_options.py::test_envvar_string_flag_value[bar-True-bar] PASSED [ 54%]
2025-10-14T20:59:41.1281355Z tests/test_options.py::test_envvar_string_flag_value[bar-true-bar] PASSED [ 54%]
2025-10-14T20:59:41.1292024Z tests/test_options.py::test_envvar_string_flag_value[bar-trUe-bar] PASSED [ 54%]
2025-10-14T20:59:41.1302652Z tests/test_options.py::test_envvar_string_flag_value[bar-  TRUE  -bar] PASSED [ 54%]
2025-10-14T20:59:41.1313337Z tests/test_options.py::test_envvar_string_flag_value[bar-1-bar] PASSED   [ 54%]
2025-10-14T20:59:41.1323952Z tests/test_options.py::test_envvar_string_flag_value[bar-yes-bar] PASSED [ 54%]
2025-10-14T20:59:41.1334000Z tests/test_options.py::test_envvar_string_flag_value[bar-on-bar] PASSED  [ 54%]
2025-10-14T20:59:41.1346860Z tests/test_options.py::test_envvar_string_flag_value[bar-t-bar] PASSED   [ 54%]
2025-10-14T20:59:41.1357167Z tests/test_options.py::test_envvar_string_flag_value[bar-y-bar] PASSED   [ 54%]
2025-10-14T20:59:41.1367937Z tests/test_options.py::test_envvar_string_flag_value[bar-False-False] PASSED [ 54%]
2025-10-14T20:59:41.1378675Z tests/test_options.py::test_envvar_string_flag_value[bar-false-False] PASSED [ 55%]
2025-10-14T20:59:41.1390239Z tests/test_options.py::test_envvar_string_flag_value[bar-faLse-False] PASSED [ 55%]
2025-10-14T20:59:41.1400841Z tests/test_options.py::test_envvar_string_flag_value[bar-  FALSE  -False] PASSED [ 55%]
2025-10-14T20:59:41.1413323Z tests/test_options.py::test_envvar_string_flag_value[bar-0-False] PASSED [ 55%]
2025-10-14T20:59:41.1424054Z tests/test_options.py::test_envvar_string_flag_value[bar-no-False] PASSED [ 55%]
2025-10-14T20:59:41.1434085Z tests/test_options.py::test_envvar_string_flag_value[bar-off-False] PASSED [ 55%]
2025-10-14T20:59:41.1444891Z tests/test_options.py::test_envvar_string_flag_value[bar-f-False] PASSED [ 55%]
2025-10-14T20:59:41.1455480Z tests/test_options.py::test_envvar_string_flag_value[bar-n-False] PASSED [ 55%]
2025-10-14T20:59:41.1466706Z tests/test_options.py::test_envvar_string_flag_value[bar- bar -None] PASSED [ 55%]
2025-10-14T20:59:41.1478167Z tests/test_options.py::test_envvar_string_flag_value[bar-BAR-None] PASSED [ 55%]
2025-10-14T20:59:41.1492306Z tests/test_options.py::test_envvar_string_flag_value[bar-random-None] PASSED [ 55%]
2025-10-14T20:59:41.1503778Z tests/test_options.py::test_envvar_string_flag_value[bar-bar random-None] PASSED [ 55%]
2025-10-14T20:59:41.1515262Z tests/test_options.py::test_envvar_string_flag_value[bar-random bar-None] PASSED [ 55%]
2025-10-14T20:59:41.1525826Z tests/test_options.py::test_envvar_string_flag_value[BAR-bar-None] PASSED [ 56%]
2025-10-14T20:59:41.1536412Z tests/test_options.py::test_envvar_string_flag_value[ bar -bar-None] PASSED [ 56%]
2025-10-14T20:59:41.1546662Z tests/test_options.py::test_envvar_string_flag_value[ bar -BAR-None] PASSED [ 56%]
2025-10-14T20:59:41.1559145Z tests/test_options.py::test_envvar_string_flag_value[42-42-None] PASSED  [ 56%]
2025-10-14T20:59:41.1569826Z tests/test_options.py::test_envvar_string_flag_value[42-foo-None] PASSED [ 56%]
2025-10-14T20:59:41.1580570Z tests/test_options.py::test_envvar_string_flag_value[None-foo-None0] PASSED [ 56%]
2025-10-14T20:59:41.1591253Z tests/test_options.py::test_envvar_string_flag_value[None-foo-None1] PASSED [ 56%]
2025-10-14T20:59:41.1599555Z tests/test_options.py::test_flag_auto_detection[-a-opt_params0-False-False] PASSED [ 56%]
2025-10-14T20:59:41.1607595Z tests/test_options.py::test_flag_auto_detection[-a-opt_params1-False-False] PASSED [ 56%]
2025-10-14T20:59:41.1615703Z tests/test_options.py::test_flag_auto_detection[-a-opt_params2-False-False] PASSED [ 56%]
2025-10-14T20:59:41.1623506Z tests/test_options.py::test_flag_auto_detection[-a-opt_params3-False-False] PASSED [ 56%]
2025-10-14T20:59:41.1631409Z tests/test_options.py::test_flag_auto_detection[-a-opt_params4-True-False] PASSED [ 56%]
2025-10-14T20:59:41.1639585Z tests/test_options.py::test_flag_auto_detection[-a-opt_params5-True-True] PASSED [ 56%]
2025-10-14T20:59:41.1647880Z tests/test_options.py::test_flag_auto_detection[-a/-A-opt_params6-True-True] PASSED [ 57%]
2025-10-14T20:59:41.1655971Z tests/test_options.py::test_flag_auto_detection[-a-opt_params7-True-True] PASSED [ 57%]
2025-10-14T20:59:41.1663972Z tests/test_options.py::test_flag_auto_detection[-a-opt_params8-False-False] PASSED [ 57%]
2025-10-14T20:59:41.1672133Z tests/test_options.py::test_invalid_flag_combinations[kwargs0-'count' is not valid with 'multiple'.] PASSED [ 57%]
2025-10-14T20:59:41.1680589Z tests/test_options.py::test_invalid_flag_combinations[kwargs1-'count' is not valid with 'is_flag'.] PASSED [ 57%]
2025-10-14T20:59:41.1693489Z tests/test_options.py::test_non_flag_with_non_negatable_default PASSED   [ 57%]
2025-10-14T20:59:41.1719427Z tests/test_options.py::test_choice_usage_rendering[choices0-[TEXT]] PASSED [ 57%]
2025-10-14T20:59:41.1747474Z tests/test_options.py::test_choice_usage_rendering[choices1-[INTEGER]] PASSED [ 57%]
2025-10-14T20:59:41.1772256Z tests/test_options.py::test_choice_usage_rendering[choices2-[FLOAT]] PASSED [ 57%]
2025-10-14T20:59:41.1797188Z tests/test_options.py::test_choice_usage_rendering[choices3-[BOOLEAN]] PASSED [ 57%]
2025-10-14T20:59:41.1823596Z tests/test_options.py::test_choice_usage_rendering[choices4-[TEXT|INTEGER]] PASSED [ 57%]
2025-10-14T20:59:41.1848171Z tests/test_options.py::test_choice_usage_rendering[HashType-[HASHTYPE]] PASSED [ 57%]
2025-10-14T20:59:41.1875354Z tests/test_options.py::test_choice_usage_rendering[Number-[NUMBER]] PASSED [ 57%]
2025-10-14T20:59:41.1900118Z tests/test_options.py::test_choice_usage_rendering[Letter-[LETTER]] PASSED [ 58%]
2025-10-14T20:59:41.1927802Z tests/test_options.py::test_choice_usage_rendering[Color-[COLOR]] PASSED [ 58%]
2025-10-14T20:59:41.1953727Z tests/test_options.py::test_choice_usage_rendering[ColorInt-[COLORINT]] PASSED [ 58%]
2025-10-14T20:59:41.1967758Z tests/test_options.py::test_choice_default_rendering[choices0-bar-bar] PASSED [ 58%]
2025-10-14T20:59:41.1982629Z tests/test_options.py::test_choice_default_rendering[choices1-random-random] PASSED [ 58%]
2025-10-14T20:59:41.1995309Z tests/test_options.py::test_choice_default_rendering[choices2-None-None] PASSED [ 58%]
2025-10-14T20:59:41.2008129Z tests/test_options.py::test_choice_default_rendering[choices3-0-0] PASSED [ 58%]
2025-10-14T20:59:41.2020925Z tests/test_options.py::test_choice_default_rendering[choices4-0.0-0.0] PASSED [ 58%]
2025-10-14T20:59:41.2033795Z tests/test_options.py::test_choice_default_rendering[choices5-2-2] PASSED [ 58%]
2025-10-14T20:59:41.2051125Z tests/test_options.py::test_choice_default_rendering[choices6-2-2] PASSED [ 58%]
2025-10-14T20:59:41.2065026Z tests/test_options.py::test_choice_default_rendering[choices7-2.0-2.0] PASSED [ 58%]
2025-10-14T20:59:41.2077738Z tests/test_options.py::test_choice_default_rendering[choices8-True-True] PASSED [ 58%]
2025-10-14T20:59:41.2090561Z tests/test_options.py::test_choice_default_rendering[choices9-False-False] PASSED [ 58%]
2025-10-14T20:59:41.2103596Z tests/test_options.py::test_choice_default_rendering[choices10-foo-foo] PASSED [ 58%]
2025-10-14T20:59:41.2116482Z tests/test_options.py::test_choice_default_rendering[choices11-1-1] PASSED [ 59%]
2025-10-14T20:59:41.2131368Z tests/test_options.py::test_choice_default_rendering[HashType-HashType.SHA1-SHA1] PASSED [ 59%]
2025-10-14T20:59:41.2144488Z tests/test_options.py::test_choice_default_rendering[HashType-HashType.SHA256-SHA256] PASSED [ 59%]
2025-10-14T20:59:41.2157907Z tests/test_options.py::test_choice_default_rendering[HashType-SHA256-SHA256] PASSED [ 59%]
2025-10-14T20:59:41.2170787Z tests/test_options.py::test_choice_default_rendering[Number-2-TWO] PASSED [ 59%]
2025-10-14T20:59:41.2183967Z tests/test_options.py::test_choice_default_rendering[Number-TWO-TWO] PASSED [ 59%]
2025-10-14T20:59:41.2198399Z tests/test_options.py::test_choice_default_rendering[Letter-Value-1-NAME_1] PASSED [ 59%]
2025-10-14T20:59:41.2211502Z tests/test_options.py::test_choice_default_rendering[Letter-Value_2-NAME_2] PASSED [ 59%]
2025-10-14T20:59:41.2224580Z tests/test_options.py::test_choice_default_rendering[Letter-42_value-NAME_3] PASSED [ 59%]
2025-10-14T20:59:41.2237336Z tests/test_options.py::test_choice_default_rendering[Letter-NAME_1-NAME_1] PASSED [ 59%]
2025-10-14T20:59:41.2250130Z tests/test_options.py::test_choice_default_rendering[Letter-NAME_2-NAME_2] PASSED [ 59%]
2025-10-14T20:59:41.2265334Z tests/test_options.py::test_choice_default_rendering[Letter-NAME_3-NAME_3] PASSED [ 59%]
2025-10-14T20:59:41.2278345Z tests/test_options.py::test_choice_default_rendering[Color-Color.GREEN-GREEN] PASSED [ 59%]
2025-10-14T20:59:41.2291322Z tests/test_options.py::test_choice_default_rendering[Color-GREEN-GREEN] PASSED [ 60%]
2025-10-14T20:59:41.2304414Z tests/test_options.py::test_choice_default_rendering[ColorInt-2-GREEN] PASSED [ 60%]
2025-10-14T20:59:41.2317748Z tests/test_options.py::test_choice_default_rendering[ColorInt-GREEN-GREEN] PASSED [ 60%]
2025-10-14T20:59:41.2328760Z tests/test_options.py::test_duplicate_names_warning[opts_one0-opts_two0] PASSED [ 60%]
2025-10-14T20:59:41.2341726Z tests/test_options.py::test_duplicate_names_warning[opts_one1-opts_two1] PASSED [ 60%]
2025-10-14T20:59:41.2355132Z tests/test_options.py::test_dual_options_custom_type_sentinel_flag_value[args0-None-sentinel0] PASSED [ 60%]
2025-10-14T20:59:41.2367783Z tests/test_options.py::test_dual_options_custom_type_sentinel_flag_value[args0-None-EnumSentinel.FALSY_SENTINEL] PASSED [ 60%]
2025-10-14T20:59:41.2380800Z tests/test_options.py::test_dual_options_custom_type_sentinel_flag_value[args1-Error:\\ Option\\ '\\-\\-config'\\ requires\\ an\\ argument\\.\\\n-sentinel0] PASSED [ 60%]
2025-10-14T20:59:41.2393959Z tests/test_options.py::test_dual_options_custom_type_sentinel_flag_value[args1-Error:\\ Option\\ '\\-\\-config'\\ requires\\ an\\ argument\\.\\\n-EnumSentinel.FALSY_SENTINEL] PASSED [ 60%]
2025-10-14T20:59:41.2408629Z tests/test_options.py::test_dual_options_custom_type_sentinel_flag_value[args2-Error:\\ Option\\ '\\-\\-config'\\ requires\\ an\\ argument\\.\\\n-sentinel0] PASSED [ 60%]
2025-10-14T20:59:41.2421437Z tests/test_options.py::test_dual_options_custom_type_sentinel_flag_value[args2-Error:\\ Option\\ '\\-\\-config'\\ requires\\ an\\ argument\\.\\\n-EnumSentinel.FALSY_SENTINEL] PASSED [ 60%]
2025-10-14T20:59:41.2433682Z tests/test_options.py::test_dual_options_custom_type_sentinel_flag_value[args3-No configuration file provided.-sentinel0] PASSED [ 60%]
2025-10-14T20:59:41.2446324Z tests/test_options.py::test_dual_options_custom_type_sentinel_flag_value[args3-No configuration file provided.-EnumSentinel.FALSY_SENTINEL] PASSED [ 60%]
2025-10-14T20:59:41.2459949Z tests/test_options.py::test_dual_options_custom_type_sentinel_flag_value[args4-foo.conf-sentinel0] PASSED [ 61%]
2025-10-14T20:59:41.2476850Z tests/test_options.py::test_dual_options_custom_type_sentinel_flag_value[args4-foo.conf-EnumSentinel.FALSY_SENTINEL] PASSED [ 61%]
2025-10-14T20:59:41.2493251Z tests/test_options.py::test_dual_options_custom_type_sentinel_flag_value[args5-Usage: main \\[OPTIONS\\]\\nTry 'main --help' for help.\\n\\nError: Got unexpected extra argument (.+)\\n-sentinel0] PASSED [ 61%]
2025-10-14T20:59:41.2507881Z tests/test_options.py::test_dual_options_custom_type_sentinel_flag_value[args5-Usage: main \\[OPTIONS\\]\\nTry 'main --help' for help.\\n\\nError: Got unexpected extra argument (.+)\\n-EnumSentinel.FALSY_SENTINEL] PASSED [ 61%]
2025-10-14T20:59:41.2523060Z tests/test_options.py::test_dual_options_custom_type_sentinel_flag_value[args6-Usage: main \\[OPTIONS\\]\\nTry 'main --help' for help.\\n\\nError: Invalid value for '-c' / '--config': File 'random-file.conf' does not exist.\\n-sentinel0] PASSED [ 61%]
2025-10-14T20:59:41.2537514Z tests/test_options.py::test_dual_options_custom_type_sentinel_flag_value[args6-Usage: main \\[OPTIONS\\]\\nTry 'main --help' for help.\\n\\nError: Invalid value for '-c' / '--config': File 'random-file.conf' does not exist.\\n-EnumSentinel.FALSY_SENTINEL] PASSED [ 61%]
2025-10-14T20:59:41.2554666Z tests/test_options.py::test_dual_options_custom_type_sentinel_flag_value[args7-Usage: main \\[OPTIONS\\]\\nTry 'main --help' for help.\\n\\nError: Invalid value for '-c' / '--config': File '--no-config' does not exist.\\n-sentinel0] PASSED [ 61%]
2025-10-14T20:59:41.2569149Z tests/test_options.py::test_dual_options_custom_type_sentinel_flag_value[args7-Usage: main \\[OPTIONS\\]\\nTry 'main --help' for help.\\n\\nError: Invalid value for '-c' / '--config': File '--no-config' does not exist.\\n-EnumSentinel.FALSY_SENTINEL] PASSED [ 61%]
2025-10-14T20:59:41.2584458Z tests/test_options.py::test_dual_options_custom_type_sentinel_flag_value[args8-Usage: main \\[OPTIONS\\]\\nTry 'main --help' for help.\\n\\nError: Invalid value for '-c' / '--config': File '--no-config' does not exist.\\n-sentinel0] PASSED [ 61%]
2025-10-14T20:59:41.2599830Z tests/test_options.py::test_dual_options_custom_type_sentinel_flag_value[args8-Usage: main \\[OPTIONS\\]\\nTry 'main --help' for help.\\n\\nError: Invalid value for '-c' / '--config': File '--no-config' does not exist.\\n-EnumSentinel.FALSY_SENTINEL] PASSED [ 61%]
2025-10-14T20:59:41.2614560Z tests/test_options.py::test_dual_options_custom_type_sentinel_flag_value[args9-foo.conf-sentinel0] PASSED [ 61%]
2025-10-14T20:59:41.2628218Z tests/test_options.py::test_dual_options_custom_type_sentinel_flag_value[args9-foo.conf-EnumSentinel.FALSY_SENTINEL] PASSED [ 61%]
2025-10-14T20:59:41.2638913Z tests/test_options.py::test_custom_type_flag_value_standalone_option[opt_params0-args0-None] PASSED [ 61%]
2025-10-14T20:59:41.2649786Z tests/test_options.py::test_custom_type_flag_value_standalone_option[opt_params1-args1-None] PASSED [ 61%]
2025-10-14T20:59:41.2661174Z tests/test_options.py::test_custom_type_flag_value_standalone_option[opt_params2-args2-EngineType.OSS] PASSED [ 62%]
2025-10-14T20:59:41.2672041Z tests/test_options.py::test_custom_type_flag_value_standalone_option[opt_params3-args3-EngineType.OSS] PASSED [ 62%]
2025-10-14T20:59:41.2685265Z tests/test_options.py::test_custom_type_flag_value_standalone_option[opt_params4-args4-EngineType.OSS] PASSED [ 62%]
2025-10-14T20:59:41.2696155Z tests/test_options.py::test_custom_type_flag_value_standalone_option[opt_params5-args5-None] PASSED [ 62%]
2025-10-14T20:59:41.2706864Z tests/test_options.py::test_custom_type_flag_value_standalone_option[opt_params6-args6-None] PASSED [ 62%]
2025-10-14T20:59:41.2717500Z tests/test_options.py::test_custom_type_flag_value_standalone_option[opt_params7-args7-None] PASSED [ 62%]
2025-10-14T20:59:41.2728295Z tests/test_options.py::test_custom_type_flag_value_standalone_option[opt_params8-args8-None] PASSED [ 62%]
2025-10-14T20:59:41.2739559Z tests/test_options.py::test_custom_type_flag_value_standalone_option[opt_params9-args9-EngineType.OSS] PASSED [ 62%]
2025-10-14T20:59:41.2753436Z tests/test_options.py::test_custom_type_flag_value_standalone_option[opt_params10-args10-Error:\\ Option\\ '\\-\\-pro'\\ requires\\ an\\ argument\\.\\\n] PASSED [ 62%]
2025-10-14T20:59:41.2763972Z tests/test_options.py::test_custom_type_flag_value_standalone_option[opt_params11-args11-EngineType.OSS] PASSED [ 62%]
2025-10-14T20:59:41.2774559Z tests/test_options.py::test_custom_type_flag_value_standalone_option[opt_params12-args12-EngineType.OSS] PASSED [ 62%]
2025-10-14T20:59:41.2785299Z tests/test_options.py::test_custom_type_flag_value_standalone_option[opt_params13-args13-EngineType.OSS] PASSED [ 62%]
2025-10-14T20:59:41.2795806Z tests/test_options.py::test_custom_type_flag_value_standalone_option[opt_params14-args14-1] PASSED [ 62%]
2025-10-14T20:59:41.2806407Z tests/test_options.py::test_custom_type_flag_value_standalone_option[opt_params15-args15-42] PASSED [ 63%]
2025-10-14T20:59:41.2817237Z tests/test_options.py::test_custom_type_flag_value_standalone_option[opt_params16-args16-EngineType.OSS] PASSED [ 63%]
2025-10-14T20:59:41.2829386Z tests/test_options.py::test_custom_type_flag_value_standalone_option[opt_params17-args17-42] PASSED [ 63%]
2025-10-14T20:59:41.2840161Z tests/test_options.py::test_custom_type_flag_value_standalone_option[opt_params18-args18-1] PASSED [ 63%]
2025-10-14T20:59:41.2851117Z tests/test_options.py::test_custom_type_flag_value_standalone_option[opt_params19-args19-42] PASSED [ 63%]
2025-10-14T20:59:41.2861817Z tests/test_options.py::test_custom_type_flag_value_standalone_option[opt_params20-args20-1] PASSED [ 63%]
2025-10-14T20:59:41.2872626Z tests/test_options.py::test_custom_type_flag_value_standalone_option[opt_params21-args21-42] PASSED [ 63%]
2025-10-14T20:59:41.2883705Z tests/test_options.py::test_custom_type_flag_value_standalone_option[opt_params22-args22-EngineType.OSS] PASSED [ 63%]
2025-10-14T20:59:41.2897361Z tests/test_options.py::test_custom_type_flag_value_standalone_option[opt_params23-args23-42] PASSED [ 63%]
2025-10-14T20:59:41.2908145Z tests/test_options.py::test_custom_type_flag_value_standalone_option[opt_params24-args24-1] PASSED [ 63%]
2025-10-14T20:59:41.2919063Z tests/test_options.py::test_custom_type_flag_value_standalone_option[opt_params25-args25-42] PASSED [ 63%]
2025-10-14T20:59:41.2929342Z tests/test_options.py::test_custom_type_flag_value_standalone_option[opt_params26-args26-1] PASSED [ 63%]
2025-10-14T20:59:41.2939837Z tests/test_options.py::test_custom_type_flag_value_standalone_option[opt_params27-args27-42] PASSED [ 63%]
2025-10-14T20:59:41.2950544Z tests/test_options.py::test_custom_type_flag_value_standalone_option[opt_params28-args28-1] PASSED [ 64%]
2025-10-14T20:59:41.2961504Z tests/test_options.py::test_custom_type_flag_value_standalone_option[opt_params29-args29-42] PASSED [ 64%]
2025-10-14T20:59:41.2975107Z tests/test_options.py::test_custom_type_flag_value_dual_options[opt1_params0-opt2_params0-args0-None] PASSED [ 64%]
2025-10-14T20:59:41.2986815Z tests/test_options.py::test_custom_type_flag_value_dual_options[opt1_params1-opt2_params1-args1-EngineType.OSS] PASSED [ 64%]
2025-10-14T20:59:41.2998390Z tests/test_options.py::test_custom_type_flag_value_dual_options[opt1_params2-opt2_params2-args2-EngineType.PRO] PASSED [ 64%]
2025-10-14T20:59:41.3010204Z tests/test_options.py::test_custom_type_flag_value_dual_options[opt1_params3-opt2_params3-args3-'<test_options.Class1 object at 0x[0-9A-Fa-f]+>'] PASSED [ 64%]
2025-10-14T20:59:41.3021679Z tests/test_options.py::test_custom_type_flag_value_dual_options[opt1_params4-opt2_params4-args4-<class 'test_options.Class1'>] PASSED [ 64%]
2025-10-14T20:59:41.3033438Z tests/test_options.py::test_custom_type_flag_value_dual_options[opt1_params5-opt2_params5-args5-<class 'test_options.Class2'>] PASSED [ 64%]
2025-10-14T20:59:41.3046300Z tests/test_options.py::test_custom_type_flag_value_dual_options[opt1_params6-opt2_params6-args6-True] PASSED [ 64%]
2025-10-14T20:59:41.3057602Z tests/test_options.py::test_custom_type_flag_value_dual_options[opt1_params7-opt2_params7-args7-None] PASSED [ 64%]
2025-10-14T20:59:41.3069053Z tests/test_options.py::test_custom_type_flag_value_dual_options[opt1_params8-opt2_params8-args8-<test_options.Class1 object at 0x[0-9A-Fa-f]+>] PASSED [ 64%]
2025-10-14T20:59:41.3079677Z tests/test_options.py::test_custom_type_flag_value_dual_options[opt1_params9-opt2_params9-args9-Class1] PASSED [ 64%]
2025-10-14T20:59:41.3090454Z tests/test_options.py::test_custom_type_flag_value_dual_options[opt1_params10-opt2_params10-args10-Class2] PASSED [ 64%]
2025-10-14T20:59:41.3101949Z tests/test_options.py::test_custom_type_flag_value_dual_options[opt1_params11-opt2_params11-args11-'<test_options.Class1 object at 0x[0-9A-Fa-f]+>'] PASSED [ 64%]
2025-10-14T20:59:41.3115328Z tests/test_options.py::test_custom_type_flag_value_dual_options[opt1_params12-opt2_params12-args12-'<test_options.Class2 object at 0x[0-9A-Fa-f]+>'] PASSED [ 65%]
2025-10-14T20:59:41.3126519Z tests/test_options.py::test_custom_type_flag_value_dual_options[opt1_params13-opt2_params13-args13-<test_options.Class1 object at 0x[0-9A-Fa-f]+>] PASSED [ 65%]
2025-10-14T20:59:41.3138192Z tests/test_options.py::test_custom_type_flag_value_dual_options[opt1_params14-opt2_params14-args14-<test_options.Class2 object at 0x[0-9A-Fa-f]+>] PASSED [ 65%]
2025-10-14T20:59:41.3149061Z tests/test_options.py::test_custom_type_flag_value_dual_options[opt1_params15-opt2_params15-args15-1] PASSED [ 65%]
2025-10-14T20:59:41.3160686Z tests/test_options.py::test_custom_type_flag_value_dual_options[opt1_params16-opt2_params16-args16-1] PASSED [ 65%]
2025-10-14T20:59:41.3173994Z tests/test_options.py::test_custom_type_frozenset_flag_value PASSED      [ 65%]
2025-10-14T20:59:41.3183089Z tests/test_parser.py::test_split_arg_string[cli a b c-expect0] PASSED    [ 65%]
2025-10-14T20:59:41.3191120Z tests/test_parser.py::test_split_arg_string[cli 'my file-expect1] PASSED [ 65%]
2025-10-14T20:59:41.3199448Z tests/test_parser.py::test_split_arg_string[cli 'my file'-expect2] PASSED [ 65%]
2025-10-14T20:59:41.3207741Z tests/test_parser.py::test_split_arg_string[cli my\\-expect3] PASSED     [ 65%]
2025-10-14T20:59:41.3215878Z tests/test_parser.py::test_split_arg_string[cli my\\ file-expect4] PASSED [ 65%]
2025-10-14T20:59:41.3223828Z tests/test_parser.py::test_parser_default_prefixes PASSED                [ 65%]
2025-10-14T20:59:41.3233374Z tests/test_parser.py::test_parser_collects_prefixes PASSED               [ 65%]
2025-10-14T20:59:41.3247045Z tests/test_shell_completion.py::test_command PASSED                      [ 66%]
2025-10-14T20:59:41.3257355Z tests/test_shell_completion.py::test_group PASSED                        [ 66%]
2025-10-14T20:59:41.3268183Z tests/test_shell_completion.py::test_nested_group[args0--expect0] PASSED [ 66%]
2025-10-14T20:59:41.3280384Z tests/test_shell_completion.py::test_nested_group[args1--expect1] PASSED [ 66%]
2025-10-14T20:59:41.3293359Z tests/test_shell_completion.py::test_nested_group[args2--expect2] PASSED [ 66%]
2025-10-14T20:59:41.3306038Z tests/test_shell_completion.py::test_nested_group[args3---expect3] PASSED [ 66%]
2025-10-14T20:59:41.3319533Z tests/test_shell_completion.py::test_nested_group[args4--expect4] PASSED [ 66%]
2025-10-14T20:59:41.3333686Z tests/test_shell_completion.py::test_nested_group[args5---expect5] PASSED [ 66%]
2025-10-14T20:59:41.3349578Z tests/test_shell_completion.py::test_group_command_same_option PASSED    [ 66%]
2025-10-14T20:59:41.3367135Z tests/test_shell_completion.py::test_chained PASSED                      [ 66%]
2025-10-14T20:59:41.3377544Z tests/test_shell_completion.py::test_help_option PASSED                  [ 66%]
2025-10-14T20:59:41.3389488Z tests/test_shell_completion.py::test_argument_order PASSED               [ 66%]
2025-10-14T20:59:41.3399390Z tests/test_shell_completion.py::test_argument_default PASSED             [ 66%]
2025-10-14T20:59:41.3413057Z tests/test_shell_completion.py::test_type_choice PASSED                  [ 67%]
2025-10-14T20:59:41.3426235Z tests/test_shell_completion.py::test_choice_special_characters PASSED    [ 67%]
2025-10-14T20:59:41.3437906Z tests/test_shell_completion.py::test_choice_conflicting_prefix PASSED    [ 67%]
2025-10-14T20:59:41.3448889Z tests/test_shell_completion.py::test_option_count PASSED                 [ 67%]
2025-10-14T20:59:41.3458087Z tests/test_shell_completion.py::test_option_optional PASSED              [ 67%]
2025-10-14T20:59:41.3468797Z tests/test_shell_completion.py::test_path_types[type0-file] PASSED       [ 67%]
2025-10-14T20:59:41.3478869Z tests/test_shell_completion.py::test_path_types[type1-file] PASSED       [ 67%]
2025-10-14T20:59:41.3489338Z tests/test_shell_completion.py::test_path_types[type2-dir] PASSED        [ 67%]
2025-10-14T20:59:41.3499479Z tests/test_shell_completion.py::test_absolute_path PASSED                [ 67%]
2025-10-14T20:59:41.3508281Z tests/test_shell_completion.py::test_option_flag PASSED                  [ 67%]
2025-10-14T20:59:41.3517842Z tests/test_shell_completion.py::test_flag_option_with_nargs_option PASSED [ 67%]
2025-10-14T20:59:41.3527813Z tests/test_shell_completion.py::test_option_custom PASSED                [ 67%]
2025-10-14T20:59:41.3543478Z tests/test_shell_completion.py::test_option_multiple PASSED              [ 67%]
2025-10-14T20:59:41.3556084Z tests/test_shell_completion.py::test_option_nargs PASSED                 [ 67%]
2025-10-14T20:59:41.3574221Z tests/test_shell_completion.py::test_argument_nargs PASSED               [ 68%]
2025-10-14T20:59:41.3585711Z tests/test_shell_completion.py::test_double_dash PASSED                  [ 68%]
2025-10-14T20:59:41.3597851Z tests/test_shell_completion.py::test_hidden PASSED                       [ 68%]
2025-10-14T20:59:41.3606296Z tests/test_shell_completion.py::test_add_different_name PASSED           [ 68%]
2025-10-14T20:59:41.3613273Z tests/test_shell_completion.py::test_completion_item_data PASSED         [ 68%]
2025-10-14T20:59:41.3624576Z tests/test_shell_completion.py::test_full_source[bash] PASSED            [ 68%]
2025-10-14T20:59:41.3634032Z tests/test_shell_completion.py::test_full_source[zsh] PASSED             [ 68%]
2025-10-14T20:59:41.3645513Z tests/test_shell_completion.py::test_full_source[fish] PASSED            [ 68%]
2025-10-14T20:59:41.3658373Z tests/test_shell_completion.py::test_full_complete[bash-env0-plain,a\nplain,b\n] PASSED [ 68%]
2025-10-14T20:59:41.3670045Z tests/test_shell_completion.py::test_full_complete[bash-env1-plain,b\n] PASSED [ 68%]
2025-10-14T20:59:41.3682061Z tests/test_shell_completion.py::test_full_complete[zsh-env2-plain\na\n_\nplain\nb\nbee\n] PASSED [ 68%]
2025-10-14T20:59:41.3693635Z tests/test_shell_completion.py::test_full_complete[zsh-env3-plain\nb\nbee\n] PASSED [ 68%]
2025-10-14T20:59:41.3705482Z tests/test_shell_completion.py::test_full_complete[fish-env4-plain,a\nplain,b\tbee\n] PASSED [ 68%]
2025-10-14T20:59:41.3718570Z tests/test_shell_completion.py::test_full_complete[fish-env5-plain,b\tbee\n] PASSED [ 69%]
2025-10-14T20:59:41.3730374Z tests/test_shell_completion.py::test_full_complete[fish-env6-plain,b\tbee\n] PASSED [ 69%]
2025-10-14T20:59:41.3742382Z tests/test_shell_completion.py::test_zsh_full_complete_with_colons[env0-plain\na\n_\nplain\nb\nbee\nplain\nc\\:d\ncee:dee\nplain\nc:e\n_\n] PASSED [ 69%]
2025-10-14T20:59:41.3753730Z tests/test_shell_completion.py::test_zsh_full_complete_with_colons[env1-plain\nc\\:d\ncee:dee\nplain\nc:e\n_\n] PASSED [ 69%]
2025-10-14T20:59:41.3765132Z tests/test_shell_completion.py::test_zsh_full_complete_with_colons[env2-plain\nc\\:d\ncee:dee\nplain\nc:e\n_\n] PASSED [ 69%]
2025-10-14T20:59:41.3775900Z tests/test_shell_completion.py::test_context_settings PASSED             [ 69%]
2025-10-14T20:59:41.3786612Z tests/test_shell_completion.py::test_choice_case_sensitive[False-expect0] PASSED [ 69%]
2025-10-14T20:59:41.3797167Z tests/test_shell_completion.py::test_choice_case_sensitive[True-expect1] PASSED [ 69%]
2025-10-14T20:59:41.3811728Z tests/test_shell_completion.py::test_add_completion_class PASSED         [ 69%]
2025-10-14T20:59:41.3823252Z tests/test_shell_completion.py::test_add_completion_class_with_name PASSED [ 69%]
2025-10-14T20:59:41.3834713Z tests/test_shell_completion.py::test_add_completion_class_decorator PASSED [ 69%]
2025-10-14T20:59:41.3849374Z tests/test_shell_completion.py::test_files_closed PASSED                 [ 69%]
2025-10-14T20:59:41.3862028Z tests/test_termui.py::test_progressbar_strip_regression PASSED           [ 69%]
2025-10-14T20:59:41.3873987Z tests/test_termui.py::test_progressbar_length_hint PASSED                [ 70%]
2025-10-14T20:59:41.3884101Z tests/test_termui.py::test_progressbar_no_tty PASSED                     [ 70%]
2025-10-14T20:59:41.3894796Z tests/test_termui.py::test_progressbar_hidden_manual PASSED              [ 70%]
2025-10-14T20:59:41.3904525Z tests/test_termui.py::test_progressbar_time_per_iteration[avg0-0.0] PASSED [ 70%]
2025-10-14T20:59:41.3914622Z tests/test_termui.py::test_progressbar_time_per_iteration[avg1-2.5] PASSED [ 70%]
2025-10-14T20:59:41.3923223Z tests/test_termui.py::test_progressbar_eta[False-5] PASSED               [ 70%]
2025-10-14T20:59:41.3931485Z tests/test_termui.py::test_progressbar_eta[True-0] PASSED                [ 70%]
2025-10-14T20:59:41.3940179Z tests/test_termui.py::test_progressbar_format_eta[0-00:00:00] PASSED     [ 70%]
2025-10-14T20:59:41.3948637Z tests/test_termui.py::test_progressbar_format_eta[30-00:00:30] PASSED    [ 70%]
2025-10-14T20:59:41.3957234Z tests/test_termui.py::test_progressbar_format_eta[90-00:01:30] PASSED    [ 70%]
2025-10-14T20:59:41.3965833Z tests/test_termui.py::test_progressbar_format_eta[900-00:15:00] PASSED   [ 70%]
2025-10-14T20:59:41.3974019Z tests/test_termui.py::test_progressbar_format_eta[9000-02:30:00] PASSED  [ 70%]
2025-10-14T20:59:41.3982541Z tests/test_termui.py::test_progressbar_format_eta[99999999999-1157407d 09:46:39] PASSED [ 70%]
2025-10-14T20:59:41.3991186Z tests/test_termui.py::test_progressbar_format_eta[None-] PASSED          [ 70%]
2025-10-14T20:59:41.3999616Z tests/test_termui.py::test_progressbar_format_pos[0-5] PASSED            [ 71%]
2025-10-14T20:59:41.4008067Z tests/test_termui.py::test_progressbar_format_pos[-1-1] PASSED           [ 71%]
2025-10-14T20:59:41.4016421Z tests/test_termui.py::test_progressbar_format_pos[5-5] PASSED            [ 71%]
2025-10-14T20:59:41.4025123Z tests/test_termui.py::test_progressbar_format_pos[6-5] PASSED            [ 71%]
2025-10-14T20:59:41.4033211Z tests/test_termui.py::test_progressbar_format_pos[4-0] PASSED            [ 71%]
2025-10-14T20:59:41.4042493Z tests/test_termui.py::test_progressbar_format_bar[8-False-7-0-#######-] PASSED [ 71%]
2025-10-14T20:59:41.4051846Z tests/test_termui.py::test_progressbar_format_bar[0-True-8-0-########] PASSED [ 71%]
2025-10-14T20:59:41.4062087Z tests/test_termui.py::test_progressbar_format_progress_line[0-True-True-0-  [--------]  0/0    0%] PASSED [ 71%]
2025-10-14T20:59:41.4071556Z tests/test_termui.py::test_progressbar_format_progress_line[0-False-True-0-  [--------]  0/0] PASSED [ 71%]
2025-10-14T20:59:41.4080899Z tests/test_termui.py::test_progressbar_format_progress_line[0-False-False-0-  [--------]0] PASSED [ 71%]
2025-10-14T20:59:41.4092011Z tests/test_termui.py::test_progressbar_format_progress_line[0-False-False-0-  [--------]1] PASSED [ 71%]
2025-10-14T20:59:41.4101568Z tests/test_termui.py::test_progressbar_format_progress_line[8-True-True-8-  [########]  8/8  100%] PASSED [ 71%]
2025-10-14T20:59:41.4109875Z tests/test_termui.py::test_progressbar_format_progress_line_with_show_func[test] PASSED [ 71%]
2025-10-14T20:59:41.4118385Z tests/test_termui.py::test_progressbar_format_progress_line_with_show_func[None] PASSED [ 72%]
2025-10-14T20:59:41.4126686Z tests/test_termui.py::test_progressbar_init_exceptions PASSED            [ 72%]
2025-10-14T20:59:41.4134881Z tests/test_termui.py::test_progressbar_iter_outside_with_exceptions PASSED [ 72%]
2025-10-14T20:59:41.4147086Z tests/test_termui.py::test_progressbar_is_iterator PASSED                [ 72%]
2025-10-14T20:59:41.4160583Z tests/test_termui.py::test_choices_list_in_prompt PASSED                 [ 72%]
2025-10-14T20:59:41.4172547Z tests/test_termui.py::test_file_prompt_default_format[file_kwargs0] PASSED [ 72%]
2025-10-14T20:59:41.4183733Z tests/test_termui.py::test_file_prompt_default_format[file_kwargs1] PASSED [ 72%]
2025-10-14T20:59:41.4196393Z tests/test_termui.py::test_file_prompt_default_format[file_kwargs2] PASSED [ 72%]
2025-10-14T20:59:41.4204171Z tests/test_termui.py::test_secho PASSED                                  [ 72%]
2025-10-14T20:59:41.4212744Z tests/test_termui.py::test_secho_non_text[123-\x1b[45m123\x1b[0m] PASSED [ 72%]
2025-10-14T20:59:41.4221547Z tests/test_termui.py::test_secho_non_text[test-test] PASSED              [ 72%]
2025-10-14T20:59:41.4229717Z tests/test_termui.py::test_progressbar_yields_all_items PASSED           [ 72%]
2025-10-14T20:59:41.4241228Z tests/test_termui.py::test_progressbar_update PASSED                     [ 72%]
2025-10-14T20:59:41.4252502Z tests/test_termui.py::test_progressbar_item_show_func PASSED             [ 73%]
2025-10-14T20:59:41.4263278Z tests/test_termui.py::test_progressbar_update_with_item_show_func PASSED [ 73%]
2025-10-14T20:59:41.4271206Z tests/test_termui.py::test_progress_bar_update_min_steps PASSED          [ 73%]
2025-10-14T20:59:41.4278719Z tests/test_termui.py::test_getchar_windows[True-h] SKIPPED (Tests us...) [ 73%]
2025-10-14T20:59:41.4285492Z tests/test_termui.py::test_getchar_windows[True-H] SKIPPED (Tests us...) [ 73%]
2025-10-14T20:59:41.4291891Z tests/test_termui.py::test_getchar_windows[True-\xe9] SKIPPED (Tests...) [ 73%]
2025-10-14T20:59:41.4298607Z tests/test_termui.py::test_getchar_windows[True-\xc0] SKIPPED (Tests...) [ 73%]
2025-10-14T20:59:41.4307219Z tests/test_termui.py::test_getchar_windows[True- ] SKIPPED (Tests us...) [ 73%]
2025-10-14T20:59:41.4314039Z tests/test_termui.py::test_getchar_windows[True-\u5b57] SKIPPED (Tes...) [ 73%]
2025-10-14T20:59:41.4320443Z tests/test_termui.py::test_getchar_windows[True-\xe0H] SKIPPED (Test...) [ 73%]
2025-10-14T20:59:41.4327060Z tests/test_termui.py::test_getchar_windows[True-\xe0R] SKIPPED (Test...) [ 73%]
2025-10-14T20:59:41.4333539Z tests/test_termui.py::test_getchar_windows[False-h] SKIPPED (Tests u...) [ 73%]
2025-10-14T20:59:41.4339925Z tests/test_termui.py::test_getchar_windows[False-H] SKIPPED (Tests u...) [ 73%]
2025-10-14T20:59:41.4347024Z tests/test_termui.py::test_getchar_windows[False-\xe9] SKIPPED (Test...) [ 74%]
2025-10-14T20:59:41.4354133Z tests/test_termui.py::test_getchar_windows[False-\xc0] SKIPPED (Test...) [ 74%]
2025-10-14T20:59:41.4360848Z tests/test_termui.py::test_getchar_windows[False- ] SKIPPED (Tests u...) [ 74%]
2025-10-14T20:59:41.4367904Z tests/test_termui.py::test_getchar_windows[False-\u5b57] SKIPPED (Te...) [ 74%]
2025-10-14T20:59:41.4376547Z tests/test_termui.py::test_getchar_windows[False-\xe0H] SKIPPED (Tes...) [ 74%]
2025-10-14T20:59:41.4383522Z tests/test_termui.py::test_getchar_windows[False-\xe0R] SKIPPED (Tes...) [ 74%]
2025-10-14T20:59:41.4389811Z tests/test_termui.py::test_getchar_special_key_windows[\x00-a] SKIPPED   [ 74%]
2025-10-14T20:59:41.4395909Z tests/test_termui.py::test_getchar_special_key_windows[\x00-b] SKIPPED   [ 74%]
2025-10-14T20:59:41.4401942Z tests/test_termui.py::test_getchar_special_key_windows[\xe0-c] SKIPPED   [ 74%]
2025-10-14T20:59:41.4408550Z tests/test_termui.py::test_getchar_windows_exceptions[\x03-KeyboardInterrupt] SKIPPED [ 74%]
2025-10-14T20:59:41.4415028Z tests/test_termui.py::test_getchar_windows_exceptions[\x1a-EOFError] SKIPPED [ 74%]
2025-10-14T20:59:41.5074143Z tests/test_termui.py::test_fast_edit PASSED                              [ 74%]
2025-10-14T20:59:41.5105234Z tests/test_termui.py::test_edit PASSED                                   [ 74%]
2025-10-14T20:59:41.5118174Z tests/test_termui.py::test_prompt_required_with_required[True-False-None-prompt] PASSED [ 74%]
2025-10-14T20:59:41.5131126Z tests/test_termui.py::test_prompt_required_with_required[True-False-args1-Option '-v' requires an argument.] PASSED [ 75%]
2025-10-14T20:59:41.5142285Z tests/test_termui.py::test_prompt_required_with_required[False-True-None-prompt] PASSED [ 75%]
2025-10-14T20:59:41.5154340Z tests/test_termui.py::test_prompt_required_with_required[False-True-args3-prompt] PASSED [ 75%]
2025-10-14T20:59:41.5165214Z tests/test_termui.py::test_prompt_required_false[no flag] PASSED         [ 75%]
2025-10-14T20:59:41.5176522Z tests/test_termui.py::test_prompt_required_false[short sep value] PASSED [ 75%]
2025-10-14T20:59:41.5187423Z tests/test_termui.py::test_prompt_required_false[long sep value] PASSED  [ 75%]
2025-10-14T20:59:41.5198794Z tests/test_termui.py::test_prompt_required_false[short join value] PASSED [ 75%]
2025-10-14T20:59:41.5209728Z tests/test_termui.py::test_prompt_required_false[long join value] PASSED [ 75%]
2025-10-14T20:59:41.5223054Z tests/test_termui.py::test_prompt_required_false[short no value] PASSED  [ 75%]
2025-10-14T20:59:41.5233820Z tests/test_termui.py::test_prompt_required_false[long no value] PASSED   [ 75%]
2025-10-14T20:59:41.5245977Z tests/test_termui.py::test_prompt_required_false[no value opt] PASSED    [ 75%]
2025-10-14T20:59:41.5257886Z tests/test_termui.py::test_confirmation_prompt[True-password\npassword-None-password] PASSED [ 75%]
2025-10-14T20:59:41.5269429Z tests/test_termui.py::test_confirmation_prompt[Confirm Password-password\npassword\n-None-password] PASSED [ 75%]
2025-10-14T20:59:41.5281212Z tests/test_termui.py::test_confirmation_prompt[True-\n\n--] PASSED       [ 76%]
2025-10-14T20:59:41.5293033Z tests/test_termui.py::test_confirmation_prompt[False-None-None-None] PASSED [ 76%]
2025-10-14T20:59:41.5303140Z tests/test_termui.py::test_false_show_default_cause_no_default_display_in_prompt PASSED [ 76%]
2025-10-14T20:59:41.5315197Z tests/test_termui.py::test_flag_value_prompt[--flag/--no-flag-opt_params0-args0-[y/N]-y-True] PASSED [ 76%]
2025-10-14T20:59:41.5326729Z tests/test_termui.py::test_flag_value_prompt[--flag/--no-flag-opt_params1-args1-[y/N]-n-False] PASSED [ 76%]
2025-10-14T20:59:41.5338415Z tests/test_termui.py::test_flag_value_prompt[--flag/--no-flag-opt_params2-args2-[y/N]--False] PASSED [ 76%]
2025-10-14T20:59:41.5350393Z tests/test_termui.py::test_flag_value_prompt[--flag/--no-flag-opt_params3-args3-[Y/n]--True] PASSED [ 76%]
2025-10-14T20:59:41.5362211Z tests/test_termui.py::test_flag_value_prompt[--flag/--no-flag-opt_params4-args4-[Y/n]-y-True] PASSED [ 76%]
2025-10-14T20:59:41.5374746Z tests/test_termui.py::test_flag_value_prompt[--flag/--no-flag-opt_params5-args5-[Y/n]-n-False] PASSED [ 76%]
2025-10-14T20:59:41.5386099Z tests/test_termui.py::test_flag_value_prompt[--flag/--no-flag-opt_params6-args6-[y/N]--False] PASSED [ 76%]
2025-10-14T20:59:41.5397810Z tests/test_termui.py::test_flag_value_prompt[--flag/--no-flag-opt_params7-args7-[y/N]-y-True] PASSED [ 76%]
2025-10-14T20:59:41.5409482Z tests/test_termui.py::test_flag_value_prompt[--flag/--no-flag-opt_params8-args8-[y/N]-n-False] PASSED [ 76%]
2025-10-14T20:59:41.5421117Z tests/test_termui.py::test_flag_value_prompt[--flag/--no-flag-opt_params9-args9-[y/n]-y-True] PASSED [ 76%]
2025-10-14T20:59:41.5432683Z tests/test_termui.py::test_flag_value_prompt[--flag/--no-flag-opt_params10-args10-[y/n]-n-False] PASSED [ 77%]
2025-10-14T20:59:41.5444557Z tests/test_termui.py::test_flag_value_prompt[--flag/--no-flag-opt_params11-args11-[Y/n]--True] PASSED [ 77%]
2025-10-14T20:59:41.5456161Z tests/test_termui.py::test_flag_value_prompt[--flag/--no-flag-opt_params12-args12-[Y/n]-y-True] PASSED [ 77%]
2025-10-14T20:59:41.5467589Z tests/test_termui.py::test_flag_value_prompt[--flag/--no-flag-opt_params13-args13-[Y/n]-n-False] PASSED [ 77%]
2025-10-14T20:59:41.5479088Z tests/test_termui.py::test_flag_value_prompt[--flag/--no-flag-opt_params14-args14-None-None-MissingParameter] PASSED [ 77%]
2025-10-14T20:59:41.5490556Z tests/test_termui.py::test_flag_value_prompt[--flag/--no-flag-opt_params15-args15-None-None-True] PASSED [ 77%]
2025-10-14T20:59:41.5503203Z tests/test_termui.py::test_flag_value_prompt[--flag/--no-flag-opt_params16-args16-None-None-False] PASSED [ 77%]
2025-10-14T20:59:41.5514576Z tests/test_termui.py::test_flag_value_prompt[--flag/--no-flag-opt_params17-args17-None-None-None] PASSED [ 77%]
2025-10-14T20:59:41.5526242Z tests/test_termui.py::test_flag_value_prompt[--flag/--no-flag-opt_params18-args18-None-None-True] PASSED [ 77%]
2025-10-14T20:59:41.5537591Z tests/test_termui.py::test_flag_value_prompt[--flag/--no-flag-opt_params19-args19-None-None-False] PASSED [ 77%]
2025-10-14T20:59:41.5549363Z tests/test_termui.py::test_flag_value_prompt[--flag/--no-flag-opt_params20-args20-None-None-BadParameter] PASSED [ 77%]
2025-10-14T20:59:41.5560484Z tests/test_termui.py::test_flag_value_prompt[--flag/--no-flag-opt_params21-args21-None-None-True] PASSED [ 77%]
2025-10-14T20:59:41.5571809Z tests/test_termui.py::test_flag_value_prompt[--flag/--no-flag-opt_params22-args22-None-None-False] PASSED [ 77%]
2025-10-14T20:59:41.5583083Z tests/test_termui.py::test_flag_value_prompt[--flag/--no-flag-opt_params23-args23-None-None-True] PASSED [ 77%]
2025-10-14T20:59:41.5594171Z tests/test_termui.py::test_flag_value_prompt[--flag/--no-flag-opt_params24-args24-None-None-False] PASSED [ 78%]
2025-10-14T20:59:41.5605380Z tests/test_termui.py::test_flag_value_prompt[--flag/--no-flag-opt_params25-args25-None-None-True] PASSED [ 78%]
2025-10-14T20:59:41.5616362Z tests/test_termui.py::test_flag_value_prompt[--flag/--no-flag-opt_params26-args26-None-None-False] PASSED [ 78%]
2025-10-14T20:59:41.5627601Z tests/test_termui.py::test_flag_value_prompt[--flag/--no-flag-opt_params27-args27-None-None-True] PASSED [ 78%]
2025-10-14T20:59:41.5638762Z tests/test_termui.py::test_flag_value_prompt[--flag/--no-flag-opt_params28-args28-None-None-False] PASSED [ 78%]
2025-10-14T20:59:41.5650179Z tests/test_termui.py::test_flag_value_prompt[--flag/--no-flag-opt_params29-args29-None-None-True] PASSED [ 78%]
2025-10-14T20:59:41.5661441Z tests/test_termui.py::test_flag_value_prompt[--flag/--no-flag-opt_params30-args30-None-None-False] PASSED [ 78%]
2025-10-14T20:59:41.5672583Z tests/test_termui.py::test_flag_value_prompt[--flag/--no-flag-opt_params31-args31-None-None-True] PASSED [ 78%]
2025-10-14T20:59:41.5684270Z tests/test_termui.py::test_flag_value_prompt[--flag/--no-flag-opt_params32-args32-None-None-False] PASSED [ 78%]
2025-10-14T20:59:41.5695430Z tests/test_termui.py::test_flag_value_prompt[--flag/--no-flag-opt_params33-args33-None-None-True] PASSED [ 78%]
2025-10-14T20:59:41.5706942Z tests/test_termui.py::test_flag_value_prompt[--flag/--no-flag-opt_params34-args34-None-None-False] PASSED [ 78%]
2025-10-14T20:59:41.5717970Z tests/test_termui.py::test_flag_value_prompt[--flag/--no-flag-opt_params35-args35-None-None-True] PASSED [ 78%]
2025-10-14T20:59:41.5729259Z tests/test_termui.py::test_flag_value_prompt[--flag/--no-flag-opt_params36-args36-None-None-False] PASSED [ 78%]
2025-10-14T20:59:41.5741844Z tests/test_termui.py::test_flag_value_prompt[--flag/--no-flag-opt_params37-args37-None-None-True] PASSED [ 79%]
2025-10-14T20:59:41.5753451Z tests/test_termui.py::test_flag_value_prompt[--flag/--no-flag-opt_params38-args38-None-None-False] PASSED [ 79%]
2025-10-14T20:59:41.5764929Z tests/test_termui.py::test_flag_value_prompt[--flag/--no-flag-opt_params39-args39-None-None-True] PASSED [ 79%]
2025-10-14T20:59:41.5776145Z tests/test_termui.py::test_flag_value_prompt[--flag/--no-flag-opt_params40-args40-None-None-False] PASSED [ 79%]
2025-10-14T20:59:41.5787889Z tests/test_termui.py::test_flag_value_prompt[--flag-opt_params41-args41---expected41] PASSED [ 79%]
2025-10-14T20:59:41.5800328Z tests/test_termui.py::test_flag_value_prompt[--flag-opt_params42-args42--y-y] PASSED [ 79%]
2025-10-14T20:59:41.5812676Z tests/test_termui.py::test_flag_value_prompt[--flag-opt_params43-args43--n-n] PASSED [ 79%]
2025-10-14T20:59:41.5824676Z tests/test_termui.py::test_flag_value_prompt[--flag-opt_params44-args44--foo-foo] PASSED [ 79%]
2025-10-14T20:59:41.5836460Z tests/test_termui.py::test_flag_value_prompt[--flag-opt_params45-args45-[y/N]--False] PASSED [ 79%]
2025-10-14T20:59:41.5848375Z tests/test_termui.py::test_flag_value_prompt[--flag-opt_params46-args46-[y/N]-y-True] PASSED [ 79%]
2025-10-14T20:59:41.5860481Z tests/test_termui.py::test_flag_value_prompt[--flag-opt_params47-args47-[y/N]-n-False] PASSED [ 79%]
2025-10-14T20:59:41.5872306Z tests/test_termui.py::test_flag_value_prompt[--flag-opt_params48-args48-[y/N]--False] PASSED [ 79%]
2025-10-14T20:59:41.5884121Z tests/test_termui.py::test_flag_value_prompt[--flag-opt_params49-args49-[y/N]-y-True] PASSED [ 79%]
2025-10-14T20:59:41.5895860Z tests/test_termui.py::test_flag_value_prompt[--flag-opt_params50-args50-[y/N]-n-False] PASSED [ 80%]
2025-10-14T20:59:41.5907512Z tests/test_termui.py::test_flag_value_prompt[--flag-opt_params51-args51---expected51] PASSED [ 80%]
2025-10-14T20:59:41.5920941Z tests/test_termui.py::test_flag_value_prompt[--flag-opt_params52-args52--y-y] PASSED [ 80%]
2025-10-14T20:59:41.5932761Z tests/test_termui.py::test_flag_value_prompt[--flag-opt_params53-args53--n-n] PASSED [ 80%]
2025-10-14T20:59:41.5944894Z tests/test_termui.py::test_flag_value_prompt[--flag-opt_params54-args54---expected54] PASSED [ 80%]
2025-10-14T20:59:41.5956795Z tests/test_termui.py::test_flag_value_prompt[--flag-opt_params55-args55--y-y] PASSED [ 80%]
2025-10-14T20:59:41.5968654Z tests/test_termui.py::test_flag_value_prompt[--flag-opt_params56-args56--n-n] PASSED [ 80%]
2025-10-14T20:59:41.5981033Z tests/test_termui.py::test_flag_value_prompt[--flag-opt_params57-args57-[Y/n]--True] PASSED [ 80%]
2025-10-14T20:59:41.5993175Z tests/test_termui.py::test_flag_value_prompt[--flag-opt_params58-args58-[Y/n]-y-True] PASSED [ 80%]
2025-10-14T20:59:41.6006254Z tests/test_termui.py::test_flag_value_prompt[--flag-opt_params59-args59-[Y/n]-n-False] PASSED [ 80%]
2025-10-14T20:59:41.6018980Z tests/test_termui.py::test_flag_value_prompt[--flag-opt_params60-args60-[y/N]--False] PASSED [ 80%]
2025-10-14T20:59:41.6030907Z tests/test_termui.py::test_flag_value_prompt[--flag-opt_params61-args61-[y/N]-y-True] PASSED [ 80%]
2025-10-14T20:59:41.6046092Z tests/test_termui.py::test_flag_value_prompt[--flag-opt_params62-args62-[y/N]-n-False] PASSED [ 80%]
2025-10-14T20:59:41.6058579Z tests/test_termui.py::test_flag_value_prompt[--flag-opt_params63-args63-[y/N]--False] PASSED [ 80%]
2025-10-14T20:59:41.6070789Z tests/test_termui.py::test_flag_value_prompt[--flag-opt_params64-args64-[y/N]-y-True] PASSED [ 81%]
2025-10-14T20:59:41.6083530Z tests/test_termui.py::test_flag_value_prompt[--flag-opt_params65-args65-[y/N]-n-False] PASSED [ 81%]
2025-10-14T20:59:41.6099554Z tests/test_termui.py::test_flag_value_prompt[--flag-opt_params66-args66-[y/N]--False] PASSED [ 81%]
2025-10-14T20:59:41.6114267Z tests/test_termui.py::test_flag_value_prompt[--flag-opt_params67-args67-[y/N]-y-True] PASSED [ 81%]
2025-10-14T20:59:41.6128495Z tests/test_termui.py::test_flag_value_prompt[--flag-opt_params68-args68-[y/N]-n-False] PASSED [ 81%]
2025-10-14T20:59:41.6141182Z tests/test_termui.py::test_flag_value_prompt[--flag-opt_params69-args69-[y/n]--expected69] PASSED [ 81%]
2025-10-14T20:59:41.6154914Z tests/test_termui.py::test_flag_value_prompt[--flag-opt_params70-args70-[y/n]-y-True] PASSED [ 81%]
2025-10-14T20:59:41.6166783Z tests/test_termui.py::test_flag_value_prompt[--flag-opt_params71-args71-[y/n]-n-False] PASSED [ 81%]
2025-10-14T20:59:41.6179064Z tests/test_termui.py::test_flag_value_prompt[--flag-opt_params72-args72-[y/n]--expected72] PASSED [ 81%]
2025-10-14T20:59:41.6190902Z tests/test_termui.py::test_flag_value_prompt[--flag-opt_params73-args73-[y/n]-y-True] PASSED [ 81%]
2025-10-14T20:59:41.6203823Z tests/test_termui.py::test_flag_value_prompt[--flag-opt_params74-args74-[y/n]-n-False] PASSED [ 81%]
2025-10-14T20:59:41.6215052Z tests/test_termui.py::test_flag_value_prompt[--flag-opt_params75-args75---expected75] PASSED [ 81%]
2025-10-14T20:59:41.6226907Z tests/test_termui.py::test_flag_value_prompt[--flag-opt_params76-args76--y-y] PASSED [ 81%]
2025-10-14T20:59:41.6238457Z tests/test_termui.py::test_flag_value_prompt[--flag-opt_params77-args77--n-n] PASSED [ 82%]
2025-10-14T20:59:41.6250468Z tests/test_termui.py::test_flag_value_prompt[--flag-opt_params78-args78-[False]--False] PASSED [ 82%]
2025-10-14T20:59:41.6261935Z tests/test_termui.py::test_flag_value_prompt[--flag-opt_params79-args79-[False]-y-y] PASSED [ 82%]
2025-10-14T20:59:41.6274046Z tests/test_termui.py::test_flag_value_prompt[--flag-opt_params80-args80-[False]-n-n] PASSED [ 82%]
2025-10-14T20:59:41.6286859Z tests/test_termui.py::test_flag_value_prompt[--flag-opt_params81-args81---expected81] PASSED [ 82%]
2025-10-14T20:59:41.6299047Z tests/test_termui.py::test_flag_value_prompt[--flag-opt_params82-args82--y-y] PASSED [ 82%]
2025-10-14T20:59:41.6311460Z tests/test_termui.py::test_flag_value_prompt[--flag-opt_params83-args83--n-n] PASSED [ 82%]
2025-10-14T20:59:41.6320957Z tests/test_testing.py::test_runner PASSED                                [ 82%]
2025-10-14T20:59:41.6330476Z tests/test_testing.py::test_echo_stdin_stream PASSED                     [ 82%]
2025-10-14T20:59:41.6348664Z tests/test_testing.py::test_echo_stdin_prompts PASSED                    [ 82%]
2025-10-14T20:59:41.6359230Z tests/test_testing.py::test_runner_with_stream PASSED                    [ 82%]
2025-10-14T20:59:41.6373205Z tests/test_testing.py::test_prompts PASSED                               [ 82%]
2025-10-14T20:59:41.6387016Z tests/test_testing.py::test_getchar PASSED                               [ 82%]
2025-10-14T20:59:41.6398626Z tests/test_testing.py::test_catch_exceptions PASSED                      [ 83%]
2025-10-14T20:59:41.6408947Z tests/test_testing.py::test_catch_exceptions_cli_runner PASSED           [ 83%]
2025-10-14T20:59:41.6419236Z tests/test_testing.py::test_with_color PASSED                            [ 83%]
2025-10-14T20:59:41.6432618Z tests/test_testing.py::test_with_color_errors PASSED                     [ 83%]
2025-10-14T20:59:41.6441043Z tests/test_testing.py::test_with_color_but_pause_not_blocking PASSED     [ 83%]
2025-10-14T20:59:41.6461060Z tests/test_testing.py::test_exit_code_and_output_from_sys_exit PASSED    [ 83%]
2025-10-14T20:59:41.6471570Z tests/test_testing.py::test_env PASSED                                   [ 83%]
2025-10-14T20:59:41.6484731Z tests/test_testing.py::test_stderr PASSED                                [ 83%]
2025-10-14T20:59:41.6495066Z tests/test_testing.py::test_args[None-bar\n] PASSED                      [ 83%]
2025-10-14T20:59:41.6506097Z tests/test_testing.py::test_args[args1-bar\n] PASSED                     [ 83%]
2025-10-14T20:59:41.6516223Z tests/test_testing.py::test_args[-bar\n] PASSED                          [ 83%]
2025-10-14T20:59:41.6526686Z tests/test_testing.py::test_args[args3-one two\n] PASSED                 [ 83%]
2025-10-14T20:59:41.6537574Z tests/test_testing.py::test_args[--foo "one two"-one two\n] PASSED       [ 83%]
2025-10-14T20:59:41.6546665Z tests/test_testing.py::test_setting_prog_name_in_extra PASSED            [ 83%]
2025-10-14T20:59:41.6557539Z tests/test_testing.py::test_command_standalone_mode_returns_value PASSED [ 84%]
2025-10-14T20:59:41.6567718Z tests/test_testing.py::test_file_stdin_attrs PASSED                      [ 84%]
2025-10-14T20:59:41.6577238Z tests/test_testing.py::test_isolated_runner PASSED                       [ 84%]
2025-10-14T20:59:41.6589197Z tests/test_testing.py::test_isolated_runner_custom_tempdir PASSED        [ 84%]
2025-10-14T20:59:41.6596846Z tests/test_testing.py::test_isolation_stderr_errors PASSED               [ 84%]
2025-10-14T20:59:41.6606360Z tests/test_testing.py::test_isolation_flushes_unflushed_stderr PASSED    [ 84%]
2025-10-14T20:59:41.6614489Z tests/test_types.py::test_range[type0-3-3] PASSED                        [ 84%]
2025-10-14T20:59:41.6622209Z tests/test_types.py::test_range[type1-5-5] PASSED                        [ 84%]
2025-10-14T20:59:41.6630469Z tests/test_types.py::test_range[type2-100-100] PASSED                    [ 84%]
2025-10-14T20:59:41.6638331Z tests/test_types.py::test_range[type3-5-5] PASSED                        [ 84%]
2025-10-14T20:59:41.6646101Z tests/test_types.py::test_range[type4--100--100] PASSED                  [ 84%]
2025-10-14T20:59:41.6653777Z tests/test_types.py::test_range[type5--1-0] PASSED                       [ 84%]
2025-10-14T20:59:41.6661297Z tests/test_types.py::test_range[type6-6-5] PASSED                        [ 84%]
2025-10-14T20:59:41.6669027Z tests/test_types.py::test_range[type7-0-1] PASSED                        [ 85%]
2025-10-14T20:59:41.6676331Z tests/test_types.py::test_range[type8-5-4] PASSED                        [ 85%]
2025-10-14T20:59:41.6683696Z tests/test_types.py::test_range[type9-1.2-1.2] PASSED                    [ 85%]
2025-10-14T20:59:41.6691537Z tests/test_types.py::test_range[type10-0.51-0.51] PASSED                 [ 85%]
2025-10-14T20:59:41.6700033Z tests/test_types.py::test_range[type11-1.49-1.49] PASSED                 [ 85%]
2025-10-14T20:59:41.6708232Z tests/test_types.py::test_range[type12--0.0-0.5] PASSED                  [ 85%]
2025-10-14T20:59:41.6716298Z tests/test_types.py::test_range[type13-inf-1.5] PASSED                   [ 85%]
2025-10-14T20:59:41.6725661Z tests/test_types.py::test_range_fail[type0-6-6 is not in the range 0<=x<=5.] PASSED [ 85%]
2025-10-14T20:59:41.6734858Z tests/test_types.py::test_range_fail[type1-4-4 is not in the range x>=5.] PASSED [ 85%]
2025-10-14T20:59:41.6743800Z tests/test_types.py::test_range_fail[type2-6-6 is not in the range x<=5.] PASSED [ 85%]
2025-10-14T20:59:41.6754890Z tests/test_types.py::test_range_fail[type3-0-0<x<=5] PASSED              [ 85%]
2025-10-14T20:59:41.6763812Z tests/test_types.py::test_range_fail[type4-5-0<=x<5] PASSED              [ 85%]
2025-10-14T20:59:41.6772727Z tests/test_types.py::test_range_fail[type5-0.5-x>0.5] PASSED             [ 85%]
2025-10-14T20:59:41.6781928Z tests/test_types.py::test_range_fail[type6-1.5-x<1.5] PASSED             [ 86%]
2025-10-14T20:59:41.6789555Z tests/test_types.py::test_float_range_no_clamp_open PASSED               [ 86%]
2025-10-14T20:59:41.6801927Z tests/test_types.py::test_cast_multi_default[2-False-None-None] PASSED   [ 86%]
2025-10-14T20:59:41.6814345Z tests/test_types.py::test_cast_multi_default[2-False-default1-expect1] PASSED [ 86%]
2025-10-14T20:59:41.6825399Z tests/test_types.py::test_cast_multi_default[None-True-None-expect2] PASSED [ 86%]
2025-10-14T20:59:41.6836649Z tests/test_types.py::test_cast_multi_default[None-True-default3-expect3] PASSED [ 86%]
2025-10-14T20:59:41.6847788Z tests/test_types.py::test_cast_multi_default[2-True-None-expect4] PASSED [ 86%]
2025-10-14T20:59:41.6859194Z tests/test_types.py::test_cast_multi_default[2-True-default5-expect5] PASSED [ 86%]
2025-10-14T20:59:41.6870052Z tests/test_types.py::test_cast_multi_default[-1-None-None-expect6] PASSED [ 86%]
2025-10-14T20:59:41.6881994Z tests/test_types.py::test_path_type[None-a/b/c.txt] PASSED               [ 86%]
2025-10-14T20:59:41.6893092Z tests/test_types.py::test_path_type[str-a/b/c.txt] PASSED                [ 86%]
2025-10-14T20:59:41.6904502Z tests/test_types.py::test_path_type[bytes-a/b/c.txt] PASSED              [ 86%]
2025-10-14T20:59:41.6915591Z tests/test_types.py::test_path_type[Path-expect3] PASSED                 [ 86%]
2025-10-14T20:59:41.6970038Z tests/test_types.py::test_path_resolve_symlink PASSED                    [ 87%]
2025-10-14T20:59:41.6977853Z tests/test_types.py::test_path_surrogates PASSED                         [ 87%]
2025-10-14T20:59:41.6978796Z tests/test_types.py::test_file_surrogates[type0] PASSED                  [ 87%]
2025-10-14T20:59:41.6984356Z tests/test_types.py::test_file_surrogates[type1] PASSED                  [ 87%]
2025-10-14T20:59:41.6992667Z tests/test_types.py::test_file_error_surrogates PASSED                   [ 87%]
2025-10-14T20:59:41.7002405Z tests/test_types.py::test_invalid_path_with_esc_sequence PASSED          [ 87%]
2025-10-14T20:59:41.7010644Z tests/test_types.py::test_choice_get_invalid_choice_message PASSED       [ 87%]
2025-10-14T20:59:41.7018717Z tests/test_types.py::test_email_valid[user@example.com] PASSED           [ 87%]
2025-10-14T20:59:41.7026299Z tests/test_types.py::test_email_valid[test.email@domain.org] PASSED      [ 87%]
2025-10-14T20:59:41.7033351Z tests/test_types.py::test_email_valid[user+tag@example.co.uk] PASSED     [ 87%]
2025-10-14T20:59:41.7040492Z tests/test_types.py::test_email_valid[firstname.lastname@company.com] PASSED [ 87%]
2025-10-14T20:59:41.7047927Z tests/test_types.py::test_email_valid[user123@test-domain.com] PASSED    [ 87%]
2025-10-14T20:59:41.7063255Z tests/test_types.py::test_email_valid[a@b.co] PASSED                     [ 87%]
2025-10-14T20:59:41.7070285Z tests/test_types.py::test_email_valid[user_name@example-site.org] PASSED [ 87%]
2025-10-14T20:59:41.7077692Z tests/test_types.py::test_email_valid[test@sub.domain.com] PASSED        [ 88%]
2025-10-14T20:59:41.7086542Z tests/test_types.py::test_email_invalid[invalid] PASSED                  [ 88%]
2025-10-14T20:59:41.7094832Z tests/test_types.py::test_email_invalid[@example.com] PASSED             [ 88%]
2025-10-14T20:59:41.7102757Z tests/test_types.py::test_email_invalid[user@] PASSED                    [ 88%]
2025-10-14T20:59:41.7110910Z tests/test_types.py::test_email_invalid[user@.com] PASSED                [ 88%]
2025-10-14T20:59:41.7118996Z tests/test_types.py::test_email_invalid[user@domain] PASSED              [ 88%]
2025-10-14T20:59:41.7126981Z tests/test_types.py::test_email_invalid[user space@example.com] PASSED   [ 88%]
2025-10-14T20:59:41.7184991Z tests/test_types.py::test_email_invalid[user@domain..com] FAILED         [ 88%]
2025-10-14T20:59:41.7193612Z tests/test_types.py::test_email_invalid[user@@example.com] PASSED        [ 88%]
2025-10-14T20:59:41.7201573Z tests/test_types.py::test_email_invalid[] PASSED                         [ 88%]
2025-10-14T20:59:41.7210005Z tests/test_types.py::test_email_invalid[user@domain.c] PASSED            [ 88%]
2025-10-14T20:59:41.7261439Z tests/test_types.py::test_email_invalid[.user@example.com] FAILED        [ 88%]
2025-10-14T20:59:41.7315876Z tests/test_types.py::test_email_invalid[user.@example.com] FAILED        [ 88%]
2025-10-14T20:59:41.7322198Z tests/test_types.py::test_email_strips_whitespace PASSED                 [ 89%]
2025-10-14T20:59:41.7329804Z tests/test_types.py::test_email_converts_non_string PASSED               [ 89%]
2025-10-14T20:59:41.7336573Z tests/test_types.py::test_email_repr PASSED                              [ 89%]
2025-10-14T20:59:41.7351561Z tests/test_types.py::test_email_in_command PASSED                        [ 89%]
2025-10-14T20:59:41.7359472Z tests/test_utils.py::test_unset_sentinel PASSED                          [ 89%]
2025-10-14T20:59:41.7370285Z tests/test_utils.py::test_echo PASSED                                    [ 89%]
2025-10-14T20:59:41.7377275Z tests/test_utils.py::test_echo_custom_file PASSED                        [ 89%]
2025-10-14T20:59:41.7385672Z tests/test_utils.py::test_echo_no_streams PASSED                         [ 89%]
2025-10-14T20:59:41.7393479Z tests/test_utils.py::test_styling[styles0-\x1b[30mx y\x1b[0m] PASSED     [ 89%]
2025-10-14T20:59:41.7400844Z tests/test_utils.py::test_styling[styles1-\x1b[31mx y\x1b[0m] PASSED     [ 89%]
2025-10-14T20:59:41.7408318Z tests/test_utils.py::test_styling[styles2-\x1b[32mx y\x1b[0m] PASSED     [ 89%]
2025-10-14T20:59:41.7415649Z tests/test_utils.py::test_styling[styles3-\x1b[33mx y\x1b[0m] PASSED     [ 89%]
2025-10-14T20:59:41.7423082Z tests/test_utils.py::test_styling[styles4-\x1b[34mx y\x1b[0m] PASSED     [ 89%]
2025-10-14T20:59:41.7430342Z tests/test_utils.py::test_styling[styles5-\x1b[35mx y\x1b[0m] PASSED     [ 90%]
2025-10-14T20:59:41.7437828Z tests/test_utils.py::test_styling[styles6-\x1b[36mx y\x1b[0m] PASSED     [ 90%]
2025-10-14T20:59:41.7445328Z tests/test_utils.py::test_styling[styles7-\x1b[37mx y\x1b[0m] PASSED     [ 90%]
2025-10-14T20:59:41.7452468Z tests/test_utils.py::test_styling[styles8-\x1b[40mx y\x1b[0m] PASSED     [ 90%]
2025-10-14T20:59:41.7460134Z tests/test_utils.py::test_styling[styles9-\x1b[41mx y\x1b[0m] PASSED     [ 90%]
2025-10-14T20:59:41.7467573Z tests/test_utils.py::test_styling[styles10-\x1b[42mx y\x1b[0m] PASSED    [ 90%]
2025-10-14T20:59:41.7475210Z tests/test_utils.py::test_styling[styles11-\x1b[43mx y\x1b[0m] PASSED    [ 90%]
2025-10-14T20:59:41.7482531Z tests/test_utils.py::test_styling[styles12-\x1b[44mx y\x1b[0m] PASSED    [ 90%]
2025-10-14T20:59:41.7489916Z tests/test_utils.py::test_styling[styles13-\x1b[45mx y\x1b[0m] PASSED    [ 90%]
2025-10-14T20:59:41.7497493Z tests/test_utils.py::test_styling[styles14-\x1b[46mx y\x1b[0m] PASSED    [ 90%]
2025-10-14T20:59:41.7505051Z tests/test_utils.py::test_styling[styles15-\x1b[47mx y\x1b[0m] PASSED    [ 90%]
2025-10-14T20:59:41.7512368Z tests/test_utils.py::test_styling[styles16-\x1b[48;5;91mx y\x1b[0m] PASSED [ 90%]
2025-10-14T20:59:41.7520194Z tests/test_utils.py::test_styling[styles17-\x1b[48;2;135;0;175mx y\x1b[0m] PASSED [ 90%]
2025-10-14T20:59:41.7527919Z tests/test_utils.py::test_styling[styles18-\x1b[1mx y\x1b[0m] PASSED     [ 90%]
2025-10-14T20:59:41.7535455Z tests/test_utils.py::test_styling[styles19-\x1b[2mx y\x1b[0m] PASSED     [ 91%]
2025-10-14T20:59:41.7544603Z tests/test_utils.py::test_styling[styles20-\x1b[4mx y\x1b[0m] PASSED     [ 91%]
2025-10-14T20:59:41.7552036Z tests/test_utils.py::test_styling[styles21-\x1b[53mx y\x1b[0m] PASSED    [ 91%]
2025-10-14T20:59:41.7559619Z tests/test_utils.py::test_styling[styles22-\x1b[3mx y\x1b[0m] PASSED     [ 91%]
2025-10-14T20:59:41.7567145Z tests/test_utils.py::test_styling[styles23-\x1b[5mx y\x1b[0m] PASSED     [ 91%]
2025-10-14T20:59:41.7574725Z tests/test_utils.py::test_styling[styles24-\x1b[7mx y\x1b[0m] PASSED     [ 91%]
2025-10-14T20:59:41.7581875Z tests/test_utils.py::test_styling[styles25-\x1b[9mx y\x1b[0m] PASSED     [ 91%]
2025-10-14T20:59:41.7589505Z tests/test_utils.py::test_styling[styles26-\x1b[22mx y\x1b[0m] PASSED    [ 91%]
2025-10-14T20:59:41.7597063Z tests/test_utils.py::test_styling[styles27-\x1b[22mx y\x1b[0m] PASSED    [ 91%]
2025-10-14T20:59:41.7604638Z tests/test_utils.py::test_styling[styles28-\x1b[24mx y\x1b[0m] PASSED    [ 91%]
2025-10-14T20:59:41.7611806Z tests/test_utils.py::test_styling[styles29-\x1b[55mx y\x1b[0m] PASSED    [ 91%]
2025-10-14T20:59:41.7619559Z tests/test_utils.py::test_styling[styles30-\x1b[23mx y\x1b[0m] PASSED    [ 91%]
2025-10-14T20:59:41.7626710Z tests/test_utils.py::test_styling[styles31-\x1b[25mx y\x1b[0m] PASSED    [ 91%]
2025-10-14T20:59:41.7634175Z tests/test_utils.py::test_styling[styles32-\x1b[27mx y\x1b[0m] PASSED    [ 92%]
2025-10-14T20:59:41.7641186Z tests/test_utils.py::test_styling[styles33-\x1b[29mx y\x1b[0m] PASSED    [ 92%]
2025-10-14T20:59:41.7649050Z tests/test_utils.py::test_styling[styles34-\x1b[30mx y] PASSED           [ 92%]
2025-10-14T20:59:41.7656490Z tests/test_utils.py::test_unstyle_other_ansi[\x1b[?25lx y\x1b[?25h-x y] PASSED [ 92%]
2025-10-14T20:59:41.7663507Z tests/test_utils.py::test_filename_formatting PASSED                     [ 92%]
2025-10-14T20:59:41.7681966Z tests/test_utils.py::test_prompts PASSED                                 [ 92%]
2025-10-14T20:59:41.7692682Z tests/test_utils.py::test_confirm_repeat PASSED                          [ 92%]
2025-10-14T20:59:41.7702402Z tests/test_utils.py::test_prompts_abort PASSED                           [ 92%]
2025-10-14T20:59:41.7714802Z tests/test_utils.py::test_prompts_eof PASSED                             [ 92%]
2025-10-14T20:59:41.7745506Z tests/test_utils.py::test_echo_via_pager[test0-cat] PASSED               [ 92%]
2025-10-14T20:59:41.7772357Z tests/test_utils.py::test_echo_via_pager[test0-cat ] PASSED              [ 92%]
2025-10-14T20:59:41.7798682Z tests/test_utils.py::test_echo_via_pager[test0- cat ] PASSED             [ 92%]
2025-10-14T20:59:41.9485493Z tests/test_utils.py::test_echo_via_pager[test0-less] PASSED              [ 92%]
2025-10-14T20:59:41.9518840Z tests/test_utils.py::test_echo_via_pager[test0- less] PASSED             [ 93%]
2025-10-14T20:59:41.9550947Z tests/test_utils.py::test_echo_via_pager[test0- less ] PASSED            [ 93%]
2025-10-14T20:59:41.9579352Z tests/test_utils.py::test_echo_via_pager[test1-cat] PASSED               [ 93%]
2025-10-14T20:59:41.9607139Z tests/test_utils.py::test_echo_via_pager[test1-cat ] PASSED              [ 93%]
2025-10-14T20:59:41.9633832Z tests/test_utils.py::test_echo_via_pager[test1- cat ] PASSED             [ 93%]
2025-10-14T20:59:41.9665834Z tests/test_utils.py::test_echo_via_pager[test1-less] PASSED              [ 93%]
2025-10-14T20:59:41.9696564Z tests/test_utils.py::test_echo_via_pager[test1- less] PASSED             [ 93%]
2025-10-14T20:59:41.9725763Z tests/test_utils.py::test_echo_via_pager[test1- less ] PASSED            [ 93%]
2025-10-14T20:59:41.9753280Z tests/test_utils.py::test_echo_via_pager[test2-cat] PASSED               [ 93%]
2025-10-14T20:59:41.9780122Z tests/test_utils.py::test_echo_via_pager[test2-cat ] PASSED              [ 93%]
2025-10-14T20:59:41.9806527Z tests/test_utils.py::test_echo_via_pager[test2- cat ] PASSED             [ 93%]
2025-10-14T20:59:41.9836678Z tests/test_utils.py::test_echo_via_pager[test2-less] PASSED              [ 93%]
2025-10-14T20:59:41.9866586Z tests/test_utils.py::test_echo_via_pager[test2- less] PASSED             [ 93%]
2025-10-14T20:59:41.9895175Z tests/test_utils.py::test_echo_via_pager[test2- less ] PASSED            [ 93%]
2025-10-14T20:59:41.9920677Z tests/test_utils.py::test_echo_via_pager[test3-cat] PASSED               [ 94%]
2025-10-14T20:59:41.9945972Z tests/test_utils.py::test_echo_via_pager[test3-cat ] PASSED              [ 94%]
2025-10-14T20:59:41.9971127Z tests/test_utils.py::test_echo_via_pager[test3- cat ] PASSED             [ 94%]
2025-10-14T20:59:41.9999679Z tests/test_utils.py::test_echo_via_pager[test3-less] PASSED              [ 94%]
2025-10-14T20:59:42.0027318Z tests/test_utils.py::test_echo_via_pager[test3- less] PASSED             [ 94%]
2025-10-14T20:59:42.0054735Z tests/test_utils.py::test_echo_via_pager[test3- less ] PASSED            [ 94%]
2025-10-14T20:59:42.0079740Z tests/test_utils.py::test_echo_via_pager[test4-cat] PASSED               [ 94%]
2025-10-14T20:59:42.0105197Z tests/test_utils.py::test_echo_via_pager[test4-cat ] PASSED              [ 94%]
2025-10-14T20:59:42.0130582Z tests/test_utils.py::test_echo_via_pager[test4- cat ] PASSED             [ 94%]
2025-10-14T20:59:42.0158934Z tests/test_utils.py::test_echo_via_pager[test4-less] PASSED              [ 94%]
2025-10-14T20:59:42.0187699Z tests/test_utils.py::test_echo_via_pager[test4- less] PASSED             [ 94%]
2025-10-14T20:59:42.0216693Z tests/test_utils.py::test_echo_via_pager[test4- less ] PASSED            [ 94%]
2025-10-14T20:59:42.0239310Z tests/test_utils.py::test_echo_via_pager[test5-cat] PASSED               [ 94%]
2025-10-14T20:59:42.0258867Z tests/test_utils.py::test_echo_via_pager[test5-cat ] PASSED              [ 95%]
2025-10-14T20:59:42.0278523Z tests/test_utils.py::test_echo_via_pager[test5- cat ] PASSED             [ 95%]
2025-10-14T20:59:42.0298204Z tests/test_utils.py::test_echo_via_pager[test5-less] PASSED              [ 95%]
2025-10-14T20:59:42.0317486Z tests/test_utils.py::test_echo_via_pager[test5- less] PASSED             [ 95%]
2025-10-14T20:59:42.0336865Z tests/test_utils.py::test_echo_via_pager[test5- less ] PASSED            [ 95%]
2025-10-14T20:59:42.0357918Z tests/test_utils.py::test_echo_via_pager[test6-cat] PASSED               [ 95%]
2025-10-14T20:59:42.0377163Z tests/test_utils.py::test_echo_via_pager[test6-cat ] PASSED              [ 95%]
2025-10-14T20:59:42.0396545Z tests/test_utils.py::test_echo_via_pager[test6- cat ] PASSED             [ 95%]
2025-10-14T20:59:42.0417035Z tests/test_utils.py::test_echo_via_pager[test6-less] PASSED              [ 95%]
2025-10-14T20:59:42.0436441Z tests/test_utils.py::test_echo_via_pager[test6- less] PASSED             [ 95%]
2025-10-14T20:59:42.0455813Z tests/test_utils.py::test_echo_via_pager[test6- less ] PASSED            [ 95%]
2025-10-14T20:59:42.0484022Z tests/test_utils.py::test_echo_via_pager[test7-cat] PASSED               [ 95%]
2025-10-14T20:59:42.0510983Z tests/test_utils.py::test_echo_via_pager[test7-cat ] PASSED              [ 95%]
2025-10-14T20:59:42.0538677Z tests/test_utils.py::test_echo_via_pager[test7- cat ] PASSED             [ 96%]
2025-10-14T20:59:42.0568534Z tests/test_utils.py::test_echo_via_pager[test7-less] PASSED              [ 96%]
2025-10-14T20:59:42.0597864Z tests/test_utils.py::test_echo_via_pager[test7- less] PASSED             [ 96%]
2025-10-14T20:59:42.0626358Z tests/test_utils.py::test_echo_via_pager[test7- less ] PASSED            [ 96%]
2025-10-14T20:59:42.0652139Z tests/test_utils.py::test_echo_via_pager[test8-cat] PASSED               [ 96%]
2025-10-14T20:59:42.0679874Z tests/test_utils.py::test_echo_via_pager[test8-cat ] PASSED              [ 96%]
2025-10-14T20:59:42.0705212Z tests/test_utils.py::test_echo_via_pager[test8- cat ] PASSED             [ 96%]
2025-10-14T20:59:42.0733168Z tests/test_utils.py::test_echo_via_pager[test8-less] PASSED              [ 96%]
2025-10-14T20:59:42.0760722Z tests/test_utils.py::test_echo_via_pager[test8- less] PASSED             [ 96%]
2025-10-14T20:59:42.0788450Z tests/test_utils.py::test_echo_via_pager[test8- less ] PASSED            [ 96%]
2025-10-14T20:59:42.0813038Z tests/test_utils.py::test_echo_via_pager[test9-cat] PASSED               [ 96%]
2025-10-14T20:59:42.0837974Z tests/test_utils.py::test_echo_via_pager[test9-cat ] PASSED              [ 96%]
2025-10-14T20:59:42.0862729Z tests/test_utils.py::test_echo_via_pager[test9- cat ] PASSED             [ 96%]
2025-10-14T20:59:42.0891113Z tests/test_utils.py::test_echo_via_pager[test9-less] PASSED              [ 96%]
2025-10-14T20:59:42.0919632Z tests/test_utils.py::test_echo_via_pager[test9- less] PASSED             [ 97%]
2025-10-14T20:59:42.0947263Z tests/test_utils.py::test_echo_via_pager[test9- less ] PASSED            [ 97%]
2025-10-14T20:59:42.0961073Z tests/test_utils.py::test_echo_color_flag PASSED                         [ 97%]
2025-10-14T20:59:42.0974423Z tests/test_utils.py::test_prompt_cast_default PASSED                     [ 97%]
2025-10-14T20:59:42.0991322Z tests/test_utils.py::test_echo_writing_to_standard_error PASSED          [ 97%]
2025-10-14T20:59:42.0999991Z tests/test_utils.py::test_echo_with_capsys PASSED                        [ 97%]
2025-10-14T20:59:42.1015617Z tests/test_utils.py::test_open_file PASSED                               [ 97%]
2025-10-14T20:59:42.1024050Z tests/test_utils.py::test_open_file_pathlib_dash PASSED                  [ 97%]
2025-10-14T20:59:42.1034945Z tests/test_utils.py::test_open_file_ignore_errors_stdin PASSED           [ 97%]
2025-10-14T20:59:42.1045003Z tests/test_utils.py::test_open_file_respects_ignore PASSED               [ 97%]
2025-10-14T20:59:42.1055227Z tests/test_utils.py::test_open_file_ignore_invalid_utf8 PASSED           [ 97%]
2025-10-14T20:59:42.1064788Z tests/test_utils.py::test_open_file_ignore_no_encoding PASSED            [ 97%]
2025-10-14T20:59:42.1080209Z tests/test_utils.py::test_open_file_atomic_permissions_existing_file[256] PASSED [ 97%]
2025-10-14T20:59:42.1093957Z tests/test_utils.py::test_open_file_atomic_permissions_existing_file[292] PASSED [ 98%]
2025-10-14T20:59:42.1107531Z tests/test_utils.py::test_open_file_atomic_permissions_existing_file[384] PASSED [ 98%]
2025-10-14T20:59:42.1121035Z tests/test_utils.py::test_open_file_atomic_permissions_existing_file[420] PASSED [ 98%]
2025-10-14T20:59:42.1133958Z tests/test_utils.py::test_open_file_atomic_permissions_new_file PASSED   [ 98%]
2025-10-14T20:59:42.1147040Z tests/test_utils.py::test_iter_keepopenfile PASSED                       [ 98%]
2025-10-14T20:59:42.1160231Z tests/test_utils.py::test_iter_lazyfile PASSED                           [ 98%]
2025-10-14T20:59:42.1168498Z tests/test_utils.py::test_detect_program_name[example.py-None-example.py] PASSED [ 98%]
2025-10-14T20:59:42.1176829Z tests/test_utils.py::test_detect_program_name[/foo/bar/example.py-None-example.py] PASSED [ 98%]
2025-10-14T20:59:42.1184990Z tests/test_utils.py::test_detect_program_name[example-None-example] PASSED [ 98%]
2025-10-14T20:59:42.1193355Z tests/test_utils.py::test_detect_program_name[example/__main__.py-example-python -m example] PASSED [ 98%]
2025-10-14T20:59:42.1201054Z tests/test_utils.py::test_detect_program_name[example/cli.py-example-python -m example.cli] PASSED [ 98%]
2025-10-14T20:59:42.1208893Z tests/test_utils.py::test_detect_program_name[example--example] PASSED   [ 98%]
2025-10-14T20:59:42.1227936Z tests/test_utils.py::test_expand_args PASSED                             [ 98%]
2025-10-14T20:59:42.1236294Z tests/test_utils.py::test_make_default_short_help[-empty] PASSED         [ 99%]
2025-10-14T20:59:42.1244543Z tests/test_utils.py::test_make_default_short_help[-equal length, no dot] PASSED [ 99%]
2025-10-14T20:59:42.1252474Z tests/test_utils.py::test_make_default_short_help[-sentence < max] PASSED [ 99%]
2025-10-14T20:59:42.1263026Z tests/test_utils.py::test_make_default_short_help[-paragraph < max] PASSED [ 99%]
2025-10-14T20:59:42.1271276Z tests/test_utils.py::test_make_default_short_help[-truncate] PASSED      [ 99%]
2025-10-14T20:59:42.1279688Z tests/test_utils.py::test_make_default_short_help[-length includes suffix] PASSED [ 99%]
2025-10-14T20:59:42.1288113Z tests/test_utils.py::test_make_default_short_help[-ignore dot in word] PASSED [ 99%]
2025-10-14T20:59:42.1296371Z tests/test_utils.py::test_make_default_short_help[no-wrap mark-empty] PASSED [ 99%]
2025-10-14T20:59:42.1304872Z tests/test_utils.py::test_make_default_short_help[no-wrap mark-equal length, no dot] PASSED [ 99%]
2025-10-14T20:59:42.1312601Z tests/test_utils.py::test_make_default_short_help[no-wrap mark-sentence < max] PASSED [ 99%]
2025-10-14T20:59:42.1320802Z tests/test_utils.py::test_make_default_short_help[no-wrap mark-paragraph < max] PASSED [ 99%]
2025-10-14T20:59:42.1328961Z tests/test_utils.py::test_make_default_short_help[no-wrap mark-truncate] PASSED [ 99%]
2025-10-14T20:59:42.1337301Z tests/test_utils.py::test_make_default_short_help[no-wrap mark-length includes suffix] PASSED [ 99%]
2025-10-14T20:59:42.1963851Z tests/test_utils.py::test_make_default_short_help[no-wrap mark-ignore dot in word] PASSED [100%]
2025-10-14T20:59:42.1964543Z 
2025-10-14T20:59:42.1964762Z =================================== FAILURES ===================================
2025-10-14T20:59:42.1965440Z _____________________ test_email_invalid[user@domain..com] _____________________
2025-10-14T20:59:42.1966070Z tests/test_types.py:300: in test_email_invalid
2025-10-14T20:59:42.1966780Z     with pytest.raises(click.BadParameter, match="is not a valid email address"):
2025-10-14T20:59:42.1967347Z E   Failed: DID NOT RAISE <class 'click.exceptions.BadParameter'>
2025-10-14T20:59:42.1968358Z ____________________ test_email_invalid[.user@example.com] _____________________
2025-10-14T20:59:42.1968924Z tests/test_types.py:300: in test_email_invalid
2025-10-14T20:59:42.1969633Z     with pytest.raises(click.BadParameter, match="is not a valid email address"):
2025-10-14T20:59:42.1970461Z E   Failed: DID NOT RAISE <class 'click.exceptions.BadParameter'>
2025-10-14T20:59:42.1971184Z ____________________ test_email_invalid[user.@example.com] _____________________
2025-10-14T20:59:42.1971803Z tests/test_types.py:300: in test_email_invalid
2025-10-14T20:59:42.1972475Z     with pytest.raises(click.BadParameter, match="is not a valid email address"):
2025-10-14T20:59:42.1973410Z E   Failed: DID NOT RAISE <class 'click.exceptions.BadParameter'>
2025-10-14T20:59:42.1973811Z =========================== short test summary info ============================
2025-10-14T20:59:42.1974378Z FAILED tests/test_types.py::test_email_invalid[user@domain..com] - Failed: DI...
2025-10-14T20:59:42.1975240Z FAILED tests/test_types.py::test_email_invalid[.user@example.com] - Failed: D...
2025-10-14T20:59:42.1975800Z FAILED tests/test_types.py::test_email_invalid[user.@example.com] - Failed: D...
2025-10-14T20:59:42.1976292Z ============ 3 failed, 1306 passed, 21 skipped, 1 xfailed in 3.04s =============
2025-10-14T20:59:42.2669786Z py3.11: exit 1 (4.41 seconds) /home/runner/work/click/click> pytest -v --tb=short --basetemp=/home/runner/work/click/click/.tox/py3.11/tmp pid=2205
2025-10-14T20:59:42.2674663Z   py3.11: FAIL code 1 (4.75=setup[0.34]+cmd[4.41] seconds)
2025-10-14T20:59:42.2675148Z   evaluation failed :( (5.39 seconds)
2025-10-14T20:59:42.3060542Z ##[error]Process completed with exit code 1.
2025-10-14T20:59:42.3145547Z Post job cleanup.
2025-10-14T20:59:42.4187187Z [command]/usr/bin/git version
2025-10-14T20:59:42.4231617Z git version 2.51.0
2025-10-14T20:59:42.4274037Z Temporarily overriding HOME='/home/runner/work/_temp/687f552a-46f4-4c58-937d-bd32613d8535' before making global git config changes
2025-10-14T20:59:42.4275191Z Adding repository directory to the temporary git global config as a safe directory
2025-10-14T20:59:42.4279188Z [command]/usr/bin/git config --global --add safe.directory /home/runner/work/click/click
2025-10-14T20:59:42.4314225Z [command]/usr/bin/git config --local --name-only --get-regexp core\.sshCommand
2025-10-14T20:59:42.4346176Z [command]/usr/bin/git submodule foreach --recursive sh -c "git config --local --name-only --get-regexp 'core\.sshCommand' && git config --local --unset-all 'core.sshCommand' || :"
2025-10-14T20:59:42.4580451Z [command]/usr/bin/git config --local --name-only --get-regexp http\.https\:\/\/github\.com\/\.extraheader
2025-10-14T20:59:42.4603541Z http.https://github.com/.extraheader
2025-10-14T20:59:42.4616263Z [command]/usr/bin/git config --local --unset-all http.https://github.com/.extraheader
2025-10-14T20:59:42.4647407Z [command]/usr/bin/git submodule foreach --recursive sh -c "git config --local --name-only --get-regexp 'http\.https\:\/\/github\.com\/\.extraheader' && git config --local --unset-all 'http.https://github.com/.extraheader' || :"
2025-10-14T20:59:42.4983972Z Cleaning up orphan processes
