2025-09-20T19:30:59.9214614Z Current runner version: '2.328.0'
2025-09-20T19:30:59.9241403Z ##[group]Runner Image Provisioner
2025-09-20T19:30:59.9242230Z Hosted Compute Agent
2025-09-20T19:30:59.9242754Z Version: 20250829.383
2025-09-20T19:30:59.9243720Z Commit: 27cb235aab5b0e52e153a26cd86b4742e89dac5d
2025-09-20T19:30:59.9244406Z Build Date: 2025-08-29T13:48:48Z
2025-09-20T19:30:59.9245016Z ##[endgroup]
2025-09-20T19:30:59.9245598Z ##[group]Operating System
2025-09-20T19:30:59.9246177Z Ubuntu
2025-09-20T19:30:59.9246632Z 24.04.3
2025-09-20T19:30:59.9247206Z LTS
2025-09-20T19:30:59.9247696Z ##[endgroup]
2025-09-20T19:30:59.9248161Z ##[group]Runner Image
2025-09-20T19:30:59.9248807Z Image: ubuntu-24.04
2025-09-20T19:30:59.9249294Z Version: 20250907.24.1
2025-09-20T19:30:59.9250292Z Included Software: https://github.com/actions/runner-images/blob/ubuntu24/20250907.24/images/ubuntu/Ubuntu2404-Readme.md
2025-09-20T19:30:59.9252015Z Image Release: https://github.com/actions/runner-images/releases/tag/ubuntu24%2F20250907.24
2025-09-20T19:30:59.9253363Z ##[endgroup]
2025-09-20T19:30:59.9254584Z ##[group]GITHUB_TOKEN Permissions
2025-09-20T19:30:59.9256648Z Contents: read
2025-09-20T19:30:59.9257382Z Metadata: read
2025-09-20T19:30:59.9257877Z Packages: read
2025-09-20T19:30:59.9258383Z ##[endgroup]
2025-09-20T19:30:59.9261143Z Secret source: None
2025-09-20T19:30:59.9261847Z Prepare workflow directory
2025-09-20T19:30:59.9588530Z Prepare all required actions
2025-09-20T19:30:59.9626774Z Getting action download info
2025-09-20T19:31:00.2875829Z Download action repository 'actions/checkout@11bd71901bbe5b1630ceea73d27597364c9af683' (SHA:11bd71901bbe5b1630ceea73d27597364c9af683)
2025-09-20T19:31:00.5337833Z Download action repository 'astral-sh/setup-uv@f0ec1fc3b38f5e7cd731bb6ce540c5af426746bb' (SHA:f0ec1fc3b38f5e7cd731bb6ce540c5af426746bb)
2025-09-20T19:31:00.7968234Z Download action repository 'actions/setup-python@a26af69be951a213d495a4c3e4e4022e16d87065' (SHA:a26af69be951a213d495a4c3e4e4022e16d87065)
2025-09-20T19:31:01.0314979Z Complete job name: PyPy
2025-09-20T19:31:01.1052988Z ##[group]Run actions/checkout@11bd71901bbe5b1630ceea73d27597364c9af683
2025-09-20T19:31:01.1054394Z with:
2025-09-20T19:31:01.1054785Z   repository: pallets/click
2025-09-20T19:31:01.1055481Z   token: ***
2025-09-20T19:31:01.1055850Z   ssh-strict: true
2025-09-20T19:31:01.1056235Z   ssh-user: git
2025-09-20T19:31:01.1056617Z   persist-credentials: true
2025-09-20T19:31:01.1057043Z   clean: true
2025-09-20T19:31:01.1057426Z   sparse-checkout-cone-mode: true
2025-09-20T19:31:01.1057893Z   fetch-depth: 1
2025-09-20T19:31:01.1058263Z   fetch-tags: false
2025-09-20T19:31:01.1058649Z   show-progress: true
2025-09-20T19:31:01.1059033Z   lfs: false
2025-09-20T19:31:01.1059378Z   submodules: false
2025-09-20T19:31:01.1059766Z   set-safe-directory: true
2025-09-20T19:31:01.1060400Z ##[endgroup]
2025-09-20T19:31:01.2181889Z Syncing repository: pallets/click
2025-09-20T19:31:01.2183983Z ##[group]Getting Git version info
2025-09-20T19:31:01.2184708Z Working directory is '/home/runner/work/click/click'
2025-09-20T19:31:01.2185584Z [command]/usr/bin/git version
2025-09-20T19:31:01.3431115Z git version 2.51.0
2025-09-20T19:31:01.3458028Z ##[endgroup]
2025-09-20T19:31:01.3474128Z Temporarily overriding HOME='/home/runner/work/_temp/9f8dfe9f-240d-4785-b040-a84996a3f5ed' before making global git config changes
2025-09-20T19:31:01.3476469Z Adding repository directory to the temporary git global config as a safe directory
2025-09-20T19:31:01.3480612Z [command]/usr/bin/git config --global --add safe.directory /home/runner/work/click/click
2025-09-20T19:31:01.3518279Z Deleting the contents of '/home/runner/work/click/click'
2025-09-20T19:31:01.3522434Z ##[group]Initializing the repository
2025-09-20T19:31:01.3527152Z [command]/usr/bin/git init /home/runner/work/click/click
2025-09-20T19:31:01.3627333Z hint: Using 'master' as the name for the initial branch. This default branch name
2025-09-20T19:31:01.3628683Z hint: is subject to change. To configure the initial branch name to use in all
2025-09-20T19:31:01.3630046Z hint: of your new repositories, which will suppress this warning, call:
2025-09-20T19:31:01.3631136Z hint:
2025-09-20T19:31:01.3631624Z hint: 	git config --global init.defaultBranch <name>
2025-09-20T19:31:01.3632490Z hint:
2025-09-20T19:31:01.3633864Z hint: Names commonly chosen instead of 'master' are 'main', 'trunk' and
2025-09-20T19:31:01.3635453Z hint: 'development'. The just-created branch can be renamed via this command:
2025-09-20T19:31:01.3636689Z hint:
2025-09-20T19:31:01.3637382Z hint: 	git branch -m <name>
2025-09-20T19:31:01.3638177Z hint:
2025-09-20T19:31:01.3639167Z hint: Disable this message with "git config set advice.defaultBranchName false"
2025-09-20T19:31:01.3640714Z Initialized empty Git repository in /home/runner/work/click/click/.git/
2025-09-20T19:31:01.3645111Z [command]/usr/bin/git remote add origin https://github.com/pallets/click
2025-09-20T19:31:01.3697921Z ##[endgroup]
2025-09-20T19:31:01.3699073Z ##[group]Disabling automatic garbage collection
2025-09-20T19:31:01.3702920Z [command]/usr/bin/git config --local gc.auto 0
2025-09-20T19:31:01.3733354Z ##[endgroup]
2025-09-20T19:31:01.3734562Z ##[group]Setting up auth
2025-09-20T19:31:01.3741022Z [command]/usr/bin/git config --local --name-only --get-regexp core\.sshCommand
2025-09-20T19:31:01.3771972Z [command]/usr/bin/git submodule foreach --recursive sh -c "git config --local --name-only --get-regexp 'core\.sshCommand' && git config --local --unset-all 'core.sshCommand' || :"
2025-09-20T19:31:01.4088522Z [command]/usr/bin/git config --local --name-only --get-regexp http\.https\:\/\/github\.com\/\.extraheader
2025-09-20T19:31:01.4121029Z [command]/usr/bin/git submodule foreach --recursive sh -c "git config --local --name-only --get-regexp 'http\.https\:\/\/github\.com\/\.extraheader' && git config --local --unset-all 'http.https://github.com/.extraheader' || :"
2025-09-20T19:31:01.4344017Z [command]/usr/bin/git config --local http.https://github.com/.extraheader AUTHORIZATION: basic ***
2025-09-20T19:31:01.4380833Z ##[endgroup]
2025-09-20T19:31:01.4381627Z ##[group]Fetching the repository
2025-09-20T19:31:01.4389432Z [command]/usr/bin/git -c protocol.version=2 fetch --no-tags --prune --no-recurse-submodules --depth=1 origin +56700c3ed0ec6f032b11ade072d46dcc2c904f53:refs/remotes/pull/3073/merge
2025-09-20T19:31:01.6552050Z From https://github.com/pallets/click
2025-09-20T19:31:01.6555390Z  * [new ref]         56700c3ed0ec6f032b11ade072d46dcc2c904f53 -> pull/3073/merge
2025-09-20T19:31:01.6587733Z ##[endgroup]
2025-09-20T19:31:01.6589093Z ##[group]Determining the checkout info
2025-09-20T19:31:01.6590703Z ##[endgroup]
2025-09-20T19:31:01.6596322Z [command]/usr/bin/git sparse-checkout disable
2025-09-20T19:31:01.6638369Z [command]/usr/bin/git config --local --unset-all extensions.worktreeConfig
2025-09-20T19:31:01.6669418Z ##[group]Checking out the ref
2025-09-20T19:31:01.6674189Z [command]/usr/bin/git checkout --progress --force refs/remotes/pull/3073/merge
2025-09-20T19:31:01.6808361Z Note: switching to 'refs/remotes/pull/3073/merge'.
2025-09-20T19:31:01.6809585Z 
2025-09-20T19:31:01.6810338Z You are in 'detached HEAD' state. You can look around, make experimental
2025-09-20T19:31:01.6811836Z changes and commit them, and you can discard any commits you make in this
2025-09-20T19:31:01.6813558Z state without impacting any branches by switching back to a branch.
2025-09-20T19:31:01.6814669Z 
2025-09-20T19:31:01.6815330Z If you want to create a new branch to retain commits you create, you may
2025-09-20T19:31:01.6816527Z do so (now or later) by using -c with the switch command. Example:
2025-09-20T19:31:01.6817204Z 
2025-09-20T19:31:01.6817506Z   git switch -c <new-branch-name>
2025-09-20T19:31:01.6817985Z 
2025-09-20T19:31:01.6818303Z Or undo this operation with:
2025-09-20T19:31:01.6818941Z 
2025-09-20T19:31:01.6819207Z   git switch -
2025-09-20T19:31:01.6819608Z 
2025-09-20T19:31:01.6820217Z Turn off this advice by setting config variable advice.detachedHead to false
2025-09-20T19:31:01.6821148Z 
2025-09-20T19:31:01.6822192Z HEAD is now at 56700c3 Merge 9055301f27fbf04ec8793b6a8576f8f2bd4ac8cd into 182770756651d24e9e3cc237d33dc52895511eb4
2025-09-20T19:31:01.6825927Z ##[endgroup]
2025-09-20T19:31:01.6852915Z [command]/usr/bin/git log -1 --format=%H
2025-09-20T19:31:01.6875869Z 56700c3ed0ec6f032b11ade072d46dcc2c904f53
2025-09-20T19:31:01.7207423Z ##[group]Run astral-sh/setup-uv@f0ec1fc3b38f5e7cd731bb6ce540c5af426746bb
2025-09-20T19:31:01.7209201Z with:
2025-09-20T19:31:01.7210209Z   enable-cache: true
2025-09-20T19:31:01.7211199Z   prune-cache: false
2025-09-20T19:31:01.7212242Z   activate-environment: false
2025-09-20T19:31:01.7213701Z   working-directory: /home/runner/work/click/click
2025-09-20T19:31:01.7215272Z   server-url: https://github.com
2025-09-20T19:31:01.7216833Z   github-token: ***
2025-09-20T19:31:01.7219096Z   cache-dependency-glob: **/*requirements*.txt
**/*requirements*.in
**/*constraints*.txt
**/*constraints*.in
**/pyproject.toml
**/uv.lock

2025-09-20T19:31:01.7221776Z   ignore-nothing-to-cache: false
2025-09-20T19:31:01.7223108Z   ignore-empty-workdir: false
2025-09-20T19:31:01.7224258Z ##[endgroup]
2025-09-20T19:31:01.9670905Z Trying to find required-version for uv in: /home/runner/work/click/click/uv.toml
2025-09-20T19:31:01.9675977Z Could not find file: /home/runner/work/click/click/uv.toml
2025-09-20T19:31:01.9679193Z Trying to find required-version for uv in: /home/runner/work/click/click/pyproject.toml
2025-09-20T19:31:01.9713282Z Could not determine uv version from uv.toml or pyproject.toml. Falling back to latest.
2025-09-20T19:31:02.1849567Z Downloading uv from "https://github.com/astral-sh/uv/releases/download/0.8.19/uv-x86_64-unknown-linux-gnu.tar.gz" ...
2025-09-20T19:31:02.4573429Z [command]/usr/bin/tar xz --warning=no-unknown-keyword --overwrite -C /home/runner/work/_temp/c2d58335-0351-4929-84fa-70b54ba7b3d7 -f /home/runner/work/_temp/47057faf-c0c9-46c0-a6c6-aa71dd158ef2
2025-09-20T19:31:02.8746547Z Added /home/runner/.local/bin to the path
2025-09-20T19:31:02.8749388Z Added /opt/hostedtoolcache/uv/0.8.19/x86_64 to the path
2025-09-20T19:31:02.8772534Z Set UV_CACHE_DIR to /home/runner/work/_temp/setup-uv-cache
2025-09-20T19:31:02.8773361Z Successfully installed uv version 0.8.19
2025-09-20T19:31:02.8774212Z Searching files using cache dependency glob: **/*requirements*.txt,**/*requirements*.in,**/*constraints*.txt,**/*constraints*.in,**/pyproject.toml,**/uv.lock
2025-09-20T19:31:02.8985320Z /home/runner/work/click/click/examples/aliases/pyproject.toml
2025-09-20T19:31:02.9009002Z /home/runner/work/click/click/examples/colors/pyproject.toml
2025-09-20T19:31:02.9022776Z /home/runner/work/click/click/examples/completion/pyproject.toml
2025-09-20T19:31:02.9046871Z /home/runner/work/click/click/examples/complex/pyproject.toml
2025-09-20T19:31:02.9063731Z /home/runner/work/click/click/examples/imagepipe/pyproject.toml
2025-09-20T19:31:02.9076695Z /home/runner/work/click/click/examples/inout/pyproject.toml
2025-09-20T19:31:02.9087620Z /home/runner/work/click/click/examples/naval/pyproject.toml
2025-09-20T19:31:02.9099284Z /home/runner/work/click/click/examples/repo/pyproject.toml
2025-09-20T19:31:02.9110948Z /home/runner/work/click/click/examples/termui/pyproject.toml
2025-09-20T19:31:02.9124032Z /home/runner/work/click/click/examples/validation/pyproject.toml
2025-09-20T19:31:02.9131452Z /home/runner/work/click/click/pyproject.toml
2025-09-20T19:31:02.9192507Z /home/runner/work/click/click/uv.lock
2025-09-20T19:31:02.9202241Z Found 12 files to hash.
2025-09-20T19:31:02.9903896Z Trying to restore uv cache from GitHub Actions cache with key: setup-uv-1-x86_64-unknown-linux-gnu-3.12.3-6f5ad473884aa710da2617c62c4d86d2815ebfe0b12a2e6002de0aaa58eae3aa
2025-09-20T19:31:03.0363212Z Cache hit for: setup-uv-1-x86_64-unknown-linux-gnu-3.12.3-6f5ad473884aa710da2617c62c4d86d2815ebfe0b12a2e6002de0aaa58eae3aa
2025-09-20T19:31:03.4202548Z Received 52755389 of 52755389 (100.0%), 148.0 MBs/sec
2025-09-20T19:31:03.4203631Z Cache Size: ~50 MB (52755389 B)
2025-09-20T19:31:03.4293334Z [command]/usr/bin/tar -xf /home/runner/work/_temp/13f48568-1d07-416f-9904-dc540490540c/cache.tzst -P -C /home/runner/work/click/click --use-compress-program unzstd
2025-09-20T19:31:03.9386675Z Cache restored successfully
2025-09-20T19:31:03.9491008Z uv cache restored from GitHub Actions cache with key: setup-uv-1-x86_64-unknown-linux-gnu-3.12.3-6f5ad473884aa710da2617c62c4d86d2815ebfe0b12a2e6002de0aaa58eae3aa
2025-09-20T19:31:03.9706419Z ##[group]Run actions/setup-python@a26af69be951a213d495a4c3e4e4022e16d87065
2025-09-20T19:31:03.9706812Z with:
2025-09-20T19:31:03.9707023Z   python-version: pypy-3.11
2025-09-20T19:31:03.9707263Z   check-latest: false
2025-09-20T19:31:03.9707617Z   token: ***
2025-09-20T19:31:03.9707816Z   update-environment: true
2025-09-20T19:31:03.9708046Z   allow-prereleases: false
2025-09-20T19:31:03.9708249Z   freethreaded: false
2025-09-20T19:31:03.9708443Z env:
2025-09-20T19:31:03.9708654Z   UV_CACHE_DIR: /home/runner/work/_temp/setup-uv-cache
2025-09-20T19:31:03.9708926Z ##[endgroup]
2025-09-20T19:31:04.1402574Z ##[group]Installed versions
2025-09-20T19:31:04.3667643Z Successfully set up PyPy 7.3.20 with Python (3.11.13)
2025-09-20T19:31:04.3668343Z ##[endgroup]
2025-09-20T19:31:04.3778958Z ##[group]Run uv run --locked tox run -e pypy3.11
2025-09-20T19:31:04.3779377Z [36;1muv run --locked tox run -e pypy3.11[0m
2025-09-20T19:31:04.3962066Z shell: /usr/bin/bash -e {0}
2025-09-20T19:31:04.3962323Z env:
2025-09-20T19:31:04.3962562Z   UV_CACHE_DIR: /home/runner/work/_temp/setup-uv-cache
2025-09-20T19:31:04.3962931Z   pythonLocation: /opt/hostedtoolcache/PyPy/3.11.13/x64
2025-09-20T19:31:04.3963665Z   Python_ROOT_DIR: /opt/hostedtoolcache/PyPy/3.11.13/x64
2025-09-20T19:31:04.3964028Z   Python2_ROOT_DIR: /opt/hostedtoolcache/PyPy/3.11.13/x64
2025-09-20T19:31:04.3964383Z   Python3_ROOT_DIR: /opt/hostedtoolcache/PyPy/3.11.13/x64
2025-09-20T19:31:04.3964813Z   PKG_CONFIG_PATH: /opt/hostedtoolcache/PyPy/3.11.13/x64/bin/lib/pkgconfig
2025-09-20T19:31:04.3965176Z ##[endgroup]
2025-09-20T19:31:16.8849342Z Using PyPy 3.11.13 interpreter at: /opt/hostedtoolcache/PyPy/3.11.13/x64/bin/python3
2025-09-20T19:31:16.8850081Z Creating virtual environment at: .venv
2025-09-20T19:31:16.8923501Z    Building click @ file:///home/runner/work/click/click
2025-09-20T19:31:16.9049260Z Downloading mypy (2.2MiB)
2025-09-20T19:31:17.0256392Z    Building pyyaml==6.0.2
2025-09-20T19:31:17.1745644Z  Downloading mypy
2025-09-20T19:31:20.4267445Z       Built click @ file:///home/runner/work/click/click
2025-09-20T19:31:33.8893484Z       Built pyyaml==6.0.2
2025-09-20T19:31:33.9954348Z Installed 29 packages in 104ms
2025-09-20T19:31:36.5921770Z pypy3.11: venv> .venv/bin/uv venv -p /home/runner/work/click/click/.venv/bin/python --allow-existing --python-preference system /home/runner/work/click/click/.tox/pypy3.11
2025-09-20T19:31:36.7047437Z pypy3.11: uv-sync> uv sync --locked --python-preference system --no-default-groups --no-editable --reinstall-package click --group tests -p /home/runner/work/click/click/.venv/bin/python
2025-09-20T19:31:37.1976000Z pypy3.11: freeze> .venv/bin/uv --color never pip freeze
2025-09-20T19:31:37.2108982Z pypy3.11: click @ file:///home/runner/work/click/click,iniconfig==2.1.0,packaging==25.0,pluggy==1.6.0,pygments==2.19.1,pytest==8.4.0
2025-09-20T19:31:37.2125579Z pypy3.11: commands[0]> pytest -v --tb=short --basetemp=/home/runner/work/click/click/.tox/pypy3.11/tmp
2025-09-20T19:31:39.0804623Z ============================= test session starts ==============================
2025-09-20T19:31:39.0805819Z platform linux -- Python 3.11.13[pypy-7.3.20-final], pytest-8.4.0, pluggy-1.6.0 -- /home/runner/work/click/click/.tox/pypy3.11/bin/python3
2025-09-20T19:31:39.0806909Z cachedir: .tox/pypy3.11/.pytest_cache
2025-09-20T19:31:39.0807461Z rootdir: /home/runner/work/click/click
2025-09-20T19:31:39.0807992Z configfile: pyproject.toml
2025-09-20T19:31:39.0808293Z testpaths: tests
2025-09-20T19:31:41.8875417Z collecting ... collected 1307 items
2025-09-20T19:31:41.8875908Z 
2025-09-20T19:31:41.8919350Z tests/test_arguments.py::test_nargs_star PASSED                          [  0%]
2025-09-20T19:31:41.8952530Z tests/test_arguments.py::test_nargs_tup PASSED                           [  0%]
2025-09-20T19:31:41.8987764Z tests/test_arguments.py::test_nargs_tup_composite[opts0] PASSED          [  0%]
2025-09-20T19:31:41.9026138Z tests/test_arguments.py::test_nargs_tup_composite[opts1] PASSED          [  0%]
2025-09-20T19:31:41.9058806Z tests/test_arguments.py::test_nargs_tup_composite[opts2] PASSED          [  0%]
2025-09-20T19:31:41.9090775Z tests/test_arguments.py::test_nargs_tup_composite[opts3] PASSED          [  0%]
2025-09-20T19:31:41.9117121Z tests/test_arguments.py::test_nargs_mismatch_with_tuple_type PASSED      [  0%]
2025-09-20T19:31:41.9176636Z tests/test_arguments.py::test_nargs_err PASSED                           [  0%]
2025-09-20T19:31:41.9212822Z tests/test_arguments.py::test_bytes_args PASSED                          [  0%]
2025-09-20T19:31:41.9318165Z tests/test_arguments.py::test_file_args PASSED                           [  0%]
2025-09-20T19:31:41.9359613Z tests/test_arguments.py::test_path_allow_dash PASSED                     [  0%]
2025-09-20T19:31:41.9401290Z tests/test_arguments.py::test_file_atomics PASSED                        [  0%]
2025-09-20T19:31:41.9449562Z tests/test_arguments.py::test_stdout_default PASSED                      [  0%]
2025-09-20T19:31:41.9493255Z tests/test_arguments.py::test_nargs_envvar[2--None] PASSED               [  1%]
2025-09-20T19:31:41.9553162Z tests/test_arguments.py::test_nargs_envvar[2-a-Takes 2 values but 1 was given.] PASSED [  1%]
2025-09-20T19:31:41.9591785Z tests/test_arguments.py::test_nargs_envvar[2-a b-expect2] PASSED         [  1%]
2025-09-20T19:31:41.9637399Z tests/test_arguments.py::test_nargs_envvar[2-a b c-Takes 2 values but 3 were given.] PASSED [  1%]
2025-09-20T19:31:41.9688086Z tests/test_arguments.py::test_nargs_envvar[-1-a b c-expect4] PASSED      [  1%]
2025-09-20T19:31:41.9730110Z tests/test_arguments.py::test_nargs_envvar[-1--expect5] PASSED           [  1%]
2025-09-20T19:31:41.9798205Z tests/test_arguments.py::test_nargs_envvar_only_if_values_empty PASSED   [  1%]
2025-09-20T19:31:41.9845598Z tests/test_arguments.py::test_empty_nargs PASSED                         [  1%]
2025-09-20T19:31:41.9886881Z tests/test_arguments.py::test_missing_arg PASSED                         [  1%]
2025-09-20T19:31:41.9917518Z tests/test_arguments.py::test_required_argument[-False-] PASSED          [  1%]
2025-09-20T19:31:41.9948989Z tests/test_arguments.py::test_required_argument[  -False-  ] PASSED      [  1%]
2025-09-20T19:31:41.9985667Z tests/test_arguments.py::test_required_argument[foo-False-foo] PASSED    [  1%]
2025-09-20T19:31:42.0015063Z tests/test_arguments.py::test_required_argument[12-False-12_0] PASSED    [  1%]
2025-09-20T19:31:42.0043578Z tests/test_arguments.py::test_required_argument[12-False-12_1] PASSED    [  2%]
2025-09-20T19:31:42.0069162Z tests/test_arguments.py::test_required_argument[12.1-False-12.1] PASSED  [  2%]
2025-09-20T19:31:42.0100460Z tests/test_arguments.py::test_required_argument[value6-False-[]] PASSED  [  2%]
2025-09-20T19:31:42.0220407Z tests/test_arguments.py::test_required_argument[value7-False-()] PASSED  [  2%]
2025-09-20T19:31:42.0254954Z tests/test_arguments.py::test_required_argument[value8-False-set()] PASSED [  2%]
2025-09-20T19:31:42.0283967Z tests/test_arguments.py::test_required_argument[value9-False-frozenset()] PASSED [  2%]
2025-09-20T19:31:42.0309202Z tests/test_arguments.py::test_required_argument[value10-False-{}] PASSED [  2%]
2025-09-20T19:31:42.0341949Z tests/test_arguments.py::test_required_argument[None-False-None] PASSED  [  2%]
2025-09-20T19:31:42.0420029Z tests/test_arguments.py::test_required_argument[Sentinel.UNSET-True-None] PASSED [  2%]
2025-09-20T19:31:42.0502182Z tests/test_arguments.py::test_implicit_non_required PASSED               [  2%]
2025-09-20T19:31:42.0590052Z tests/test_arguments.py::test_deprecated_usage PASSED                    [  2%]
2025-09-20T19:31:42.0677896Z tests/test_arguments.py::test_deprecated_warning[True] PASSED            [  2%]
2025-09-20T19:31:42.0937928Z tests/test_arguments.py::test_deprecated_warning[USE B INSTEAD] PASSED   [  2%]
2025-09-20T19:31:42.0982138Z tests/test_arguments.py::test_deprecated_required PASSED                 [  3%]
2025-09-20T19:31:42.1248383Z tests/test_arguments.py::test_eat_options PASSED                         [  3%]
2025-09-20T19:31:42.1281459Z tests/test_arguments.py::test_nargs_star_ordering PASSED                 [  3%]
2025-09-20T19:31:42.1323745Z tests/test_arguments.py::test_nargs_specified_plus_star_ordering PASSED  [  3%]
2025-09-20T19:31:42.1369090Z tests/test_arguments.py::test_good_defaults_for_nargs[argument_params0-args0-expected0] PASSED [  3%]
2025-09-20T19:31:42.1404076Z tests/test_arguments.py::test_good_defaults_for_nargs[argument_params1-args1-expected1] PASSED [  3%]
2025-09-20T19:31:42.1439933Z tests/test_arguments.py::test_good_defaults_for_nargs[argument_params2-args2-expected2] PASSED [  3%]
2025-09-20T19:31:42.1501817Z tests/test_arguments.py::test_good_defaults_for_nargs[argument_params3-args3-expected3] PASSED [  3%]
2025-09-20T19:31:42.1536882Z tests/test_arguments.py::test_good_defaults_for_nargs[argument_params4-args4-expected4] PASSED [  3%]
2025-09-20T19:31:42.1578580Z tests/test_arguments.py::test_good_defaults_for_nargs[argument_params5-args5-expected5] PASSED [  3%]
2025-09-20T19:31:42.1628312Z tests/test_arguments.py::test_good_defaults_for_nargs[argument_params6-args6-expected6] PASSED [  3%]
2025-09-20T19:31:42.1663754Z tests/test_arguments.py::test_good_defaults_for_nargs[argument_params7-args7-expected7] PASSED [  3%]
2025-09-20T19:31:42.1697518Z tests/test_arguments.py::test_good_defaults_for_nargs[argument_params8-args8-None] PASSED [  3%]
2025-09-20T19:31:42.1766850Z tests/test_arguments.py::test_good_defaults_for_nargs[argument_params9-args9-expected9] PASSED [  4%]
2025-09-20T19:31:42.1801213Z tests/test_arguments.py::test_good_defaults_for_nargs[argument_params10-args10-expected10] PASSED [  4%]
2025-09-20T19:31:42.1832858Z tests/test_arguments.py::test_good_defaults_for_nargs[argument_params11-args11-expected11] PASSED [  4%]
2025-09-20T19:31:42.1882739Z tests/test_arguments.py::test_good_defaults_for_nargs[argument_params12-args12-expected12] PASSED [  4%]
2025-09-20T19:31:42.1925312Z tests/test_arguments.py::test_bad_defaults_for_nargs[Yo-Error: Invalid value for '[A]...': Value must be an iterable.] PASSED [  4%]
2025-09-20T19:31:42.1966366Z tests/test_arguments.py::test_bad_defaults_for_nargs[-Error: Invalid value for '[A]...': Value must be an iterable.] PASSED [  4%]
2025-09-20T19:31:42.2097143Z tests/test_arguments.py::test_bad_defaults_for_nargs[True-Error: Invalid value for '[A]...': Value must be an iterable.] PASSED [  4%]
2025-09-20T19:31:42.2147592Z tests/test_arguments.py::test_bad_defaults_for_nargs[False-Error: Invalid value for '[A]...': Value must be an iterable.] PASSED [  4%]
2025-09-20T19:31:42.2186567Z tests/test_arguments.py::test_bad_defaults_for_nargs[12-Error: Invalid value for '[A]...': Value must be an iterable.] PASSED [  4%]
2025-09-20T19:31:42.2223196Z tests/test_arguments.py::test_bad_defaults_for_nargs[7.9-Error: Invalid value for '[A]...': Value must be an iterable.] PASSED [  4%]
2025-09-20T19:31:42.2322426Z tests/test_arguments.py::test_bad_defaults_for_nargs[default6-Error: Invalid value for '[A]...': Takes 2 values but 0 were given.] PASSED [  4%]
2025-09-20T19:31:42.2365619Z tests/test_arguments.py::test_bad_defaults_for_nargs[Sentinel.UNSET-Error: Missing argument 'A...'.] PASSED [  4%]
2025-09-20T19:31:42.2403688Z tests/test_arguments.py::test_bad_defaults_for_nargs[default8-Error: Invalid value for '[A]...': Takes 2 values but 0 were given.] PASSED [  4%]
2025-09-20T19:31:42.2459178Z tests/test_arguments.py::test_bad_defaults_for_nargs[default9-Error: Invalid value for '[A]...': Takes 2 values but 1 was given.] PASSED [  5%]
2025-09-20T19:31:42.2524530Z tests/test_arguments.py::test_bad_defaults_for_nargs[default10-Error: Invalid value for '[A]...': Takes 2 values but 3 were given.] PASSED [  5%]
2025-09-20T19:31:42.2572752Z tests/test_arguments.py::test_bad_defaults_for_nargs[default11-Error: Invalid value for '[A]...': Takes 2 values but 0 were given.] PASSED [  5%]
2025-09-20T19:31:42.2611333Z tests/test_arguments.py::test_bad_defaults_for_nargs[default12-Error: Invalid value for '[A]...': Takes 2 values but 1 was given.] PASSED [  5%]
2025-09-20T19:31:42.2653990Z tests/test_arguments.py::test_bad_defaults_for_nargs[default13-Error: Invalid value for '[A]...': Takes 2 values but 3 were given.] PASSED [  5%]
2025-09-20T19:31:42.2693466Z tests/test_arguments.py::test_bad_defaults_for_nargs[default14-Error: Invalid value for '[A]...': Takes 2 values but 0 were given.] PASSED [  5%]
2025-09-20T19:31:42.2747401Z tests/test_arguments.py::test_bad_defaults_for_nargs[default15-Error: Invalid value for '[A]...': Takes 2 values but 1 was given.] PASSED [  5%]
2025-09-20T19:31:42.2799415Z tests/test_arguments.py::test_bad_defaults_for_nargs[default16-Error: Invalid value for '[A]...': Takes 2 values but 3 were given.] PASSED [  5%]
2025-09-20T19:31:42.2834191Z tests/test_arguments.py::test_bad_defaults_for_nargs[default17-Error: Invalid value for '[A]...': Takes 2 values but 0 were given.] PASSED [  5%]
2025-09-20T19:31:42.2872932Z tests/test_arguments.py::test_bad_defaults_for_nargs[default18-Error: Invalid value for '[A]...': Takes 2 values but 1 was given.] PASSED [  5%]
2025-09-20T19:31:42.2921904Z tests/test_arguments.py::test_bad_defaults_for_nargs[default19-Error: Invalid value for '[A]...': Takes 2 values but 3 were given.] PASSED [  5%]
2025-09-20T19:31:42.2961804Z tests/test_arguments.py::test_bad_defaults_for_nargs[default20-Error: Invalid value for '[A]...': Takes 2 values but 0 were given.] PASSED [  5%]
2025-09-20T19:31:42.3002253Z tests/test_arguments.py::test_bad_defaults_for_nargs[default21-Error: Invalid value for '[A]...': Takes 2 values but 1 was given.] PASSED [  5%]
2025-09-20T19:31:42.3040831Z tests/test_arguments.py::test_bad_defaults_for_nargs[default22-Error: Invalid value for '[A]...': Takes 2 values but 3 were given.] PASSED [  6%]
2025-09-20T19:31:42.3062892Z tests/test_arguments.py::test_multiple_param_decls_not_allowed PASSED    [  6%]
2025-09-20T19:31:42.3184032Z tests/test_arguments.py::test_multiple_not_allowed PASSED                [  6%]
2025-09-20T19:31:42.3225406Z tests/test_arguments.py::test_subcommand_help PASSED                     [  6%]
2025-09-20T19:31:42.3271110Z tests/test_arguments.py::test_nested_subcommand_help PASSED              [  6%]
2025-09-20T19:31:42.3294931Z tests/test_arguments.py::test_when_argument_decorator_is_used_multiple_times_cls_is_preserved PASSED [  6%]
2025-09-20T19:31:42.3335926Z tests/test_arguments.py::test_duplicate_names_warning[args_one0-args_two0] PASSED [  6%]
2025-09-20T19:31:42.3373407Z tests/test_basic.py::test_basic_functionality PASSED                     [  6%]
2025-09-20T19:31:42.3393721Z tests/test_basic.py::test_repr PASSED                                    [  6%]
2025-09-20T19:31:42.3420878Z tests/test_basic.py::test_return_values PASSED                           [  6%]
2025-09-20T19:31:42.3465176Z tests/test_basic.py::test_basic_group PASSED                             [  6%]
2025-09-20T19:31:42.3496872Z tests/test_basic.py::test_group_commands_dict PASSED                     [  6%]
2025-09-20T19:31:42.3531761Z tests/test_basic.py::test_group_from_list PASSED                         [  6%]
2025-09-20T19:31:42.3573373Z tests/test_basic.py::test_string_option[args0-S:[no value]] PASSED       [  7%]
2025-09-20T19:31:42.3617275Z tests/test_basic.py::test_string_option[args1-S:[42]] PASSED             [  7%]
2025-09-20T19:31:42.3652696Z tests/test_basic.py::test_string_option[args2-Error: Option '--s' requires an argument.] PASSED [  7%]
2025-09-20T19:31:42.3715910Z tests/test_basic.py::test_string_option[args3-S:[]] PASSED               [  7%]
2025-09-20T19:31:42.3754283Z tests/test_basic.py::test_string_option[args4-S:[\u2603]] PASSED         [  7%]
2025-09-20T19:31:42.3785614Z tests/test_basic.py::test_int_option[args0-I:[84]] PASSED                [  7%]
2025-09-20T19:31:42.3815896Z tests/test_basic.py::test_int_option[args1-I:[46]] PASSED                [  7%]
2025-09-20T19:31:42.3856971Z tests/test_basic.py::test_int_option[args2-Error: Invalid value for '--i': 'x' is not a valid integer.] PASSED [  7%]
2025-09-20T19:31:42.3887384Z tests/test_basic.py::test_uuid_option[args0-U:[ba122011-349f-423b-873b-9d6a79c688ab]] PASSED [  7%]
2025-09-20T19:31:42.3917716Z tests/test_basic.py::test_uuid_option[args1-U:[821592c1-c50e-4971-9cd6-e89dc6832f86]] PASSED [  7%]
2025-09-20T19:31:42.3955775Z tests/test_basic.py::test_uuid_option[args2-Error: Invalid value for '--u': 'x' is not a valid UUID.] PASSED [  7%]
2025-09-20T19:31:42.3994091Z tests/test_basic.py::test_float_option[args0-F:[42.0]] PASSED            [  7%]
2025-09-20T19:31:42.4057845Z tests/test_basic.py::test_float_option[--f=23.5-F:[23.5]] PASSED         [  7%]
2025-09-20T19:31:42.4129378Z tests/test_basic.py::test_float_option[--f=x-Error: Invalid value for '--f': 'x' is not a valid float.] PASSED [  8%]
2025-09-20T19:31:42.4130575Z tests/test_basic.py::test_boolean_switch[args0-True-True] PASSED         [  8%]
2025-09-20T19:31:42.4134949Z tests/test_basic.py::test_boolean_switch[args1-False-True] PASSED        [  8%]
2025-09-20T19:31:42.4162964Z tests/test_basic.py::test_boolean_switch[args2-None-True] PASSED         [  8%]
2025-09-20T19:31:42.4195442Z tests/test_basic.py::test_boolean_switch[args3-Sentinel.UNSET-True] PASSED [  8%]
2025-09-20T19:31:42.4227648Z tests/test_basic.py::test_boolean_switch[args4-True-False] PASSED        [  8%]
2025-09-20T19:31:42.4284300Z tests/test_basic.py::test_boolean_switch[args5-False-False] PASSED       [  8%]
2025-09-20T19:31:42.4327108Z tests/test_basic.py::test_boolean_switch[args6-None-False] PASSED        [  8%]
2025-09-20T19:31:42.4368844Z tests/test_basic.py::test_boolean_switch[args7-Sentinel.UNSET-False] PASSED [  8%]
2025-09-20T19:31:42.4403659Z tests/test_basic.py::test_boolean_switch[args8-True-True] PASSED         [  8%]
2025-09-20T19:31:42.4433786Z tests/test_basic.py::test_boolean_switch[args9-False-False] PASSED       [  8%]
2025-09-20T19:31:42.4469418Z tests/test_basic.py::test_boolean_switch[args10-None-None] PASSED        [  8%]
2025-09-20T19:31:42.4500503Z tests/test_basic.py::test_boolean_switch[args11-Sentinel.UNSET-False] PASSED [  8%]
2025-09-20T19:31:42.4533225Z tests/test_basic.py::test_boolean_flag[True-args0-True] PASSED           [  9%]
2025-09-20T19:31:42.4567021Z tests/test_basic.py::test_boolean_flag[True-args1-True] PASSED           [  9%]
2025-09-20T19:31:42.4597463Z tests/test_basic.py::test_boolean_flag[False-args2-True] PASSED          [  9%]
2025-09-20T19:31:42.4628664Z tests/test_basic.py::test_boolean_flag[False-args3-False] PASSED         [  9%]
2025-09-20T19:31:42.4665574Z tests/test_basic.py::test_boolean_flag[None-args4-True] PASSED           [  9%]
2025-09-20T19:31:42.4696850Z tests/test_basic.py::test_boolean_flag[None-args5-None] PASSED           [  9%]
2025-09-20T19:31:42.4744467Z tests/test_basic.py::test_boolean_conversion[1-True] PASSED              [  9%]
2025-09-20T19:31:42.4785407Z tests/test_basic.py::test_boolean_conversion[true-True] PASSED           [  9%]
2025-09-20T19:31:42.4837674Z tests/test_basic.py::test_boolean_conversion[t-True] PASSED              [  9%]
2025-09-20T19:31:42.4875368Z tests/test_basic.py::test_boolean_conversion[yes-True] PASSED            [  9%]
2025-09-20T19:31:42.4948770Z tests/test_basic.py::test_boolean_conversion[y-True] PASSED              [  9%]
2025-09-20T19:31:42.4983350Z tests/test_basic.py::test_boolean_conversion[on-True] PASSED             [  9%]
2025-09-20T19:31:42.5020609Z tests/test_basic.py::test_boolean_conversion[0-False] PASSED             [  9%]
2025-09-20T19:31:42.5054356Z tests/test_basic.py::test_boolean_conversion[false-False] PASSED         [ 10%]
2025-09-20T19:31:42.5086326Z tests/test_basic.py::test_boolean_conversion[f-False] PASSED             [ 10%]
2025-09-20T19:31:42.5119157Z tests/test_basic.py::test_boolean_conversion[no-False] PASSED            [ 10%]
2025-09-20T19:31:42.5160082Z tests/test_basic.py::test_boolean_conversion[n-False] PASSED             [ 10%]
2025-09-20T19:31:42.5193305Z tests/test_basic.py::test_boolean_conversion[off-False] PASSED           [ 10%]
2025-09-20T19:31:42.5277260Z tests/test_basic.py::test_flag_value_dual_options[True-args0-upper] PASSED [ 10%]
2025-09-20T19:31:42.5308469Z tests/test_basic.py::test_flag_value_dual_options[True-args1-lower] PASSED [ 10%]
2025-09-20T19:31:42.5340736Z tests/test_basic.py::test_flag_value_dual_options[False-args2-upper] PASSED [ 10%]
2025-09-20T19:31:42.5483795Z tests/test_basic.py::test_flag_value_dual_options[False-args3-lower] PASSED [ 10%]
2025-09-20T19:31:42.5515680Z tests/test_basic.py::test_flag_value_dual_options[None-args4-upper] PASSED [ 10%]
2025-09-20T19:31:42.5545019Z tests/test_basic.py::test_flag_value_dual_options[None-args5-lower] PASSED [ 10%]
2025-09-20T19:31:42.5574950Z tests/test_basic.py::test_flag_value_dual_options[Sentinel.UNSET-args6-upper] PASSED [ 10%]
2025-09-20T19:31:42.5607232Z tests/test_basic.py::test_flag_value_dual_options[Sentinel.UNSET-args7-lower] PASSED [ 10%]
2025-09-20T19:31:42.5636993Z tests/test_basic.py::test_flag_value_dual_options[True-args8-lower] PASSED [ 11%]
2025-09-20T19:31:42.5673704Z tests/test_basic.py::test_flag_value_dual_options[True-args9-upper] PASSED [ 11%]
2025-09-20T19:31:42.5705835Z tests/test_basic.py::test_flag_value_dual_options[upper-args10-upper] PASSED [ 11%]
2025-09-20T19:31:42.5736318Z tests/test_basic.py::test_flag_value_dual_options[lower-args11-lower] PASSED [ 11%]
2025-09-20T19:31:42.5765434Z tests/test_basic.py::test_flag_value_dual_options[uPPer-args12-uPPer] PASSED [ 11%]
2025-09-20T19:31:42.5816233Z tests/test_basic.py::test_flag_value_dual_options[lOwEr-args13-lOwEr] PASSED [ 11%]
2025-09-20T19:31:42.5860074Z tests/test_basic.py::test_flag_value_dual_options[ \u1555( \u141b )\u1557 -args14- \u1555( \u141b )\u1557 ] PASSED [ 11%]
2025-09-20T19:31:42.5889844Z tests/test_basic.py::test_flag_value_dual_options[None-args15-None] PASSED [ 11%]
2025-09-20T19:31:42.5924363Z tests/test_basic.py::test_flag_value_dual_options[Sentinel.UNSET-args16-None] PASSED [ 11%]
2025-09-20T19:31:42.6017352Z tests/test_basic.py::test_flag_value_dual_options[True-args17-upper] PASSED [ 11%]
2025-09-20T19:31:42.6048739Z tests/test_basic.py::test_flag_value_dual_options[False-args18-False] PASSED [ 11%]
2025-09-20T19:31:42.6081235Z tests/test_basic.py::test_flag_value_dual_options[42-args19-42] PASSED   [ 11%]
2025-09-20T19:31:42.6115217Z tests/test_basic.py::test_flag_value_dual_options[12.3-args20-12.3] PASSED [ 11%]
2025-09-20T19:31:42.6155432Z tests/test_basic.py::test_file_option PASSED                             [ 12%]
2025-09-20T19:31:42.6222459Z tests/test_basic.py::test_file_lazy_mode PASSED                          [ 12%]
2025-09-20T19:31:42.6399880Z tests/test_basic.py::test_path_option PASSED                             [ 12%]
2025-09-20T19:31:42.6454938Z tests/test_basic.py::test_choice_option PASSED                           [ 12%]
2025-09-20T19:31:42.6503292Z tests/test_basic.py::test_choice_argument PASSED                         [ 12%]
2025-09-20T19:31:42.6557488Z tests/test_basic.py::test_choice_argument_enum PASSED                    [ 12%]
2025-09-20T19:31:42.6605917Z tests/test_basic.py::test_choice_argument_custom_type PASSED             [ 12%]
2025-09-20T19:31:42.6658550Z tests/test_basic.py::test_choice_argument_none PASSED                    [ 12%]
2025-09-20T19:31:42.7346743Z tests/test_basic.py::test_datetime_option_default PASSED                 [ 12%]
2025-09-20T19:31:42.7401194Z tests/test_basic.py::test_datetime_option_custom PASSED                  [ 12%]
2025-09-20T19:31:42.7435872Z tests/test_basic.py::test_required_option PASSED                         [ 12%]
2025-09-20T19:31:42.7474892Z tests/test_basic.py::test_evaluation_order PASSED                        [ 12%]
2025-09-20T19:31:42.7508201Z tests/test_basic.py::test_hidden_option PASSED                           [ 12%]
2025-09-20T19:31:42.7558142Z tests/test_basic.py::test_hidden_command PASSED                          [ 13%]
2025-09-20T19:31:42.7591328Z tests/test_basic.py::test_hidden_group PASSED                            [ 13%]
2025-09-20T19:31:42.7627348Z tests/test_basic.py::test_summary_line PASSED                            [ 13%]
2025-09-20T19:31:42.7671389Z tests/test_basic.py::test_help_invalid_default PASSED                    [ 13%]
2025-09-20T19:31:42.7708846Z tests/test_chain.py::test_basic_chaining PASSED                          [ 13%]
2025-09-20T19:31:42.7745311Z tests/test_chain.py::test_chaining_help[args0-COMMAND1 [ARGS]... [COMMAND2 [ARGS]...]...] PASSED [ 13%]
2025-09-20T19:31:42.7780940Z tests/test_chain.py::test_chaining_help[args1-ROOT HELP] PASSED          [ 13%]
2025-09-20T19:31:42.7831967Z tests/test_chain.py::test_chaining_help[args2-SDIST HELP] PASSED         [ 13%]
2025-09-20T19:31:42.7868762Z tests/test_chain.py::test_chaining_help[args3-BDIST HELP] PASSED         [ 13%]
2025-09-20T19:31:42.7906343Z tests/test_chain.py::test_chaining_help[args4-SDIST HELP] PASSED         [ 13%]
2025-09-20T19:31:42.7945209Z tests/test_chain.py::test_chaining_with_options PASSED                   [ 13%]
2025-09-20T19:31:42.7981699Z tests/test_chain.py::test_no_command_result_callback[False-1] PASSED     [ 13%]
2025-09-20T19:31:42.8010809Z tests/test_chain.py::test_no_command_result_callback[True-[]] PASSED     [ 13%]
2025-09-20T19:31:42.8062757Z tests/test_chain.py::test_chaining_with_arguments PASSED                 [ 14%]
2025-09-20T19:31:42.8100969Z tests/test_chain.py::test_pipeline[args0-foo\nbar-expect0] PASSED        [ 14%]
2025-09-20T19:31:42.8137888Z tests/test_chain.py::test_pipeline[args1-foo \n bar-expect1] PASSED      [ 14%]
2025-09-20T19:31:42.8216574Z tests/test_chain.py::test_pipeline[args2-foo \n bar-expect2] PASSED      [ 14%]
2025-09-20T19:31:42.8259767Z tests/test_chain.py::test_args_and_chain PASSED                          [ 14%]
2025-09-20T19:31:42.8318706Z tests/test_chain.py::test_group_arg_behavior PASSED                      [ 14%]
2025-09-20T19:31:43.1183727Z tests/test_chain.py::test_group_chaining XFAIL                           [ 14%]
2025-09-20T19:31:43.1215679Z tests/test_command_decorators.py::test_command_no_parens PASSED          [ 14%]
2025-09-20T19:31:43.1246707Z tests/test_command_decorators.py::test_custom_command_no_parens PASSED   [ 14%]
2025-09-20T19:31:43.1293174Z tests/test_command_decorators.py::test_group_no_parens PASSED            [ 14%]
2025-09-20T19:31:43.1324126Z tests/test_command_decorators.py::test_params_argument PASSED            [ 14%]
2025-09-20T19:31:43.1345689Z tests/test_command_decorators.py::test_generate_name[init_data] PASSED   [ 14%]
2025-09-20T19:31:43.1366410Z tests/test_command_decorators.py::test_generate_name[init_data_command] PASSED [ 14%]
2025-09-20T19:31:43.1388288Z tests/test_command_decorators.py::test_generate_name[init_data_cmd] PASSED [ 14%]
2025-09-20T19:31:43.1407823Z tests/test_command_decorators.py::test_generate_name[init_data_group] PASSED [ 15%]
2025-09-20T19:31:43.1430498Z tests/test_command_decorators.py::test_generate_name[init_data_grp] PASSED [ 15%]
2025-09-20T19:31:43.1458925Z tests/test_commands.py::test_other_command_invoke PASSED                 [ 15%]
2025-09-20T19:31:43.1492098Z tests/test_commands.py::test_other_command_forward PASSED                [ 15%]
2025-09-20T19:31:43.1529477Z tests/test_commands.py::test_forwarded_params_consistency PASSED         [ 15%]
2025-09-20T19:31:43.1575981Z tests/test_commands.py::test_auto_shorthelp PASSED                       [ 15%]
2025-09-20T19:31:43.1606276Z tests/test_commands.py::test_command_no_args_is_help PASSED              [ 15%]
2025-09-20T19:31:43.1637840Z tests/test_commands.py::test_default_maps PASSED                         [ 15%]
2025-09-20T19:31:43.1675480Z tests/test_commands.py::test_group_with_args[args0-2-Error: Missing command.] PASSED [ 15%]
2025-09-20T19:31:43.1713787Z tests/test_commands.py::test_group_with_args[args1-0-Show this message and exit.] PASSED [ 15%]
2025-09-20T19:31:43.1749256Z tests/test_commands.py::test_group_with_args[args2-0-obj=obj1\nmove\n] PASSED [ 15%]
2025-09-20T19:31:43.1787050Z tests/test_commands.py::test_group_with_args[args3-2-Show this message and exit.] PASSED [ 15%]
2025-09-20T19:31:43.2228800Z tests/test_commands.py::test_custom_parser PASSED                        [ 15%]
2025-09-20T19:31:43.2308067Z tests/test_commands.py::test_object_propagation PASSED                   [ 16%]
2025-09-20T19:31:43.2377912Z tests/test_commands.py::test_other_command_invoke_with_defaults PASSED   [ 16%]
2025-09-20T19:31:43.2418974Z tests/test_commands.py::test_invoked_subcommand PASSED                   [ 16%]
2025-09-20T19:31:43.2462303Z tests/test_commands.py::test_aliased_command_canonical_name PASSED       [ 16%]
2025-09-20T19:31:43.2495863Z tests/test_commands.py::test_group_add_command_name PASSED               [ 16%]
2025-09-20T19:31:43.2531848Z tests/test_commands.py::test_iter_params_for_processing[invocation_order0-declaration_order0-expected_order0] PASSED [ 16%]
2025-09-20T19:31:43.2555531Z tests/test_commands.py::test_iter_params_for_processing[invocation_order1-declaration_order1-expected_order1] PASSED [ 16%]
2025-09-20T19:31:43.2593952Z tests/test_commands.py::test_iter_params_for_processing[invocation_order2-declaration_order2-expected_order2] PASSED [ 16%]
2025-09-20T19:31:43.2707247Z tests/test_commands.py::test_iter_params_for_processing[invocation_order3-declaration_order3-expected_order3] PASSED [ 16%]
2025-09-20T19:31:43.2735489Z tests/test_commands.py::test_iter_params_for_processing[invocation_order4-declaration_order4-expected_order4] PASSED [ 16%]
2025-09-20T19:31:43.2760147Z tests/test_commands.py::test_iter_params_for_processing[invocation_order5-declaration_order5-expected_order5] PASSED [ 16%]
2025-09-20T19:31:43.2788700Z tests/test_commands.py::test_iter_params_for_processing[invocation_order6-declaration_order6-expected_order6] PASSED [ 16%]
2025-09-20T19:31:43.2813261Z tests/test_commands.py::test_iter_params_for_processing[invocation_order7-declaration_order7-expected_order7] PASSED [ 16%]
2025-09-20T19:31:43.2838568Z tests/test_commands.py::test_iter_params_for_processing[invocation_order8-declaration_order8-expected_order8] PASSED [ 17%]
2025-09-20T19:31:43.2900659Z tests/test_commands.py::test_iter_params_for_processing[invocation_order9-declaration_order9-expected_order9] PASSED [ 17%]
2025-09-20T19:31:43.2924724Z tests/test_commands.py::test_iter_params_for_processing[invocation_order10-declaration_order10-expected_order10] PASSED [ 17%]
2025-09-20T19:31:43.2947065Z tests/test_commands.py::test_iter_params_for_processing[invocation_order11-declaration_order11-expected_order11] PASSED [ 17%]
2025-09-20T19:31:43.2968581Z tests/test_commands.py::test_iter_params_for_processing[invocation_order12-declaration_order12-expected_order12] PASSED [ 17%]
2025-09-20T19:31:43.2990314Z tests/test_commands.py::test_iter_params_for_processing[invocation_order13-declaration_order13-expected_order13] PASSED [ 17%]
2025-09-20T19:31:43.3016600Z tests/test_commands.py::test_iter_params_for_processing[invocation_order14-declaration_order14-expected_order14] PASSED [ 17%]
2025-09-20T19:31:43.3040162Z tests/test_commands.py::test_iter_params_for_processing[invocation_order15-declaration_order15-expected_order15] PASSED [ 17%]
2025-09-20T19:31:43.3063973Z tests/test_commands.py::test_iter_params_for_processing[invocation_order16-declaration_order16-expected_order16] PASSED [ 17%]
2025-09-20T19:31:43.3086784Z tests/test_commands.py::test_iter_params_for_processing[invocation_order17-declaration_order17-expected_order17] PASSED [ 17%]
2025-09-20T19:31:43.3108936Z tests/test_commands.py::test_iter_params_for_processing[invocation_order18-declaration_order18-expected_order18] PASSED [ 17%]
2025-09-20T19:31:43.3158251Z tests/test_commands.py::test_iter_params_for_processing[invocation_order19-declaration_order19-expected_order19] PASSED [ 17%]
2025-09-20T19:31:43.3255824Z tests/test_commands.py::test_iter_params_for_processing[invocation_order20-declaration_order20-expected_order20] PASSED [ 17%]
2025-09-20T19:31:43.3282687Z tests/test_commands.py::test_iter_params_for_processing[invocation_order21-declaration_order21-expected_order21] PASSED [ 18%]
2025-09-20T19:31:43.3304772Z tests/test_commands.py::test_iter_params_for_processing[invocation_order22-declaration_order22-expected_order22] PASSED [ 18%]
2025-09-20T19:31:43.3326263Z tests/test_commands.py::test_iter_params_for_processing[invocation_order23-declaration_order23-expected_order23] PASSED [ 18%]
2025-09-20T19:31:43.3349058Z tests/test_commands.py::test_iter_params_for_processing[invocation_order24-declaration_order24-expected_order24] PASSED [ 18%]
2025-09-20T19:31:43.3370582Z tests/test_commands.py::test_iter_params_for_processing[invocation_order25-declaration_order25-expected_order25] PASSED [ 18%]
2025-09-20T19:31:43.3479024Z tests/test_commands.py::test_iter_params_for_processing[invocation_order26-declaration_order26-expected_order26] PASSED [ 18%]
2025-09-20T19:31:43.3501985Z tests/test_commands.py::test_iter_params_for_processing[invocation_order27-declaration_order27-expected_order27] PASSED [ 18%]
2025-09-20T19:31:43.3523784Z tests/test_commands.py::test_iter_params_for_processing[invocation_order28-declaration_order28-expected_order28] PASSED [ 18%]
2025-09-20T19:31:43.3550915Z tests/test_commands.py::test_iter_params_for_processing[invocation_order29-declaration_order29-expected_order29] PASSED [ 18%]
2025-09-20T19:31:43.3572154Z tests/test_commands.py::test_iter_params_for_processing[invocation_order30-declaration_order30-expected_order30] PASSED [ 18%]
2025-09-20T19:31:43.3613552Z tests/test_commands.py::test_iter_params_for_processing[invocation_order31-declaration_order31-expected_order31] PASSED [ 18%]
2025-09-20T19:31:43.3637731Z tests/test_commands.py::test_iter_params_for_processing[invocation_order32-declaration_order32-expected_order32] PASSED [ 18%]
2025-09-20T19:31:43.3669196Z tests/test_commands.py::test_iter_params_for_processing[invocation_order33-declaration_order33-expected_order33] PASSED [ 18%]
2025-09-20T19:31:43.3759530Z tests/test_commands.py::test_help_param_priority PASSED                  [ 19%]
2025-09-20T19:31:43.3795352Z tests/test_commands.py::test_unprocessed_options PASSED                  [ 19%]
2025-09-20T19:31:43.3828867Z tests/test_commands.py::test_deprecated_in_help_messages[True-CLI HELP] PASSED [ 19%]
2025-09-20T19:31:43.3864308Z tests/test_commands.py::test_deprecated_in_help_messages[True-None] PASSED [ 19%]
2025-09-20T19:31:43.3912795Z tests/test_commands.py::test_deprecated_in_help_messages[USE OTHER COMMAND INSTEAD-CLI HELP] PASSED [ 19%]
2025-09-20T19:31:43.3955016Z tests/test_commands.py::test_deprecated_in_help_messages[USE OTHER COMMAND INSTEAD-None] PASSED [ 19%]
2025-09-20T19:31:43.3989108Z tests/test_commands.py::test_deprecated_in_invocation[True] PASSED       [ 19%]
2025-09-20T19:31:43.4017802Z tests/test_commands.py::test_deprecated_in_invocation[USE OTHER COMMAND INSTEAD] PASSED [ 19%]
2025-09-20T19:31:43.4042197Z tests/test_commands.py::test_command_parse_args_collects_option_prefixes PASSED [ 19%]
2025-09-20T19:31:43.4071302Z tests/test_commands.py::test_group_parse_args_collects_base_option_prefixes PASSED [ 19%]
2025-09-20T19:31:43.4105680Z tests/test_commands.py::test_group_invoke_collects_used_option_prefixes PASSED [ 19%]
2025-09-20T19:31:43.4132505Z tests/test_commands.py::test_abort_exceptions_with_disabled_standalone_mode[EOFError] PASSED [ 19%]
2025-09-20T19:31:43.4159128Z tests/test_commands.py::test_abort_exceptions_with_disabled_standalone_mode[KeyboardInterrupt] PASSED [ 19%]
2025-09-20T19:31:43.4178463Z tests/test_compat.py::test_is_jupyter_kernel_output PASSED               [ 20%]
2025-09-20T19:31:43.4212242Z tests/test_context.py::test_ensure_context_objects PASSED                [ 20%]
2025-09-20T19:31:43.4248618Z tests/test_context.py::test_get_context_objects PASSED                   [ 20%]
2025-09-20T19:31:43.4280971Z tests/test_context.py::test_get_context_objects_no_ensuring PASSED       [ 20%]
2025-09-20T19:31:43.4311467Z tests/test_context.py::test_get_context_objects_missing PASSED           [ 20%]
2025-09-20T19:31:43.4340342Z tests/test_context.py::test_multi_enter PASSED                           [ 20%]
2025-09-20T19:31:43.4366969Z tests/test_context.py::test_global_context_object PASSED                 [ 20%]
2025-09-20T19:31:43.4392115Z tests/test_context.py::test_context_meta PASSED                          [ 20%]
2025-09-20T19:31:43.4432574Z tests/test_context.py::test_make_pass_meta_decorator PASSED              [ 20%]
2025-09-20T19:31:43.4460316Z tests/test_context.py::test_make_pass_meta_decorator_doc PASSED          [ 20%]
2025-09-20T19:31:43.4486635Z tests/test_context.py::test_context_pushing PASSED                       [ 20%]
2025-09-20T19:31:43.4517873Z tests/test_context.py::test_pass_obj PASSED                              [ 20%]
2025-09-20T19:31:43.4545025Z tests/test_context.py::test_close_before_pop PASSED                      [ 20%]
2025-09-20T19:31:43.4607232Z tests/test_context.py::test_close_before_exit PASSED                     [ 21%]
2025-09-20T19:31:43.4636003Z tests/test_context.py::test_multiple_eager_callbacks[natural_order] PASSED [ 21%]
2025-09-20T19:31:43.4674051Z tests/test_context.py::test_multiple_eager_callbacks[eagerness_precedence] PASSED [ 21%]
2025-09-20T19:31:43.4720134Z tests/test_context.py::test_no_state_leaks PASSED                        [ 21%]
2025-09-20T19:31:43.4738090Z tests/test_context.py::test_with_resource PASSED                         [ 21%]
2025-09-20T19:31:43.4759108Z tests/test_context.py::test_with_resource_exception PASSED               [ 21%]
2025-09-20T19:31:43.4781810Z tests/test_context.py::test_with_resource_nested_exception PASSED        [ 21%]
2025-09-20T19:31:43.4819662Z tests/test_context.py::test_make_pass_decorator_args PASSED              [ 21%]
2025-09-20T19:31:43.4866365Z tests/test_context.py::test_propagate_show_default_setting PASSED        [ 21%]
2025-09-20T19:31:43.4936488Z tests/test_context.py::test_exit_not_standalone PASSED                   [ 21%]
2025-09-20T19:31:43.4972133Z tests/test_context.py::test_parameter_source[default] PASSED             [ 21%]
2025-09-20T19:31:43.4999739Z tests/test_context.py::test_parameter_source[default_map] PASSED         [ 21%]
2025-09-20T19:31:43.5027650Z tests/test_context.py::test_parameter_source[commandline short] PASSED   [ 21%]
2025-09-20T19:31:43.5053661Z tests/test_context.py::test_parameter_source[commandline long] PASSED    [ 22%]
2025-09-20T19:31:43.5081737Z tests/test_context.py::test_parameter_source[environment auto] PASSED    [ 22%]
2025-09-20T19:31:43.5110704Z tests/test_context.py::test_parameter_source[environment manual] PASSED  [ 22%]
2025-09-20T19:31:43.5130983Z tests/test_context.py::test_propagate_opt_prefixes PASSED                [ 22%]
2025-09-20T19:31:43.5153638Z tests/test_custom_classes.py::test_command_context_class PASSED          [ 22%]
2025-09-20T19:31:43.5183836Z tests/test_custom_classes.py::test_context_invoke_type PASSED            [ 22%]
2025-09-20T19:31:43.5210092Z tests/test_custom_classes.py::test_context_formatter_class PASSED        [ 22%]
2025-09-20T19:31:43.5230009Z tests/test_custom_classes.py::test_group_command_class PASSED            [ 22%]
2025-09-20T19:31:43.5249944Z tests/test_custom_classes.py::test_group_group_class PASSED              [ 22%]
2025-09-20T19:31:43.5270753Z tests/test_custom_classes.py::test_group_group_class_self PASSED         [ 22%]
2025-09-20T19:31:43.5330444Z tests/test_defaults.py::test_basic_defaults PASSED                       [ 22%]
2025-09-20T19:31:43.5357647Z tests/test_defaults.py::test_multiple_defaults PASSED                    [ 22%]
2025-09-20T19:31:43.5384111Z tests/test_defaults.py::test_nargs_plus_multiple PASSED                  [ 22%]
2025-09-20T19:31:43.5449632Z tests/test_defaults.py::test_multiple_flag_default PASSED                [ 23%]
2025-09-20T19:31:43.5514885Z tests/test_defaults.py::test_flag_default_map PASSED                     [ 23%]
2025-09-20T19:31:43.5565757Z tests/test_formatting.py::test_basic_functionality PASSED                [ 23%]
2025-09-20T19:31:43.5613609Z tests/test_formatting.py::test_wrapping_long_options_strings PASSED      [ 23%]
2025-09-20T19:31:43.5657171Z tests/test_formatting.py::test_wrapping_long_command_name PASSED         [ 23%]
2025-09-20T19:31:43.5687594Z tests/test_formatting.py::test_formatting_empty_help_lines PASSED        [ 23%]
2025-09-20T19:31:43.5721559Z tests/test_formatting.py::test_formatting_usage_error PASSED             [ 23%]
2025-09-20T19:31:43.5751308Z tests/test_formatting.py::test_formatting_usage_error_metavar_missing_arg PASSED [ 23%]
2025-09-20T19:31:43.5800151Z tests/test_formatting.py::test_formatting_usage_error_metavar_bad_arg PASSED [ 23%]
2025-09-20T19:31:43.5837197Z tests/test_formatting.py::test_formatting_usage_error_nested PASSED      [ 23%]
2025-09-20T19:31:43.5863295Z tests/test_formatting.py::test_formatting_usage_error_no_help PASSED     [ 23%]
2025-09-20T19:31:43.5891524Z tests/test_formatting.py::test_formatting_usage_custom_help PASSED       [ 23%]
2025-09-20T19:31:43.5963797Z tests/test_formatting.py::test_formatting_custom_type_metavar PASSED     [ 23%]
2025-09-20T19:31:43.5994565Z tests/test_formatting.py::test_truncating_docstring PASSED               [ 24%]
2025-09-20T19:31:43.6027812Z tests/test_formatting.py::test_truncating_docstring_no_help PASSED       [ 24%]
2025-09-20T19:31:43.6065966Z tests/test_formatting.py::test_removing_multiline_marker PASSED          [ 24%]
2025-09-20T19:31:43.6097805Z tests/test_formatting.py::test_global_show_default PASSED                [ 24%]
2025-09-20T19:31:43.6169105Z tests/test_formatting.py::test_formatting_with_options_metavar_empty PASSED [ 24%]
2025-09-20T19:31:43.6192123Z tests/test_formatting.py::test_help_formatter_write_text PASSED          [ 24%]
2025-09-20T19:31:43.7077555Z tests/test_imports.py::test_light_imports PASSED                         [ 24%]
2025-09-20T19:31:43.7100114Z tests/test_info_dict.py::test_parameter[Func ParamType] PASSED           [ 24%]
2025-09-20T19:31:43.7119696Z tests/test_info_dict.py::test_parameter[UNPROCESSED ParamType] PASSED    [ 24%]
2025-09-20T19:31:43.7139685Z tests/test_info_dict.py::test_parameter[STRING ParamType] PASSED         [ 24%]
2025-09-20T19:31:43.7159838Z tests/test_info_dict.py::test_parameter[Choice ParamType] PASSED         [ 24%]
2025-09-20T19:31:43.7178726Z tests/test_info_dict.py::test_parameter[DateTime ParamType] PASSED       [ 24%]
2025-09-20T19:31:43.7199118Z tests/test_info_dict.py::test_parameter[INT ParamType] PASSED            [ 24%]
2025-09-20T19:31:43.7217504Z tests/test_info_dict.py::test_parameter[IntRange ParamType] PASSED       [ 25%]
2025-09-20T19:31:43.7234276Z tests/test_info_dict.py::test_parameter[FLOAT ParamType] PASSED          [ 25%]
2025-09-20T19:31:43.7251588Z tests/test_info_dict.py::test_parameter[FloatRange ParamType] PASSED     [ 25%]
2025-09-20T19:31:43.7269166Z tests/test_info_dict.py::test_parameter[Bool ParamType] PASSED           [ 25%]
2025-09-20T19:31:43.7287069Z tests/test_info_dict.py::test_parameter[UUID ParamType] PASSED           [ 25%]
2025-09-20T19:31:43.7306650Z tests/test_info_dict.py::test_parameter[File ParamType] PASSED           [ 25%]
2025-09-20T19:31:43.7324603Z tests/test_info_dict.py::test_parameter[Path ParamType] PASSED           [ 25%]
2025-09-20T19:31:43.7342431Z tests/test_info_dict.py::test_parameter[Tuple ParamType] PASSED          [ 25%]
2025-09-20T19:31:43.7359665Z tests/test_info_dict.py::test_parameter[Option] PASSED                   [ 25%]
2025-09-20T19:31:43.7377181Z tests/test_info_dict.py::test_parameter[Flag Option] PASSED              [ 25%]
2025-09-20T19:31:43.7394663Z tests/test_info_dict.py::test_parameter[Argument] PASSED                 [ 25%]
2025-09-20T19:31:43.7430678Z tests/test_info_dict.py::test_command[Command] PASSED                    [ 25%]
2025-09-20T19:31:43.7530654Z tests/test_info_dict.py::test_command[Group] PASSED                      [ 25%]
2025-09-20T19:31:43.7531644Z tests/test_info_dict.py::test_command[Nested Group] PASSED               [ 26%]
2025-09-20T19:31:43.7532468Z tests/test_info_dict.py::test_context PASSED                             [ 26%]
2025-09-20T19:31:43.7533633Z tests/test_info_dict.py::test_paramtype_no_name PASSED                   [ 26%]
2025-09-20T19:31:43.7587839Z tests/test_normalization.py::test_option_normalization PASSED            [ 26%]
2025-09-20T19:31:43.7642029Z tests/test_normalization.py::test_choice_normalization PASSED            [ 26%]
2025-09-20T19:31:43.7670856Z tests/test_normalization.py::test_command_normalization PASSED           [ 26%]
2025-09-20T19:31:43.7709390Z tests/test_options.py::test_prefixes PASSED                              [ 26%]
2025-09-20T19:31:43.7731703Z tests/test_options.py::test_invalid_option PASSED                        [ 26%]
2025-09-20T19:31:43.7886476Z tests/test_options.py::test_deprecated_usage[True] PASSED                [ 26%]
2025-09-20T19:31:43.7917587Z tests/test_options.py::test_deprecated_usage[USE B INSTEAD] PASSED       [ 26%]
2025-09-20T19:31:43.7948293Z tests/test_options.py::test_deprecated_warning[True] PASSED              [ 26%]
2025-09-20T19:31:43.7978331Z tests/test_options.py::test_deprecated_warning[USE B INSTEAD] PASSED     [ 26%]
2025-09-20T19:31:43.8008010Z tests/test_options.py::test_deprecated_required PASSED                   [ 26%]
2025-09-20T19:31:43.8028222Z tests/test_options.py::test_deprecated_prompt PASSED                     [ 27%]
2025-09-20T19:31:43.8114280Z tests/test_options.py::test_invalid_nargs PASSED                         [ 27%]
2025-09-20T19:31:43.8115246Z tests/test_options.py::test_nargs_tup_composite_mult PASSED              [ 27%]
2025-09-20T19:31:43.8138561Z tests/test_options.py::test_counting PASSED                              [ 27%]
2025-09-20T19:31:43.8168011Z tests/test_options.py::test_unknown_options[--foo] PASSED                [ 27%]
2025-09-20T19:31:43.8201205Z tests/test_options.py::test_unknown_options[-f] PASSED                   [ 27%]
2025-09-20T19:31:43.8244204Z tests/test_options.py::test_suggest_possible_options[--cat-Did you mean --count?] PASSED [ 27%]
2025-09-20T19:31:43.8277371Z tests/test_options.py::test_suggest_possible_options[--bounds-(Possible options: --bound, --count)] PASSED [ 27%]
2025-09-20T19:31:43.8347429Z tests/test_options.py::test_suggest_possible_options[--bount-(Possible options: --bound, --count)] PASSED [ 27%]
2025-09-20T19:31:43.8384623Z tests/test_options.py::test_multiple_required PASSED                     [ 27%]
2025-09-20T19:31:43.8410537Z tests/test_options.py::test_good_defaults_for_multiple[True-1-default0-expected0] PASSED [ 27%]
2025-09-20T19:31:43.8442045Z tests/test_options.py::test_good_defaults_for_multiple[True-1-default1-expected1] PASSED [ 27%]
2025-09-20T19:31:43.8605914Z tests/test_options.py::test_good_defaults_for_multiple[True-1-default2-expected2] PASSED [ 27%]
2025-09-20T19:31:43.8635321Z tests/test_options.py::test_good_defaults_for_multiple[True-1-default3-expected3] PASSED [ 28%]
2025-09-20T19:31:43.8660474Z tests/test_options.py::test_good_defaults_for_multiple[True-1-default4-expected4] PASSED [ 28%]
2025-09-20T19:31:43.8686455Z tests/test_options.py::test_good_defaults_for_multiple[True-1-default5-expected5] PASSED [ 28%]
2025-09-20T19:31:43.8710719Z tests/test_options.py::test_good_defaults_for_multiple[True-1-None-expected6] PASSED [ 28%]
2025-09-20T19:31:43.8738204Z tests/test_options.py::test_good_defaults_for_multiple[True-1-Sentinel.UNSET-expected7] PASSED [ 28%]
2025-09-20T19:31:43.8764296Z tests/test_options.py::test_good_defaults_for_multiple[True-1-default8-expected8] PASSED [ 28%]
2025-09-20T19:31:43.8832268Z tests/test_options.py::test_good_defaults_for_multiple[True-1-default9-expected9] PASSED [ 28%]
2025-09-20T19:31:43.8866338Z tests/test_options.py::test_good_defaults_for_multiple[True-1-default10-expected10] PASSED [ 28%]
2025-09-20T19:31:43.8879970Z tests/test_options.py::test_good_defaults_for_multiple[True-1-default11-expected11] PASSED [ 28%]
2025-09-20T19:31:43.8904726Z tests/test_options.py::test_good_defaults_for_multiple[True-1-default12-expected12] PASSED [ 28%]
2025-09-20T19:31:43.8938857Z tests/test_options.py::test_good_defaults_for_multiple[True-1-default13-expected13] PASSED [ 28%]
2025-09-20T19:31:43.8963739Z tests/test_options.py::test_good_defaults_for_multiple[True-1-default14-expected14] PASSED [ 28%]
2025-09-20T19:31:43.8988523Z tests/test_options.py::test_good_defaults_for_multiple[True-1-default15-expected15] PASSED [ 28%]
2025-09-20T19:31:43.9012094Z tests/test_options.py::test_good_defaults_for_multiple[True-1-default16-expected16] PASSED [ 28%]
2025-09-20T19:31:43.9039577Z tests/test_options.py::test_good_defaults_for_multiple[True-2-default17-expected17] PASSED [ 29%]
2025-09-20T19:31:43.9063486Z tests/test_options.py::test_good_defaults_for_multiple[True-2-default18-expected18] PASSED [ 29%]
2025-09-20T19:31:43.9111059Z tests/test_options.py::test_good_defaults_for_multiple[True-2-default19-expected19] PASSED [ 29%]
2025-09-20T19:31:43.9138496Z tests/test_options.py::test_good_defaults_for_multiple[True-2-default20-expected20] PASSED [ 29%]
2025-09-20T19:31:43.9162460Z tests/test_options.py::test_good_defaults_for_multiple[True-2-default21-expected21] PASSED [ 29%]
2025-09-20T19:31:43.9187318Z tests/test_options.py::test_good_defaults_for_multiple[True-2-default22-expected22] PASSED [ 29%]
2025-09-20T19:31:43.9210406Z tests/test_options.py::test_good_defaults_for_multiple[True-2-None-expected23] PASSED [ 29%]
2025-09-20T19:31:43.9239098Z tests/test_options.py::test_good_defaults_for_multiple[True-2-Sentinel.UNSET-expected24] PASSED [ 29%]
2025-09-20T19:31:43.9264068Z tests/test_options.py::test_good_defaults_for_multiple[True-2-default25-expected25] PASSED [ 29%]
2025-09-20T19:31:43.9288000Z tests/test_options.py::test_good_defaults_for_multiple[True-2-default26-expected26] PASSED [ 29%]
2025-09-20T19:31:43.9311865Z tests/test_options.py::test_good_defaults_for_multiple[True-2-default27-expected27] PASSED [ 29%]
2025-09-20T19:31:43.9338413Z tests/test_options.py::test_good_defaults_for_multiple[True-2-default28-expected28] PASSED [ 29%]
2025-09-20T19:31:43.9362480Z tests/test_options.py::test_good_defaults_for_multiple[True-2-default29-expected29] PASSED [ 29%]
2025-09-20T19:31:43.9389985Z tests/test_options.py::test_good_defaults_for_multiple[True-2-default30-expected30] PASSED [ 30%]
2025-09-20T19:31:43.9415714Z tests/test_options.py::test_good_defaults_for_multiple[True-2-default31-expected31] PASSED [ 30%]
2025-09-20T19:31:43.9456932Z tests/test_options.py::test_good_defaults_for_multiple[True-2-default32-expected32] PASSED [ 30%]
2025-09-20T19:31:43.9497548Z tests/test_options.py::test_good_defaults_for_multiple[False-2-default33-expected33] PASSED [ 30%]
2025-09-20T19:31:43.9541943Z tests/test_options.py::test_bad_defaults_for_multiple[True-1-Yo-None-Error: Invalid value for '-a': Value must be an iterable.] PASSED [ 30%]
2025-09-20T19:31:43.9597469Z tests/test_options.py::test_bad_defaults_for_multiple[True-1--None-Error: Invalid value for '-a': Value must be an iterable.] PASSED [ 30%]
2025-09-20T19:31:43.9648530Z tests/test_options.py::test_bad_defaults_for_multiple[True-1-True-None-Error: Invalid value for '-a': Value must be an iterable.] PASSED [ 30%]
2025-09-20T19:31:43.9704865Z tests/test_options.py::test_bad_defaults_for_multiple[True-1-False-None-Error: Invalid value for '-a': Value must be an iterable.] PASSED [ 30%]
2025-09-20T19:31:43.9740196Z tests/test_options.py::test_bad_defaults_for_multiple[True-1-12-None-Error: Invalid value for '-a': Value must be an iterable.] PASSED [ 30%]
2025-09-20T19:31:43.9771435Z tests/test_options.py::test_bad_defaults_for_multiple[True-1-7.9-None-Error: Invalid value for '-a': Value must be an iterable.] PASSED [ 30%]
2025-09-20T19:31:43.9806838Z tests/test_options.py::test_bad_defaults_for_multiple[False-2-42-None-Error: Invalid value for '-a': Value must be an iterable.] PASSED [ 30%]
2025-09-20T19:31:43.9842327Z tests/test_options.py::test_bad_defaults_for_multiple[True-2-default7-None-Error: Invalid value for '-a': Value must be an iterable.] PASSED [ 30%]
2025-09-20T19:31:43.9883266Z tests/test_options.py::test_bad_defaults_for_multiple[True-2-default8-None-Error: Invalid value for '-a': Value must be an iterable.] PASSED [ 30%]
2025-09-20T19:31:43.9926044Z tests/test_options.py::test_bad_defaults_for_multiple[True-2-default9-None-Error: Invalid value for '-a': Value must be an iterable.] PASSED [ 31%]
2025-09-20T19:31:43.9959728Z tests/test_options.py::test_bad_defaults_for_multiple[True-2-default10-ValueError-'nargs' must be 0 \\(or None\\) for type <click\\.types\\.Tuple object at 0x[0-9A-Fa-f]+>, but it was 2\\.] PASSED [ 31%]
2025-09-20T19:31:43.9984523Z tests/test_options.py::test_bad_defaults_for_multiple[True-2-default11-ValueError-'nargs' must be 1 \\(or None\\) for type <click\\.types\\.Tuple object at 0x[0-9A-Fa-f]+>, but it was 2\\.] PASSED [ 31%]
2025-09-20T19:31:44.0007881Z tests/test_options.py::test_bad_defaults_for_multiple[True-2-default12-ValueError-'nargs' must be 3 \\(or None\\) for type <click\\.types\\.Tuple object at 0x[0-9A-Fa-f]+>, but it was 2\\.] PASSED [ 31%]
2025-09-20T19:31:44.0054715Z tests/test_options.py::test_bad_defaults_for_multiple[True-2-default13-None-Error: Invalid value for '-a': 2 values are required, but 0 were given.] PASSED [ 31%]
2025-09-20T19:31:44.0088503Z tests/test_options.py::test_bad_defaults_for_multiple[False-2-default14-None-Error: Invalid value for '-a': Takes 2 values but 1 was given.] PASSED [ 31%]
2025-09-20T19:31:44.0109734Z tests/test_options.py::test_bad_defaults_for_multiple[True-2-default15-ValueError-'nargs' must be 1 \\(or None\\) for type <click\\.types\\.Tuple object at 0x[0-9A-Fa-f]+>, but it was 2\\.] PASSED [ 31%]
2025-09-20T19:31:44.0134512Z tests/test_options.py::test_empty_envvar[MYPATH] PASSED                  [ 31%]
2025-09-20T19:31:44.0162047Z tests/test_options.py::test_empty_envvar[AUTO_MYPATH] PASSED             [ 31%]
2025-09-20T19:31:44.0209455Z tests/test_options.py::test_multiple_envvar PASSED                       [ 31%]
2025-09-20T19:31:44.0236504Z tests/test_options.py::test_boolean_flag_envvar[SHOUT-true-True] PASSED  [ 31%]
2025-09-20T19:31:44.0259999Z tests/test_options.py::test_boolean_flag_envvar[SHOUT-false-False] PASSED [ 31%]
2025-09-20T19:31:44.0286851Z tests/test_options.py::test_boolean_flag_envvar[SHOUT-True-True] PASSED  [ 31%]
2025-09-20T19:31:44.0348261Z tests/test_options.py::test_boolean_flag_envvar[SHOUT-False-False] PASSED [ 32%]
2025-09-20T19:31:44.0372030Z tests/test_options.py::test_boolean_flag_envvar[SHOUT-TRUE-True] PASSED  [ 32%]
2025-09-20T19:31:44.0424085Z tests/test_options.py::test_boolean_flag_envvar[SHOUT-FALSE-False] PASSED [ 32%]
2025-09-20T19:31:44.0450316Z tests/test_options.py::test_boolean_flag_envvar[SHOUT-TruE-True] PASSED  [ 32%]
2025-09-20T19:31:44.0473460Z tests/test_options.py::test_boolean_flag_envvar[SHOUT-truE-True] PASSED  [ 32%]
2025-09-20T19:31:44.0497353Z tests/test_options.py::test_boolean_flag_envvar[SHOUT-FaLsE-False] PASSED [ 32%]
2025-09-20T19:31:44.0520710Z tests/test_options.py::test_boolean_flag_envvar[SHOUT-falsE-False] PASSED [ 32%]
2025-09-20T19:31:44.0546877Z tests/test_options.py::test_boolean_flag_envvar[SHOUT-true    -True] PASSED [ 32%]
2025-09-20T19:31:44.0570876Z tests/test_options.py::test_boolean_flag_envvar[SHOUT-  true  -True] PASSED [ 32%]
2025-09-20T19:31:44.0602893Z tests/test_options.py::test_boolean_flag_envvar[SHOUT-    true-True] PASSED [ 32%]
2025-09-20T19:31:44.0626723Z tests/test_options.py::test_boolean_flag_envvar[SHOUT-false   -False] PASSED [ 32%]
2025-09-20T19:31:44.0652869Z tests/test_options.py::test_boolean_flag_envvar[SHOUT-  false -False] PASSED [ 32%]
2025-09-20T19:31:44.0686556Z tests/test_options.py::test_boolean_flag_envvar[SHOUT-   false-False] PASSED [ 32%]
2025-09-20T19:31:44.0711355Z tests/test_options.py::test_boolean_flag_envvar[SHOUT-1-True] PASSED     [ 33%]
2025-09-20T19:31:44.0757209Z tests/test_options.py::test_boolean_flag_envvar[SHOUT-0-False] PASSED    [ 33%]
2025-09-20T19:31:44.0773977Z tests/test_options.py::test_boolean_flag_envvar[SHOUT-t-True] PASSED     [ 33%]
2025-09-20T19:31:44.0798174Z tests/test_options.py::test_boolean_flag_envvar[SHOUT-T-True] PASSED     [ 33%]
2025-09-20T19:31:44.0820684Z tests/test_options.py::test_boolean_flag_envvar[SHOUT-  T  -True] PASSED [ 33%]
2025-09-20T19:31:44.0843825Z tests/test_options.py::test_boolean_flag_envvar[SHOUT-f-False] PASSED    [ 33%]
2025-09-20T19:31:44.0869069Z tests/test_options.py::test_boolean_flag_envvar[SHOUT-y-True] PASSED     [ 33%]
2025-09-20T19:31:44.0892011Z tests/test_options.py::test_boolean_flag_envvar[SHOUT-n-False] PASSED    [ 33%]
2025-09-20T19:31:44.0914073Z tests/test_options.py::test_boolean_flag_envvar[SHOUT-yes-True] PASSED   [ 33%]
2025-09-20T19:31:44.0936099Z tests/test_options.py::test_boolean_flag_envvar[SHOUT-no-False] PASSED   [ 33%]
2025-09-20T19:31:44.0957894Z tests/test_options.py::test_boolean_flag_envvar[SHOUT-on-True] PASSED    [ 33%]
2025-09-20T19:31:44.0987369Z tests/test_options.py::test_boolean_flag_envvar[SHOUT-off-False] PASSED  [ 33%]
2025-09-20T19:31:44.1070205Z tests/test_options.py::test_boolean_flag_envvar[SHOUT-None-False] PASSED [ 33%]
2025-09-20T19:31:44.1092220Z tests/test_options.py::test_boolean_flag_envvar[SHOUT--False] PASSED     [ 34%]
2025-09-20T19:31:44.1114635Z tests/test_options.py::test_boolean_flag_envvar[SHOUT- -False] PASSED    [ 34%]
2025-09-20T19:31:44.1136448Z tests/test_options.py::test_boolean_flag_envvar[SHOUT-       -False] PASSED [ 34%]
2025-09-20T19:31:44.1162784Z tests/test_options.py::test_boolean_flag_envvar[SHOUT    -True-False] PASSED [ 34%]
2025-09-20T19:31:44.1184640Z tests/test_options.py::test_boolean_flag_envvar[SHOUT    -False-False] PASSED [ 34%]
2025-09-20T19:31:44.1208949Z tests/test_options.py::test_boolean_flag_envvar[  SHOUT  -True-False] PASSED [ 34%]
2025-09-20T19:31:44.1270741Z tests/test_options.py::test_boolean_flag_envvar[  SHOUT  -False-False] PASSED [ 34%]
2025-09-20T19:31:44.1293846Z tests/test_options.py::test_boolean_flag_envvar[    SHOUT-True-False] PASSED [ 34%]
2025-09-20T19:31:44.1315447Z tests/test_options.py::test_boolean_flag_envvar[    SHOUT-False-False] PASSED [ 34%]
2025-09-20T19:31:44.1349047Z tests/test_options.py::test_boolean_flag_envvar[SH    OUT-True-False] PASSED [ 34%]
2025-09-20T19:31:44.1371225Z tests/test_options.py::test_boolean_flag_envvar[SH    OUT-False-False] PASSED [ 34%]
2025-09-20T19:31:44.1393737Z tests/test_options.py::test_boolean_flag_envvar[RANDOM-True-False] PASSED [ 34%]
2025-09-20T19:31:44.1415413Z tests/test_options.py::test_boolean_flag_envvar[NO_SHOUT-True-False] PASSED [ 34%]
2025-09-20T19:31:44.1439990Z tests/test_options.py::test_boolean_flag_envvar[NO_SHOUT-False-False] PASSED [ 35%]
2025-09-20T19:31:44.1478172Z tests/test_options.py::test_boolean_flag_envvar[NOSHOUT-True-False] PASSED [ 35%]
2025-09-20T19:31:44.1505067Z tests/test_options.py::test_boolean_flag_envvar[NOSHOUT-False-False] PASSED [ 35%]
2025-09-20T19:31:44.1600575Z tests/test_options.py::test_boolean_envvar_bad_values[tr ue] PASSED      [ 35%]
2025-09-20T19:31:44.1628134Z tests/test_options.py::test_boolean_envvar_bad_values[fa lse] PASSED     [ 35%]
2025-09-20T19:31:44.1661838Z tests/test_options.py::test_boolean_envvar_bad_values[10] PASSED         [ 35%]
2025-09-20T19:31:44.1716614Z tests/test_options.py::test_boolean_envvar_bad_values[01] PASSED         [ 35%]
2025-09-20T19:31:44.1741498Z tests/test_options.py::test_boolean_envvar_bad_values[00] PASSED         [ 35%]
2025-09-20T19:31:44.1968541Z tests/test_options.py::test_boolean_envvar_bad_values[11] PASSED         [ 35%]
2025-09-20T19:31:44.1997754Z tests/test_options.py::test_boolean_envvar_bad_values[0.0] PASSED        [ 35%]
2025-09-20T19:31:44.2024992Z tests/test_options.py::test_boolean_envvar_bad_values[1.1] PASSED        [ 35%]
2025-09-20T19:31:44.2365710Z tests/test_options.py::test_boolean_envvar_bad_values[randomstring] PASSED [ 35%]
2025-09-20T19:31:44.2395908Z tests/test_options.py::test_boolean_envvar_bad_values[None] PASSED       [ 35%]
2025-09-20T19:31:44.2422711Z tests/test_options.py::test_boolean_envvar_bad_values['None'] PASSED     [ 36%]
2025-09-20T19:31:44.2490838Z tests/test_options.py::test_boolean_envvar_bad_values[A B] PASSED        [ 36%]
2025-09-20T19:31:44.2525285Z tests/test_options.py::test_boolean_envvar_bad_values[ 1 2 ] PASSED      [ 36%]
2025-09-20T19:31:44.2551226Z tests/test_options.py::test_boolean_envvar_bad_values[9.3] PASSED        [ 36%]
2025-09-20T19:31:44.2576659Z tests/test_options.py::test_boolean_envvar_bad_values[a;n] PASSED        [ 36%]
2025-09-20T19:31:44.2613669Z tests/test_options.py::test_boolean_envvar_bad_values[x:y] PASSED        [ 36%]
2025-09-20T19:31:44.2652205Z tests/test_options.py::test_boolean_envvar_bad_values[i/o] PASSED        [ 36%]
2025-09-20T19:31:44.2683625Z tests/test_options.py::test_multiple_default_help PASSED                 [ 36%]
2025-09-20T19:31:44.2717437Z tests/test_options.py::test_show_default_default_map PASSED              [ 36%]
2025-09-20T19:31:44.2732457Z tests/test_options.py::test_multiple_default_type PASSED                 [ 36%]
2025-09-20T19:31:44.2748386Z tests/test_options.py::test_multiple_default_composite_type PASSED       [ 36%]
2025-09-20T19:31:44.2772640Z tests/test_options.py::test_parse_multiple_default_composite_type PASSED [ 36%]
2025-09-20T19:31:44.2801592Z tests/test_options.py::test_dynamic_default_help_unset PASSED            [ 36%]
2025-09-20T19:31:44.2841735Z tests/test_options.py::test_dynamic_default_help_text PASSED             [ 37%]
2025-09-20T19:31:44.2865154Z tests/test_options.py::test_dynamic_default_help_special_method PASSED   [ 37%]
2025-09-20T19:31:44.2880933Z tests/test_options.py::test_intrange_default_help_text[type0-1<=x<=32] PASSED [ 37%]
2025-09-20T19:31:44.2896450Z tests/test_options.py::test_intrange_default_help_text[type1-1<x<32] PASSED [ 37%]
2025-09-20T19:31:44.2913309Z tests/test_options.py::test_intrange_default_help_text[type2-x>=1] PASSED [ 37%]
2025-09-20T19:31:44.2929045Z tests/test_options.py::test_intrange_default_help_text[type3-x<=32] PASSED [ 37%]
2025-09-20T19:31:44.2957622Z tests/test_options.py::test_count_default_type_help PASSED               [ 37%]
2025-09-20T19:31:44.2974026Z tests/test_options.py::test_file_type_help_default PASSED                [ 37%]
2025-09-20T19:31:44.2997418Z tests/test_options.py::test_toupper_envvar_prefix PASSED                 [ 37%]
2025-09-20T19:31:44.3026817Z tests/test_options.py::test_nargs_envvar PASSED                          [ 37%]
2025-09-20T19:31:44.3054640Z tests/test_options.py::test_show_envvar PASSED                           [ 37%]
2025-09-20T19:31:44.3098513Z tests/test_options.py::test_show_envvar_auto_prefix PASSED               [ 37%]
2025-09-20T19:31:44.3131078Z tests/test_options.py::test_show_envvar_auto_prefix_dash_in_command PASSED [ 37%]
2025-09-20T19:31:44.3164929Z tests/test_options.py::test_custom_validation PASSED                     [ 38%]
2025-09-20T19:31:44.3231419Z tests/test_options.py::test_callback_validates_prompt PASSED             [ 38%]
2025-09-20T19:31:44.3282826Z tests/test_options.py::test_winstyle_options PASSED                      [ 38%]
2025-09-20T19:31:44.3313557Z tests/test_options.py::test_legacy_options PASSED                        [ 38%]
2025-09-20T19:31:44.3403282Z tests/test_options.py::test_required_option[Sentinel.UNSET-True-None] PASSED [ 38%]
2025-09-20T19:31:44.3419967Z tests/test_options.py::test_required_option[None-False-None] PASSED      [ 38%]
2025-09-20T19:31:44.3435616Z tests/test_options.py::test_required_option[-False-] PASSED              [ 38%]
2025-09-20T19:31:44.3460094Z tests/test_options.py::test_required_option[  -False-  ] PASSED          [ 38%]
2025-09-20T19:31:44.3498311Z tests/test_options.py::test_required_option[foo-False-foo] PASSED        [ 38%]
2025-09-20T19:31:44.3512729Z tests/test_options.py::test_required_option[12-False-12_0] PASSED        [ 38%]
2025-09-20T19:31:44.3528295Z tests/test_options.py::test_required_option[12-False-12_1] PASSED        [ 38%]
2025-09-20T19:31:44.3543276Z tests/test_options.py::test_required_option[12.1-False-12.1] PASSED      [ 38%]
2025-09-20T19:31:44.3566741Z tests/test_options.py::test_required_option[value8-False-[]] PASSED      [ 38%]
2025-09-20T19:31:44.3583434Z tests/test_options.py::test_required_option[value9-False-()] PASSED      [ 39%]
2025-09-20T19:31:44.3598399Z tests/test_options.py::test_required_option[value10-False-set()] PASSED  [ 39%]
2025-09-20T19:31:44.3614422Z tests/test_options.py::test_required_option[value11-False-frozenset()] PASSED [ 39%]
2025-09-20T19:31:44.3629021Z tests/test_options.py::test_required_option[value12-False-{}] PASSED     [ 39%]
2025-09-20T19:31:44.3689539Z tests/test_options.py::test_missing_required_flag PASSED                 [ 39%]
2025-09-20T19:31:44.3718576Z tests/test_options.py::test_missing_choice PASSED                        [ 39%]
2025-09-20T19:31:44.3812012Z tests/test_options.py::test_missing_envvar PASSED                        [ 39%]
2025-09-20T19:31:44.3917520Z tests/test_options.py::test_case_insensitive_choice PASSED               [ 39%]
2025-09-20T19:31:44.4014947Z tests/test_options.py::test_case_insensitive_choice_returned_exactly PASSED [ 39%]
2025-09-20T19:31:44.4056389Z tests/test_options.py::test_option_help_preserve_paragraphs PASSED       [ 39%]
2025-09-20T19:31:44.4080054Z tests/test_options.py::test_argument_custom_class PASSED                 [ 39%]
2025-09-20T19:31:44.4107720Z tests/test_options.py::test_option_custom_class PASSED                   [ 39%]
2025-09-20T19:31:44.4142484Z tests/test_options.py::test_option_custom_class_reusable PASSED          [ 39%]
2025-09-20T19:31:44.4179622Z tests/test_options.py::test_help_option_custom_names_and_class[name_specs0-  -h, --help  Show this message and exit.\n-True] PASSED [ 40%]
2025-09-20T19:31:44.4214165Z tests/test_options.py::test_help_option_custom_names_and_class[name_specs0-  -h, --help  Show this message and exit.\n-False] PASSED [ 40%]
2025-09-20T19:31:44.4246002Z tests/test_options.py::test_help_option_custom_names_and_class[name_specs1-  -h      Show this message and exit.\n  --help  Show this message and exit.\n-True] PASSED [ 40%]
2025-09-20T19:31:44.4276239Z tests/test_options.py::test_help_option_custom_names_and_class[name_specs1-  -h      Show this message and exit.\n  --help  Show this message and exit.\n-False] PASSED [ 40%]
2025-09-20T19:31:44.4300219Z tests/test_options.py::test_help_option_custom_names_and_class[name_specs2-  --help  Show this message and exit.\n-True] PASSED [ 40%]
2025-09-20T19:31:44.4326870Z tests/test_options.py::test_help_option_custom_names_and_class[name_specs2-  --help  Show this message and exit.\n-False] PASSED [ 40%]
2025-09-20T19:31:44.4347589Z tests/test_options.py::test_bool_flag_with_type PASSED                   [ 40%]
2025-09-20T19:31:44.4393919Z tests/test_options.py::test_aliases_for_flags PASSED                     [ 40%]
2025-09-20T19:31:44.4422877Z tests/test_options.py::test_option_names[option_args0-aggressive] PASSED [ 40%]
2025-09-20T19:31:44.4506784Z tests/test_options.py::test_option_names[option_args1-first] PASSED      [ 40%]
2025-09-20T19:31:44.4556566Z tests/test_options.py::test_option_names[option_args2-apple] PASSED      [ 40%]
2025-09-20T19:31:44.4603661Z tests/test_options.py::test_option_names[option_args3-cantaloupe] PASSED [ 40%]
2025-09-20T19:31:44.4636133Z tests/test_options.py::test_option_names[option_args4-a] PASSED          [ 40%]
2025-09-20T19:31:44.4667728Z tests/test_options.py::test_option_names[option_args5-c] PASSED          [ 41%]
2025-09-20T19:31:44.4733947Z tests/test_options.py::test_option_names[option_args6-apple] PASSED      [ 41%]
2025-09-20T19:31:44.4779361Z tests/test_options.py::test_option_names[option_args7-cantaloupe] PASSED [ 41%]
2025-09-20T19:31:44.4809530Z tests/test_options.py::test_option_names[option_args8-_from] PASSED      [ 41%]
2025-09-20T19:31:44.4835823Z tests/test_options.py::test_option_names[option_args9-_ret] PASSED       [ 41%]
2025-09-20T19:31:44.4854814Z tests/test_options.py::test_flag_duplicate_names PASSED                  [ 41%]
2025-09-20T19:31:44.4871586Z tests/test_options.py::test_show_default_boolean_flag_name[False-no-cache] PASSED [ 41%]
2025-09-20T19:31:44.4888521Z tests/test_options.py::test_show_default_boolean_flag_name[True-cache] PASSED [ 41%]
2025-09-20T19:31:44.4908064Z tests/test_options.py::test_show_true_default_boolean_flag_value PASSED  [ 41%]
2025-09-20T19:31:44.4922219Z tests/test_options.py::test_hide_false_default_boolean_flag_value[False] PASSED [ 41%]
2025-09-20T19:31:44.4940192Z tests/test_options.py::test_hide_false_default_boolean_flag_value[None] PASSED [ 41%]
2025-09-20T19:31:44.4956712Z tests/test_options.py::test_show_default_string PASSED                   [ 41%]
2025-09-20T19:31:44.4972030Z tests/test_options.py::test_show_default_with_empty_string PASSED        [ 41%]
2025-09-20T19:31:44.4987466Z tests/test_options.py::test_do_not_show_no_default PASSED                [ 42%]
2025-09-20T19:31:44.5003558Z tests/test_options.py::test_do_not_show_default_empty_multiple PASSED    [ 42%]
2025-09-20T19:31:44.5018870Z tests/test_options.py::test_show_default_precedence[None-None-extra_value0-False] PASSED [ 42%]
2025-09-20T19:31:44.5034021Z tests/test_options.py::test_show_default_precedence[None-False-extra_value1-False] PASSED [ 42%]
2025-09-20T19:31:44.5049460Z tests/test_options.py::test_show_default_precedence[None-True-extra_value2-True] PASSED [ 42%]
2025-09-20T19:31:44.5064469Z tests/test_options.py::test_show_default_precedence[False-None-extra_value3-False] PASSED [ 42%]
2025-09-20T19:31:44.5078665Z tests/test_options.py::test_show_default_precedence[False-False-extra_value4-False] PASSED [ 42%]
2025-09-20T19:31:44.5095806Z tests/test_options.py::test_show_default_precedence[False-True-extra_value5-True] PASSED [ 42%]
2025-09-20T19:31:44.5111845Z tests/test_options.py::test_show_default_precedence[True-None-extra_value6-True] PASSED [ 42%]
2025-09-20T19:31:44.5127511Z tests/test_options.py::test_show_default_precedence[True-False-extra_value7-False] PASSED [ 42%]
2025-09-20T19:31:44.5144405Z tests/test_options.py::test_show_default_precedence[True-True-extra_value8-True] PASSED [ 42%]
2025-09-20T19:31:44.5160083Z tests/test_options.py::test_show_default_precedence[False-one-extra_value9-True] PASSED [ 42%]
2025-09-20T19:31:44.5182509Z tests/test_options.py::test_option_with_optional_value[None-expect0] PASSED [ 42%]
2025-09-20T19:31:44.5206153Z tests/test_options.py::test_option_with_optional_value[args1-expect1] PASSED [ 42%]
2025-09-20T19:31:44.5228718Z tests/test_options.py::test_option_with_optional_value[args2-expect2] PASSED [ 43%]
2025-09-20T19:31:44.5251123Z tests/test_options.py::test_option_with_optional_value[args3-expect3] PASSED [ 43%]
2025-09-20T19:31:44.5279431Z tests/test_options.py::test_option_with_optional_value[args4-expect4] PASSED [ 43%]
2025-09-20T19:31:44.5309414Z tests/test_options.py::test_option_with_optional_value[args5-expect5] PASSED [ 43%]
2025-09-20T19:31:44.5334212Z tests/test_options.py::test_option_with_optional_value[args6-expect6] PASSED [ 43%]
2025-09-20T19:31:44.5357464Z tests/test_options.py::test_option_with_optional_value[args7-expect7] PASSED [ 43%]
2025-09-20T19:31:44.5387646Z tests/test_options.py::test_option_with_optional_value[args8-expect8] PASSED [ 43%]
2025-09-20T19:31:44.5410248Z tests/test_options.py::test_option_with_optional_value[args9-expect9] PASSED [ 43%]
2025-09-20T19:31:44.5430521Z tests/test_options.py::test_option_with_optional_value[args10-expect10] PASSED [ 43%]
2025-09-20T19:31:44.5456106Z tests/test_options.py::test_option_with_optional_value[args11-expect11] PASSED [ 43%]
2025-09-20T19:31:44.5477181Z tests/test_options.py::test_option_with_optional_value[args12-expect12] PASSED [ 43%]
2025-09-20T19:31:44.5567328Z tests/test_options.py::test_option_with_optional_value[args13-expect13] PASSED [ 43%]
2025-09-20T19:31:44.5568253Z tests/test_options.py::test_multiple_option_with_optional_value PASSED   [ 43%]
2025-09-20T19:31:44.5715688Z tests/test_options.py::test_type_from_flag_value PASSED                  [ 44%]
2025-09-20T19:31:44.5753822Z tests/test_options.py::test_flag_value_and_default[opt_params0-args0-False] PASSED [ 44%]
2025-09-20T19:31:44.5861018Z tests/test_options.py::test_flag_value_and_default[opt_params1-args1-True] PASSED [ 44%]
2025-09-20T19:31:44.5878630Z tests/test_options.py::test_flag_value_and_default[opt_params2-args2-False] PASSED [ 44%]
2025-09-20T19:31:44.5900926Z tests/test_options.py::test_flag_value_and_default[opt_params3-args3-True] PASSED [ 44%]
2025-09-20T19:31:44.5921454Z tests/test_options.py::test_flag_value_and_default[opt_params4-args4-None] PASSED [ 44%]
2025-09-20T19:31:44.5941726Z tests/test_options.py::test_flag_value_and_default[opt_params5-args5-True] PASSED [ 44%]
2025-09-20T19:31:44.5966144Z tests/test_options.py::test_flag_value_and_default[opt_params6-args6-True] PASSED [ 44%]
2025-09-20T19:31:44.5987907Z tests/test_options.py::test_flag_value_and_default[opt_params7-args7-True] PASSED [ 44%]
2025-09-20T19:31:44.6016296Z tests/test_options.py::test_flag_value_and_default[opt_params8-args8-False] PASSED [ 44%]
2025-09-20T19:31:44.6036431Z tests/test_options.py::test_flag_value_and_default[opt_params9-args9-True] PASSED [ 44%]
2025-09-20T19:31:44.6102419Z tests/test_options.py::test_flag_value_and_default[opt_params10-args10-True] PASSED [ 44%]
2025-09-20T19:31:44.6166253Z tests/test_options.py::test_flag_value_and_default[opt_params11-args11-None] PASSED [ 44%]
2025-09-20T19:31:44.6327737Z tests/test_options.py::test_flag_value_and_default[opt_params12-args12-True] PASSED [ 45%]
2025-09-20T19:31:44.6356775Z tests/test_options.py::test_flag_value_and_default[opt_params13-args13-True] PASSED [ 45%]
2025-09-20T19:31:44.6377960Z tests/test_options.py::test_flag_value_and_default[opt_params14-args14-True] PASSED [ 45%]
2025-09-20T19:31:44.6398161Z tests/test_options.py::test_flag_value_and_default[opt_params15-args15-False] PASSED [ 45%]
2025-09-20T19:31:44.6417669Z tests/test_options.py::test_flag_value_and_default[opt_params16-args16-True] PASSED [ 45%]
2025-09-20T19:31:44.6436685Z tests/test_options.py::test_flag_value_and_default[opt_params17-args17-True] PASSED [ 45%]
2025-09-20T19:31:44.6457889Z tests/test_options.py::test_flag_value_and_default[opt_params18-args18-None] PASSED [ 45%]
2025-09-20T19:31:44.6477350Z tests/test_options.py::test_flag_value_and_default[opt_params19-args19-True] PASSED [ 45%]
2025-09-20T19:31:44.6497256Z tests/test_options.py::test_flag_value_and_default[opt_params20-args20-True] PASSED [ 45%]
2025-09-20T19:31:44.6516407Z tests/test_options.py::test_flag_value_and_default[opt_params21-args21-True] PASSED [ 45%]
2025-09-20T19:31:44.6558826Z tests/test_options.py::test_flag_value_and_default[opt_params22-args22-False] PASSED [ 45%]
2025-09-20T19:31:44.6579840Z tests/test_options.py::test_flag_value_and_default[opt_params23-args23-True] PASSED [ 45%]
2025-09-20T19:31:44.6600037Z tests/test_options.py::test_flag_value_and_default[opt_params24-args24-foo] PASSED [ 45%]
2025-09-20T19:31:44.6619561Z tests/test_options.py::test_flag_value_and_default[opt_params25-args25-True] PASSED [ 46%]
2025-09-20T19:31:44.6640986Z tests/test_options.py::test_flag_value_and_default[opt_params26-args26-None] PASSED [ 46%]
2025-09-20T19:31:44.6660952Z tests/test_options.py::test_flag_value_and_default[opt_params27-args27-True] PASSED [ 46%]
2025-09-20T19:31:44.6680303Z tests/test_options.py::test_flag_value_and_default[opt_params28-args28-False] PASSED [ 46%]
2025-09-20T19:31:44.6700029Z tests/test_options.py::test_flag_value_and_default[opt_params29-args29-True] PASSED [ 46%]
2025-09-20T19:31:44.6719360Z tests/test_options.py::test_flag_value_and_default[opt_params30-args30-False] PASSED [ 46%]
2025-09-20T19:31:44.6740666Z tests/test_options.py::test_flag_value_and_default[opt_params31-args31-False] PASSED [ 46%]
2025-09-20T19:31:44.6760649Z tests/test_options.py::test_flag_value_and_default[opt_params32-args32-False] PASSED [ 46%]
2025-09-20T19:31:44.6780482Z tests/test_options.py::test_flag_value_and_default[opt_params33-args33-None] PASSED [ 46%]
2025-09-20T19:31:44.6800191Z tests/test_options.py::test_flag_value_and_default[opt_params34-args34-False] PASSED [ 46%]
2025-09-20T19:31:44.6827325Z tests/test_options.py::test_flag_value_and_default[opt_params35-args35-True] PASSED [ 46%]
2025-09-20T19:31:44.6849374Z tests/test_options.py::test_flag_value_and_default[opt_params36-args36-False] PASSED [ 46%]
2025-09-20T19:31:44.6869255Z tests/test_options.py::test_flag_value_and_default[opt_params37-args37-False] PASSED [ 46%]
2025-09-20T19:31:44.6888698Z tests/test_options.py::test_flag_value_and_default[opt_params38-args38-False] PASSED [ 47%]
2025-09-20T19:31:44.6908350Z tests/test_options.py::test_flag_value_and_default[opt_params39-args39-None] PASSED [ 47%]
2025-09-20T19:31:44.6929637Z tests/test_options.py::test_flag_value_and_default[opt_params40-args40-None] PASSED [ 47%]
2025-09-20T19:31:44.6950311Z tests/test_options.py::test_flag_value_and_default[opt_params41-args41-True] PASSED [ 47%]
2025-09-20T19:31:44.6969604Z tests/test_options.py::test_flag_value_and_default[opt_params42-args42-None] PASSED [ 47%]
2025-09-20T19:31:44.6988687Z tests/test_options.py::test_flag_value_and_default[opt_params43-args43-False] PASSED [ 47%]
2025-09-20T19:31:44.7139888Z tests/test_options.py::test_flag_value_and_default[opt_params44-args44-None] PASSED [ 47%]
2025-09-20T19:31:44.7207222Z tests/test_options.py::test_flag_value_and_default[opt_params45-args45-foo] PASSED [ 47%]
2025-09-20T19:31:44.7229993Z tests/test_options.py::test_flag_value_and_default[opt_params46-args46-None] PASSED [ 47%]
2025-09-20T19:31:44.7251815Z tests/test_options.py::test_flag_value_and_default[opt_params47-args47-None] PASSED [ 47%]
2025-09-20T19:31:44.7270449Z tests/test_options.py::test_flag_value_and_default[opt_params48-args48-True] PASSED [ 47%]
2025-09-20T19:31:44.7289280Z tests/test_options.py::test_flag_value_and_default[opt_params49-args49-False] PASSED [ 47%]
2025-09-20T19:31:44.7311041Z tests/test_options.py::test_flag_value_and_default[opt_params50-args50-False] PASSED [ 47%]
2025-09-20T19:31:44.7331578Z tests/test_options.py::test_flag_value_and_default[opt_params51-args51-False] PASSED [ 48%]
2025-09-20T19:31:44.7379326Z tests/test_options.py::test_flag_value_and_default[opt_params52-args52-None] PASSED [ 48%]
2025-09-20T19:31:44.7401495Z tests/test_options.py::test_flag_value_and_default[opt_params53-args53-None] PASSED [ 48%]
2025-09-20T19:31:44.7421813Z tests/test_options.py::test_flag_value_and_default[opt_params54-args54-True] PASSED [ 48%]
2025-09-20T19:31:44.7454738Z tests/test_options.py::test_flag_value_and_default[opt_params55-args55-False] PASSED [ 48%]
2025-09-20T19:31:44.7475584Z tests/test_options.py::test_flag_value_and_default[opt_params56-args56-False] PASSED [ 48%]
2025-09-20T19:31:44.7499316Z tests/test_options.py::test_flag_value_and_default[opt_params57-args57-False] PASSED [ 48%]
2025-09-20T19:31:44.7521405Z tests/test_options.py::test_flag_value_and_default[opt_params58-args58-foo] PASSED [ 48%]
2025-09-20T19:31:44.7541287Z tests/test_options.py::test_flag_value_and_default[opt_params59-args59-foo] PASSED [ 48%]
2025-09-20T19:31:44.7560695Z tests/test_options.py::test_flag_value_and_default[opt_params60-args60-foo] PASSED [ 48%]
2025-09-20T19:31:44.7580340Z tests/test_options.py::test_flag_value_and_default[opt_params61-args61-foo] PASSED [ 48%]
2025-09-20T19:31:44.7601637Z tests/test_options.py::test_flag_value_and_default[opt_params62-args62-None] PASSED [ 48%]
2025-09-20T19:31:44.7620980Z tests/test_options.py::test_flag_value_and_default[opt_params63-args63-None] PASSED [ 48%]
2025-09-20T19:31:44.7640703Z tests/test_options.py::test_flag_value_and_default[opt_params64-args64-True] PASSED [ 49%]
2025-09-20T19:31:44.7659921Z tests/test_options.py::test_flag_value_and_default[opt_params65-args65-False] PASSED [ 49%]
2025-09-20T19:31:44.7678847Z tests/test_options.py::test_flag_value_and_default[opt_params66-args66-True] PASSED [ 49%]
2025-09-20T19:31:44.7699745Z tests/test_options.py::test_flag_value_and_default[opt_params67-args67-False] PASSED [ 49%]
2025-09-20T19:31:44.7719421Z tests/test_options.py::test_flag_value_and_default[opt_params68-args68-True] PASSED [ 49%]
2025-09-20T19:31:44.7753263Z tests/test_options.py::test_flag_value_and_default[opt_params69-args69-False] PASSED [ 49%]
2025-09-20T19:31:44.7776049Z tests/test_options.py::test_flag_value_and_default[opt_params70-args70-True] PASSED [ 49%]
2025-09-20T19:31:44.7796824Z tests/test_options.py::test_flag_value_and_default[opt_params71-args71-False] PASSED [ 49%]
2025-09-20T19:31:44.7816153Z tests/test_options.py::test_flag_value_and_default[opt_params72-args72-True] PASSED [ 49%]
2025-09-20T19:31:44.7835855Z tests/test_options.py::test_flag_value_and_default[opt_params73-args73-False] PASSED [ 49%]
2025-09-20T19:31:44.7856093Z tests/test_options.py::test_flag_value_and_default[opt_params74-args74-True] PASSED [ 49%]
2025-09-20T19:31:44.7875701Z tests/test_options.py::test_flag_value_and_default[opt_params75-args75-False] PASSED [ 49%]
2025-09-20T19:31:44.7895158Z tests/test_options.py::test_flag_value_and_default[opt_params76-args76-bar] PASSED [ 49%]
2025-09-20T19:31:44.7914378Z tests/test_options.py::test_flag_value_and_default[opt_params77-args77-None] PASSED [ 50%]
2025-09-20T19:31:44.7932836Z tests/test_options.py::test_flag_value_and_default[opt_params78-args78-True] PASSED [ 50%]
2025-09-20T19:31:44.7952333Z tests/test_options.py::test_flag_value_and_default[opt_params79-args79-False] PASSED [ 50%]
2025-09-20T19:31:44.7983881Z tests/test_options.py::test_invalid_flag_definition[args0-opts0] PASSED  [ 50%]
2025-09-20T19:31:44.8019720Z tests/test_options.py::test_invalid_flag_definition[args1-opts1] PASSED  [ 50%]
2025-09-20T19:31:44.8044078Z tests/test_options.py::test_invalid_flag_definition[args2-opts2] PASSED  [ 50%]
2025-09-20T19:31:44.8069332Z tests/test_options.py::test_invalid_flag_definition[args3-opts3] PASSED  [ 50%]
2025-09-20T19:31:44.8090770Z tests/test_options.py::test_default_dual_option_callback[True-args0-js] PASSED [ 50%]
2025-09-20T19:31:44.8111800Z tests/test_options.py::test_default_dual_option_callback[True-args1-xml] PASSED [ 50%]
2025-09-20T19:31:44.8162606Z tests/test_options.py::test_default_dual_option_callback[False-args2-js] PASSED [ 50%]
2025-09-20T19:31:44.8220613Z tests/test_options.py::test_default_dual_option_callback[False-args3-xml] PASSED [ 50%]
2025-09-20T19:31:44.8245491Z tests/test_options.py::test_default_dual_option_callback[None-args4-js] PASSED [ 50%]
2025-09-20T19:31:44.8266260Z tests/test_options.py::test_default_dual_option_callback[None-args5-xml] PASSED [ 50%]
2025-09-20T19:31:44.8286405Z tests/test_options.py::test_default_dual_option_callback[Sentinel.UNSET-args6-js] PASSED [ 51%]
2025-09-20T19:31:44.8305125Z tests/test_options.py::test_default_dual_option_callback[Sentinel.UNSET-args7-xml] PASSED [ 51%]
2025-09-20T19:31:44.8324264Z tests/test_options.py::test_default_dual_option_callback[True-args8-xml] PASSED [ 51%]
2025-09-20T19:31:44.8346733Z tests/test_options.py::test_default_dual_option_callback[True-args9-js] PASSED [ 51%]
2025-09-20T19:31:44.8365780Z tests/test_options.py::test_default_dual_option_callback[js-args10-js] PASSED [ 51%]
2025-09-20T19:31:44.8385013Z tests/test_options.py::test_default_dual_option_callback[xml-args11-xml] PASSED [ 51%]
2025-09-20T19:31:44.8409833Z tests/test_options.py::test_default_dual_option_callback[jS-args12-jS] PASSED [ 51%]
2025-09-20T19:31:44.8431624Z tests/test_options.py::test_default_dual_option_callback[xMl-args13-xMl] PASSED [ 51%]
2025-09-20T19:31:44.8464229Z tests/test_options.py::test_default_dual_option_callback[ \u1555( \u141b )\u1557 -args14- \u1555( \u141b )\u1557 ] PASSED [ 51%]
2025-09-20T19:31:44.8493811Z tests/test_options.py::test_default_dual_option_callback[None-args15-None] PASSED [ 51%]
2025-09-20T19:31:44.8677999Z tests/test_options.py::test_default_dual_option_callback[Sentinel.UNSET-args16-None] PASSED [ 51%]
2025-09-20T19:31:44.8708844Z tests/test_options.py::test_default_dual_option_callback[True-args17-js] PASSED [ 51%]
2025-09-20T19:31:44.8728952Z tests/test_options.py::test_default_dual_option_callback[False-args18-False] PASSED [ 51%]
2025-09-20T19:31:44.8748072Z tests/test_options.py::test_default_dual_option_callback[42-args19-42] PASSED [ 52%]
2025-09-20T19:31:44.8767667Z tests/test_options.py::test_default_dual_option_callback[12.3-args20-12.3] PASSED [ 52%]
2025-09-20T19:31:44.8785886Z tests/test_options.py::test_envvar_string_flag_value[bar-bar-bar] PASSED [ 52%]
2025-09-20T19:31:44.8806921Z tests/test_options.py::test_envvar_string_flag_value[BAR-BAR-BAR] PASSED [ 52%]
2025-09-20T19:31:44.8826131Z tests/test_options.py::test_envvar_string_flag_value[ bar - bar - bar ] PASSED [ 52%]
2025-09-20T19:31:44.8843991Z tests/test_options.py::test_envvar_string_flag_value[42-42-42] PASSED    [ 52%]
2025-09-20T19:31:44.8870084Z tests/test_options.py::test_envvar_string_flag_value[None-None-None0] PASSED [ 52%]
2025-09-20T19:31:44.8892124Z tests/test_options.py::test_envvar_string_flag_value[True-True-True] PASSED [ 52%]
2025-09-20T19:31:44.8970359Z tests/test_options.py::test_envvar_string_flag_value[False-False-False] PASSED [ 52%]
2025-09-20T19:31:44.8988718Z tests/test_options.py::test_envvar_string_flag_value[true-true-true] PASSED [ 52%]
2025-09-20T19:31:44.9007625Z tests/test_options.py::test_envvar_string_flag_value[false-false-false] PASSED [ 52%]
2025-09-20T19:31:44.9026735Z tests/test_options.py::test_envvar_string_flag_value[A B-A B-A B] PASSED [ 52%]
2025-09-20T19:31:44.9050404Z tests/test_options.py::test_envvar_string_flag_value[ 1 2 - 1 2 - 1 2 ] PASSED [ 52%]
2025-09-20T19:31:44.9166709Z tests/test_options.py::test_envvar_string_flag_value[9.3-9.3-9.3] PASSED [ 53%]
2025-09-20T19:31:44.9192581Z tests/test_options.py::test_envvar_string_flag_value[a;n-a;n-a;n] PASSED [ 53%]
2025-09-20T19:31:44.9211256Z tests/test_options.py::test_envvar_string_flag_value[x:y-x:y-x:y] PASSED [ 53%]
2025-09-20T19:31:44.9229303Z tests/test_options.py::test_envvar_string_flag_value[i/o-i/o-i/o] PASSED [ 53%]
2025-09-20T19:31:44.9247746Z tests/test_options.py::test_envvar_string_flag_value[bar--None] PASSED   [ 53%]
2025-09-20T19:31:44.9266232Z tests/test_options.py::test_envvar_string_flag_value[bar-None-None] PASSED [ 53%]
2025-09-20T19:31:44.9286663Z tests/test_options.py::test_envvar_string_flag_value[BAR--None] PASSED   [ 53%]
2025-09-20T19:31:44.9305981Z tests/test_options.py::test_envvar_string_flag_value[BAR-None-None] PASSED [ 53%]
2025-09-20T19:31:44.9339103Z tests/test_options.py::test_envvar_string_flag_value[ bar --None] PASSED [ 53%]
2025-09-20T19:31:44.9438365Z tests/test_options.py::test_envvar_string_flag_value[ bar -None-None] PASSED [ 53%]
2025-09-20T19:31:44.9473999Z tests/test_options.py::test_envvar_string_flag_value[42--None0] PASSED   [ 53%]
2025-09-20T19:31:44.9493466Z tests/test_options.py::test_envvar_string_flag_value[42-None-None0] PASSED [ 53%]
2025-09-20T19:31:44.9512112Z tests/test_options.py::test_envvar_string_flag_value[42--None1] PASSED   [ 53%]
2025-09-20T19:31:44.9534480Z tests/test_options.py::test_envvar_string_flag_value[42-None-None1] PASSED [ 54%]
2025-09-20T19:31:44.9552493Z tests/test_options.py::test_envvar_string_flag_value[None--None0] PASSED [ 54%]
2025-09-20T19:31:44.9571306Z tests/test_options.py::test_envvar_string_flag_value[None-None-None1] PASSED [ 54%]
2025-09-20T19:31:44.9589041Z tests/test_options.py::test_envvar_string_flag_value[None--None1] PASSED [ 54%]
2025-09-20T19:31:44.9608539Z tests/test_options.py::test_envvar_string_flag_value[None-None-None2] PASSED [ 54%]
2025-09-20T19:31:44.9629220Z tests/test_options.py::test_envvar_string_flag_value[True--None0] PASSED [ 54%]
2025-09-20T19:31:44.9647836Z tests/test_options.py::test_envvar_string_flag_value[True-None-None0] PASSED [ 54%]
2025-09-20T19:31:44.9666239Z tests/test_options.py::test_envvar_string_flag_value[True--None1] PASSED [ 54%]
2025-09-20T19:31:44.9684633Z tests/test_options.py::test_envvar_string_flag_value[True-None-None1] PASSED [ 54%]
2025-09-20T19:31:44.9702429Z tests/test_options.py::test_envvar_string_flag_value[true--None] PASSED  [ 54%]
2025-09-20T19:31:44.9722917Z tests/test_options.py::test_envvar_string_flag_value[true-None-None] PASSED [ 54%]
2025-09-20T19:31:44.9748824Z tests/test_options.py::test_envvar_string_flag_value[False--None0] PASSED [ 54%]
2025-09-20T19:31:44.9767569Z tests/test_options.py::test_envvar_string_flag_value[False-None-None0] PASSED [ 54%]
2025-09-20T19:31:44.9785986Z tests/test_options.py::test_envvar_string_flag_value[False--None1] PASSED [ 55%]
2025-09-20T19:31:44.9803966Z tests/test_options.py::test_envvar_string_flag_value[False-None-None1] PASSED [ 55%]
2025-09-20T19:31:44.9824276Z tests/test_options.py::test_envvar_string_flag_value[false--None] PASSED [ 55%]
2025-09-20T19:31:44.9846483Z tests/test_options.py::test_envvar_string_flag_value[false-None-None] PASSED [ 55%]
2025-09-20T19:31:44.9868108Z tests/test_options.py::test_envvar_string_flag_value[bar-True-bar] PASSED [ 55%]
2025-09-20T19:31:44.9885816Z tests/test_options.py::test_envvar_string_flag_value[bar-true-bar] PASSED [ 55%]
2025-09-20T19:31:44.9971845Z tests/test_options.py::test_envvar_string_flag_value[bar-trUe-bar] PASSED [ 55%]
2025-09-20T19:31:44.9990397Z tests/test_options.py::test_envvar_string_flag_value[bar-  TRUE  -bar] PASSED [ 55%]
2025-09-20T19:31:45.0008028Z tests/test_options.py::test_envvar_string_flag_value[bar-1-bar] PASSED   [ 55%]
2025-09-20T19:31:45.0025789Z tests/test_options.py::test_envvar_string_flag_value[bar-yes-bar] PASSED [ 55%]
2025-09-20T19:31:45.0043744Z tests/test_options.py::test_envvar_string_flag_value[bar-on-bar] PASSED  [ 55%]
2025-09-20T19:31:45.0062754Z tests/test_options.py::test_envvar_string_flag_value[bar-t-bar] PASSED   [ 55%]
2025-09-20T19:31:45.0093860Z tests/test_options.py::test_envvar_string_flag_value[bar-y-bar] PASSED   [ 55%]
2025-09-20T19:31:45.0109141Z tests/test_options.py::test_envvar_string_flag_value[bar-False-False] PASSED [ 56%]
2025-09-20T19:31:45.0126950Z tests/test_options.py::test_envvar_string_flag_value[bar-false-False] PASSED [ 56%]
2025-09-20T19:31:45.0144398Z tests/test_options.py::test_envvar_string_flag_value[bar-faLse-False] PASSED [ 56%]
2025-09-20T19:31:45.0164582Z tests/test_options.py::test_envvar_string_flag_value[bar-  FALSE  -False] PASSED [ 56%]
2025-09-20T19:31:45.0182231Z tests/test_options.py::test_envvar_string_flag_value[bar-0-False] PASSED [ 56%]
2025-09-20T19:31:45.0199851Z tests/test_options.py::test_envvar_string_flag_value[bar-no-False] PASSED [ 56%]
2025-09-20T19:31:45.0217225Z tests/test_options.py::test_envvar_string_flag_value[bar-off-False] PASSED [ 56%]
2025-09-20T19:31:45.0235155Z tests/test_options.py::test_envvar_string_flag_value[bar-f-False] PASSED [ 56%]
2025-09-20T19:31:45.0254521Z tests/test_options.py::test_envvar_string_flag_value[bar-n-False] PASSED [ 56%]
2025-09-20T19:31:45.0272278Z tests/test_options.py::test_envvar_string_flag_value[bar- bar -None] PASSED [ 56%]
2025-09-20T19:31:45.0290301Z tests/test_options.py::test_envvar_string_flag_value[bar-BAR-None] PASSED [ 56%]
2025-09-20T19:31:45.0307811Z tests/test_options.py::test_envvar_string_flag_value[bar-random-None] PASSED [ 56%]
2025-09-20T19:31:45.0325628Z tests/test_options.py::test_envvar_string_flag_value[bar-bar random-None] PASSED [ 56%]
2025-09-20T19:31:45.0345206Z tests/test_options.py::test_envvar_string_flag_value[bar-random bar-None] PASSED [ 57%]
2025-09-20T19:31:45.0416335Z tests/test_options.py::test_envvar_string_flag_value[BAR-bar-None] PASSED [ 57%]
2025-09-20T19:31:45.0434856Z tests/test_options.py::test_envvar_string_flag_value[ bar -bar-None] PASSED [ 57%]
2025-09-20T19:31:45.0453288Z tests/test_options.py::test_envvar_string_flag_value[ bar -BAR-None] PASSED [ 57%]
2025-09-20T19:31:45.0484316Z tests/test_options.py::test_envvar_string_flag_value[42-42-None] PASSED  [ 57%]
2025-09-20T19:31:45.0503805Z tests/test_options.py::test_envvar_string_flag_value[42-foo-None] PASSED [ 57%]
2025-09-20T19:31:45.0521698Z tests/test_options.py::test_envvar_string_flag_value[None-foo-None0] PASSED [ 57%]
2025-09-20T19:31:45.0539332Z tests/test_options.py::test_envvar_string_flag_value[None-foo-None1] PASSED [ 57%]
2025-09-20T19:31:45.0551626Z tests/test_options.py::test_flag_auto_detection[-a-opt_params0-False-False] PASSED [ 57%]
2025-09-20T19:31:45.0564181Z tests/test_options.py::test_flag_auto_detection[-a-opt_params1-False-False] PASSED [ 57%]
2025-09-20T19:31:45.0576849Z tests/test_options.py::test_flag_auto_detection[-a-opt_params2-False-False] PASSED [ 57%]
2025-09-20T19:31:45.0591027Z tests/test_options.py::test_flag_auto_detection[-a-opt_params3-False-False] PASSED [ 57%]
2025-09-20T19:31:45.0606831Z tests/test_options.py::test_flag_auto_detection[-a-opt_params4-True-False] PASSED [ 57%]
2025-09-20T19:31:45.0619226Z tests/test_options.py::test_flag_auto_detection[-a-opt_params5-True-True] PASSED [ 57%]
2025-09-20T19:31:45.0631522Z tests/test_options.py::test_flag_auto_detection[-a/-A-opt_params6-True-True] PASSED [ 58%]
2025-09-20T19:31:45.0644619Z tests/test_options.py::test_flag_auto_detection[-a-opt_params7-True-True] PASSED [ 58%]
2025-09-20T19:31:45.0665896Z tests/test_options.py::test_flag_auto_detection[-a-opt_params8-False-False] PASSED [ 58%]
2025-09-20T19:31:45.0679662Z tests/test_options.py::test_invalid_flag_combinations[kwargs0-'count' is not valid with 'multiple'.] PASSED [ 58%]
2025-09-20T19:31:45.0696285Z tests/test_options.py::test_invalid_flag_combinations[kwargs1-'count' is not valid with 'is_flag'.] PASSED [ 58%]
2025-09-20T19:31:45.0716802Z tests/test_options.py::test_non_flag_with_non_negatable_default PASSED   [ 58%]
2025-09-20T19:31:45.0779318Z tests/test_options.py::test_choice_usage_rendering[choices0-[TEXT]] PASSED [ 58%]
2025-09-20T19:31:45.0832714Z tests/test_options.py::test_choice_usage_rendering[choices1-[INTEGER]] PASSED [ 58%]
2025-09-20T19:31:45.0880155Z tests/test_options.py::test_choice_usage_rendering[choices2-[FLOAT]] PASSED [ 58%]
2025-09-20T19:31:45.0938318Z tests/test_options.py::test_choice_usage_rendering[choices3-[BOOLEAN]] PASSED [ 58%]
2025-09-20T19:31:45.0988685Z tests/test_options.py::test_choice_usage_rendering[choices4-[TEXT|INTEGER]] PASSED [ 58%]
2025-09-20T19:31:45.1038219Z tests/test_options.py::test_choice_usage_rendering[HashType-[HASHTYPE]] PASSED [ 58%]
2025-09-20T19:31:45.1100325Z tests/test_options.py::test_choice_usage_rendering[Number-[NUMBER]] PASSED [ 58%]
2025-09-20T19:31:45.1212131Z tests/test_options.py::test_choice_usage_rendering[Letter-[LETTER]] PASSED [ 59%]
2025-09-20T19:31:45.1266619Z tests/test_options.py::test_choice_usage_rendering[Color-[COLOR]] PASSED [ 59%]
2025-09-20T19:31:45.1311968Z tests/test_options.py::test_choice_usage_rendering[ColorInt-[COLORINT]] PASSED [ 59%]
2025-09-20T19:31:45.1350458Z tests/test_options.py::test_choice_default_rendering[choices0-bar-bar] PASSED [ 59%]
2025-09-20T19:31:45.1372967Z tests/test_options.py::test_choice_default_rendering[choices1-random-random] PASSED [ 59%]
2025-09-20T19:31:45.1426481Z tests/test_options.py::test_choice_default_rendering[choices2-None-None] PASSED [ 59%]
2025-09-20T19:31:45.1485022Z tests/test_options.py::test_choice_default_rendering[choices3-0-0] PASSED [ 59%]
2025-09-20T19:31:45.1485963Z tests/test_options.py::test_choice_default_rendering[choices4-0.0-0.0] PASSED [ 59%]
2025-09-20T19:31:45.1486889Z tests/test_options.py::test_choice_default_rendering[choices5-2-2] PASSED [ 59%]
2025-09-20T19:31:45.1487795Z tests/test_options.py::test_choice_default_rendering[choices6-2-2] PASSED [ 59%]
2025-09-20T19:31:45.1508372Z tests/test_options.py::test_choice_default_rendering[choices7-2.0-2.0] PASSED [ 59%]
2025-09-20T19:31:45.1530077Z tests/test_options.py::test_choice_default_rendering[choices8-True-True] PASSED [ 59%]
2025-09-20T19:31:45.1554162Z tests/test_options.py::test_choice_default_rendering[choices9-False-False] PASSED [ 59%]
2025-09-20T19:31:45.1575230Z tests/test_options.py::test_choice_default_rendering[choices10-foo-foo] PASSED [ 60%]
2025-09-20T19:31:45.1600333Z tests/test_options.py::test_choice_default_rendering[choices11-1-1] PASSED [ 60%]
2025-09-20T19:31:45.1627110Z tests/test_options.py::test_choice_default_rendering[HashType-HashType.SHA1-SHA1] PASSED [ 60%]
2025-09-20T19:31:45.1651077Z tests/test_options.py::test_choice_default_rendering[HashType-HashType.SHA256-SHA256] PASSED [ 60%]
2025-09-20T19:31:45.1673774Z tests/test_options.py::test_choice_default_rendering[HashType-SHA256-SHA256] PASSED [ 60%]
2025-09-20T19:31:45.1696019Z tests/test_options.py::test_choice_default_rendering[Number-2-TWO] PASSED [ 60%]
2025-09-20T19:31:45.1717699Z tests/test_options.py::test_choice_default_rendering[Number-TWO-TWO] PASSED [ 60%]
2025-09-20T19:31:45.1742490Z tests/test_options.py::test_choice_default_rendering[Letter-Value-1-NAME_1] PASSED [ 60%]
2025-09-20T19:31:45.1764063Z tests/test_options.py::test_choice_default_rendering[Letter-Value_2-NAME_2] PASSED [ 60%]
2025-09-20T19:31:45.1786402Z tests/test_options.py::test_choice_default_rendering[Letter-42_value-NAME_3] PASSED [ 60%]
2025-09-20T19:31:45.1819848Z tests/test_options.py::test_choice_default_rendering[Letter-NAME_1-NAME_1] PASSED [ 60%]
2025-09-20T19:31:45.1841792Z tests/test_options.py::test_choice_default_rendering[Letter-NAME_2-NAME_2] PASSED [ 60%]
2025-09-20T19:31:45.1863487Z tests/test_options.py::test_choice_default_rendering[Letter-NAME_3-NAME_3] PASSED [ 60%]
2025-09-20T19:31:45.1885190Z tests/test_options.py::test_choice_default_rendering[Color-Color.GREEN-GREEN] PASSED [ 61%]
2025-09-20T19:31:45.1942695Z tests/test_options.py::test_choice_default_rendering[Color-GREEN-GREEN] PASSED [ 61%]
2025-09-20T19:31:45.1968520Z tests/test_options.py::test_choice_default_rendering[ColorInt-2-GREEN] PASSED [ 61%]
2025-09-20T19:31:45.1989090Z tests/test_options.py::test_choice_default_rendering[ColorInt-GREEN-GREEN] PASSED [ 61%]
2025-09-20T19:31:45.2010825Z tests/test_options.py::test_duplicate_names_warning[opts_one0-opts_two0] PASSED [ 61%]
2025-09-20T19:31:45.2028792Z tests/test_options.py::test_duplicate_names_warning[opts_one1-opts_two1] PASSED [ 61%]
2025-09-20T19:31:45.2051164Z tests/test_options.py::test_dual_options_custom_type_sentinel_flag_value[args0-None-sentinel0] PASSED [ 61%]
2025-09-20T19:31:45.2072266Z tests/test_options.py::test_dual_options_custom_type_sentinel_flag_value[args0-None-EnumSentinel.FALSY_SENTINEL] PASSED [ 61%]
2025-09-20T19:31:45.2095654Z tests/test_options.py::test_dual_options_custom_type_sentinel_flag_value[args1-Error:\\ Option\\ '\\-\\-config'\\ requires\\ an\\ argument\\.\\\n-sentinel0] PASSED [ 61%]
2025-09-20T19:31:45.2116726Z tests/test_options.py::test_dual_options_custom_type_sentinel_flag_value[args1-Error:\\ Option\\ '\\-\\-config'\\ requires\\ an\\ argument\\.\\\n-EnumSentinel.FALSY_SENTINEL] PASSED [ 61%]
2025-09-20T19:31:45.2138255Z tests/test_options.py::test_dual_options_custom_type_sentinel_flag_value[args2-Error:\\ Option\\ '\\-\\-config'\\ requires\\ an\\ argument\\.\\\n-sentinel0] PASSED [ 61%]
2025-09-20T19:31:45.2190580Z tests/test_options.py::test_dual_options_custom_type_sentinel_flag_value[args2-Error:\\ Option\\ '\\-\\-config'\\ requires\\ an\\ argument\\.\\\n-EnumSentinel.FALSY_SENTINEL] PASSED [ 61%]
2025-09-20T19:31:45.2297680Z tests/test_options.py::test_dual_options_custom_type_sentinel_flag_value[args3-No configuration file provided.-sentinel0] PASSED [ 61%]
2025-09-20T19:31:45.2319225Z tests/test_options.py::test_dual_options_custom_type_sentinel_flag_value[args3-No configuration file provided.-EnumSentinel.FALSY_SENTINEL] PASSED [ 62%]
2025-09-20T19:31:45.2349428Z tests/test_options.py::test_dual_options_custom_type_sentinel_flag_value[args4-foo.conf-sentinel0] PASSED [ 62%]
2025-09-20T19:31:45.2372730Z tests/test_options.py::test_dual_options_custom_type_sentinel_flag_value[args4-foo.conf-EnumSentinel.FALSY_SENTINEL] PASSED [ 62%]
2025-09-20T19:31:45.2408339Z tests/test_options.py::test_dual_options_custom_type_sentinel_flag_value[args5-Usage: main \\[OPTIONS\\]\\nTry 'main --help' for help.\\n\\nError: Got unexpected extra argument (.+)\\n-sentinel0] PASSED [ 62%]
2025-09-20T19:31:45.2436783Z tests/test_options.py::test_dual_options_custom_type_sentinel_flag_value[args5-Usage: main \\[OPTIONS\\]\\nTry 'main --help' for help.\\n\\nError: Got unexpected extra argument (.+)\\n-EnumSentinel.FALSY_SENTINEL] PASSED [ 62%]
2025-09-20T19:31:45.2462003Z tests/test_options.py::test_dual_options_custom_type_sentinel_flag_value[args6-Usage: main \\[OPTIONS\\]\\nTry 'main --help' for help.\\n\\nError: Invalid value for '-c' / '--config': File 'random-file.conf' does not exist.\\n-sentinel0] PASSED [ 62%]
2025-09-20T19:31:45.2487336Z tests/test_options.py::test_dual_options_custom_type_sentinel_flag_value[args6-Usage: main \\[OPTIONS\\]\\nTry 'main --help' for help.\\n\\nError: Invalid value for '-c' / '--config': File 'random-file.conf' does not exist.\\n-EnumSentinel.FALSY_SENTINEL] PASSED [ 62%]
2025-09-20T19:31:45.2511814Z tests/test_options.py::test_dual_options_custom_type_sentinel_flag_value[args7-Usage: main \\[OPTIONS\\]\\nTry 'main --help' for help.\\n\\nError: Invalid value for '-c' / '--config': File '--no-config' does not exist.\\n-sentinel0] PASSED [ 62%]
2025-09-20T19:31:45.2539176Z tests/test_options.py::test_dual_options_custom_type_sentinel_flag_value[args7-Usage: main \\[OPTIONS\\]\\nTry 'main --help' for help.\\n\\nError: Invalid value for '-c' / '--config': File '--no-config' does not exist.\\n-EnumSentinel.FALSY_SENTINEL] PASSED [ 62%]
2025-09-20T19:31:45.2565060Z tests/test_options.py::test_dual_options_custom_type_sentinel_flag_value[args8-Usage: main \\[OPTIONS\\]\\nTry 'main --help' for help.\\n\\nError: Invalid value for '-c' / '--config': File '--no-config' does not exist.\\n-sentinel0] PASSED [ 62%]
2025-09-20T19:31:45.2589958Z tests/test_options.py::test_dual_options_custom_type_sentinel_flag_value[args8-Usage: main \\[OPTIONS\\]\\nTry 'main --help' for help.\\n\\nError: Invalid value for '-c' / '--config': File '--no-config' does not exist.\\n-EnumSentinel.FALSY_SENTINEL] PASSED [ 62%]
2025-09-20T19:31:45.2611916Z tests/test_options.py::test_dual_options_custom_type_sentinel_flag_value[args9-foo.conf-sentinel0] PASSED [ 62%]
2025-09-20T19:31:45.2636124Z tests/test_options.py::test_dual_options_custom_type_sentinel_flag_value[args9-foo.conf-EnumSentinel.FALSY_SENTINEL] PASSED [ 62%]
2025-09-20T19:31:45.2659480Z tests/test_options.py::test_custom_type_flag_value_standalone_option[opt_params0-args0-None] PASSED [ 63%]
2025-09-20T19:31:45.2676500Z tests/test_options.py::test_custom_type_flag_value_standalone_option[opt_params1-args1-None] PASSED [ 63%]
2025-09-20T19:31:45.2693672Z tests/test_options.py::test_custom_type_flag_value_standalone_option[opt_params2-args2-EngineType.OSS] PASSED [ 63%]
2025-09-20T19:31:45.2710909Z tests/test_options.py::test_custom_type_flag_value_standalone_option[opt_params3-args3-EngineType.OSS] PASSED [ 63%]
2025-09-20T19:31:45.2731119Z tests/test_options.py::test_custom_type_flag_value_standalone_option[opt_params4-args4-EngineType.OSS] PASSED [ 63%]
2025-09-20T19:31:45.2806975Z tests/test_options.py::test_custom_type_flag_value_standalone_option[opt_params5-args5-None] PASSED [ 63%]
2025-09-20T19:31:45.2876321Z tests/test_options.py::test_custom_type_flag_value_standalone_option[opt_params6-args6-None] PASSED [ 63%]
2025-09-20T19:31:45.2916224Z tests/test_options.py::test_custom_type_flag_value_standalone_option[opt_params7-args7-None] PASSED [ 63%]
2025-09-20T19:31:45.2933431Z tests/test_options.py::test_custom_type_flag_value_standalone_option[opt_params8-args8-None] PASSED [ 63%]
2025-09-20T19:31:45.2950185Z tests/test_options.py::test_custom_type_flag_value_standalone_option[opt_params9-args9-EngineType.OSS] PASSED [ 63%]
2025-09-20T19:31:45.2968043Z tests/test_options.py::test_custom_type_flag_value_standalone_option[opt_params10-args10-Error:\\ Option\\ '\\-\\-pro'\\ requires\\ an\\ argument\\.\\\n] PASSED [ 63%]
2025-09-20T19:31:45.2984523Z tests/test_options.py::test_custom_type_flag_value_standalone_option[opt_params11-args11-EngineType.OSS] PASSED [ 63%]
2025-09-20T19:31:45.3003573Z tests/test_options.py::test_custom_type_flag_value_standalone_option[opt_params12-args12-EngineType.OSS] PASSED [ 63%]
2025-09-20T19:31:45.3020761Z tests/test_options.py::test_custom_type_flag_value_standalone_option[opt_params13-args13-EngineType.OSS] PASSED [ 64%]
2025-09-20T19:31:45.3038233Z tests/test_options.py::test_custom_type_flag_value_standalone_option[opt_params14-args14-1] PASSED [ 64%]
2025-09-20T19:31:45.3055183Z tests/test_options.py::test_custom_type_flag_value_standalone_option[opt_params15-args15-42] PASSED [ 64%]
2025-09-20T19:31:45.3072884Z tests/test_options.py::test_custom_type_flag_value_standalone_option[opt_params16-args16-EngineType.OSS] PASSED [ 64%]
2025-09-20T19:31:45.3090429Z tests/test_options.py::test_custom_type_flag_value_standalone_option[opt_params17-args17-42] PASSED [ 64%]
2025-09-20T19:31:45.3117100Z tests/test_options.py::test_custom_type_flag_value_standalone_option[opt_params18-args18-1] PASSED [ 64%]
2025-09-20T19:31:45.3134265Z tests/test_options.py::test_custom_type_flag_value_standalone_option[opt_params19-args19-42] PASSED [ 64%]
2025-09-20T19:31:45.3150954Z tests/test_options.py::test_custom_type_flag_value_standalone_option[opt_params20-args20-1] PASSED [ 64%]
2025-09-20T19:31:45.3168270Z tests/test_options.py::test_custom_type_flag_value_standalone_option[opt_params21-args21-42] PASSED [ 64%]
2025-09-20T19:31:45.3185105Z tests/test_options.py::test_custom_type_flag_value_standalone_option[opt_params22-args22-EngineType.OSS] PASSED [ 64%]
2025-09-20T19:31:45.3203841Z tests/test_options.py::test_custom_type_flag_value_standalone_option[opt_params23-args23-42] PASSED [ 64%]
2025-09-20T19:31:45.3221172Z tests/test_options.py::test_custom_type_flag_value_standalone_option[opt_params24-args24-1] PASSED [ 64%]
2025-09-20T19:31:45.3238197Z tests/test_options.py::test_custom_type_flag_value_standalone_option[opt_params25-args25-42] PASSED [ 64%]
2025-09-20T19:31:45.3254238Z tests/test_options.py::test_custom_type_flag_value_standalone_option[opt_params26-args26-1] PASSED [ 65%]
2025-09-20T19:31:45.3270627Z tests/test_options.py::test_custom_type_flag_value_standalone_option[opt_params27-args27-42] PASSED [ 65%]
2025-09-20T19:31:45.3289021Z tests/test_options.py::test_custom_type_flag_value_standalone_option[opt_params28-args28-1] PASSED [ 65%]
2025-09-20T19:31:45.3305970Z tests/test_options.py::test_custom_type_flag_value_standalone_option[opt_params29-args29-42] PASSED [ 65%]
2025-09-20T19:31:45.3325740Z tests/test_options.py::test_custom_type_flag_value_dual_options[opt1_params0-opt2_params0-args0-None] PASSED [ 65%]
2025-09-20T19:31:45.3343805Z tests/test_options.py::test_custom_type_flag_value_dual_options[opt1_params1-opt2_params1-args1-EngineType.OSS] PASSED [ 65%]
2025-09-20T19:31:45.3360769Z tests/test_options.py::test_custom_type_flag_value_dual_options[opt1_params2-opt2_params2-args2-EngineType.PRO] PASSED [ 65%]
2025-09-20T19:31:45.3382126Z tests/test_options.py::test_custom_type_flag_value_dual_options[opt1_params3-opt2_params3-args3-'<test_options.Class1 object at 0x[0-9A-Fa-f]+>'] PASSED [ 65%]
2025-09-20T19:31:45.3400482Z tests/test_options.py::test_custom_type_flag_value_dual_options[opt1_params4-opt2_params4-args4-<class 'test_options.Class1'>] PASSED [ 65%]
2025-09-20T19:31:45.3420905Z tests/test_options.py::test_custom_type_flag_value_dual_options[opt1_params5-opt2_params5-args5-<class 'test_options.Class2'>] PASSED [ 65%]
2025-09-20T19:31:45.3438943Z tests/test_options.py::test_custom_type_flag_value_dual_options[opt1_params6-opt2_params6-args6-True] PASSED [ 65%]
2025-09-20T19:31:45.3458431Z tests/test_options.py::test_custom_type_flag_value_dual_options[opt1_params7-opt2_params7-args7-None] PASSED [ 65%]
2025-09-20T19:31:45.3477598Z tests/test_options.py::test_custom_type_flag_value_dual_options[opt1_params8-opt2_params8-args8-<test_options.Class1 object at 0x[0-9A-Fa-f]+>] PASSED [ 65%]
2025-09-20T19:31:45.3510217Z tests/test_options.py::test_custom_type_flag_value_dual_options[opt1_params9-opt2_params9-args9-Class1] PASSED [ 66%]
2025-09-20T19:31:45.3528545Z tests/test_options.py::test_custom_type_flag_value_dual_options[opt1_params10-opt2_params10-args10-Class2] PASSED [ 66%]
2025-09-20T19:31:45.3548845Z tests/test_options.py::test_custom_type_flag_value_dual_options[opt1_params11-opt2_params11-args11-'<test_options.Class1 object at 0x[0-9A-Fa-f]+>'] PASSED [ 66%]
2025-09-20T19:31:45.3567223Z tests/test_options.py::test_custom_type_flag_value_dual_options[opt1_params12-opt2_params12-args12-'<test_options.Class2 object at 0x[0-9A-Fa-f]+>'] PASSED [ 66%]
2025-09-20T19:31:45.3643189Z tests/test_options.py::test_custom_type_flag_value_dual_options[opt1_params13-opt2_params13-args13-<test_options.Class1 object at 0x[0-9A-Fa-f]+>] PASSED [ 66%]
2025-09-20T19:31:45.3665969Z tests/test_options.py::test_custom_type_flag_value_dual_options[opt1_params14-opt2_params14-args14-<test_options.Class2 object at 0x[0-9A-Fa-f]+>] PASSED [ 66%]
2025-09-20T19:31:45.3685358Z tests/test_options.py::test_custom_type_flag_value_dual_options[opt1_params15-opt2_params15-args15-1] PASSED [ 66%]
2025-09-20T19:31:45.3704425Z tests/test_options.py::test_custom_type_flag_value_dual_options[opt1_params16-opt2_params16-args16-1] PASSED [ 66%]
2025-09-20T19:31:45.3732651Z tests/test_options.py::test_custom_type_frozenset_flag_value PASSED      [ 66%]
2025-09-20T19:31:45.3743755Z tests/test_parser.py::test_split_arg_string[cli a b c-expect0] PASSED    [ 66%]
2025-09-20T19:31:45.3755108Z tests/test_parser.py::test_split_arg_string[cli 'my file-expect1] PASSED [ 66%]
2025-09-20T19:31:45.3766101Z tests/test_parser.py::test_split_arg_string[cli 'my file'-expect2] PASSED [ 66%]
2025-09-20T19:31:45.3777105Z tests/test_parser.py::test_split_arg_string[cli my\\-expect3] PASSED     [ 66%]
2025-09-20T19:31:45.3788704Z tests/test_parser.py::test_split_arg_string[cli my\\ file-expect4] PASSED [ 67%]
2025-09-20T19:31:45.3801168Z tests/test_parser.py::test_parser_default_prefixes PASSED                [ 67%]
2025-09-20T19:31:45.3817848Z tests/test_parser.py::test_parser_collects_prefixes PASSED               [ 67%]
2025-09-20T19:31:45.3847856Z tests/test_shell_completion.py::test_command PASSED                      [ 67%]
2025-09-20T19:31:45.3882806Z tests/test_shell_completion.py::test_group PASSED                        [ 67%]
2025-09-20T19:31:45.3897878Z tests/test_shell_completion.py::test_nested_group[args0--expect0] PASSED [ 67%]
2025-09-20T19:31:45.3997437Z tests/test_shell_completion.py::test_nested_group[args1--expect1] PASSED [ 67%]
2025-09-20T19:31:45.4026806Z tests/test_shell_completion.py::test_nested_group[args2--expect2] PASSED [ 67%]
2025-09-20T19:31:45.4046587Z tests/test_shell_completion.py::test_nested_group[args3---expect3] PASSED [ 67%]
2025-09-20T19:31:45.4072008Z tests/test_shell_completion.py::test_nested_group[args4--expect4] PASSED [ 67%]
2025-09-20T19:31:45.4093722Z tests/test_shell_completion.py::test_nested_group[args5---expect5] PASSED [ 67%]
2025-09-20T19:31:45.4124602Z tests/test_shell_completion.py::test_group_command_same_option PASSED    [ 67%]
2025-09-20T19:31:45.4163213Z tests/test_shell_completion.py::test_chained PASSED                      [ 67%]
2025-09-20T19:31:45.4185785Z tests/test_shell_completion.py::test_help_option PASSED                  [ 68%]
2025-09-20T19:31:45.4212061Z tests/test_shell_completion.py::test_argument_order PASSED               [ 68%]
2025-09-20T19:31:45.4232635Z tests/test_shell_completion.py::test_argument_default PASSED             [ 68%]
2025-09-20T19:31:45.4261441Z tests/test_shell_completion.py::test_type_choice PASSED                  [ 68%]
2025-09-20T19:31:45.4286266Z tests/test_shell_completion.py::test_choice_special_characters PASSED    [ 68%]
2025-09-20T19:31:45.4307979Z tests/test_shell_completion.py::test_choice_conflicting_prefix PASSED    [ 68%]
2025-09-20T19:31:45.4327018Z tests/test_shell_completion.py::test_option_count PASSED                 [ 68%]
2025-09-20T19:31:45.4345060Z tests/test_shell_completion.py::test_option_optional PASSED              [ 68%]
2025-09-20T19:31:45.4363595Z tests/test_shell_completion.py::test_path_types[type0-file] PASSED       [ 68%]
2025-09-20T19:31:45.4379053Z tests/test_shell_completion.py::test_path_types[type1-file] PASSED       [ 68%]
2025-09-20T19:31:45.4395338Z tests/test_shell_completion.py::test_path_types[type2-dir] PASSED        [ 68%]
2025-09-20T19:31:45.4413617Z tests/test_shell_completion.py::test_absolute_path PASSED                [ 68%]
2025-09-20T19:31:45.4431114Z tests/test_shell_completion.py::test_option_flag PASSED                  [ 68%]
2025-09-20T19:31:45.4451756Z tests/test_shell_completion.py::test_flag_option_with_nargs_option PASSED [ 69%]
2025-09-20T19:31:45.4470828Z tests/test_shell_completion.py::test_option_custom PASSED                [ 69%]
2025-09-20T19:31:45.4513744Z tests/test_shell_completion.py::test_option_multiple PASSED              [ 69%]
2025-09-20T19:31:45.4539063Z tests/test_shell_completion.py::test_option_nargs PASSED                 [ 69%]
2025-09-20T19:31:45.4585047Z tests/test_shell_completion.py::test_argument_nargs PASSED               [ 69%]
2025-09-20T19:31:45.4608797Z tests/test_shell_completion.py::test_double_dash PASSED                  [ 69%]
2025-09-20T19:31:45.4635570Z tests/test_shell_completion.py::test_hidden PASSED                       [ 69%]
2025-09-20T19:31:45.4655284Z tests/test_shell_completion.py::test_add_different_name PASSED           [ 69%]
2025-09-20T19:31:45.4666820Z tests/test_shell_completion.py::test_completion_item_data PASSED         [ 69%]
2025-09-20T19:31:45.4686894Z tests/test_shell_completion.py::test_full_source[bash] PASSED            [ 69%]
2025-09-20T19:31:45.4702846Z tests/test_shell_completion.py::test_full_source[zsh] PASSED             [ 69%]
2025-09-20T19:31:45.4719347Z tests/test_shell_completion.py::test_full_source[fish] PASSED            [ 69%]
2025-09-20T19:31:45.4739215Z tests/test_shell_completion.py::test_full_complete[bash-env0-plain,a\nplain,b\n] PASSED [ 69%]
2025-09-20T19:31:45.4761550Z tests/test_shell_completion.py::test_full_complete[bash-env1-plain,b\n] PASSED [ 70%]
2025-09-20T19:31:45.4781471Z tests/test_shell_completion.py::test_full_complete[zsh-env2-plain\na\n_\nplain\nb\nbee\n] PASSED [ 70%]
2025-09-20T19:31:45.4802023Z tests/test_shell_completion.py::test_full_complete[zsh-env3-plain\nb\nbee\n] PASSED [ 70%]
2025-09-20T19:31:45.4840985Z tests/test_shell_completion.py::test_full_complete[fish-env4-plain,a\nplain,b\tbee\n] PASSED [ 70%]
2025-09-20T19:31:45.4881389Z tests/test_shell_completion.py::test_full_complete[fish-env5-plain,b\tbee\n] PASSED [ 70%]
2025-09-20T19:31:45.4901759Z tests/test_shell_completion.py::test_full_complete[fish-env6-plain,b\tbee\n] PASSED [ 70%]
2025-09-20T19:31:45.4921581Z tests/test_shell_completion.py::test_zsh_full_complete_with_colons[env0-plain\na\n_\nplain\nb\nbee\nplain\nc\\:d\ncee:dee\nplain\nc:e\n_\n] PASSED [ 70%]
2025-09-20T19:31:45.4944329Z tests/test_shell_completion.py::test_zsh_full_complete_with_colons[env1-plain\nc\\:d\ncee:dee\nplain\nc:e\n_\n] PASSED [ 70%]
2025-09-20T19:31:45.4965364Z tests/test_shell_completion.py::test_zsh_full_complete_with_colons[env2-plain\nc\\:d\ncee:dee\nplain\nc:e\n_\n] PASSED [ 70%]
2025-09-20T19:31:45.4988104Z tests/test_shell_completion.py::test_context_settings PASSED             [ 70%]
2025-09-20T19:31:45.5003947Z tests/test_shell_completion.py::test_choice_case_sensitive[False-expect0] PASSED [ 70%]
2025-09-20T19:31:45.5021715Z tests/test_shell_completion.py::test_choice_case_sensitive[True-expect1] PASSED [ 70%]
2025-09-20T19:31:45.5052971Z tests/test_shell_completion.py::test_add_completion_class PASSED         [ 70%]
2025-09-20T19:31:45.5075819Z tests/test_shell_completion.py::test_add_completion_class_with_name PASSED [ 71%]
2025-09-20T19:31:45.5099036Z tests/test_shell_completion.py::test_add_completion_class_decorator PASSED [ 71%]
2025-09-20T19:31:45.5123896Z tests/test_shell_completion.py::test_files_closed PASSED                 [ 71%]
2025-09-20T19:31:45.5152291Z tests/test_termui.py::test_progressbar_strip_regression PASSED           [ 71%]
2025-09-20T19:31:45.5176811Z tests/test_termui.py::test_progressbar_length_hint PASSED                [ 71%]
2025-09-20T19:31:45.5196530Z tests/test_termui.py::test_progressbar_no_tty PASSED                     [ 71%]
2025-09-20T19:31:45.5215207Z tests/test_termui.py::test_progressbar_hidden_manual PASSED              [ 71%]
2025-09-20T19:31:45.5228315Z tests/test_termui.py::test_progressbar_time_per_iteration[avg0-0.0] PASSED [ 71%]
2025-09-20T19:31:45.5243607Z tests/test_termui.py::test_progressbar_time_per_iteration[avg1-2.5] PASSED [ 71%]
2025-09-20T19:31:45.5256430Z tests/test_termui.py::test_progressbar_eta[False-5] PASSED               [ 71%]
2025-09-20T19:31:45.5268339Z tests/test_termui.py::test_progressbar_eta[True-0] PASSED                [ 71%]
2025-09-20T19:31:45.5280836Z tests/test_termui.py::test_progressbar_format_eta[0-00:00:00] PASSED     [ 71%]
2025-09-20T19:31:45.5294048Z tests/test_termui.py::test_progressbar_format_eta[30-00:00:30] PASSED    [ 71%]
2025-09-20T19:31:45.5306110Z tests/test_termui.py::test_progressbar_format_eta[90-00:01:30] PASSED    [ 71%]
2025-09-20T19:31:45.5318438Z tests/test_termui.py::test_progressbar_format_eta[900-00:15:00] PASSED   [ 72%]
2025-09-20T19:31:45.5332582Z tests/test_termui.py::test_progressbar_format_eta[9000-02:30:00] PASSED  [ 72%]
2025-09-20T19:31:45.5345147Z tests/test_termui.py::test_progressbar_format_eta[99999999999-1157407d 09:46:39] PASSED [ 72%]
2025-09-20T19:31:45.5356881Z tests/test_termui.py::test_progressbar_format_eta[None-] PASSED          [ 72%]
2025-09-20T19:31:45.5368730Z tests/test_termui.py::test_progressbar_format_pos[0-5] PASSED            [ 72%]
2025-09-20T19:31:45.5380928Z tests/test_termui.py::test_progressbar_format_pos[-1-1] PASSED           [ 72%]
2025-09-20T19:31:45.5393534Z tests/test_termui.py::test_progressbar_format_pos[5-5] PASSED            [ 72%]
2025-09-20T19:31:45.5423706Z tests/test_termui.py::test_progressbar_format_pos[6-5] PASSED            [ 72%]
2025-09-20T19:31:45.5437414Z tests/test_termui.py::test_progressbar_format_pos[4-0] PASSED            [ 72%]
2025-09-20T19:31:45.5452643Z tests/test_termui.py::test_progressbar_format_bar[8-False-7-0-#######-] PASSED [ 72%]
2025-09-20T19:31:45.5477324Z tests/test_termui.py::test_progressbar_format_bar[0-True-8-0-########] PASSED [ 72%]
2025-09-20T19:31:45.5589535Z tests/test_termui.py::test_progressbar_format_progress_line[0-True-True-0-  [--------]  0/0    0%] PASSED [ 72%]
2025-09-20T19:31:45.5604270Z tests/test_termui.py::test_progressbar_format_progress_line[0-False-True-0-  [--------]  0/0] PASSED [ 72%]
2025-09-20T19:31:45.5619761Z tests/test_termui.py::test_progressbar_format_progress_line[0-False-False-0-  [--------]0] PASSED [ 73%]
2025-09-20T19:31:45.5633640Z tests/test_termui.py::test_progressbar_format_progress_line[0-False-False-0-  [--------]1] PASSED [ 73%]
2025-09-20T19:31:45.5665687Z tests/test_termui.py::test_progressbar_format_progress_line[8-True-True-8-  [########]  8/8  100%] PASSED [ 73%]
2025-09-20T19:31:45.5678229Z tests/test_termui.py::test_progressbar_format_progress_line_with_show_func[test] PASSED [ 73%]
2025-09-20T19:31:45.5691969Z tests/test_termui.py::test_progressbar_format_progress_line_with_show_func[None] PASSED [ 73%]
2025-09-20T19:31:45.5709345Z tests/test_termui.py::test_progressbar_init_exceptions PASSED            [ 73%]
2025-09-20T19:31:45.5724865Z tests/test_termui.py::test_progressbar_iter_outside_with_exceptions PASSED [ 73%]
2025-09-20T19:31:45.5751602Z tests/test_termui.py::test_progressbar_is_iterator PASSED                [ 73%]
2025-09-20T19:31:45.5778673Z tests/test_termui.py::test_choices_list_in_prompt PASSED                 [ 73%]
2025-09-20T19:31:45.5798099Z tests/test_termui.py::test_file_prompt_default_format[file_kwargs0] PASSED [ 73%]
2025-09-20T19:31:45.5814974Z tests/test_termui.py::test_file_prompt_default_format[file_kwargs1] PASSED [ 73%]
2025-09-20T19:31:45.5832911Z tests/test_termui.py::test_file_prompt_default_format[file_kwargs2] PASSED [ 73%]
2025-09-20T19:31:45.5849142Z tests/test_termui.py::test_secho PASSED                                  [ 73%]
2025-09-20T19:31:45.5862156Z tests/test_termui.py::test_secho_non_text[123-\x1b[45m123\x1b[0m] PASSED [ 74%]
2025-09-20T19:31:45.5876140Z tests/test_termui.py::test_secho_non_text[test-test] PASSED              [ 74%]
2025-09-20T19:31:45.5890218Z tests/test_termui.py::test_progressbar_yields_all_items PASSED           [ 74%]
2025-09-20T19:31:45.5913457Z tests/test_termui.py::test_progressbar_update PASSED                     [ 74%]
2025-09-20T19:31:45.5946105Z tests/test_termui.py::test_progressbar_item_show_func PASSED             [ 74%]
2025-09-20T19:31:45.5992085Z tests/test_termui.py::test_progressbar_update_with_item_show_func PASSED [ 74%]
2025-09-20T19:31:45.6006260Z tests/test_termui.py::test_progress_bar_update_min_steps PASSED          [ 74%]
2025-09-20T19:31:45.6021974Z tests/test_termui.py::test_getchar_windows[True-h] SKIPPED (Tests us...) [ 74%]
2025-09-20T19:31:45.6035833Z tests/test_termui.py::test_getchar_windows[True-H] SKIPPED (Tests us...) [ 74%]
2025-09-20T19:31:45.6048919Z tests/test_termui.py::test_getchar_windows[True-\xe9] SKIPPED (Tests...) [ 74%]
2025-09-20T19:31:45.6060979Z tests/test_termui.py::test_getchar_windows[True-\xc0] SKIPPED (Tests...) [ 74%]
2025-09-20T19:31:45.6072502Z tests/test_termui.py::test_getchar_windows[True- ] SKIPPED (Tests us...) [ 74%]
2025-09-20T19:31:45.6084304Z tests/test_termui.py::test_getchar_windows[True-\u5b57] SKIPPED (Tes...) [ 74%]
2025-09-20T19:31:45.6095046Z tests/test_termui.py::test_getchar_windows[True-\xe0H] SKIPPED (Test...) [ 75%]
2025-09-20T19:31:45.6106565Z tests/test_termui.py::test_getchar_windows[True-\xe0R] SKIPPED (Test...) [ 75%]
2025-09-20T19:31:45.6117831Z tests/test_termui.py::test_getchar_windows[False-h] SKIPPED (Tests u...) [ 75%]
2025-09-20T19:31:45.6130677Z tests/test_termui.py::test_getchar_windows[False-H] SKIPPED (Tests u...) [ 75%]
2025-09-20T19:31:45.6141795Z tests/test_termui.py::test_getchar_windows[False-\xe9] SKIPPED (Test...) [ 75%]
2025-09-20T19:31:45.6156558Z tests/test_termui.py::test_getchar_windows[False-\xc0] SKIPPED (Test...) [ 75%]
2025-09-20T19:31:45.6167981Z tests/test_termui.py::test_getchar_windows[False- ] SKIPPED (Tests u...) [ 75%]
2025-09-20T19:31:45.6179578Z tests/test_termui.py::test_getchar_windows[False-\u5b57] SKIPPED (Te...) [ 75%]
2025-09-20T19:31:45.6191338Z tests/test_termui.py::test_getchar_windows[False-\xe0H] SKIPPED (Tes...) [ 75%]
2025-09-20T19:31:45.6202634Z tests/test_termui.py::test_getchar_windows[False-\xe0R] SKIPPED (Tes...) [ 75%]
2025-09-20T19:31:45.6213892Z tests/test_termui.py::test_getchar_special_key_windows[\x00-a] SKIPPED   [ 75%]
2025-09-20T19:31:45.6224942Z tests/test_termui.py::test_getchar_special_key_windows[\x00-b] SKIPPED   [ 75%]
2025-09-20T19:31:45.6235583Z tests/test_termui.py::test_getchar_special_key_windows[\xe0-c] SKIPPED   [ 75%]
2025-09-20T19:31:45.6247915Z tests/test_termui.py::test_getchar_windows_exceptions[\x03-KeyboardInterrupt] SKIPPED [ 76%]
2025-09-20T19:31:45.6259681Z tests/test_termui.py::test_getchar_windows_exceptions[\x1a-EOFError] SKIPPED [ 76%]
2025-09-20T19:31:45.6511845Z tests/test_termui.py::test_fast_edit PASSED                              [ 76%]
2025-09-20T19:31:45.6602310Z tests/test_termui.py::test_edit PASSED                                   [ 76%]
2025-09-20T19:31:45.6639982Z tests/test_termui.py::test_prompt_required_with_required[True-False-None-prompt] PASSED [ 76%]
2025-09-20T19:31:45.6667353Z tests/test_termui.py::test_prompt_required_with_required[True-False-args1-Option '-v' requires an argument.] PASSED [ 76%]
2025-09-20T19:31:45.6691936Z tests/test_termui.py::test_prompt_required_with_required[False-True-None-prompt] PASSED [ 76%]
2025-09-20T19:31:45.6718312Z tests/test_termui.py::test_prompt_required_with_required[False-True-args3-prompt] PASSED [ 76%]
2025-09-20T19:31:45.6740422Z tests/test_termui.py::test_prompt_required_false[no flag] PASSED         [ 76%]
2025-09-20T19:31:45.6762111Z tests/test_termui.py::test_prompt_required_false[short sep value] PASSED [ 76%]
2025-09-20T19:31:45.6781811Z tests/test_termui.py::test_prompt_required_false[long sep value] PASSED  [ 76%]
2025-09-20T19:31:45.6804150Z tests/test_termui.py::test_prompt_required_false[short join value] PASSED [ 76%]
2025-09-20T19:31:45.6824413Z tests/test_termui.py::test_prompt_required_false[long join value] PASSED [ 76%]
2025-09-20T19:31:45.6849529Z tests/test_termui.py::test_prompt_required_false[short no value] PASSED  [ 77%]
2025-09-20T19:31:45.6934142Z tests/test_termui.py::test_prompt_required_false[long no value] PASSED   [ 77%]
2025-09-20T19:31:45.6935227Z tests/test_termui.py::test_prompt_required_false[no value opt] PASSED    [ 77%]
2025-09-20T19:31:45.6936575Z tests/test_termui.py::test_confirmation_prompt[True-password\npassword-None-password] PASSED [ 77%]
2025-09-20T19:31:45.6947870Z tests/test_termui.py::test_confirmation_prompt[Confirm Password-password\npassword\n-None-password] PASSED [ 77%]
2025-09-20T19:31:45.6981823Z tests/test_termui.py::test_confirmation_prompt[True-\n\n--] PASSED       [ 77%]
2025-09-20T19:31:45.7005813Z tests/test_termui.py::test_confirmation_prompt[False-None-None-None] PASSED [ 77%]
2025-09-20T19:31:45.7030859Z tests/test_termui.py::test_false_show_default_cause_no_default_display_in_prompt PASSED [ 77%]
2025-09-20T19:31:45.7058439Z tests/test_termui.py::test_flag_value_prompt[--flag/--no-flag-opt_params0-args0-[y/N]-y-True] PASSED [ 77%]
2025-09-20T19:31:45.7111645Z tests/test_termui.py::test_flag_value_prompt[--flag/--no-flag-opt_params1-args1-[y/N]-n-False] PASSED [ 77%]
2025-09-20T19:31:45.7217529Z tests/test_termui.py::test_flag_value_prompt[--flag/--no-flag-opt_params2-args2-[y/N]--False] PASSED [ 77%]
2025-09-20T19:31:45.7243989Z tests/test_termui.py::test_flag_value_prompt[--flag/--no-flag-opt_params3-args3-[Y/n]--True] PASSED [ 77%]
2025-09-20T19:31:45.7364306Z tests/test_termui.py::test_flag_value_prompt[--flag/--no-flag-opt_params4-args4-[Y/n]-y-True] PASSED [ 77%]
2025-09-20T19:31:45.7386878Z tests/test_termui.py::test_flag_value_prompt[--flag/--no-flag-opt_params5-args5-[Y/n]-n-False] PASSED [ 78%]
2025-09-20T19:31:45.7413721Z tests/test_termui.py::test_flag_value_prompt[--flag/--no-flag-opt_params6-args6-[y/N]--False] PASSED [ 78%]
2025-09-20T19:31:45.7436257Z tests/test_termui.py::test_flag_value_prompt[--flag/--no-flag-opt_params7-args7-[y/N]-y-True] PASSED [ 78%]
2025-09-20T19:31:45.7458811Z tests/test_termui.py::test_flag_value_prompt[--flag/--no-flag-opt_params8-args8-[y/N]-n-False] PASSED [ 78%]
2025-09-20T19:31:45.7481526Z tests/test_termui.py::test_flag_value_prompt[--flag/--no-flag-opt_params9-args9-[y/n]-y-True] PASSED [ 78%]
2025-09-20T19:31:45.7506422Z tests/test_termui.py::test_flag_value_prompt[--flag/--no-flag-opt_params10-args10-[y/n]-n-False] PASSED [ 78%]
2025-09-20T19:31:45.7557295Z tests/test_termui.py::test_flag_value_prompt[--flag/--no-flag-opt_params11-args11-[Y/n]--True] PASSED [ 78%]
2025-09-20T19:31:45.7629562Z tests/test_termui.py::test_flag_value_prompt[--flag/--no-flag-opt_params12-args12-[Y/n]-y-True] PASSED [ 78%]
2025-09-20T19:31:45.7657177Z tests/test_termui.py::test_flag_value_prompt[--flag/--no-flag-opt_params13-args13-[Y/n]-n-False] PASSED [ 78%]
2025-09-20T19:31:45.7678724Z tests/test_termui.py::test_flag_value_prompt[--flag/--no-flag-opt_params14-args14-None-None-MissingParameter] PASSED [ 78%]
2025-09-20T19:31:45.7770832Z tests/test_termui.py::test_flag_value_prompt[--flag/--no-flag-opt_params15-args15-None-None-True] PASSED [ 78%]
2025-09-20T19:31:45.7800076Z tests/test_termui.py::test_flag_value_prompt[--flag/--no-flag-opt_params16-args16-None-None-False] PASSED [ 78%]
2025-09-20T19:31:45.7821345Z tests/test_termui.py::test_flag_value_prompt[--flag/--no-flag-opt_params17-args17-None-None-None] PASSED [ 78%]
2025-09-20T19:31:45.7842820Z tests/test_termui.py::test_flag_value_prompt[--flag/--no-flag-opt_params18-args18-None-None-True] PASSED [ 79%]
2025-09-20T19:31:45.7898176Z tests/test_termui.py::test_flag_value_prompt[--flag/--no-flag-opt_params19-args19-None-None-False] PASSED [ 79%]
2025-09-20T19:31:45.7920460Z tests/test_termui.py::test_flag_value_prompt[--flag/--no-flag-opt_params20-args20-None-None-BadParameter] PASSED [ 79%]
2025-09-20T19:31:45.7943994Z tests/test_termui.py::test_flag_value_prompt[--flag/--no-flag-opt_params21-args21-None-None-True] PASSED [ 79%]
2025-09-20T19:31:45.7979490Z tests/test_termui.py::test_flag_value_prompt[--flag/--no-flag-opt_params22-args22-None-None-False] PASSED [ 79%]
2025-09-20T19:31:45.8000610Z tests/test_termui.py::test_flag_value_prompt[--flag/--no-flag-opt_params23-args23-None-None-True] PASSED [ 79%]
2025-09-20T19:31:45.8021580Z tests/test_termui.py::test_flag_value_prompt[--flag/--no-flag-opt_params24-args24-None-None-False] PASSED [ 79%]
2025-09-20T19:31:45.8042363Z tests/test_termui.py::test_flag_value_prompt[--flag/--no-flag-opt_params25-args25-None-None-True] PASSED [ 79%]
2025-09-20T19:31:45.8070204Z tests/test_termui.py::test_flag_value_prompt[--flag/--no-flag-opt_params26-args26-None-None-False] PASSED [ 79%]
2025-09-20T19:31:45.8091727Z tests/test_termui.py::test_flag_value_prompt[--flag/--no-flag-opt_params27-args27-None-None-True] PASSED [ 79%]
2025-09-20T19:31:45.8112911Z tests/test_termui.py::test_flag_value_prompt[--flag/--no-flag-opt_params28-args28-None-None-False] PASSED [ 79%]
2025-09-20T19:31:45.8134044Z tests/test_termui.py::test_flag_value_prompt[--flag/--no-flag-opt_params29-args29-None-None-True] PASSED [ 79%]
2025-09-20T19:31:45.8157571Z tests/test_termui.py::test_flag_value_prompt[--flag/--no-flag-opt_params30-args30-None-None-False] PASSED [ 79%]
2025-09-20T19:31:45.8181259Z tests/test_termui.py::test_flag_value_prompt[--flag/--no-flag-opt_params31-args31-None-None-True] PASSED [ 80%]
2025-09-20T19:31:45.8201814Z tests/test_termui.py::test_flag_value_prompt[--flag/--no-flag-opt_params32-args32-None-None-False] PASSED [ 80%]
2025-09-20T19:31:45.8227394Z tests/test_termui.py::test_flag_value_prompt[--flag/--no-flag-opt_params33-args33-None-None-True] PASSED [ 80%]
2025-09-20T19:31:45.8251161Z tests/test_termui.py::test_flag_value_prompt[--flag/--no-flag-opt_params34-args34-None-None-False] PASSED [ 80%]
2025-09-20T19:31:45.8280852Z tests/test_termui.py::test_flag_value_prompt[--flag/--no-flag-opt_params35-args35-None-None-True] PASSED [ 80%]
2025-09-20T19:31:45.8302232Z tests/test_termui.py::test_flag_value_prompt[--flag/--no-flag-opt_params36-args36-None-None-False] PASSED [ 80%]
2025-09-20T19:31:45.8325142Z tests/test_termui.py::test_flag_value_prompt[--flag/--no-flag-opt_params37-args37-None-None-True] PASSED [ 80%]
2025-09-20T19:31:45.8346041Z tests/test_termui.py::test_flag_value_prompt[--flag/--no-flag-opt_params38-args38-None-None-False] PASSED [ 80%]
2025-09-20T19:31:45.8366628Z tests/test_termui.py::test_flag_value_prompt[--flag/--no-flag-opt_params39-args39-None-None-True] PASSED [ 80%]
2025-09-20T19:31:45.8395651Z tests/test_termui.py::test_flag_value_prompt[--flag/--no-flag-opt_params40-args40-None-None-False] PASSED [ 80%]
2025-09-20T19:31:45.8419335Z tests/test_termui.py::test_flag_value_prompt[--flag-opt_params41-args41---expected41] PASSED [ 80%]
2025-09-20T19:31:45.8440183Z tests/test_termui.py::test_flag_value_prompt[--flag-opt_params42-args42--y-y] PASSED [ 80%]
2025-09-20T19:31:45.8460970Z tests/test_termui.py::test_flag_value_prompt[--flag-opt_params43-args43--n-n] PASSED [ 80%]
2025-09-20T19:31:45.8481847Z tests/test_termui.py::test_flag_value_prompt[--flag-opt_params44-args44--foo-foo] PASSED [ 81%]
2025-09-20T19:31:45.8504482Z tests/test_termui.py::test_flag_value_prompt[--flag-opt_params45-args45-[y/N]--False] PASSED [ 81%]
2025-09-20T19:31:45.8525426Z tests/test_termui.py::test_flag_value_prompt[--flag-opt_params46-args46-[y/N]-y-True] PASSED [ 81%]
2025-09-20T19:31:45.8546569Z tests/test_termui.py::test_flag_value_prompt[--flag-opt_params47-args47-[y/N]-n-False] PASSED [ 81%]
2025-09-20T19:31:45.8568654Z tests/test_termui.py::test_flag_value_prompt[--flag-opt_params48-args48-[y/N]--False] PASSED [ 81%]
2025-09-20T19:31:45.8592469Z tests/test_termui.py::test_flag_value_prompt[--flag-opt_params49-args49-[y/N]-y-True] PASSED [ 81%]
2025-09-20T19:31:45.8615744Z tests/test_termui.py::test_flag_value_prompt[--flag-opt_params50-args50-[y/N]-n-False] PASSED [ 81%]
2025-09-20T19:31:45.8636924Z tests/test_termui.py::test_flag_value_prompt[--flag-opt_params51-args51---expected51] PASSED [ 81%]
2025-09-20T19:31:45.8657790Z tests/test_termui.py::test_flag_value_prompt[--flag-opt_params52-args52--y-y] PASSED [ 81%]
2025-09-20T19:31:45.8678053Z tests/test_termui.py::test_flag_value_prompt[--flag-opt_params53-args53--n-n] PASSED [ 81%]
2025-09-20T19:31:45.8702233Z tests/test_termui.py::test_flag_value_prompt[--flag-opt_params54-args54---expected54] PASSED [ 81%]
2025-09-20T19:31:45.8723406Z tests/test_termui.py::test_flag_value_prompt[--flag-opt_params55-args55--y-y] PASSED [ 81%]
2025-09-20T19:31:45.8752235Z tests/test_termui.py::test_flag_value_prompt[--flag-opt_params56-args56--n-n] PASSED [ 81%]
2025-09-20T19:31:45.8773991Z tests/test_termui.py::test_flag_value_prompt[--flag-opt_params57-args57-[Y/n]--True] PASSED [ 82%]
2025-09-20T19:31:45.8822935Z tests/test_termui.py::test_flag_value_prompt[--flag-opt_params58-args58-[Y/n]-y-True] PASSED [ 82%]
2025-09-20T19:31:45.8844305Z tests/test_termui.py::test_flag_value_prompt[--flag-opt_params59-args59-[Y/n]-n-False] PASSED [ 82%]
2025-09-20T19:31:45.8867749Z tests/test_termui.py::test_flag_value_prompt[--flag-opt_params60-args60-[y/N]--False] PASSED [ 82%]
2025-09-20T19:31:45.8889060Z tests/test_termui.py::test_flag_value_prompt[--flag-opt_params61-args61-[y/N]-y-True] PASSED [ 82%]
2025-09-20T19:31:45.8910952Z tests/test_termui.py::test_flag_value_prompt[--flag-opt_params62-args62-[y/N]-n-False] PASSED [ 82%]
2025-09-20T19:31:45.8931696Z tests/test_termui.py::test_flag_value_prompt[--flag-opt_params63-args63-[y/N]--False] PASSED [ 82%]
2025-09-20T19:31:45.8955465Z tests/test_termui.py::test_flag_value_prompt[--flag-opt_params64-args64-[y/N]-y-True] PASSED [ 82%]
2025-09-20T19:31:45.8977563Z tests/test_termui.py::test_flag_value_prompt[--flag-opt_params65-args65-[y/N]-n-False] PASSED [ 82%]
2025-09-20T19:31:45.9020299Z tests/test_termui.py::test_flag_value_prompt[--flag-opt_params66-args66-[y/N]--False] PASSED [ 82%]
2025-09-20T19:31:45.9045756Z tests/test_termui.py::test_flag_value_prompt[--flag-opt_params67-args67-[y/N]-y-True] PASSED [ 82%]
2025-09-20T19:31:45.9066611Z tests/test_termui.py::test_flag_value_prompt[--flag-opt_params68-args68-[y/N]-n-False] PASSED [ 82%]
2025-09-20T19:31:45.9088517Z tests/test_termui.py::test_flag_value_prompt[--flag-opt_params69-args69-[y/n]--expected69] PASSED [ 82%]
2025-09-20T19:31:45.9108773Z tests/test_termui.py::test_flag_value_prompt[--flag-opt_params70-args70-[y/n]-y-True] PASSED [ 83%]
2025-09-20T19:31:45.9131420Z tests/test_termui.py::test_flag_value_prompt[--flag-opt_params71-args71-[y/n]-n-False] PASSED [ 83%]
2025-09-20T19:31:45.9153387Z tests/test_termui.py::test_flag_value_prompt[--flag-opt_params72-args72-[y/n]--expected72] PASSED [ 83%]
2025-09-20T19:31:45.9215255Z tests/test_termui.py::test_flag_value_prompt[--flag-opt_params73-args73-[y/n]-y-True] PASSED [ 83%]
2025-09-20T19:31:45.9236144Z tests/test_termui.py::test_flag_value_prompt[--flag-opt_params74-args74-[y/n]-n-False] PASSED [ 83%]
2025-09-20T19:31:45.9256927Z tests/test_termui.py::test_flag_value_prompt[--flag-opt_params75-args75---expected75] PASSED [ 83%]
2025-09-20T19:31:45.9329559Z tests/test_termui.py::test_flag_value_prompt[--flag-opt_params76-args76--y-y] PASSED [ 83%]
2025-09-20T19:31:45.9348972Z tests/test_termui.py::test_flag_value_prompt[--flag-opt_params77-args77--n-n] PASSED [ 83%]
2025-09-20T19:31:45.9374689Z tests/test_termui.py::test_flag_value_prompt[--flag-opt_params78-args78-[False]--False] PASSED [ 83%]
2025-09-20T19:31:45.9393470Z tests/test_termui.py::test_flag_value_prompt[--flag-opt_params79-args79-[False]-y-y] PASSED [ 83%]
2025-09-20T19:31:45.9412244Z tests/test_termui.py::test_flag_value_prompt[--flag-opt_params80-args80-[False]-n-n] PASSED [ 83%]
2025-09-20T19:31:45.9430876Z tests/test_termui.py::test_flag_value_prompt[--flag-opt_params81-args81---expected81] PASSED [ 83%]
2025-09-20T19:31:45.9451637Z tests/test_termui.py::test_flag_value_prompt[--flag-opt_params82-args82--y-y] PASSED [ 83%]
2025-09-20T19:31:45.9473917Z tests/test_termui.py::test_flag_value_prompt[--flag-opt_params83-args83--n-n] PASSED [ 84%]
2025-09-20T19:31:45.9492365Z tests/test_testing.py::test_runner PASSED                                [ 84%]
2025-09-20T19:31:45.9510504Z tests/test_testing.py::test_echo_stdin_stream PASSED                     [ 84%]
2025-09-20T19:31:45.9607495Z tests/test_testing.py::test_echo_stdin_prompts PASSED                    [ 84%]
2025-09-20T19:31:45.9659163Z tests/test_testing.py::test_runner_with_stream PASSED                    [ 84%]
2025-09-20T19:31:45.9788153Z tests/test_testing.py::test_prompts PASSED                               [ 84%]
2025-09-20T19:31:45.9788989Z tests/test_testing.py::test_getchar PASSED                               [ 84%]
2025-09-20T19:31:45.9789818Z tests/test_testing.py::test_catch_exceptions PASSED                      [ 84%]
2025-09-20T19:31:45.9790686Z tests/test_testing.py::test_catch_exceptions_cli_runner PASSED           [ 84%]
2025-09-20T19:31:45.9810852Z tests/test_testing.py::test_with_color PASSED                            [ 84%]
2025-09-20T19:31:45.9833397Z tests/test_testing.py::test_with_color_errors PASSED                     [ 84%]
2025-09-20T19:31:45.9891647Z tests/test_testing.py::test_with_color_but_pause_not_blocking PASSED     [ 84%]
2025-09-20T19:31:45.9941423Z tests/test_testing.py::test_exit_code_and_output_from_sys_exit PASSED    [ 84%]
2025-09-20T19:31:45.9967307Z tests/test_testing.py::test_env PASSED                                   [ 85%]
2025-09-20T19:31:45.9988911Z tests/test_testing.py::test_stderr PASSED                                [ 85%]
2025-09-20T19:31:46.0007365Z tests/test_testing.py::test_args[None-bar\n] PASSED                      [ 85%]
2025-09-20T19:31:46.0056824Z tests/test_testing.py::test_args[args1-bar\n] PASSED                     [ 85%]
2025-09-20T19:31:46.0078209Z tests/test_testing.py::test_args[-bar\n] PASSED                          [ 85%]
2025-09-20T19:31:46.0095045Z tests/test_testing.py::test_args[args3-one two\n] PASSED                 [ 85%]
2025-09-20T19:31:46.0112923Z tests/test_testing.py::test_args[--foo "one two"-one two\n] PASSED       [ 85%]
2025-09-20T19:31:46.0130956Z tests/test_testing.py::test_setting_prog_name_in_extra PASSED            [ 85%]
2025-09-20T19:31:46.0147358Z tests/test_testing.py::test_command_standalone_mode_returns_value PASSED [ 85%]
2025-09-20T19:31:46.0170856Z tests/test_testing.py::test_file_stdin_attrs PASSED                      [ 85%]
2025-09-20T19:31:46.0188109Z tests/test_testing.py::test_isolated_runner PASSED                       [ 85%]
2025-09-20T19:31:46.0211428Z tests/test_testing.py::test_isolated_runner_custom_tempdir PASSED        [ 85%]
2025-09-20T19:31:46.0225068Z tests/test_testing.py::test_isolation_stderr_errors PASSED               [ 85%]
2025-09-20T19:31:46.0243792Z tests/test_testing.py::test_isolation_flushes_unflushed_stderr PASSED    [ 85%]
2025-09-20T19:31:46.0255274Z tests/test_types.py::test_range[type0-3-3] PASSED                        [ 86%]
2025-09-20T19:31:46.0269005Z tests/test_types.py::test_range[type1-5-5] PASSED                        [ 86%]
2025-09-20T19:31:46.0279847Z tests/test_types.py::test_range[type2-100-100] PASSED                    [ 86%]
2025-09-20T19:31:46.0290458Z tests/test_types.py::test_range[type3-5-5] PASSED                        [ 86%]
2025-09-20T19:31:46.0310732Z tests/test_types.py::test_range[type4--100--100] PASSED                  [ 86%]
2025-09-20T19:31:46.0373711Z tests/test_types.py::test_range[type5--1-0] PASSED                       [ 86%]
2025-09-20T19:31:46.0374787Z tests/test_types.py::test_range[type6-6-5] PASSED                        [ 86%]
2025-09-20T19:31:46.0375516Z tests/test_types.py::test_range[type7-0-1] PASSED                        [ 86%]
2025-09-20T19:31:46.0376180Z tests/test_types.py::test_range[type8-5-4] PASSED                        [ 86%]
2025-09-20T19:31:46.0376809Z tests/test_types.py::test_range[type9-1.2-1.2] PASSED                    [ 86%]
2025-09-20T19:31:46.0388324Z tests/test_types.py::test_range[type10-0.51-0.51] PASSED                 [ 86%]
2025-09-20T19:31:46.0398945Z tests/test_types.py::test_range[type11-1.49-1.49] PASSED                 [ 86%]
2025-09-20T19:31:46.0409763Z tests/test_types.py::test_range[type12--0.0-0.5] PASSED                  [ 86%]
2025-09-20T19:31:46.0420452Z tests/test_types.py::test_range[type13-inf-1.5] PASSED                   [ 87%]
2025-09-20T19:31:46.0435838Z tests/test_types.py::test_range_fail[type0-6-6 is not in the range 0<=x<=5.] PASSED [ 87%]
2025-09-20T19:31:46.0447471Z tests/test_types.py::test_range_fail[type1-4-4 is not in the range x>=5.] PASSED [ 87%]
2025-09-20T19:31:46.0522020Z tests/test_types.py::test_range_fail[type2-6-6 is not in the range x<=5.] PASSED [ 87%]
2025-09-20T19:31:46.0534791Z tests/test_types.py::test_range_fail[type3-0-0<x<=5] PASSED              [ 87%]
2025-09-20T19:31:46.0547017Z tests/test_types.py::test_range_fail[type4-5-0<=x<5] PASSED              [ 87%]
2025-09-20T19:31:46.0559058Z tests/test_types.py::test_range_fail[type5-0.5-x>0.5] PASSED             [ 87%]
2025-09-20T19:31:46.0572100Z tests/test_types.py::test_range_fail[type6-1.5-x<1.5] PASSED             [ 87%]
2025-09-20T19:31:46.0584950Z tests/test_types.py::test_float_range_no_clamp_open PASSED               [ 87%]
2025-09-20T19:31:46.0609390Z tests/test_types.py::test_cast_multi_default[2-False-None-None] PASSED   [ 87%]
2025-09-20T19:31:46.0627604Z tests/test_types.py::test_cast_multi_default[2-False-default1-expect1] PASSED [ 87%]
2025-09-20T19:31:46.0644215Z tests/test_types.py::test_cast_multi_default[None-True-None-expect2] PASSED [ 87%]
2025-09-20T19:31:46.0668479Z tests/test_types.py::test_cast_multi_default[None-True-default3-expect3] PASSED [ 87%]
2025-09-20T19:31:46.0687547Z tests/test_types.py::test_cast_multi_default[2-True-None-expect4] PASSED [ 88%]
2025-09-20T19:31:46.0705200Z tests/test_types.py::test_cast_multi_default[2-True-default5-expect5] PASSED [ 88%]
2025-09-20T19:31:46.0722142Z tests/test_types.py::test_cast_multi_default[-1-None-None-expect6] PASSED [ 88%]
2025-09-20T19:31:46.0740177Z tests/test_types.py::test_path_type[None-a/b/c.txt] PASSED               [ 88%]
2025-09-20T19:31:46.0765920Z tests/test_types.py::test_path_type[str-a/b/c.txt] PASSED                [ 88%]
2025-09-20T19:31:46.0786566Z tests/test_types.py::test_path_type[bytes-a/b/c.txt] PASSED              [ 88%]
2025-09-20T19:31:46.0806319Z tests/test_types.py::test_path_type[Path-expect3] PASSED                 [ 88%]
2025-09-20T19:31:46.0836430Z tests/test_types.py::test_path_resolve_symlink PASSED                    [ 88%]
2025-09-20T19:31:46.0895323Z tests/test_types.py::test_path_surrogates PASSED                         [ 88%]
2025-09-20T19:31:46.0928731Z tests/test_types.py::test_file_surrogates[type0] PASSED                  [ 88%]
2025-09-20T19:31:46.0948088Z tests/test_types.py::test_file_surrogates[type1] PASSED                  [ 88%]
2025-09-20T19:31:46.0967345Z tests/test_types.py::test_file_error_surrogates PASSED                   [ 88%]
2025-09-20T19:31:46.0989775Z tests/test_types.py::test_invalid_path_with_esc_sequence PASSED          [ 88%]
2025-09-20T19:31:46.1009217Z tests/test_types.py::test_choice_get_invalid_choice_message PASSED       [ 89%]
2025-09-20T19:31:46.1026810Z tests/test_utils.py::test_unset_sentinel PASSED                          [ 89%]
2025-09-20T19:31:46.1093502Z tests/test_utils.py::test_echo PASSED                                    [ 89%]
2025-09-20T19:31:46.1108385Z tests/test_utils.py::test_echo_custom_file PASSED                        [ 89%]
2025-09-20T19:31:46.1126942Z tests/test_utils.py::test_echo_no_streams PASSED                         [ 89%]
2025-09-20T19:31:46.1141508Z tests/test_utils.py::test_styling[styles0-\x1b[30mx y\x1b[0m] PASSED     [ 89%]
2025-09-20T19:31:46.1155790Z tests/test_utils.py::test_styling[styles1-\x1b[31mx y\x1b[0m] PASSED     [ 89%]
2025-09-20T19:31:46.1173242Z tests/test_utils.py::test_styling[styles2-\x1b[32mx y\x1b[0m] PASSED     [ 89%]
2025-09-20T19:31:46.1187477Z tests/test_utils.py::test_styling[styles3-\x1b[33mx y\x1b[0m] PASSED     [ 89%]
2025-09-20T19:31:46.1202424Z tests/test_utils.py::test_styling[styles4-\x1b[34mx y\x1b[0m] PASSED     [ 89%]
2025-09-20T19:31:46.1216642Z tests/test_utils.py::test_styling[styles5-\x1b[35mx y\x1b[0m] PASSED     [ 89%]
2025-09-20T19:31:46.1230665Z tests/test_utils.py::test_styling[styles6-\x1b[36mx y\x1b[0m] PASSED     [ 89%]
2025-09-20T19:31:46.1244261Z tests/test_utils.py::test_styling[styles7-\x1b[37mx y\x1b[0m] PASSED     [ 89%]
2025-09-20T19:31:46.1258004Z tests/test_utils.py::test_styling[styles8-\x1b[40mx y\x1b[0m] PASSED     [ 90%]
2025-09-20T19:31:46.1273853Z tests/test_utils.py::test_styling[styles9-\x1b[41mx y\x1b[0m] PASSED     [ 90%]
2025-09-20T19:31:46.1299205Z tests/test_utils.py::test_styling[styles10-\x1b[42mx y\x1b[0m] PASSED    [ 90%]
2025-09-20T19:31:46.1313422Z tests/test_utils.py::test_styling[styles11-\x1b[43mx y\x1b[0m] PASSED    [ 90%]
2025-09-20T19:31:46.1327363Z tests/test_utils.py::test_styling[styles12-\x1b[44mx y\x1b[0m] PASSED    [ 90%]
2025-09-20T19:31:46.1340897Z tests/test_utils.py::test_styling[styles13-\x1b[45mx y\x1b[0m] PASSED    [ 90%]
2025-09-20T19:31:46.1356669Z tests/test_utils.py::test_styling[styles14-\x1b[46mx y\x1b[0m] PASSED    [ 90%]
2025-09-20T19:31:46.1370641Z tests/test_utils.py::test_styling[styles15-\x1b[47mx y\x1b[0m] PASSED    [ 90%]
2025-09-20T19:31:46.1384684Z tests/test_utils.py::test_styling[styles16-\x1b[48;5;91mx y\x1b[0m] PASSED [ 90%]
2025-09-20T19:31:46.1398330Z tests/test_utils.py::test_styling[styles17-\x1b[48;2;135;0;175mx y\x1b[0m] PASSED [ 90%]
2025-09-20T19:31:46.1411698Z tests/test_utils.py::test_styling[styles18-\x1b[1mx y\x1b[0m] PASSED     [ 90%]
2025-09-20T19:31:46.1425743Z tests/test_utils.py::test_styling[styles19-\x1b[2mx y\x1b[0m] PASSED     [ 90%]
2025-09-20T19:31:46.1438888Z tests/test_utils.py::test_styling[styles20-\x1b[4mx y\x1b[0m] PASSED     [ 90%]
2025-09-20T19:31:46.1454898Z tests/test_utils.py::test_styling[styles21-\x1b[53mx y\x1b[0m] PASSED    [ 91%]
2025-09-20T19:31:46.1468501Z tests/test_utils.py::test_styling[styles22-\x1b[3mx y\x1b[0m] PASSED     [ 91%]
2025-09-20T19:31:46.1481865Z tests/test_utils.py::test_styling[styles23-\x1b[5mx y\x1b[0m] PASSED     [ 91%]
2025-09-20T19:31:46.1495759Z tests/test_utils.py::test_styling[styles24-\x1b[7mx y\x1b[0m] PASSED     [ 91%]
2025-09-20T19:31:46.1509835Z tests/test_utils.py::test_styling[styles25-\x1b[9mx y\x1b[0m] PASSED     [ 91%]
2025-09-20T19:31:46.1523393Z tests/test_utils.py::test_styling[styles26-\x1b[22mx y\x1b[0m] PASSED    [ 91%]
2025-09-20T19:31:46.1559744Z tests/test_utils.py::test_styling[styles27-\x1b[22mx y\x1b[0m] PASSED    [ 91%]
2025-09-20T19:31:46.1574609Z tests/test_utils.py::test_styling[styles28-\x1b[24mx y\x1b[0m] PASSED    [ 91%]
2025-09-20T19:31:46.1588824Z tests/test_utils.py::test_styling[styles29-\x1b[55mx y\x1b[0m] PASSED    [ 91%]
2025-09-20T19:31:46.1602651Z tests/test_utils.py::test_styling[styles30-\x1b[23mx y\x1b[0m] PASSED    [ 91%]
2025-09-20T19:31:46.1616403Z tests/test_utils.py::test_styling[styles31-\x1b[25mx y\x1b[0m] PASSED    [ 91%]
2025-09-20T19:31:46.1631985Z tests/test_utils.py::test_styling[styles32-\x1b[27mx y\x1b[0m] PASSED    [ 91%]
2025-09-20T19:31:46.1646155Z tests/test_utils.py::test_styling[styles33-\x1b[29mx y\x1b[0m] PASSED    [ 91%]
2025-09-20T19:31:46.1659736Z tests/test_utils.py::test_styling[styles34-\x1b[30mx y] PASSED           [ 92%]
2025-09-20T19:31:46.1674056Z tests/test_utils.py::test_unstyle_other_ansi[\x1b[?25lx y\x1b[?25h-x y] PASSED [ 92%]
2025-09-20T19:31:46.1688970Z tests/test_utils.py::test_filename_formatting PASSED                     [ 92%]
2025-09-20T19:31:46.1737557Z tests/test_utils.py::test_prompts PASSED                                 [ 92%]
2025-09-20T19:31:46.1781126Z tests/test_utils.py::test_confirm_repeat PASSED                          [ 92%]
2025-09-20T19:31:46.1815946Z tests/test_utils.py::test_prompts_abort PASSED                           [ 92%]
2025-09-20T19:31:46.1843194Z tests/test_utils.py::test_prompts_eof PASSED                             [ 92%]
2025-09-20T19:31:46.1955888Z tests/test_utils.py::test_echo_via_pager[test0-cat] PASSED               [ 92%]
2025-09-20T19:31:46.2061389Z tests/test_utils.py::test_echo_via_pager[test0-cat ] PASSED              [ 92%]
2025-09-20T19:31:46.2206240Z tests/test_utils.py::test_echo_via_pager[test0- cat ] PASSED             [ 92%]
2025-09-20T19:31:46.2543329Z tests/test_utils.py::test_echo_via_pager[test0-less] PASSED              [ 92%]
2025-09-20T19:31:46.2693711Z tests/test_utils.py::test_echo_via_pager[test0- less] PASSED             [ 92%]
2025-09-20T19:31:46.2803874Z tests/test_utils.py::test_echo_via_pager[test0- less ] PASSED            [ 92%]
2025-09-20T19:31:46.2902752Z tests/test_utils.py::test_echo_via_pager[test1-cat] PASSED               [ 93%]
2025-09-20T19:31:46.3003542Z tests/test_utils.py::test_echo_via_pager[test1-cat ] PASSED              [ 93%]
2025-09-20T19:31:46.3105204Z tests/test_utils.py::test_echo_via_pager[test1- cat ] PASSED             [ 93%]
2025-09-20T19:31:46.3205143Z tests/test_utils.py::test_echo_via_pager[test1-less] PASSED              [ 93%]
2025-09-20T19:31:46.3303740Z tests/test_utils.py::test_echo_via_pager[test1- less] PASSED             [ 93%]
2025-09-20T19:31:46.3407164Z tests/test_utils.py::test_echo_via_pager[test1- less ] PASSED            [ 93%]
2025-09-20T19:31:46.3524294Z tests/test_utils.py::test_echo_via_pager[test2-cat] PASSED               [ 93%]
2025-09-20T19:31:46.3644437Z tests/test_utils.py::test_echo_via_pager[test2-cat ] PASSED              [ 93%]
2025-09-20T19:31:46.3740225Z tests/test_utils.py::test_echo_via_pager[test2- cat ] PASSED             [ 93%]
2025-09-20T19:31:46.3943577Z tests/test_utils.py::test_echo_via_pager[test2-less] PASSED              [ 93%]
2025-09-20T19:31:46.4054520Z tests/test_utils.py::test_echo_via_pager[test2- less] PASSED             [ 93%]
2025-09-20T19:31:46.4191141Z tests/test_utils.py::test_echo_via_pager[test2- less ] PASSED            [ 93%]
2025-09-20T19:31:46.4308621Z tests/test_utils.py::test_echo_via_pager[test3-cat] PASSED               [ 93%]
2025-09-20T19:31:46.4418134Z tests/test_utils.py::test_echo_via_pager[test3-cat ] PASSED              [ 94%]
2025-09-20T19:31:46.4562347Z tests/test_utils.py::test_echo_via_pager[test3- cat ] PASSED             [ 94%]
2025-09-20T19:31:46.4682904Z tests/test_utils.py::test_echo_via_pager[test3-less] PASSED              [ 94%]
2025-09-20T19:31:46.4800861Z tests/test_utils.py::test_echo_via_pager[test3- less] PASSED             [ 94%]
2025-09-20T19:31:46.4909876Z tests/test_utils.py::test_echo_via_pager[test3- less ] PASSED            [ 94%]
2025-09-20T19:31:46.5275248Z tests/test_utils.py::test_echo_via_pager[test4-cat] PASSED               [ 94%]
2025-09-20T19:31:46.5855233Z tests/test_utils.py::test_echo_via_pager[test4-cat ] PASSED              [ 94%]
2025-09-20T19:31:46.5966785Z tests/test_utils.py::test_echo_via_pager[test4- cat ] PASSED             [ 94%]
2025-09-20T19:31:46.6329380Z tests/test_utils.py::test_echo_via_pager[test4-less] PASSED              [ 94%]
2025-09-20T19:31:46.6436532Z tests/test_utils.py::test_echo_via_pager[test4- less] PASSED             [ 94%]
2025-09-20T19:31:46.6540174Z tests/test_utils.py::test_echo_via_pager[test4- less ] PASSED            [ 94%]
2025-09-20T19:31:46.6724409Z tests/test_utils.py::test_echo_via_pager[test5-cat] PASSED               [ 94%]
2025-09-20T19:31:46.6810030Z tests/test_utils.py::test_echo_via_pager[test5-cat ] PASSED              [ 94%]
2025-09-20T19:31:46.7063163Z tests/test_utils.py::test_echo_via_pager[test5- cat ] PASSED             [ 95%]
2025-09-20T19:31:46.7166039Z tests/test_utils.py::test_echo_via_pager[test5-less] PASSED              [ 95%]
2025-09-20T19:31:46.7254922Z tests/test_utils.py::test_echo_via_pager[test5- less] PASSED             [ 95%]
2025-09-20T19:31:46.7399383Z tests/test_utils.py::test_echo_via_pager[test5- less ] PASSED            [ 95%]
2025-09-20T19:31:46.7496022Z tests/test_utils.py::test_echo_via_pager[test6-cat] PASSED               [ 95%]
2025-09-20T19:31:46.7638833Z tests/test_utils.py::test_echo_via_pager[test6-cat ] PASSED              [ 95%]
2025-09-20T19:31:46.7768618Z tests/test_utils.py::test_echo_via_pager[test6- cat ] PASSED             [ 95%]
2025-09-20T19:31:46.7942876Z tests/test_utils.py::test_echo_via_pager[test6-less] PASSED              [ 95%]
2025-09-20T19:31:46.8032203Z tests/test_utils.py::test_echo_via_pager[test6- less] PASSED             [ 95%]
2025-09-20T19:31:46.8474915Z tests/test_utils.py::test_echo_via_pager[test6- less ] FAILED            [ 95%]
2025-09-20T19:31:46.8588824Z tests/test_utils.py::test_echo_via_pager[test7-cat] PASSED               [ 95%]
2025-09-20T19:31:46.8706467Z tests/test_utils.py::test_echo_via_pager[test7-cat ] PASSED              [ 95%]
2025-09-20T19:31:46.8809442Z tests/test_utils.py::test_echo_via_pager[test7- cat ] PASSED             [ 95%]
2025-09-20T19:31:46.8918589Z tests/test_utils.py::test_echo_via_pager[test7-less] PASSED              [ 96%]
2025-09-20T19:31:46.9018406Z tests/test_utils.py::test_echo_via_pager[test7- less] PASSED             [ 96%]
2025-09-20T19:31:46.9121293Z tests/test_utils.py::test_echo_via_pager[test7- less ] PASSED            [ 96%]
2025-09-20T19:31:46.9226467Z tests/test_utils.py::test_echo_via_pager[test8-cat] PASSED               [ 96%]
2025-09-20T19:31:46.9321713Z tests/test_utils.py::test_echo_via_pager[test8-cat ] PASSED              [ 96%]
2025-09-20T19:31:46.9422544Z tests/test_utils.py::test_echo_via_pager[test8- cat ] PASSED             [ 96%]
2025-09-20T19:31:46.9530242Z tests/test_utils.py::test_echo_via_pager[test8-less] PASSED              [ 96%]
2025-09-20T19:31:46.9643360Z tests/test_utils.py::test_echo_via_pager[test8- less] PASSED             [ 96%]
2025-09-20T19:31:46.9752453Z tests/test_utils.py::test_echo_via_pager[test8- less ] PASSED            [ 96%]
2025-09-20T19:31:46.9866207Z tests/test_utils.py::test_echo_via_pager[test9-cat] PASSED               [ 96%]
2025-09-20T19:31:46.9978384Z tests/test_utils.py::test_echo_via_pager[test9-cat ] PASSED              [ 96%]
2025-09-20T19:31:47.0098704Z tests/test_utils.py::test_echo_via_pager[test9- cat ] PASSED             [ 96%]
2025-09-20T19:31:47.0212613Z tests/test_utils.py::test_echo_via_pager[test9-less] PASSED              [ 96%]
2025-09-20T19:31:47.0326713Z tests/test_utils.py::test_echo_via_pager[test9- less] PASSED             [ 97%]
2025-09-20T19:31:47.0439465Z tests/test_utils.py::test_echo_via_pager[test9- less ] PASSED            [ 97%]
2025-09-20T19:31:47.0477550Z tests/test_utils.py::test_echo_color_flag PASSED                         [ 97%]
2025-09-20T19:31:47.0512313Z tests/test_utils.py::test_prompt_cast_default PASSED                     [ 97%]
2025-09-20T19:31:47.0677326Z tests/test_utils.py::test_echo_writing_to_standard_error PASSED          [ 97%]
2025-09-20T19:31:47.0698399Z tests/test_utils.py::test_echo_with_capsys PASSED                        [ 97%]
2025-09-20T19:31:47.0743807Z tests/test_utils.py::test_open_file PASSED                               [ 97%]
2025-09-20T19:31:47.0763970Z tests/test_utils.py::test_open_file_pathlib_dash PASSED                  [ 97%]
2025-09-20T19:31:47.0789863Z tests/test_utils.py::test_open_file_ignore_errors_stdin PASSED           [ 97%]
2025-09-20T19:31:47.0870212Z tests/test_utils.py::test_open_file_respects_ignore PASSED               [ 97%]
2025-09-20T19:31:47.0892921Z tests/test_utils.py::test_open_file_ignore_invalid_utf8 PASSED           [ 97%]
2025-09-20T19:31:47.0915090Z tests/test_utils.py::test_open_file_ignore_no_encoding PASSED            [ 97%]
2025-09-20T19:31:47.0946988Z tests/test_utils.py::test_open_file_atomic_permissions_existing_file[256] PASSED [ 97%]
2025-09-20T19:31:47.0998137Z tests/test_utils.py::test_open_file_atomic_permissions_existing_file[292] PASSED [ 98%]
2025-09-20T19:31:47.1027637Z tests/test_utils.py::test_open_file_atomic_permissions_existing_file[384] PASSED [ 98%]
2025-09-20T19:31:47.1057352Z tests/test_utils.py::test_open_file_atomic_permissions_existing_file[420] PASSED [ 98%]
2025-09-20T19:31:47.1086773Z tests/test_utils.py::test_open_file_atomic_permissions_new_file PASSED   [ 98%]
2025-09-20T19:31:47.1119235Z tests/test_utils.py::test_iter_keepopenfile PASSED                       [ 98%]
2025-09-20T19:31:47.1147317Z tests/test_utils.py::test_iter_lazyfile PASSED                           [ 98%]
2025-09-20T19:31:47.1168257Z tests/test_utils.py::test_detect_program_name[example.py-None-example.py] PASSED [ 98%]
2025-09-20T19:31:47.1185112Z tests/test_utils.py::test_detect_program_name[/foo/bar/example.py-None-example.py] PASSED [ 98%]
2025-09-20T19:31:47.1206122Z tests/test_utils.py::test_detect_program_name[example-None-example] PASSED [ 98%]
2025-09-20T19:31:47.1222580Z tests/test_utils.py::test_detect_program_name[example/__main__.py-example-python -m example] PASSED [ 98%]
2025-09-20T19:31:47.1238962Z tests/test_utils.py::test_detect_program_name[example/cli.py-example-python -m example.cli] PASSED [ 98%]
2025-09-20T19:31:47.1255285Z tests/test_utils.py::test_detect_program_name[example--example] PASSED   [ 98%]
2025-09-20T19:31:47.1297714Z tests/test_utils.py::test_expand_args PASSED                             [ 98%]
2025-09-20T19:31:47.1316970Z tests/test_utils.py::test_make_default_short_help[-empty] PASSED         [ 99%]
2025-09-20T19:31:47.1333887Z tests/test_utils.py::test_make_default_short_help[-equal length, no dot] PASSED [ 99%]
2025-09-20T19:31:47.1350246Z tests/test_utils.py::test_make_default_short_help[-sentence < max] PASSED [ 99%]
2025-09-20T19:31:47.1375134Z tests/test_utils.py::test_make_default_short_help[-paragraph < max] PASSED [ 99%]
2025-09-20T19:31:47.1391527Z tests/test_utils.py::test_make_default_short_help[-truncate] PASSED      [ 99%]
2025-09-20T19:31:47.1410249Z tests/test_utils.py::test_make_default_short_help[-length includes suffix] PASSED [ 99%]
2025-09-20T19:31:47.1426839Z tests/test_utils.py::test_make_default_short_help[-ignore dot in word] PASSED [ 99%]
2025-09-20T19:31:47.1443700Z tests/test_utils.py::test_make_default_short_help[no-wrap mark-empty] PASSED [ 99%]
2025-09-20T19:31:47.1482634Z tests/test_utils.py::test_make_default_short_help[no-wrap mark-equal length, no dot] PASSED [ 99%]
2025-09-20T19:31:47.1501506Z tests/test_utils.py::test_make_default_short_help[no-wrap mark-sentence < max] PASSED [ 99%]
2025-09-20T19:31:47.1518567Z tests/test_utils.py::test_make_default_short_help[no-wrap mark-paragraph < max] PASSED [ 99%]
2025-09-20T19:31:47.1545836Z tests/test_utils.py::test_make_default_short_help[no-wrap mark-truncate] PASSED [ 99%]
2025-09-20T19:31:47.1563229Z tests/test_utils.py::test_make_default_short_help[no-wrap mark-length includes suffix] PASSED [ 99%]
2025-09-20T19:31:47.3845130Z tests/test_utils.py::test_make_default_short_help[no-wrap mark-ignore dot in word] PASSED [100%]
2025-09-20T19:31:47.3845944Z 
2025-09-20T19:31:47.3846170Z =================================== FAILURES ===================================
2025-09-20T19:31:47.3846907Z ______________________ test_echo_via_pager[test6- less ] _______________________
2025-09-20T19:31:47.3847654Z tests/test_utils.py:410: in test_echo_via_pager
2025-09-20T19:31:47.3848149Z     assert pager == expected_pager, (
2025-09-20T19:31:47.3848807Z E   AssertionError: Unexpected pager output in test case 'Exception in generator argument'
2025-09-20T19:31:47.3849384Z E   assert 'test' == ''
2025-09-20T19:31:47.3849590Z E     
2025-09-20T19:31:47.3849765Z E     + test
2025-09-20T19:31:47.3850009Z =========================== short test summary info ============================
2025-09-20T19:31:47.3850515Z FAILED tests/test_utils.py::test_echo_via_pager[test6- less ] - AssertionErro...
2025-09-20T19:31:47.3851005Z ============ 1 failed, 1284 passed, 21 skipped, 1 xfailed in 8.09s =============
2025-09-20T19:31:47.3977532Z pypy3.11: exit 1 (10.18 seconds) /home/runner/work/click/click> pytest -v --tb=short --basetemp=/home/runner/work/click/click/.tox/pypy3.11/tmp pid=2186
2025-09-20T19:31:47.3989578Z   pypy3.11: FAIL code 1 (10.83=setup[0.64]+cmd[10.18] seconds)
2025-09-20T19:31:47.4283425Z   evaluation failed :( (11.45 seconds)
2025-09-20T19:31:47.4301623Z ##[error]Process completed with exit code 1.
2025-09-20T19:31:47.4384508Z Post job cleanup.
2025-09-20T19:31:47.5331501Z [command]/usr/bin/git version
2025-09-20T19:31:47.5371527Z git version 2.51.0
2025-09-20T19:31:47.5415502Z Temporarily overriding HOME='/home/runner/work/_temp/a9cdd8f8-f183-4f8d-a546-2ef4bffe9531' before making global git config changes
2025-09-20T19:31:47.5416820Z Adding repository directory to the temporary git global config as a safe directory
2025-09-20T19:31:47.5429359Z [command]/usr/bin/git config --global --add safe.directory /home/runner/work/click/click
2025-09-20T19:31:47.5467844Z [command]/usr/bin/git config --local --name-only --get-regexp core\.sshCommand
2025-09-20T19:31:47.5501951Z [command]/usr/bin/git submodule foreach --recursive sh -c "git config --local --name-only --get-regexp 'core\.sshCommand' && git config --local --unset-all 'core.sshCommand' || :"
2025-09-20T19:31:47.5732612Z [command]/usr/bin/git config --local --name-only --get-regexp http\.https\:\/\/github\.com\/\.extraheader
2025-09-20T19:31:47.5754568Z http.https://github.com/.extraheader
2025-09-20T19:31:47.5767183Z [command]/usr/bin/git config --local --unset-all http.https://github.com/.extraheader
2025-09-20T19:31:47.5797631Z [command]/usr/bin/git submodule foreach --recursive sh -c "git config --local --name-only --get-regexp 'http\.https\:\/\/github\.com\/\.extraheader' && git config --local --unset-all 'http.https://github.com/.extraheader' || :"
2025-09-20T19:31:47.6124573Z Cleaning up orphan processes
