2025-10-07T16:06:09.7677314Z Current runner version: '2.328.0'
2025-10-07T16:06:09.7710414Z ##[group]Runner Image Provisioner
2025-10-07T16:06:09.7711640Z Hosted Compute Agent
2025-10-07T16:06:09.7712498Z Version: 20250912.392
2025-10-07T16:06:09.7713447Z Commit: d921fda672a98b64f4f82364647e2f10b2267d0b
2025-10-07T16:06:09.7714605Z Build Date: 2025-09-12T15:23:14Z
2025-10-07T16:06:09.7715503Z ##[endgroup]
2025-10-07T16:06:09.7716267Z ##[group]Operating System
2025-10-07T16:06:09.7717194Z Ubuntu
2025-10-07T16:06:09.7717893Z 24.04.3
2025-10-07T16:06:09.7718652Z LTS
2025-10-07T16:06:09.7719257Z ##[endgroup]
2025-10-07T16:06:09.7720352Z ##[group]Runner Image
2025-10-07T16:06:09.7721132Z Image: ubuntu-24.04
2025-10-07T16:06:09.7721875Z Version: 20250929.60.1
2025-10-07T16:06:09.7723437Z Included Software: https://github.com/actions/runner-images/blob/ubuntu24/20250929.60/images/ubuntu/Ubuntu2404-Readme.md
2025-10-07T16:06:09.7725885Z Image Release: https://github.com/actions/runner-images/releases/tag/ubuntu24%2F20250929.60
2025-10-07T16:06:09.7727511Z ##[endgroup]
2025-10-07T16:06:09.7729130Z ##[group]GITHUB_TOKEN Permissions
2025-10-07T16:06:09.7732251Z Contents: read
2025-10-07T16:06:09.7733002Z Metadata: read
2025-10-07T16:06:09.7733742Z Packages: read
2025-10-07T16:06:09.7734654Z ##[endgroup]
2025-10-07T16:06:09.7738971Z Secret source: None
2025-10-07T16:06:09.7740831Z Prepare workflow directory
2025-10-07T16:06:09.8176123Z Prepare all required actions
2025-10-07T16:06:09.8228945Z Getting action download info
2025-10-07T16:06:10.1528392Z Download action repository 'actions/checkout@11bd71901bbe5b1630ceea73d27597364c9af683' (SHA:11bd71901bbe5b1630ceea73d27597364c9af683)
2025-10-07T16:06:11.1825128Z Download action repository 'astral-sh/setup-uv@f0ec1fc3b38f5e7cd731bb6ce540c5af426746bb' (SHA:f0ec1fc3b38f5e7cd731bb6ce540c5af426746bb)
2025-10-07T16:06:11.5192823Z Download action repository 'actions/setup-python@a26af69be951a213d495a4c3e4e4022e16d87065' (SHA:a26af69be951a213d495a4c3e4e4022e16d87065)
2025-10-07T16:06:11.7663250Z Complete job name: 3.11
2025-10-07T16:06:11.8319717Z ##[group]Run actions/checkout@11bd71901bbe5b1630ceea73d27597364c9af683
2025-10-07T16:06:11.8321109Z with:
2025-10-07T16:06:11.8321531Z   repository: pallets/click
2025-10-07T16:06:11.8322424Z   token: ***
2025-10-07T16:06:11.8322848Z   ssh-strict: true
2025-10-07T16:06:11.8323295Z   ssh-user: git
2025-10-07T16:06:11.8323769Z   persist-credentials: true
2025-10-07T16:06:11.8324310Z   clean: true
2025-10-07T16:06:11.8324784Z   sparse-checkout-cone-mode: true
2025-10-07T16:06:11.8325404Z   fetch-depth: 1
2025-10-07T16:06:11.8325854Z   fetch-tags: false
2025-10-07T16:06:11.8326314Z   show-progress: true
2025-10-07T16:06:11.8326789Z   lfs: false
2025-10-07T16:06:11.8327189Z   submodules: false
2025-10-07T16:06:11.8327648Z   set-safe-directory: true
2025-10-07T16:06:11.8328376Z ##[endgroup]
2025-10-07T16:06:11.9404046Z Syncing repository: pallets/click
2025-10-07T16:06:11.9406055Z ##[group]Getting Git version info
2025-10-07T16:06:11.9407011Z Working directory is '/home/runner/work/click/click'
2025-10-07T16:06:11.9408339Z [command]/usr/bin/git version
2025-10-07T16:06:12.0533192Z git version 2.51.0
2025-10-07T16:06:12.0558781Z ##[endgroup]
2025-10-07T16:06:12.0575898Z Temporarily overriding HOME='/home/runner/work/_temp/1e3cb5ee-53c4-46c9-8b12-7dcf218354ec' before making global git config changes
2025-10-07T16:06:12.0579792Z Adding repository directory to the temporary git global config as a safe directory
2025-10-07T16:06:12.0582595Z [command]/usr/bin/git config --global --add safe.directory /home/runner/work/click/click
2025-10-07T16:06:12.0687332Z Deleting the contents of '/home/runner/work/click/click'
2025-10-07T16:06:12.0691593Z ##[group]Initializing the repository
2025-10-07T16:06:12.0696331Z [command]/usr/bin/git init /home/runner/work/click/click
2025-10-07T16:06:12.1957966Z hint: Using 'master' as the name for the initial branch. This default branch name
2025-10-07T16:06:12.1960009Z hint: is subject to change. To configure the initial branch name to use in all
2025-10-07T16:06:12.1961861Z hint: of your new repositories, which will suppress this warning, call:
2025-10-07T16:06:12.1962854Z hint:
2025-10-07T16:06:12.1963467Z hint: 	git config --global init.defaultBranch <name>
2025-10-07T16:06:12.1964264Z hint:
2025-10-07T16:06:12.1964996Z hint: Names commonly chosen instead of 'master' are 'main', 'trunk' and
2025-10-07T16:06:12.1966406Z hint: 'development'. The just-created branch can be renamed via this command:
2025-10-07T16:06:12.1967468Z hint:
2025-10-07T16:06:12.1967881Z hint: 	git branch -m <name>
2025-10-07T16:06:12.1968418Z hint:
2025-10-07T16:06:12.1969232Z hint: Disable this message with "git config set advice.defaultBranchName false"
2025-10-07T16:06:12.2008677Z Initialized empty Git repository in /home/runner/work/click/click/.git/
2025-10-07T16:06:12.2023256Z [command]/usr/bin/git remote add origin https://github.com/pallets/click
2025-10-07T16:06:12.2171575Z ##[endgroup]
2025-10-07T16:06:12.2172933Z ##[group]Disabling automatic garbage collection
2025-10-07T16:06:12.2176419Z [command]/usr/bin/git config --local gc.auto 0
2025-10-07T16:06:12.2206836Z ##[endgroup]
2025-10-07T16:06:12.2208002Z ##[group]Setting up auth
2025-10-07T16:06:12.2214852Z [command]/usr/bin/git config --local --name-only --get-regexp core\.sshCommand
2025-10-07T16:06:12.2247725Z [command]/usr/bin/git submodule foreach --recursive sh -c "git config --local --name-only --get-regexp 'core\.sshCommand' && git config --local --unset-all 'core.sshCommand' || :"
2025-10-07T16:06:12.4160718Z [command]/usr/bin/git config --local --name-only --get-regexp http\.https\:\/\/github\.com\/\.extraheader
2025-10-07T16:06:12.4194443Z [command]/usr/bin/git submodule foreach --recursive sh -c "git config --local --name-only --get-regexp 'http\.https\:\/\/github\.com\/\.extraheader' && git config --local --unset-all 'http.https://github.com/.extraheader' || :"
2025-10-07T16:06:12.4437764Z [command]/usr/bin/git config --local http.https://github.com/.extraheader AUTHORIZATION: basic ***
2025-10-07T16:06:12.4474620Z ##[endgroup]
2025-10-07T16:06:12.4475510Z ##[group]Fetching the repository
2025-10-07T16:06:12.4483452Z [command]/usr/bin/git -c protocol.version=2 fetch --no-tags --prune --no-recurse-submodules --depth=1 origin +defd5363663adc63c79cadd8abf4eb15393f5301:refs/remotes/pull/3104/merge
2025-10-07T16:06:12.8447547Z From https://github.com/pallets/click
2025-10-07T16:06:12.8448357Z  * [new ref]         defd5363663adc63c79cadd8abf4eb15393f5301 -> pull/3104/merge
2025-10-07T16:06:12.8537580Z ##[endgroup]
2025-10-07T16:06:12.8539870Z ##[group]Determining the checkout info
2025-10-07T16:06:12.8542234Z ##[endgroup]
2025-10-07T16:06:12.8545690Z [command]/usr/bin/git sparse-checkout disable
2025-10-07T16:06:12.8640236Z [command]/usr/bin/git config --local --unset-all extensions.worktreeConfig
2025-10-07T16:06:12.8670241Z ##[group]Checking out the ref
2025-10-07T16:06:12.8674550Z [command]/usr/bin/git checkout --progress --force refs/remotes/pull/3104/merge
2025-10-07T16:06:12.8857232Z Note: switching to 'refs/remotes/pull/3104/merge'.
2025-10-07T16:06:12.8857670Z 
2025-10-07T16:06:12.8857908Z You are in 'detached HEAD' state. You can look around, make experimental
2025-10-07T16:06:12.8858471Z changes and commit them, and you can discard any commits you make in this
2025-10-07T16:06:12.8858978Z state without impacting any branches by switching back to a branch.
2025-10-07T16:06:12.8859262Z 
2025-10-07T16:06:12.8859458Z If you want to create a new branch to retain commits you create, you may
2025-10-07T16:06:12.8860200Z do so (now or later) by using -c with the switch command. Example:
2025-10-07T16:06:12.8860453Z 
2025-10-07T16:06:12.8860624Z   git switch -c <new-branch-name>
2025-10-07T16:06:12.8860915Z 
2025-10-07T16:06:12.8861128Z Or undo this operation with:
2025-10-07T16:06:12.8861399Z 
2025-10-07T16:06:12.8861547Z   git switch -
2025-10-07T16:06:12.8861761Z 
2025-10-07T16:06:12.8862107Z Turn off this advice by setting config variable advice.detachedHead to false
2025-10-07T16:06:12.8862588Z 
2025-10-07T16:06:12.8863189Z HEAD is now at defd536 Merge 9b71070bacc27f517cc24239a9011d45f3d542ef into 309ce9178707e1efaf994f191d062edbdffd5ce6
2025-10-07T16:06:12.8865357Z ##[endgroup]
2025-10-07T16:06:12.8904257Z [command]/usr/bin/git log -1 --format=%H
2025-10-07T16:06:12.8927070Z defd5363663adc63c79cadd8abf4eb15393f5301
2025-10-07T16:06:12.9165639Z ##[group]Run astral-sh/setup-uv@f0ec1fc3b38f5e7cd731bb6ce540c5af426746bb
2025-10-07T16:06:12.9166257Z with:
2025-10-07T16:06:12.9166599Z   enable-cache: true
2025-10-07T16:06:12.9166989Z   prune-cache: false
2025-10-07T16:06:12.9167321Z   activate-environment: false
2025-10-07T16:06:12.9167896Z   working-directory: /home/runner/work/click/click
2025-10-07T16:06:12.9168347Z   server-url: https://github.com
2025-10-07T16:06:12.9168918Z   github-token: ***
2025-10-07T16:06:12.9169902Z   cache-dependency-glob: **/*requirements*.txt
**/*requirements*.in
**/*constraints*.txt
**/*constraints*.in
**/pyproject.toml
**/uv.lock

2025-10-07T16:06:12.9170590Z   ignore-nothing-to-cache: false
2025-10-07T16:06:12.9171170Z   ignore-empty-workdir: false
2025-10-07T16:06:12.9171690Z ##[endgroup]
2025-10-07T16:06:13.1478292Z Trying to find required-version for uv in: /home/runner/work/click/click/uv.toml
2025-10-07T16:06:13.1479711Z Could not find file: /home/runner/work/click/click/uv.toml
2025-10-07T16:06:13.1481055Z Trying to find required-version for uv in: /home/runner/work/click/click/pyproject.toml
2025-10-07T16:06:13.1504197Z Could not determine uv version from uv.toml or pyproject.toml. Falling back to latest.
2025-10-07T16:06:13.4332088Z Downloading uv from "https://github.com/astral-sh/uv/releases/download/0.8.24/uv-x86_64-unknown-linux-gnu.tar.gz" ...
2025-10-07T16:06:13.7467981Z [command]/usr/bin/tar xz --warning=no-unknown-keyword --overwrite -C /home/runner/work/_temp/2b6be669-e62c-4572-887c-92b0dfacf8b2 -f /home/runner/work/_temp/06dbda17-53a5-4f87-9af0-2b94f3fb302f
2025-10-07T16:06:14.2080236Z Added /home/runner/.local/bin to the path
2025-10-07T16:06:14.2083335Z Added /opt/hostedtoolcache/uv/0.8.24/x86_64 to the path
2025-10-07T16:06:14.2111124Z Set UV_CACHE_DIR to /home/runner/work/_temp/setup-uv-cache
2025-10-07T16:06:14.2111842Z Successfully installed uv version 0.8.24
2025-10-07T16:06:14.2113077Z Searching files using cache dependency glob: **/*requirements*.txt,**/*requirements*.in,**/*constraints*.txt,**/*constraints*.in,**/pyproject.toml,**/uv.lock
2025-10-07T16:06:14.2294491Z /home/runner/work/click/click/examples/aliases/pyproject.toml
2025-10-07T16:06:14.2316308Z /home/runner/work/click/click/examples/colors/pyproject.toml
2025-10-07T16:06:14.2328442Z /home/runner/work/click/click/examples/completion/pyproject.toml
2025-10-07T16:06:14.2349240Z /home/runner/work/click/click/examples/complex/pyproject.toml
2025-10-07T16:06:14.2365656Z /home/runner/work/click/click/examples/imagepipe/pyproject.toml
2025-10-07T16:06:14.2379276Z /home/runner/work/click/click/examples/inout/pyproject.toml
2025-10-07T16:06:14.2389728Z /home/runner/work/click/click/examples/naval/pyproject.toml
2025-10-07T16:06:14.2400604Z /home/runner/work/click/click/examples/repo/pyproject.toml
2025-10-07T16:06:14.2411863Z /home/runner/work/click/click/examples/termui/pyproject.toml
2025-10-07T16:06:14.2424381Z /home/runner/work/click/click/examples/validation/pyproject.toml
2025-10-07T16:06:14.2432580Z /home/runner/work/click/click/pyproject.toml
2025-10-07T16:06:14.2494120Z /home/runner/work/click/click/uv.lock
2025-10-07T16:06:14.2503676Z Found 12 files to hash.
2025-10-07T16:06:14.3199157Z Trying to restore uv cache from GitHub Actions cache with key: setup-uv-1-x86_64-unknown-linux-gnu-3.12.3-0845c38914a45faad973e347ba188723ca0ec661d213ae18fb392ad1954a121f
2025-10-07T16:06:14.4381095Z Cache hit for: setup-uv-1-x86_64-unknown-linux-gnu-3.12.3-0845c38914a45faad973e347ba188723ca0ec661d213ae18fb392ad1954a121f
2025-10-07T16:06:14.8134000Z Received 52685158 of 52685158 (100.0%), 145.6 MBs/sec
2025-10-07T16:06:14.8134648Z Cache Size: ~50 MB (52685158 B)
2025-10-07T16:06:14.8162241Z [command]/usr/bin/tar -xf /home/runner/work/_temp/3a2fd49d-5972-4b0d-9e01-bb09cf9a1c17/cache.tzst -P -C /home/runner/work/click/click --use-compress-program unzstd
2025-10-07T16:06:15.3015429Z Cache restored successfully
2025-10-07T16:06:15.3130649Z uv cache restored from GitHub Actions cache with key: setup-uv-1-x86_64-unknown-linux-gnu-3.12.3-0845c38914a45faad973e347ba188723ca0ec661d213ae18fb392ad1954a121f
2025-10-07T16:06:15.3328683Z ##[group]Run actions/setup-python@a26af69be951a213d495a4c3e4e4022e16d87065
2025-10-07T16:06:15.3329047Z with:
2025-10-07T16:06:15.3329249Z   python-version: 3.11
2025-10-07T16:06:15.3329736Z   check-latest: false
2025-10-07T16:06:15.3330180Z   token: ***
2025-10-07T16:06:15.3330390Z   update-environment: true
2025-10-07T16:06:15.3330628Z   allow-prereleases: false
2025-10-07T16:06:15.3330847Z   freethreaded: false
2025-10-07T16:06:15.3331047Z env:
2025-10-07T16:06:15.3331280Z   UV_CACHE_DIR: /home/runner/work/_temp/setup-uv-cache
2025-10-07T16:06:15.3331568Z ##[endgroup]
2025-10-07T16:06:15.4985828Z ##[group]Installed versions
2025-10-07T16:06:15.6196969Z Successfully set up CPython (3.11.13)
2025-10-07T16:06:15.6197868Z ##[endgroup]
2025-10-07T16:06:15.6313293Z ##[group]Run uv run --locked tox run -e py3.11
2025-10-07T16:06:15.6313696Z [36;1muv run --locked tox run -e py3.11[0m
2025-10-07T16:06:15.6493001Z shell: /usr/bin/bash -e {0}
2025-10-07T16:06:15.6493279Z env:
2025-10-07T16:06:15.6493528Z   UV_CACHE_DIR: /home/runner/work/_temp/setup-uv-cache
2025-10-07T16:06:15.6493903Z   pythonLocation: /opt/hostedtoolcache/Python/3.11.13/x64
2025-10-07T16:06:15.6494321Z   PKG_CONFIG_PATH: /opt/hostedtoolcache/Python/3.11.13/x64/lib/pkgconfig
2025-10-07T16:06:15.6494712Z   Python_ROOT_DIR: /opt/hostedtoolcache/Python/3.11.13/x64
2025-10-07T16:06:15.6495055Z   Python2_ROOT_DIR: /opt/hostedtoolcache/Python/3.11.13/x64
2025-10-07T16:06:15.6495417Z   Python3_ROOT_DIR: /opt/hostedtoolcache/Python/3.11.13/x64
2025-10-07T16:06:15.6495759Z   LD_LIBRARY_PATH: /opt/hostedtoolcache/Python/3.11.13/x64/lib
2025-10-07T16:06:15.6496057Z ##[endgroup]
2025-10-07T16:06:16.3408866Z Using CPython 3.11.13 interpreter at: /opt/hostedtoolcache/Python/3.11.13/x64/bin/python3
2025-10-07T16:06:16.3409380Z Creating virtual environment at: .venv
2025-10-07T16:06:16.3476234Z    Building click @ file:///home/runner/work/click/click
2025-10-07T16:06:17.1846223Z       Built click @ file:///home/runner/work/click/click
2025-10-07T16:06:17.2977646Z Installed 29 packages in 112ms
2025-10-07T16:06:18.5160219Z py3.11: venv> .venv/bin/uv venv -p /home/runner/work/click/click/.venv/bin/python --allow-existing --python-preference system /home/runner/work/click/click/.tox/py3.11
2025-10-07T16:06:18.5700666Z py3.11: uv-sync> uv sync --locked --python-preference system --no-default-groups --no-editable --reinstall-package click --group tests -p /home/runner/work/click/click/.venv/bin/python
2025-10-07T16:06:18.8509198Z py3.11: freeze> .venv/bin/uv --color never pip freeze
2025-10-07T16:06:18.8596922Z py3.11: click @ file:///home/runner/work/click/click,iniconfig==2.1.0,packaging==25.0,pluggy==1.6.0,pygments==2.19.1,pytest==8.4.0
2025-10-07T16:06:18.8602933Z py3.11: commands[0]> pytest -v --tb=short --basetemp=/home/runner/work/click/click/.tox/py3.11/tmp
2025-10-07T16:06:19.7513408Z ============================= test session starts ==============================
2025-10-07T16:06:19.7514329Z platform linux -- Python 3.11.13, pytest-8.4.0, pluggy-1.6.0 -- /home/runner/work/click/click/.tox/py3.11/bin/python3
2025-10-07T16:06:19.7515109Z cachedir: .tox/py3.11/.pytest_cache
2025-10-07T16:06:19.7515547Z rootdir: /home/runner/work/click/click
2025-10-07T16:06:19.7515952Z configfile: pyproject.toml
2025-10-07T16:06:19.7516285Z testpaths: tests
2025-10-07T16:06:20.5297715Z collecting ... collected 1311 items
2025-10-07T16:06:20.5298075Z 
2025-10-07T16:06:20.5311952Z tests/test_arguments.py::test_nargs_star PASSED                          [  0%]
2025-10-07T16:06:20.5323094Z tests/test_arguments.py::test_nargs_tup PASSED                           [  0%]
2025-10-07T16:06:20.5336282Z tests/test_arguments.py::test_nargs_tup_composite[opts0] PASSED          [  0%]
2025-10-07T16:06:20.5347056Z tests/test_arguments.py::test_nargs_tup_composite[opts1] PASSED          [  0%]
2025-10-07T16:06:20.5358101Z tests/test_arguments.py::test_nargs_tup_composite[opts2] PASSED          [  0%]
2025-10-07T16:06:20.5368752Z tests/test_arguments.py::test_nargs_tup_composite[opts3] PASSED          [  0%]
2025-10-07T16:06:20.5377072Z tests/test_arguments.py::test_nargs_mismatch_with_tuple_type PASSED      [  0%]
2025-10-07T16:06:20.5399372Z tests/test_arguments.py::test_nargs_err PASSED                           [  0%]
2025-10-07T16:06:20.5411136Z tests/test_arguments.py::test_bytes_args PASSED                          [  0%]
2025-10-07T16:06:20.5427983Z tests/test_arguments.py::test_file_args PASSED                           [  0%]
2025-10-07T16:06:20.5437933Z tests/test_arguments.py::test_path_allow_dash PASSED                     [  0%]
2025-10-07T16:06:20.5452700Z tests/test_arguments.py::test_file_atomics PASSED                        [  0%]
2025-10-07T16:06:20.5462937Z tests/test_arguments.py::test_stdout_default PASSED                      [  0%]
2025-10-07T16:06:20.5473022Z tests/test_arguments.py::test_nargs_envvar[2--None] PASSED               [  1%]
2025-10-07T16:06:20.5484183Z tests/test_arguments.py::test_nargs_envvar[2-a-Takes 2 values but 1 was given.] PASSED [  1%]
2025-10-07T16:06:20.5496451Z tests/test_arguments.py::test_nargs_envvar[2-a b-expect2] PASSED         [  1%]
2025-10-07T16:06:20.5507639Z tests/test_arguments.py::test_nargs_envvar[2-a b c-Takes 2 values but 3 were given.] PASSED [  1%]
2025-10-07T16:06:20.5517538Z tests/test_arguments.py::test_nargs_envvar[-1-a b c-expect4] PASSED      [  1%]
2025-10-07T16:06:20.5527115Z tests/test_arguments.py::test_nargs_envvar[-1--expect5] PASSED           [  1%]
2025-10-07T16:06:20.5537160Z tests/test_arguments.py::test_nargs_envvar_only_if_values_empty PASSED   [  1%]
2025-10-07T16:06:20.5550559Z tests/test_arguments.py::test_empty_nargs PASSED                         [  1%]
2025-10-07T16:06:20.5561922Z tests/test_arguments.py::test_missing_arg PASSED                         [  1%]
2025-10-07T16:06:20.5569293Z tests/test_arguments.py::test_required_argument[-False-] PASSED          [  1%]
2025-10-07T16:06:20.5576382Z tests/test_arguments.py::test_required_argument[  -False-  ] PASSED      [  1%]
2025-10-07T16:06:20.5583591Z tests/test_arguments.py::test_required_argument[foo-False-foo] PASSED    [  1%]
2025-10-07T16:06:20.5590765Z tests/test_arguments.py::test_required_argument[12-False-12_0] PASSED    [  1%]
2025-10-07T16:06:20.5597596Z tests/test_arguments.py::test_required_argument[12-False-12_1] PASSED    [  2%]
2025-10-07T16:06:20.5604480Z tests/test_arguments.py::test_required_argument[12.1-False-12.1] PASSED  [  2%]
2025-10-07T16:06:20.5611234Z tests/test_arguments.py::test_required_argument[value6-False-[]] PASSED  [  2%]
2025-10-07T16:06:20.5617965Z tests/test_arguments.py::test_required_argument[value7-False-()] PASSED  [  2%]
2025-10-07T16:06:20.5625271Z tests/test_arguments.py::test_required_argument[value8-False-set()] PASSED [  2%]
2025-10-07T16:06:20.5632464Z tests/test_arguments.py::test_required_argument[value9-False-frozenset()] PASSED [  2%]
2025-10-07T16:06:20.5639110Z tests/test_arguments.py::test_required_argument[value10-False-{}] PASSED [  2%]
2025-10-07T16:06:20.5645966Z tests/test_arguments.py::test_required_argument[None-False-None] PASSED  [  2%]
2025-10-07T16:06:20.5656152Z tests/test_arguments.py::test_required_argument[Sentinel.UNSET-True-None] PASSED [  2%]
2025-10-07T16:06:20.5665726Z tests/test_arguments.py::test_implicit_non_required PASSED               [  2%]
2025-10-07T16:06:20.5676925Z tests/test_arguments.py::test_deprecated_usage PASSED                    [  2%]
2025-10-07T16:06:20.5688628Z tests/test_arguments.py::test_deprecated_warning[True] PASSED            [  2%]
2025-10-07T16:06:20.5700228Z tests/test_arguments.py::test_deprecated_warning[USE B INSTEAD] PASSED   [  2%]
2025-10-07T16:06:20.5707902Z tests/test_arguments.py::test_deprecated_required PASSED                 [  3%]
2025-10-07T16:06:20.5722272Z tests/test_arguments.py::test_eat_options PASSED                         [  3%]
2025-10-07T16:06:20.5731777Z tests/test_arguments.py::test_nargs_star_ordering PASSED                 [  3%]
2025-10-07T16:06:20.5741261Z tests/test_arguments.py::test_nargs_specified_plus_star_ordering PASSED  [  3%]
2025-10-07T16:06:20.5751124Z tests/test_arguments.py::test_good_defaults_for_nargs[argument_params0-args0-expected0] PASSED [  3%]
2025-10-07T16:06:20.5761023Z tests/test_arguments.py::test_good_defaults_for_nargs[argument_params1-args1-expected1] PASSED [  3%]
2025-10-07T16:06:20.5770883Z tests/test_arguments.py::test_good_defaults_for_nargs[argument_params2-args2-expected2] PASSED [  3%]
2025-10-07T16:06:20.5782713Z tests/test_arguments.py::test_good_defaults_for_nargs[argument_params3-args3-expected3] PASSED [  3%]
2025-10-07T16:06:20.5792597Z tests/test_arguments.py::test_good_defaults_for_nargs[argument_params4-args4-expected4] PASSED [  3%]
2025-10-07T16:06:20.5802748Z tests/test_arguments.py::test_good_defaults_for_nargs[argument_params5-args5-expected5] PASSED [  3%]
2025-10-07T16:06:20.5812176Z tests/test_arguments.py::test_good_defaults_for_nargs[argument_params6-args6-expected6] PASSED [  3%]
2025-10-07T16:06:20.5821946Z tests/test_arguments.py::test_good_defaults_for_nargs[argument_params7-args7-expected7] PASSED [  3%]
2025-10-07T16:06:20.5831526Z tests/test_arguments.py::test_good_defaults_for_nargs[argument_params8-args8-None] PASSED [  3%]
2025-10-07T16:06:20.5841049Z tests/test_arguments.py::test_good_defaults_for_nargs[argument_params9-args9-expected9] PASSED [  4%]
2025-10-07T16:06:20.5852944Z tests/test_arguments.py::test_good_defaults_for_nargs[argument_params10-args10-expected10] PASSED [  4%]
2025-10-07T16:06:20.5863006Z tests/test_arguments.py::test_good_defaults_for_nargs[argument_params11-args11-expected11] PASSED [  4%]
2025-10-07T16:06:20.5873122Z tests/test_arguments.py::test_good_defaults_for_nargs[argument_params12-args12-expected12] PASSED [  4%]
2025-10-07T16:06:20.5885506Z tests/test_arguments.py::test_bad_defaults_for_nargs[Yo-Error: Invalid value for '[A]...': Value must be an iterable.] PASSED [  4%]
2025-10-07T16:06:20.5897716Z tests/test_arguments.py::test_bad_defaults_for_nargs[-Error: Invalid value for '[A]...': Value must be an iterable.] PASSED [  4%]
2025-10-07T16:06:20.5910492Z tests/test_arguments.py::test_bad_defaults_for_nargs[True-Error: Invalid value for '[A]...': Value must be an iterable.] PASSED [  4%]
2025-10-07T16:06:20.5924251Z tests/test_arguments.py::test_bad_defaults_for_nargs[False-Error: Invalid value for '[A]...': Value must be an iterable.] PASSED [  4%]
2025-10-07T16:06:20.5936116Z tests/test_arguments.py::test_bad_defaults_for_nargs[12-Error: Invalid value for '[A]...': Value must be an iterable.] PASSED [  4%]
2025-10-07T16:06:20.5947816Z tests/test_arguments.py::test_bad_defaults_for_nargs[7.9-Error: Invalid value for '[A]...': Value must be an iterable.] PASSED [  4%]
2025-10-07T16:06:20.5959360Z tests/test_arguments.py::test_bad_defaults_for_nargs[default6-Error: Invalid value for '[A]...': Takes 2 values but 0 were given.] PASSED [  4%]
2025-10-07T16:06:20.5970890Z tests/test_arguments.py::test_bad_defaults_for_nargs[Sentinel.UNSET-Error: Missing argument 'A...'.] PASSED [  4%]
2025-10-07T16:06:20.5985755Z tests/test_arguments.py::test_bad_defaults_for_nargs[default8-Error: Invalid value for '[A]...': Takes 2 values but 0 were given.] PASSED [  4%]
2025-10-07T16:06:20.5998128Z tests/test_arguments.py::test_bad_defaults_for_nargs[default9-Error: Invalid value for '[A]...': Takes 2 values but 1 was given.] PASSED [  5%]
2025-10-07T16:06:20.6010273Z tests/test_arguments.py::test_bad_defaults_for_nargs[default10-Error: Invalid value for '[A]...': Takes 2 values but 3 were given.] PASSED [  5%]
2025-10-07T16:06:20.6022235Z tests/test_arguments.py::test_bad_defaults_for_nargs[default11-Error: Invalid value for '[A]...': Takes 2 values but 0 were given.] PASSED [  5%]
2025-10-07T16:06:20.6034613Z tests/test_arguments.py::test_bad_defaults_for_nargs[default12-Error: Invalid value for '[A]...': Takes 2 values but 1 was given.] PASSED [  5%]
2025-10-07T16:06:20.6046695Z tests/test_arguments.py::test_bad_defaults_for_nargs[default13-Error: Invalid value for '[A]...': Takes 2 values but 3 were given.] PASSED [  5%]
2025-10-07T16:06:20.6060869Z tests/test_arguments.py::test_bad_defaults_for_nargs[default14-Error: Invalid value for '[A]...': Takes 2 values but 0 were given.] PASSED [  5%]
2025-10-07T16:06:20.6072478Z tests/test_arguments.py::test_bad_defaults_for_nargs[default15-Error: Invalid value for '[A]...': Takes 2 values but 1 was given.] PASSED [  5%]
2025-10-07T16:06:20.6084046Z tests/test_arguments.py::test_bad_defaults_for_nargs[default16-Error: Invalid value for '[A]...': Takes 2 values but 3 were given.] PASSED [  5%]
2025-10-07T16:06:20.6095825Z tests/test_arguments.py::test_bad_defaults_for_nargs[default17-Error: Invalid value for '[A]...': Takes 2 values but 0 were given.] PASSED [  5%]
2025-10-07T16:06:20.6108164Z tests/test_arguments.py::test_bad_defaults_for_nargs[default18-Error: Invalid value for '[A]...': Takes 2 values but 1 was given.] PASSED [  5%]
2025-10-07T16:06:20.6122242Z tests/test_arguments.py::test_bad_defaults_for_nargs[default19-Error: Invalid value for '[A]...': Takes 2 values but 3 were given.] PASSED [  5%]
2025-10-07T16:06:20.6134260Z tests/test_arguments.py::test_bad_defaults_for_nargs[default20-Error: Invalid value for '[A]...': Takes 2 values but 0 were given.] PASSED [  5%]
2025-10-07T16:06:20.6146386Z tests/test_arguments.py::test_bad_defaults_for_nargs[default21-Error: Invalid value for '[A]...': Takes 2 values but 1 was given.] PASSED [  5%]
2025-10-07T16:06:20.6158103Z tests/test_arguments.py::test_bad_defaults_for_nargs[default22-Error: Invalid value for '[A]...': Takes 2 values but 3 were given.] PASSED [  6%]
2025-10-07T16:06:20.6164877Z tests/test_arguments.py::test_multiple_param_decls_not_allowed PASSED    [  6%]
2025-10-07T16:06:20.6171991Z tests/test_arguments.py::test_multiple_not_allowed PASSED                [  6%]
2025-10-07T16:06:20.6185013Z tests/test_arguments.py::test_subcommand_help PASSED                     [  6%]
2025-10-07T16:06:20.6204195Z tests/test_arguments.py::test_nested_subcommand_help PASSED              [  6%]
2025-10-07T16:06:20.6211334Z tests/test_arguments.py::test_when_argument_decorator_is_used_multiple_times_cls_is_preserved PASSED [  6%]
2025-10-07T16:06:20.6224175Z tests/test_arguments.py::test_duplicate_names_warning[args_one0-args_two0] PASSED [  6%]
2025-10-07T16:06:20.6236201Z tests/test_basic.py::test_basic_functionality PASSED                     [  6%]
2025-10-07T16:06:20.6242735Z tests/test_basic.py::test_repr PASSED                                    [  6%]
2025-10-07T16:06:20.6250331Z tests/test_basic.py::test_return_values PASSED                           [  6%]
2025-10-07T16:06:20.6264545Z tests/test_basic.py::test_basic_group PASSED                             [  6%]
2025-10-07T16:06:20.6275271Z tests/test_basic.py::test_group_commands_dict PASSED                     [  6%]
2025-10-07T16:06:20.6287802Z tests/test_basic.py::test_group_from_list PASSED                         [  6%]
2025-10-07T16:06:20.6297929Z tests/test_basic.py::test_string_option[args0-S:[no value]] PASSED       [  7%]
2025-10-07T16:06:20.6307575Z tests/test_basic.py::test_string_option[args1-S:[42]] PASSED             [  7%]
2025-10-07T16:06:20.6317812Z tests/test_basic.py::test_string_option[args2-Error: Option '--s' requires an argument.] PASSED [  7%]
2025-10-07T16:06:20.6327367Z tests/test_basic.py::test_string_option[args3-S:[]] PASSED               [  7%]
2025-10-07T16:06:20.6337292Z tests/test_basic.py::test_string_option[args4-S:[\u2603]] PASSED         [  7%]
2025-10-07T16:06:20.6349091Z tests/test_basic.py::test_int_option[args0-I:[84]] PASSED                [  7%]
2025-10-07T16:06:20.6358867Z tests/test_basic.py::test_int_option[args1-I:[46]] PASSED                [  7%]
2025-10-07T16:06:20.6371055Z tests/test_basic.py::test_int_option[args2-Error: Invalid value for '--i': 'x' is not a valid integer.] PASSED [  7%]
2025-10-07T16:06:20.6380945Z tests/test_basic.py::test_uuid_option[args0-U:[ba122011-349f-423b-873b-9d6a79c688ab]] PASSED [  7%]
2025-10-07T16:06:20.6390708Z tests/test_basic.py::test_uuid_option[args1-U:[821592c1-c50e-4971-9cd6-e89dc6832f86]] PASSED [  7%]
2025-10-07T16:06:20.6403039Z tests/test_basic.py::test_uuid_option[args2-Error: Invalid value for '--u': 'x' is not a valid UUID.] PASSED [  7%]
2025-10-07T16:06:20.6415129Z tests/test_basic.py::test_float_option[args0-F:[42.0]] PASSED            [  7%]
2025-10-07T16:06:20.6425462Z tests/test_basic.py::test_float_option[--f=23.5-F:[23.5]] PASSED         [  7%]
2025-10-07T16:06:20.6437942Z tests/test_basic.py::test_float_option[--f=x-Error: Invalid value for '--f': 'x' is not a valid float.] PASSED [  8%]
2025-10-07T16:06:20.6447545Z tests/test_basic.py::test_boolean_switch[args0-True-True] PASSED         [  8%]
2025-10-07T16:06:20.6457436Z tests/test_basic.py::test_boolean_switch[args1-False-True] PASSED        [  8%]
2025-10-07T16:06:20.6467869Z tests/test_basic.py::test_boolean_switch[args2-None-True] PASSED         [  8%]
2025-10-07T16:06:20.6477413Z tests/test_basic.py::test_boolean_switch[args3-Sentinel.UNSET-True] PASSED [  8%]
2025-10-07T16:06:20.6486972Z tests/test_basic.py::test_boolean_switch[args4-True-False] PASSED        [  8%]
2025-10-07T16:06:20.6496817Z tests/test_basic.py::test_boolean_switch[args5-False-False] PASSED       [  8%]
2025-10-07T16:06:20.6506441Z tests/test_basic.py::test_boolean_switch[args6-None-False] PASSED        [  8%]
2025-10-07T16:06:20.6516349Z tests/test_basic.py::test_boolean_switch[args7-Sentinel.UNSET-False] PASSED [  8%]
2025-10-07T16:06:20.6525927Z tests/test_basic.py::test_boolean_switch[args8-True-True] PASSED         [  8%]
2025-10-07T16:06:20.6535433Z tests/test_basic.py::test_boolean_switch[args9-False-False] PASSED       [  8%]
2025-10-07T16:06:20.6544885Z tests/test_basic.py::test_boolean_switch[args10-None-None] PASSED        [  8%]
2025-10-07T16:06:20.6554631Z tests/test_basic.py::test_boolean_switch[args11-Sentinel.UNSET-False] PASSED [  8%]
2025-10-07T16:06:20.6564126Z tests/test_basic.py::test_boolean_flag[True-args0-True] PASSED           [  9%]
2025-10-07T16:06:20.6573450Z tests/test_basic.py::test_boolean_flag[True-args1-True] PASSED           [  9%]
2025-10-07T16:06:20.6582868Z tests/test_basic.py::test_boolean_flag[False-args2-True] PASSED          [  9%]
2025-10-07T16:06:20.6592122Z tests/test_basic.py::test_boolean_flag[False-args3-False] PASSED         [  9%]
2025-10-07T16:06:20.6601564Z tests/test_basic.py::test_boolean_flag[None-args4-True] PASSED           [  9%]
2025-10-07T16:06:20.6611102Z tests/test_basic.py::test_boolean_flag[None-args5-None] PASSED           [  9%]
2025-10-07T16:06:20.6622225Z tests/test_basic.py::test_boolean_conversion[1-True] PASSED              [  9%]
2025-10-07T16:06:20.6635497Z tests/test_basic.py::test_boolean_conversion[true-True] PASSED           [  9%]
2025-10-07T16:06:20.6646627Z tests/test_basic.py::test_boolean_conversion[t-True] PASSED              [  9%]
2025-10-07T16:06:20.6657730Z tests/test_basic.py::test_boolean_conversion[yes-True] PASSED            [  9%]
2025-10-07T16:06:20.6668587Z tests/test_basic.py::test_boolean_conversion[y-True] PASSED              [  9%]
2025-10-07T16:06:20.6679126Z tests/test_basic.py::test_boolean_conversion[on-True] PASSED             [  9%]
2025-10-07T16:06:20.6692299Z tests/test_basic.py::test_boolean_conversion[0-False] PASSED             [  9%]
2025-10-07T16:06:20.6703621Z tests/test_basic.py::test_boolean_conversion[false-False] PASSED         [  9%]
2025-10-07T16:06:20.6715376Z tests/test_basic.py::test_boolean_conversion[f-False] PASSED             [ 10%]
2025-10-07T16:06:20.6726157Z tests/test_basic.py::test_boolean_conversion[no-False] PASSED            [ 10%]
2025-10-07T16:06:20.6736938Z tests/test_basic.py::test_boolean_conversion[n-False] PASSED             [ 10%]
2025-10-07T16:06:20.6750189Z tests/test_basic.py::test_boolean_conversion[off-False] PASSED           [ 10%]
2025-10-07T16:06:20.6760349Z tests/test_basic.py::test_flag_value_dual_options[True-args0-upper] PASSED [ 10%]
2025-10-07T16:06:20.6770523Z tests/test_basic.py::test_flag_value_dual_options[True-args1-lower] PASSED [ 10%]
2025-10-07T16:06:20.6781005Z tests/test_basic.py::test_flag_value_dual_options[False-args2-upper] PASSED [ 10%]
2025-10-07T16:06:20.6791276Z tests/test_basic.py::test_flag_value_dual_options[False-args3-lower] PASSED [ 10%]
2025-10-07T16:06:20.6801854Z tests/test_basic.py::test_flag_value_dual_options[None-args4-upper] PASSED [ 10%]
2025-10-07T16:06:20.6814269Z tests/test_basic.py::test_flag_value_dual_options[None-args5-lower] PASSED [ 10%]
2025-10-07T16:06:20.6824488Z tests/test_basic.py::test_flag_value_dual_options[Sentinel.UNSET-args6-upper] PASSED [ 10%]
2025-10-07T16:06:20.6834778Z tests/test_basic.py::test_flag_value_dual_options[Sentinel.UNSET-args7-lower] PASSED [ 10%]
2025-10-07T16:06:20.6844901Z tests/test_basic.py::test_flag_value_dual_options[True-args8-lower] PASSED [ 10%]
2025-10-07T16:06:20.6855203Z tests/test_basic.py::test_flag_value_dual_options[True-args9-upper] PASSED [ 11%]
2025-10-07T16:06:20.6865142Z tests/test_basic.py::test_flag_value_dual_options[upper-args10-upper] PASSED [ 11%]
2025-10-07T16:06:20.6877245Z tests/test_basic.py::test_flag_value_dual_options[lower-args11-lower] PASSED [ 11%]
2025-10-07T16:06:20.6887398Z tests/test_basic.py::test_flag_value_dual_options[uPPer-args12-uPPer] PASSED [ 11%]
2025-10-07T16:06:20.6897475Z tests/test_basic.py::test_flag_value_dual_options[lOwEr-args13-lOwEr] PASSED [ 11%]
2025-10-07T16:06:20.6907952Z tests/test_basic.py::test_flag_value_dual_options[ \u1555( \u141b )\u1557 -args14- \u1555( \u141b )\u1557 ] PASSED [ 11%]
2025-10-07T16:06:20.6917599Z tests/test_basic.py::test_flag_value_dual_options[None-args15-None] PASSED [ 11%]
2025-10-07T16:06:20.6927759Z tests/test_basic.py::test_flag_value_dual_options[Sentinel.UNSET-args16-None] PASSED [ 11%]
2025-10-07T16:06:20.6940126Z tests/test_basic.py::test_flag_value_dual_options[True-args17-upper] PASSED [ 11%]
2025-10-07T16:06:20.6950863Z tests/test_basic.py::test_flag_value_dual_options[False-args18-False] PASSED [ 11%]
2025-10-07T16:06:20.6961405Z tests/test_basic.py::test_flag_value_dual_options[42-args19-42] PASSED   [ 11%]
2025-10-07T16:06:20.6970493Z tests/test_basic.py::test_flag_value_dual_options[12.3-args20-12.3] PASSED [ 11%]
2025-10-07T16:06:20.6985467Z tests/test_basic.py::test_file_option PASSED                             [ 11%]
2025-10-07T16:06:20.7012385Z tests/test_basic.py::test_file_lazy_mode PASSED                          [ 12%]
2025-10-07T16:06:20.7045570Z tests/test_basic.py::test_path_option PASSED                             [ 12%]
2025-10-07T16:06:20.7062271Z tests/test_basic.py::test_choice_option PASSED                           [ 12%]
2025-10-07T16:06:20.7080091Z tests/test_basic.py::test_choice_argument PASSED                         [ 12%]
2025-10-07T16:06:20.7097422Z tests/test_basic.py::test_choice_argument_enum PASSED                    [ 12%]
2025-10-07T16:06:20.7113345Z tests/test_basic.py::test_choice_argument_custom_type PASSED             [ 12%]
2025-10-07T16:06:20.7135037Z tests/test_basic.py::test_choice_argument_none PASSED                    [ 12%]
2025-10-07T16:06:20.7311604Z tests/test_basic.py::test_datetime_option_default PASSED                 [ 12%]
2025-10-07T16:06:20.7327586Z tests/test_basic.py::test_datetime_option_custom PASSED                  [ 12%]
2025-10-07T16:06:20.7338926Z tests/test_basic.py::test_required_option PASSED                         [ 12%]
2025-10-07T16:06:20.7349816Z tests/test_basic.py::test_evaluation_order PASSED                        [ 12%]
2025-10-07T16:06:20.7360600Z tests/test_basic.py::test_hidden_option PASSED                           [ 12%]
2025-10-07T16:06:20.7371648Z tests/test_basic.py::test_hidden_command PASSED                          [ 12%]
2025-10-07T16:06:20.7382532Z tests/test_basic.py::test_hidden_group PASSED                            [ 13%]
2025-10-07T16:06:20.7397050Z tests/test_basic.py::test_summary_line PASSED                            [ 13%]
2025-10-07T16:06:20.7410476Z tests/test_basic.py::test_help_invalid_default PASSED                    [ 13%]
2025-10-07T16:06:20.7422520Z tests/test_chain.py::test_basic_chaining PASSED                          [ 13%]
2025-10-07T16:06:20.7435065Z tests/test_chain.py::test_chaining_help[args0-COMMAND1 [ARGS]... [COMMAND2 [ARGS]...]...] PASSED [ 13%]
2025-10-07T16:06:20.7446950Z tests/test_chain.py::test_chaining_help[args1-ROOT HELP] PASSED          [ 13%]
2025-10-07T16:06:20.7461884Z tests/test_chain.py::test_chaining_help[args2-SDIST HELP] PASSED         [ 13%]
2025-10-07T16:06:20.7474790Z tests/test_chain.py::test_chaining_help[args3-BDIST HELP] PASSED         [ 13%]
2025-10-07T16:06:20.7488018Z tests/test_chain.py::test_chaining_help[args4-SDIST HELP] PASSED         [ 13%]
2025-10-07T16:06:20.7500054Z tests/test_chain.py::test_chaining_with_options PASSED                   [ 13%]
2025-10-07T16:06:20.7509433Z tests/test_chain.py::test_no_command_result_callback[False-1] PASSED     [ 13%]
2025-10-07T16:06:20.7519448Z tests/test_chain.py::test_no_command_result_callback[True-[]] PASSED     [ 13%]
2025-10-07T16:06:20.7534267Z tests/test_chain.py::test_chaining_with_arguments PASSED                 [ 13%]
2025-10-07T16:06:20.7546022Z tests/test_chain.py::test_pipeline[args0-foo\nbar-expect0] PASSED        [ 14%]
2025-10-07T16:06:20.7558235Z tests/test_chain.py::test_pipeline[args1-foo \n bar-expect1] PASSED      [ 14%]
2025-10-07T16:06:20.7571505Z tests/test_chain.py::test_pipeline[args2-foo \n bar-expect2] PASSED      [ 14%]
2025-10-07T16:06:20.7583305Z tests/test_chain.py::test_args_and_chain PASSED                          [ 14%]
2025-10-07T16:06:20.7598125Z tests/test_chain.py::test_group_arg_behavior PASSED                      [ 14%]
2025-10-07T16:06:20.8338103Z tests/test_chain.py::test_group_chaining XFAIL                           [ 14%]
2025-10-07T16:06:20.8348713Z tests/test_command_decorators.py::test_command_no_parens PASSED          [ 14%]
2025-10-07T16:06:20.8358732Z tests/test_command_decorators.py::test_custom_command_no_parens PASSED   [ 14%]
2025-10-07T16:06:20.8372774Z tests/test_command_decorators.py::test_group_no_parens PASSED            [ 14%]
2025-10-07T16:06:20.8382369Z tests/test_command_decorators.py::test_params_argument PASSED            [ 14%]
2025-10-07T16:06:20.8389189Z tests/test_command_decorators.py::test_generate_name[init_data] PASSED   [ 14%]
2025-10-07T16:06:20.8395864Z tests/test_command_decorators.py::test_generate_name[init_data_command] PASSED [ 14%]
2025-10-07T16:06:20.8402334Z tests/test_command_decorators.py::test_generate_name[init_data_cmd] PASSED [ 14%]
2025-10-07T16:06:20.8408468Z tests/test_command_decorators.py::test_generate_name[init_data_group] PASSED [ 15%]
2025-10-07T16:06:20.8415529Z tests/test_command_decorators.py::test_generate_name[init_data_grp] PASSED [ 15%]
2025-10-07T16:06:20.8425233Z tests/test_commands.py::test_other_command_invoke PASSED                 [ 15%]
2025-10-07T16:06:20.8438199Z tests/test_commands.py::test_other_command_forward PASSED                [ 15%]
2025-10-07T16:06:20.8450827Z tests/test_commands.py::test_forwarded_params_consistency PASSED         [ 15%]
2025-10-07T16:06:20.8465434Z tests/test_commands.py::test_auto_shorthelp PASSED                       [ 15%]
2025-10-07T16:06:20.8475748Z tests/test_commands.py::test_command_no_args_is_help PASSED              [ 15%]
2025-10-07T16:06:20.8486950Z tests/test_commands.py::test_default_maps PASSED                         [ 15%]
2025-10-07T16:06:20.8501812Z tests/test_commands.py::test_group_with_args[args0-2-Error: Missing command.] PASSED [ 15%]
2025-10-07T16:06:20.8514751Z tests/test_commands.py::test_group_with_args[args1-0-Show this message and exit.] PASSED [ 15%]
2025-10-07T16:06:20.8526134Z tests/test_commands.py::test_group_with_args[args2-0-obj=obj1\nmove\n] PASSED [ 15%]
2025-10-07T16:06:20.8537883Z tests/test_commands.py::test_group_with_args[args3-2-Show this message and exit.] PASSED [ 15%]
2025-10-07T16:06:20.8615177Z tests/test_commands.py::test_custom_parser PASSED                        [ 15%]
2025-10-07T16:06:20.8629438Z tests/test_commands.py::test_object_propagation PASSED                   [ 16%]
2025-10-07T16:06:20.8639415Z tests/test_commands.py::test_other_command_invoke_with_defaults PASSED   [ 16%]
2025-10-07T16:06:20.8651441Z tests/test_commands.py::test_invoked_subcommand PASSED                   [ 16%]
2025-10-07T16:06:20.8663337Z tests/test_commands.py::test_aliased_command_canonical_name PASSED       [ 16%]
2025-10-07T16:06:20.8675932Z tests/test_commands.py::test_group_add_command_name PASSED               [ 16%]
2025-10-07T16:06:20.8683947Z tests/test_commands.py::test_iter_params_for_processing[invocation_order0-declaration_order0-expected_order0] PASSED [ 16%]
2025-10-07T16:06:20.8691397Z tests/test_commands.py::test_iter_params_for_processing[invocation_order1-declaration_order1-expected_order1] PASSED [ 16%]
2025-10-07T16:06:20.8698661Z tests/test_commands.py::test_iter_params_for_processing[invocation_order2-declaration_order2-expected_order2] PASSED [ 16%]
2025-10-07T16:06:20.8706446Z tests/test_commands.py::test_iter_params_for_processing[invocation_order3-declaration_order3-expected_order3] PASSED [ 16%]
2025-10-07T16:06:20.8713524Z tests/test_commands.py::test_iter_params_for_processing[invocation_order4-declaration_order4-expected_order4] PASSED [ 16%]
2025-10-07T16:06:20.8721276Z tests/test_commands.py::test_iter_params_for_processing[invocation_order5-declaration_order5-expected_order5] PASSED [ 16%]
2025-10-07T16:06:20.8728385Z tests/test_commands.py::test_iter_params_for_processing[invocation_order6-declaration_order6-expected_order6] PASSED [ 16%]
2025-10-07T16:06:20.8735726Z tests/test_commands.py::test_iter_params_for_processing[invocation_order7-declaration_order7-expected_order7] PASSED [ 16%]
2025-10-07T16:06:20.8742868Z tests/test_commands.py::test_iter_params_for_processing[invocation_order8-declaration_order8-expected_order8] PASSED [ 17%]
2025-10-07T16:06:20.8749952Z tests/test_commands.py::test_iter_params_for_processing[invocation_order9-declaration_order9-expected_order9] PASSED [ 17%]
2025-10-07T16:06:20.8756922Z tests/test_commands.py::test_iter_params_for_processing[invocation_order10-declaration_order10-expected_order10] PASSED [ 17%]
2025-10-07T16:06:20.8764033Z tests/test_commands.py::test_iter_params_for_processing[invocation_order11-declaration_order11-expected_order11] PASSED [ 17%]
2025-10-07T16:06:20.8771158Z tests/test_commands.py::test_iter_params_for_processing[invocation_order12-declaration_order12-expected_order12] PASSED [ 17%]
2025-10-07T16:06:20.8778034Z tests/test_commands.py::test_iter_params_for_processing[invocation_order13-declaration_order13-expected_order13] PASSED [ 17%]
2025-10-07T16:06:20.8785573Z tests/test_commands.py::test_iter_params_for_processing[invocation_order14-declaration_order14-expected_order14] PASSED [ 17%]
2025-10-07T16:06:20.8792784Z tests/test_commands.py::test_iter_params_for_processing[invocation_order15-declaration_order15-expected_order15] PASSED [ 17%]
2025-10-07T16:06:20.8800176Z tests/test_commands.py::test_iter_params_for_processing[invocation_order16-declaration_order16-expected_order16] PASSED [ 17%]
2025-10-07T16:06:20.8807569Z tests/test_commands.py::test_iter_params_for_processing[invocation_order17-declaration_order17-expected_order17] PASSED [ 17%]
2025-10-07T16:06:20.8814841Z tests/test_commands.py::test_iter_params_for_processing[invocation_order18-declaration_order18-expected_order18] PASSED [ 17%]
2025-10-07T16:06:20.8822224Z tests/test_commands.py::test_iter_params_for_processing[invocation_order19-declaration_order19-expected_order19] PASSED [ 17%]
2025-10-07T16:06:20.8828994Z tests/test_commands.py::test_iter_params_for_processing[invocation_order20-declaration_order20-expected_order20] PASSED [ 17%]
2025-10-07T16:06:20.8836523Z tests/test_commands.py::test_iter_params_for_processing[invocation_order21-declaration_order21-expected_order21] PASSED [ 18%]
2025-10-07T16:06:20.8844239Z tests/test_commands.py::test_iter_params_for_processing[invocation_order22-declaration_order22-expected_order22] PASSED [ 18%]
2025-10-07T16:06:20.8851704Z tests/test_commands.py::test_iter_params_for_processing[invocation_order23-declaration_order23-expected_order23] PASSED [ 18%]
2025-10-07T16:06:20.8859386Z tests/test_commands.py::test_iter_params_for_processing[invocation_order24-declaration_order24-expected_order24] PASSED [ 18%]
2025-10-07T16:06:20.8867508Z tests/test_commands.py::test_iter_params_for_processing[invocation_order25-declaration_order25-expected_order25] PASSED [ 18%]
2025-10-07T16:06:20.8875214Z tests/test_commands.py::test_iter_params_for_processing[invocation_order26-declaration_order26-expected_order26] PASSED [ 18%]
2025-10-07T16:06:20.8883017Z tests/test_commands.py::test_iter_params_for_processing[invocation_order27-declaration_order27-expected_order27] PASSED [ 18%]
2025-10-07T16:06:20.8890946Z tests/test_commands.py::test_iter_params_for_processing[invocation_order28-declaration_order28-expected_order28] PASSED [ 18%]
2025-10-07T16:06:20.8898857Z tests/test_commands.py::test_iter_params_for_processing[invocation_order29-declaration_order29-expected_order29] PASSED [ 18%]
2025-10-07T16:06:20.8906219Z tests/test_commands.py::test_iter_params_for_processing[invocation_order30-declaration_order30-expected_order30] PASSED [ 18%]
2025-10-07T16:06:20.8914019Z tests/test_commands.py::test_iter_params_for_processing[invocation_order31-declaration_order31-expected_order31] PASSED [ 18%]
2025-10-07T16:06:20.8921755Z tests/test_commands.py::test_iter_params_for_processing[invocation_order32-declaration_order32-expected_order32] PASSED [ 18%]
2025-10-07T16:06:20.8929331Z tests/test_commands.py::test_iter_params_for_processing[invocation_order33-declaration_order33-expected_order33] PASSED [ 18%]
2025-10-07T16:06:20.8958685Z tests/test_commands.py::test_help_param_priority PASSED                  [ 18%]
2025-10-07T16:06:20.8971787Z tests/test_commands.py::test_unprocessed_options PASSED                  [ 19%]
2025-10-07T16:06:20.8983922Z tests/test_commands.py::test_deprecated_in_help_messages[True-CLI HELP] PASSED [ 19%]
2025-10-07T16:06:20.8995748Z tests/test_commands.py::test_deprecated_in_help_messages[True-None] PASSED [ 19%]
2025-10-07T16:06:20.9009971Z tests/test_commands.py::test_deprecated_in_help_messages[USE OTHER COMMAND INSTEAD-CLI HELP] PASSED [ 19%]
2025-10-07T16:06:20.9021533Z tests/test_commands.py::test_deprecated_in_help_messages[USE OTHER COMMAND INSTEAD-None] PASSED [ 19%]
2025-10-07T16:06:20.9031336Z tests/test_commands.py::test_deprecated_in_invocation[True] PASSED       [ 19%]
2025-10-07T16:06:20.9040843Z tests/test_commands.py::test_deprecated_in_invocation[USE OTHER COMMAND INSTEAD] PASSED [ 19%]
2025-10-07T16:06:20.9048847Z tests/test_commands.py::test_command_parse_args_collects_option_prefixes PASSED [ 19%]
2025-10-07T16:06:20.9056957Z tests/test_commands.py::test_group_parse_args_collects_base_option_prefixes PASSED [ 19%]
2025-10-07T16:06:20.9067795Z tests/test_commands.py::test_group_invoke_collects_used_option_prefixes PASSED [ 19%]
2025-10-07T16:06:20.9077308Z tests/test_commands.py::test_abort_exceptions_with_disabled_standalone_mode[EOFError] PASSED [ 19%]
2025-10-07T16:06:20.9089237Z tests/test_commands.py::test_abort_exceptions_with_disabled_standalone_mode[KeyboardInterrupt] PASSED [ 19%]
2025-10-07T16:06:20.9095870Z tests/test_compat.py::test_is_jupyter_kernel_output PASSED               [ 19%]
2025-10-07T16:06:20.9106806Z tests/test_context.py::test_ensure_context_objects PASSED                [ 20%]
2025-10-07T16:06:20.9117084Z tests/test_context.py::test_get_context_objects PASSED                   [ 20%]
2025-10-07T16:06:20.9127413Z tests/test_context.py::test_get_context_objects_no_ensuring PASSED       [ 20%]
2025-10-07T16:06:20.9137479Z tests/test_context.py::test_get_context_objects_missing PASSED           [ 20%]
2025-10-07T16:06:20.9146240Z tests/test_context.py::test_multi_enter PASSED                           [ 20%]
2025-10-07T16:06:20.9157243Z tests/test_context.py::test_global_context_object PASSED                 [ 20%]
2025-10-07T16:06:20.9166024Z tests/test_context.py::test_context_meta PASSED                          [ 20%]
2025-10-07T16:06:20.9176281Z tests/test_context.py::test_make_pass_meta_decorator PASSED              [ 20%]
2025-10-07T16:06:20.9182306Z tests/test_context.py::test_make_pass_meta_decorator_doc PASSED          [ 20%]
2025-10-07T16:06:20.9188272Z tests/test_context.py::test_context_pushing PASSED                       [ 20%]
2025-10-07T16:06:20.9198424Z tests/test_context.py::test_pass_obj PASSED                              [ 20%]
2025-10-07T16:06:20.9207380Z tests/test_context.py::test_close_before_pop PASSED                      [ 20%]
2025-10-07T16:06:20.9216109Z tests/test_context.py::test_close_before_exit PASSED                     [ 20%]
2025-10-07T16:06:20.9228790Z tests/test_context.py::test_multiple_eager_callbacks[natural_order] PASSED [ 21%]
2025-10-07T16:06:20.9239428Z tests/test_context.py::test_multiple_eager_callbacks[eagerness_precedence] PASSED [ 21%]
2025-10-07T16:06:20.9252047Z tests/test_context.py::test_no_state_leaks PASSED                        [ 21%]
2025-10-07T16:06:20.9258085Z tests/test_context.py::test_with_resource PASSED                         [ 21%]
2025-10-07T16:06:20.9265903Z tests/test_context.py::test_with_resource_exception PASSED               [ 21%]
2025-10-07T16:06:20.9273245Z tests/test_context.py::test_with_resource_nested_exception PASSED        [ 21%]
2025-10-07T16:06:20.9286268Z tests/test_context.py::test_make_pass_decorator_args PASSED              [ 21%]
2025-10-07T16:06:20.9301482Z tests/test_context.py::test_propagate_show_default_setting PASSED        [ 21%]
2025-10-07T16:06:20.9310781Z tests/test_context.py::test_exit_not_standalone PASSED                   [ 21%]
2025-10-07T16:06:20.9320864Z tests/test_context.py::test_parameter_source[default] PASSED             [ 21%]
2025-10-07T16:06:20.9330882Z tests/test_context.py::test_parameter_source[default_map] PASSED         [ 21%]
2025-10-07T16:06:20.9341838Z tests/test_context.py::test_parameter_source[commandline short] PASSED   [ 21%]
2025-10-07T16:06:20.9352035Z tests/test_context.py::test_parameter_source[commandline long] PASSED    [ 21%]
2025-10-07T16:06:20.9361964Z tests/test_context.py::test_parameter_source[environment auto] PASSED    [ 22%]
2025-10-07T16:06:20.9371705Z tests/test_context.py::test_parameter_source[environment manual] PASSED  [ 22%]
2025-10-07T16:06:20.9378036Z tests/test_context.py::test_propagate_opt_prefixes PASSED                [ 22%]
2025-10-07T16:06:20.9386234Z tests/test_custom_classes.py::test_command_context_class PASSED          [ 22%]
2025-10-07T16:06:20.9396321Z tests/test_custom_classes.py::test_context_invoke_type PASSED            [ 22%]
2025-10-07T16:06:20.9405741Z tests/test_custom_classes.py::test_context_formatter_class PASSED        [ 22%]
2025-10-07T16:06:20.9413394Z tests/test_custom_classes.py::test_group_command_class PASSED            [ 22%]
2025-10-07T16:06:20.9420662Z tests/test_custom_classes.py::test_group_group_class PASSED              [ 22%]
2025-10-07T16:06:20.9428047Z tests/test_custom_classes.py::test_group_group_class_self PASSED         [ 22%]
2025-10-07T16:06:20.9437342Z tests/test_defaults.py::test_basic_defaults PASSED                       [ 22%]
2025-10-07T16:06:20.9447121Z tests/test_defaults.py::test_multiple_defaults PASSED                    [ 22%]
2025-10-07T16:06:20.9456412Z tests/test_defaults.py::test_nargs_plus_multiple PASSED                  [ 22%]
2025-10-07T16:06:20.9476502Z tests/test_defaults.py::test_multiple_flag_default PASSED                [ 22%]
2025-10-07T16:06:20.9498914Z tests/test_defaults.py::test_flag_default_map PASSED                     [ 23%]
2025-10-07T16:06:20.9510726Z tests/test_formatting.py::test_basic_functionality PASSED                [ 23%]
2025-10-07T16:06:20.9524468Z tests/test_formatting.py::test_wrapping_long_options_strings PASSED      [ 23%]
2025-10-07T16:06:20.9541132Z tests/test_formatting.py::test_wrapping_long_command_name PASSED         [ 23%]
2025-10-07T16:06:20.9553026Z tests/test_formatting.py::test_formatting_empty_help_lines PASSED        [ 23%]
2025-10-07T16:06:20.9565483Z tests/test_formatting.py::test_formatting_usage_error PASSED             [ 23%]
2025-10-07T16:06:20.9577268Z tests/test_formatting.py::test_formatting_usage_error_metavar_missing_arg PASSED [ 23%]
2025-10-07T16:06:20.9588661Z tests/test_formatting.py::test_formatting_usage_error_metavar_bad_arg PASSED [ 23%]
2025-10-07T16:06:20.9603354Z tests/test_formatting.py::test_formatting_usage_error_nested PASSED      [ 23%]
2025-10-07T16:06:20.9612887Z tests/test_formatting.py::test_formatting_usage_error_no_help PASSED     [ 23%]
2025-10-07T16:06:20.9623498Z tests/test_formatting.py::test_formatting_usage_custom_help PASSED       [ 23%]
2025-10-07T16:06:20.9634530Z tests/test_formatting.py::test_formatting_custom_type_metavar PASSED     [ 23%]
2025-10-07T16:06:20.9645474Z tests/test_formatting.py::test_truncating_docstring PASSED               [ 23%]
2025-10-07T16:06:20.9655794Z tests/test_formatting.py::test_truncating_docstring_no_help PASSED       [ 24%]
2025-10-07T16:06:20.9670077Z tests/test_formatting.py::test_removing_multiline_marker PASSED          [ 24%]
2025-10-07T16:06:20.9681072Z tests/test_formatting.py::test_global_show_default PASSED                [ 24%]
2025-10-07T16:06:20.9691932Z tests/test_formatting.py::test_formatting_with_options_metavar_empty PASSED [ 24%]
2025-10-07T16:06:20.9699407Z tests/test_formatting.py::test_help_formatter_write_text PASSED          [ 24%]
2025-10-07T16:06:21.0134700Z tests/test_imports.py::test_light_imports PASSED                         [ 24%]
2025-10-07T16:06:21.0142750Z tests/test_info_dict.py::test_parameter[Func ParamType] PASSED           [ 24%]
2025-10-07T16:06:21.0150094Z tests/test_info_dict.py::test_parameter[UNPROCESSED ParamType] PASSED    [ 24%]
2025-10-07T16:06:21.0157186Z tests/test_info_dict.py::test_parameter[STRING ParamType] PASSED         [ 24%]
2025-10-07T16:06:21.0164684Z tests/test_info_dict.py::test_parameter[Choice ParamType] PASSED         [ 24%]
2025-10-07T16:06:21.0171581Z tests/test_info_dict.py::test_parameter[DateTime ParamType] PASSED       [ 24%]
2025-10-07T16:06:21.0177631Z tests/test_info_dict.py::test_parameter[INT ParamType] PASSED            [ 24%]
2025-10-07T16:06:21.0184426Z tests/test_info_dict.py::test_parameter[IntRange ParamType] PASSED       [ 24%]
2025-10-07T16:06:21.0190773Z tests/test_info_dict.py::test_parameter[FLOAT ParamType] PASSED          [ 25%]
2025-10-07T16:06:21.0197260Z tests/test_info_dict.py::test_parameter[FloatRange ParamType] PASSED     [ 25%]
2025-10-07T16:06:21.0203852Z tests/test_info_dict.py::test_parameter[Bool ParamType] PASSED           [ 25%]
2025-10-07T16:06:21.0210128Z tests/test_info_dict.py::test_parameter[UUID ParamType] PASSED           [ 25%]
2025-10-07T16:06:21.0216190Z tests/test_info_dict.py::test_parameter[File ParamType] PASSED           [ 25%]
2025-10-07T16:06:21.0222468Z tests/test_info_dict.py::test_parameter[Path ParamType] PASSED           [ 25%]
2025-10-07T16:06:21.0228852Z tests/test_info_dict.py::test_parameter[Tuple ParamType] PASSED          [ 25%]
2025-10-07T16:06:21.0235865Z tests/test_info_dict.py::test_parameter[Option] PASSED                   [ 25%]
2025-10-07T16:06:21.0242221Z tests/test_info_dict.py::test_parameter[Flag Option] PASSED              [ 25%]
2025-10-07T16:06:21.0248508Z tests/test_info_dict.py::test_parameter[Argument] PASSED                 [ 25%]
2025-10-07T16:06:21.0256813Z tests/test_info_dict.py::test_command[Command] PASSED                    [ 25%]
2025-10-07T16:06:21.0265094Z tests/test_info_dict.py::test_command[Group] PASSED                      [ 25%]
2025-10-07T16:06:21.0273995Z tests/test_info_dict.py::test_command[Nested Group] PASSED               [ 25%]
2025-10-07T16:06:21.0280098Z tests/test_info_dict.py::test_context PASSED                             [ 26%]
2025-10-07T16:06:21.0286626Z tests/test_info_dict.py::test_paramtype_no_name PASSED                   [ 26%]
2025-10-07T16:06:21.0300644Z tests/test_normalization.py::test_option_normalization PASSED            [ 26%]
2025-10-07T16:06:21.0318499Z tests/test_normalization.py::test_choice_normalization PASSED            [ 26%]
2025-10-07T16:06:21.0329465Z tests/test_normalization.py::test_command_normalization PASSED           [ 26%]
2025-10-07T16:06:21.0339340Z tests/test_optional_value_bug.py::TestOptionalValueBug::test_basic_optional_value PASSED [ 26%]
2025-10-07T16:06:21.0348937Z tests/test_optional_value_bug.py::TestOptionalValueBug::test_multiple_optional_values PASSED [ 26%]
2025-10-07T16:06:21.0360825Z tests/test_optional_value_bug.py::TestOptionalValueBug::test_optional_value_with_type_conversion PASSED [ 26%]
2025-10-07T16:06:21.0370307Z tests/test_optional_value_bug.py::test_simple_reproduction PASSED        [ 26%]
2025-10-07T16:06:21.0384644Z tests/test_options.py::test_prefixes PASSED                              [ 26%]
2025-10-07T16:06:21.0392161Z tests/test_options.py::test_invalid_option PASSED                        [ 26%]
2025-10-07T16:06:21.0403709Z tests/test_options.py::test_deprecated_usage[True] PASSED                [ 26%]
2025-10-07T16:06:21.0415558Z tests/test_options.py::test_deprecated_usage[USE B INSTEAD] PASSED       [ 26%]
2025-10-07T16:06:21.0428869Z tests/test_options.py::test_deprecated_warning[True] PASSED              [ 27%]
2025-10-07T16:06:21.0440346Z tests/test_options.py::test_deprecated_warning[USE B INSTEAD] PASSED     [ 27%]
2025-10-07T16:06:21.0446968Z tests/test_options.py::test_deprecated_required PASSED                   [ 27%]
2025-10-07T16:06:21.0454488Z tests/test_options.py::test_deprecated_prompt PASSED                     [ 27%]
2025-10-07T16:06:21.0461907Z tests/test_options.py::test_invalid_nargs PASSED                         [ 27%]
2025-10-07T16:06:21.0471464Z tests/test_options.py::test_nargs_tup_composite_mult PASSED              [ 27%]
2025-10-07T16:06:21.0490035Z tests/test_options.py::test_counting PASSED                              [ 27%]
2025-10-07T16:06:21.0503694Z tests/test_options.py::test_unknown_options[--foo] PASSED                [ 27%]
2025-10-07T16:06:21.0515586Z tests/test_options.py::test_unknown_options[-f] PASSED                   [ 27%]
2025-10-07T16:06:21.0527904Z tests/test_options.py::test_suggest_possible_options[--cat-Did you mean --count?] PASSED [ 27%]
2025-10-07T16:06:21.0540346Z tests/test_options.py::test_suggest_possible_options[--bounds-(Possible options: --bound, --count)] PASSED [ 27%]
2025-10-07T16:06:21.0552245Z tests/test_options.py::test_suggest_possible_options[--bount-(Possible options: --bound, --count)] PASSED [ 27%]
2025-10-07T16:06:21.0567964Z tests/test_options.py::test_multiple_required PASSED                     [ 27%]
2025-10-07T16:06:21.0578450Z tests/test_options.py::test_good_defaults_for_multiple[True-1-default0-expected0] PASSED [ 27%]
2025-10-07T16:06:21.0588486Z tests/test_options.py::test_good_defaults_for_multiple[True-1-default1-expected1] PASSED [ 28%]
2025-10-07T16:06:21.0598638Z tests/test_options.py::test_good_defaults_for_multiple[True-1-default2-expected2] PASSED [ 28%]
2025-10-07T16:06:21.0608757Z tests/test_options.py::test_good_defaults_for_multiple[True-1-default3-expected3] PASSED [ 28%]
2025-10-07T16:06:21.0618860Z tests/test_options.py::test_good_defaults_for_multiple[True-1-default4-expected4] PASSED [ 28%]
2025-10-07T16:06:21.0630892Z tests/test_options.py::test_good_defaults_for_multiple[True-1-default5-expected5] PASSED [ 28%]
2025-10-07T16:06:21.0641165Z tests/test_options.py::test_good_defaults_for_multiple[True-1-None-expected6] PASSED [ 28%]
2025-10-07T16:06:21.0651501Z tests/test_options.py::test_good_defaults_for_multiple[True-1-Sentinel.UNSET-expected7] PASSED [ 28%]
2025-10-07T16:06:21.0661521Z tests/test_options.py::test_good_defaults_for_multiple[True-1-default8-expected8] PASSED [ 28%]
2025-10-07T16:06:21.0671775Z tests/test_options.py::test_good_defaults_for_multiple[True-1-default9-expected9] PASSED [ 28%]
2025-10-07T16:06:21.0681976Z tests/test_options.py::test_good_defaults_for_multiple[True-1-default10-expected10] PASSED [ 28%]
2025-10-07T16:06:21.0692442Z tests/test_options.py::test_good_defaults_for_multiple[True-1-default11-expected11] PASSED [ 28%]
2025-10-07T16:06:21.0705046Z tests/test_options.py::test_good_defaults_for_multiple[True-1-default12-expected12] PASSED [ 28%]
2025-10-07T16:06:21.0715786Z tests/test_options.py::test_good_defaults_for_multiple[True-1-default13-expected13] PASSED [ 28%]
2025-10-07T16:06:21.0726378Z tests/test_options.py::test_good_defaults_for_multiple[True-1-default14-expected14] PASSED [ 29%]
2025-10-07T16:06:21.0736762Z tests/test_options.py::test_good_defaults_for_multiple[True-1-default15-expected15] PASSED [ 29%]
2025-10-07T16:06:21.0746940Z tests/test_options.py::test_good_defaults_for_multiple[True-1-default16-expected16] PASSED [ 29%]
2025-10-07T16:06:21.0757358Z tests/test_options.py::test_good_defaults_for_multiple[True-2-default17-expected17] PASSED [ 29%]
2025-10-07T16:06:21.0770113Z tests/test_options.py::test_good_defaults_for_multiple[True-2-default18-expected18] PASSED [ 29%]
2025-10-07T16:06:21.0780700Z tests/test_options.py::test_good_defaults_for_multiple[True-2-default19-expected19] PASSED [ 29%]
2025-10-07T16:06:21.0790638Z tests/test_options.py::test_good_defaults_for_multiple[True-2-default20-expected20] PASSED [ 29%]
2025-10-07T16:06:21.0800622Z tests/test_options.py::test_good_defaults_for_multiple[True-2-default21-expected21] PASSED [ 29%]
2025-10-07T16:06:21.0810679Z tests/test_options.py::test_good_defaults_for_multiple[True-2-default22-expected22] PASSED [ 29%]
2025-10-07T16:06:21.0820899Z tests/test_options.py::test_good_defaults_for_multiple[True-2-None-expected23] PASSED [ 29%]
2025-10-07T16:06:21.0831125Z tests/test_options.py::test_good_defaults_for_multiple[True-2-Sentinel.UNSET-expected24] PASSED [ 29%]
2025-10-07T16:06:21.0846903Z tests/test_options.py::test_good_defaults_for_multiple[True-2-default25-expected25] PASSED [ 29%]
2025-10-07T16:06:21.0857733Z tests/test_options.py::test_good_defaults_for_multiple[True-2-default26-expected26] PASSED [ 29%]
2025-10-07T16:06:21.0868397Z tests/test_options.py::test_good_defaults_for_multiple[True-2-default27-expected27] PASSED [ 30%]
2025-10-07T16:06:21.0878714Z tests/test_options.py::test_good_defaults_for_multiple[True-2-default28-expected28] PASSED [ 30%]
2025-10-07T16:06:21.0889061Z tests/test_options.py::test_good_defaults_for_multiple[True-2-default29-expected29] PASSED [ 30%]
2025-10-07T16:06:21.0899359Z tests/test_options.py::test_good_defaults_for_multiple[True-2-default30-expected30] PASSED [ 30%]
2025-10-07T16:06:21.0912105Z tests/test_options.py::test_good_defaults_for_multiple[True-2-default31-expected31] PASSED [ 30%]
2025-10-07T16:06:21.0922589Z tests/test_options.py::test_good_defaults_for_multiple[True-2-default32-expected32] PASSED [ 30%]
2025-10-07T16:06:21.0933351Z tests/test_options.py::test_good_defaults_for_multiple[False-2-default33-expected33] PASSED [ 30%]
2025-10-07T16:06:21.0946883Z tests/test_options.py::test_bad_defaults_for_multiple[True-1-Yo-None-Error: Invalid value for '-a': Value must be an iterable.] PASSED [ 30%]
2025-10-07T16:06:21.0960274Z tests/test_options.py::test_bad_defaults_for_multiple[True-1--None-Error: Invalid value for '-a': Value must be an iterable.] PASSED [ 30%]
2025-10-07T16:06:21.0972923Z tests/test_options.py::test_bad_defaults_for_multiple[True-1-True-None-Error: Invalid value for '-a': Value must be an iterable.] PASSED [ 30%]
2025-10-07T16:06:21.0987738Z tests/test_options.py::test_bad_defaults_for_multiple[True-1-False-None-Error: Invalid value for '-a': Value must be an iterable.] PASSED [ 30%]
2025-10-07T16:06:21.1000320Z tests/test_options.py::test_bad_defaults_for_multiple[True-1-12-None-Error: Invalid value for '-a': Value must be an iterable.] PASSED [ 30%]
2025-10-07T16:06:21.1013028Z tests/test_options.py::test_bad_defaults_for_multiple[True-1-7.9-None-Error: Invalid value for '-a': Value must be an iterable.] PASSED [ 30%]
2025-10-07T16:06:21.1025414Z tests/test_options.py::test_bad_defaults_for_multiple[False-2-42-None-Error: Invalid value for '-a': Value must be an iterable.] PASSED [ 31%]
2025-10-07T16:06:21.1038091Z tests/test_options.py::test_bad_defaults_for_multiple[True-2-default7-None-Error: Invalid value for '-a': Value must be an iterable.] PASSED [ 31%]
2025-10-07T16:06:21.1052963Z tests/test_options.py::test_bad_defaults_for_multiple[True-2-default8-None-Error: Invalid value for '-a': Value must be an iterable.] PASSED [ 31%]
2025-10-07T16:06:21.1065450Z tests/test_options.py::test_bad_defaults_for_multiple[True-2-default9-None-Error: Invalid value for '-a': Value must be an iterable.] PASSED [ 31%]
2025-10-07T16:06:21.1076057Z tests/test_options.py::test_bad_defaults_for_multiple[True-2-default10-ValueError-'nargs' must be 0 \\(or None\\) for type <click\\.types\\.Tuple object at 0x[0-9A-Fa-f]+>, but it was 2\\.] PASSED [ 31%]
2025-10-07T16:06:21.1085616Z tests/test_options.py::test_bad_defaults_for_multiple[True-2-default11-ValueError-'nargs' must be 1 \\(or None\\) for type <click\\.types\\.Tuple object at 0x[0-9A-Fa-f]+>, but it was 2\\.] PASSED [ 31%]
2025-10-07T16:06:21.1095139Z tests/test_options.py::test_bad_defaults_for_multiple[True-2-default12-ValueError-'nargs' must be 3 \\(or None\\) for type <click\\.types\\.Tuple object at 0x[0-9A-Fa-f]+>, but it was 2\\.] PASSED [ 31%]
2025-10-07T16:06:21.1107416Z tests/test_options.py::test_bad_defaults_for_multiple[True-2-default13-None-Error: Invalid value for '-a': 2 values are required, but 0 were given.] PASSED [ 31%]
2025-10-07T16:06:21.1120048Z tests/test_options.py::test_bad_defaults_for_multiple[False-2-default14-None-Error: Invalid value for '-a': Takes 2 values but 1 was given.] PASSED [ 31%]
2025-10-07T16:06:21.1128273Z tests/test_options.py::test_bad_defaults_for_multiple[True-2-default15-ValueError-'nargs' must be 1 \\(or None\\) for type <click\\.types\\.Tuple object at 0x[0-9A-Fa-f]+>, but it was 2\\.] PASSED [ 31%]
2025-10-07T16:06:21.1137823Z tests/test_options.py::test_empty_envvar[MYPATH] PASSED                  [ 31%]
2025-10-07T16:06:21.1150113Z tests/test_options.py::test_empty_envvar[AUTO_MYPATH] PASSED             [ 31%]
2025-10-07T16:06:21.1164688Z tests/test_options.py::test_multiple_envvar PASSED                       [ 31%]
2025-10-07T16:06:21.1174677Z tests/test_options.py::test_boolean_flag_envvar[SHOUT-true-True] PASSED  [ 32%]
2025-10-07T16:06:21.1184620Z tests/test_options.py::test_boolean_flag_envvar[SHOUT-false-False] PASSED [ 32%]
2025-10-07T16:06:21.1194784Z tests/test_options.py::test_boolean_flag_envvar[SHOUT-True-True] PASSED  [ 32%]
2025-10-07T16:06:21.1205294Z tests/test_options.py::test_boolean_flag_envvar[SHOUT-False-False] PASSED [ 32%]
2025-10-07T16:06:21.1217588Z tests/test_options.py::test_boolean_flag_envvar[SHOUT-TRUE-True] PASSED  [ 32%]
2025-10-07T16:06:21.1227886Z tests/test_options.py::test_boolean_flag_envvar[SHOUT-FALSE-False] PASSED [ 32%]
2025-10-07T16:06:21.1237844Z tests/test_options.py::test_boolean_flag_envvar[SHOUT-TruE-True] PASSED  [ 32%]
2025-10-07T16:06:21.1247878Z tests/test_options.py::test_boolean_flag_envvar[SHOUT-truE-True] PASSED  [ 32%]
2025-10-07T16:06:21.1257936Z tests/test_options.py::test_boolean_flag_envvar[SHOUT-FaLsE-False] PASSED [ 32%]
2025-10-07T16:06:21.1267771Z tests/test_options.py::test_boolean_flag_envvar[SHOUT-falsE-False] PASSED [ 32%]
2025-10-07T16:06:21.1280598Z tests/test_options.py::test_boolean_flag_envvar[SHOUT-true    -True] PASSED [ 32%]
2025-10-07T16:06:21.1290732Z tests/test_options.py::test_boolean_flag_envvar[SHOUT-  true  -True] PASSED [ 32%]
2025-10-07T16:06:21.1301126Z tests/test_options.py::test_boolean_flag_envvar[SHOUT-    true-True] PASSED [ 32%]
2025-10-07T16:06:21.1311072Z tests/test_options.py::test_boolean_flag_envvar[SHOUT-false   -False] PASSED [ 33%]
2025-10-07T16:06:21.1321042Z tests/test_options.py::test_boolean_flag_envvar[SHOUT-  false -False] PASSED [ 33%]
2025-10-07T16:06:21.1330800Z tests/test_options.py::test_boolean_flag_envvar[SHOUT-   false-False] PASSED [ 33%]
2025-10-07T16:06:21.1342589Z tests/test_options.py::test_boolean_flag_envvar[SHOUT-1-True] PASSED     [ 33%]
2025-10-07T16:06:21.1352420Z tests/test_options.py::test_boolean_flag_envvar[SHOUT-0-False] PASSED    [ 33%]
2025-10-07T16:06:21.1362638Z tests/test_options.py::test_boolean_flag_envvar[SHOUT-t-True] PASSED     [ 33%]
2025-10-07T16:06:21.1372643Z tests/test_options.py::test_boolean_flag_envvar[SHOUT-T-True] PASSED     [ 33%]
2025-10-07T16:06:21.1382629Z tests/test_options.py::test_boolean_flag_envvar[SHOUT-  T  -True] PASSED [ 33%]
2025-10-07T16:06:21.1392492Z tests/test_options.py::test_boolean_flag_envvar[SHOUT-f-False] PASSED    [ 33%]
2025-10-07T16:06:21.1404353Z tests/test_options.py::test_boolean_flag_envvar[SHOUT-y-True] PASSED     [ 33%]
2025-10-07T16:06:21.1414419Z tests/test_options.py::test_boolean_flag_envvar[SHOUT-n-False] PASSED    [ 33%]
2025-10-07T16:06:21.1424397Z tests/test_options.py::test_boolean_flag_envvar[SHOUT-yes-True] PASSED   [ 33%]
2025-10-07T16:06:21.1434248Z tests/test_options.py::test_boolean_flag_envvar[SHOUT-no-False] PASSED   [ 33%]
2025-10-07T16:06:21.1444054Z tests/test_options.py::test_boolean_flag_envvar[SHOUT-on-True] PASSED    [ 34%]
2025-10-07T16:06:21.1454264Z tests/test_options.py::test_boolean_flag_envvar[SHOUT-off-False] PASSED  [ 34%]
2025-10-07T16:06:21.1466066Z tests/test_options.py::test_boolean_flag_envvar[SHOUT-None-False] PASSED [ 34%]
2025-10-07T16:06:21.1476192Z tests/test_options.py::test_boolean_flag_envvar[SHOUT--False] PASSED     [ 34%]
2025-10-07T16:06:21.1486277Z tests/test_options.py::test_boolean_flag_envvar[SHOUT- -False] PASSED    [ 34%]
2025-10-07T16:06:21.1496542Z tests/test_options.py::test_boolean_flag_envvar[SHOUT-       -False] PASSED [ 34%]
2025-10-07T16:06:21.1527937Z tests/test_options.py::test_boolean_flag_envvar[SHOUT    -True-False] PASSED [ 34%]
2025-10-07T16:06:21.1528837Z tests/test_options.py::test_boolean_flag_envvar[SHOUT    -False-False] PASSED [ 34%]
2025-10-07T16:06:21.1534180Z tests/test_options.py::test_boolean_flag_envvar[  SHOUT  -True-False] PASSED [ 34%]
2025-10-07T16:06:21.1544727Z tests/test_options.py::test_boolean_flag_envvar[  SHOUT  -False-False] PASSED [ 34%]
2025-10-07T16:06:21.1555050Z tests/test_options.py::test_boolean_flag_envvar[    SHOUT-True-False] PASSED [ 34%]
2025-10-07T16:06:21.1564954Z tests/test_options.py::test_boolean_flag_envvar[    SHOUT-False-False] PASSED [ 34%]
2025-10-07T16:06:21.1575135Z tests/test_options.py::test_boolean_flag_envvar[SH    OUT-True-False] PASSED [ 34%]
2025-10-07T16:06:21.1585337Z tests/test_options.py::test_boolean_flag_envvar[SH    OUT-False-False] PASSED [ 35%]
2025-10-07T16:06:21.1597624Z tests/test_options.py::test_boolean_flag_envvar[RANDOM-True-False] PASSED [ 35%]
2025-10-07T16:06:21.1607662Z tests/test_options.py::test_boolean_flag_envvar[NO_SHOUT-True-False] PASSED [ 35%]
2025-10-07T16:06:21.1617718Z tests/test_options.py::test_boolean_flag_envvar[NO_SHOUT-False-False] PASSED [ 35%]
2025-10-07T16:06:21.1627930Z tests/test_options.py::test_boolean_flag_envvar[NOSHOUT-True-False] PASSED [ 35%]
2025-10-07T16:06:21.1638091Z tests/test_options.py::test_boolean_flag_envvar[NOSHOUT-False-False] PASSED [ 35%]
2025-10-07T16:06:21.1650158Z tests/test_options.py::test_boolean_envvar_bad_values[tr ue] PASSED      [ 35%]
2025-10-07T16:06:21.1665995Z tests/test_options.py::test_boolean_envvar_bad_values[fa lse] PASSED     [ 35%]
2025-10-07T16:06:21.1677960Z tests/test_options.py::test_boolean_envvar_bad_values[10] PASSED         [ 35%]
2025-10-07T16:06:21.1689449Z tests/test_options.py::test_boolean_envvar_bad_values[01] PASSED         [ 35%]
2025-10-07T16:06:21.1701330Z tests/test_options.py::test_boolean_envvar_bad_values[00] PASSED         [ 35%]
2025-10-07T16:06:21.1713180Z tests/test_options.py::test_boolean_envvar_bad_values[11] PASSED         [ 35%]
2025-10-07T16:06:21.1880004Z tests/test_options.py::test_boolean_envvar_bad_values[0.0] PASSED        [ 35%]
2025-10-07T16:06:21.1892343Z tests/test_options.py::test_boolean_envvar_bad_values[1.1] PASSED        [ 36%]
2025-10-07T16:06:21.1904361Z tests/test_options.py::test_boolean_envvar_bad_values[randomstring] PASSED [ 36%]
2025-10-07T16:06:21.1916287Z tests/test_options.py::test_boolean_envvar_bad_values[None] PASSED       [ 36%]
2025-10-07T16:06:21.1930524Z tests/test_options.py::test_boolean_envvar_bad_values['None'] PASSED     [ 36%]
2025-10-07T16:06:21.1942549Z tests/test_options.py::test_boolean_envvar_bad_values[A B] PASSED        [ 36%]
2025-10-07T16:06:21.1954285Z tests/test_options.py::test_boolean_envvar_bad_values[ 1 2 ] PASSED      [ 36%]
2025-10-07T16:06:21.1966297Z tests/test_options.py::test_boolean_envvar_bad_values[9.3] PASSED        [ 36%]
2025-10-07T16:06:21.1978052Z tests/test_options.py::test_boolean_envvar_bad_values[a;n] PASSED        [ 36%]
2025-10-07T16:06:21.1991919Z tests/test_options.py::test_boolean_envvar_bad_values[x:y] PASSED        [ 36%]
2025-10-07T16:06:21.2003741Z tests/test_options.py::test_boolean_envvar_bad_values[i/o] PASSED        [ 36%]
2025-10-07T16:06:21.2015956Z tests/test_options.py::test_multiple_default_help PASSED                 [ 36%]
2025-10-07T16:06:21.2027276Z tests/test_options.py::test_show_default_default_map PASSED              [ 36%]
2025-10-07T16:06:21.2034170Z tests/test_options.py::test_multiple_default_type PASSED                 [ 36%]
2025-10-07T16:06:21.2040692Z tests/test_options.py::test_multiple_default_composite_type PASSED       [ 36%]
2025-10-07T16:06:21.2050681Z tests/test_options.py::test_parse_multiple_default_composite_type PASSED [ 37%]
2025-10-07T16:06:21.2065027Z tests/test_options.py::test_dynamic_default_help_unset PASSED            [ 37%]
2025-10-07T16:06:21.2076498Z tests/test_options.py::test_dynamic_default_help_text PASSED             [ 37%]
2025-10-07T16:06:21.2084451Z tests/test_options.py::test_dynamic_default_help_special_method PASSED   [ 37%]
2025-10-07T16:06:21.2092676Z tests/test_options.py::test_intrange_default_help_text[type0-1<=x<=32] PASSED [ 37%]
2025-10-07T16:06:21.2100435Z tests/test_options.py::test_intrange_default_help_text[type1-1<x<32] PASSED [ 37%]
2025-10-07T16:06:21.2107831Z tests/test_options.py::test_intrange_default_help_text[type2-x>=1] PASSED [ 37%]
2025-10-07T16:06:21.2115643Z tests/test_options.py::test_intrange_default_help_text[type3-x<=32] PASSED [ 37%]
2025-10-07T16:06:21.2122621Z tests/test_options.py::test_count_default_type_help PASSED               [ 37%]
2025-10-07T16:06:21.2131669Z tests/test_options.py::test_file_type_help_default PASSED                [ 37%]
2025-10-07T16:06:21.2143929Z tests/test_options.py::test_toupper_envvar_prefix PASSED                 [ 37%]
2025-10-07T16:06:21.2160392Z tests/test_options.py::test_nargs_envvar PASSED                          [ 37%]
2025-10-07T16:06:21.2176896Z tests/test_options.py::test_show_envvar PASSED                           [ 37%]
2025-10-07T16:06:21.2193425Z tests/test_options.py::test_show_envvar_auto_prefix PASSED               [ 38%]
2025-10-07T16:06:21.2206527Z tests/test_options.py::test_show_envvar_auto_prefix_dash_in_command PASSED [ 38%]
2025-10-07T16:06:21.2219428Z tests/test_options.py::test_custom_validation PASSED                     [ 38%]
2025-10-07T16:06:21.2230445Z tests/test_options.py::test_callback_validates_prompt PASSED             [ 38%]
2025-10-07T16:06:21.2245474Z tests/test_options.py::test_winstyle_options PASSED                      [ 38%]
2025-10-07T16:06:21.2258354Z tests/test_options.py::test_legacy_options PASSED                        [ 38%]
2025-10-07T16:06:21.2266723Z tests/test_options.py::test_required_option[Sentinel.UNSET-True-None] PASSED [ 38%]
2025-10-07T16:06:21.2273998Z tests/test_options.py::test_required_option[None-False-None] PASSED      [ 38%]
2025-10-07T16:06:21.2281538Z tests/test_options.py::test_required_option[-False-] PASSED              [ 38%]
2025-10-07T16:06:21.2288447Z tests/test_options.py::test_required_option[  -False-  ] PASSED          [ 38%]
2025-10-07T16:06:21.2295578Z tests/test_options.py::test_required_option[foo-False-foo] PASSED        [ 38%]
2025-10-07T16:06:21.2302494Z tests/test_options.py::test_required_option[12-False-12_0] PASSED        [ 38%]
2025-10-07T16:06:21.2309219Z tests/test_options.py::test_required_option[12-False-12_1] PASSED        [ 38%]
2025-10-07T16:06:21.2316552Z tests/test_options.py::test_required_option[12.1-False-12.1] PASSED      [ 39%]
2025-10-07T16:06:21.2323515Z tests/test_options.py::test_required_option[value8-False-[]] PASSED      [ 39%]
2025-10-07T16:06:21.2330669Z tests/test_options.py::test_required_option[value9-False-()] PASSED      [ 39%]
2025-10-07T16:06:21.2337400Z tests/test_options.py::test_required_option[value10-False-set()] PASSED  [ 39%]
2025-10-07T16:06:21.2344383Z tests/test_options.py::test_required_option[value11-False-frozenset()] PASSED [ 39%]
2025-10-07T16:06:21.2351290Z tests/test_options.py::test_required_option[value12-False-{}] PASSED     [ 39%]
2025-10-07T16:06:21.2362410Z tests/test_options.py::test_missing_required_flag PASSED                 [ 39%]
2025-10-07T16:06:21.2373773Z tests/test_options.py::test_missing_choice PASSED                        [ 39%]
2025-10-07T16:06:21.2394521Z tests/test_options.py::test_missing_envvar PASSED                        [ 39%]
2025-10-07T16:06:21.2414978Z tests/test_options.py::test_case_insensitive_choice PASSED               [ 39%]
2025-10-07T16:06:21.2424358Z tests/test_options.py::test_case_insensitive_choice_returned_exactly PASSED [ 39%]
2025-10-07T16:06:21.2438542Z tests/test_options.py::test_option_help_preserve_paragraphs PASSED       [ 39%]
2025-10-07T16:06:21.2448124Z tests/test_options.py::test_argument_custom_class PASSED                 [ 39%]
2025-10-07T16:06:21.2459704Z tests/test_options.py::test_option_custom_class PASSED                   [ 40%]
2025-10-07T16:06:21.2474310Z tests/test_options.py::test_option_custom_class_reusable PASSED          [ 40%]
2025-10-07T16:06:21.2489163Z tests/test_options.py::test_help_option_custom_names_and_class[name_specs0-  -h, --help  Show this message and exit.\n-True] PASSED [ 40%]
2025-10-07T16:06:21.2506246Z tests/test_options.py::test_help_option_custom_names_and_class[name_specs0-  -h, --help  Show this message and exit.\n-False] PASSED [ 40%]
2025-10-07T16:06:21.2519471Z tests/test_options.py::test_help_option_custom_names_and_class[name_specs1-  -h      Show this message and exit.\n  --help  Show this message and exit.\n-True] PASSED [ 40%]
2025-10-07T16:06:21.2532545Z tests/test_options.py::test_help_option_custom_names_and_class[name_specs1-  -h      Show this message and exit.\n  --help  Show this message and exit.\n-False] PASSED [ 40%]
2025-10-07T16:06:21.2547331Z tests/test_options.py::test_help_option_custom_names_and_class[name_specs2-  --help  Show this message and exit.\n-True] PASSED [ 40%]
2025-10-07T16:06:21.2562019Z tests/test_options.py::test_help_option_custom_names_and_class[name_specs2-  --help  Show this message and exit.\n-False] PASSED [ 40%]
2025-10-07T16:06:21.2573381Z tests/test_options.py::test_bool_flag_with_type PASSED                   [ 40%]
2025-10-07T16:06:21.2590850Z tests/test_options.py::test_aliases_for_flags PASSED                     [ 40%]
2025-10-07T16:06:21.2603820Z tests/test_options.py::test_option_names[option_args0-aggressive] PASSED [ 40%]
2025-10-07T16:06:21.2625254Z tests/test_options.py::test_option_names[option_args1-first] PASSED      [ 40%]
2025-10-07T16:06:21.2643895Z tests/test_options.py::test_option_names[option_args2-apple] PASSED      [ 40%]
2025-10-07T16:06:21.2662088Z tests/test_options.py::test_option_names[option_args3-cantaloupe] PASSED [ 41%]
2025-10-07T16:06:21.2678552Z tests/test_options.py::test_option_names[option_args4-a] PASSED          [ 41%]
2025-10-07T16:06:21.2693023Z tests/test_options.py::test_option_names[option_args5-c] PASSED          [ 41%]
2025-10-07T16:06:21.2711307Z tests/test_options.py::test_option_names[option_args6-apple] PASSED      [ 41%]
2025-10-07T16:06:21.2733740Z tests/test_options.py::test_option_names[option_args7-cantaloupe] PASSED [ 41%]
2025-10-07T16:06:21.2746129Z tests/test_options.py::test_option_names[option_args8-_from] PASSED      [ 41%]
2025-10-07T16:06:21.2758643Z tests/test_options.py::test_option_names[option_args9-_ret] PASSED       [ 41%]
2025-10-07T16:06:21.2767207Z tests/test_options.py::test_flag_duplicate_names PASSED                  [ 41%]
2025-10-07T16:06:21.2776650Z tests/test_options.py::test_show_default_boolean_flag_name[False-no-cache] PASSED [ 41%]
2025-10-07T16:06:21.2785494Z tests/test_options.py::test_show_default_boolean_flag_name[True-cache] PASSED [ 41%]
2025-10-07T16:06:21.2794165Z tests/test_options.py::test_show_true_default_boolean_flag_value PASSED  [ 41%]
2025-10-07T16:06:21.2802282Z tests/test_options.py::test_hide_false_default_boolean_flag_value[False] PASSED [ 41%]
2025-10-07T16:06:21.2810285Z tests/test_options.py::test_hide_false_default_boolean_flag_value[None] PASSED [ 41%]
2025-10-07T16:06:21.2818652Z tests/test_options.py::test_show_default_string PASSED                   [ 42%]
2025-10-07T16:06:21.2827045Z tests/test_options.py::test_show_default_with_empty_string PASSED        [ 42%]
2025-10-07T16:06:21.2835068Z tests/test_options.py::test_do_not_show_no_default PASSED                [ 42%]
2025-10-07T16:06:21.2841666Z tests/test_options.py::test_do_not_show_default_empty_multiple PASSED    [ 42%]
2025-10-07T16:06:21.2849484Z tests/test_options.py::test_show_default_precedence[None-None-extra_value0-False] PASSED [ 42%]
2025-10-07T16:06:21.2856504Z tests/test_options.py::test_show_default_precedence[None-False-extra_value1-False] PASSED [ 42%]
2025-10-07T16:06:21.2864398Z tests/test_options.py::test_show_default_precedence[None-True-extra_value2-True] PASSED [ 42%]
2025-10-07T16:06:21.2871492Z tests/test_options.py::test_show_default_precedence[False-None-extra_value3-False] PASSED [ 42%]
2025-10-07T16:06:21.2878528Z tests/test_options.py::test_show_default_precedence[False-False-extra_value4-False] PASSED [ 42%]
2025-10-07T16:06:21.2886478Z tests/test_options.py::test_show_default_precedence[False-True-extra_value5-True] PASSED [ 42%]
2025-10-07T16:06:21.2894490Z tests/test_options.py::test_show_default_precedence[True-None-extra_value6-True] PASSED [ 42%]
2025-10-07T16:06:21.2901682Z tests/test_options.py::test_show_default_precedence[True-False-extra_value7-False] PASSED [ 42%]
2025-10-07T16:06:21.2909224Z tests/test_options.py::test_show_default_precedence[True-True-extra_value8-True] PASSED [ 42%]
2025-10-07T16:06:21.2916891Z tests/test_options.py::test_show_default_precedence[False-one-extra_value9-True] PASSED [ 43%]
2025-10-07T16:06:21.2928953Z tests/test_options.py::test_option_with_optional_value[None-expect0] PASSED [ 43%]
2025-10-07T16:06:21.2938967Z tests/test_options.py::test_option_with_optional_value[args1-expect1] PASSED [ 43%]
2025-10-07T16:06:21.2949317Z tests/test_options.py::test_option_with_optional_value[args2-expect2] PASSED [ 43%]
2025-10-07T16:06:21.2959768Z tests/test_options.py::test_option_with_optional_value[args3-expect3] PASSED [ 43%]
2025-10-07T16:06:21.2969954Z tests/test_options.py::test_option_with_optional_value[args4-expect4] PASSED [ 43%]
2025-10-07T16:06:21.2980254Z tests/test_options.py::test_option_with_optional_value[args5-expect5] PASSED [ 43%]
2025-10-07T16:06:21.2991145Z tests/test_options.py::test_option_with_optional_value[args6-expect6] PASSED [ 43%]
2025-10-07T16:06:21.3002034Z tests/test_options.py::test_option_with_optional_value[args7-expect7] PASSED [ 43%]
2025-10-07T16:06:21.3013103Z tests/test_options.py::test_option_with_optional_value[args8-expect8] PASSED [ 43%]
2025-10-07T16:06:21.3022912Z tests/test_options.py::test_option_with_optional_value[args9-expect9] PASSED [ 43%]
2025-10-07T16:06:21.3032731Z tests/test_options.py::test_option_with_optional_value[args10-expect10] PASSED [ 43%]
2025-10-07T16:06:21.3042852Z tests/test_options.py::test_option_with_optional_value[args11-expect11] PASSED [ 43%]
2025-10-07T16:06:21.3053494Z tests/test_options.py::test_option_with_optional_value[args12-expect12] PASSED [ 44%]
2025-10-07T16:06:21.3063960Z tests/test_options.py::test_option_with_optional_value[args13-expect13] PASSED [ 44%]
2025-10-07T16:06:21.3075533Z tests/test_options.py::test_multiple_option_with_optional_value PASSED   [ 44%]
2025-10-07T16:06:21.3082232Z tests/test_options.py::test_type_from_flag_value PASSED                  [ 44%]
2025-10-07T16:06:21.3092699Z tests/test_options.py::test_flag_value_and_default[opt_params0-args0-False] PASSED [ 44%]
2025-10-07T16:06:21.3102649Z tests/test_options.py::test_flag_value_and_default[opt_params1-args1-True] PASSED [ 44%]
2025-10-07T16:06:21.3112722Z tests/test_options.py::test_flag_value_and_default[opt_params2-args2-False] PASSED [ 44%]
2025-10-07T16:06:21.3122674Z tests/test_options.py::test_flag_value_and_default[opt_params3-args3-True] PASSED [ 44%]
2025-10-07T16:06:21.3134118Z tests/test_options.py::test_flag_value_and_default[opt_params4-args4-None] PASSED [ 44%]
2025-10-07T16:06:21.3143598Z tests/test_options.py::test_flag_value_and_default[opt_params5-args5-True] PASSED [ 44%]
2025-10-07T16:06:21.3152831Z tests/test_options.py::test_flag_value_and_default[opt_params6-args6-True] PASSED [ 44%]
2025-10-07T16:06:21.3163350Z tests/test_options.py::test_flag_value_and_default[opt_params7-args7-True] PASSED [ 44%]
2025-10-07T16:06:21.3174392Z tests/test_options.py::test_flag_value_and_default[opt_params8-args8-False] PASSED [ 44%]
2025-10-07T16:06:21.3184946Z tests/test_options.py::test_flag_value_and_default[opt_params9-args9-True] PASSED [ 45%]
2025-10-07T16:06:21.3194922Z tests/test_options.py::test_flag_value_and_default[opt_params10-args10-True] PASSED [ 45%]
2025-10-07T16:06:21.3207322Z tests/test_options.py::test_flag_value_and_default[opt_params11-args11-None] PASSED [ 45%]
2025-10-07T16:06:21.3217570Z tests/test_options.py::test_flag_value_and_default[opt_params12-args12-True] PASSED [ 45%]
2025-10-07T16:06:21.3227932Z tests/test_options.py::test_flag_value_and_default[opt_params13-args13-True] PASSED [ 45%]
2025-10-07T16:06:21.3238241Z tests/test_options.py::test_flag_value_and_default[opt_params14-args14-True] PASSED [ 45%]
2025-10-07T16:06:21.3248472Z tests/test_options.py::test_flag_value_and_default[opt_params15-args15-False] PASSED [ 45%]
2025-10-07T16:06:21.3258755Z tests/test_options.py::test_flag_value_and_default[opt_params16-args16-True] PASSED [ 45%]
2025-10-07T16:06:21.3271272Z tests/test_options.py::test_flag_value_and_default[opt_params17-args17-True] PASSED [ 45%]
2025-10-07T16:06:21.3281569Z tests/test_options.py::test_flag_value_and_default[opt_params18-args18-None] PASSED [ 45%]
2025-10-07T16:06:21.3291938Z tests/test_options.py::test_flag_value_and_default[opt_params19-args19-True] PASSED [ 45%]
2025-10-07T16:06:21.3302238Z tests/test_options.py::test_flag_value_and_default[opt_params20-args20-True] PASSED [ 45%]
2025-10-07T16:06:21.3312290Z tests/test_options.py::test_flag_value_and_default[opt_params21-args21-True] PASSED [ 45%]
2025-10-07T16:06:21.3322505Z tests/test_options.py::test_flag_value_and_default[opt_params22-args22-False] PASSED [ 45%]
2025-10-07T16:06:21.3332853Z tests/test_options.py::test_flag_value_and_default[opt_params23-args23-True] PASSED [ 46%]
2025-10-07T16:06:21.3345277Z tests/test_options.py::test_flag_value_and_default[opt_params24-args24-foo] PASSED [ 46%]
2025-10-07T16:06:21.3355821Z tests/test_options.py::test_flag_value_and_default[opt_params25-args25-True] PASSED [ 46%]
2025-10-07T16:06:21.3366039Z tests/test_options.py::test_flag_value_and_default[opt_params26-args26-None] PASSED [ 46%]
2025-10-07T16:06:21.3376423Z tests/test_options.py::test_flag_value_and_default[opt_params27-args27-True] PASSED [ 46%]
2025-10-07T16:06:21.3386771Z tests/test_options.py::test_flag_value_and_default[opt_params28-args28-False] PASSED [ 46%]
2025-10-07T16:06:21.3396989Z tests/test_options.py::test_flag_value_and_default[opt_params29-args29-True] PASSED [ 46%]
2025-10-07T16:06:21.3409116Z tests/test_options.py::test_flag_value_and_default[opt_params30-args30-False] PASSED [ 46%]
2025-10-07T16:06:21.3419672Z tests/test_options.py::test_flag_value_and_default[opt_params31-args31-False] PASSED [ 46%]
2025-10-07T16:06:21.3430240Z tests/test_options.py::test_flag_value_and_default[opt_params32-args32-False] PASSED [ 46%]
2025-10-07T16:06:21.3440265Z tests/test_options.py::test_flag_value_and_default[opt_params33-args33-None] PASSED [ 46%]
2025-10-07T16:06:21.3450504Z tests/test_options.py::test_flag_value_and_default[opt_params34-args34-False] PASSED [ 46%]
2025-10-07T16:06:21.3460557Z tests/test_options.py::test_flag_value_and_default[opt_params35-args35-True] PASSED [ 46%]
2025-10-07T16:06:21.3470953Z tests/test_options.py::test_flag_value_and_default[opt_params36-args36-False] PASSED [ 47%]
2025-10-07T16:06:21.3483075Z tests/test_options.py::test_flag_value_and_default[opt_params37-args37-False] PASSED [ 47%]
2025-10-07T16:06:21.3493602Z tests/test_options.py::test_flag_value_and_default[opt_params38-args38-False] PASSED [ 47%]
2025-10-07T16:06:21.3503790Z tests/test_options.py::test_flag_value_and_default[opt_params39-args39-None] PASSED [ 47%]
2025-10-07T16:06:21.3513843Z tests/test_options.py::test_flag_value_and_default[opt_params40-args40-None] PASSED [ 47%]
2025-10-07T16:06:21.3523941Z tests/test_options.py::test_flag_value_and_default[opt_params41-args41-True] PASSED [ 47%]
2025-10-07T16:06:21.3534226Z tests/test_options.py::test_flag_value_and_default[opt_params42-args42-None] PASSED [ 47%]
2025-10-07T16:06:21.3546621Z tests/test_options.py::test_flag_value_and_default[opt_params43-args43-False] PASSED [ 47%]
2025-10-07T16:06:21.3556647Z tests/test_options.py::test_flag_value_and_default[opt_params44-args44-None] PASSED [ 47%]
2025-10-07T16:06:21.3566836Z tests/test_options.py::test_flag_value_and_default[opt_params45-args45-foo] PASSED [ 47%]
2025-10-07T16:06:21.3576846Z tests/test_options.py::test_flag_value_and_default[opt_params46-args46-None] PASSED [ 47%]
2025-10-07T16:06:21.3587058Z tests/test_options.py::test_flag_value_and_default[opt_params47-args47-None] PASSED [ 47%]
2025-10-07T16:06:21.3597357Z tests/test_options.py::test_flag_value_and_default[opt_params48-args48-True] PASSED [ 47%]
2025-10-07T16:06:21.3607537Z tests/test_options.py::test_flag_value_and_default[opt_params49-args49-False] PASSED [ 48%]
2025-10-07T16:06:21.3619821Z tests/test_options.py::test_flag_value_and_default[opt_params50-args50-False] PASSED [ 48%]
2025-10-07T16:06:21.3630104Z tests/test_options.py::test_flag_value_and_default[opt_params51-args51-False] PASSED [ 48%]
2025-10-07T16:06:21.3640094Z tests/test_options.py::test_flag_value_and_default[opt_params52-args52-None] PASSED [ 48%]
2025-10-07T16:06:21.3650245Z tests/test_options.py::test_flag_value_and_default[opt_params53-args53-None] PASSED [ 48%]
2025-10-07T16:06:21.3660214Z tests/test_options.py::test_flag_value_and_default[opt_params54-args54-True] PASSED [ 48%]
2025-10-07T16:06:21.3670133Z tests/test_options.py::test_flag_value_and_default[opt_params55-args55-False] PASSED [ 48%]
2025-10-07T16:06:21.3682186Z tests/test_options.py::test_flag_value_and_default[opt_params56-args56-False] PASSED [ 48%]
2025-10-07T16:06:21.3692380Z tests/test_options.py::test_flag_value_and_default[opt_params57-args57-False] PASSED [ 48%]
2025-10-07T16:06:21.3702383Z tests/test_options.py::test_flag_value_and_default[opt_params58-args58-foo] PASSED [ 48%]
2025-10-07T16:06:21.3712400Z tests/test_options.py::test_flag_value_and_default[opt_params59-args59-foo] PASSED [ 48%]
2025-10-07T16:06:21.3722579Z tests/test_options.py::test_flag_value_and_default[opt_params60-args60-foo] PASSED [ 48%]
2025-10-07T16:06:21.3732657Z tests/test_options.py::test_flag_value_and_default[opt_params61-args61-foo] PASSED [ 48%]
2025-10-07T16:06:21.3743079Z tests/test_options.py::test_flag_value_and_default[opt_params62-args62-None] PASSED [ 49%]
2025-10-07T16:06:21.3755100Z tests/test_options.py::test_flag_value_and_default[opt_params63-args63-None] PASSED [ 49%]
2025-10-07T16:06:21.3765407Z tests/test_options.py::test_flag_value_and_default[opt_params64-args64-True] PASSED [ 49%]
2025-10-07T16:06:21.3775581Z tests/test_options.py::test_flag_value_and_default[opt_params65-args65-False] PASSED [ 49%]
2025-10-07T16:06:21.3785674Z tests/test_options.py::test_flag_value_and_default[opt_params66-args66-True] PASSED [ 49%]
2025-10-07T16:06:21.3796047Z tests/test_options.py::test_flag_value_and_default[opt_params67-args67-False] PASSED [ 49%]
2025-10-07T16:06:21.3806202Z tests/test_options.py::test_flag_value_and_default[opt_params68-args68-True] PASSED [ 49%]
2025-10-07T16:06:21.3820940Z tests/test_options.py::test_flag_value_and_default[opt_params69-args69-False] PASSED [ 49%]
2025-10-07T16:06:21.3831362Z tests/test_options.py::test_flag_value_and_default[opt_params70-args70-True] PASSED [ 49%]
2025-10-07T16:06:21.3841606Z tests/test_options.py::test_flag_value_and_default[opt_params71-args71-False] PASSED [ 49%]
2025-10-07T16:06:21.3851732Z tests/test_options.py::test_flag_value_and_default[opt_params72-args72-True] PASSED [ 49%]
2025-10-07T16:06:21.3862080Z tests/test_options.py::test_flag_value_and_default[opt_params73-args73-False] PASSED [ 49%]
2025-10-07T16:06:21.3872243Z tests/test_options.py::test_flag_value_and_default[opt_params74-args74-True] PASSED [ 49%]
2025-10-07T16:06:21.3882366Z tests/test_options.py::test_flag_value_and_default[opt_params75-args75-False] PASSED [ 50%]
2025-10-07T16:06:21.3894420Z tests/test_options.py::test_flag_value_and_default[opt_params76-args76-bar] PASSED [ 50%]
2025-10-07T16:06:21.3904924Z tests/test_options.py::test_flag_value_and_default[opt_params77-args77-None] PASSED [ 50%]
2025-10-07T16:06:21.3914839Z tests/test_options.py::test_flag_value_and_default[opt_params78-args78-True] PASSED [ 50%]
2025-10-07T16:06:21.3924998Z tests/test_options.py::test_flag_value_and_default[opt_params79-args79-False] PASSED [ 50%]
2025-10-07T16:06:21.3937499Z tests/test_options.py::test_invalid_flag_definition[args0-opts0] PASSED  [ 50%]
2025-10-07T16:06:21.3949852Z tests/test_options.py::test_invalid_flag_definition[args1-opts1] PASSED  [ 50%]
2025-10-07T16:06:21.3964373Z tests/test_options.py::test_invalid_flag_definition[args2-opts2] PASSED  [ 50%]
2025-10-07T16:06:21.3976165Z tests/test_options.py::test_invalid_flag_definition[args3-opts3] PASSED  [ 50%]
2025-10-07T16:06:21.3986528Z tests/test_options.py::test_default_dual_option_callback[True-args0-js] PASSED [ 50%]
2025-10-07T16:06:21.3996923Z tests/test_options.py::test_default_dual_option_callback[True-args1-xml] PASSED [ 50%]
2025-10-07T16:06:21.4007333Z tests/test_options.py::test_default_dual_option_callback[False-args2-js] PASSED [ 50%]
2025-10-07T16:06:21.4017744Z tests/test_options.py::test_default_dual_option_callback[False-args3-xml] PASSED [ 50%]
2025-10-07T16:06:21.4030593Z tests/test_options.py::test_default_dual_option_callback[None-args4-js] PASSED [ 51%]
2025-10-07T16:06:21.4040758Z tests/test_options.py::test_default_dual_option_callback[None-args5-xml] PASSED [ 51%]
2025-10-07T16:06:21.4051157Z tests/test_options.py::test_default_dual_option_callback[Sentinel.UNSET-args6-js] PASSED [ 51%]
2025-10-07T16:06:21.4061734Z tests/test_options.py::test_default_dual_option_callback[Sentinel.UNSET-args7-xml] PASSED [ 51%]
2025-10-07T16:06:21.4071798Z tests/test_options.py::test_default_dual_option_callback[True-args8-xml] PASSED [ 51%]
2025-10-07T16:06:21.4081520Z tests/test_options.py::test_default_dual_option_callback[True-args9-js] PASSED [ 51%]
2025-10-07T16:06:21.4093999Z tests/test_options.py::test_default_dual_option_callback[js-args10-js] PASSED [ 51%]
2025-10-07T16:06:21.4104325Z tests/test_options.py::test_default_dual_option_callback[xml-args11-xml] PASSED [ 51%]
2025-10-07T16:06:21.4114387Z tests/test_options.py::test_default_dual_option_callback[jS-args12-jS] PASSED [ 51%]
2025-10-07T16:06:21.4124444Z tests/test_options.py::test_default_dual_option_callback[xMl-args13-xMl] PASSED [ 51%]
2025-10-07T16:06:21.4134761Z tests/test_options.py::test_default_dual_option_callback[ \u1555( \u141b )\u1557 -args14- \u1555( \u141b )\u1557 ] PASSED [ 51%]
2025-10-07T16:06:21.4144380Z tests/test_options.py::test_default_dual_option_callback[None-args15-None] PASSED [ 51%]
2025-10-07T16:06:21.4156350Z tests/test_options.py::test_default_dual_option_callback[Sentinel.UNSET-args16-None] PASSED [ 51%]
2025-10-07T16:06:21.4166400Z tests/test_options.py::test_default_dual_option_callback[True-args17-js] PASSED [ 52%]
2025-10-07T16:06:21.4176280Z tests/test_options.py::test_default_dual_option_callback[False-args18-False] PASSED [ 52%]
2025-10-07T16:06:21.4186180Z tests/test_options.py::test_default_dual_option_callback[42-args19-42] PASSED [ 52%]
2025-10-07T16:06:21.4196083Z tests/test_options.py::test_default_dual_option_callback[12.3-args20-12.3] PASSED [ 52%]
2025-10-07T16:06:21.4206045Z tests/test_options.py::test_envvar_string_flag_value[bar-bar-bar] PASSED [ 52%]
2025-10-07T16:06:21.4218306Z tests/test_options.py::test_envvar_string_flag_value[BAR-BAR-BAR] PASSED [ 52%]
2025-10-07T16:06:21.4228369Z tests/test_options.py::test_envvar_string_flag_value[ bar - bar - bar ] PASSED [ 52%]
2025-10-07T16:06:21.4237865Z tests/test_options.py::test_envvar_string_flag_value[42-42-42] PASSED    [ 52%]
2025-10-07T16:06:21.4247532Z tests/test_options.py::test_envvar_string_flag_value[None-None-None0] PASSED [ 52%]
2025-10-07T16:06:21.4257405Z tests/test_options.py::test_envvar_string_flag_value[True-True-True] PASSED [ 52%]
2025-10-07T16:06:21.4267428Z tests/test_options.py::test_envvar_string_flag_value[False-False-False] PASSED [ 52%]
2025-10-07T16:06:21.4277654Z tests/test_options.py::test_envvar_string_flag_value[true-true-true] PASSED [ 52%]
2025-10-07T16:06:21.4289167Z tests/test_options.py::test_envvar_string_flag_value[false-false-false] PASSED [ 52%]
2025-10-07T16:06:21.4298507Z tests/test_options.py::test_envvar_string_flag_value[A B-A B-A B] PASSED [ 53%]
2025-10-07T16:06:21.4308355Z tests/test_options.py::test_envvar_string_flag_value[ 1 2 - 1 2 - 1 2 ] PASSED [ 53%]
2025-10-07T16:06:21.4317898Z tests/test_options.py::test_envvar_string_flag_value[9.3-9.3-9.3] PASSED [ 53%]
2025-10-07T16:06:21.4327670Z tests/test_options.py::test_envvar_string_flag_value[a;n-a;n-a;n] PASSED [ 53%]
2025-10-07T16:06:21.4337402Z tests/test_options.py::test_envvar_string_flag_value[x:y-x:y-x:y] PASSED [ 53%]
2025-10-07T16:06:21.4348940Z tests/test_options.py::test_envvar_string_flag_value[i/o-i/o-i/o] PASSED [ 53%]
2025-10-07T16:06:21.4358899Z tests/test_options.py::test_envvar_string_flag_value[bar--None] PASSED   [ 53%]
2025-10-07T16:06:21.4368888Z tests/test_options.py::test_envvar_string_flag_value[bar-None-None] PASSED [ 53%]
2025-10-07T16:06:21.4378729Z tests/test_options.py::test_envvar_string_flag_value[BAR--None] PASSED   [ 53%]
2025-10-07T16:06:21.4388542Z tests/test_options.py::test_envvar_string_flag_value[BAR-None-None] PASSED [ 53%]
2025-10-07T16:06:21.4398189Z tests/test_options.py::test_envvar_string_flag_value[ bar --None] PASSED [ 53%]
2025-10-07T16:06:21.4408018Z tests/test_options.py::test_envvar_string_flag_value[ bar -None-None] PASSED [ 53%]
2025-10-07T16:06:21.4419702Z tests/test_options.py::test_envvar_string_flag_value[42--None0] PASSED   [ 53%]
2025-10-07T16:06:21.4429878Z tests/test_options.py::test_envvar_string_flag_value[42-None-None0] PASSED [ 54%]
2025-10-07T16:06:21.4438733Z tests/test_options.py::test_envvar_string_flag_value[42--None1] PASSED   [ 54%]
2025-10-07T16:06:21.4448391Z tests/test_options.py::test_envvar_string_flag_value[42-None-None1] PASSED [ 54%]
2025-10-07T16:06:21.4458044Z tests/test_options.py::test_envvar_string_flag_value[None--None0] PASSED [ 54%]
2025-10-07T16:06:21.4468166Z tests/test_options.py::test_envvar_string_flag_value[None-None-None1] PASSED [ 54%]
2025-10-07T16:06:21.4479488Z tests/test_options.py::test_envvar_string_flag_value[None--None1] PASSED [ 54%]
2025-10-07T16:06:21.4489192Z tests/test_options.py::test_envvar_string_flag_value[None-None-None2] PASSED [ 54%]
2025-10-07T16:06:21.4499187Z tests/test_options.py::test_envvar_string_flag_value[True--None0] PASSED [ 54%]
2025-10-07T16:06:21.4509017Z tests/test_options.py::test_envvar_string_flag_value[True-None-None0] PASSED [ 54%]
2025-10-07T16:06:21.4518738Z tests/test_options.py::test_envvar_string_flag_value[True--None1] PASSED [ 54%]
2025-10-07T16:06:21.4528629Z tests/test_options.py::test_envvar_string_flag_value[True-None-None1] PASSED [ 54%]
2025-10-07T16:06:21.4538468Z tests/test_options.py::test_envvar_string_flag_value[true--None] PASSED  [ 54%]
2025-10-07T16:06:21.4550501Z tests/test_options.py::test_envvar_string_flag_value[true-None-None] PASSED [ 54%]
2025-10-07T16:06:21.4560418Z tests/test_options.py::test_envvar_string_flag_value[False--None0] PASSED [ 54%]
2025-10-07T16:06:21.4570105Z tests/test_options.py::test_envvar_string_flag_value[False-None-None0] PASSED [ 55%]
2025-10-07T16:06:21.4579743Z tests/test_options.py::test_envvar_string_flag_value[False--None1] PASSED [ 55%]
2025-10-07T16:06:21.4589146Z tests/test_options.py::test_envvar_string_flag_value[False-None-None1] PASSED [ 55%]
2025-10-07T16:06:21.4598854Z tests/test_options.py::test_envvar_string_flag_value[false--None] PASSED [ 55%]
2025-10-07T16:06:21.4612010Z tests/test_options.py::test_envvar_string_flag_value[false-None-None] PASSED [ 55%]
2025-10-07T16:06:21.4622236Z tests/test_options.py::test_envvar_string_flag_value[bar-True-bar] PASSED [ 55%]
2025-10-07T16:06:21.4632099Z tests/test_options.py::test_envvar_string_flag_value[bar-true-bar] PASSED [ 55%]
2025-10-07T16:06:21.4641168Z tests/test_options.py::test_envvar_string_flag_value[bar-trUe-bar] PASSED [ 55%]
2025-10-07T16:06:21.4650943Z tests/test_options.py::test_envvar_string_flag_value[bar-  TRUE  -bar] PASSED [ 55%]
2025-10-07T16:06:21.4661253Z tests/test_options.py::test_envvar_string_flag_value[bar-1-bar] PASSED   [ 55%]
2025-10-07T16:06:21.4672389Z tests/test_options.py::test_envvar_string_flag_value[bar-yes-bar] PASSED [ 55%]
2025-10-07T16:06:21.4684353Z tests/test_options.py::test_envvar_string_flag_value[bar-on-bar] PASSED  [ 55%]
2025-10-07T16:06:21.4694371Z tests/test_options.py::test_envvar_string_flag_value[bar-t-bar] PASSED   [ 55%]
2025-10-07T16:06:21.4704089Z tests/test_options.py::test_envvar_string_flag_value[bar-y-bar] PASSED   [ 56%]
2025-10-07T16:06:21.4714086Z tests/test_options.py::test_envvar_string_flag_value[bar-False-False] PASSED [ 56%]
2025-10-07T16:06:21.4723491Z tests/test_options.py::test_envvar_string_flag_value[bar-false-False] PASSED [ 56%]
2025-10-07T16:06:21.4733407Z tests/test_options.py::test_envvar_string_flag_value[bar-faLse-False] PASSED [ 56%]
2025-10-07T16:06:21.4745406Z tests/test_options.py::test_envvar_string_flag_value[bar-  FALSE  -False] PASSED [ 56%]
2025-10-07T16:06:21.4755496Z tests/test_options.py::test_envvar_string_flag_value[bar-0-False] PASSED [ 56%]
2025-10-07T16:06:21.4765992Z tests/test_options.py::test_envvar_string_flag_value[bar-no-False] PASSED [ 56%]
2025-10-07T16:06:21.4776458Z tests/test_options.py::test_envvar_string_flag_value[bar-off-False] PASSED [ 56%]
2025-10-07T16:06:21.4786283Z tests/test_options.py::test_envvar_string_flag_value[bar-f-False] PASSED [ 56%]
2025-10-07T16:06:21.4796409Z tests/test_options.py::test_envvar_string_flag_value[bar-n-False] PASSED [ 56%]
2025-10-07T16:06:21.4806450Z tests/test_options.py::test_envvar_string_flag_value[bar- bar -None] PASSED [ 56%]
2025-10-07T16:06:21.4818450Z tests/test_options.py::test_envvar_string_flag_value[bar-BAR-None] PASSED [ 56%]
2025-10-07T16:06:21.4828399Z tests/test_options.py::test_envvar_string_flag_value[bar-random-None] PASSED [ 56%]
2025-10-07T16:06:21.4838339Z tests/test_options.py::test_envvar_string_flag_value[bar-bar random-None] PASSED [ 57%]
2025-10-07T16:06:21.4848205Z tests/test_options.py::test_envvar_string_flag_value[bar-random bar-None] PASSED [ 57%]
2025-10-07T16:06:21.4858795Z tests/test_options.py::test_envvar_string_flag_value[BAR-bar-None] PASSED [ 57%]
2025-10-07T16:06:21.4868709Z tests/test_options.py::test_envvar_string_flag_value[ bar -bar-None] PASSED [ 57%]
2025-10-07T16:06:21.4880978Z tests/test_options.py::test_envvar_string_flag_value[ bar -BAR-None] PASSED [ 57%]
2025-10-07T16:06:21.4891281Z tests/test_options.py::test_envvar_string_flag_value[42-42-None] PASSED  [ 57%]
2025-10-07T16:06:21.4901545Z tests/test_options.py::test_envvar_string_flag_value[42-foo-None] PASSED [ 57%]
2025-10-07T16:06:21.4911933Z tests/test_options.py::test_envvar_string_flag_value[None-foo-None0] PASSED [ 57%]
2025-10-07T16:06:21.4922084Z tests/test_options.py::test_envvar_string_flag_value[None-foo-None1] PASSED [ 57%]
2025-10-07T16:06:21.4929799Z tests/test_options.py::test_flag_auto_detection[-a-opt_params0-False-False] PASSED [ 57%]
2025-10-07T16:06:21.4937356Z tests/test_options.py::test_flag_auto_detection[-a-opt_params1-False-False] PASSED [ 57%]
2025-10-07T16:06:21.4945312Z tests/test_options.py::test_flag_auto_detection[-a-opt_params2-False-False] PASSED [ 57%]
2025-10-07T16:06:21.4952921Z tests/test_options.py::test_flag_auto_detection[-a-opt_params3-False-False] PASSED [ 57%]
2025-10-07T16:06:21.4960761Z tests/test_options.py::test_flag_auto_detection[-a-opt_params4-True-False] PASSED [ 58%]
2025-10-07T16:06:21.4968437Z tests/test_options.py::test_flag_auto_detection[-a-opt_params5-True-True] PASSED [ 58%]
2025-10-07T16:06:21.4975910Z tests/test_options.py::test_flag_auto_detection[-a/-A-opt_params6-True-True] PASSED [ 58%]
2025-10-07T16:06:21.4983079Z tests/test_options.py::test_flag_auto_detection[-a-opt_params7-True-True] PASSED [ 58%]
2025-10-07T16:06:21.4989997Z tests/test_options.py::test_flag_auto_detection[-a-opt_params8-False-False] PASSED [ 58%]
2025-10-07T16:06:21.4997611Z tests/test_options.py::test_invalid_flag_combinations[kwargs0-'count' is not valid with 'multiple'.] PASSED [ 58%]
2025-10-07T16:06:21.5006771Z tests/test_options.py::test_invalid_flag_combinations[kwargs1-'count' is not valid with 'is_flag'.] PASSED [ 58%]
2025-10-07T16:06:21.5016527Z tests/test_options.py::test_non_flag_with_non_negatable_default PASSED   [ 58%]
2025-10-07T16:06:21.5040439Z tests/test_options.py::test_choice_usage_rendering[choices0-[TEXT]] PASSED [ 58%]
2025-10-07T16:06:21.5065083Z tests/test_options.py::test_choice_usage_rendering[choices1-[INTEGER]] PASSED [ 58%]
2025-10-07T16:06:21.5087597Z tests/test_options.py::test_choice_usage_rendering[choices2-[FLOAT]] PASSED [ 58%]
2025-10-07T16:06:21.5112499Z tests/test_options.py::test_choice_usage_rendering[choices3-[BOOLEAN]] PASSED [ 58%]
2025-10-07T16:06:21.5136159Z tests/test_options.py::test_choice_usage_rendering[choices4-[TEXT|INTEGER]] PASSED [ 58%]
2025-10-07T16:06:21.5160807Z tests/test_options.py::test_choice_usage_rendering[HashType-[HASHTYPE]] PASSED [ 59%]
2025-10-07T16:06:21.5183123Z tests/test_options.py::test_choice_usage_rendering[Number-[NUMBER]] PASSED [ 59%]
2025-10-07T16:06:21.5207875Z tests/test_options.py::test_choice_usage_rendering[Letter-[LETTER]] PASSED [ 59%]
2025-10-07T16:06:21.5230215Z tests/test_options.py::test_choice_usage_rendering[Color-[COLOR]] PASSED [ 59%]
2025-10-07T16:06:21.5254763Z tests/test_options.py::test_choice_usage_rendering[ColorInt-[COLORINT]] PASSED [ 59%]
2025-10-07T16:06:21.5266776Z tests/test_options.py::test_choice_default_rendering[choices0-bar-bar] PASSED [ 59%]
2025-10-07T16:06:21.5278889Z tests/test_options.py::test_choice_default_rendering[choices1-random-random] PASSED [ 59%]
2025-10-07T16:06:21.5290215Z tests/test_options.py::test_choice_default_rendering[choices2-None-None] PASSED [ 59%]
2025-10-07T16:06:21.5301514Z tests/test_options.py::test_choice_default_rendering[choices3-0-0] PASSED [ 59%]
2025-10-07T16:06:21.5315376Z tests/test_options.py::test_choice_default_rendering[choices4-0.0-0.0] PASSED [ 59%]
2025-10-07T16:06:21.5327487Z tests/test_options.py::test_choice_default_rendering[choices5-2-2] PASSED [ 59%]
2025-10-07T16:06:21.5339429Z tests/test_options.py::test_choice_default_rendering[choices6-2-2] PASSED [ 59%]
2025-10-07T16:06:21.5351474Z tests/test_options.py::test_choice_default_rendering[choices7-2.0-2.0] PASSED [ 59%]
2025-10-07T16:06:21.5363367Z tests/test_options.py::test_choice_default_rendering[choices8-True-True] PASSED [ 60%]
2025-10-07T16:06:21.5381494Z tests/test_options.py::test_choice_default_rendering[choices9-False-False] PASSED [ 60%]
2025-10-07T16:06:21.5393645Z tests/test_options.py::test_choice_default_rendering[choices10-foo-foo] PASSED [ 60%]
2025-10-07T16:06:21.5405688Z tests/test_options.py::test_choice_default_rendering[choices11-1-1] PASSED [ 60%]
2025-10-07T16:06:21.5417900Z tests/test_options.py::test_choice_default_rendering[HashType-HashType.SHA1-SHA1] PASSED [ 60%]
2025-10-07T16:06:21.5430373Z tests/test_options.py::test_choice_default_rendering[HashType-HashType.SHA256-SHA256] PASSED [ 60%]
2025-10-07T16:06:21.5442084Z tests/test_options.py::test_choice_default_rendering[HashType-SHA256-SHA256] PASSED [ 60%]
2025-10-07T16:06:21.5456074Z tests/test_options.py::test_choice_default_rendering[Number-2-TWO] PASSED [ 60%]
2025-10-07T16:06:21.5468165Z tests/test_options.py::test_choice_default_rendering[Number-TWO-TWO] PASSED [ 60%]
2025-10-07T16:06:21.5480300Z tests/test_options.py::test_choice_default_rendering[Letter-Value-1-NAME_1] PASSED [ 60%]
2025-10-07T16:06:21.5492166Z tests/test_options.py::test_choice_default_rendering[Letter-Value_2-NAME_2] PASSED [ 60%]
2025-10-07T16:06:21.5504043Z tests/test_options.py::test_choice_default_rendering[Letter-42_value-NAME_3] PASSED [ 60%]
2025-10-07T16:06:21.5518119Z tests/test_options.py::test_choice_default_rendering[Letter-NAME_1-NAME_1] PASSED [ 60%]
2025-10-07T16:06:21.5530578Z tests/test_options.py::test_choice_default_rendering[Letter-NAME_2-NAME_2] PASSED [ 61%]
2025-10-07T16:06:21.5542755Z tests/test_options.py::test_choice_default_rendering[Letter-NAME_3-NAME_3] PASSED [ 61%]
2025-10-07T16:06:21.5554629Z tests/test_options.py::test_choice_default_rendering[Color-Color.GREEN-GREEN] PASSED [ 61%]
2025-10-07T16:06:21.5566417Z tests/test_options.py::test_choice_default_rendering[Color-GREEN-GREEN] PASSED [ 61%]
2025-10-07T16:06:21.5580480Z tests/test_options.py::test_choice_default_rendering[ColorInt-2-GREEN] PASSED [ 61%]
2025-10-07T16:06:21.5592423Z tests/test_options.py::test_choice_default_rendering[ColorInt-GREEN-GREEN] PASSED [ 61%]
2025-10-07T16:06:21.5602523Z tests/test_options.py::test_duplicate_names_warning[opts_one0-opts_two0] PASSED [ 61%]
2025-10-07T16:06:21.5613324Z tests/test_options.py::test_duplicate_names_warning[opts_one1-opts_two1] PASSED [ 61%]
2025-10-07T16:06:21.5626508Z tests/test_options.py::test_dual_options_custom_type_sentinel_flag_value[args0-None-sentinel0] PASSED [ 61%]
2025-10-07T16:06:21.5638423Z tests/test_options.py::test_dual_options_custom_type_sentinel_flag_value[args0-None-EnumSentinel.FALSY_SENTINEL] PASSED [ 61%]
2025-10-07T16:06:21.5653420Z tests/test_options.py::test_dual_options_custom_type_sentinel_flag_value[args1-Error:\\ Option\\ '\\-\\-config'\\ requires\\ an\\ argument\\.\\\n-sentinel0] PASSED [ 61%]
2025-10-07T16:06:21.5665313Z tests/test_options.py::test_dual_options_custom_type_sentinel_flag_value[args1-Error:\\ Option\\ '\\-\\-config'\\ requires\\ an\\ argument\\.\\\n-EnumSentinel.FALSY_SENTINEL] PASSED [ 61%]
2025-10-07T16:06:21.5676904Z tests/test_options.py::test_dual_options_custom_type_sentinel_flag_value[args2-Error:\\ Option\\ '\\-\\-config'\\ requires\\ an\\ argument\\.\\\n-sentinel0] PASSED [ 61%]
2025-10-07T16:06:21.5688791Z tests/test_options.py::test_dual_options_custom_type_sentinel_flag_value[args2-Error:\\ Option\\ '\\-\\-config'\\ requires\\ an\\ argument\\.\\\n-EnumSentinel.FALSY_SENTINEL] PASSED [ 62%]
2025-10-07T16:06:21.5700078Z tests/test_options.py::test_dual_options_custom_type_sentinel_flag_value[args3-No configuration file provided.-sentinel0] PASSED [ 62%]
2025-10-07T16:06:21.5713882Z tests/test_options.py::test_dual_options_custom_type_sentinel_flag_value[args3-No configuration file provided.-EnumSentinel.FALSY_SENTINEL] PASSED [ 62%]
2025-10-07T16:06:21.5726380Z tests/test_options.py::test_dual_options_custom_type_sentinel_flag_value[args4-foo.conf-sentinel0] PASSED [ 62%]
2025-10-07T16:06:21.5739438Z tests/test_options.py::test_dual_options_custom_type_sentinel_flag_value[args4-foo.conf-EnumSentinel.FALSY_SENTINEL] PASSED [ 62%]
2025-10-07T16:06:21.5754455Z tests/test_options.py::test_dual_options_custom_type_sentinel_flag_value[args5-Usage: main \\[OPTIONS\\]\\nTry 'main --help' for help.\\n\\nError: Got unexpected extra argument (.+)\\n-sentinel0] PASSED [ 62%]
2025-10-07T16:06:21.5768212Z tests/test_options.py::test_dual_options_custom_type_sentinel_flag_value[args5-Usage: main \\[OPTIONS\\]\\nTry 'main --help' for help.\\n\\nError: Got unexpected extra argument (.+)\\n-EnumSentinel.FALSY_SENTINEL] PASSED [ 62%]
2025-10-07T16:06:21.5785184Z tests/test_options.py::test_dual_options_custom_type_sentinel_flag_value[args6-Usage: main \\[OPTIONS\\]\\nTry 'main --help' for help.\\n\\nError: Invalid value for '-c' / '--config': File 'random-file.conf' does not exist.\\n-sentinel0] PASSED [ 62%]
2025-10-07T16:06:21.5799470Z tests/test_options.py::test_dual_options_custom_type_sentinel_flag_value[args6-Usage: main \\[OPTIONS\\]\\nTry 'main --help' for help.\\n\\nError: Invalid value for '-c' / '--config': File 'random-file.conf' does not exist.\\n-EnumSentinel.FALSY_SENTINEL] PASSED [ 62%]
2025-10-07T16:06:21.5813880Z tests/test_options.py::test_dual_options_custom_type_sentinel_flag_value[args7-Usage: main \\[OPTIONS\\]\\nTry 'main --help' for help.\\n\\nError: Invalid value for '-c' / '--config': File '--no-config' does not exist.\\n-sentinel0] PASSED [ 62%]
2025-10-07T16:06:21.5828180Z tests/test_options.py::test_dual_options_custom_type_sentinel_flag_value[args7-Usage: main \\[OPTIONS\\]\\nTry 'main --help' for help.\\n\\nError: Invalid value for '-c' / '--config': File '--no-config' does not exist.\\n-EnumSentinel.FALSY_SENTINEL] PASSED [ 62%]
2025-10-07T16:06:21.5846320Z tests/test_options.py::test_dual_options_custom_type_sentinel_flag_value[args8-Usage: main \\[OPTIONS\\]\\nTry 'main --help' for help.\\n\\nError: Invalid value for '-c' / '--config': File '--no-config' does not exist.\\n-sentinel0] PASSED [ 62%]
2025-10-07T16:06:21.5864179Z tests/test_options.py::test_dual_options_custom_type_sentinel_flag_value[args8-Usage: main \\[OPTIONS\\]\\nTry 'main --help' for help.\\n\\nError: Invalid value for '-c' / '--config': File '--no-config' does not exist.\\n-EnumSentinel.FALSY_SENTINEL] PASSED [ 62%]
2025-10-07T16:06:21.5876877Z tests/test_options.py::test_dual_options_custom_type_sentinel_flag_value[args9-foo.conf-sentinel0] PASSED [ 63%]
2025-10-07T16:06:21.5890545Z tests/test_options.py::test_dual_options_custom_type_sentinel_flag_value[args9-foo.conf-EnumSentinel.FALSY_SENTINEL] PASSED [ 63%]
2025-10-07T16:06:21.5901050Z tests/test_options.py::test_custom_type_flag_value_standalone_option[opt_params0-args0-None] PASSED [ 63%]
2025-10-07T16:06:21.5911542Z tests/test_options.py::test_custom_type_flag_value_standalone_option[opt_params1-args1-None] PASSED [ 63%]
2025-10-07T16:06:21.5924358Z tests/test_options.py::test_custom_type_flag_value_standalone_option[opt_params2-args2-EngineType.OSS] PASSED [ 63%]
2025-10-07T16:06:21.5935009Z tests/test_options.py::test_custom_type_flag_value_standalone_option[opt_params3-args3-EngineType.OSS] PASSED [ 63%]
2025-10-07T16:06:21.5945599Z tests/test_options.py::test_custom_type_flag_value_standalone_option[opt_params4-args4-EngineType.OSS] PASSED [ 63%]
2025-10-07T16:06:21.5956325Z tests/test_options.py::test_custom_type_flag_value_standalone_option[opt_params5-args5-None] PASSED [ 63%]
2025-10-07T16:06:21.5966640Z tests/test_options.py::test_custom_type_flag_value_standalone_option[opt_params6-args6-None] PASSED [ 63%]
2025-10-07T16:06:21.5977130Z tests/test_options.py::test_custom_type_flag_value_standalone_option[opt_params7-args7-None] PASSED [ 63%]
2025-10-07T16:06:21.5987405Z tests/test_options.py::test_custom_type_flag_value_standalone_option[opt_params8-args8-None] PASSED [ 63%]
2025-10-07T16:06:21.6000032Z tests/test_options.py::test_custom_type_flag_value_standalone_option[opt_params9-args9-EngineType.OSS] PASSED [ 63%]
2025-10-07T16:06:21.6011251Z tests/test_options.py::test_custom_type_flag_value_standalone_option[opt_params10-args10-Error:\\ Option\\ '\\-\\-pro'\\ requires\\ an\\ argument\\.\\\n] PASSED [ 63%]
2025-10-07T16:06:21.6021494Z tests/test_options.py::test_custom_type_flag_value_standalone_option[opt_params11-args11-EngineType.OSS] PASSED [ 63%]
2025-10-07T16:06:21.6031818Z tests/test_options.py::test_custom_type_flag_value_standalone_option[opt_params12-args12-EngineType.OSS] PASSED [ 64%]
2025-10-07T16:06:21.6042172Z tests/test_options.py::test_custom_type_flag_value_standalone_option[opt_params13-args13-EngineType.OSS] PASSED [ 64%]
2025-10-07T16:06:21.6052563Z tests/test_options.py::test_custom_type_flag_value_standalone_option[opt_params14-args14-1] PASSED [ 64%]
2025-10-07T16:06:21.6064838Z tests/test_options.py::test_custom_type_flag_value_standalone_option[opt_params15-args15-42] PASSED [ 64%]
2025-10-07T16:06:21.6075274Z tests/test_options.py::test_custom_type_flag_value_standalone_option[opt_params16-args16-EngineType.OSS] PASSED [ 64%]
2025-10-07T16:06:21.6085444Z tests/test_options.py::test_custom_type_flag_value_standalone_option[opt_params17-args17-42] PASSED [ 64%]
2025-10-07T16:06:21.6095594Z tests/test_options.py::test_custom_type_flag_value_standalone_option[opt_params18-args18-1] PASSED [ 64%]
2025-10-07T16:06:21.6105771Z tests/test_options.py::test_custom_type_flag_value_standalone_option[opt_params19-args19-42] PASSED [ 64%]
2025-10-07T16:06:21.6116125Z tests/test_options.py::test_custom_type_flag_value_standalone_option[opt_params20-args20-1] PASSED [ 64%]
2025-10-07T16:06:21.6126303Z tests/test_options.py::test_custom_type_flag_value_standalone_option[opt_params21-args21-42] PASSED [ 64%]
2025-10-07T16:06:21.6138770Z tests/test_options.py::test_custom_type_flag_value_standalone_option[opt_params22-args22-EngineType.OSS] PASSED [ 64%]
2025-10-07T16:06:21.6148880Z tests/test_options.py::test_custom_type_flag_value_standalone_option[opt_params23-args23-42] PASSED [ 64%]
2025-10-07T16:06:21.6159326Z tests/test_options.py::test_custom_type_flag_value_standalone_option[opt_params24-args24-1] PASSED [ 64%]
2025-10-07T16:06:21.6170104Z tests/test_options.py::test_custom_type_flag_value_standalone_option[opt_params25-args25-42] PASSED [ 65%]
2025-10-07T16:06:21.6180455Z tests/test_options.py::test_custom_type_flag_value_standalone_option[opt_params26-args26-1] PASSED [ 65%]
2025-10-07T16:06:21.6190729Z tests/test_options.py::test_custom_type_flag_value_standalone_option[opt_params27-args27-42] PASSED [ 65%]
2025-10-07T16:06:21.6204372Z tests/test_options.py::test_custom_type_flag_value_standalone_option[opt_params28-args28-1] PASSED [ 65%]
2025-10-07T16:06:21.6214293Z tests/test_options.py::test_custom_type_flag_value_standalone_option[opt_params29-args29-42] PASSED [ 65%]
2025-10-07T16:06:21.6224416Z tests/test_options.py::test_custom_type_flag_value_dual_options[opt1_params0-opt2_params0-args0-None] PASSED [ 65%]
2025-10-07T16:06:21.6234670Z tests/test_options.py::test_custom_type_flag_value_dual_options[opt1_params1-opt2_params1-args1-EngineType.OSS] PASSED [ 65%]
2025-10-07T16:06:21.6244894Z tests/test_options.py::test_custom_type_flag_value_dual_options[opt1_params2-opt2_params2-args2-EngineType.PRO] PASSED [ 65%]
2025-10-07T16:06:21.6255529Z tests/test_options.py::test_custom_type_flag_value_dual_options[opt1_params3-opt2_params3-args3-'<test_options.Class1 object at 0x[0-9A-Fa-f]+>'] PASSED [ 65%]
2025-10-07T16:06:21.6267815Z tests/test_options.py::test_custom_type_flag_value_dual_options[opt1_params4-opt2_params4-args4-<class 'test_options.Class1'>] PASSED [ 65%]
2025-10-07T16:06:21.6278170Z tests/test_options.py::test_custom_type_flag_value_dual_options[opt1_params5-opt2_params5-args5-<class 'test_options.Class2'>] PASSED [ 65%]
2025-10-07T16:06:21.6288244Z tests/test_options.py::test_custom_type_flag_value_dual_options[opt1_params6-opt2_params6-args6-True] PASSED [ 65%]
2025-10-07T16:06:21.6298674Z tests/test_options.py::test_custom_type_flag_value_dual_options[opt1_params7-opt2_params7-args7-None] PASSED [ 65%]
2025-10-07T16:06:21.6309028Z tests/test_options.py::test_custom_type_flag_value_dual_options[opt1_params8-opt2_params8-args8-<test_options.Class1 object at 0x[0-9A-Fa-f]+>] PASSED [ 66%]
2025-10-07T16:06:21.6318574Z tests/test_options.py::test_custom_type_flag_value_dual_options[opt1_params9-opt2_params9-args9-Class1] PASSED [ 66%]
2025-10-07T16:06:21.6330813Z tests/test_options.py::test_custom_type_flag_value_dual_options[opt1_params10-opt2_params10-args10-Class2] PASSED [ 66%]
2025-10-07T16:06:21.6341689Z tests/test_options.py::test_custom_type_flag_value_dual_options[opt1_params11-opt2_params11-args11-'<test_options.Class1 object at 0x[0-9A-Fa-f]+>'] PASSED [ 66%]
2025-10-07T16:06:21.6352319Z tests/test_options.py::test_custom_type_flag_value_dual_options[opt1_params12-opt2_params12-args12-'<test_options.Class2 object at 0x[0-9A-Fa-f]+>'] PASSED [ 66%]
2025-10-07T16:06:21.6363249Z tests/test_options.py::test_custom_type_flag_value_dual_options[opt1_params13-opt2_params13-args13-<test_options.Class1 object at 0x[0-9A-Fa-f]+>] PASSED [ 66%]
2025-10-07T16:06:21.6373950Z tests/test_options.py::test_custom_type_flag_value_dual_options[opt1_params14-opt2_params14-args14-<test_options.Class2 object at 0x[0-9A-Fa-f]+>] PASSED [ 66%]
2025-10-07T16:06:21.6385130Z tests/test_options.py::test_custom_type_flag_value_dual_options[opt1_params15-opt2_params15-args15-1] PASSED [ 66%]
2025-10-07T16:06:21.6397869Z tests/test_options.py::test_custom_type_flag_value_dual_options[opt1_params16-opt2_params16-args16-1] PASSED [ 66%]
2025-10-07T16:06:21.6408810Z tests/test_options.py::test_custom_type_frozenset_flag_value PASSED      [ 66%]
2025-10-07T16:06:21.6416737Z tests/test_parser.py::test_split_arg_string[cli a b c-expect0] PASSED    [ 66%]
2025-10-07T16:06:21.6423372Z tests/test_parser.py::test_split_arg_string[cli 'my file-expect1] PASSED [ 66%]
2025-10-07T16:06:21.6430104Z tests/test_parser.py::test_split_arg_string[cli 'my file'-expect2] PASSED [ 66%]
2025-10-07T16:06:21.6436871Z tests/test_parser.py::test_split_arg_string[cli my\\-expect3] PASSED     [ 67%]
2025-10-07T16:06:21.6443847Z tests/test_parser.py::test_split_arg_string[cli my\\ file-expect4] PASSED [ 67%]
2025-10-07T16:06:21.6449865Z tests/test_parser.py::test_parser_default_prefixes PASSED                [ 67%]
2025-10-07T16:06:21.6456821Z tests/test_parser.py::test_parser_collects_prefixes PASSED               [ 67%]
2025-10-07T16:06:21.6468515Z tests/test_shell_completion.py::test_command PASSED                      [ 67%]
2025-10-07T16:06:21.6477697Z tests/test_shell_completion.py::test_group PASSED                        [ 67%]
2025-10-07T16:06:21.6487216Z tests/test_shell_completion.py::test_nested_group[args0--expect0] PASSED [ 67%]
2025-10-07T16:06:21.6497534Z tests/test_shell_completion.py::test_nested_group[args1--expect1] PASSED [ 67%]
2025-10-07T16:06:21.6508864Z tests/test_shell_completion.py::test_nested_group[args2--expect2] PASSED [ 67%]
2025-10-07T16:06:21.6519962Z tests/test_shell_completion.py::test_nested_group[args3---expect3] PASSED [ 67%]
2025-10-07T16:06:21.6531871Z tests/test_shell_completion.py::test_nested_group[args4--expect4] PASSED [ 67%]
2025-10-07T16:06:21.6543631Z tests/test_shell_completion.py::test_nested_group[args5---expect5] PASSED [ 67%]
2025-10-07T16:06:21.6557481Z tests/test_shell_completion.py::test_group_command_same_option PASSED    [ 67%]
2025-10-07T16:06:21.6572620Z tests/test_shell_completion.py::test_chained PASSED                      [ 68%]
2025-10-07T16:06:21.6582252Z tests/test_shell_completion.py::test_help_option PASSED                  [ 68%]
2025-10-07T16:06:21.6593180Z tests/test_shell_completion.py::test_argument_order PASSED               [ 68%]
2025-10-07T16:06:21.6602079Z tests/test_shell_completion.py::test_argument_default PASSED             [ 68%]
2025-10-07T16:06:21.6613887Z tests/test_shell_completion.py::test_type_choice PASSED                  [ 68%]
2025-10-07T16:06:21.6625368Z tests/test_shell_completion.py::test_choice_special_characters PASSED    [ 68%]
2025-10-07T16:06:21.6635937Z tests/test_shell_completion.py::test_choice_conflicting_prefix PASSED    [ 68%]
2025-10-07T16:06:21.6645830Z tests/test_shell_completion.py::test_option_count PASSED                 [ 68%]
2025-10-07T16:06:21.6654458Z tests/test_shell_completion.py::test_option_optional PASSED              [ 68%]
2025-10-07T16:06:21.6663875Z tests/test_shell_completion.py::test_path_types[type0-file] PASSED       [ 68%]
2025-10-07T16:06:21.6673420Z tests/test_shell_completion.py::test_path_types[type1-file] PASSED       [ 68%]
2025-10-07T16:06:21.6683349Z tests/test_shell_completion.py::test_path_types[type2-dir] PASSED        [ 68%]
2025-10-07T16:06:21.6692519Z tests/test_shell_completion.py::test_absolute_path PASSED                [ 68%]
2025-10-07T16:06:21.6701185Z tests/test_shell_completion.py::test_option_flag PASSED                  [ 69%]
2025-10-07T16:06:21.6710614Z tests/test_shell_completion.py::test_flag_option_with_nargs_option PASSED [ 69%]
2025-10-07T16:06:21.6720223Z tests/test_shell_completion.py::test_option_custom PASSED                [ 69%]
2025-10-07T16:06:21.6734156Z tests/test_shell_completion.py::test_option_multiple PASSED              [ 69%]
2025-10-07T16:06:21.6745532Z tests/test_shell_completion.py::test_option_nargs PASSED                 [ 69%]
2025-10-07T16:06:21.6763155Z tests/test_shell_completion.py::test_argument_nargs PASSED               [ 69%]
2025-10-07T16:06:21.6773244Z tests/test_shell_completion.py::test_double_dash PASSED                  [ 69%]
2025-10-07T16:06:21.6784679Z tests/test_shell_completion.py::test_hidden PASSED                       [ 69%]
2025-10-07T16:06:21.6792345Z tests/test_shell_completion.py::test_add_different_name PASSED           [ 69%]
2025-10-07T16:06:21.6798524Z tests/test_shell_completion.py::test_completion_item_data PASSED         [ 69%]
2025-10-07T16:06:21.6808834Z tests/test_shell_completion.py::test_full_source[bash] PASSED            [ 69%]
2025-10-07T16:06:21.6818192Z tests/test_shell_completion.py::test_full_source[zsh] PASSED             [ 69%]
2025-10-07T16:06:21.6827190Z tests/test_shell_completion.py::test_full_source[fish] PASSED            [ 69%]
2025-10-07T16:06:21.6838484Z tests/test_shell_completion.py::test_full_complete[bash-env0-plain,a\nplain,b\n] PASSED [ 70%]
2025-10-07T16:06:21.6849863Z tests/test_shell_completion.py::test_full_complete[bash-env1-plain,b\n] PASSED [ 70%]
2025-10-07T16:06:21.6863074Z tests/test_shell_completion.py::test_full_complete[zsh-env2-plain\na\n_\nplain\nb\nbee\n] PASSED [ 70%]
2025-10-07T16:06:21.6874075Z tests/test_shell_completion.py::test_full_complete[zsh-env3-plain\nb\nbee\n] PASSED [ 70%]
2025-10-07T16:06:21.6885095Z tests/test_shell_completion.py::test_full_complete[fish-env4-plain,a\nplain,b\tbee\n] PASSED [ 70%]
2025-10-07T16:06:21.6896136Z tests/test_shell_completion.py::test_full_complete[fish-env5-plain,b\tbee\n] PASSED [ 70%]
2025-10-07T16:06:21.6907321Z tests/test_shell_completion.py::test_full_complete[fish-env6-plain,b\tbee\n] PASSED [ 70%]
2025-10-07T16:06:21.6918679Z tests/test_shell_completion.py::test_zsh_full_complete_with_colons[env0-plain\na\n_\nplain\nb\nbee\nplain\nc\\:d\ncee:dee\nplain\nc:e\n_\n] PASSED [ 70%]
2025-10-07T16:06:21.6929344Z tests/test_shell_completion.py::test_zsh_full_complete_with_colons[env1-plain\nc\\:d\ncee:dee\nplain\nc:e\n_\n] PASSED [ 70%]
2025-10-07T16:06:21.6942038Z tests/test_shell_completion.py::test_zsh_full_complete_with_colons[env2-plain\nc\\:d\ncee:dee\nplain\nc:e\n_\n] PASSED [ 70%]
2025-10-07T16:06:21.6952382Z tests/test_shell_completion.py::test_context_settings PASSED             [ 70%]
2025-10-07T16:06:21.6962316Z tests/test_shell_completion.py::test_choice_case_sensitive[False-expect0] PASSED [ 70%]
2025-10-07T16:06:21.6972101Z tests/test_shell_completion.py::test_choice_case_sensitive[True-expect1] PASSED [ 70%]
2025-10-07T16:06:21.6985894Z tests/test_shell_completion.py::test_add_completion_class PASSED         [ 71%]
2025-10-07T16:06:21.6996114Z tests/test_shell_completion.py::test_add_completion_class_with_name PASSED [ 71%]
2025-10-07T16:06:21.7006454Z tests/test_shell_completion.py::test_add_completion_class_decorator PASSED [ 71%]
2025-10-07T16:06:21.7018960Z tests/test_shell_completion.py::test_files_closed PASSED                 [ 71%]
2025-10-07T16:06:21.7031306Z tests/test_termui.py::test_progressbar_strip_regression PASSED           [ 71%]
2025-10-07T16:06:21.7042389Z tests/test_termui.py::test_progressbar_length_hint PASSED                [ 71%]
2025-10-07T16:06:21.7052096Z tests/test_termui.py::test_progressbar_no_tty PASSED                     [ 71%]
2025-10-07T16:06:21.7061743Z tests/test_termui.py::test_progressbar_hidden_manual PASSED              [ 71%]
2025-10-07T16:06:21.7069358Z tests/test_termui.py::test_progressbar_time_per_iteration[avg0-0.0] PASSED [ 71%]
2025-10-07T16:06:21.7077321Z tests/test_termui.py::test_progressbar_time_per_iteration[avg1-2.5] PASSED [ 71%]
2025-10-07T16:06:21.7085336Z tests/test_termui.py::test_progressbar_eta[False-5] PASSED               [ 71%]
2025-10-07T16:06:21.7093276Z tests/test_termui.py::test_progressbar_eta[True-0] PASSED                [ 71%]
2025-10-07T16:06:21.7101581Z tests/test_termui.py::test_progressbar_format_eta[0-00:00:00] PASSED     [ 71%]
2025-10-07T16:06:21.7109131Z tests/test_termui.py::test_progressbar_format_eta[30-00:00:30] PASSED    [ 72%]
2025-10-07T16:06:21.7116718Z tests/test_termui.py::test_progressbar_format_eta[90-00:01:30] PASSED    [ 72%]
2025-10-07T16:06:21.7126465Z tests/test_termui.py::test_progressbar_format_eta[900-00:15:00] PASSED   [ 72%]
2025-10-07T16:06:21.7134199Z tests/test_termui.py::test_progressbar_format_eta[9000-02:30:00] PASSED  [ 72%]
2025-10-07T16:06:21.7141865Z tests/test_termui.py::test_progressbar_format_eta[99999999999-1157407d 09:46:39] PASSED [ 72%]
2025-10-07T16:06:21.7149420Z tests/test_termui.py::test_progressbar_format_eta[None-] PASSED          [ 72%]
2025-10-07T16:06:21.7157179Z tests/test_termui.py::test_progressbar_format_pos[0-5] PASSED            [ 72%]
2025-10-07T16:06:21.7165037Z tests/test_termui.py::test_progressbar_format_pos[-1-1] PASSED           [ 72%]
2025-10-07T16:06:21.7172457Z tests/test_termui.py::test_progressbar_format_pos[5-5] PASSED            [ 72%]
2025-10-07T16:06:21.7180147Z tests/test_termui.py::test_progressbar_format_pos[6-5] PASSED            [ 72%]
2025-10-07T16:06:21.7187039Z tests/test_termui.py::test_progressbar_format_pos[4-0] PASSED            [ 72%]
2025-10-07T16:06:21.7195437Z tests/test_termui.py::test_progressbar_format_bar[8-False-7-0-#######-] PASSED [ 72%]
2025-10-07T16:06:21.7203243Z tests/test_termui.py::test_progressbar_format_bar[0-True-8-0-########] PASSED [ 72%]
2025-10-07T16:06:21.7211487Z tests/test_termui.py::test_progressbar_format_progress_line[0-True-True-0-  [--------]  0/0    0%] PASSED [ 72%]
2025-10-07T16:06:21.7219483Z tests/test_termui.py::test_progressbar_format_progress_line[0-False-True-0-  [--------]  0/0] PASSED [ 73%]
2025-10-07T16:06:21.7227530Z tests/test_termui.py::test_progressbar_format_progress_line[0-False-False-0-  [--------]0] PASSED [ 73%]
2025-10-07T16:06:21.7236087Z tests/test_termui.py::test_progressbar_format_progress_line[0-False-False-0-  [--------]1] PASSED [ 73%]
2025-10-07T16:06:21.7244586Z tests/test_termui.py::test_progressbar_format_progress_line[8-True-True-8-  [########]  8/8  100%] PASSED [ 73%]
2025-10-07T16:06:21.7252030Z tests/test_termui.py::test_progressbar_format_progress_line_with_show_func[test] PASSED [ 73%]
2025-10-07T16:06:21.7259885Z tests/test_termui.py::test_progressbar_format_progress_line_with_show_func[None] PASSED [ 73%]
2025-10-07T16:06:21.7267224Z tests/test_termui.py::test_progressbar_init_exceptions PASSED            [ 73%]
2025-10-07T16:06:21.7274468Z tests/test_termui.py::test_progressbar_iter_outside_with_exceptions PASSED [ 73%]
2025-10-07T16:06:21.7285474Z tests/test_termui.py::test_progressbar_is_iterator PASSED                [ 73%]
2025-10-07T16:06:21.7297835Z tests/test_termui.py::test_choices_list_in_prompt PASSED                 [ 73%]
2025-10-07T16:06:21.7310443Z tests/test_termui.py::test_file_prompt_default_format[file_kwargs0] PASSED [ 73%]
2025-10-07T16:06:21.7320640Z tests/test_termui.py::test_file_prompt_default_format[file_kwargs1] PASSED [ 73%]
2025-10-07T16:06:21.7331035Z tests/test_termui.py::test_file_prompt_default_format[file_kwargs2] PASSED [ 73%]
2025-10-07T16:06:21.7338046Z tests/test_termui.py::test_secho PASSED                                  [ 74%]
2025-10-07T16:06:21.7345994Z tests/test_termui.py::test_secho_non_text[123-\x1b[45m123\x1b[0m] PASSED [ 74%]
2025-10-07T16:06:21.7353713Z tests/test_termui.py::test_secho_non_text[test-test] PASSED              [ 74%]
2025-10-07T16:06:21.7360699Z tests/test_termui.py::test_progressbar_yields_all_items PASSED           [ 74%]
2025-10-07T16:06:21.7371488Z tests/test_termui.py::test_progressbar_update PASSED                     [ 74%]
2025-10-07T16:06:21.7381753Z tests/test_termui.py::test_progressbar_item_show_func PASSED             [ 74%]
2025-10-07T16:06:21.7391663Z tests/test_termui.py::test_progressbar_update_with_item_show_func PASSED [ 74%]
2025-10-07T16:06:21.7398347Z tests/test_termui.py::test_progress_bar_update_min_steps PASSED          [ 74%]
2025-10-07T16:06:21.7407525Z tests/test_termui.py::test_getchar_windows[True-h] SKIPPED (Tests us...) [ 74%]
2025-10-07T16:06:21.7414076Z tests/test_termui.py::test_getchar_windows[True-H] SKIPPED (Tests us...) [ 74%]
2025-10-07T16:06:21.7420426Z tests/test_termui.py::test_getchar_windows[True-\xe9] SKIPPED (Tests...) [ 74%]
2025-10-07T16:06:21.7426333Z tests/test_termui.py::test_getchar_windows[True-\xc0] SKIPPED (Tests...) [ 74%]
2025-10-07T16:06:21.7432533Z tests/test_termui.py::test_getchar_windows[True- ] SKIPPED (Tests us...) [ 74%]
2025-10-07T16:06:21.7438700Z tests/test_termui.py::test_getchar_windows[True-\u5b57] SKIPPED (Tes...) [ 75%]
2025-10-07T16:06:21.7444529Z tests/test_termui.py::test_getchar_windows[True-\xe0H] SKIPPED (Test...) [ 75%]
2025-10-07T16:06:21.7450551Z tests/test_termui.py::test_getchar_windows[True-\xe0R] SKIPPED (Test...) [ 75%]
2025-10-07T16:06:21.7456003Z tests/test_termui.py::test_getchar_windows[False-h] SKIPPED (Tests u...) [ 75%]
2025-10-07T16:06:21.7462349Z tests/test_termui.py::test_getchar_windows[False-H] SKIPPED (Tests u...) [ 75%]
2025-10-07T16:06:21.7470009Z tests/test_termui.py::test_getchar_windows[False-\xe9] SKIPPED (Test...) [ 75%]
2025-10-07T16:06:21.7475922Z tests/test_termui.py::test_getchar_windows[False-\xc0] SKIPPED (Test...) [ 75%]
2025-10-07T16:06:21.7481845Z tests/test_termui.py::test_getchar_windows[False- ] SKIPPED (Tests u...) [ 75%]
2025-10-07T16:06:21.7487612Z tests/test_termui.py::test_getchar_windows[False-\u5b57] SKIPPED (Te...) [ 75%]
2025-10-07T16:06:21.7493656Z tests/test_termui.py::test_getchar_windows[False-\xe0H] SKIPPED (Tes...) [ 75%]
2025-10-07T16:06:21.7499392Z tests/test_termui.py::test_getchar_windows[False-\xe0R] SKIPPED (Tes...) [ 75%]
2025-10-07T16:06:21.7504993Z tests/test_termui.py::test_getchar_special_key_windows[\x00-a] SKIPPED   [ 75%]
2025-10-07T16:06:21.7510470Z tests/test_termui.py::test_getchar_special_key_windows[\x00-b] SKIPPED   [ 75%]
2025-10-07T16:06:21.7515940Z tests/test_termui.py::test_getchar_special_key_windows[\xe0-c] SKIPPED   [ 76%]
2025-10-07T16:06:21.7521614Z tests/test_termui.py::test_getchar_windows_exceptions[\x03-KeyboardInterrupt] SKIPPED [ 76%]
2025-10-07T16:06:21.7528519Z tests/test_termui.py::test_getchar_windows_exceptions[\x1a-EOFError] SKIPPED [ 76%]
2025-10-07T16:06:21.7727964Z tests/test_termui.py::test_fast_edit PASSED                              [ 76%]
2025-10-07T16:06:21.7758483Z tests/test_termui.py::test_edit PASSED                                   [ 76%]
2025-10-07T16:06:21.7770447Z tests/test_termui.py::test_prompt_required_with_required[True-False-None-prompt] PASSED [ 76%]
2025-10-07T16:06:21.7782030Z tests/test_termui.py::test_prompt_required_with_required[True-False-args1-Option '-v' requires an argument.] PASSED [ 76%]
2025-10-07T16:06:21.7792625Z tests/test_termui.py::test_prompt_required_with_required[False-True-None-prompt] PASSED [ 76%]
2025-10-07T16:06:21.7810701Z tests/test_termui.py::test_prompt_required_with_required[False-True-args3-prompt] PASSED [ 76%]
2025-10-07T16:06:21.7820954Z tests/test_termui.py::test_prompt_required_false[no flag] PASSED         [ 76%]
2025-10-07T16:06:21.7831366Z tests/test_termui.py::test_prompt_required_false[short sep value] PASSED [ 76%]
2025-10-07T16:06:21.7840992Z tests/test_termui.py::test_prompt_required_false[long sep value] PASSED  [ 76%]
2025-10-07T16:06:21.7851695Z tests/test_termui.py::test_prompt_required_false[short join value] PASSED [ 76%]
2025-10-07T16:06:21.7861755Z tests/test_termui.py::test_prompt_required_false[long join value] PASSED [ 77%]
2025-10-07T16:06:21.7872839Z tests/test_termui.py::test_prompt_required_false[short no value] PASSED  [ 77%]
2025-10-07T16:06:21.7883434Z tests/test_termui.py::test_prompt_required_false[long no value] PASSED   [ 77%]
2025-10-07T16:06:21.7895086Z tests/test_termui.py::test_prompt_required_false[no value opt] PASSED    [ 77%]
2025-10-07T16:06:21.7906650Z tests/test_termui.py::test_confirmation_prompt[True-password\npassword-None-password] PASSED [ 77%]
2025-10-07T16:06:21.7917435Z tests/test_termui.py::test_confirmation_prompt[Confirm Password-password\npassword\n-None-password] PASSED [ 77%]
2025-10-07T16:06:21.7928368Z tests/test_termui.py::test_confirmation_prompt[True-\n\n--] PASSED       [ 77%]
2025-10-07T16:06:21.7938853Z tests/test_termui.py::test_confirmation_prompt[False-None-None-None] PASSED [ 77%]
2025-10-07T16:06:21.7948767Z tests/test_termui.py::test_false_show_default_cause_no_default_display_in_prompt PASSED [ 77%]
2025-10-07T16:06:21.7960313Z tests/test_termui.py::test_flag_value_prompt[--flag/--no-flag-opt_params0-args0-[y/N]-y-True] PASSED [ 77%]
2025-10-07T16:06:21.7972077Z tests/test_termui.py::test_flag_value_prompt[--flag/--no-flag-opt_params1-args1-[y/N]-n-False] PASSED [ 77%]
2025-10-07T16:06:21.7983016Z tests/test_termui.py::test_flag_value_prompt[--flag/--no-flag-opt_params2-args2-[y/N]--False] PASSED [ 77%]
2025-10-07T16:06:21.7994601Z tests/test_termui.py::test_flag_value_prompt[--flag/--no-flag-opt_params3-args3-[Y/n]--True] PASSED [ 77%]
2025-10-07T16:06:21.8005603Z tests/test_termui.py::test_flag_value_prompt[--flag/--no-flag-opt_params4-args4-[Y/n]-y-True] PASSED [ 78%]
2025-10-07T16:06:21.8016993Z tests/test_termui.py::test_flag_value_prompt[--flag/--no-flag-opt_params5-args5-[Y/n]-n-False] PASSED [ 78%]
2025-10-07T16:06:21.8028092Z tests/test_termui.py::test_flag_value_prompt[--flag/--no-flag-opt_params6-args6-[y/N]--False] PASSED [ 78%]
2025-10-07T16:06:21.8039021Z tests/test_termui.py::test_flag_value_prompt[--flag/--no-flag-opt_params7-args7-[y/N]-y-True] PASSED [ 78%]
2025-10-07T16:06:21.8049823Z tests/test_termui.py::test_flag_value_prompt[--flag/--no-flag-opt_params8-args8-[y/N]-n-False] PASSED [ 78%]
2025-10-07T16:06:21.8060724Z tests/test_termui.py::test_flag_value_prompt[--flag/--no-flag-opt_params9-args9-[y/n]-y-True] PASSED [ 78%]
2025-10-07T16:06:21.8071651Z tests/test_termui.py::test_flag_value_prompt[--flag/--no-flag-opt_params10-args10-[y/n]-n-False] PASSED [ 78%]
2025-10-07T16:06:21.8082613Z tests/test_termui.py::test_flag_value_prompt[--flag/--no-flag-opt_params11-args11-[Y/n]--True] PASSED [ 78%]
2025-10-07T16:06:21.8093356Z tests/test_termui.py::test_flag_value_prompt[--flag/--no-flag-opt_params12-args12-[Y/n]-y-True] PASSED [ 78%]
2025-10-07T16:06:21.8103731Z tests/test_termui.py::test_flag_value_prompt[--flag/--no-flag-opt_params13-args13-[Y/n]-n-False] PASSED [ 78%]
2025-10-07T16:06:21.8114306Z tests/test_termui.py::test_flag_value_prompt[--flag/--no-flag-opt_params14-args14-None-None-MissingParameter] PASSED [ 78%]
2025-10-07T16:06:21.8126675Z tests/test_termui.py::test_flag_value_prompt[--flag/--no-flag-opt_params15-args15-None-None-True] PASSED [ 78%]
2025-10-07T16:06:21.8137688Z tests/test_termui.py::test_flag_value_prompt[--flag/--no-flag-opt_params16-args16-None-None-False] PASSED [ 78%]
2025-10-07T16:06:21.8148547Z tests/test_termui.py::test_flag_value_prompt[--flag/--no-flag-opt_params17-args17-None-None-None] PASSED [ 79%]
2025-10-07T16:06:21.8159161Z tests/test_termui.py::test_flag_value_prompt[--flag/--no-flag-opt_params18-args18-None-None-True] PASSED [ 79%]
2025-10-07T16:06:21.8169840Z tests/test_termui.py::test_flag_value_prompt[--flag/--no-flag-opt_params19-args19-None-None-False] PASSED [ 79%]
2025-10-07T16:06:21.8180949Z tests/test_termui.py::test_flag_value_prompt[--flag/--no-flag-opt_params20-args20-None-None-BadParameter] PASSED [ 79%]
2025-10-07T16:06:21.8191460Z tests/test_termui.py::test_flag_value_prompt[--flag/--no-flag-opt_params21-args21-None-None-True] PASSED [ 79%]
2025-10-07T16:06:21.8202077Z tests/test_termui.py::test_flag_value_prompt[--flag/--no-flag-opt_params22-args22-None-None-False] PASSED [ 79%]
2025-10-07T16:06:21.8212522Z tests/test_termui.py::test_flag_value_prompt[--flag/--no-flag-opt_params23-args23-None-None-True] PASSED [ 79%]
2025-10-07T16:06:21.8222884Z tests/test_termui.py::test_flag_value_prompt[--flag/--no-flag-opt_params24-args24-None-None-False] PASSED [ 79%]
2025-10-07T16:06:21.8233371Z tests/test_termui.py::test_flag_value_prompt[--flag/--no-flag-opt_params25-args25-None-None-True] PASSED [ 79%]
2025-10-07T16:06:21.8243816Z tests/test_termui.py::test_flag_value_prompt[--flag/--no-flag-opt_params26-args26-None-None-False] PASSED [ 79%]
2025-10-07T16:06:21.8254037Z tests/test_termui.py::test_flag_value_prompt[--flag/--no-flag-opt_params27-args27-None-None-True] PASSED [ 79%]
2025-10-07T16:06:21.8264463Z tests/test_termui.py::test_flag_value_prompt[--flag/--no-flag-opt_params28-args28-None-None-False] PASSED [ 79%]
2025-10-07T16:06:21.8274976Z tests/test_termui.py::test_flag_value_prompt[--flag/--no-flag-opt_params29-args29-None-None-True] PASSED [ 79%]
2025-10-07T16:06:21.8285477Z tests/test_termui.py::test_flag_value_prompt[--flag/--no-flag-opt_params30-args30-None-None-False] PASSED [ 80%]
2025-10-07T16:06:21.8295541Z tests/test_termui.py::test_flag_value_prompt[--flag/--no-flag-opt_params31-args31-None-None-True] PASSED [ 80%]
2025-10-07T16:06:21.8306047Z tests/test_termui.py::test_flag_value_prompt[--flag/--no-flag-opt_params32-args32-None-None-False] PASSED [ 80%]
2025-10-07T16:06:21.8316428Z tests/test_termui.py::test_flag_value_prompt[--flag/--no-flag-opt_params33-args33-None-None-True] PASSED [ 80%]
2025-10-07T16:06:21.8327080Z tests/test_termui.py::test_flag_value_prompt[--flag/--no-flag-opt_params34-args34-None-None-False] PASSED [ 80%]
2025-10-07T16:06:21.8337709Z tests/test_termui.py::test_flag_value_prompt[--flag/--no-flag-opt_params35-args35-None-None-True] PASSED [ 80%]
2025-10-07T16:06:21.8349683Z tests/test_termui.py::test_flag_value_prompt[--flag/--no-flag-opt_params36-args36-None-None-False] PASSED [ 80%]
2025-10-07T16:06:21.8360411Z tests/test_termui.py::test_flag_value_prompt[--flag/--no-flag-opt_params37-args37-None-None-True] PASSED [ 80%]
2025-10-07T16:06:21.8370484Z tests/test_termui.py::test_flag_value_prompt[--flag/--no-flag-opt_params38-args38-None-None-False] PASSED [ 80%]
2025-10-07T16:06:21.8380769Z tests/test_termui.py::test_flag_value_prompt[--flag/--no-flag-opt_params39-args39-None-None-True] PASSED [ 80%]
2025-10-07T16:06:21.8391364Z tests/test_termui.py::test_flag_value_prompt[--flag/--no-flag-opt_params40-args40-None-None-False] PASSED [ 80%]
2025-10-07T16:06:21.8402033Z tests/test_termui.py::test_flag_value_prompt[--flag-opt_params41-args41---expected41] PASSED [ 80%]
2025-10-07T16:06:21.8412816Z tests/test_termui.py::test_flag_value_prompt[--flag-opt_params42-args42--y-y] PASSED [ 80%]
2025-10-07T16:06:21.8423549Z tests/test_termui.py::test_flag_value_prompt[--flag-opt_params43-args43--n-n] PASSED [ 81%]
2025-10-07T16:06:21.8434000Z tests/test_termui.py::test_flag_value_prompt[--flag-opt_params44-args44--foo-foo] PASSED [ 81%]
2025-10-07T16:06:21.8444611Z tests/test_termui.py::test_flag_value_prompt[--flag-opt_params45-args45-[y/N]--False] PASSED [ 81%]
2025-10-07T16:06:21.8455412Z tests/test_termui.py::test_flag_value_prompt[--flag-opt_params46-args46-[y/N]-y-True] PASSED [ 81%]
2025-10-07T16:06:21.8466658Z tests/test_termui.py::test_flag_value_prompt[--flag-opt_params47-args47-[y/N]-n-False] PASSED [ 81%]
2025-10-07T16:06:21.8477531Z tests/test_termui.py::test_flag_value_prompt[--flag-opt_params48-args48-[y/N]--False] PASSED [ 81%]
2025-10-07T16:06:21.8488178Z tests/test_termui.py::test_flag_value_prompt[--flag-opt_params49-args49-[y/N]-y-True] PASSED [ 81%]
2025-10-07T16:06:21.8498650Z tests/test_termui.py::test_flag_value_prompt[--flag-opt_params50-args50-[y/N]-n-False] PASSED [ 81%]
2025-10-07T16:06:21.8509336Z tests/test_termui.py::test_flag_value_prompt[--flag-opt_params51-args51---expected51] PASSED [ 81%]
2025-10-07T16:06:21.8522298Z tests/test_termui.py::test_flag_value_prompt[--flag-opt_params52-args52--y-y] PASSED [ 81%]
2025-10-07T16:06:21.8533591Z tests/test_termui.py::test_flag_value_prompt[--flag-opt_params53-args53--n-n] PASSED [ 81%]
2025-10-07T16:06:21.8544252Z tests/test_termui.py::test_flag_value_prompt[--flag-opt_params54-args54---expected54] PASSED [ 81%]
2025-10-07T16:06:21.8555101Z tests/test_termui.py::test_flag_value_prompt[--flag-opt_params55-args55--y-y] PASSED [ 81%]
2025-10-07T16:06:21.8566160Z tests/test_termui.py::test_flag_value_prompt[--flag-opt_params56-args56--n-n] PASSED [ 81%]
2025-10-07T16:06:21.8577235Z tests/test_termui.py::test_flag_value_prompt[--flag-opt_params57-args57-[Y/n]--True] PASSED [ 82%]
2025-10-07T16:06:21.8588327Z tests/test_termui.py::test_flag_value_prompt[--flag-opt_params58-args58-[Y/n]-y-True] PASSED [ 82%]
2025-10-07T16:06:21.8599027Z tests/test_termui.py::test_flag_value_prompt[--flag-opt_params59-args59-[Y/n]-n-False] PASSED [ 82%]
2025-10-07T16:06:21.8609832Z tests/test_termui.py::test_flag_value_prompt[--flag-opt_params60-args60-[y/N]--False] PASSED [ 82%]
2025-10-07T16:06:21.8621243Z tests/test_termui.py::test_flag_value_prompt[--flag-opt_params61-args61-[y/N]-y-True] PASSED [ 82%]
2025-10-07T16:06:21.8631482Z tests/test_termui.py::test_flag_value_prompt[--flag-opt_params62-args62-[y/N]-n-False] PASSED [ 82%]
2025-10-07T16:06:21.8642128Z tests/test_termui.py::test_flag_value_prompt[--flag-opt_params63-args63-[y/N]--False] PASSED [ 82%]
2025-10-07T16:06:21.8652759Z tests/test_termui.py::test_flag_value_prompt[--flag-opt_params64-args64-[y/N]-y-True] PASSED [ 82%]
2025-10-07T16:06:21.8663527Z tests/test_termui.py::test_flag_value_prompt[--flag-opt_params65-args65-[y/N]-n-False] PASSED [ 82%]
2025-10-07T16:06:21.8674056Z tests/test_termui.py::test_flag_value_prompt[--flag-opt_params66-args66-[y/N]--False] PASSED [ 82%]
2025-10-07T16:06:21.8684576Z tests/test_termui.py::test_flag_value_prompt[--flag-opt_params67-args67-[y/N]-y-True] PASSED [ 82%]
2025-10-07T16:06:21.8695300Z tests/test_termui.py::test_flag_value_prompt[--flag-opt_params68-args68-[y/N]-n-False] PASSED [ 82%]
2025-10-07T16:06:21.8706665Z tests/test_termui.py::test_flag_value_prompt[--flag-opt_params69-args69-[y/n]--expected69] PASSED [ 82%]
2025-10-07T16:06:21.8719057Z tests/test_termui.py::test_flag_value_prompt[--flag-opt_params70-args70-[y/n]-y-True] PASSED [ 83%]
2025-10-07T16:06:21.8729916Z tests/test_termui.py::test_flag_value_prompt[--flag-opt_params71-args71-[y/n]-n-False] PASSED [ 83%]
2025-10-07T16:06:21.8740951Z tests/test_termui.py::test_flag_value_prompt[--flag-opt_params72-args72-[y/n]--expected72] PASSED [ 83%]
2025-10-07T16:06:21.8751580Z tests/test_termui.py::test_flag_value_prompt[--flag-opt_params73-args73-[y/n]-y-True] PASSED [ 83%]
2025-10-07T16:06:21.8762070Z tests/test_termui.py::test_flag_value_prompt[--flag-opt_params74-args74-[y/n]-n-False] PASSED [ 83%]
2025-10-07T16:06:21.8772620Z tests/test_termui.py::test_flag_value_prompt[--flag-opt_params75-args75---expected75] PASSED [ 83%]
2025-10-07T16:06:21.8783326Z tests/test_termui.py::test_flag_value_prompt[--flag-opt_params76-args76--y-y] PASSED [ 83%]
2025-10-07T16:06:21.8793812Z tests/test_termui.py::test_flag_value_prompt[--flag-opt_params77-args77--n-n] PASSED [ 83%]
2025-10-07T16:06:21.8804880Z tests/test_termui.py::test_flag_value_prompt[--flag-opt_params78-args78-[False]--False] PASSED [ 83%]
2025-10-07T16:06:21.8815554Z tests/test_termui.py::test_flag_value_prompt[--flag-opt_params79-args79-[False]-y-y] PASSED [ 83%]
2025-10-07T16:06:21.8826416Z tests/test_termui.py::test_flag_value_prompt[--flag-opt_params80-args80-[False]-n-n] PASSED [ 83%]
2025-10-07T16:06:21.8839032Z tests/test_termui.py::test_flag_value_prompt[--flag-opt_params81-args81---expected81] PASSED [ 83%]
2025-10-07T16:06:21.8850421Z tests/test_termui.py::test_flag_value_prompt[--flag-opt_params82-args82--y-y] PASSED [ 83%]
2025-10-07T16:06:21.8861942Z tests/test_termui.py::test_flag_value_prompt[--flag-opt_params83-args83--n-n] PASSED [ 84%]
2025-10-07T16:06:21.8870752Z tests/test_testing.py::test_runner PASSED                                [ 84%]
2025-10-07T16:06:21.8880540Z tests/test_testing.py::test_echo_stdin_stream PASSED                     [ 84%]
2025-10-07T16:06:21.8896822Z tests/test_testing.py::test_echo_stdin_prompts PASSED                    [ 84%]
2025-10-07T16:06:21.8906761Z tests/test_testing.py::test_runner_with_stream PASSED                    [ 84%]
2025-10-07T16:06:21.8920202Z tests/test_testing.py::test_prompts PASSED                               [ 84%]
2025-10-07T16:06:21.8933140Z tests/test_testing.py::test_getchar PASSED                               [ 84%]
2025-10-07T16:06:21.8944013Z tests/test_testing.py::test_catch_exceptions PASSED                      [ 84%]
2025-10-07T16:06:21.8953772Z tests/test_testing.py::test_catch_exceptions_cli_runner PASSED           [ 84%]
2025-10-07T16:06:21.8963583Z tests/test_testing.py::test_with_color PASSED                            [ 84%]
2025-10-07T16:06:21.8976765Z tests/test_testing.py::test_with_color_errors PASSED                     [ 84%]
2025-10-07T16:06:21.8985536Z tests/test_testing.py::test_with_color_but_pause_not_blocking PASSED     [ 84%]
2025-10-07T16:06:21.9003960Z tests/test_testing.py::test_exit_code_and_output_from_sys_exit PASSED    [ 84%]
2025-10-07T16:06:21.9013469Z tests/test_testing.py::test_env PASSED                                   [ 85%]
2025-10-07T16:06:21.9026028Z tests/test_testing.py::test_stderr PASSED                                [ 85%]
2025-10-07T16:06:21.9035960Z tests/test_testing.py::test_args[None-bar\n] PASSED                      [ 85%]
2025-10-07T16:06:21.9045654Z tests/test_testing.py::test_args[args1-bar\n] PASSED                     [ 85%]
2025-10-07T16:06:21.9055406Z tests/test_testing.py::test_args[-bar\n] PASSED                          [ 85%]
2025-10-07T16:06:21.9065281Z tests/test_testing.py::test_args[args3-one two\n] PASSED                 [ 85%]
2025-10-07T16:06:21.9075185Z tests/test_testing.py::test_args[--foo "one two"-one two\n] PASSED       [ 85%]
2025-10-07T16:06:21.9084013Z tests/test_testing.py::test_setting_prog_name_in_extra PASSED            [ 85%]
2025-10-07T16:06:21.9095009Z tests/test_testing.py::test_command_standalone_mode_returns_value PASSED [ 85%]
2025-10-07T16:06:21.9105071Z tests/test_testing.py::test_file_stdin_attrs PASSED                      [ 85%]
2025-10-07T16:06:21.9114323Z tests/test_testing.py::test_isolated_runner PASSED                       [ 85%]
2025-10-07T16:06:21.9125662Z tests/test_testing.py::test_isolated_runner_custom_tempdir PASSED        [ 85%]
2025-10-07T16:06:21.9132719Z tests/test_testing.py::test_isolation_stderr_errors PASSED               [ 85%]
2025-10-07T16:06:21.9142440Z tests/test_testing.py::test_isolation_flushes_unflushed_stderr PASSED    [ 86%]
2025-10-07T16:06:21.9150360Z tests/test_types.py::test_range[type0-3-3] PASSED                        [ 86%]
2025-10-07T16:06:21.9157189Z tests/test_types.py::test_range[type1-5-5] PASSED                        [ 86%]
2025-10-07T16:06:21.9164310Z tests/test_types.py::test_range[type2-100-100] PASSED                    [ 86%]
2025-10-07T16:06:21.9171083Z tests/test_types.py::test_range[type3-5-5] PASSED                        [ 86%]
2025-10-07T16:06:21.9177542Z tests/test_types.py::test_range[type4--100--100] PASSED                  [ 86%]
2025-10-07T16:06:21.9184440Z tests/test_types.py::test_range[type5--1-0] PASSED                       [ 86%]
2025-10-07T16:06:21.9191354Z tests/test_types.py::test_range[type6-6-5] PASSED                        [ 86%]
2025-10-07T16:06:21.9198008Z tests/test_types.py::test_range[type7-0-1] PASSED                        [ 86%]
2025-10-07T16:06:21.9205345Z tests/test_types.py::test_range[type8-5-4] PASSED                        [ 86%]
2025-10-07T16:06:21.9212406Z tests/test_types.py::test_range[type9-1.2-1.2] PASSED                    [ 86%]
2025-10-07T16:06:21.9219138Z tests/test_types.py::test_range[type10-0.51-0.51] PASSED                 [ 86%]
2025-10-07T16:06:21.9226013Z tests/test_types.py::test_range[type11-1.49-1.49] PASSED                 [ 86%]
2025-10-07T16:06:21.9233086Z tests/test_types.py::test_range[type12--0.0-0.5] PASSED                  [ 87%]
2025-10-07T16:06:21.9239778Z tests/test_types.py::test_range[type13-inf-1.5] PASSED                   [ 87%]
2025-10-07T16:06:21.9248228Z tests/test_types.py::test_range_fail[type0-6-6 is not in the range 0<=x<=5.] PASSED [ 87%]
2025-10-07T16:06:21.9256270Z tests/test_types.py::test_range_fail[type1-4-4 is not in the range x>=5.] PASSED [ 87%]
2025-10-07T16:06:21.9263963Z tests/test_types.py::test_range_fail[type2-6-6 is not in the range x<=5.] PASSED [ 87%]
2025-10-07T16:06:21.9273671Z tests/test_types.py::test_range_fail[type3-0-0<x<=5] PASSED              [ 87%]
2025-10-07T16:06:21.9281849Z tests/test_types.py::test_range_fail[type4-5-0<=x<5] PASSED              [ 87%]
2025-10-07T16:06:21.9290189Z tests/test_types.py::test_range_fail[type5-0.5-x>0.5] PASSED             [ 87%]
2025-10-07T16:06:21.9298335Z tests/test_types.py::test_range_fail[type6-1.5-x<1.5] PASSED             [ 87%]
2025-10-07T16:06:21.9305154Z tests/test_types.py::test_float_range_no_clamp_open PASSED               [ 87%]
2025-10-07T16:06:21.9316192Z tests/test_types.py::test_cast_multi_default[2-False-None-None] PASSED   [ 87%]
2025-10-07T16:06:21.9382244Z tests/test_types.py::test_cast_multi_default[2-False-default1-expect1] PASSED [ 87%]
2025-10-07T16:06:21.9383129Z tests/test_types.py::test_cast_multi_default[None-True-None-expect2] PASSED [ 87%]
2025-10-07T16:06:21.9383860Z tests/test_types.py::test_cast_multi_default[None-True-default3-expect3] PASSED [ 88%]
2025-10-07T16:06:21.9384522Z tests/test_types.py::test_cast_multi_default[2-True-None-expect4] PASSED [ 88%]
2025-10-07T16:06:21.9385167Z tests/test_types.py::test_cast_multi_default[2-True-default5-expect5] PASSED [ 88%]
2025-10-07T16:06:21.9385845Z tests/test_types.py::test_cast_multi_default[-1-None-None-expect6] PASSED [ 88%]
2025-10-07T16:06:21.9387959Z tests/test_types.py::test_path_type[None-a/b/c.txt] PASSED               [ 88%]
2025-10-07T16:06:21.9397294Z tests/test_types.py::test_path_type[str-a/b/c.txt] PASSED                [ 88%]
2025-10-07T16:06:21.9407857Z tests/test_types.py::test_path_type[bytes-a/b/c.txt] PASSED              [ 88%]
2025-10-07T16:06:21.9418204Z tests/test_types.py::test_path_type[Path-expect3] PASSED                 [ 88%]
2025-10-07T16:06:21.9433114Z tests/test_types.py::test_path_resolve_symlink PASSED                    [ 88%]
2025-10-07T16:06:21.9454628Z tests/test_types.py::test_path_surrogates PASSED                         [ 88%]
2025-10-07T16:06:21.9466202Z tests/test_types.py::test_file_surrogates[type0] PASSED                  [ 88%]
2025-10-07T16:06:21.9476515Z tests/test_types.py::test_file_surrogates[type1] PASSED                  [ 88%]
2025-10-07T16:06:21.9483754Z tests/test_types.py::test_file_error_surrogates PASSED                   [ 88%]
2025-10-07T16:06:21.9493720Z tests/test_types.py::test_invalid_path_with_esc_sequence PASSED          [ 89%]
2025-10-07T16:06:21.9501352Z tests/test_types.py::test_choice_get_invalid_choice_message PASSED       [ 89%]
2025-10-07T16:06:21.9508561Z tests/test_utils.py::test_unset_sentinel PASSED                          [ 89%]
2025-10-07T16:06:21.9521706Z tests/test_utils.py::test_echo PASSED                                    [ 89%]
2025-10-07T16:06:21.9528255Z tests/test_utils.py::test_echo_custom_file PASSED                        [ 89%]
2025-10-07T16:06:21.9536434Z tests/test_utils.py::test_echo_no_streams PASSED                         [ 89%]
2025-10-07T16:06:21.9543751Z tests/test_utils.py::test_styling[styles0-\x1b[30mx y\x1b[0m] PASSED     [ 89%]
2025-10-07T16:06:21.9550868Z tests/test_utils.py::test_styling[styles1-\x1b[31mx y\x1b[0m] PASSED     [ 89%]
2025-10-07T16:06:21.9557865Z tests/test_utils.py::test_styling[styles2-\x1b[32mx y\x1b[0m] PASSED     [ 89%]
2025-10-07T16:06:21.9565129Z tests/test_utils.py::test_styling[styles3-\x1b[33mx y\x1b[0m] PASSED     [ 89%]
2025-10-07T16:06:21.9572155Z tests/test_utils.py::test_styling[styles4-\x1b[34mx y\x1b[0m] PASSED     [ 89%]
2025-10-07T16:06:21.9579025Z tests/test_utils.py::test_styling[styles5-\x1b[35mx y\x1b[0m] PASSED     [ 89%]
2025-10-07T16:06:21.9586162Z tests/test_utils.py::test_styling[styles6-\x1b[36mx y\x1b[0m] PASSED     [ 89%]
2025-10-07T16:06:21.9593307Z tests/test_utils.py::test_styling[styles7-\x1b[37mx y\x1b[0m] PASSED     [ 90%]
2025-10-07T16:06:21.9600811Z tests/test_utils.py::test_styling[styles8-\x1b[40mx y\x1b[0m] PASSED     [ 90%]
2025-10-07T16:06:21.9607978Z tests/test_utils.py::test_styling[styles9-\x1b[41mx y\x1b[0m] PASSED     [ 90%]
2025-10-07T16:06:21.9614714Z tests/test_utils.py::test_styling[styles10-\x1b[42mx y\x1b[0m] PASSED    [ 90%]
2025-10-07T16:06:21.9621232Z tests/test_utils.py::test_styling[styles11-\x1b[43mx y\x1b[0m] PASSED    [ 90%]
2025-10-07T16:06:21.9628051Z tests/test_utils.py::test_styling[styles12-\x1b[44mx y\x1b[0m] PASSED    [ 90%]
2025-10-07T16:06:21.9635285Z tests/test_utils.py::test_styling[styles13-\x1b[45mx y\x1b[0m] PASSED    [ 90%]
2025-10-07T16:06:21.9642376Z tests/test_utils.py::test_styling[styles14-\x1b[46mx y\x1b[0m] PASSED    [ 90%]
2025-10-07T16:06:21.9649375Z tests/test_utils.py::test_styling[styles15-\x1b[47mx y\x1b[0m] PASSED    [ 90%]
2025-10-07T16:06:21.9656867Z tests/test_utils.py::test_styling[styles16-\x1b[48;5;91mx y\x1b[0m] PASSED [ 90%]
2025-10-07T16:06:21.9663780Z tests/test_utils.py::test_styling[styles17-\x1b[48;2;135;0;175mx y\x1b[0m] PASSED [ 90%]
2025-10-07T16:06:21.9670613Z tests/test_utils.py::test_styling[styles18-\x1b[1mx y\x1b[0m] PASSED     [ 90%]
2025-10-07T16:06:21.9677426Z tests/test_utils.py::test_styling[styles19-\x1b[2mx y\x1b[0m] PASSED     [ 90%]
2025-10-07T16:06:21.9684616Z tests/test_utils.py::test_styling[styles20-\x1b[4mx y\x1b[0m] PASSED     [ 90%]
2025-10-07T16:06:21.9691754Z tests/test_utils.py::test_styling[styles21-\x1b[53mx y\x1b[0m] PASSED    [ 91%]
2025-10-07T16:06:21.9698714Z tests/test_utils.py::test_styling[styles22-\x1b[3mx y\x1b[0m] PASSED     [ 91%]
2025-10-07T16:06:21.9705908Z tests/test_utils.py::test_styling[styles23-\x1b[5mx y\x1b[0m] PASSED     [ 91%]
2025-10-07T16:06:21.9713088Z tests/test_utils.py::test_styling[styles24-\x1b[7mx y\x1b[0m] PASSED     [ 91%]
2025-10-07T16:06:21.9720148Z tests/test_utils.py::test_styling[styles25-\x1b[9mx y\x1b[0m] PASSED     [ 91%]
2025-10-07T16:06:21.9726907Z tests/test_utils.py::test_styling[styles26-\x1b[22mx y\x1b[0m] PASSED    [ 91%]
2025-10-07T16:06:21.9734080Z tests/test_utils.py::test_styling[styles27-\x1b[22mx y\x1b[0m] PASSED    [ 91%]
2025-10-07T16:06:21.9741084Z tests/test_utils.py::test_styling[styles28-\x1b[24mx y\x1b[0m] PASSED    [ 91%]
2025-10-07T16:06:21.9748117Z tests/test_utils.py::test_styling[styles29-\x1b[55mx y\x1b[0m] PASSED    [ 91%]
2025-10-07T16:06:21.9755280Z tests/test_utils.py::test_styling[styles30-\x1b[23mx y\x1b[0m] PASSED    [ 91%]
2025-10-07T16:06:21.9762215Z tests/test_utils.py::test_styling[styles31-\x1b[25mx y\x1b[0m] PASSED    [ 91%]
2025-10-07T16:06:21.9769016Z tests/test_utils.py::test_styling[styles32-\x1b[27mx y\x1b[0m] PASSED    [ 91%]
2025-10-07T16:06:21.9776269Z tests/test_utils.py::test_styling[styles33-\x1b[29mx y\x1b[0m] PASSED    [ 91%]
2025-10-07T16:06:21.9783468Z tests/test_utils.py::test_styling[styles34-\x1b[30mx y] PASSED           [ 92%]
2025-10-07T16:06:21.9790664Z tests/test_utils.py::test_unstyle_other_ansi[\x1b[?25lx y\x1b[?25h-x y] PASSED [ 92%]
2025-10-07T16:06:21.9797008Z tests/test_utils.py::test_filename_formatting PASSED                     [ 92%]
2025-10-07T16:06:21.9821753Z tests/test_utils.py::test_prompts PASSED                                 [ 92%]
2025-10-07T16:06:21.9832096Z tests/test_utils.py::test_confirm_repeat PASSED                          [ 92%]
2025-10-07T16:06:21.9840664Z tests/test_utils.py::test_prompts_abort PASSED                           [ 92%]
2025-10-07T16:06:21.9850448Z tests/test_utils.py::test_prompts_eof PASSED                             [ 92%]
2025-10-07T16:06:21.9880276Z tests/test_utils.py::test_echo_via_pager[test0-cat] PASSED               [ 92%]
2025-10-07T16:06:21.9905794Z tests/test_utils.py::test_echo_via_pager[test0-cat ] PASSED              [ 92%]
2025-10-07T16:06:21.9930837Z tests/test_utils.py::test_echo_via_pager[test0- cat ] PASSED             [ 92%]
2025-10-07T16:06:22.0327933Z tests/test_utils.py::test_echo_via_pager[test0-less] PASSED              [ 92%]
2025-10-07T16:06:22.0357493Z tests/test_utils.py::test_echo_via_pager[test0- less] PASSED             [ 92%]
2025-10-07T16:06:22.0385597Z tests/test_utils.py::test_echo_via_pager[test0- less ] PASSED            [ 92%]
2025-10-07T16:06:22.0410695Z tests/test_utils.py::test_echo_via_pager[test1-cat] PASSED               [ 93%]
2025-10-07T16:06:22.0435907Z tests/test_utils.py::test_echo_via_pager[test1-cat ] PASSED              [ 93%]
2025-10-07T16:06:22.0460668Z tests/test_utils.py::test_echo_via_pager[test1- cat ] PASSED             [ 93%]
2025-10-07T16:06:22.0488195Z tests/test_utils.py::test_echo_via_pager[test1-less] PASSED              [ 93%]
2025-10-07T16:06:22.0515955Z tests/test_utils.py::test_echo_via_pager[test1- less] PASSED             [ 93%]
2025-10-07T16:06:22.0543809Z tests/test_utils.py::test_echo_via_pager[test1- less ] PASSED            [ 93%]
2025-10-07T16:06:22.0569276Z tests/test_utils.py::test_echo_via_pager[test2-cat] PASSED               [ 93%]
2025-10-07T16:06:22.0594097Z tests/test_utils.py::test_echo_via_pager[test2-cat ] PASSED              [ 93%]
2025-10-07T16:06:22.0618480Z tests/test_utils.py::test_echo_via_pager[test2- cat ] PASSED             [ 93%]
2025-10-07T16:06:22.0646312Z tests/test_utils.py::test_echo_via_pager[test2-less] PASSED              [ 93%]
2025-10-07T16:06:22.0673555Z tests/test_utils.py::test_echo_via_pager[test2- less] PASSED             [ 93%]
2025-10-07T16:06:22.0700440Z tests/test_utils.py::test_echo_via_pager[test2- less ] PASSED            [ 93%]
2025-10-07T16:06:22.0725123Z tests/test_utils.py::test_echo_via_pager[test3-cat] PASSED               [ 93%]
2025-10-07T16:06:22.0750754Z tests/test_utils.py::test_echo_via_pager[test3-cat ] PASSED              [ 94%]
2025-10-07T16:06:22.0775003Z tests/test_utils.py::test_echo_via_pager[test3- cat ] PASSED             [ 94%]
2025-10-07T16:06:22.0802518Z tests/test_utils.py::test_echo_via_pager[test3-less] PASSED              [ 94%]
2025-10-07T16:06:22.0829866Z tests/test_utils.py::test_echo_via_pager[test3- less] PASSED             [ 94%]
2025-10-07T16:06:22.0857196Z tests/test_utils.py::test_echo_via_pager[test3- less ] PASSED            [ 94%]
2025-10-07T16:06:22.0885311Z tests/test_utils.py::test_echo_via_pager[test4-cat] PASSED               [ 94%]
2025-10-07T16:06:22.0914798Z tests/test_utils.py::test_echo_via_pager[test4-cat ] PASSED              [ 94%]
2025-10-07T16:06:22.0940189Z tests/test_utils.py::test_echo_via_pager[test4- cat ] PASSED             [ 94%]
2025-10-07T16:06:22.0967596Z tests/test_utils.py::test_echo_via_pager[test4-less] PASSED              [ 94%]
2025-10-07T16:06:22.0995206Z tests/test_utils.py::test_echo_via_pager[test4- less] PASSED             [ 94%]
2025-10-07T16:06:22.1022776Z tests/test_utils.py::test_echo_via_pager[test4- less ] PASSED            [ 94%]
2025-10-07T16:06:22.1041404Z tests/test_utils.py::test_echo_via_pager[test5-cat] PASSED               [ 94%]
2025-10-07T16:06:22.1059867Z tests/test_utils.py::test_echo_via_pager[test5-cat ] PASSED              [ 94%]
2025-10-07T16:06:22.1080847Z tests/test_utils.py::test_echo_via_pager[test5- cat ] PASSED             [ 95%]
2025-10-07T16:06:22.1099268Z tests/test_utils.py::test_echo_via_pager[test5-less] PASSED              [ 95%]
2025-10-07T16:06:22.1118136Z tests/test_utils.py::test_echo_via_pager[test5- less] PASSED             [ 95%]
2025-10-07T16:06:22.1136566Z tests/test_utils.py::test_echo_via_pager[test5- less ] PASSED            [ 95%]
2025-10-07T16:06:22.1155160Z tests/test_utils.py::test_echo_via_pager[test6-cat] PASSED               [ 95%]
2025-10-07T16:06:22.1174590Z tests/test_utils.py::test_echo_via_pager[test6-cat ] PASSED              [ 95%]
2025-10-07T16:06:22.1194697Z tests/test_utils.py::test_echo_via_pager[test6- cat ] PASSED             [ 95%]
2025-10-07T16:06:22.1213201Z tests/test_utils.py::test_echo_via_pager[test6-less] PASSED              [ 95%]
2025-10-07T16:06:22.1231432Z tests/test_utils.py::test_echo_via_pager[test6- less] PASSED             [ 95%]
2025-10-07T16:06:22.1249379Z tests/test_utils.py::test_echo_via_pager[test6- less ] PASSED            [ 95%]
2025-10-07T16:06:22.1274730Z tests/test_utils.py::test_echo_via_pager[test7-cat] PASSED               [ 95%]
2025-10-07T16:06:22.1299758Z tests/test_utils.py::test_echo_via_pager[test7-cat ] PASSED              [ 95%]
2025-10-07T16:06:22.1324708Z tests/test_utils.py::test_echo_via_pager[test7- cat ] PASSED             [ 95%]
2025-10-07T16:06:22.1352652Z tests/test_utils.py::test_echo_via_pager[test7-less] PASSED              [ 96%]
2025-10-07T16:06:22.1379465Z tests/test_utils.py::test_echo_via_pager[test7- less] PASSED             [ 96%]
2025-10-07T16:06:22.1406940Z tests/test_utils.py::test_echo_via_pager[test7- less ] PASSED            [ 96%]
2025-10-07T16:06:22.1431937Z tests/test_utils.py::test_echo_via_pager[test8-cat] PASSED               [ 96%]
2025-10-07T16:06:22.1456357Z tests/test_utils.py::test_echo_via_pager[test8-cat ] PASSED              [ 96%]
2025-10-07T16:06:22.1481099Z tests/test_utils.py::test_echo_via_pager[test8- cat ] PASSED             [ 96%]
2025-10-07T16:06:22.1508160Z tests/test_utils.py::test_echo_via_pager[test8-less] PASSED              [ 96%]
2025-10-07T16:06:22.1536280Z tests/test_utils.py::test_echo_via_pager[test8- less] PASSED             [ 96%]
2025-10-07T16:06:22.1564328Z tests/test_utils.py::test_echo_via_pager[test8- less ] PASSED            [ 96%]
2025-10-07T16:06:22.1588672Z tests/test_utils.py::test_echo_via_pager[test9-cat] PASSED               [ 96%]
2025-10-07T16:06:22.1613490Z tests/test_utils.py::test_echo_via_pager[test9-cat ] PASSED              [ 96%]
2025-10-07T16:06:22.1637886Z tests/test_utils.py::test_echo_via_pager[test9- cat ] PASSED             [ 96%]
2025-10-07T16:06:22.1665404Z tests/test_utils.py::test_echo_via_pager[test9-less] PASSED              [ 96%]
2025-10-07T16:06:22.1692702Z tests/test_utils.py::test_echo_via_pager[test9- less] PASSED             [ 97%]
2025-10-07T16:06:22.1719371Z tests/test_utils.py::test_echo_via_pager[test9- less ] PASSED            [ 97%]
2025-10-07T16:06:22.1732453Z tests/test_utils.py::test_echo_color_flag PASSED                         [ 97%]
2025-10-07T16:06:22.1744362Z tests/test_utils.py::test_prompt_cast_default PASSED                     [ 97%]
2025-10-07T16:06:22.1762709Z tests/test_utils.py::test_echo_writing_to_standard_error PASSED          [ 97%]
2025-10-07T16:06:22.1770551Z tests/test_utils.py::test_echo_with_capsys PASSED                        [ 97%]
2025-10-07T16:06:22.1785705Z tests/test_utils.py::test_open_file PASSED                               [ 97%]
2025-10-07T16:06:22.1793337Z tests/test_utils.py::test_open_file_pathlib_dash PASSED                  [ 97%]
2025-10-07T16:06:22.1803063Z tests/test_utils.py::test_open_file_ignore_errors_stdin PASSED           [ 97%]
2025-10-07T16:06:22.1812575Z tests/test_utils.py::test_open_file_respects_ignore PASSED               [ 97%]
2025-10-07T16:06:22.1821779Z tests/test_utils.py::test_open_file_ignore_invalid_utf8 PASSED           [ 97%]
2025-10-07T16:06:22.1830877Z tests/test_utils.py::test_open_file_ignore_no_encoding PASSED            [ 97%]
2025-10-07T16:06:22.1843984Z tests/test_utils.py::test_open_file_atomic_permissions_existing_file[256] PASSED [ 97%]
2025-10-07T16:06:22.1856930Z tests/test_utils.py::test_open_file_atomic_permissions_existing_file[292] PASSED [ 98%]
2025-10-07T16:06:22.1871717Z tests/test_utils.py::test_open_file_atomic_permissions_existing_file[384] PASSED [ 98%]
2025-10-07T16:06:22.1884443Z tests/test_utils.py::test_open_file_atomic_permissions_existing_file[420] PASSED [ 98%]
2025-10-07T16:06:22.1896707Z tests/test_utils.py::test_open_file_atomic_permissions_new_file PASSED   [ 98%]
2025-10-07T16:06:22.1908533Z tests/test_utils.py::test_iter_keepopenfile PASSED                       [ 98%]
2025-10-07T16:06:22.1920542Z tests/test_utils.py::test_iter_lazyfile PASSED                           [ 98%]
2025-10-07T16:06:22.1927674Z tests/test_utils.py::test_detect_program_name[example.py-None-example.py] PASSED [ 98%]
2025-10-07T16:06:22.1934669Z tests/test_utils.py::test_detect_program_name[/foo/bar/example.py-None-example.py] PASSED [ 98%]
2025-10-07T16:06:22.1941361Z tests/test_utils.py::test_detect_program_name[example-None-example] PASSED [ 98%]
2025-10-07T16:06:22.1948127Z tests/test_utils.py::test_detect_program_name[example/__main__.py-example-python -m example] PASSED [ 98%]
2025-10-07T16:06:22.1955053Z tests/test_utils.py::test_detect_program_name[example/cli.py-example-python -m example.cli] PASSED [ 98%]
2025-10-07T16:06:22.1961516Z tests/test_utils.py::test_detect_program_name[example--example] PASSED   [ 98%]
2025-10-07T16:06:22.1978735Z tests/test_utils.py::test_expand_args PASSED                             [ 98%]
2025-10-07T16:06:22.1986377Z tests/test_utils.py::test_make_default_short_help[-empty] PASSED         [ 99%]
2025-10-07T16:06:22.1993600Z tests/test_utils.py::test_make_default_short_help[-equal length, no dot] PASSED [ 99%]
2025-10-07T16:06:22.2000581Z tests/test_utils.py::test_make_default_short_help[-sentence < max] PASSED [ 99%]
2025-10-07T16:06:22.2006852Z tests/test_utils.py::test_make_default_short_help[-paragraph < max] PASSED [ 99%]
2025-10-07T16:06:22.2013930Z tests/test_utils.py::test_make_default_short_help[-truncate] PASSED      [ 99%]
2025-10-07T16:06:22.2020971Z tests/test_utils.py::test_make_default_short_help[-length includes suffix] PASSED [ 99%]
2025-10-07T16:06:22.2027528Z tests/test_utils.py::test_make_default_short_help[-ignore dot in word] PASSED [ 99%]
2025-10-07T16:06:22.2034574Z tests/test_utils.py::test_make_default_short_help[no-wrap mark-empty] PASSED [ 99%]
2025-10-07T16:06:22.2041533Z tests/test_utils.py::test_make_default_short_help[no-wrap mark-equal length, no dot] PASSED [ 99%]
2025-10-07T16:06:22.2048089Z tests/test_utils.py::test_make_default_short_help[no-wrap mark-sentence < max] PASSED [ 99%]
2025-10-07T16:06:22.2055089Z tests/test_utils.py::test_make_default_short_help[no-wrap mark-paragraph < max] PASSED [ 99%]
2025-10-07T16:06:22.2061839Z tests/test_utils.py::test_make_default_short_help[no-wrap mark-truncate] PASSED [ 99%]
2025-10-07T16:06:22.2068180Z tests/test_utils.py::test_make_default_short_help[no-wrap mark-length includes suffix] PASSED [ 99%]
2025-10-07T16:06:22.2784993Z tests/test_utils.py::test_make_default_short_help[no-wrap mark-ignore dot in word] PASSED [100%]
2025-10-07T16:06:22.2785571Z 
2025-10-07T16:06:22.2785799Z ================= 1289 passed, 21 skipped, 1 xfailed in 2.46s ==================
2025-10-07T16:06:22.3364929Z   py3.11: OK (3.82=setup[0.35]+cmd[3.48] seconds)
2025-10-07T16:06:22.3365407Z   congratulations :) (4.23 seconds)
2025-10-07T16:06:22.3756826Z Post job cleanup.
2025-10-07T16:06:22.5400465Z Post job cleanup.
2025-10-07T16:06:22.6964434Z Cache hit occurred on key setup-uv-1-x86_64-unknown-linux-gnu-3.12.3-0845c38914a45faad973e347ba188723ca0ec661d213ae18fb392ad1954a121f, not saving cache.
2025-10-07T16:06:22.7067585Z Post job cleanup.
2025-10-07T16:06:22.8028286Z [command]/usr/bin/git version
2025-10-07T16:06:22.8073260Z git version 2.51.0
2025-10-07T16:06:22.8114009Z Temporarily overriding HOME='/home/runner/work/_temp/c8ed7567-0ebc-4e1f-b74f-efd1be8ca496' before making global git config changes
2025-10-07T16:06:22.8115104Z Adding repository directory to the temporary git global config as a safe directory
2025-10-07T16:06:22.8119375Z [command]/usr/bin/git config --global --add safe.directory /home/runner/work/click/click
2025-10-07T16:06:22.8157402Z [command]/usr/bin/git config --local --name-only --get-regexp core\.sshCommand
2025-10-07T16:06:22.8192102Z [command]/usr/bin/git submodule foreach --recursive sh -c "git config --local --name-only --get-regexp 'core\.sshCommand' && git config --local --unset-all 'core.sshCommand' || :"
2025-10-07T16:06:22.8484006Z [command]/usr/bin/git config --local --name-only --get-regexp http\.https\:\/\/github\.com\/\.extraheader
2025-10-07T16:06:22.8508701Z http.https://github.com/.extraheader
2025-10-07T16:06:22.8521394Z [command]/usr/bin/git config --local --unset-all http.https://github.com/.extraheader
2025-10-07T16:06:22.8554793Z [command]/usr/bin/git submodule foreach --recursive sh -c "git config --local --name-only --get-regexp 'http\.https\:\/\/github\.com\/\.extraheader' && git config --local --unset-all 'http.https://github.com/.extraheader' || :"
2025-10-07T16:06:22.8910347Z Cleaning up orphan processes
