2025-12-10T06:13:33.7120794Z Current runner version: '2.329.0'
2025-12-10T06:13:33.7145524Z ##[group]Runner Image Provisioner
2025-12-10T06:13:33.7146441Z Hosted Compute Agent
2025-12-10T06:13:33.7147004Z Version: 20251124.448
2025-12-10T06:13:33.7147747Z Commit: fda5086b43ec66ade217e5fcd18146c879571177
2025-12-10T06:13:33.7148553Z Build Date: 2025-11-24T21:16:26Z
2025-12-10T06:13:33.7149118Z ##[endgroup]
2025-12-10T06:13:33.7149668Z ##[group]Operating System
2025-12-10T06:13:33.7150254Z Ubuntu
2025-12-10T06:13:33.7150747Z 24.04.3
2025-12-10T06:13:33.7151184Z LTS
2025-12-10T06:13:33.7151721Z ##[endgroup]
2025-12-10T06:13:33.7152184Z ##[group]Runner Image
2025-12-10T06:13:33.7152753Z Image: ubuntu-24.04
2025-12-10T06:13:33.7153335Z Version: 20251126.144.1
2025-12-10T06:13:33.7154339Z Included Software: https://github.com/actions/runner-images/blob/ubuntu24/20251126.144/images/ubuntu/Ubuntu2404-Readme.md
2025-12-10T06:13:33.7155968Z Image Release: https://github.com/actions/runner-images/releases/tag/ubuntu24%2F20251126.144
2025-12-10T06:13:33.7156964Z ##[endgroup]
2025-12-10T06:13:33.7160122Z ##[group]GITHUB_TOKEN Permissions
2025-12-10T06:13:33.7162386Z Actions: write
2025-12-10T06:13:33.7162997Z ArtifactMetadata: write
2025-12-10T06:13:33.7163673Z Attestations: write
2025-12-10T06:13:33.7164210Z Checks: write
2025-12-10T06:13:33.7164674Z Contents: write
2025-12-10T06:13:33.7165218Z Deployments: write
2025-12-10T06:13:33.7165749Z Discussions: write
2025-12-10T06:13:33.7166251Z Issues: write
2025-12-10T06:13:33.7166690Z Metadata: read
2025-12-10T06:13:33.7167565Z Models: read
2025-12-10T06:13:33.7168060Z Packages: write
2025-12-10T06:13:33.7168561Z Pages: write
2025-12-10T06:13:33.7169193Z PullRequests: write
2025-12-10T06:13:33.7169697Z RepositoryProjects: write
2025-12-10T06:13:33.7170354Z SecurityEvents: write
2025-12-10T06:13:33.7170927Z Statuses: write
2025-12-10T06:13:33.7171464Z ##[endgroup]
2025-12-10T06:13:33.7173493Z Secret source: Actions
2025-12-10T06:13:33.7174694Z Prepare workflow directory
2025-12-10T06:13:33.7878399Z Prepare all required actions
2025-12-10T06:13:33.7934786Z Getting action download info
2025-12-10T06:13:34.1971468Z Download action repository 'actions/checkout@v6' (SHA:8e8c483db84b4bee98b60c0593521ed34d9990e8)
2025-12-10T06:13:35.0293452Z Download action repository 'facebook/install-dotslash@v2' (SHA:1e4e7b3e07eaca387acb98f1d4720e0bee8dbb6a)
2025-12-10T06:13:35.3299183Z Download action repository 'dtolnay/rust-toolchain@1.90' (SHA:0948358a108ca5c7575996b4a6fc7c47ed6cb777)
2025-12-10T06:13:35.6464020Z Download action repository 'actions/cache@v4' (SHA:0057852bfaa89a56745cba8c7296529d2fc39830)
2025-12-10T06:13:35.9821833Z Download action repository 'taiki-e/install-action@44c6d64aa62cd779e873306675c7a58e86d6d532' (SHA:44c6d64aa62cd779e873306675c7a58e86d6d532)
2025-12-10T06:13:36.5142513Z Complete job name: Tests — ubuntu-24.04 - x86_64-unknown-linux-gnu
2025-12-10T06:13:36.5827343Z ##[group]Run actions/checkout@v6
2025-12-10T06:13:36.5828018Z with:
2025-12-10T06:13:36.5828267Z   repository: openai/codex
2025-12-10T06:13:36.5828715Z   token: ***
2025-12-10T06:13:36.5828945Z   ssh-strict: true
2025-12-10T06:13:36.5829187Z   ssh-user: git
2025-12-10T06:13:36.5829432Z   persist-credentials: true
2025-12-10T06:13:36.5829695Z   clean: true
2025-12-10T06:13:36.5829947Z   sparse-checkout-cone-mode: true
2025-12-10T06:13:36.5830235Z   fetch-depth: 1
2025-12-10T06:13:36.5830467Z   fetch-tags: false
2025-12-10T06:13:36.5830703Z   show-progress: true
2025-12-10T06:13:36.5830947Z   lfs: false
2025-12-10T06:13:36.5831167Z   submodules: false
2025-12-10T06:13:36.5831407Z   set-safe-directory: true
2025-12-10T06:13:36.5831864Z env:
2025-12-10T06:13:36.5832082Z   USE_SCCACHE: true
2025-12-10T06:13:36.5832316Z   CARGO_INCREMENTAL: 0
2025-12-10T06:13:36.5832565Z   SCCACHE_CACHE_SIZE: 10G
2025-12-10T06:13:36.5832809Z ##[endgroup]
2025-12-10T06:13:36.6736370Z Syncing repository: openai/codex
2025-12-10T06:13:36.6737972Z ##[group]Getting Git version info
2025-12-10T06:13:36.6738396Z Working directory is '/home/runner/work/codex/codex'
2025-12-10T06:13:36.6739366Z [command]/usr/bin/git version
2025-12-10T06:13:36.7919002Z git version 2.52.0
2025-12-10T06:13:36.7940973Z ##[endgroup]
2025-12-10T06:13:36.7958149Z Temporarily overriding HOME='/home/runner/work/_temp/8b1eb2bb-ffd1-4f70-b66e-8ab60f1fa34a' before making global git config changes
2025-12-10T06:13:36.7959581Z Adding repository directory to the temporary git global config as a safe directory
2025-12-10T06:13:36.7964340Z [command]/usr/bin/git config --global --add safe.directory /home/runner/work/codex/codex
2025-12-10T06:13:36.8050786Z Deleting the contents of '/home/runner/work/codex/codex'
2025-12-10T06:13:36.8054512Z ##[group]Initializing the repository
2025-12-10T06:13:36.8059460Z [command]/usr/bin/git init /home/runner/work/codex/codex
2025-12-10T06:13:36.8802100Z hint: Using 'master' as the name for the initial branch. This default branch name
2025-12-10T06:13:36.8803046Z hint: will change to "main" in Git 3.0. To configure the initial branch name
2025-12-10T06:13:36.8803894Z hint: to use in all of your new repositories, which will suppress this warning,
2025-12-10T06:13:36.8804574Z hint: call:
2025-12-10T06:13:36.8804870Z hint:
2025-12-10T06:13:36.8805205Z hint: 	git config --global init.defaultBranch <name>
2025-12-10T06:13:36.8805553Z hint:
2025-12-10T06:13:36.8805884Z hint: Names commonly chosen instead of 'master' are 'main', 'trunk' and
2025-12-10T06:13:36.8806439Z hint: 'development'. The just-created branch can be renamed via this command:
2025-12-10T06:13:36.8806857Z hint:
2025-12-10T06:13:36.8807242Z hint: 	git branch -m <name>
2025-12-10T06:13:36.8807511Z hint:
2025-12-10T06:13:36.8807878Z hint: Disable this message with "git config set advice.defaultBranchName false"
2025-12-10T06:13:36.8864943Z Initialized empty Git repository in /home/runner/work/codex/codex/.git/
2025-12-10T06:13:36.8877696Z [command]/usr/bin/git remote add origin https://github.com/openai/codex
2025-12-10T06:13:36.9005080Z ##[endgroup]
2025-12-10T06:13:36.9006834Z ##[group]Disabling automatic garbage collection
2025-12-10T06:13:36.9009697Z [command]/usr/bin/git config --local gc.auto 0
2025-12-10T06:13:36.9040029Z ##[endgroup]
2025-12-10T06:13:36.9040808Z ##[group]Setting up auth
2025-12-10T06:13:36.9041428Z Removing SSH command configuration
2025-12-10T06:13:36.9048637Z [command]/usr/bin/git config --local --name-only --get-regexp core\.sshCommand
2025-12-10T06:13:36.9081109Z [command]/usr/bin/git submodule foreach --recursive sh -c "git config --local --name-only --get-regexp 'core\.sshCommand' && git config --local --unset-all 'core.sshCommand' || :"
2025-12-10T06:13:37.1327690Z Removing HTTP extra header
2025-12-10T06:13:37.1328624Z [command]/usr/bin/git config --local --name-only --get-regexp http\.https\:\/\/github\.com\/\.extraheader
2025-12-10T06:13:37.1343024Z [command]/usr/bin/git submodule foreach --recursive sh -c "git config --local --name-only --get-regexp 'http\.https\:\/\/github\.com\/\.extraheader' && git config --local --unset-all 'http.https://github.com/.extraheader' || :"
2025-12-10T06:13:37.1569358Z Removing includeIf entries pointing to credentials config files
2025-12-10T06:13:37.1577393Z [command]/usr/bin/git config --local --name-only --get-regexp ^includeIf\.gitdir:
2025-12-10T06:13:37.1612589Z [command]/usr/bin/git submodule foreach --recursive git config --local --show-origin --name-only --get-regexp remote.origin.url
2025-12-10T06:13:37.1852573Z [command]/usr/bin/git config --file /home/runner/work/_temp/git-credentials-0225acb8-dfdc-4ef3-a758-47ca87bb5251.config http.https://github.com/.extraheader AUTHORIZATION: basic ***
2025-12-10T06:13:37.1893678Z [command]/usr/bin/git config --local includeIf.gitdir:/home/runner/work/codex/codex/.git.path /home/runner/work/_temp/git-credentials-0225acb8-dfdc-4ef3-a758-47ca87bb5251.config
2025-12-10T06:13:37.1925888Z [command]/usr/bin/git config --local includeIf.gitdir:/home/runner/work/codex/codex/.git/worktrees/*.path /home/runner/work/_temp/git-credentials-0225acb8-dfdc-4ef3-a758-47ca87bb5251.config
2025-12-10T06:13:37.1959958Z [command]/usr/bin/git config --local includeIf.gitdir:/github/workspace/.git.path /github/runner_temp/git-credentials-0225acb8-dfdc-4ef3-a758-47ca87bb5251.config
2025-12-10T06:13:37.1992915Z [command]/usr/bin/git config --local includeIf.gitdir:/github/workspace/.git/worktrees/*.path /github/runner_temp/git-credentials-0225acb8-dfdc-4ef3-a758-47ca87bb5251.config
2025-12-10T06:13:37.2020981Z ##[endgroup]
2025-12-10T06:13:37.2021784Z ##[group]Fetching the repository
2025-12-10T06:13:37.2028720Z [command]/usr/bin/git -c protocol.version=2 fetch --no-tags --prune --no-recurse-submodules --depth=1 origin +f26cedd8ae10f40539521714b4eff80568f01863:refs/remotes/pull/7807/merge
2025-12-10T06:13:38.3855107Z From https://github.com/openai/codex
2025-12-10T06:13:38.3856106Z  * [new ref]         f26cedd8ae10f40539521714b4eff80568f01863 -> pull/7807/merge
2025-12-10T06:13:38.3939933Z ##[endgroup]
2025-12-10T06:13:38.3940601Z ##[group]Determining the checkout info
2025-12-10T06:13:38.3943312Z ##[endgroup]
2025-12-10T06:13:38.3948551Z [command]/usr/bin/git sparse-checkout disable
2025-12-10T06:13:38.4044026Z [command]/usr/bin/git config --local --unset-all extensions.worktreeConfig
2025-12-10T06:13:38.4071655Z ##[group]Checking out the ref
2025-12-10T06:13:38.4075606Z [command]/usr/bin/git checkout --progress --force refs/remotes/pull/7807/merge
2025-12-10T06:13:38.6068461Z Note: switching to 'refs/remotes/pull/7807/merge'.
2025-12-10T06:13:38.6068986Z 
2025-12-10T06:13:38.6069347Z You are in 'detached HEAD' state. You can look around, make experimental
2025-12-10T06:13:38.6070128Z changes and commit them, and you can discard any commits you make in this
2025-12-10T06:13:38.6070878Z state without impacting any branches by switching back to a branch.
2025-12-10T06:13:38.6071319Z 
2025-12-10T06:13:38.6071641Z If you want to create a new branch to retain commits you create, you may
2025-12-10T06:13:38.6072352Z do so (now or later) by using -c with the switch command. Example:
2025-12-10T06:13:38.6072746Z 
2025-12-10T06:13:38.6072905Z   git switch -c <new-branch-name>
2025-12-10T06:13:38.6073183Z 
2025-12-10T06:13:38.6073370Z Or undo this operation with:
2025-12-10T06:13:38.6073682Z 
2025-12-10T06:13:38.6073808Z   git switch -
2025-12-10T06:13:38.6074019Z 
2025-12-10T06:13:38.6074354Z Turn off this advice by setting config variable advice.detachedHead to false
2025-12-10T06:13:38.6074835Z 
2025-12-10T06:13:38.6075391Z HEAD is now at f26cedd Merge b6616c5f1df362f2d65fd6c97d5ed518c2599f96 into 6fa24d65f5a2d9b3880d7a0e2c5100ba8a55d498
2025-12-10T06:13:38.6091354Z ##[endgroup]
2025-12-10T06:13:38.6130423Z [command]/usr/bin/git log -1 --format=%H
2025-12-10T06:13:38.6153772Z f26cedd8ae10f40539521714b4eff80568f01863
2025-12-10T06:13:38.6334340Z ##[group]Run set -euo pipefail
2025-12-10T06:13:38.6334671Z [36;1mset -euo pipefail[0m
2025-12-10T06:13:38.6334896Z [36;1msudo rm -rf \[0m
2025-12-10T06:13:38.6335120Z [36;1m  /usr/local/lib/android \[0m
2025-12-10T06:13:38.6335352Z [36;1m  /usr/share/dotnet \[0m
2025-12-10T06:13:38.6335574Z [36;1m  /usr/local/share/boost \[0m
2025-12-10T06:13:38.6335827Z [36;1m  /usr/local/lib/node_modules \[0m
2025-12-10T06:13:38.6336088Z [36;1m  /opt/ghc[0m
2025-12-10T06:13:38.6336379Z [36;1msudo apt-get remove -y docker.io docker-compose podman buildah[0m
2025-12-10T06:13:38.6372681Z shell: /usr/bin/bash --noprofile --norc -e -o pipefail {0}
2025-12-10T06:13:38.6373006Z env:
2025-12-10T06:13:38.6373169Z   USE_SCCACHE: true
2025-12-10T06:13:38.6373357Z   CARGO_INCREMENTAL: 0
2025-12-10T06:13:38.6373552Z   SCCACHE_CACHE_SIZE: 10G
2025-12-10T06:13:38.6373744Z ##[endgroup]
2025-12-10T06:16:29.9403884Z Reading package lists...
2025-12-10T06:16:30.1079899Z Building dependency tree...
2025-12-10T06:16:30.1416792Z Reading state information...
2025-12-10T06:16:30.3328756Z Package 'docker.io' is not installed, so not removed
2025-12-10T06:16:30.3329490Z Package 'docker-compose' is not installed, so not removed
2025-12-10T06:16:30.3330095Z The following packages will be REMOVED:
2025-12-10T06:16:30.3337571Z   buildah podman
2025-12-10T06:16:30.6512066Z 0 upgraded, 0 newly installed, 2 to remove and 27 not upgraded.
2025-12-10T06:16:30.6512805Z After this operation, 69.5 MB disk space will be freed.
2025-12-10T06:16:30.9461108Z (Reading database ... 
2025-12-10T06:16:30.9461449Z (Reading database ... 5%
2025-12-10T06:16:30.9461720Z (Reading database ... 10%
2025-12-10T06:16:30.9461981Z (Reading database ... 15%
2025-12-10T06:16:30.9462228Z (Reading database ... 20%
2025-12-10T06:16:30.9462465Z (Reading database ... 25%
2025-12-10T06:16:30.9462695Z (Reading database ... 30%
2025-12-10T06:16:30.9462925Z (Reading database ... 35%
2025-12-10T06:16:30.9463151Z (Reading database ... 40%
2025-12-10T06:16:30.9463424Z (Reading database ... 45%
2025-12-10T06:16:30.9463650Z (Reading database ... 50%
2025-12-10T06:16:31.4109352Z (Reading database ... 55%
2025-12-10T06:16:32.7125946Z (Reading database ... 60%
2025-12-10T06:16:33.2085346Z (Reading database ... 65%
2025-12-10T06:16:33.4761020Z (Reading database ... 70%
2025-12-10T06:16:33.8310635Z (Reading database ... 75%
2025-12-10T06:16:35.9791399Z (Reading database ... 80%
2025-12-10T06:16:38.8161481Z (Reading database ... 85%
2025-12-10T06:16:41.4052167Z (Reading database ... 90%
2025-12-10T06:16:43.4378448Z (Reading database ... 95%
2025-12-10T06:16:43.4379175Z (Reading database ... 100%
2025-12-10T06:16:43.4379809Z (Reading database ... 217047 files and directories currently installed.)
2025-12-10T06:16:43.4423427Z Removing buildah (1.33.7+ds1-1ubuntu0.24.04.3) ...
2025-12-10T06:16:44.3285035Z Removing podman (4.9.3+ds1-1ubuntu0.2) ...
2025-12-10T06:16:45.6133271Z Processing triggers for man-db (2.12.0-4build2) ...
2025-12-10T06:16:45.6657286Z Not building database; man-db/auto-update is not 'true'.
2025-12-10T06:16:47.5727711Z ##[group]Run facebook/install-dotslash@v2
2025-12-10T06:16:47.5728011Z env:
2025-12-10T06:16:47.5728177Z   USE_SCCACHE: true
2025-12-10T06:16:47.5728356Z   CARGO_INCREMENTAL: 0
2025-12-10T06:16:47.5728547Z   SCCACHE_CACHE_SIZE: 10G
2025-12-10T06:16:47.5728742Z ##[endgroup]
2025-12-10T06:16:47.5824043Z ##[group]Run echo platform=ubuntu-22.04.x86_64 >> $GITHUB_OUTPUT
2025-12-10T06:16:47.5824454Z [36;1mecho platform=ubuntu-22.04.x86_64 >> $GITHUB_OUTPUT[0m
2025-12-10T06:16:47.5825633Z [36;1mecho version=$(curl https://api.github.com/repos/facebook/dotslash/releases/latest --header "authorization: ***" --location --silent --show-error --fail --retry 5 | sed -n 's/^ *"tag_name": *"\(.*\)",$/\1/p') >> $GITHUB_OUTPUT[0m
2025-12-10T06:16:47.5857528Z shell: /usr/bin/bash --noprofile --norc -e -o pipefail {0}
2025-12-10T06:16:47.5857833Z env:
2025-12-10T06:16:47.5857996Z   USE_SCCACHE: true
2025-12-10T06:16:47.5858181Z   CARGO_INCREMENTAL: 0
2025-12-10T06:16:47.5858401Z   SCCACHE_CACHE_SIZE: 10G
2025-12-10T06:16:47.5858602Z ##[endgroup]
2025-12-10T06:16:47.9393401Z ##[group]Run mkdir -p "/home/runner/work/_temp/install-dotslash/bin"
2025-12-10T06:16:47.9393820Z [36;1mmkdir -p "/home/runner/work/_temp/install-dotslash/bin"[0m
2025-12-10T06:16:47.9424794Z shell: /usr/bin/bash --noprofile --norc -e -o pipefail {0}
2025-12-10T06:16:47.9425107Z env:
2025-12-10T06:16:47.9425278Z   USE_SCCACHE: true
2025-12-10T06:16:47.9425462Z   CARGO_INCREMENTAL: 0
2025-12-10T06:16:47.9425652Z   SCCACHE_CACHE_SIZE: 10G
2025-12-10T06:16:47.9425840Z ##[endgroup]
2025-12-10T06:16:47.9504969Z ##[group]Run curl https://github.com/facebook/dotslash/releases/download/v0.5.8/dotslash-ubuntu-22.04.x86_64.v0.5.8.tar.gz \
2025-12-10T06:16:47.9505770Z [36;1mcurl https://github.com/facebook/dotslash/releases/download/v0.5.8/dotslash-ubuntu-22.04.x86_64.v0.5.8.tar.gz \[0m
2025-12-10T06:16:47.9506559Z [36;1m--header "authorization: ***" \[0m
2025-12-10T06:16:47.9506953Z [36;1m--output "/home/runner/work/_temp/install-dotslash/dotslash.tar.gz" \[0m
2025-12-10T06:16:47.9507634Z [36;1m--location --silent --show-error --fail --retry 5[0m
2025-12-10T06:16:47.9535397Z shell: /usr/bin/bash --noprofile --norc -e -o pipefail {0}
2025-12-10T06:16:47.9535699Z env:
2025-12-10T06:16:47.9535859Z   USE_SCCACHE: true
2025-12-10T06:16:47.9536195Z   CARGO_INCREMENTAL: 0
2025-12-10T06:16:47.9536384Z   SCCACHE_CACHE_SIZE: 10G
2025-12-10T06:16:47.9536571Z ##[endgroup]
2025-12-10T06:16:48.2102259Z ##[group]Run tar xvf "/home/runner/work/_temp/install-dotslash/dotslash.tar.gz" -C "/home/runner/work/_temp/install-dotslash/bin/"
2025-12-10T06:16:48.2103050Z [36;1mtar xvf "/home/runner/work/_temp/install-dotslash/dotslash.tar.gz" -C "/home/runner/work/_temp/install-dotslash/bin/"[0m
2025-12-10T06:16:48.2134580Z shell: /usr/bin/bash --noprofile --norc -e -o pipefail {0}
2025-12-10T06:16:48.2134889Z env:
2025-12-10T06:16:48.2135045Z   USE_SCCACHE: true
2025-12-10T06:16:48.2135228Z   CARGO_INCREMENTAL: 0
2025-12-10T06:16:48.2135426Z   SCCACHE_CACHE_SIZE: 10G
2025-12-10T06:16:48.2135620Z ##[endgroup]
2025-12-10T06:16:48.2207453Z dotslash
2025-12-10T06:16:48.2353761Z ##[group]Run echo "/home/runner/work/_temp/install-dotslash/bin" >> $GITHUB_PATH
2025-12-10T06:16:48.2354228Z [36;1mecho "/home/runner/work/_temp/install-dotslash/bin" >> $GITHUB_PATH[0m
2025-12-10T06:16:48.2382575Z shell: /usr/bin/bash --noprofile --norc -e -o pipefail {0}
2025-12-10T06:16:48.2382878Z env:
2025-12-10T06:16:48.2383039Z   USE_SCCACHE: true
2025-12-10T06:16:48.2383220Z   CARGO_INCREMENTAL: 0
2025-12-10T06:16:48.2383405Z   SCCACHE_CACHE_SIZE: 10G
2025-12-10T06:16:48.2383595Z ##[endgroup]
2025-12-10T06:16:48.2448083Z ##[group]Run dotslash --version
2025-12-10T06:16:48.2448317Z [36;1mdotslash --version[0m
2025-12-10T06:16:48.2479198Z shell: /usr/bin/bash --noprofile --norc -e -o pipefail {0}
2025-12-10T06:16:48.2479505Z env:
2025-12-10T06:16:48.2479663Z   USE_SCCACHE: true
2025-12-10T06:16:48.2479847Z   CARGO_INCREMENTAL: 0
2025-12-10T06:16:48.2480225Z   SCCACHE_CACHE_SIZE: 10G
2025-12-10T06:16:48.2480425Z ##[endgroup]
2025-12-10T06:16:48.2533983Z DotSlash 0.5.8
2025-12-10T06:16:48.2571668Z ##[group]Run set -euo pipefail
2025-12-10T06:16:48.2571935Z [36;1mset -euo pipefail[0m
2025-12-10T06:16:48.2572201Z [36;1mdotslash -- fetch exec-server/tests/suite/bash[0m
2025-12-10T06:16:48.2600038Z shell: /usr/bin/bash --noprofile --norc -e -o pipefail {0}
2025-12-10T06:16:48.2600324Z env:
2025-12-10T06:16:48.2600485Z   USE_SCCACHE: true
2025-12-10T06:16:48.2600660Z   CARGO_INCREMENTAL: 0
2025-12-10T06:16:48.2600849Z   SCCACHE_CACHE_SIZE: 10G
2025-12-10T06:16:48.2601033Z ##[endgroup]
2025-12-10T06:16:48.9385839Z /home/runner/.cache/dotslash/d2/9f40b569c4d4086e684bf08eb9a93ee1cc2949/package/vendor/x86_64-unknown-linux-musl/bash/ubuntu-24.04/bash
2025-12-10T06:16:48.9506874Z ##[group]Run dtolnay/rust-toolchain@1.90
2025-12-10T06:16:48.9507432Z with:
2025-12-10T06:16:48.9507614Z   targets: x86_64-unknown-linux-gnu
2025-12-10T06:16:48.9507828Z env:
2025-12-10T06:16:48.9507981Z   USE_SCCACHE: true
2025-12-10T06:16:48.9508155Z   CARGO_INCREMENTAL: 0
2025-12-10T06:16:48.9508343Z   SCCACHE_CACHE_SIZE: 10G
2025-12-10T06:16:48.9508531Z ##[endgroup]
2025-12-10T06:16:48.9527767Z ##[group]Run : parse toolchain version
2025-12-10T06:16:48.9528075Z [36;1m: parse toolchain version[0m
2025-12-10T06:16:48.9528330Z [36;1mif [[ -z $toolchain ]]; then[0m
2025-12-10T06:16:48.9528775Z [36;1m  # GitHub does not enforce `required: true` inputs itself. https://github.com/actions/runner/issues/1070[0m
2025-12-10T06:16:48.9529256Z [36;1m  echo "'toolchain' is a required input" >&2[0m
2025-12-10T06:16:48.9529512Z [36;1m  exit 1[0m
2025-12-10T06:16:48.9529790Z [36;1melif [[ $toolchain =~ ^stable' '[0-9]+' '(year|month|week|day)s?' 'ago$ ]]; then[0m
2025-12-10T06:16:48.9530176Z [36;1m  if [[ Linux == macOS ]]; then[0m
2025-12-10T06:16:48.9530611Z [36;1m    echo "toolchain=1.$((($(date -v-$(sed 's/stable \([0-9]*\) \(.\).*/\1\2/' <<< $toolchain) +%s)/60/60/24-16569)/7/6))" >> $GITHUB_OUTPUT[0m
2025-12-10T06:16:48.9531029Z [36;1m  else[0m
2025-12-10T06:16:48.9531354Z [36;1m    echo "toolchain=1.$((($(date --date "${toolchain#stable }" +%s)/60/60/24-16569)/7/6))" >> $GITHUB_OUTPUT[0m
2025-12-10T06:16:48.9531726Z [36;1m  fi[0m
2025-12-10T06:16:48.9531974Z [36;1melif [[ $toolchain =~ ^stable' 'minus' '[0-9]+' 'releases?$ ]]; then[0m
2025-12-10T06:16:48.9532575Z [36;1m  echo "toolchain=1.$((($(date +%s)/60/60/24-16569)/7/6-${toolchain//[^0-9]/}))" >> $GITHUB_OUTPUT[0m
2025-12-10T06:16:48.9532961Z [36;1melif [[ $toolchain =~ ^1\.[0-9]+$ ]]; then[0m
2025-12-10T06:16:48.9533387Z [36;1m  echo "toolchain=1.$((i=${toolchain#1.}, c=($(date +%s)/60/60/24-16569)/7/6, i+9*i*(10*i<=c)+90*i*(100*i<=c)))" >> $GITHUB_OUTPUT[0m
2025-12-10T06:16:48.9533801Z [36;1melse[0m
2025-12-10T06:16:48.9534013Z [36;1m  echo "toolchain=$toolchain" >> $GITHUB_OUTPUT[0m
2025-12-10T06:16:48.9534270Z [36;1mfi[0m
2025-12-10T06:16:48.9565071Z shell: /usr/bin/bash --noprofile --norc -e -o pipefail {0}
2025-12-10T06:16:48.9565367Z env:
2025-12-10T06:16:48.9565534Z   USE_SCCACHE: true
2025-12-10T06:16:48.9565718Z   CARGO_INCREMENTAL: 0
2025-12-10T06:16:48.9565905Z   SCCACHE_CACHE_SIZE: 10G
2025-12-10T06:16:48.9566090Z   toolchain: 1.90.0
2025-12-10T06:16:48.9566258Z ##[endgroup]
2025-12-10T06:16:48.9635652Z ##[group]Run : construct rustup command line
2025-12-10T06:16:48.9635951Z [36;1m: construct rustup command line[0m
2025-12-10T06:16:48.9636346Z [36;1mecho "targets=$(for t in ${targets//,/ }; do echo -n ' --target' $t; done)" >> $GITHUB_OUTPUT[0m
2025-12-10T06:16:48.9636866Z [36;1mecho "components=$(for c in ${components//,/ }; do echo -n ' --component' $c; done)" >> $GITHUB_OUTPUT[0m
2025-12-10T06:16:48.9637549Z [36;1mecho "downgrade=" >> $GITHUB_OUTPUT[0m
2025-12-10T06:16:48.9665321Z shell: /usr/bin/bash --noprofile --norc -e -o pipefail {0}
2025-12-10T06:16:48.9665612Z env:
2025-12-10T06:16:48.9665772Z   USE_SCCACHE: true
2025-12-10T06:16:48.9665954Z   CARGO_INCREMENTAL: 0
2025-12-10T06:16:48.9666159Z   SCCACHE_CACHE_SIZE: 10G
2025-12-10T06:16:48.9666369Z   targets: x86_64-unknown-linux-gnu
2025-12-10T06:16:48.9666597Z   components: 
2025-12-10T06:16:48.9666761Z ##[endgroup]
2025-12-10T06:16:48.9738683Z ##[group]Run : set $CARGO_HOME
2025-12-10T06:16:48.9738910Z [36;1m: set $CARGO_HOME[0m
2025-12-10T06:16:48.9739202Z [36;1mecho CARGO_HOME=${CARGO_HOME:-"$HOME/.cargo"} >> $GITHUB_ENV[0m
2025-12-10T06:16:48.9766890Z shell: /usr/bin/bash --noprofile --norc -e -o pipefail {0}
2025-12-10T06:16:48.9767353Z env:
2025-12-10T06:16:48.9767516Z   USE_SCCACHE: true
2025-12-10T06:16:48.9767701Z   CARGO_INCREMENTAL: 0
2025-12-10T06:16:48.9767887Z   SCCACHE_CACHE_SIZE: 10G
2025-12-10T06:16:48.9768084Z ##[endgroup]
2025-12-10T06:16:48.9831923Z ##[group]Run : install rustup if needed
2025-12-10T06:16:48.9832369Z [36;1m: install rustup if needed[0m
2025-12-10T06:16:48.9832635Z [36;1mif ! command -v rustup &>/dev/null; then[0m
2025-12-10T06:16:48.9833284Z [36;1m  curl --proto '=https' --tlsv1.2 --retry 10 --retry-connrefused --location --silent --show-error --fail https://sh.rustup.rs | sh -s -- --default-toolchain none -y[0m
2025-12-10T06:16:48.9833907Z [36;1m  echo "$CARGO_HOME/bin" >> $GITHUB_PATH[0m
2025-12-10T06:16:48.9834145Z [36;1mfi[0m
2025-12-10T06:16:48.9862408Z shell: /usr/bin/bash --noprofile --norc -e -o pipefail {0}
2025-12-10T06:16:48.9862713Z env:
2025-12-10T06:16:48.9862929Z   USE_SCCACHE: true
2025-12-10T06:16:48.9863140Z   CARGO_INCREMENTAL: 0
2025-12-10T06:16:48.9863325Z   SCCACHE_CACHE_SIZE: 10G
2025-12-10T06:16:48.9863583Z   CARGO_HOME: /home/runner/.cargo
2025-12-10T06:16:48.9863896Z ##[endgroup]
2025-12-10T06:16:48.9986167Z ##[group]Run rustup toolchain install 1.90.0 --target x86_64-unknown-linux-gnu --profile minimal --no-self-update
2025-12-10T06:16:48.9986841Z [36;1mrustup toolchain install 1.90.0 --target x86_64-unknown-linux-gnu --profile minimal --no-self-update[0m
2025-12-10T06:16:49.0015565Z shell: /usr/bin/bash --noprofile --norc -e -o pipefail {0}
2025-12-10T06:16:49.0015856Z env:
2025-12-10T06:16:49.0016016Z   USE_SCCACHE: true
2025-12-10T06:16:49.0016196Z   CARGO_INCREMENTAL: 0
2025-12-10T06:16:49.0016385Z   SCCACHE_CACHE_SIZE: 10G
2025-12-10T06:16:49.0016592Z   CARGO_HOME: /home/runner/.cargo
2025-12-10T06:16:49.0016798Z ##[endgroup]
2025-12-10T06:16:51.0246274Z info: syncing channel updates for '1.90.0-x86_64-unknown-linux-gnu'
2025-12-10T06:16:51.4855144Z info: latest update on 2025-09-18, rust version 1.90.0 (1159e78c4 2025-09-14)
2025-12-10T06:16:51.4855772Z info: downloading component 'cargo'
2025-12-10T06:16:51.6220600Z info: downloading component 'rust-std'
2025-12-10T06:16:51.8875869Z info: downloading component 'rustc'
2025-12-10T06:16:52.5133220Z info: installing component 'cargo'
2025-12-10T06:16:53.2064747Z info: installing component 'rust-std'
2025-12-10T06:16:55.0673663Z info: installing component 'rustc'
2025-12-10T06:16:59.8734255Z 
2025-12-10T06:16:59.8830321Z   1.90.0-x86_64-unknown-linux-gnu installed - rustc 1.90.0 (1159e78c4 2025-09-14)
2025-12-10T06:16:59.8830791Z 
2025-12-10T06:16:59.8885125Z ##[group]Run rustup default 1.90.0
2025-12-10T06:16:59.8885548Z [36;1mrustup default 1.90.0[0m
2025-12-10T06:16:59.8930920Z shell: /usr/bin/bash --noprofile --norc -e -o pipefail {0}
2025-12-10T06:16:59.8931220Z env:
2025-12-10T06:16:59.8931383Z   USE_SCCACHE: true
2025-12-10T06:16:59.8931576Z   CARGO_INCREMENTAL: 0
2025-12-10T06:16:59.8931772Z   SCCACHE_CACHE_SIZE: 10G
2025-12-10T06:16:59.8931977Z   CARGO_HOME: /home/runner/.cargo
2025-12-10T06:16:59.8932205Z ##[endgroup]
2025-12-10T06:16:59.9036220Z info: using existing install for '1.90.0-x86_64-unknown-linux-gnu'
2025-12-10T06:16:59.9372993Z info: default toolchain set to '1.90.0-x86_64-unknown-linux-gnu'
2025-12-10T06:16:59.9373440Z 
2025-12-10T06:16:59.9462596Z   1.90.0-x86_64-unknown-linux-gnu unchanged - rustc 1.90.0 (1159e78c4 2025-09-14)
2025-12-10T06:16:59.9463109Z 
2025-12-10T06:16:59.9510782Z ##[group]Run : create cachekey
2025-12-10T06:16:59.9511041Z [36;1m: create cachekey[0m
2025-12-10T06:16:59.9511508Z [36;1mDATE=$(rustc +1.90.0 --version --verbose | sed -ne 's/^commit-date: \(20[0-9][0-9]\)-\([01][0-9]\)-\([0-3][0-9]\)$/\1\2\3/p')[0m
2025-12-10T06:16:59.9512066Z [36;1mHASH=$(rustc +1.90.0 --version --verbose | sed -ne 's/^commit-hash: //p')[0m
2025-12-10T06:16:59.9512498Z [36;1mecho "cachekey=$(echo $DATE$HASH | head -c12)" >> $GITHUB_OUTPUT[0m
2025-12-10T06:16:59.9543942Z shell: /usr/bin/bash --noprofile --norc -e -o pipefail {0}
2025-12-10T06:16:59.9544242Z env:
2025-12-10T06:16:59.9544402Z   USE_SCCACHE: true
2025-12-10T06:16:59.9544580Z   CARGO_INCREMENTAL: 0
2025-12-10T06:16:59.9544774Z   SCCACHE_CACHE_SIZE: 10G
2025-12-10T06:16:59.9544982Z   CARGO_HOME: /home/runner/.cargo
2025-12-10T06:16:59.9545200Z ##[endgroup]
2025-12-10T06:16:59.9955336Z ##[group]Run : disable incremental compilation
2025-12-10T06:16:59.9955907Z [36;1m: disable incremental compilation[0m
2025-12-10T06:16:59.9956423Z [36;1mif [ -z "${CARGO_INCREMENTAL+set}" ]; then[0m
2025-12-10T06:16:59.9956955Z [36;1m  echo CARGO_INCREMENTAL=0 >> $GITHUB_ENV[0m
2025-12-10T06:16:59.9957671Z [36;1mfi[0m
2025-12-10T06:16:59.9989221Z shell: /usr/bin/bash --noprofile --norc -e -o pipefail {0}
2025-12-10T06:16:59.9989738Z env:
2025-12-10T06:16:59.9990018Z   USE_SCCACHE: true
2025-12-10T06:16:59.9990349Z   CARGO_INCREMENTAL: 0
2025-12-10T06:16:59.9990704Z   SCCACHE_CACHE_SIZE: 10G
2025-12-10T06:16:59.9991081Z   CARGO_HOME: /home/runner/.cargo
2025-12-10T06:16:59.9991473Z ##[endgroup]
2025-12-10T06:17:00.0076248Z ##[group]Run : enable colors in Cargo output
2025-12-10T06:17:00.0076537Z [36;1m: enable colors in Cargo output[0m
2025-12-10T06:17:00.0076806Z [36;1mif [ -z "${CARGO_TERM_COLOR+set}" ]; then[0m
2025-12-10T06:17:00.0077327Z [36;1m  echo CARGO_TERM_COLOR=always >> $GITHUB_ENV[0m
2025-12-10T06:17:00.0077607Z [36;1mfi[0m
2025-12-10T06:17:00.0110914Z shell: /usr/bin/bash --noprofile --norc -e -o pipefail {0}
2025-12-10T06:17:00.0111243Z env:
2025-12-10T06:17:00.0111412Z   USE_SCCACHE: true
2025-12-10T06:17:00.0111597Z   CARGO_INCREMENTAL: 0
2025-12-10T06:17:00.0111787Z   SCCACHE_CACHE_SIZE: 10G
2025-12-10T06:17:00.0112005Z   CARGO_HOME: /home/runner/.cargo
2025-12-10T06:17:00.0112225Z ##[endgroup]
2025-12-10T06:17:00.0193769Z ##[group]Run : enable Cargo sparse registry
2025-12-10T06:17:00.0194096Z [36;1m: enable Cargo sparse registry[0m
2025-12-10T06:17:00.0194631Z [36;1m# implemented in 1.66, stabilized in 1.68, made default in 1.70[0m
2025-12-10T06:17:00.0195293Z [36;1mif [ -z "${CARGO_REGISTRIES_CRATES_IO_PROTOCOL+set}" -o -f "/home/runner/work/_temp"/.implicit_cargo_registries_crates_io_protocol ]; then[0m
2025-12-10T06:17:00.0195939Z [36;1m  if rustc +1.90.0 --version --verbose | grep -q '^release: 1\.6[89]\.'; then[0m
2025-12-10T06:17:00.0196450Z [36;1m    touch "/home/runner/work/_temp"/.implicit_cargo_registries_crates_io_protocol || true[0m
2025-12-10T06:17:00.0196942Z [36;1m    echo CARGO_REGISTRIES_CRATES_IO_PROTOCOL=sparse >> $GITHUB_ENV[0m
2025-12-10T06:17:00.0197656Z [36;1m  elif rustc +1.90.0 --version --verbose | grep -q '^release: 1\.6[67]\.'; then[0m
2025-12-10T06:17:00.0198154Z [36;1m    touch "/home/runner/work/_temp"/.implicit_cargo_registries_crates_io_protocol || true[0m
2025-12-10T06:17:00.0198620Z [36;1m    echo CARGO_REGISTRIES_CRATES_IO_PROTOCOL=git >> $GITHUB_ENV[0m
2025-12-10T06:17:00.0198922Z [36;1m  fi[0m
2025-12-10T06:17:00.0199102Z [36;1mfi[0m
2025-12-10T06:17:00.0231661Z shell: /usr/bin/bash --noprofile --norc -e -o pipefail {0}
2025-12-10T06:17:00.0231975Z env:
2025-12-10T06:17:00.0232145Z   USE_SCCACHE: true
2025-12-10T06:17:00.0232328Z   CARGO_INCREMENTAL: 0
2025-12-10T06:17:00.0232530Z   SCCACHE_CACHE_SIZE: 10G
2025-12-10T06:17:00.0232733Z   CARGO_HOME: /home/runner/.cargo
2025-12-10T06:17:00.0232957Z   CARGO_TERM_COLOR: always
2025-12-10T06:17:00.0233167Z ##[endgroup]
2025-12-10T06:17:00.0617651Z ##[group]Run : work around spurious network errors in curl 8.0
2025-12-10T06:17:00.0618038Z [36;1m: work around spurious network errors in curl 8.0[0m
2025-12-10T06:17:00.0618542Z [36;1m# https://rust-lang.zulipchat.com/#narrow/stream/246057-t-cargo/topic/timeout.20investigation[0m
2025-12-10T06:17:00.0619090Z [36;1mif rustc +1.90.0 --version --verbose | grep -q '^release: 1\.7[01]\.'; then[0m
2025-12-10T06:17:00.0619487Z [36;1m  echo CARGO_HTTP_MULTIPLEXING=false >> $GITHUB_ENV[0m
2025-12-10T06:17:00.0619769Z [36;1mfi[0m
2025-12-10T06:17:00.0650717Z shell: /usr/bin/bash --noprofile --norc -e -o pipefail {0}
2025-12-10T06:17:00.0651025Z env:
2025-12-10T06:17:00.0651187Z   USE_SCCACHE: true
2025-12-10T06:17:00.0651366Z   CARGO_INCREMENTAL: 0
2025-12-10T06:17:00.0651552Z   SCCACHE_CACHE_SIZE: 10G
2025-12-10T06:17:00.0651752Z   CARGO_HOME: /home/runner/.cargo
2025-12-10T06:17:00.0651974Z   CARGO_TERM_COLOR: always
2025-12-10T06:17:00.0652160Z ##[endgroup]
2025-12-10T06:17:00.0880702Z ##[group]Run rustc +1.90.0 --version --verbose
2025-12-10T06:17:00.0881028Z [36;1mrustc +1.90.0 --version --verbose[0m
2025-12-10T06:17:00.0912070Z shell: /usr/bin/bash --noprofile --norc -e -o pipefail {0}
2025-12-10T06:17:00.0912381Z env:
2025-12-10T06:17:00.0912547Z   USE_SCCACHE: true
2025-12-10T06:17:00.0912728Z   CARGO_INCREMENTAL: 0
2025-12-10T06:17:00.0912917Z   SCCACHE_CACHE_SIZE: 10G
2025-12-10T06:17:00.0913128Z   CARGO_HOME: /home/runner/.cargo
2025-12-10T06:17:00.0913347Z   CARGO_TERM_COLOR: always
2025-12-10T06:17:00.0913546Z ##[endgroup]
2025-12-10T06:17:00.1096329Z rustc 1.90.0 (1159e78c4 2025-09-14)
2025-12-10T06:17:00.1097783Z binary: rustc
2025-12-10T06:17:00.1098137Z commit-hash: 1159e78c4747b02ef996e55082b704c09b970588
2025-12-10T06:17:00.1098431Z commit-date: 2025-09-14
2025-12-10T06:17:00.1098639Z host: x86_64-unknown-linux-gnu
2025-12-10T06:17:00.1098949Z release: 1.90.0
2025-12-10T06:17:00.1099254Z LLVM version: 20.1.8
2025-12-10T06:17:00.1152036Z ##[group]Run set -euo pipefail
2025-12-10T06:17:00.1152315Z [36;1mset -euo pipefail[0m
2025-12-10T06:17:00.1152640Z [36;1mecho "hash=$(sha256sum Cargo.lock | cut -d' ' -f1)" >> "$GITHUB_OUTPUT"[0m
2025-12-10T06:17:00.1153156Z [36;1mecho "toolchain_hash=$(sha256sum rust-toolchain.toml | cut -d' ' -f1)" >> "$GITHUB_OUTPUT"[0m
2025-12-10T06:17:00.1184012Z shell: /usr/bin/bash --noprofile --norc -e -o pipefail {0}
2025-12-10T06:17:00.1184314Z env:
2025-12-10T06:17:00.1184479Z   USE_SCCACHE: true
2025-12-10T06:17:00.1184662Z   CARGO_INCREMENTAL: 0
2025-12-10T06:17:00.1185018Z   SCCACHE_CACHE_SIZE: 10G
2025-12-10T06:17:00.1185223Z   CARGO_HOME: /home/runner/.cargo
2025-12-10T06:17:00.1185450Z   CARGO_TERM_COLOR: always
2025-12-10T06:17:00.1185636Z ##[endgroup]
2025-12-10T06:17:00.1486210Z ##[group]Run actions/cache/restore@v4
2025-12-10T06:17:00.1486628Z with:
2025-12-10T06:17:00.1487448Z   path: ~/.cargo/bin/
~/.cargo/registry/index/
~/.cargo/registry/cache/
~/.cargo/git/db/

2025-12-10T06:17:00.1488551Z   key: cargo-home-ubuntu-24.04-x86_64-unknown-linux-gnu-dev-561bfa10cd0fb108c5136dc446a8024b320e4a6051d94f698654a63646a7a291-99fd119d5302b23ac4a7353f03fb100992215422ed7cd2efc7363decb27c742f
2025-12-10T06:17:00.1489429Z   restore-keys: cargo-home-ubuntu-24.04-x86_64-unknown-linux-gnu-dev-

2025-12-10T06:17:00.1489765Z   enableCrossOsArchive: false
2025-12-10T06:17:00.1489983Z   fail-on-cache-miss: false
2025-12-10T06:17:00.1490194Z   lookup-only: false
2025-12-10T06:17:00.1490364Z env:
2025-12-10T06:17:00.1490514Z   USE_SCCACHE: true
2025-12-10T06:17:00.1490704Z   CARGO_INCREMENTAL: 0
2025-12-10T06:17:00.1490888Z   SCCACHE_CACHE_SIZE: 10G
2025-12-10T06:17:00.1491087Z   CARGO_HOME: /home/runner/.cargo
2025-12-10T06:17:00.1491303Z   CARGO_TERM_COLOR: always
2025-12-10T06:17:00.1491516Z ##[endgroup]
2025-12-10T06:17:00.5487974Z Cache hit for: cargo-home-ubuntu-24.04-x86_64-unknown-linux-gnu-dev-561bfa10cd0fb108c5136dc446a8024b320e4a6051d94f698654a63646a7a291-99fd119d5302b23ac4a7353f03fb100992215422ed7cd2efc7363decb27c742f
2025-12-10T06:17:02.5439152Z Received 123322997 of 123322997 (100.0%), 111.8 MBs/sec
2025-12-10T06:17:02.5441697Z Cache Size: ~118 MB (123322997 B)
2025-12-10T06:17:02.5503590Z [command]/usr/bin/tar -xf /home/runner/work/_temp/833e3676-f55c-4c88-8938-da128c4b0b4c/cache.tzst -P -C /home/runner/work/codex/codex --use-compress-program unzstd
2025-12-10T06:17:02.9627836Z Cache restored successfully
2025-12-10T06:17:02.9944915Z Cache restored from key: cargo-home-ubuntu-24.04-x86_64-unknown-linux-gnu-dev-561bfa10cd0fb108c5136dc446a8024b320e4a6051d94f698654a63646a7a291-99fd119d5302b23ac4a7353f03fb100992215422ed7cd2efc7363decb27c742f
2025-12-10T06:17:03.0078865Z ##[warning]Unexpected input(s) 'version', valid inputs are ['tool', 'checksum', 'fallback']
2025-12-10T06:17:03.0089955Z ##[group]Run taiki-e/install-action@44c6d64aa62cd779e873306675c7a58e86d6d532
2025-12-10T06:17:03.0090303Z with:
2025-12-10T06:17:03.0090468Z   tool: sccache
2025-12-10T06:17:03.0090636Z   version: 0.7.5
2025-12-10T06:17:03.0090807Z   checksum: true
2025-12-10T06:17:03.0090991Z   fallback: cargo-binstall
2025-12-10T06:17:03.0091182Z env:
2025-12-10T06:17:03.0091335Z   USE_SCCACHE: true
2025-12-10T06:17:03.0091521Z   CARGO_INCREMENTAL: 0
2025-12-10T06:17:03.0091710Z   SCCACHE_CACHE_SIZE: 10G
2025-12-10T06:17:03.0091920Z   CARGO_HOME: /home/runner/.cargo
2025-12-10T06:17:03.0092145Z   CARGO_TERM_COLOR: always
2025-12-10T06:17:03.0092340Z ##[endgroup]
2025-12-10T06:17:03.0107363Z ##[group]Run set -eu
2025-12-10T06:17:03.0107588Z [36;1mset -eu[0m
2025-12-10T06:17:03.0107801Z [36;1mif ! command -v bash >/dev/null; then[0m
2025-12-10T06:17:03.0108157Z [36;1m  if grep -Eq '^ID=alpine' /etc/os-release; then[0m
2025-12-10T06:17:03.0108550Z [36;1m    printf '::group::Install packages required for install-action (bash)\n'[0m
2025-12-10T06:17:03.0108933Z [36;1m    # NB: sync with apk_install in main.sh[0m
2025-12-10T06:17:03.0109212Z [36;1m    if command -v sudo >/dev/null; then[0m
2025-12-10T06:17:03.0109482Z [36;1m      sudo apk --no-cache add bash[0m
2025-12-10T06:17:03.0109748Z [36;1m    elif command -v doas >/dev/null; then[0m
2025-12-10T06:17:03.0110017Z [36;1m      doas apk --no-cache add bash[0m
2025-12-10T06:17:03.0110253Z [36;1m    else[0m
2025-12-10T06:17:03.0110436Z [36;1m      apk --no-cache add bash[0m
2025-12-10T06:17:03.0110664Z [36;1m    fi[0m
2025-12-10T06:17:03.0110850Z [36;1m    printf '::endgroup::\n'[0m
2025-12-10T06:17:03.0111069Z [36;1m  else[0m
2025-12-10T06:17:03.0111290Z [36;1m    printf '::error::install-action requires bash\n'[0m
2025-12-10T06:17:03.0111741Z [36;1m    exit 1[0m
2025-12-10T06:17:03.0111919Z [36;1m  fi[0m
2025-12-10T06:17:03.0112079Z [36;1mfi[0m
2025-12-10T06:17:03.6144702Z shell: /usr/bin/sh -e {0}
2025-12-10T06:17:03.6145019Z env:
2025-12-10T06:17:03.6145241Z   USE_SCCACHE: true
2025-12-10T06:17:03.6145485Z   CARGO_INCREMENTAL: 0
2025-12-10T06:17:03.6145729Z   SCCACHE_CACHE_SIZE: 10G
2025-12-10T06:17:03.6146039Z   CARGO_HOME: /home/runner/.cargo
2025-12-10T06:17:03.6146346Z   CARGO_TERM_COLOR: always
2025-12-10T06:17:03.6146603Z ##[endgroup]
2025-12-10T06:17:03.6243662Z ##[group]Run bash --noprofile --norc "${GITHUB_ACTION_PATH:?}/main.sh"
2025-12-10T06:17:03.6244406Z [36;1mbash --noprofile --norc "${GITHUB_ACTION_PATH:?}/main.sh"[0m
2025-12-10T06:17:03.6280667Z shell: /usr/bin/bash --noprofile --norc -e -o pipefail {0}
2025-12-10T06:17:03.6280979Z env:
2025-12-10T06:17:03.6281141Z   USE_SCCACHE: true
2025-12-10T06:17:03.6281328Z   CARGO_INCREMENTAL: 0
2025-12-10T06:17:03.6281520Z   SCCACHE_CACHE_SIZE: 10G
2025-12-10T06:17:03.6281737Z   CARGO_HOME: /home/runner/.cargo
2025-12-10T06:17:03.6281990Z   CARGO_TERM_COLOR: always
2025-12-10T06:17:03.6282195Z   INPUT_TOOL: sccache
2025-12-10T06:17:03.6282385Z   INPUT_CHECKSUM: true
2025-12-10T06:17:03.6282587Z   INPUT_FALLBACK: cargo-binstall
2025-12-10T06:17:03.6283040Z   DEFAULT_GITHUB_TOKEN: ***
2025-12-10T06:17:03.6283402Z   ACTION_USER_AGENT: taiki-e/install-action (44c6d64aa62cd779e873306675c7a58e86d6d532)
2025-12-10T06:17:03.6283765Z ##[endgroup]
2025-12-10T06:17:03.6523791Z info: host platform: x86_64_linux
2025-12-10T06:17:03.6686908Z info: installing sccache@latest
2025-12-10T06:17:03.6864872Z info: downloading https://github.com/mozilla/sccache/releases/download/v0.12.0/sccache-v0.12.0-x86_64-unknown-linux-musl.tar.gz
2025-12-10T06:17:03.8936337Z info: verifying sha256 checksum for sccache-v0.12.0-x86_64-unknown-linux-musl.tar.gz
2025-12-10T06:17:04.0716569Z info: sccache installed at /home/runner/.cargo/bin/sccache
2025-12-10T06:17:04.0719056Z + sccache --version
2025-12-10T06:17:04.0730120Z sccache 0.12.0
2025-12-10T06:17:04.0733008Z 
2025-12-10T06:17:04.0791394Z ##[group]Run set -euo pipefail
2025-12-10T06:17:04.0791685Z [36;1mset -euo pipefail[0m
2025-12-10T06:17:04.0792011Z [36;1mif [[ -n "${ACTIONS_CACHE_URL:-}" && -n "${ACTIONS_RUNTIME_TOKEN:-}" ]]; then[0m
2025-12-10T06:17:04.0792402Z [36;1m  echo "SCCACHE_GHA_ENABLED=true" >> "$GITHUB_ENV"[0m
2025-12-10T06:17:04.0792712Z [36;1m  echo "Using sccache GitHub backend"[0m
2025-12-10T06:17:04.0792958Z [36;1melse[0m
2025-12-10T06:17:04.0793183Z [36;1m  echo "SCCACHE_GHA_ENABLED=false" >> "$GITHUB_ENV"[0m
2025-12-10T06:17:04.0793577Z [36;1m  echo "SCCACHE_DIR=/home/runner/work/codex/codex/.sccache" >> "$GITHUB_ENV"[0m
2025-12-10T06:17:04.0794001Z [36;1m  echo "Using sccache local disk + actions/cache fallback"[0m
2025-12-10T06:17:04.0794293Z [36;1mfi[0m
2025-12-10T06:17:04.0825269Z shell: /usr/bin/bash --noprofile --norc -e -o pipefail {0}
2025-12-10T06:17:04.0825578Z env:
2025-12-10T06:17:04.0825738Z   USE_SCCACHE: true
2025-12-10T06:17:04.0825941Z   CARGO_INCREMENTAL: 0
2025-12-10T06:17:04.0826157Z   SCCACHE_CACHE_SIZE: 10G
2025-12-10T06:17:04.0826362Z   CARGO_HOME: /home/runner/.cargo
2025-12-10T06:17:04.0826587Z   CARGO_TERM_COLOR: always
2025-12-10T06:17:04.0826785Z ##[endgroup]
2025-12-10T06:17:04.0874686Z Using sccache local disk + actions/cache fallback
2025-12-10T06:17:04.0898122Z ##[group]Run echo "RUSTC_WRAPPER=sccache" >> "$GITHUB_ENV"
2025-12-10T06:17:04.0898485Z [36;1mecho "RUSTC_WRAPPER=sccache" >> "$GITHUB_ENV"[0m
2025-12-10T06:17:04.0926199Z shell: /usr/bin/bash --noprofile --norc -e -o pipefail {0}
2025-12-10T06:17:04.0926496Z env:
2025-12-10T06:17:04.0926660Z   USE_SCCACHE: true
2025-12-10T06:17:04.0926848Z   CARGO_INCREMENTAL: 0
2025-12-10T06:17:04.0927196Z   SCCACHE_CACHE_SIZE: 10G
2025-12-10T06:17:04.0927430Z   CARGO_HOME: /home/runner/.cargo
2025-12-10T06:17:04.0927658Z   CARGO_TERM_COLOR: always
2025-12-10T06:17:04.0927857Z   SCCACHE_GHA_ENABLED: false
2025-12-10T06:17:04.0928104Z   SCCACHE_DIR: /home/runner/work/codex/codex/.sccache
2025-12-10T06:17:04.0928615Z ##[endgroup]
2025-12-10T06:17:04.1009920Z ##[group]Run actions/cache/restore@v4
2025-12-10T06:17:04.1010170Z with:
2025-12-10T06:17:04.1010374Z   path: /home/runner/work/codex/codex/.sccache/
2025-12-10T06:17:04.1010973Z   key: sccache-ubuntu-24.04-x86_64-unknown-linux-gnu-dev-561bfa10cd0fb108c5136dc446a8024b320e4a6051d94f698654a63646a7a291-20089231439
2025-12-10T06:17:04.1012021Z   restore-keys: sccache-ubuntu-24.04-x86_64-unknown-linux-gnu-dev-561bfa10cd0fb108c5136dc446a8024b320e4a6051d94f698654a63646a7a291-
sccache-ubuntu-24.04-x86_64-unknown-linux-gnu-dev-

2025-12-10T06:17:04.1012771Z   enableCrossOsArchive: false
2025-12-10T06:17:04.1012994Z   fail-on-cache-miss: false
2025-12-10T06:17:04.1013202Z   lookup-only: false
2025-12-10T06:17:04.1013382Z env:
2025-12-10T06:17:04.1013531Z   USE_SCCACHE: true
2025-12-10T06:17:04.1013714Z   CARGO_INCREMENTAL: 0
2025-12-10T06:17:04.1013904Z   SCCACHE_CACHE_SIZE: 10G
2025-12-10T06:17:04.1014112Z   CARGO_HOME: /home/runner/.cargo
2025-12-10T06:17:04.1014357Z   CARGO_TERM_COLOR: always
2025-12-10T06:17:04.1014557Z   SCCACHE_GHA_ENABLED: false
2025-12-10T06:17:04.1014797Z   SCCACHE_DIR: /home/runner/work/codex/codex/.sccache
2025-12-10T06:17:04.1015068Z   RUSTC_WRAPPER: sccache
2025-12-10T06:17:04.1015257Z ##[endgroup]
2025-12-10T06:17:04.3637417Z Cache hit for restore-key: sccache-ubuntu-24.04-x86_64-unknown-linux-gnu-dev-561bfa10cd0fb108c5136dc446a8024b320e4a6051d94f698654a63646a7a291-20089134135
2025-12-10T06:17:05.4878006Z Received 121634816 of 794185322 (15.3%), 116.0 MBs/sec
2025-12-10T06:17:06.4948148Z Received 272629760 of 794185322 (34.3%), 129.5 MBs/sec
2025-12-10T06:17:07.4946561Z Received 490733568 of 794185322 (61.8%), 155.6 MBs/sec
2025-12-10T06:17:08.4945360Z Received 658505728 of 794185322 (82.9%), 156.7 MBs/sec
2025-12-10T06:17:09.3062224Z Received 794185322 of 794185322 (100.0%), 157.2 MBs/sec
2025-12-10T06:17:09.3064876Z Cache Size: ~757 MB (794185322 B)
2025-12-10T06:17:09.3104827Z [command]/usr/bin/tar -xf /home/runner/work/_temp/6c48c688-2e95-4fc6-a211-984bb9e6ff1c/cache.tzst -P -C /home/runner/work/codex/codex --use-compress-program unzstd
2025-12-10T06:17:10.3620221Z Cache restored successfully
2025-12-10T06:17:10.5296549Z Cache restored from key: sccache-ubuntu-24.04-x86_64-unknown-linux-gnu-dev-561bfa10cd0fb108c5136dc446a8024b320e4a6051d94f698654a63646a7a291-20089134135
2025-12-10T06:17:10.5470921Z ##[warning]Unexpected input(s) 'version', valid inputs are ['tool', 'checksum', 'fallback']
2025-12-10T06:17:10.5477913Z ##[group]Run taiki-e/install-action@44c6d64aa62cd779e873306675c7a58e86d6d532
2025-12-10T06:17:10.5478496Z with:
2025-12-10T06:17:10.5478761Z   tool: nextest
2025-12-10T06:17:10.5479053Z   version: 0.9.103
2025-12-10T06:17:10.5479345Z   checksum: true
2025-12-10T06:17:10.5479655Z   fallback: cargo-binstall
2025-12-10T06:17:10.5479988Z env:
2025-12-10T06:17:10.5480250Z   USE_SCCACHE: true
2025-12-10T06:17:10.5480559Z   CARGO_INCREMENTAL: 0
2025-12-10T06:17:10.5480899Z   SCCACHE_CACHE_SIZE: 10G
2025-12-10T06:17:10.5481248Z   CARGO_HOME: /home/runner/.cargo
2025-12-10T06:17:10.5481645Z   CARGO_TERM_COLOR: always
2025-12-10T06:17:10.5482001Z   SCCACHE_GHA_ENABLED: false
2025-12-10T06:17:10.5482427Z   SCCACHE_DIR: /home/runner/work/codex/codex/.sccache
2025-12-10T06:17:10.5482891Z   RUSTC_WRAPPER: sccache
2025-12-10T06:17:10.5483219Z ##[endgroup]
2025-12-10T06:17:10.5504853Z ##[group]Run set -eu
2025-12-10T06:17:10.5505203Z [36;1mset -eu[0m
2025-12-10T06:17:10.5505546Z [36;1mif ! command -v bash >/dev/null; then[0m
2025-12-10T06:17:10.5506063Z [36;1m  if grep -Eq '^ID=alpine' /etc/os-release; then[0m
2025-12-10T06:17:10.5506740Z [36;1m    printf '::group::Install packages required for install-action (bash)\n'[0m
2025-12-10T06:17:10.5507639Z [36;1m    # NB: sync with apk_install in main.sh[0m
2025-12-10T06:17:10.5508126Z [36;1m    if command -v sudo >/dev/null; then[0m
2025-12-10T06:17:10.5508606Z [36;1m      sudo apk --no-cache add bash[0m
2025-12-10T06:17:10.5509296Z [36;1m    elif command -v doas >/dev/null; then[0m
2025-12-10T06:17:10.5509767Z [36;1m      doas apk --no-cache add bash[0m
2025-12-10T06:17:10.5510177Z [36;1m    else[0m
2025-12-10T06:17:10.5510488Z [36;1m      apk --no-cache add bash[0m
2025-12-10T06:17:10.5510879Z [36;1m    fi[0m
2025-12-10T06:17:10.5511198Z [36;1m    printf '::endgroup::\n'[0m
2025-12-10T06:17:10.5511592Z [36;1m  else[0m
2025-12-10T06:17:10.5511986Z [36;1m    printf '::error::install-action requires bash\n'[0m
2025-12-10T06:17:10.5512466Z [36;1m    exit 1[0m
2025-12-10T06:17:10.5512761Z [36;1m  fi[0m
2025-12-10T06:17:10.5513037Z [36;1mfi[0m
2025-12-10T06:17:10.5578596Z shell: /usr/bin/sh -e {0}
2025-12-10T06:17:10.5578949Z env:
2025-12-10T06:17:10.5579212Z   USE_SCCACHE: true
2025-12-10T06:17:10.5579534Z   CARGO_INCREMENTAL: 0
2025-12-10T06:17:10.5579869Z   SCCACHE_CACHE_SIZE: 10G
2025-12-10T06:17:10.5580227Z   CARGO_HOME: /home/runner/.cargo
2025-12-10T06:17:10.5580619Z   CARGO_TERM_COLOR: always
2025-12-10T06:17:10.5580980Z   SCCACHE_GHA_ENABLED: false
2025-12-10T06:17:10.5581407Z   SCCACHE_DIR: /home/runner/work/codex/codex/.sccache
2025-12-10T06:17:10.5581874Z   RUSTC_WRAPPER: sccache
2025-12-10T06:17:10.5582200Z ##[endgroup]
2025-12-10T06:17:10.5690937Z ##[group]Run bash --noprofile --norc "${GITHUB_ACTION_PATH:?}/main.sh"
2025-12-10T06:17:10.5691691Z [36;1mbash --noprofile --norc "${GITHUB_ACTION_PATH:?}/main.sh"[0m
2025-12-10T06:17:10.5733380Z shell: /usr/bin/bash --noprofile --norc -e -o pipefail {0}
2025-12-10T06:17:10.5733948Z env:
2025-12-10T06:17:10.5734258Z   USE_SCCACHE: true
2025-12-10T06:17:10.5734622Z   CARGO_INCREMENTAL: 0
2025-12-10T06:17:10.5734990Z   SCCACHE_CACHE_SIZE: 10G
2025-12-10T06:17:10.5735372Z   CARGO_HOME: /home/runner/.cargo
2025-12-10T06:17:10.5735809Z   CARGO_TERM_COLOR: always
2025-12-10T06:17:10.5736201Z   SCCACHE_GHA_ENABLED: false
2025-12-10T06:17:10.5736684Z   SCCACHE_DIR: /home/runner/work/codex/codex/.sccache
2025-12-10T06:17:10.5737484Z   RUSTC_WRAPPER: sccache
2025-12-10T06:17:10.5737937Z   INPUT_TOOL: nextest
2025-12-10T06:17:10.5738294Z   INPUT_CHECKSUM: true
2025-12-10T06:17:10.5738673Z   INPUT_FALLBACK: cargo-binstall
2025-12-10T06:17:10.5739383Z   DEFAULT_GITHUB_TOKEN: ***
2025-12-10T06:17:10.5740041Z   ACTION_USER_AGENT: taiki-e/install-action (44c6d64aa62cd779e873306675c7a58e86d6d532)
2025-12-10T06:17:10.5740713Z ##[endgroup]
2025-12-10T06:17:10.5960968Z info: host platform: x86_64_linux
2025-12-10T06:17:10.7772093Z * Host crates.io:443 was resolved.
2025-12-10T06:17:10.7773519Z * IPv6: 2600:9000:2852:2200:c:7ed3:240:93a1, 2600:9000:2852:600:c:7ed3:240:93a1, 2600:9000:2852:5400:c:7ed3:240:93a1, 2600:9000:2852:1800:c:7ed3:240:93a1, 2600:9000:2852:e400:c:7ed3:240:93a1, 2600:9000:2852:c400:c:7ed3:240:93a1, 2600:9000:2852:5e00:c:7ed3:240:93a1, 2600:9000:2852:ca00:c:7ed3:240:93a1
2025-12-10T06:17:10.7774967Z * IPv4: 13.225.61.21, 13.225.61.4, 13.225.61.42, 13.225.61.87
2025-12-10T06:17:10.7775433Z *   Trying 13.225.61.21:443...
2025-12-10T06:17:10.8097538Z * Connected to crates.io (13.225.61.21) port 443
2025-12-10T06:17:10.8112021Z * ALPN: curl offers h2,http/1.1
2025-12-10T06:17:10.8113785Z } [5 bytes data]
2025-12-10T06:17:10.8114223Z * TLSv1.3 (OUT), TLS handshake, Client hello (1):
2025-12-10T06:17:10.8114676Z } [512 bytes data]
2025-12-10T06:17:10.8326910Z *  CAfile: /etc/ssl/certs/ca-certificates.crt
2025-12-10T06:17:10.8327542Z *  CApath: /etc/ssl/certs
2025-12-10T06:17:10.8445617Z { [5 bytes data]
2025-12-10T06:17:10.8446486Z * TLSv1.3 (IN), TLS handshake, Server hello (2):
2025-12-10T06:17:10.8446945Z { [122 bytes data]
2025-12-10T06:17:10.8447983Z * TLSv1.3 (IN), TLS handshake, Encrypted Extensions (8):
2025-12-10T06:17:10.8448546Z { [19 bytes data]
2025-12-10T06:17:10.8453765Z * TLSv1.3 (IN), TLS handshake, Certificate (11):
2025-12-10T06:17:10.8454301Z { [3875 bytes data]
2025-12-10T06:17:10.8461187Z * TLSv1.3 (IN), TLS handshake, CERT verify (15):
2025-12-10T06:17:10.8461709Z { [264 bytes data]
2025-12-10T06:17:10.8462069Z * TLSv1.3 (IN), TLS handshake, Finished (20):
2025-12-10T06:17:10.8462840Z { [36 bytes data]
2025-12-10T06:17:10.8463268Z * TLSv1.3 (OUT), TLS change cipher, Change cipher spec (1):
2025-12-10T06:17:10.8463810Z } [1 bytes data]
2025-12-10T06:17:10.8464174Z * TLSv1.3 (OUT), TLS handshake, Finished (20):
2025-12-10T06:17:10.8464632Z } [36 bytes data]
2025-12-10T06:17:10.8465179Z * SSL connection using TLSv1.3 / TLS_AES_128_GCM_SHA256 / X25519 / RSASSA-PSS
2025-12-10T06:17:10.8465842Z * ALPN: server accepted h2
2025-12-10T06:17:10.8466403Z * Server certificate:
2025-12-10T06:17:10.8466795Z *  subject: CN=crates.io
2025-12-10T06:17:10.8467331Z *  start date: Dec  5 00:00:00 2025 GMT
2025-12-10T06:17:10.8467770Z *  expire date: Jan  3 23:59:59 2027 GMT
2025-12-10T06:17:10.8468134Z *  subjectAltName: host "crates.io" matched cert's "crates.io"
2025-12-10T06:17:10.8468498Z *  issuer: C=US; O=Amazon; CN=Amazon RSA 2048 M01
2025-12-10T06:17:10.8468780Z *  SSL certificate verify ok.
2025-12-10T06:17:10.8469215Z *   Certificate level 0: Public key type RSA (2048/112 Bits/secBits), signed using sha256WithRSAEncryption
2025-12-10T06:17:10.8469835Z *   Certificate level 1: Public key type RSA (2048/112 Bits/secBits), signed using sha256WithRSAEncryption
2025-12-10T06:17:10.8470429Z *   Certificate level 2: Public key type RSA (2048/112 Bits/secBits), signed using sha256WithRSAEncryption
2025-12-10T06:17:10.8470850Z } [5 bytes data]
2025-12-10T06:17:10.8471042Z * using HTTP/2
2025-12-10T06:17:10.8471347Z * [HTTP/2] [1] OPENED stream for https://crates.io/api/v1/crates/cargo-nextest
2025-12-10T06:17:10.8471698Z * [HTTP/2] [1] [:method: GET]
2025-12-10T06:17:10.8471922Z * [HTTP/2] [1] [:scheme: https]
2025-12-10T06:17:10.8472156Z * [HTTP/2] [1] [:authority: crates.io]
2025-12-10T06:17:10.8472444Z * [HTTP/2] [1] [:path: /api/v1/crates/cargo-nextest]
2025-12-10T06:17:10.8472881Z * [HTTP/2] [1] [user-agent: taiki-e/install-action (44c6d64aa62cd779e873306675c7a58e86d6d532)]
2025-12-10T06:17:10.8473279Z * [HTTP/2] [1] [accept: */*]
2025-12-10T06:17:10.8473490Z } [5 bytes data]
2025-12-10T06:17:10.8473698Z > GET /api/v1/crates/cargo-nextest HTTP/2
2025-12-10T06:17:10.8473954Z > Host: crates.io
2025-12-10T06:17:10.8474252Z > User-Agent: taiki-e/install-action (44c6d64aa62cd779e873306675c7a58e86d6d532)
2025-12-10T06:17:10.8474607Z > Accept: */*
2025-12-10T06:17:10.8474776Z > 
2025-12-10T06:17:10.8785998Z { [5 bytes data]
2025-12-10T06:17:10.8786996Z * TLSv1.3 (IN), TLS handshake, Newsession Ticket (4):
2025-12-10T06:17:10.8787687Z { [157 bytes data]
2025-12-10T06:17:10.9845071Z < HTTP/2 200 
2025-12-10T06:17:10.9845407Z < content-type: application/json
2025-12-10T06:17:10.9845824Z < content-length: 222879
2025-12-10T06:17:10.9846192Z < access-control-allow-origin: *
2025-12-10T06:17:10.9849222Z < content-security-policy: default-src 'self'; connect-src 'self' *.ingest.sentry.io https://docs.rs https://play.rust-lang.org https://raw.githubusercontent.com https://static.crates.io; script-src 'self' 'unsafe-eval' 'sha256-n1+BB7Ckjcal1Pr7QNBh/dKRTtBQsIytFodRiIosXdE=' 'sha256-dbf9FMl76C7BnK1CC3eWb3pvsQAUaTYSHAlBy9tNTG0='; style-src 'self' 'unsafe-inline' https://code.cdn.mozilla.net; font-src https://code.cdn.mozilla.net; img-src *; object-src 'none'
2025-12-10T06:17:10.9852084Z < date: Wed, 10 Dec 2025 06:17:10 GMT
2025-12-10T06:17:10.9852838Z < nel: {"report_to":"heroku-nel","response_headers":["Via"],"max_age":3600,"success_fraction":0.01,"failure_fraction":0.1}
2025-12-10T06:17:10.9854614Z < report-to: {"group":"heroku-nel","endpoints":[{"url":"https://nel.heroku.com/reports?s=2RMgCZOVKUwgN0Afdkezg6yDO7I23YiykAMQ0IMi07I%3D\u0026sid=af571f24-03ee-46d1-9f90-ab9030c2c74c\u0026ts=1765347430"}],"max_age":3600}
2025-12-10T06:17:10.9856792Z < reporting-endpoints: heroku-nel="https://nel.heroku.com/reports?s=2RMgCZOVKUwgN0Afdkezg6yDO7I23YiykAMQ0IMi07I%3D&sid=af571f24-03ee-46d1-9f90-ab9030c2c74c&ts=1765347430"
2025-12-10T06:17:10.9858083Z < server: Heroku
2025-12-10T06:17:10.9858537Z < strict-transport-security: max-age=31536000; includeSubDomains
2025-12-10T06:17:10.9859333Z < via: 1.1 heroku-router, 1.1 e0985d0a4c5b8d661fa587271e718458.cloudfront.net (CloudFront)
2025-12-10T06:17:10.9860354Z < x-content-type-options: nosniff
2025-12-10T06:17:10.9860766Z < x-frame-options: SAMEORIGIN
2025-12-10T06:17:10.9861135Z < x-xss-protection: 0
2025-12-10T06:17:10.9861494Z < vary: Accept,Accept-Encoding,Cookie
2025-12-10T06:17:10.9861918Z < x-cache: Miss from cloudfront
2025-12-10T06:17:10.9862294Z < x-amz-cf-pop: DFW59-P8
2025-12-10T06:17:10.9862828Z < x-amz-cf-id: 2WIDaqKpq7rOj-7ezPVtJYGSr0HT7_yOyn4leEWT5mNCd3lkf5lRwg==
2025-12-10T06:17:10.9863397Z < 
2025-12-10T06:17:10.9863653Z { [2775 bytes data]
2025-12-10T06:17:11.1245569Z * Connection #0 to host crates.io left intact
2025-12-10T06:17:11.1520199Z info: installing cargo-nextest@latest
2025-12-10T06:17:11.1709454Z info: downloading https://github.com/nextest-rs/nextest/releases/download/cargo-nextest-0.9.111/cargo-nextest-0.9.111-x86_64-unknown-linux-gnu.tar.gz
2025-12-10T06:17:11.4913712Z info: verifying sha256 checksum for cargo-nextest-0.9.111-x86_64-unknown-linux-gnu.tar.gz
2025-12-10T06:17:11.6784611Z info: cargo-nextest installed at /home/runner/.cargo/bin/cargo-nextest
2025-12-10T06:17:11.6787667Z + cargo-nextest nextest --version
2025-12-10T06:17:11.6805521Z cargo-nextest 0.9.111 (342aa1788 2025-11-04)
2025-12-10T06:17:11.6805997Z release: 0.9.111
2025-12-10T06:17:11.6806403Z commit-hash: 342aa178837750acc63c1e341c0633bbac729e09
2025-12-10T06:17:11.6806923Z commit-date: 2025-11-04
2025-12-10T06:17:11.6807449Z host: x86_64-unknown-linux-gnu
2025-12-10T06:17:11.6809617Z 
2025-12-10T06:17:11.6849886Z ##[group]Run cargo nextest run --all-features --no-fail-fast --target x86_64-unknown-linux-gnu --cargo-profile ci-test
2025-12-10T06:17:11.6851028Z [36;1mcargo nextest run --all-features --no-fail-fast --target x86_64-unknown-linux-gnu --cargo-profile ci-test[0m
2025-12-10T06:17:11.6887659Z shell: /usr/bin/bash -e {0}
2025-12-10T06:17:11.6887895Z env:
2025-12-10T06:17:11.6888064Z   USE_SCCACHE: true
2025-12-10T06:17:11.6888253Z   CARGO_INCREMENTAL: 0
2025-12-10T06:17:11.6888466Z   SCCACHE_CACHE_SIZE: 10G
2025-12-10T06:17:11.6888688Z   CARGO_HOME: /home/runner/.cargo
2025-12-10T06:17:11.6888926Z   CARGO_TERM_COLOR: always
2025-12-10T06:17:11.6889143Z   SCCACHE_GHA_ENABLED: false
2025-12-10T06:17:11.6889397Z   SCCACHE_DIR: /home/runner/work/codex/codex/.sccache
2025-12-10T06:17:11.6889683Z   RUSTC_WRAPPER: sccache
2025-12-10T06:17:11.6889893Z   RUST_BACKTRACE: 1
2025-12-10T06:17:11.6890083Z   NEXTEST_STATUS_LEVEL: leak
2025-12-10T06:17:11.6890289Z ##[endgroup]
2025-12-10T06:17:11.8037677Z info: syncing channel updates for '1.90.0-x86_64-unknown-linux-gnu'
2025-12-10T06:17:11.9404083Z info: latest update on 2025-09-18, rust version 1.90.0 (1159e78c4 2025-09-14)
2025-12-10T06:17:11.9682457Z info: downloading component 'clippy'
2025-12-10T06:17:12.0662905Z info: downloading component 'rust-src'
2025-12-10T06:17:12.1542560Z info: downloading component 'rustfmt'
2025-12-10T06:17:12.2349421Z info: installing component 'clippy'
2025-12-10T06:17:12.6114498Z info: installing component 'rust-src'
2025-12-10T06:17:13.1385659Z info: installing component 'rustfmt'
2025-12-10T06:17:17.2775337Z [1m[32m   Compiling[0m proc-macro2 v1.0.95
2025-12-10T06:17:17.2776142Z [1m[32m   Compiling[0m unicode-ident v1.0.18
2025-12-10T06:17:17.2776893Z [1m[32m   Compiling[0m libc v0.2.177
2025-12-10T06:17:17.2777988Z [1m[32m   Compiling[0m cfg-if v1.0.1
2025-12-10T06:17:17.3414770Z [1m[32m   Compiling[0m memchr v2.7.5
2025-12-10T06:17:17.3443448Z [1m[32m   Compiling[0m autocfg v1.5.0
2025-12-10T06:17:17.4335179Z [1m[32m   Compiling[0m log v0.4.28
2025-12-10T06:17:17.4746538Z [1m[32m   Compiling[0m smallvec v1.15.1
2025-12-10T06:17:17.4896253Z [1m[32m   Compiling[0m once_cell v1.21.3
2025-12-10T06:17:17.5234951Z [1m[32m   Compiling[0m bitflags v2.10.0
2025-12-10T06:17:17.5377657Z [1m[32m   Compiling[0m equivalent v1.0.2
2025-12-10T06:17:17.5722425Z [1m[32m   Compiling[0m serde_core v1.0.228
2025-12-10T06:17:17.5775223Z [1m[32m   Compiling[0m itoa v1.0.15
2025-12-10T06:17:17.6207898Z [1m[32m   Compiling[0m pin-project-lite v0.2.16
2025-12-10T06:17:17.6678407Z [1m[32m   Compiling[0m serde v1.0.228
2025-12-10T06:17:18.3162188Z [1m[32m   Compiling[0m lock_api v0.4.13
2025-12-10T06:17:18.4263393Z [1m[32m   Compiling[0m parking_lot_core v0.9.11
2025-12-10T06:17:18.4928639Z [1m[32m   Compiling[0m quote v1.0.40
2025-12-10T06:17:18.5659089Z [1m[32m   Compiling[0m syn v2.0.104
2025-12-10T06:17:18.5722494Z [1m[32m   Compiling[0m hashbrown v0.16.0
2025-12-10T06:17:18.5969109Z [1m[32m   Compiling[0m ryu v1.0.20
2025-12-10T06:17:18.6666073Z [1m[32m   Compiling[0m scopeguard v1.2.0
2025-12-10T06:17:18.6863103Z [1m[32m   Compiling[0m indexmap v2.12.0
2025-12-10T06:17:18.7160088Z [1m[32m   Compiling[0m serde_json v1.0.145
2025-12-10T06:17:18.8006881Z [1m[32m   Compiling[0m mio v1.0.4
2025-12-10T06:17:18.8748423Z [1m[32m   Compiling[0m parking_lot v0.12.4
2025-12-10T06:17:18.8983942Z [1m[32m   Compiling[0m signal-hook-registry v1.4.5
2025-12-10T06:17:18.9573448Z [1m[32m   Compiling[0m rustix v1.0.8
2025-12-10T06:17:18.9770501Z [1m[32m   Compiling[0m bytes v1.10.1
2025-12-10T06:17:18.9812643Z [1m[32m   Compiling[0m linux-raw-sys v0.9.4
2025-12-10T06:17:19.0024970Z [1m[32m   Compiling[0m serde_derive v1.0.228
2025-12-10T06:17:19.1120119Z [1m[32m   Compiling[0m futures-core v0.3.31
2025-12-10T06:17:19.1725927Z [1m[32m   Compiling[0m synstructure v0.13.2
2025-12-10T06:17:19.1931039Z [1m[32m   Compiling[0m aho-corasick v1.1.3
2025-12-10T06:17:19.2624713Z [1m[32m   Compiling[0m regex-syntax v0.8.5
2025-12-10T06:17:19.3558438Z [1m[32m   Compiling[0m tokio-macros v2.5.0
2025-12-10T06:17:19.5161408Z [1m[32m   Compiling[0m regex-automata v0.4.13
2025-12-10T06:17:19.8019513Z [1m[32m   Compiling[0m socket2 v0.6.0
2025-12-10T06:17:19.8888508Z [1m[32m   Compiling[0m zerofrom-derive v0.1.6
2025-12-10T06:17:19.9017434Z [1m[32m   Compiling[0m tokio v1.47.1
2025-12-10T06:17:19.9426697Z [1m[32m   Compiling[0m getrandom v0.3.3
2025-12-10T06:17:20.1697292Z [1m[32m   Compiling[0m yoke-derive v0.8.0
2025-12-10T06:17:20.7550761Z [1m[32m   Compiling[0m num-traits v0.2.19
2025-12-10T06:17:20.9952664Z [1m[32m   Compiling[0m stable_deref_trait v1.2.0
2025-12-10T06:17:21.0604001Z [1m[32m   Compiling[0m zerofrom v0.1.6
2025-12-10T06:17:21.3189793Z [1m[32m   Compiling[0m yoke v0.8.0
2025-12-10T06:17:21.3229284Z [1m[32m   Compiling[0m displaydoc v0.2.5
2025-12-10T06:17:21.4544448Z [1m[32m   Compiling[0m zerovec-derive v0.11.1
2025-12-10T06:17:21.6258713Z [1m[32m   Compiling[0m version_check v0.9.5
2025-12-10T06:17:21.7726935Z [1m[32m   Compiling[0m writeable v0.6.2
2025-12-10T06:17:21.8979088Z [1m[32m   Compiling[0m shlex v1.3.0
2025-12-10T06:17:21.9120975Z [1m[32m   Compiling[0m tracing-core v0.1.35
2025-12-10T06:17:21.9788887Z [1m[32m   Compiling[0m cc v1.2.30
2025-12-10T06:17:22.0292994Z [1m[32m   Compiling[0m tracing-attributes v0.1.31
2025-12-10T06:17:22.0950989Z [1m[32m   Compiling[0m litemap v0.8.0
2025-12-10T06:17:22.1026068Z [1m[32m   Compiling[0m anyhow v1.0.100
2025-12-10T06:17:22.2258692Z [1m[32m   Compiling[0m zerotrie v0.2.2
2025-12-10T06:17:22.4077523Z [1m[32m   Compiling[0m thiserror v2.0.17
2025-12-10T06:17:22.4134394Z [1m[32m   Compiling[0m thiserror-impl v2.0.17
2025-12-10T06:17:22.5249539Z [1m[32m   Compiling[0m zerovec v0.11.5
2025-12-10T06:17:22.7363923Z [1m[32m   Compiling[0m tinystr v0.8.1
2025-12-10T06:17:22.8800462Z [1m[32m   Compiling[0m potential_utf v0.1.4
2025-12-10T06:17:22.8968234Z [1m[32m   Compiling[0m icu_locale_core v2.1.1
2025-12-10T06:17:22.9683811Z [1m[32m   Compiling[0m icu_collections v2.1.1
2025-12-10T06:17:23.0792252Z [1m[32m   Compiling[0m fastrand v2.3.0
2025-12-10T06:17:23.0796343Z [1m[32m   Compiling[0m tracing v0.1.43
2025-12-10T06:17:23.1072742Z [1m[32m   Compiling[0m icu_provider v2.1.1
2025-12-10T06:17:23.1532565Z [1m[32m   Compiling[0m zerocopy v0.8.26
2025-12-10T06:17:23.2169703Z [1m[32m   Compiling[0m percent-encoding v2.3.1
2025-12-10T06:17:23.3394797Z [1m[32m   Compiling[0m regex v1.12.2
2025-12-10T06:17:23.4764496Z [1m[32m   Compiling[0m futures-io v0.3.31
2025-12-10T06:17:23.5423042Z [1m[32m   Compiling[0m fnv v1.0.7
2025-12-10T06:17:23.5886147Z [1m[32m   Compiling[0m subtle v2.6.1
2025-12-10T06:17:23.6309299Z [1m[32m   Compiling[0m base64 v0.22.1
2025-12-10T06:17:23.6548677Z [1m[32m   Compiling[0m futures-sink v0.3.31
2025-12-10T06:17:23.6873292Z [1m[32m   Compiling[0m slab v0.4.11
2025-12-10T06:17:23.7149937Z [1m[32m   Compiling[0m heck v0.5.0
2025-12-10T06:17:23.7213636Z [1m[32m   Compiling[0m futures-channel v0.3.31
2025-12-10T06:17:23.7556342Z [1m[32m   Compiling[0m futures-macro v0.3.31
2025-12-10T06:17:23.7826683Z [1m[32m   Compiling[0m icu_normalizer_data v2.1.1
2025-12-10T06:17:23.7968797Z [1m[32m   Compiling[0m allocator-api2 v0.2.21
2025-12-10T06:17:23.8397729Z [1m[32m   Compiling[0m icu_properties_data v2.1.1
2025-12-10T06:17:23.8838134Z [1m[32m   Compiling[0m futures-task v0.3.31
2025-12-10T06:17:23.8909901Z [1m[32m   Compiling[0m pin-utils v0.1.0
2025-12-10T06:17:23.9519359Z [1m[32m   Compiling[0m typenum v1.18.0
2025-12-10T06:17:24.0263364Z [1m[32m   Compiling[0m icu_normalizer v2.1.1
2025-12-10T06:17:24.0654937Z [1m[32m   Compiling[0m icu_properties v2.1.1
2025-12-10T06:17:24.1708651Z [1m[32m   Compiling[0m generic-array v0.14.7
2025-12-10T06:17:24.3119408Z [1m[32m   Compiling[0m form_urlencoded v1.2.1
2025-12-10T06:17:24.3520675Z [1m[32m   Compiling[0m idna_adapter v1.2.1
2025-12-10T06:17:24.3583998Z [1m[32m   Compiling[0m futures-util v0.3.31
2025-12-10T06:17:24.3831794Z [1m[32m   Compiling[0m getrandom v0.2.16
2025-12-10T06:17:24.4179153Z [1m[32m   Compiling[0m utf8_iter v1.0.4
2025-12-10T06:17:24.4805514Z [1m[32m   Compiling[0m idna v1.0.3
2025-12-10T06:17:24.5689737Z [1m[32m   Compiling[0m ident_case v1.0.1
2025-12-10T06:17:24.6194593Z [1m[32m   Compiling[0m strsim v0.11.1
2025-12-10T06:17:24.6277428Z [1m[32m   Compiling[0m url v2.5.4
2025-12-10T06:17:24.6872343Z [1m[32m   Compiling[0m tempfile v3.23.0
2025-12-10T06:17:24.7510650Z [1m[32m   Compiling[0m crypto-common v0.1.6
2025-12-10T06:17:24.7724980Z [1m[32m   Compiling[0m atomic-waker v1.1.2
2025-12-10T06:17:24.8047922Z [1m[32m   Compiling[0m pkg-config v0.3.32
2025-12-10T06:17:24.8162221Z [1m[32m   Compiling[0m block-buffer v0.10.4
2025-12-10T06:17:24.8342656Z [1m[32m   Compiling[0m sha1_smol v1.0.1
2025-12-10T06:17:24.8768496Z [1m[32m   Compiling[0m mime v0.3.17
2025-12-10T06:17:24.8807006Z [1m[32m   Compiling[0m digest v0.10.7
2025-12-10T06:17:24.8862958Z [1m[32m   Compiling[0m http v1.3.1
2025-12-10T06:17:24.9047325Z [1m[32m   Compiling[0m uuid v1.18.1
2025-12-10T06:17:24.9463838Z [1m[32m   Compiling[0m tokio-util v0.7.16
2025-12-10T06:17:24.9614742Z [1m[32m   Compiling[0m ppv-lite86 v0.2.21
2025-12-10T06:17:25.0039691Z [1m[32m   Compiling[0m cpufeatures v0.2.17
2025-12-10T06:17:25.0475602Z [1m[32m   Compiling[0m thiserror v1.0.69
2025-12-10T06:17:25.0714217Z [1m[32m   Compiling[0m http-body v1.0.1
2025-12-10T06:17:25.0802384Z [1m[32m   Compiling[0m darling_core v0.21.3
2025-12-10T06:17:25.1193050Z [1m[32m   Compiling[0m thiserror-impl v1.0.69
2025-12-10T06:17:25.3480156Z [1m[32m   Compiling[0m foldhash v0.1.5
2025-12-10T06:17:25.3595436Z [1m[32m   Compiling[0m simd-adler32 v0.3.7
2025-12-10T06:17:25.3704468Z [1m[32m   Compiling[0m darling_macro v0.21.3
2025-12-10T06:17:25.4182705Z [1m[32m   Compiling[0m hashbrown v0.15.4
2025-12-10T06:17:25.5562545Z [1m[32m   Compiling[0m adler2 v2.0.1
2025-12-10T06:17:25.6348536Z [1m[32m   Compiling[0m tower-service v0.3.3
2025-12-10T06:17:25.6459154Z [1m[32m   Compiling[0m darling v0.21.3
2025-12-10T06:17:25.7074464Z [1m[32m   Compiling[0m httparse v1.10.1
2025-12-10T06:17:25.7225082Z [1m[32m   Compiling[0m miniz_oxide v0.8.9
2025-12-10T06:17:25.7305843Z [1m[32m   Compiling[0m lru v0.12.5
2025-12-10T06:17:25.8448712Z [1m[32m   Compiling[0m sha1 v0.10.6
2025-12-10T06:17:25.8688794Z [1m[32m   Compiling[0m serde_derive_internals v0.29.1
2025-12-10T06:17:25.9860427Z [1m[32m   Compiling[0m httpdate v1.0.3
2025-12-10T06:17:26.0118449Z [1m[32m   Compiling[0m try-lock v0.2.5
2025-12-10T06:17:26.0554545Z [1m[32m   Compiling[0m h2 v0.4.11
2025-12-10T06:17:26.0830306Z [1m[32m   Compiling[0m want v0.3.1
2025-12-10T06:17:26.1470216Z [1m[32m   Compiling[0m ring v0.17.14
2025-12-10T06:17:26.1615299Z [1m[32m   Compiling[0m anstyle v1.0.11
2025-12-10T06:17:26.1758427Z [1m[32m   Compiling[0m vcpkg v0.2.15
2025-12-10T06:17:26.2453708Z [1m[32m   Compiling[0m zeroize v1.8.2
2025-12-10T06:17:26.2582921Z [1m[32m   Compiling[0m openssl-sys v0.9.109
2025-12-10T06:17:26.3328565Z [1m[32m   Compiling[0m rustls-pki-types v1.12.0
2025-12-10T06:17:26.4251176Z [1m[32m   Compiling[0m serde_with_macros v3.16.1
2025-12-10T06:17:26.6247280Z [1m[32m   Compiling[0m hyper v1.7.0
2025-12-10T06:17:26.6378603Z [1m[32m   Compiling[0m same-file v1.0.6
2025-12-10T06:17:26.6948671Z [1m[32m   Compiling[0m ipnet v2.11.0
2025-12-10T06:17:26.7717248Z [1m[32m   Compiling[0m dyn-clone v1.0.19
2025-12-10T06:17:26.8026107Z [1m[32m   Compiling[0m hyper-util v0.1.16
2025-12-10T06:17:26.8459649Z [1m[32m   Compiling[0m walkdir v2.5.0
2025-12-10T06:17:27.0433184Z [1m[32m   Compiling[0m http-body-util v0.1.3
2025-12-10T06:17:27.0895774Z [1m[32m   Compiling[0m serde_with v3.16.1
2025-12-10T06:17:27.1145557Z [1m[32m   Compiling[0m crc32fast v1.5.0
2025-12-10T06:17:27.2288211Z [1m[32m   Compiling[0m openssl-probe v0.1.6
2025-12-10T06:17:27.2378475Z [1m[32m   Compiling[0m termcolor v1.4.1
2025-12-10T06:17:27.2932232Z [1m[32m   Compiling[0m untrusted v0.9.0
2025-12-10T06:17:27.3417003Z [1m[32m   Compiling[0m schemars v0.8.22
2025-12-10T06:17:27.3559902Z [1m[32m   Compiling[0m ts-rs-macros v11.1.0
2025-12-10T06:17:27.4460800Z [1m[32m   Compiling[0m schemars_derive v0.8.22
2025-12-10T06:17:28.3160972Z [1m[32m   Compiling[0m sync_wrapper v1.0.2
2025-12-10T06:17:28.3430717Z [1m[32m   Compiling[0m rustls v0.23.29
2025-12-10T06:17:28.4263073Z [1m[32m   Compiling[0m tower-layer v0.3.3
2025-12-10T06:17:28.4618660Z [1m[32m   Compiling[0m ts-rs v11.1.0
2025-12-10T06:17:28.6059778Z [1m[32m   Compiling[0m openssl v0.10.73
2025-12-10T06:17:28.6408493Z [1m[32m   Compiling[0m foreign-types-shared v0.1.1
2025-12-10T06:17:28.6683224Z [1m[32m   Compiling[0m flate2 v1.1.2
2025-12-10T06:17:28.6924051Z [1m[32m   Compiling[0m foreign-types v0.3.2
2025-12-10T06:17:28.7343495Z [1m[32m   Compiling[0m tower v0.5.2
2025-12-10T06:17:28.7624137Z [1m[32m   Compiling[0m fdeflate v0.3.7
2025-12-10T06:17:28.8655434Z [1m[32m   Compiling[0m pxfm v0.1.23
2025-12-10T06:17:28.9524273Z [1m[32m   Compiling[0m async-trait v0.1.89
2025-12-10T06:17:29.2119464Z [1m[32m   Compiling[0m openssl-macros v0.1.1
2025-12-10T06:17:29.4489404Z [1m[32m   Compiling[0m native-tls v0.2.14
2025-12-10T06:17:29.4644162Z [1m[32m   Compiling[0m zune-core v0.5.0
2025-12-10T06:17:29.5447577Z [1m[32m   Compiling[0m static_assertions v1.1.0
2025-12-10T06:17:29.5553970Z [1m[32m   Compiling[0m zune-jpeg v0.5.5
2025-12-10T06:17:29.6010795Z [1m[32m   Compiling[0m moxcms v0.7.5
2025-12-10T06:17:29.6634247Z [1m[32m   Compiling[0m png v0.18.0
2025-12-10T06:17:29.7998625Z [1m[32m   Compiling[0m rustls-native-certs v0.8.1
2025-12-10T06:17:29.8672800Z [1m[32m   Compiling[0m byteorder-lite v0.1.0
2025-12-10T06:17:29.9441160Z [1m[32m   Compiling[0m crossbeam-utils v0.8.21
2025-12-10T06:17:29.9623452Z [1m[32m   Compiling[0m bytemuck v1.23.1
2025-12-10T06:17:30.0379372Z [1m[32m   Compiling[0m image v0.25.9
2025-12-10T06:17:30.1071199Z [1m[32m   Compiling[0m codex-utils-cache v0.0.0 (/home/runner/work/codex/codex/codex-rs/utils/cache)
2025-12-10T06:17:30.1795447Z [1m[32m   Compiling[0m utf8parse v0.2.2
2025-12-10T06:17:30.2326008Z [1m[32m   Compiling[0m icu_locale_data v2.1.1
2025-12-10T06:17:30.3126527Z [1m[32m   Compiling[0m webpki-roots v1.0.2
2025-12-10T06:17:30.3462860Z [1m[32m   Compiling[0m num-integer v0.1.46
2025-12-10T06:17:30.3710914Z [1m[32m   Compiling[0m encoding_rs v0.8.35
2025-12-10T06:17:30.4238769Z [1m[32m   Compiling[0m icu_decimal_data v2.1.1
2025-12-10T06:17:30.4781367Z [1m[32m   Compiling[0m tokio-native-tls v0.3.1
2025-12-10T06:17:30.5128112Z [1m[32m   Compiling[0m iri-string v0.7.8
2025-12-10T06:17:30.5376262Z [1m[32m   Compiling[0m unicase v2.8.1
2025-12-10T06:17:30.5862501Z [1m[32m   Compiling[0m mime_guess v2.0.5
2025-12-10T06:17:30.6849981Z [1m[32m   Compiling[0m hyper-tls v0.6.0
2025-12-10T06:17:30.7166822Z [1m[32m   Compiling[0m tower-http v0.6.6
2025-12-10T06:17:30.8402096Z [1m[32m   Compiling[0m mcp-types v0.0.0 (/home/runner/work/codex/codex/codex-rs/mcp-types)
2025-12-10T06:17:30.8851381Z [1m[32m   Compiling[0m serde_urlencoded v0.7.1
2025-12-10T06:17:30.8962060Z [1m[32m   Compiling[0m either v1.15.0
2025-12-10T06:17:30.9691040Z [1m[32m   Compiling[0m icu_locale v2.1.1
2025-12-10T06:17:31.1064226Z [1m[32m   Compiling[0m num-bigint v0.4.6
2025-12-10T06:17:31.1145907Z [1m[32m   Compiling[0m anstyle-parse v0.2.7
2025-12-10T06:17:31.1772541Z [1m[32m   Compiling[0m codex-utils-image v0.0.0 (/home/runner/work/codex/codex/codex-rs/utils/image)
2025-12-10T06:17:31.2488427Z [1m[32m   Compiling[0m codex-git v0.0.0 (/home/runner/work/codex/codex/codex-rs/utils/git)
2025-12-10T06:17:31.2610511Z [1m[32m   Compiling[0m rand_core v0.6.4
2025-12-10T06:17:31.3146668Z [1m[32m   Compiling[0m fixed_decimal v0.7.0
2025-12-10T06:17:31.3437718Z [1m[32m   Compiling[0m serde_repr v0.1.20
2025-12-10T06:17:31.4069334Z [1m[32m   Compiling[0m anstyle-query v1.1.3
2025-12-10T06:17:31.4662207Z [1m[32m   Compiling[0m colorchoice v1.0.4
2025-12-10T06:17:31.5221491Z [1m[32m   Compiling[0m is_terminal_polyfill v1.70.1
2025-12-10T06:17:31.5767020Z [1m[32m   Compiling[0m anstream v0.6.19
2025-12-10T06:17:31.6015346Z [1m[32m   Compiling[0m icu_decimal v2.1.1
2025-12-10T06:17:31.6129980Z [1m[32m   Compiling[0m rand_chacha v0.3.1
2025-12-10T06:17:31.6845875Z [1m[32m   Compiling[0m strum_macros v0.27.2
2025-12-10T06:17:31.6968636Z [1m[32m   Compiling[0m strum v0.27.2
2025-12-10T06:17:31.7172865Z [1m[32m   Compiling[0m sys-locale v0.3.2
2025-12-10T06:17:31.7545707Z [1m[32m   Compiling[0m rand v0.8.5
2025-12-10T06:17:31.7674387Z [1m[32m   Compiling[0m terminal_size v0.4.2
2025-12-10T06:17:31.8282140Z [1m[32m   Compiling[0m clap_lex v0.7.5
2025-12-10T06:17:31.8875066Z [1m[32m   Compiling[0m hex v0.4.3
2025-12-10T06:17:31.9291745Z [1m[32m   Compiling[0m clap_builder v4.5.47
2025-12-10T06:17:31.9554783Z [1m[32m   Compiling[0m futures-executor v0.3.31
2025-12-10T06:17:32.0241380Z [1m[32m   Compiling[0m clap_derive v4.5.47
2025-12-10T06:17:32.1362427Z [1m[32m   Compiling[0m rustversion v1.0.21
2025-12-10T06:17:32.7565460Z [1m[32m   Compiling[0m rand_core v0.9.3
2025-12-10T06:17:32.8954417Z [1m[32m   Compiling[0m ref-cast v1.0.24
2025-12-10T06:17:33.2104137Z [1m[32m   Compiling[0m codex-protocol v0.0.0 (/home/runner/work/codex/codex/codex-rs/protocol)
2025-12-10T06:17:33.4479371Z [1m[32m   Compiling[0m rand_chacha v0.9.0
2025-12-10T06:17:33.4856889Z [1m[32m   Compiling[0m clap v4.5.47
2025-12-10T06:17:33.5350196Z [1m[32m   Compiling[0m ref-cast-impl v1.0.24
2025-12-10T06:17:33.5494437Z [1m[32m   Compiling[0m unicode-segmentation v1.12.0
2025-12-10T06:17:33.6531000Z [1m[32m   Compiling[0m winnow v0.7.13
2025-12-10T06:17:33.8460503Z [1m[32m   Compiling[0m parking v2.2.1
2025-12-10T06:17:33.9408069Z [1m[32m   Compiling[0m rand v0.9.2
2025-12-10T06:17:34.0586173Z [1m[32m   Compiling[0m concurrent-queue v2.5.0
2025-12-10T06:17:34.1261888Z [1m[32m   Compiling[0m home v0.5.11
2025-12-10T06:17:34.1659106Z [1m[32m   Compiling[0m syn v1.0.109
2025-12-10T06:17:34.1951460Z [1m[32m   Compiling[0m unicode-width v0.1.14
2025-12-10T06:17:34.3371489Z [1m[32m   Compiling[0m cfg_aliases v0.2.1
2025-12-10T06:17:34.3870481Z [1m[32m   Compiling[0m futures v0.3.31
2025-12-10T06:17:34.4500234Z [1m[32m   Compiling[0m tokio-stream v0.1.17
2025-12-10T06:17:34.6765502Z [1m[32m   Compiling[0m rustix v0.38.44
2025-12-10T06:17:34.7104724Z [1m[32m   Compiling[0m event-listener v5.4.0
2025-12-10T06:17:34.7883689Z [1m[32m   Compiling[0m toml_parser v1.0.4
2025-12-10T06:17:34.8601392Z [1m[32m   Compiling[0m toml_datetime v0.7.3
2025-12-10T06:17:34.8859091Z [1m[32m   Compiling[0m linux-raw-sys v0.4.15
2025-12-10T06:17:34.9017816Z [1m[32m   Compiling[0m event-listener-strategy v0.5.4
2025-12-10T06:17:34.9197957Z [1m[32m   Compiling[0m toml_edit v0.23.7
2025-12-10T06:17:35.0212541Z [1m[32m   Compiling[0m cfg_aliases v0.1.1
2025-12-10T06:17:35.0570209Z [1m[32m   Compiling[0m paste v1.0.15
2025-12-10T06:17:35.0758787Z [1m[32m   Compiling[0m unicode-xid v0.2.6
2025-12-10T06:17:35.1194747Z [1m[32m   Compiling[0m nix v0.28.0
2025-12-10T06:17:35.2043524Z [1m[32m   Compiling[0m proc-macro-crate v3.4.0
2025-12-10T06:17:35.2718421Z [1m[32m   Compiling[0m dirs-sys-next v0.1.2
2025-12-10T06:17:35.3269110Z [1m[32m   Compiling[0m futures-lite v2.6.1
2025-12-10T06:17:35.3308387Z [1m[32m   Compiling[0m itertools v0.13.0
2025-12-10T06:17:35.4529341Z [1m[32m   Compiling[0m enumflags2_derive v0.7.12
2025-12-10T06:17:35.4814193Z [1m[32m   Compiling[0m zvariant_utils v2.1.0
2025-12-10T06:17:35.5469188Z [1m[32m   Compiling[0m minimal-lexical v0.2.1
2025-12-10T06:17:35.6151188Z [1m[32m   Compiling[0m crunchy v0.2.4
2025-12-10T06:17:35.8021843Z [1m[32m   Compiling[0m enumflags2 v0.7.12
2025-12-10T06:17:35.8407986Z [1m[32m   Compiling[0m nom v7.1.3
2025-12-10T06:17:35.8721827Z [1m[32m   Compiling[0m dirs-next v2.0.0
2025-12-10T06:17:35.9282913Z [1m[32m   Compiling[0m block-padding v0.3.3
2025-12-10T06:17:35.9870302Z [1m[32m   Compiling[0m ahash v0.8.12
2025-12-10T06:17:36.0126939Z [1m[32m   Compiling[0m memoffset v0.9.1
2025-12-10T06:17:36.1046402Z [1m[32m   Compiling[0m async-task v4.7.1
2025-12-10T06:17:36.1325752Z [1m[32m   Compiling[0m regex-syntax v0.6.29
2025-12-10T06:17:36.1486643Z [1m[32m   Compiling[0m iana-time-zone v0.1.63
2025-12-10T06:17:36.1765150Z [1m[32m   Compiling[0m siphasher v1.0.1
2025-12-10T06:17:36.2039335Z [1m[32m   Compiling[0m tiny-keccak v2.0.2
2025-12-10T06:17:36.2355712Z [1m[32m   Compiling[0m phf_shared v0.11.3
2025-12-10T06:17:36.2859779Z [1m[32m   Compiling[0m chrono v0.4.42
2025-12-10T06:17:36.3458931Z [1m[32m   Compiling[0m inout v0.1.4
2025-12-10T06:17:36.3582437Z [1m[32m   Compiling[0m term v0.7.0
2025-12-10T06:17:36.4999780Z [1m[32m   Compiling[0m zvariant_derive v4.2.0
2025-12-10T06:17:36.5086963Z [1m[32m   Compiling[0m async-channel v2.5.0
2025-12-10T06:17:36.5820488Z [1m[32m   Compiling[0m nix v0.29.0
2025-12-10T06:17:36.6852305Z [1m[32m   Compiling[0m piper v0.2.4
2025-12-10T06:17:36.7538519Z [1m[32m   Compiling[0m dupe_derive v0.9.1
2025-12-10T06:17:36.8446243Z [1m[32m   Compiling[0m async-io v2.6.0
2025-12-10T06:17:37.0012894Z [1m[32m   Compiling[0m bit-vec v0.6.3
2025-12-10T06:17:37.0637767Z [1m[32m   Compiling[0m fixedbitset v0.4.2
2025-12-10T06:17:37.0745649Z [1m[32m   Compiling[0m precomputed-hash v0.1.1
2025-12-10T06:17:37.1131990Z [1m[32m   Compiling[0m endi v1.1.0
2025-12-10T06:17:37.1262477Z [1m[32m   Compiling[0m new_debug_unreachable v1.0.6
2025-12-10T06:17:37.1700854Z [1m[32m   Compiling[0m zvariant v4.2.0
2025-12-10T06:17:37.1761679Z [1m[32m   Compiling[0m string_cache v0.8.9
2025-12-10T06:17:37.1939502Z [1m[32m   Compiling[0m ena v0.14.3
2025-12-10T06:17:37.2353480Z [1m[32m   Compiling[0m petgraph v0.6.5
2025-12-10T06:17:37.2525101Z [1m[32m   Compiling[0m bit-set v0.5.3
2025-12-10T06:17:37.3459118Z [1m[32m   Compiling[0m blocking v1.6.2
2025-12-10T06:17:37.3967525Z [1m[32m   Compiling[0m ascii-canvas v3.0.0
2025-12-10T06:17:37.4076834Z [1m[32m   Compiling[0m cipher v0.4.4
2025-12-10T06:17:37.4735140Z [1m[32m   Compiling[0m async-lock v3.4.1
2025-12-10T06:17:37.5081770Z [1m[32m   Compiling[0m lalrpop-util v0.19.12
2025-12-10T06:17:37.5121828Z [1m[32m   Compiling[0m is-terminal v0.4.16
2025-12-10T06:17:37.5705678Z [1m[32m   Compiling[0m itertools v0.10.5
2025-12-10T06:17:37.5751064Z [1m[32m   Compiling[0m sha2 v0.10.9
2025-12-10T06:17:37.5809329Z [1m[32m   Compiling[0m polling v3.11.0
2025-12-10T06:17:37.6500645Z [1m[32m   Compiling[0m diff v0.1.13
2025-12-10T06:17:37.6566674Z [1m[32m   Compiling[0m lazy_static v1.5.0
2025-12-10T06:17:37.7056489Z [1m[32m   Compiling[0m allocative v0.3.4
2025-12-10T06:17:37.7090627Z [1m[32m   Compiling[0m lalrpop v0.19.12
2025-12-10T06:17:37.7091566Z [1m[32m   Compiling[0m Inflector v0.11.4
2025-12-10T06:17:37.8617997Z [1m[32m   Compiling[0m async-fs v2.2.0
2025-12-10T06:17:37.9351332Z [1m[32m   Compiling[0m hashbrown v0.14.5
2025-12-10T06:17:38.0551839Z [1m[32m   Compiling[0m zbus_names v3.0.0
2025-12-10T06:17:38.0606581Z [1m[32m   Compiling[0m async-executor v1.13.3
2025-12-10T06:17:38.1226616Z [1m[32m   Compiling[0m convert_case v0.6.0
2025-12-10T06:17:38.1258743Z [1m[32m   Compiling[0m zbus_macros v4.4.0
2025-12-10T06:17:38.1759984Z [1m[32m   Compiling[0m schemafy_core v0.5.2
2025-12-10T06:17:38.1885010Z [1m[32m   Compiling[0m async-broadcast v0.7.2
2025-12-10T06:17:38.2320295Z [1m[32m   Compiling[0m ctor v0.1.26
2025-12-10T06:17:38.2545379Z [1m[32m   Compiling[0m axum-core v0.5.2
2025-12-10T06:17:38.3805517Z [1m[32m   Compiling[0m num-rational v0.4.2
2025-12-10T06:17:38.4704439Z [1m[32m   Compiling[0m num-iter v0.1.45
2025-12-10T06:17:38.5229347Z [1m[32m   Compiling[0m hmac v0.12.1
2025-12-10T06:17:38.5425485Z [1m[32m   Compiling[0m num-complex v0.4.6
2025-12-10T06:17:38.5771773Z [1m[32m   Compiling[0m ordered-stream v0.2.0
2025-12-10T06:17:38.6452622Z [1m[32m   Compiling[0m allocative_derive v0.3.3
2025-12-10T06:17:38.6540833Z [1m[32m   Compiling[0m xdg-home v1.3.0
2025-12-10T06:17:38.7196452Z [1m[32m   Compiling[0m matchit v0.8.4
2025-12-10T06:17:38.7943748Z [1m[32m   Compiling[0m time-core v0.1.6
2025-12-10T06:17:38.8995004Z [1m[32m   Compiling[0m starlark_map v0.13.0
2025-12-10T06:17:39.0690008Z [1m[32m   Compiling[0m powerfmt v0.2.0
2025-12-10T06:17:39.0839444Z [1m[32m   Compiling[0m num-conv v0.1.0
2025-12-10T06:17:39.1244994Z [1m[32m   Compiling[0m beef v0.5.2
2025-12-10T06:17:39.1492350Z [1m[32m   Compiling[0m bumpalo v3.19.0
2025-12-10T06:17:39.1795829Z [1m[32m   Compiling[0m byteorder v1.5.0
2025-12-10T06:17:39.2148325Z [1m[32m   Compiling[0m indenter v0.3.3
2025-12-10T06:17:39.2528707Z [1m[32m   Compiling[0m fxhash v0.2.1
2025-12-10T06:17:39.3141825Z [1m[32m   Compiling[0m logos-derive v0.12.1
2025-12-10T06:17:39.3978630Z [1m[32m   Compiling[0m time-macros v0.2.24
2025-12-10T06:17:40.2001307Z [1m[32m   Compiling[0m zbus v4.4.0
2025-12-10T06:17:40.3220598Z [1m[32m   Compiling[0m deranged v0.5.4
2025-12-10T06:17:40.6481429Z [1m[32m   Compiling[0m axum v0.8.4
2025-12-10T06:17:40.8439000Z [1m[32m   Compiling[0m num v0.4.3
2025-12-10T06:17:40.8739189Z [1m[32m   Compiling[0m hkdf v0.12.4
2025-12-10T06:17:40.8992516Z [1m[32m   Compiling[0m schemafy_lib v0.5.2
2025-12-10T06:17:40.9039000Z [1m[32m   Compiling[0m derive_more-impl v1.0.0
2025-12-10T06:17:40.9359376Z [1m[32m   Compiling[0m starlark_syntax v0.13.0
2025-12-10T06:17:40.9976005Z [1m[32m   Compiling[0m aes v0.8.4
2025-12-10T06:17:41.0879785Z [1m[32m   Compiling[0m cbc v0.1.2
2025-12-10T06:17:41.1377606Z [1m[32m   Compiling[0m dupe v0.9.1
2025-12-10T06:17:41.2234384Z [1m[32m   Compiling[0m bstr v1.12.0
2025-12-10T06:17:41.2402781Z [1m[32m   Compiling[0m nibble_vec v0.1.0
2025-12-10T06:17:41.3032431Z [1m[32m   Compiling[0m memoffset v0.6.5
2025-12-10T06:17:41.3789693Z [1m[32m   Compiling[0m ascii v1.1.0
2025-12-10T06:17:41.4044825Z [1m[32m   Compiling[0m bitflags v1.3.2
2025-12-10T06:17:41.4530625Z [1m[32m   Compiling[0m chunked_transfer v1.5.0
2025-12-10T06:17:41.4569580Z [1m[32m   Compiling[0m endian-type v0.1.2
2025-12-10T06:17:41.5076278Z [1m[32m   Compiling[0m num_threads v0.1.7
2025-12-10T06:17:41.5595828Z [1m[32m   Compiling[0m radix_trie v0.2.1
2025-12-10T06:17:41.5701835Z [1m[32m   Compiling[0m time v0.3.44
2025-12-10T06:17:41.6279698Z [1m[32m   Compiling[0m tiny_http v0.12.0
2025-12-10T06:17:41.7216145Z [1m[32m   Compiling[0m lsp-types v0.94.1
2025-12-10T06:17:42.7905658Z [1m[32m   Compiling[0m secret-service v4.0.0
2025-12-10T06:17:43.0275203Z [1m[32m   Compiling[0m schemafy v0.5.2
2025-12-10T06:17:43.5943617Z [1m[32m   Compiling[0m logos v0.12.1
2025-12-10T06:17:43.8604340Z [1m[32m   Compiling[0m derivative v2.2.0
2025-12-10T06:17:44.1125214Z [1m[32m   Compiling[0m derive_more v1.0.0
2025-12-10T06:17:44.1911888Z [1m[32m   Compiling[0m nix v0.30.1
2025-12-10T06:17:44.4585658Z [1m[32m   Compiling[0m annotate-snippets v0.9.2
2025-12-10T06:17:44.5349004Z [1m[32m   Compiling[0m fd-lock v4.0.4
2025-12-10T06:17:44.6157578Z [1m[32m   Compiling[0m linux-keyutils v0.2.4
2025-12-10T06:17:44.7948827Z [1m[32m   Compiling[0m starlark v0.13.0
2025-12-10T06:17:45.1912126Z [1m[32m   Compiling[0m keyring v3.6.3
2025-12-10T06:17:45.2512873Z [1m[32m   Compiling[0m rustyline v14.0.0
2025-12-10T06:17:45.3052055Z [1m[32m   Compiling[0m starlark_derive v0.13.0
2025-12-10T06:17:45.4135076Z [1m[32m   Compiling[0m debugserver-types v0.5.0
2025-12-10T06:17:46.3668999Z [1m[32m   Compiling[0m display_container v0.9.0
2025-12-10T06:17:46.4305223Z [1m[32m   Compiling[0m textwrap v0.11.0
2025-12-10T06:17:46.4950157Z [1m[32m   Compiling[0m erased-serde v0.3.31
2025-12-10T06:17:46.6375344Z [1m[32m   Compiling[0m cmp_any v0.8.1
2025-12-10T06:17:46.7506180Z [1m[32m   Compiling[0m strsim v0.10.0
2025-12-10T06:17:46.8402506Z [1m[32m   Compiling[0m maplit v1.0.2
2025-12-10T06:17:46.9642833Z [1m[32m   Compiling[0m inventory v0.3.20
2025-12-10T06:17:47.3532614Z [1m[32m   Compiling[0m schemars_derive v1.0.4
2025-12-10T06:17:47.3685175Z [1m[32m   Compiling[0m multimap v0.10.1
2025-12-10T06:17:47.4378999Z [1m[32m   Compiling[0m serde_path_to_error v0.1.20
2025-12-10T06:17:47.5150359Z [1m[32m   Compiling[0m path-dedot v3.1.1
2025-12-10T06:17:47.5761822Z [1m[32m   Compiling[0m option-ext v0.2.0
2025-12-10T06:17:47.6341485Z [1m[32m   Compiling[0m regex-lite v0.1.7
2025-12-10T06:17:47.7380569Z [1m[32m   Compiling[0m dirs-sys v0.5.0
2025-12-10T06:17:47.8049476Z [1m[32m   Compiling[0m path-absolutize v3.1.1
2025-12-10T06:17:47.8665251Z [1m[32m   Compiling[0m process-wrap v8.2.1
2025-12-10T06:17:48.0189349Z [1m[32m   Compiling[0m codex-keyring-store v0.0.0 (/home/runner/work/codex/codex/codex-rs/keyring-store)
2025-12-10T06:17:48.1740075Z [1m[32m   Compiling[0m eventsource-stream v0.2.3
2025-12-10T06:17:48.2611550Z [1m[32m   Compiling[0m rmcp-macros v0.10.0
2025-12-10T06:17:48.3912701Z [1m[32m   Compiling[0m schemars v1.0.4
2025-12-10T06:17:48.6002329Z [1m[32m   Compiling[0m sse-stream v0.2.1
2025-12-10T06:17:48.6771827Z [1m[32m   Compiling[0m pastey v0.2.0
2025-12-10T06:17:48.7489567Z [1m[32m   Compiling[0m dirs v6.0.0
2025-12-10T06:17:48.8039021Z [1m[32m   Compiling[0m which v6.0.3
2025-12-10T06:17:48.9078295Z [1m[32m   Compiling[0m webbrowser v1.0.6
2025-12-10T06:17:48.9761894Z [1m[32m   Compiling[0m downcast-rs v1.2.1
2025-12-10T06:17:48.9799371Z [1m[32m   Compiling[0m urlencoding v2.1.3
2025-12-10T06:17:49.0328297Z [1m[32m   Compiling[0m tree-sitter v0.25.10
2025-12-10T06:17:49.0358560Z [1m[32m   Compiling[0m tree-sitter-language v0.1.5
2025-12-10T06:17:49.0921908Z [1m[32m   Compiling[0m env_filter v0.1.3
2025-12-10T06:17:49.2448049Z [1m[32m   Compiling[0m tree-sitter-bash v0.25.0
2025-12-10T06:17:49.3332057Z [1m[32m   Compiling[0m jiff v0.2.15
2025-12-10T06:17:49.6174669Z [1m[32m   Compiling[0m streaming-iterator v0.1.9
2025-12-10T06:17:49.6753489Z [1m[32m   Compiling[0m env_logger v0.11.8
2025-12-10T06:17:51.3527875Z [1m[32m   Compiling[0m itertools v0.14.0
2025-12-10T06:17:51.4669109Z [1m[32m   Compiling[0m opentelemetry v0.30.0
2025-12-10T06:17:51.5637508Z [1m[32m   Compiling[0m windows_x86_64_gnu v0.52.6
2025-12-10T06:17:51.6359587Z [1m[32m   Compiling[0m similar v2.7.0
2025-12-10T06:17:51.7123370Z [1m[32m   Compiling[0m prost-derive v0.13.5
2025-12-10T06:17:52.4420886Z [1m[32m   Compiling[0m crossbeam-epoch v0.9.18
2025-12-10T06:17:52.5046446Z [1m[32m   Compiling[0m pin-project-internal v1.1.10
2025-12-10T06:17:53.2656028Z [1m[32m   Compiling[0m pin-project v1.1.10
2025-12-10T06:17:53.3114477Z [1m[32m   Compiling[0m crossbeam-deque v0.8.6
2025-12-10T06:17:53.3637681Z [1m[32m   Compiling[0m prost v0.13.5
2025-12-10T06:17:53.4690130Z [1m[32m   Compiling[0m globset v0.4.16
2025-12-10T06:17:53.5330084Z [1m[32m   Compiling[0m codex-app-server-protocol v0.0.0 (/home/runner/work/codex/codex/codex-rs/app-server-protocol)
2025-12-10T06:17:54.5165286Z [1m[32m   Compiling[0m hyper-timeout v0.5.2
2025-12-10T06:17:54.5757634Z [1m[32m   Compiling[0m socket2 v0.5.10
2025-12-10T06:17:54.7010709Z [1m[32m   Compiling[0m toml_writer v1.0.4
2025-12-10T06:17:54.7542523Z [1m[32m   Compiling[0m ignore v0.4.23
2025-12-10T06:17:54.8297438Z [1m[32m   Compiling[0m windows-targets v0.52.6
2025-12-10T06:17:54.8724268Z [1m[32m   Compiling[0m codex-execpolicy v0.0.0 (/home/runner/work/codex/codex/codex-rs/execpolicy)
2025-12-10T06:17:54.9747228Z [1m[32m   Compiling[0m opentelemetry_sdk v0.30.0
2025-12-10T06:17:55.2581482Z [1m[32m   Compiling[0m nucleo-matcher v0.3.1
2025-12-10T06:17:55.3249687Z [1m[32m   Compiling[0m filedescriptor v0.8.3
2025-12-10T06:17:55.3798386Z [1m[32m   Compiling[0m serde_spanned v1.0.0
2025-12-10T06:17:55.4304703Z [1m[32m   Compiling[0m serial2 v0.2.31
2025-12-10T06:17:55.5397256Z [1m[32m   Compiling[0m shell-words v1.1.0
2025-12-10T06:17:55.5864117Z [1m[32m   Compiling[0m portable-pty v0.9.0
2025-12-10T06:17:55.7002741Z [1m[32m   Compiling[0m toml v0.9.5
2025-12-10T06:17:55.7944961Z [1m[32m   Compiling[0m windows-sys v0.52.0
2025-12-10T06:17:56.0992665Z [1m[32m   Compiling[0m codex-utils-absolute-path v0.0.0 (/home/runner/work/codex/codex/codex-rs/utils/absolute-path)
2025-12-10T06:17:56.1508543Z [1m[32m   Compiling[0m dunce v1.0.5
2025-12-10T06:17:56.1960922Z [1m[32m   Compiling[0m codex-file-search v0.0.0 (/home/runner/work/codex/codex/codex-rs/file-search)
2025-12-10T06:17:56.2603313Z [1m[32m   Compiling[0m basic-toml v0.1.10
2025-12-10T06:17:56.3247010Z [1m[32m   Compiling[0m askama_parser v0.14.0
2025-12-10T06:17:56.4109904Z [1m[32m   Compiling[0m test-case-core v3.3.1
2025-12-10T06:17:56.4855018Z [1m[32m   Compiling[0m opentelemetry-semantic-conventions v0.30.0
2025-12-10T06:17:56.5399327Z [1m[32m   Compiling[0m rustc-hash v2.1.1
2025-12-10T06:17:56.5840209Z [1m[32m   Compiling[0m askama_derive v0.14.0
2025-12-10T06:17:57.8104281Z [1m[32m   Compiling[0m test-case-macros v3.3.1
2025-12-10T06:17:57.9954585Z [1m[32m   Compiling[0m codex-windows-sandbox v0.0.0 (/home/runner/work/codex/codex/codex-rs/windows-sandbox-rs)
2025-12-10T06:17:58.0601205Z [1m[32m   Compiling[0m codex-utils-pty v0.0.0 (/home/runner/work/codex/codex/codex-rs/utils/pty)
2025-12-10T06:17:58.1153171Z [1m[32m   Compiling[0m codex-utils-readiness v0.0.0 (/home/runner/work/codex/codex/codex-rs/utils/readiness)
2025-12-10T06:17:58.1766560Z [1m[32m   Compiling[0m codex-async-utils v0.0.0 (/home/runner/work/codex/codex/codex-rs/async-utils)
2025-12-10T06:17:58.2327591Z [1m[32m   Compiling[0m test-log-macros v0.2.18
2025-12-10T06:17:58.3933167Z [1m[32m   Compiling[0m unsafe-libyaml v0.2.11
2025-12-10T06:17:58.4989641Z [1m[32m   Compiling[0m codex-utils-string v0.0.0 (/home/runner/work/codex/codex/codex-rs/utils/string)
2025-12-10T06:17:58.5462613Z [1m[32m   Compiling[0m serde_yaml v0.9.34+deprecated
2025-12-10T06:17:58.6470894Z [1m[32m   Compiling[0m test-log v0.2.18
2025-12-10T06:17:58.6943445Z [1m[32m   Compiling[0m test-case v3.3.1
2025-12-10T06:17:58.7392580Z [1m[32m   Compiling[0m askama v0.14.0
2025-12-10T06:17:58.8899347Z [1m[32m   Compiling[0m landlock v0.4.2
2025-12-10T06:17:58.9650427Z [1m[32m   Compiling[0m chardetng v0.1.17
2025-12-10T06:17:59.0352989Z [1m[32m   Compiling[0m os_info v3.12.0
2025-12-10T06:17:59.1049412Z [1m[32m   Compiling[0m seccompiler v0.5.0
2025-12-10T06:17:59.1604426Z [1m[32m   Compiling[0m wildmatch v2.6.1
2025-12-10T06:17:59.2071675Z [1m[32m   Compiling[0m env-flags v0.1.1
2025-12-10T06:17:59.3016048Z [1m[32m   Compiling[0m yansi v1.0.1
2025-12-10T06:17:59.4234986Z [1m[32m   Compiling[0m pretty_assertions v1.4.1
2025-12-10T06:17:59.4728805Z [1m[32m   Compiling[0m num_cpus v1.17.0
2025-12-10T06:17:59.5270619Z [1m[32m   Compiling[0m deadpool-runtime v0.1.4
2025-12-10T06:17:59.5736737Z [1m[32m   Compiling[0m deadpool v0.12.3
2025-12-10T06:17:59.6342480Z [1m[32m   Compiling[0m assert-json-diff v2.0.2
2025-12-10T06:17:59.6879109Z [1m[32m   Compiling[0m wiremock v0.6.5
2025-12-10T06:17:59.7692979Z [1m[32m   Compiling[0m nu-ansi-term v0.50.1
2025-12-10T06:17:59.8256274Z [1m[32m   Compiling[0m sharded-slab v0.1.7
2025-12-10T06:17:59.9000477Z [1m[32m   Compiling[0m tracing-log v0.2.0
2025-12-10T06:17:59.9502510Z [1m[32m   Compiling[0m matchers v0.2.0
2025-12-10T06:17:59.9986773Z [1m[32m   Compiling[0m thread_local v1.1.9
2025-12-10T06:18:00.0528634Z [1m[32m   Compiling[0m tracing-subscriber v0.3.20
2025-12-10T06:18:00.1758158Z [1m[32m   Compiling[0m async-stream-impl v0.3.6
2025-12-10T06:18:00.3900427Z [1m[32m   Compiling[0m async-stream v0.3.6
2025-12-10T06:18:00.4396563Z [1m[32m   Compiling[0m doc-comment v0.3.3
2025-12-10T06:18:00.5486613Z [1m[32m   Compiling[0m dotenvy v0.15.7
2025-12-10T06:18:00.6238960Z [1m[32m   Compiling[0m predicates-core v1.0.9
2025-12-10T06:18:00.6885278Z [1m[32m   Compiling[0m float-cmp v0.10.0
2025-12-10T06:18:00.7042632Z [1m[32m   Compiling[0m codex-apply-patch v0.0.0 (/home/runner/work/codex/codex/codex-rs/apply-patch)
2025-12-10T06:18:00.7458206Z [1m[32m   Compiling[0m normalize-line-endings v0.3.0
2025-12-10T06:18:00.7567482Z [1m[32m   Compiling[0m difflib v0.4.0
2025-12-10T06:18:00.8069662Z [1m[32m   Compiling[0m termtree v0.5.1
2025-12-10T06:18:00.8165293Z [1m[32m   Compiling[0m assert_cmd v2.0.17
2025-12-10T06:18:00.8296070Z [1m[32m   Compiling[0m predicates v3.1.3
2025-12-10T06:18:00.8808432Z [1m[32m   Compiling[0m predicates-tree v1.0.12
2025-12-10T06:18:00.9466417Z [1m[32m   Compiling[0m wait-timeout v0.2.1
2025-12-10T06:18:00.9583716Z [1m[32m   Compiling[0m debugid v0.8.0
2025-12-10T06:18:00.9920730Z [1m[32m   Compiling[0m rustls-webpki v0.103.4
2025-12-10T06:18:01.0000303Z [1m[32m   Compiling[0m object v0.36.7
2025-12-10T06:18:01.0310363Z [1m[32m   Compiling[0m sentry-types v0.34.0
2025-12-10T06:18:01.1086038Z [1m[32m   Compiling[0m gimli v0.31.1
2025-12-10T06:18:01.4022402Z [1m[32m   Compiling[0m addr2line v0.24.2
2025-12-10T06:18:01.4748012Z [1m[32m   Compiling[0m sentry-core v0.34.0
2025-12-10T06:18:01.4811775Z [1m[32m   Compiling[0m tokio-rustls v0.26.2
2025-12-10T06:18:01.4854277Z [1m[32m   Compiling[0m rustc-demangle v0.1.25
2025-12-10T06:18:01.5347421Z [1m[32m   Compiling[0m semver v1.0.27
2025-12-10T06:18:01.5677484Z [1m[32m   Compiling[0m hyper-rustls v0.27.7
2025-12-10T06:18:01.5715449Z [1m[32m   Compiling[0m tonic v0.13.1
2025-12-10T06:18:01.6060149Z [1m[32m   Compiling[0m backtrace v0.3.75
2025-12-10T06:18:01.6263543Z [1m[32m   Compiling[0m rustc_version v0.4.1
2025-12-10T06:18:01.6571555Z [1m[32m   Compiling[0m reqwest v0.12.24
2025-12-10T06:18:01.7013657Z [1m[32m   Compiling[0m opentelemetry-appender-tracing v0.30.1
2025-12-10T06:18:01.7262719Z [1m[32m   Compiling[0m codex-backend-openapi-models v0.0.0 (/home/runner/work/codex/codex/codex-rs/codex-backend-openapi-models)
2025-12-10T06:18:01.7783592Z [1m[32m   Compiling[0m findshlibs v0.10.2
2025-12-10T06:18:01.8609277Z [1m[32m   Compiling[0m opentelemetry-proto v0.30.0
2025-12-10T06:18:01.8694312Z [1m[32m   Compiling[0m sentry-contexts v0.34.0
2025-12-10T06:18:01.8957438Z [1m[32m   Compiling[0m oauth2 v5.0.0
2025-12-10T06:18:01.9116270Z [1m[32m   Compiling[0m codex-client v0.0.0 (/home/runner/work/codex/codex/codex-rs/codex-client)
2025-12-10T06:18:02.0362820Z [1m[32m   Compiling[0m codex-api v0.0.0 (/home/runner/work/codex/codex/codex-rs/codex-api)
2025-12-10T06:18:02.0445206Z [1m[32m   Compiling[0m opentelemetry-http v0.30.0
2025-12-10T06:18:02.1047361Z [1m[32m   Compiling[0m rmcp v0.10.0
2025-12-10T06:18:02.1753542Z [1m[32m   Compiling[0m is_ci v1.2.0
2025-12-10T06:18:02.2875191Z [1m[32m   Compiling[0m sentry-backtrace v0.34.0
2025-12-10T06:18:02.3627264Z [1m[32m   Compiling[0m opentelemetry-otlp v0.30.0
2025-12-10T06:18:02.3681991Z [1m[32m   Compiling[0m uname v0.1.1
2025-12-10T06:18:02.3957838Z [1m[32m   Compiling[0m hostname v0.4.1
2025-12-10T06:18:02.4465319Z [1m[32m   Compiling[0m owo-colors v4.2.2
2025-12-10T06:18:02.5167902Z [1m[32m   Compiling[0m codex-otel v0.0.0 (/home/runner/work/codex/codex/codex-rs/otel)
2025-12-10T06:18:02.5578771Z [1m[32m   Compiling[0m supports-color v2.1.0
2025-12-10T06:18:02.6308069Z [1m[32m   Compiling[0m sentry-panic v0.34.0
2025-12-10T06:18:02.6618969Z [1m[32m   Compiling[0m sentry-debug-images v0.34.0
2025-12-10T06:18:02.7041772Z [1m[32m   Compiling[0m supports-color v3.0.2
2025-12-10T06:18:02.7430820Z [1m[32m   Compiling[0m unicode-width v0.2.1
2025-12-10T06:18:02.7753481Z [1m[32m   Compiling[0m signal-hook v0.3.18
2025-12-10T06:18:02.8748469Z [1m[32m   Compiling[0m sentry v0.34.0
2025-12-10T06:18:02.8809183Z [1m[32m   Compiling[0m darling_core v0.20.11
2025-12-10T06:18:02.9838519Z [1m[32m   Compiling[0m convert_case v0.10.0
2025-12-10T06:18:03.0289182Z [1m[32m   Compiling[0m wayland-sys v0.31.7
2025-12-10T06:18:03.0557407Z [1m[32m   Compiling[0m instability v0.3.9
2025-12-10T06:18:03.1436446Z [1m[32m   Compiling[0m darling_macro v0.20.11
2025-12-10T06:18:03.1521360Z [1m[32m   Compiling[0m derive_more-impl v2.1.0
2025-12-10T06:18:03.1608837Z [1m[32m   Compiling[0m signal-hook-mio v0.2.4
2025-12-10T06:18:03.2367740Z [1m[32m   Compiling[0m codex-feedback v0.0.0 (/home/runner/work/codex/codex/codex-rs/feedback)
2025-12-10T06:18:03.2688556Z [1m[32m   Compiling[0m codex-rmcp-client v0.0.0 (/home/runner/work/codex/codex/codex-rs/rmcp-client)
2025-12-10T06:18:03.3713844Z [1m[32m   Compiling[0m strum_macros v0.26.4
2025-12-10T06:18:03.4064758Z [1m[32m   Compiling[0m darling v0.20.11
2025-12-10T06:18:03.4804182Z [1m[32m   Compiling[0m castaway v0.2.4
2025-12-10T06:18:03.4862619Z [1m[32m   Compiling[0m codex-core v0.0.0 (/home/runner/work/codex/codex/codex-rs/core)
2025-12-10T06:18:03.5634409Z [1m[32m   Compiling[0m wayland-backend v0.3.11
2025-12-10T06:18:03.6828447Z [1m[32m   Compiling[0m inotify-sys v0.1.5
2025-12-10T06:18:03.7553214Z [1m[32m   Compiling[0m assert_matches v1.5.0
2025-12-10T06:18:03.8179205Z [1m[32m   Compiling[0m indoc v2.0.6
2025-12-10T06:18:04.7166467Z [1m[32m   Compiling[0m derive_more v2.1.0
2025-12-10T06:18:04.8481360Z [1m[32m   Compiling[0m inotify v0.11.0
2025-12-10T06:18:04.9099724Z [1m[32m   Compiling[0m compact_str v0.8.1
2025-12-10T06:18:04.9635016Z [1m[32m   Compiling[0m crossterm v0.28.1 (https://github.com/nornagon/crossterm?branch=nornagon%2Fcolor-query#87db8bfa)
2025-12-10T06:18:04.9693251Z [1m[32m   Compiling[0m strum v0.26.3
2025-12-10T06:18:05.0375015Z [1m[32m   Compiling[0m unicode-truncate v1.1.0
2025-12-10T06:18:05.0562618Z [1m[32m   Compiling[0m codex-linux-sandbox v0.0.0 (/home/runner/work/codex/codex/codex-rs/linux-sandbox)
2025-12-10T06:18:05.0974374Z [1m[32m   Compiling[0m codex-ollama v0.0.0 (/home/runner/work/codex/codex/codex-rs/ollama)
2025-12-10T06:18:05.1087684Z [1m[32m   Compiling[0m codex-lmstudio v0.0.0 (/home/runner/work/codex/codex/codex-rs/lmstudio)
2025-12-10T06:18:05.1289351Z [1m[32m   Compiling[0m codex-backend-client v0.0.0 (/home/runner/work/codex/codex/codex-rs/backend-client)
2025-12-10T06:18:05.2109953Z [1m[32m   Compiling[0m codex-arg0 v0.0.0 (/home/runner/work/codex/codex/codex-rs/arg0)
2025-12-10T06:18:05.2639088Z [1m[32m   Compiling[0m codex-common v0.0.0 (/home/runner/work/codex/codex/codex-rs/common)
2025-12-10T06:18:05.2675477Z [1m[32m   Compiling[0m codex-login v0.0.0 (/home/runner/work/codex/codex/codex-rs/login)
2025-12-10T06:18:05.3062859Z [1m[32m   Compiling[0m quick-xml v0.37.5
2025-12-10T06:18:05.3588048Z [1m[32m   Compiling[0m cassowary v0.3.0
2025-12-10T06:18:05.4211428Z [1m[32m   Compiling[0m wayland-client v0.31.11
2025-12-10T06:18:05.4271666Z [1m[32m   Compiling[0m notify-types v2.0.0
2025-12-10T06:18:05.4404289Z [1m[32m   Compiling[0m ratatui v0.29.0 (https://github.com/nornagon/ratatui?branch=nornagon-v0.29.0-patch#9b2ad129)
2025-12-10T06:18:05.4508279Z [1m[32m   Compiling[0m wayland-scanner v0.31.7
2025-12-10T06:18:05.5091151Z [1m[32m   Compiling[0m notify v8.2.0
2025-12-10T06:18:05.6536543Z [1m[32m   Compiling[0m simdutf8 v0.1.5
2025-12-10T06:18:05.7348762Z [1m[32m   Compiling[0m core_test_support v0.0.0 (/home/runner/work/codex/codex/codex-rs/core/tests/common)
2025-12-10T06:18:05.7932622Z [1m[32m   Compiling[0m ansi-to-tui v7.0.0
2025-12-10T06:18:05.8805816Z [1m[32m   Compiling[0m diffy v0.4.2
2025-12-10T06:18:05.9226808Z [1m[32m   Compiling[0m eyre v0.6.12
2025-12-10T06:18:05.9274687Z [1m[32m   Compiling[0m color-spantrace v0.3.0
2025-12-10T06:18:05.9690447Z [1m[32m   Compiling[0m tree_magic_mini v3.2.0
2025-12-10T06:18:06.0708403Z [1m[32m   Compiling[0m tracing-error v0.2.1
2025-12-10T06:18:06.1197923Z [1m[32m   Compiling[0m os_pipe v1.2.2
2025-12-10T06:18:06.1439717Z [1m[32m   Compiling[0m x11rb-protocol v0.13.1
2025-12-10T06:18:06.1778428Z [1m[32m   Compiling[0m pulldown-cmark v0.10.3
2025-12-10T06:18:06.2853964Z [1m[32m   Compiling[0m codex-ansi-escape v0.0.0 (/home/runner/work/codex/codex/codex-rs/ansi-escape)
2025-12-10T06:18:06.3903775Z [1m[32m   Compiling[0m getopts v0.2.23
2025-12-10T06:18:06.4541687Z [1m[32m   Compiling[0m crossbeam-channel v0.5.15
2025-12-10T06:18:06.5343670Z [1m[32m   Compiling[0m pulldown-cmark-escape v0.10.1
2025-12-10T06:18:06.6102388Z [1m[32m   Compiling[0m x11rb v0.13.1
2025-12-10T06:18:06.6271988Z [1m[32m   Compiling[0m smawk v0.3.2
2025-12-10T06:18:06.6449541Z [1m[32m   Compiling[0m unicode-linebreak v0.1.5
2025-12-10T06:18:06.7399209Z [1m[32m   Compiling[0m textwrap v0.16.2
2025-12-10T06:18:06.7713332Z [1m[32m   Compiling[0m tracing-appender v0.2.3
2025-12-10T06:18:06.8293051Z [1m[32m   Compiling[0m color-eyre v0.6.5
2025-12-10T06:18:06.8578186Z [1m[32m   Compiling[0m ratatui-macros v0.6.0
2025-12-10T06:18:06.8624787Z [1m[32m   Compiling[0m tree-sitter-highlight v0.25.10
2025-12-10T06:18:06.9284243Z [1m[32m   Compiling[0m pathdiff v0.2.3
2025-12-10T06:18:06.9935906Z [1m[32m   Compiling[0m codex-utils-json-to-toml v0.0.0 (/home/runner/work/codex/codex/codex-rs/utils/json-to-toml)
2025-12-10T06:18:07.0271509Z [1m[32m   Compiling[0m wayland-protocols v0.32.9
2025-12-10T06:18:07.0713377Z [1m[32m   Compiling[0m sdd v3.0.10
2025-12-10T06:18:07.0833079Z [1m[32m   Compiling[0m serial_test_derive v3.2.0
2025-12-10T06:18:07.1061675Z [1m[32m   Compiling[0m dtor-proc-macro v0.0.6
2025-12-10T06:18:07.1540199Z [1m[32m   Compiling[0m scc v2.4.0
2025-12-10T06:18:07.3456713Z [1m[32m   Compiling[0m dtor v0.1.0
2025-12-10T06:18:07.3508596Z [1m[32m   Compiling[0m ctor-proc-macro v0.0.6
2025-12-10T06:18:07.4117490Z [1m[32m   Compiling[0m codex-mcp-server v0.0.0 (/home/runner/work/codex/codex/codex-rs/mcp-server)
2025-12-10T06:18:07.4800546Z [1m[32m   Compiling[0m serial_test v3.2.0
2025-12-10T06:18:07.5577654Z [1m[32m   Compiling[0m ctor v0.5.0
2025-12-10T06:18:07.5645966Z [1m[32m   Compiling[0m codex-cloud-tasks-client v0.0.0 (/home/runner/work/codex/codex/codex-rs/cloud-tasks-client)
2025-12-10T06:18:07.6292645Z [1m[32m   Compiling[0m codex-exec v0.0.0 (/home/runner/work/codex/codex/codex-rs/exec)
2025-12-10T06:18:07.6966454Z [1m[32m   Compiling[0m codex-process-hardening v0.0.0 (/home/runner/work/codex/codex/codex-rs/process-hardening)
2025-12-10T06:18:07.7197360Z [1m[32m   Compiling[0m wayland-protocols-wlr v0.3.9
2025-12-10T06:18:07.7723525Z [1m[32m   Compiling[0m escargot v0.5.15
2025-12-10T06:18:07.7773372Z [1m[32m   Compiling[0m codex-app-server v0.0.0 (/home/runner/work/codex/codex/codex-rs/app-server)
2025-12-10T06:18:07.9364706Z [1m[32m   Compiling[0m codex-stdio-to-uds v0.0.0 (/home/runner/work/codex/codex/codex-rs/stdio-to-uds)
2025-12-10T06:18:07.9409445Z [1m[32m   Compiling[0m wl-clipboard-rs v0.9.2
2025-12-10T06:18:08.0142921Z [1m[32m   Compiling[0m codex-responses-api-proxy v0.0.0 (/home/runner/work/codex/codex/codex-rs/responses-api-proxy)
2025-12-10T06:18:08.0628811Z [1m[32m   Compiling[0m arboard v3.6.1
2025-12-10T06:18:08.0663112Z [1m[32m   Compiling[0m codex-chatgpt v0.0.0 (/home/runner/work/codex/codex/codex-rs/chatgpt)
2025-12-10T06:18:08.1272177Z [1m[32m   Compiling[0m tokio-test v0.4.4
2025-12-10T06:18:08.1335026Z [1m[32m   Compiling[0m clap_complete v4.5.57
2025-12-10T06:18:08.1726108Z [1m[32m   Compiling[0m codex-tui v0.0.0 (/home/runner/work/codex/codex/codex-rs/tui)
2025-12-10T06:18:08.2175278Z [1m[32m   Compiling[0m arrayvec v0.7.6
2025-12-10T06:18:08.2304246Z [1m[32m   Compiling[0m console v0.15.11
2025-12-10T06:18:08.2386120Z [1m[32m   Compiling[0m codex-execpolicy-legacy v0.0.0 (/home/runner/work/codex/codex/codex-rs/execpolicy-legacy)
2025-12-10T06:18:08.2929228Z [1m[32m   Compiling[0m vte v0.15.0
2025-12-10T06:18:08.3285810Z [1m[32m   Compiling[0m insta v1.44.3
2025-12-10T06:18:08.3416700Z [1m[32m   Compiling[0m codex-exec-server v0.0.0 (/home/runner/work/codex/codex/codex-rs/exec-server)
2025-12-10T06:18:08.3782350Z [1m[32m   Compiling[0m vt100 v0.16.2
2025-12-10T06:18:08.4749318Z [1m[32m   Compiling[0m exec_server_test_support v0.0.0 (/home/runner/work/codex/codex/codex-rs/exec-server/tests/common)
2025-12-10T06:18:08.4791694Z [1m[32m   Compiling[0m tracing-test-macro v0.2.5
2025-12-10T06:18:08.6110689Z [1m[32m   Compiling[0m mcp_test_support v0.0.0 (/home/runner/work/codex/codex/codex-rs/mcp-server/tests/common)
2025-12-10T06:18:08.6204066Z [1m[32m   Compiling[0m app_test_support v0.0.0 (/home/runner/work/codex/codex/codex-rs/app-server/tests/common)
2025-12-10T06:18:08.7922285Z [1m[32m   Compiling[0m tracing-test v0.2.5
2025-12-10T06:18:08.8441504Z [1m[32m   Compiling[0m codex-cloud-tasks v0.0.0 (/home/runner/work/codex/codex/codex-rs/cloud-tasks)
2025-12-10T06:18:08.8750900Z [1m[32m   Compiling[0m codex-tui2 v0.0.0 (/home/runner/work/codex/codex/codex-rs/tui2)
2025-12-10T06:18:09.0979919Z [1m[32m   Compiling[0m codex-cli v0.0.0 (/home/runner/work/codex/codex/codex-rs/cli)
2025-12-10T06:19:38.3979259Z [1m[32m   Compiling[0m codex-app-server-test-client v0.0.0 (/home/runner/work/codex/codex/codex-rs/app-server-test-client)
2025-12-10T06:19:49.6618797Z [1m[32m    Finished[0m `ci-test` profile [unoptimized + debuginfo] target(s) in 2m 33s
2025-12-10T06:19:50.0524878Z ────────────
2025-12-10T06:19:50.0525503Z [32;1m Nextest run[0m ID [1mfddc1bdf-f5ac-4d32-b629-19dd4cb93339[0m with nextest profile: [1mdefault[0m
2025-12-10T06:19:50.0526189Z [32;1m    Starting[0m [1m2023[0m tests across [1m98[0m binaries ([1m18[0m tests [33;1mskipped[0m)
2025-12-10T06:22:02.7392920Z ────────────
2025-12-10T06:22:02.7393866Z [32;1m     Summary[0m [ 132.689s] [1m2023[0m tests run: [1m2023[0m [32;1mpassed[0m, [1m18[0m [33;1mskipped[0m
2025-12-10T06:22:02.7588935Z ##[group]Run actions/cache/save@v4
2025-12-10T06:22:02.7589237Z with:
2025-12-10T06:22:02.7589457Z   path: /home/runner/work/codex/codex/.sccache/
2025-12-10T06:22:02.7590082Z   key: sccache-ubuntu-24.04-x86_64-unknown-linux-gnu-dev-561bfa10cd0fb108c5136dc446a8024b320e4a6051d94f698654a63646a7a291-20089231439
2025-12-10T06:22:02.7590664Z   enableCrossOsArchive: false
2025-12-10T06:22:02.7590880Z env:
2025-12-10T06:22:02.7591043Z   USE_SCCACHE: true
2025-12-10T06:22:02.7591231Z   CARGO_INCREMENTAL: 0
2025-12-10T06:22:02.7595969Z   SCCACHE_CACHE_SIZE: 10G
2025-12-10T06:22:02.7596193Z   CARGO_HOME: /home/runner/.cargo
2025-12-10T06:22:02.7596418Z   CARGO_TERM_COLOR: always
2025-12-10T06:22:02.7596632Z   SCCACHE_GHA_ENABLED: false
2025-12-10T06:22:02.7596888Z   SCCACHE_DIR: /home/runner/work/codex/codex/.sccache
2025-12-10T06:22:02.7597342Z   RUSTC_WRAPPER: sccache
2025-12-10T06:22:02.7597543Z ##[endgroup]
2025-12-10T06:22:03.0687383Z [command]/usr/bin/tar --posix -cf cache.tzst --exclude cache.tzst -P -C /home/runner/work/codex/codex --files-from manifest.txt --use-compress-program zstdmt
2025-12-10T06:22:06.0724428Z Sent 0 of 794186843 (0.0%), 0.0 MBs/sec
2025-12-10T06:22:07.0776298Z Sent 536870912 of 794186843 (67.6%), 256.0 MBs/sec
2025-12-10T06:22:07.3854685Z Sent 794186843 of 794186843 (100.0%), 327.5 MBs/sec
2025-12-10T06:22:07.6701908Z Cache saved with key: sccache-ubuntu-24.04-x86_64-unknown-linux-gnu-dev-561bfa10cd0fb108c5136dc446a8024b320e4a6051d94f698654a63646a7a291-20089231439
2025-12-10T06:22:07.6841108Z ##[group]Run sccache --show-stats || true
2025-12-10T06:22:07.6841490Z [36;1msccache --show-stats || true[0m
2025-12-10T06:22:07.7300504Z shell: /usr/bin/bash -e {0}
2025-12-10T06:22:07.7300811Z env:
2025-12-10T06:22:07.7301032Z   USE_SCCACHE: true
2025-12-10T06:22:07.7301277Z   CARGO_INCREMENTAL: 0
2025-12-10T06:22:07.7301534Z   SCCACHE_CACHE_SIZE: 10G
2025-12-10T06:22:07.7301808Z   CARGO_HOME: /home/runner/.cargo
2025-12-10T06:22:07.7302108Z   CARGO_TERM_COLOR: always
2025-12-10T06:22:07.7302369Z   SCCACHE_GHA_ENABLED: false
2025-12-10T06:22:07.7302662Z   SCCACHE_DIR: /home/runner/work/codex/codex/.sccache
2025-12-10T06:22:07.7302981Z   RUSTC_WRAPPER: sccache
2025-12-10T06:22:07.7303211Z ##[endgroup]
2025-12-10T06:22:07.7398194Z Compile requests                    1315
2025-12-10T06:22:07.7398658Z Compile requests executed            934
2025-12-10T06:22:07.7398936Z Cache hits                           925
2025-12-10T06:22:07.7399197Z Cache hits (C/C++)                    51
2025-12-10T06:22:07.7399495Z Cache hits (Rust)                    874
2025-12-10T06:22:07.7399754Z Cache misses                           0
2025-12-10T06:22:07.7400004Z Cache hits rate                   100.00 %
2025-12-10T06:22:07.7400258Z Cache hits rate (C/C++)           100.00 %
2025-12-10T06:22:07.7400508Z Cache hits rate (Rust)            100.00 %
2025-12-10T06:22:07.7400767Z Cache timeouts                         0
2025-12-10T06:22:07.7401077Z Cache read errors                      0
2025-12-10T06:22:07.7401530Z Forced recaches                        0
2025-12-10T06:22:07.7402011Z Cache write errors                     0
2025-12-10T06:22:07.7402444Z Cache errors                           0
2025-12-10T06:22:07.7402870Z Compilations                           0
2025-12-10T06:22:07.7403305Z Compilation failures                   9
2025-12-10T06:22:07.7403769Z Non-cacheable compilations             0
2025-12-10T06:22:07.7404228Z Non-cacheable calls                  367
2025-12-10T06:22:07.7404671Z Non-compilation calls                 14
2025-12-10T06:22:07.7404938Z Unsupported compiler calls             0
2025-12-10T06:22:07.7405197Z Average cache write                0.000 s
2025-12-10T06:22:07.7405464Z Average compiler                   0.000 s
2025-12-10T06:22:07.7405722Z Average cache read hit             0.000 s
2025-12-10T06:22:07.7405981Z Failed distributed compilations        0
2025-12-10T06:22:07.7406158Z 
2025-12-10T06:22:07.7406240Z Non-cacheable reasons:
2025-12-10T06:22:07.7406450Z crate-type                           300
2025-12-10T06:22:07.7406774Z unknown source language               42
2025-12-10T06:22:07.7407493Z -                                     15
2025-12-10T06:22:07.7407899Z missing input                          5
2025-12-10T06:22:07.7408330Z -o                                     4
2025-12-10T06:22:07.7408778Z -E                                     1
2025-12-10T06:22:07.7409061Z 
2025-12-10T06:22:07.7409363Z Cache location                  Local disk: "/home/runner/work/codex/codex/.sccache"
2025-12-10T06:22:07.7409965Z Use direct/preprocessor mode?   yes
2025-12-10T06:22:07.7410225Z Version (client)                0.12.0
2025-12-10T06:22:07.7410489Z Cache size                           763 MiB
2025-12-10T06:22:07.7410754Z Max cache size                        10 GiB
2025-12-10T06:22:07.7483451Z ##[group]Run {
2025-12-10T06:22:07.7483681Z [36;1m{[0m
2025-12-10T06:22:07.7483952Z [36;1m  echo "### sccache stats — x86_64-unknown-linux-gnu (tests)";[0m
2025-12-10T06:22:07.7484271Z [36;1m  echo;[0m
2025-12-10T06:22:07.7484456Z [36;1m  echo '```';[0m
2025-12-10T06:22:07.7484683Z [36;1m  sccache --show-stats || true;[0m
2025-12-10T06:22:07.7484933Z [36;1m  echo '```';[0m
2025-12-10T06:22:07.7485147Z [36;1m} >> "$GITHUB_STEP_SUMMARY"[0m
2025-12-10T06:22:07.7514212Z shell: /usr/bin/bash --noprofile --norc -e -o pipefail {0}
2025-12-10T06:22:07.7514526Z env:
2025-12-10T06:22:07.7514697Z   USE_SCCACHE: true
2025-12-10T06:22:07.7514891Z   CARGO_INCREMENTAL: 0
2025-12-10T06:22:07.7515100Z   SCCACHE_CACHE_SIZE: 10G
2025-12-10T06:22:07.7515336Z   CARGO_HOME: /home/runner/.cargo
2025-12-10T06:22:07.7515575Z   CARGO_TERM_COLOR: always
2025-12-10T06:22:07.7515791Z   SCCACHE_GHA_ENABLED: false
2025-12-10T06:22:07.7516053Z   SCCACHE_DIR: /home/runner/work/codex/codex/.sccache
2025-12-10T06:22:07.7516354Z   RUSTC_WRAPPER: sccache
2025-12-10T06:22:07.7516562Z ##[endgroup]
2025-12-10T06:22:07.7906860Z Post job cleanup.
2025-12-10T06:22:08.0355914Z [command]/usr/bin/git version
2025-12-10T06:22:08.0425579Z git version 2.52.0
2025-12-10T06:22:08.0461530Z Temporarily overriding HOME='/home/runner/work/_temp/3d648e43-743b-4761-bd9e-05d423530a5a' before making global git config changes
2025-12-10T06:22:08.0462690Z Adding repository directory to the temporary git global config as a safe directory
2025-12-10T06:22:08.0466974Z [command]/usr/bin/git config --global --add safe.directory /home/runner/work/codex/codex
2025-12-10T06:22:08.0495931Z Removing SSH command configuration
2025-12-10T06:22:08.0501730Z [command]/usr/bin/git config --local --name-only --get-regexp core\.sshCommand
2025-12-10T06:22:08.0534983Z [command]/usr/bin/git submodule foreach --recursive sh -c "git config --local --name-only --get-regexp 'core\.sshCommand' && git config --local --unset-all 'core.sshCommand' || :"
2025-12-10T06:22:08.0796405Z Removing HTTP extra header
2025-12-10T06:22:08.0802404Z [command]/usr/bin/git config --local --name-only --get-regexp http\.https\:\/\/github\.com\/\.extraheader
2025-12-10T06:22:08.0833841Z [command]/usr/bin/git submodule foreach --recursive sh -c "git config --local --name-only --get-regexp 'http\.https\:\/\/github\.com\/\.extraheader' && git config --local --unset-all 'http.https://github.com/.extraheader' || :"
2025-12-10T06:22:08.1054142Z Removing includeIf entries pointing to credentials config files
2025-12-10T06:22:08.1055635Z [command]/usr/bin/git config --local --name-only --get-regexp ^includeIf\.gitdir:
2025-12-10T06:22:08.1077313Z includeif.gitdir:/home/runner/work/codex/codex/.git.path
2025-12-10T06:22:08.1078473Z includeif.gitdir:/home/runner/work/codex/codex/.git/worktrees/*.path
2025-12-10T06:22:08.1081992Z includeif.gitdir:/github/workspace/.git.path
2025-12-10T06:22:08.1082766Z includeif.gitdir:/github/workspace/.git/worktrees/*.path
2025-12-10T06:22:08.1089709Z [command]/usr/bin/git config --local --get-all includeif.gitdir:/home/runner/work/codex/codex/.git.path
2025-12-10T06:22:08.1116754Z /home/runner/work/_temp/git-credentials-0225acb8-dfdc-4ef3-a758-47ca87bb5251.config
2025-12-10T06:22:08.1135619Z [command]/usr/bin/git config --local --unset includeif.gitdir:/home/runner/work/codex/codex/.git.path /home/runner/work/_temp/git-credentials-0225acb8-dfdc-4ef3-a758-47ca87bb5251.config
2025-12-10T06:22:08.1169824Z [command]/usr/bin/git config --local --get-all includeif.gitdir:/home/runner/work/codex/codex/.git/worktrees/*.path
2025-12-10T06:22:08.1194761Z /home/runner/work/_temp/git-credentials-0225acb8-dfdc-4ef3-a758-47ca87bb5251.config
2025-12-10T06:22:08.1204705Z [command]/usr/bin/git config --local --unset includeif.gitdir:/home/runner/work/codex/codex/.git/worktrees/*.path /home/runner/work/_temp/git-credentials-0225acb8-dfdc-4ef3-a758-47ca87bb5251.config
2025-12-10T06:22:08.1235325Z [command]/usr/bin/git config --local --get-all includeif.gitdir:/github/workspace/.git.path
2025-12-10T06:22:08.1256999Z /github/runner_temp/git-credentials-0225acb8-dfdc-4ef3-a758-47ca87bb5251.config
2025-12-10T06:22:08.1265716Z [command]/usr/bin/git config --local --unset includeif.gitdir:/github/workspace/.git.path /github/runner_temp/git-credentials-0225acb8-dfdc-4ef3-a758-47ca87bb5251.config
2025-12-10T06:22:08.1299608Z [command]/usr/bin/git config --local --get-all includeif.gitdir:/github/workspace/.git/worktrees/*.path
2025-12-10T06:22:08.1321675Z /github/runner_temp/git-credentials-0225acb8-dfdc-4ef3-a758-47ca87bb5251.config
2025-12-10T06:22:08.1333105Z [command]/usr/bin/git config --local --unset includeif.gitdir:/github/workspace/.git/worktrees/*.path /github/runner_temp/git-credentials-0225acb8-dfdc-4ef3-a758-47ca87bb5251.config
2025-12-10T06:22:08.1366632Z [command]/usr/bin/git submodule foreach --recursive git config --local --show-origin --name-only --get-regexp remote.origin.url
2025-12-10T06:22:08.1599181Z Removing credentials config '/home/runner/work/_temp/git-credentials-0225acb8-dfdc-4ef3-a758-47ca87bb5251.config'
2025-12-10T06:22:08.1890620Z Cleaning up orphan processes
2025-12-10T06:22:08.2797543Z Terminate orphan process: pid (2787) (sccache)
2025-12-10T06:22:08.2861999Z Terminate orphan process: pid (74333) (sleep)
