2025-12-19T18:51:27.8273550Z Current runner version: '2.330.0'
2025-12-19T18:51:27.8298848Z ##[group]Runner Image Provisioner
2025-12-19T18:51:27.8299696Z Hosted Compute Agent
2025-12-19T18:51:27.8300204Z Version: 20251211.462
2025-12-19T18:51:27.8300869Z Commit: 6cbad8c2bb55d58165063d031ccabf57e2d2db61
2025-12-19T18:51:27.8301919Z Build Date: 2025-12-11T16:28:49Z
2025-12-19T18:51:27.8302573Z Worker ID: {cf2348f1-b2c5-4b45-895b-a040e9c3ca11}
2025-12-19T18:51:27.8303298Z ##[endgroup]
2025-12-19T18:51:27.8303812Z ##[group]Operating System
2025-12-19T18:51:27.8304403Z Ubuntu
2025-12-19T18:51:27.8304828Z 24.04.3
2025-12-19T18:51:27.8305431Z LTS
2025-12-19T18:51:27.8305855Z ##[endgroup]
2025-12-19T18:51:27.8306339Z ##[group]Runner Image
2025-12-19T18:51:27.8306945Z Image: ubuntu-24.04
2025-12-19T18:51:27.8307417Z Version: 20251215.174.1
2025-12-19T18:51:27.8308415Z Included Software: https://github.com/actions/runner-images/blob/ubuntu24/20251215.174/images/ubuntu/Ubuntu2404-Readme.md
2025-12-19T18:51:27.8310070Z Image Release: https://github.com/actions/runner-images/releases/tag/ubuntu24%2F20251215.174
2025-12-19T18:51:27.8311002Z ##[endgroup]
2025-12-19T18:51:27.8312215Z ##[group]GITHUB_TOKEN Permissions
2025-12-19T18:51:27.8314137Z Contents: read
2025-12-19T18:51:27.8314853Z Metadata: read
2025-12-19T18:51:27.8315321Z ##[endgroup]
2025-12-19T18:51:27.8317499Z Secret source: Actions
2025-12-19T18:51:27.8318267Z Prepare workflow directory
2025-12-19T18:51:27.8682766Z Prepare all required actions
2025-12-19T18:51:27.8741716Z Getting action download info
2025-12-19T18:51:28.4035011Z Download action repository 'actions/checkout@8e8c483db84b4bee98b60c0593521ed34d9990e8' (SHA:8e8c483db84b4bee98b60c0593521ed34d9990e8)
2025-12-19T18:51:28.5251792Z Download action repository 'actions/cache@9255dc7a253b0ccc959486e2bca901246202afeb' (SHA:9255dc7a253b0ccc959486e2bca901246202afeb)
2025-12-19T18:51:29.1402603Z Download action repository 'actions/setup-java@f2beeb24e141e01a676f977032f5a29d81c9e27e' (SHA:f2beeb24e141e01a676f977032f5a29d81c9e27e)
2025-12-19T18:51:29.8928665Z Complete job name: build (ubuntu-latest, 21, false)
2025-12-19T18:51:29.9692844Z ##[group]Run actions/checkout@8e8c483db84b4bee98b60c0593521ed34d9990e8
2025-12-19T18:51:29.9694593Z with:
2025-12-19T18:51:29.9695340Z   persist-credentials: false
2025-12-19T18:51:29.9696298Z   repository: apache/commons-csv
2025-12-19T18:51:29.9697501Z   token: ***
2025-12-19T18:51:29.9698238Z   ssh-strict: true
2025-12-19T18:51:29.9699014Z   ssh-user: git
2025-12-19T18:51:29.9699746Z   clean: true
2025-12-19T18:51:29.9700531Z   sparse-checkout-cone-mode: true
2025-12-19T18:51:29.9701735Z   fetch-depth: 1
2025-12-19T18:51:29.9702504Z   fetch-tags: false
2025-12-19T18:51:29.9703281Z   show-progress: true
2025-12-19T18:51:29.9704081Z   lfs: false
2025-12-19T18:51:29.9704804Z   submodules: false
2025-12-19T18:51:29.9705617Z   set-safe-directory: true
2025-12-19T18:51:29.9706764Z ##[endgroup]
2025-12-19T18:51:30.0644456Z Syncing repository: apache/commons-csv
2025-12-19T18:51:30.0647356Z ##[group]Getting Git version info
2025-12-19T18:51:30.0648872Z Working directory is '/home/runner/work/commons-csv/commons-csv'
2025-12-19T18:51:30.0650813Z [command]/usr/bin/git version
2025-12-19T18:51:30.0717281Z git version 2.52.0
2025-12-19T18:51:30.0738640Z ##[endgroup]
2025-12-19T18:51:30.0754424Z Temporarily overriding HOME='/home/runner/work/_temp/a0d32360-870d-4c3b-ac71-6a873be7e2e6' before making global git config changes
2025-12-19T18:51:30.0757219Z Adding repository directory to the temporary git global config as a safe directory
2025-12-19T18:51:30.0760062Z [command]/usr/bin/git config --global --add safe.directory /home/runner/work/commons-csv/commons-csv
2025-12-19T18:51:30.0804365Z Deleting the contents of '/home/runner/work/commons-csv/commons-csv'
2025-12-19T18:51:30.0808259Z ##[group]Initializing the repository
2025-12-19T18:51:30.0812833Z [command]/usr/bin/git init /home/runner/work/commons-csv/commons-csv
2025-12-19T18:51:30.0954446Z hint: Using 'master' as the name for the initial branch. This default branch name
2025-12-19T18:51:30.0957574Z hint: will change to "main" in Git 3.0. To configure the initial branch name
2025-12-19T18:51:30.0959570Z hint: to use in all of your new repositories, which will suppress this warning,
2025-12-19T18:51:30.0960985Z hint: call:
2025-12-19T18:51:30.0962102Z hint:
2025-12-19T18:51:30.0963967Z hint: 	git config --global init.defaultBranch <name>
2025-12-19T18:51:30.0965174Z hint:
2025-12-19T18:51:30.0966261Z hint: Names commonly chosen instead of 'master' are 'main', 'trunk' and
2025-12-19T18:51:30.0968232Z hint: 'development'. The just-created branch can be renamed via this command:
2025-12-19T18:51:30.0970024Z hint:
2025-12-19T18:51:30.0970850Z hint: 	git branch -m <name>
2025-12-19T18:51:30.0971907Z hint:
2025-12-19T18:51:30.0973089Z hint: Disable this message with "git config set advice.defaultBranchName false"
2025-12-19T18:51:30.0975105Z Initialized empty Git repository in /home/runner/work/commons-csv/commons-csv/.git/
2025-12-19T18:51:30.0978348Z [command]/usr/bin/git remote add origin https://github.com/apache/commons-csv
2025-12-19T18:51:30.1007651Z ##[endgroup]
2025-12-19T18:51:30.1009146Z ##[group]Disabling automatic garbage collection
2025-12-19T18:51:30.1010852Z [command]/usr/bin/git config --local gc.auto 0
2025-12-19T18:51:30.1041262Z ##[endgroup]
2025-12-19T18:51:30.1043074Z ##[group]Setting up auth
2025-12-19T18:51:30.1044068Z Removing SSH command configuration
2025-12-19T18:51:30.1048358Z [command]/usr/bin/git config --local --name-only --get-regexp core\.sshCommand
2025-12-19T18:51:30.1081060Z [command]/usr/bin/git submodule foreach --recursive sh -c "git config --local --name-only --get-regexp 'core\.sshCommand' && git config --local --unset-all 'core.sshCommand' || :"
2025-12-19T18:51:30.1447642Z Removing HTTP extra header
2025-12-19T18:51:30.1453486Z [command]/usr/bin/git config --local --name-only --get-regexp http\.https\:\/\/github\.com\/\.extraheader
2025-12-19T18:51:30.1485718Z [command]/usr/bin/git submodule foreach --recursive sh -c "git config --local --name-only --get-regexp 'http\.https\:\/\/github\.com\/\.extraheader' && git config --local --unset-all 'http.https://github.com/.extraheader' || :"
2025-12-19T18:51:30.1703573Z Removing includeIf entries pointing to credentials config files
2025-12-19T18:51:30.1709480Z [command]/usr/bin/git config --local --name-only --get-regexp ^includeIf\.gitdir:
2025-12-19T18:51:30.1742061Z [command]/usr/bin/git submodule foreach --recursive git config --local --show-origin --name-only --get-regexp remote.origin.url
2025-12-19T18:51:30.1966813Z [command]/usr/bin/git config --file /home/runner/work/_temp/git-credentials-8f0633a0-55fa-408f-8bc5-c80259c44813.config http.https://github.com/.extraheader AUTHORIZATION: basic ***
2025-12-19T18:51:30.2004203Z [command]/usr/bin/git config --local includeIf.gitdir:/home/runner/work/commons-csv/commons-csv/.git.path /home/runner/work/_temp/git-credentials-8f0633a0-55fa-408f-8bc5-c80259c44813.config
2025-12-19T18:51:30.2034192Z [command]/usr/bin/git config --local includeIf.gitdir:/home/runner/work/commons-csv/commons-csv/.git/worktrees/*.path /home/runner/work/_temp/git-credentials-8f0633a0-55fa-408f-8bc5-c80259c44813.config
2025-12-19T18:51:30.2063682Z [command]/usr/bin/git config --local includeIf.gitdir:/github/workspace/.git.path /github/runner_temp/git-credentials-8f0633a0-55fa-408f-8bc5-c80259c44813.config
2025-12-19T18:51:30.2093216Z [command]/usr/bin/git config --local includeIf.gitdir:/github/workspace/.git/worktrees/*.path /github/runner_temp/git-credentials-8f0633a0-55fa-408f-8bc5-c80259c44813.config
2025-12-19T18:51:30.2119366Z ##[endgroup]
2025-12-19T18:51:30.2120674Z ##[group]Fetching the repository
2025-12-19T18:51:30.2128871Z [command]/usr/bin/git -c protocol.version=2 fetch --no-tags --prune --no-recurse-submodules --depth=1 origin +8f8d450291d2dea48db66bdde74f30c6124fca2d:refs/remotes/origin/master
2025-12-19T18:51:57.3126058Z From https://github.com/apache/commons-csv
2025-12-19T18:51:57.3126922Z  * [new ref]         8f8d450291d2dea48db66bdde74f30c6124fca2d -> origin/master
2025-12-19T18:51:57.3165442Z ##[endgroup]
2025-12-19T18:51:57.3166039Z ##[group]Determining the checkout info
2025-12-19T18:51:57.3168416Z ##[endgroup]
2025-12-19T18:51:57.3172944Z [command]/usr/bin/git sparse-checkout disable
2025-12-19T18:51:57.3216615Z [command]/usr/bin/git config --local --unset-all extensions.worktreeConfig
2025-12-19T18:51:57.3250530Z ##[group]Checking out the ref
2025-12-19T18:51:57.3253581Z [command]/usr/bin/git checkout --progress --force -B master refs/remotes/origin/master
2025-12-19T18:51:57.4167703Z Reset branch 'master'
2025-12-19T18:51:57.4168811Z branch 'master' set up to track 'origin/master'.
2025-12-19T18:51:57.4188609Z ##[endgroup]
2025-12-19T18:51:57.4235491Z [command]/usr/bin/git log -1 --format=%H
2025-12-19T18:51:57.4259168Z 8f8d450291d2dea48db66bdde74f30c6124fca2d
2025-12-19T18:51:57.4269281Z ##[group]Removing auth
2025-12-19T18:51:57.4269973Z Removing SSH command configuration
2025-12-19T18:51:57.4274953Z [command]/usr/bin/git config --local --name-only --get-regexp core\.sshCommand
2025-12-19T18:51:57.4307220Z [command]/usr/bin/git submodule foreach --recursive sh -c "git config --local --name-only --get-regexp 'core\.sshCommand' && git config --local --unset-all 'core.sshCommand' || :"
2025-12-19T18:51:57.4534924Z Removing HTTP extra header
2025-12-19T18:51:57.4538539Z [command]/usr/bin/git config --local --name-only --get-regexp http\.https\:\/\/github\.com\/\.extraheader
2025-12-19T18:51:57.4570793Z [command]/usr/bin/git submodule foreach --recursive sh -c "git config --local --name-only --get-regexp 'http\.https\:\/\/github\.com\/\.extraheader' && git config --local --unset-all 'http.https://github.com/.extraheader' || :"
2025-12-19T18:51:57.4792512Z Removing includeIf entries pointing to credentials config files
2025-12-19T18:51:57.4795798Z [command]/usr/bin/git config --local --name-only --get-regexp ^includeIf\.gitdir:
2025-12-19T18:51:57.4818578Z includeif.gitdir:/home/runner/work/commons-csv/commons-csv/.git.path
2025-12-19T18:51:57.4819406Z includeif.gitdir:/home/runner/work/commons-csv/commons-csv/.git/worktrees/*.path
2025-12-19T18:51:57.4823189Z includeif.gitdir:/github/workspace/.git.path
2025-12-19T18:51:57.4823852Z includeif.gitdir:/github/workspace/.git/worktrees/*.path
2025-12-19T18:51:57.4828987Z [command]/usr/bin/git config --local --get-all includeif.gitdir:/home/runner/work/commons-csv/commons-csv/.git.path
2025-12-19T18:51:57.4850350Z /home/runner/work/_temp/git-credentials-8f0633a0-55fa-408f-8bc5-c80259c44813.config
2025-12-19T18:51:57.4860071Z [command]/usr/bin/git config --local --unset includeif.gitdir:/home/runner/work/commons-csv/commons-csv/.git.path /home/runner/work/_temp/git-credentials-8f0633a0-55fa-408f-8bc5-c80259c44813.config
2025-12-19T18:51:57.4892295Z [command]/usr/bin/git config --local --get-all includeif.gitdir:/home/runner/work/commons-csv/commons-csv/.git/worktrees/*.path
2025-12-19T18:51:57.4913130Z /home/runner/work/_temp/git-credentials-8f0633a0-55fa-408f-8bc5-c80259c44813.config
2025-12-19T18:51:57.4920726Z [command]/usr/bin/git config --local --unset includeif.gitdir:/home/runner/work/commons-csv/commons-csv/.git/worktrees/*.path /home/runner/work/_temp/git-credentials-8f0633a0-55fa-408f-8bc5-c80259c44813.config
2025-12-19T18:51:57.4949648Z [command]/usr/bin/git config --local --get-all includeif.gitdir:/github/workspace/.git.path
2025-12-19T18:51:57.4969975Z /github/runner_temp/git-credentials-8f0633a0-55fa-408f-8bc5-c80259c44813.config
2025-12-19T18:51:57.4979511Z [command]/usr/bin/git config --local --unset includeif.gitdir:/github/workspace/.git.path /github/runner_temp/git-credentials-8f0633a0-55fa-408f-8bc5-c80259c44813.config
2025-12-19T18:51:57.5009741Z [command]/usr/bin/git config --local --get-all includeif.gitdir:/github/workspace/.git/worktrees/*.path
2025-12-19T18:51:57.5032255Z /github/runner_temp/git-credentials-8f0633a0-55fa-408f-8bc5-c80259c44813.config
2025-12-19T18:51:57.5049360Z [command]/usr/bin/git config --local --unset includeif.gitdir:/github/workspace/.git/worktrees/*.path /github/runner_temp/git-credentials-8f0633a0-55fa-408f-8bc5-c80259c44813.config
2025-12-19T18:51:57.5082067Z [command]/usr/bin/git submodule foreach --recursive git config --local --show-origin --name-only --get-regexp remote.origin.url
2025-12-19T18:51:57.5298492Z Removing credentials config '/home/runner/work/_temp/git-credentials-8f0633a0-55fa-408f-8bc5-c80259c44813.config'
2025-12-19T18:51:57.5306732Z ##[endgroup]
2025-12-19T18:51:57.6246939Z ##[group]Run actions/cache@9255dc7a253b0ccc959486e2bca901246202afeb
2025-12-19T18:51:57.6247312Z with:
2025-12-19T18:51:57.6247501Z   path: ~/.m2/repository
2025-12-19T18:51:57.6247869Z   key: Linux-maven-73c708ccac0793a48b5cd459588d188d80b2b010b1c66b0c7452b4dcb1341c16
2025-12-19T18:51:57.6248270Z   restore-keys: Linux-maven-

2025-12-19T18:51:57.6248501Z   enableCrossOsArchive: false
2025-12-19T18:51:57.6248720Z   fail-on-cache-miss: false
2025-12-19T18:51:57.6248932Z   lookup-only: false
2025-12-19T18:51:57.6249118Z   save-always: false
2025-12-19T18:51:57.6249299Z ##[endgroup]
2025-12-19T18:51:58.0171774Z Cache hit for: Linux-maven-73c708ccac0793a48b5cd459588d188d80b2b010b1c66b0c7452b4dcb1341c16
2025-12-19T18:51:59.3408148Z Received 0 of 301117264 (0.0%), 0.0 MBs/sec
2025-12-19T18:52:00.4341411Z Received 134217728 of 301117264 (44.6%), 61.2 MBs/sec
2025-12-19T18:52:01.5018049Z Received 268435456 of 301117264 (89.1%), 81.0 MBs/sec
2025-12-19T18:52:01.7716297Z Received 301117264 of 301117264 (100.0%), 83.7 MBs/sec
2025-12-19T18:52:01.7718548Z Cache Size: ~287 MB (301117264 B)
2025-12-19T18:52:01.7759970Z [command]/usr/bin/tar -xf /home/runner/work/_temp/82e36846-7a2c-43b9-9bfc-156f4a9377cc/cache.tzst -P -C /home/runner/work/commons-csv/commons-csv --use-compress-program unzstd
2025-12-19T18:52:02.5121755Z Cache restored successfully
2025-12-19T18:52:02.5769178Z Cache restored from key: Linux-maven-73c708ccac0793a48b5cd459588d188d80b2b010b1c66b0c7452b4dcb1341c16
2025-12-19T18:52:02.6048059Z ##[group]Run actions/setup-java@f2beeb24e141e01a676f977032f5a29d81c9e27e
2025-12-19T18:52:02.6048417Z with:
2025-12-19T18:52:02.6048609Z   distribution: temurin
2025-12-19T18:52:02.6048812Z   java-version: 21
2025-12-19T18:52:02.6048994Z   java-package: jdk
2025-12-19T18:52:02.6049179Z   check-latest: false
2025-12-19T18:52:02.6049369Z   server-id: github
2025-12-19T18:52:02.6049555Z   server-username: GITHUB_ACTOR
2025-12-19T18:52:02.6049788Z   server-password: GITHUB_TOKEN
2025-12-19T18:52:02.6050012Z   overwrite-settings: true
2025-12-19T18:52:02.6050213Z   job-status: success
2025-12-19T18:52:02.6050513Z   token: ***
2025-12-19T18:52:02.6050695Z ##[endgroup]
2025-12-19T18:52:02.7610688Z ##[group]Installed distributions
2025-12-19T18:52:02.7848155Z Resolved Java 21.0.9+10 from tool-cache
2025-12-19T18:52:02.7848673Z Setting Java 21.0.9+10 as the default
2025-12-19T18:52:02.7860218Z (node:2233) [DEP0040] DeprecationWarning: The `punycode` module is deprecated. Please use a userland alternative instead.
2025-12-19T18:52:02.7861074Z (Use `node --trace-deprecation ...` to show where the warning was created)
2025-12-19T18:52:02.7864215Z Creating toolchains.xml for JDK version 21 from temurin
2025-12-19T18:52:02.7940436Z Writing to /home/runner/.m2/toolchains.xml
2025-12-19T18:52:02.7940943Z 
2025-12-19T18:52:02.7941126Z Java configuration:
2025-12-19T18:52:02.7941685Z   Distribution: temurin
2025-12-19T18:52:02.7942060Z   Version: 21.0.9+10
2025-12-19T18:52:02.7942592Z   Path: /opt/hostedtoolcache/Java_Temurin-Hotspot_jdk/21.0.9-10/x64
2025-12-19T18:52:02.7942995Z 
2025-12-19T18:52:02.7943380Z ##[endgroup]
2025-12-19T18:52:02.7959965Z Creating settings.xml with server-id: github
2025-12-19T18:52:02.7960304Z Writing to /home/runner/.m2/settings.xml
2025-12-19T18:52:02.8070553Z ##[group]Run mvn -Ddoclint=all --show-version --batch-mode --no-transfer-progress
2025-12-19T18:52:02.8071177Z [36;1mmvn -Ddoclint=all --show-version --batch-mode --no-transfer-progress[0m
2025-12-19T18:52:02.8109010Z shell: /usr/bin/bash -e {0}
2025-12-19T18:52:02.8109252Z env:
2025-12-19T18:52:02.8109552Z   JAVA_HOME: /opt/hostedtoolcache/Java_Temurin-Hotspot_jdk/21.0.9-10/x64
2025-12-19T18:52:02.8110248Z   JAVA_HOME_21_X64: /opt/hostedtoolcache/Java_Temurin-Hotspot_jdk/21.0.9-10/x64
2025-12-19T18:52:02.8110587Z ##[endgroup]
2025-12-19T18:52:04.6631094Z Apache Maven 3.9.11 (3e54c93a704957b63ee3494413a2b544fd3d825b)
2025-12-19T18:52:04.6632141Z Maven home: /usr/share/apache-maven-3.9.11
2025-12-19T18:52:04.6632839Z Java version: 21.0.9, vendor: Eclipse Adoptium, runtime: /usr/lib/jvm/temurin-21-jdk-amd64
2025-12-19T18:52:04.6633671Z Default locale: en, platform encoding: UTF-8
2025-12-19T18:52:04.6634325Z OS name: "linux", version: "6.11.0-1018-azure", arch: "amd64", family: "unix"
2025-12-19T18:52:06.5194997Z [INFO] Scanning for projects...
2025-12-19T18:52:07.2142351Z [INFO] 
2025-12-19T18:52:07.2143342Z [INFO] -------------------< org.apache.commons:commons-csv >-------------------
2025-12-19T18:52:07.2144401Z [INFO] Building Apache Commons CSV 1.14.2-SNAPSHOT
2025-12-19T18:52:07.2145136Z [INFO]   from pom.xml
2025-12-19T18:52:07.2145765Z [INFO] --------------------------------[ jar ]---------------------------------
2025-12-19T18:52:07.3070738Z [INFO] 
2025-12-19T18:52:07.3072603Z [INFO] --- clean:3.5.0:clean (default-clean) @ commons-csv ---
2025-12-19T18:52:07.3957718Z [INFO] 
2025-12-19T18:52:07.3958275Z [INFO] --- enforcer:3.5.0:enforce (enforce-maven-version) @ commons-csv ---
2025-12-19T18:52:07.5270803Z [INFO] Rule 0: org.apache.maven.enforcer.rules.version.RequireMavenVersion passed
2025-12-19T18:52:07.5279506Z [INFO] 
2025-12-19T18:52:07.5290417Z [INFO] --- enforcer:3.5.0:enforce (enforce-java-version) @ commons-csv ---
2025-12-19T18:52:07.5535348Z [INFO] Rule 0: org.apache.maven.enforcer.rules.version.RequireJavaVersion passed
2025-12-19T18:52:07.5538490Z [INFO] 
2025-12-19T18:52:07.5541295Z [INFO] --- apache-rat:0.17:check (rat-check) @ commons-csv ---
2025-12-19T18:52:07.9879346Z [WARNING] Basedir is : /home/runner/work/commons-csv/commons-csv
2025-12-19T18:52:08.0457127Z [INFO] Excluding patterns: src/test/resources/org/apache/commons/csv/empty.txt, src/test/resources/org/apache/commons/csv/CSV-141/csv-141.csv, src/test/resources/org/apache/commons/csv/csv-167/sample1.csv, src/test/resources/org/apache/commons/csv/CSV-198/optd_por_public.csv, src/test/resources/org/apache/commons/csv/CSV-196/emoji.csv, src/test/resources/org/apache/commons/csv/CSV-196/japanese.csv, src/test/resources/org/apache/commons/csv/CSV-213/999751170.patch.csv, src/test/resources/org/apache/commons/csv/CSV-254/csv-254.csv, src/test/resources/org/apache/commons/csv/CSVFileParser/bom.csv, src/test/resources/org/apache/commons/csv/CSVFileParser/test.csv, src/test/resources/org/apache/commons/csv/CSVFileParser/test_default.txt, src/test/resources/org/apache/commons/csv/CSVFileParser/test_default_comment.txt, src/test/resources/org/apache/commons/csv/CSVFileParser/test_rfc4180.txt, src/test/resources/org/apache/commons/csv/CSVFileParser/test_rfc4180_trim.txt, src/test/resources/org/apache/commons/csv/CSVFileParser/testCSV85.csv, src/test/resources/org/apache/commons/csv/CSVFileParser/testCSV85_default.txt, src/test/resources/org/apache/commons/csv/CSVFileParser/testCSV85_ignoreEmpty.txt, src/test/resources/org/apache/commons/csv/ferc.gov/contract.txt, src/test/resources/org/apache/commons/csv/ferc.gov/transaction.txt, src/test/resources/**/*.bin, src/test/resources/org/apache/commons/csv/CSV-259/sample.txt, src/test/resources/org/apache/commons/csv/CSVFileParser/testCSV246.csv, src/test/resources/org/apache/commons/csv/CSVFileParser/testCSV246_checkWithNoComment.txt, src/test/resources/org/apache/commons/csv/CSV-290/psql.csv, src/test/resources/org/apache/commons/csv/CSV-290/psql.tsv, site-content/**, .checkstyle, .fbprefs, .pmd, .asf.yaml, .gitattributes, src/site/resources/download_*.cgi, maven-eclipse.xml, .externalToolBuilders/**, .vscode/**, .project, .classpath, .settings/**, **/*.svg, **/*.xcf
2025-12-19T18:52:08.0470004Z [INFO] Excluding MAVEN collection.
2025-12-19T18:52:08.0470288Z [INFO] Excluding ECLIPSE collection.
2025-12-19T18:52:08.0470546Z [INFO] Excluding IDEA collection.
2025-12-19T18:52:08.0471030Z [INFO] Processing exclude file from STANDARD_SCMS.
2025-12-19T18:52:08.0471795Z [INFO] Excluding STANDARD_SCMS collection.
2025-12-19T18:52:08.4107089Z [INFO] Excluding MISC collection.
2025-12-19T18:52:08.4110037Z [INFO] Excluding HIDDEN_DIR collection.
2025-12-19T18:52:10.6742607Z [INFO] RAT summary:
2025-12-19T18:52:10.6743428Z [INFO]   Approved:  78
2025-12-19T18:52:10.6744075Z [INFO]   Archives:  1
2025-12-19T18:52:10.6744635Z [INFO]   Binaries:  3
2025-12-19T18:52:10.6751372Z [INFO]   Document types:  5
2025-12-19T18:52:10.6752892Z [INFO]   Ignored:  32
2025-12-19T18:52:10.6753291Z [INFO]   License categories:  1
2025-12-19T18:52:10.6753696Z [INFO]   License names:  1
2025-12-19T18:52:10.6754040Z [INFO]   Notices:  4
2025-12-19T18:52:10.6754373Z [INFO]   Standards:  78
2025-12-19T18:52:10.6754721Z [INFO]   Unapproved:  0
2025-12-19T18:52:10.6755061Z [INFO]   Unknown:  0
2025-12-19T18:52:10.6755369Z [INFO] 
2025-12-19T18:52:10.6755858Z [INFO] --- artifact:3.6.1:check-buildplan (check-buildplan) @ commons-csv ---
2025-12-19T18:52:10.9769557Z [INFO] No known issue in 20 plugins
2025-12-19T18:52:10.9787247Z [INFO] 
2025-12-19T18:52:10.9788085Z [INFO] --- build-helper:3.6.1:parse-version (parse-version) @ commons-csv ---
2025-12-19T18:52:11.0146225Z [INFO] 
2025-12-19T18:52:11.0146740Z [INFO] --- antrun:3.1.0:run (javadoc.resources) @ commons-csv ---
2025-12-19T18:52:11.1961999Z [INFO] Executing tasks
2025-12-19T18:52:11.2486025Z [INFO]      [copy] Copying 2 files to /home/runner/work/commons-csv/commons-csv/target/apidocs/META-INF
2025-12-19T18:52:11.2499930Z [INFO] Executed tasks
2025-12-19T18:52:11.2502423Z [INFO] 
2025-12-19T18:52:11.2504675Z [INFO] --- remote-resources:3.3.0:process (process-resource-bundles) @ commons-csv ---
2025-12-19T18:52:11.4363108Z [INFO] Skipping remote resources execution.
2025-12-19T18:52:11.4369252Z [INFO] 
2025-12-19T18:52:11.4369746Z [INFO] --- resources:3.3.1:resources (default-resources) @ commons-csv ---
2025-12-19T18:52:11.4804529Z [INFO] skip non existing resourceDirectory /home/runner/work/commons-csv/commons-csv/src/main/resources
2025-12-19T18:52:11.4831744Z [INFO] Copying 2 resources from  to target/classes/META-INF
2025-12-19T18:52:11.4907452Z [INFO] 
2025-12-19T18:52:11.4919376Z [INFO] --- compiler:3.14.1:compile (default-compile) @ commons-csv ---
2025-12-19T18:52:11.6619047Z [INFO] Recompiling the module because of changed source code.
2025-12-19T18:52:11.6734187Z [INFO] Compiling 12 source files with javac [debug release 8] to target/classes
2025-12-19T18:52:13.1659078Z [WARNING] source value 8 is obsolete and will be removed in a future release
2025-12-19T18:52:13.1659907Z [WARNING] target value 8 is obsolete and will be removed in a future release
2025-12-19T18:52:13.1661033Z [WARNING] To suppress warnings about obsolete options, use -Xlint:-options.
2025-12-19T18:52:13.1662149Z [INFO] 
2025-12-19T18:52:13.1663881Z [INFO] --- bundle:6.0.0:manifest (bundle-manifest) @ commons-csv ---
2025-12-19T18:52:13.3973162Z [INFO] No MANIFEST.MF file found, generating manifest.
2025-12-19T18:52:13.7648411Z [INFO] Writing manifest: /home/runner/work/commons-csv/commons-csv/target/osgi/MANIFEST.MF
2025-12-19T18:52:13.7664270Z [INFO] 
2025-12-19T18:52:13.7665194Z [INFO] --- resources:3.3.1:testResources (default-testResources) @ commons-csv ---
2025-12-19T18:52:13.7727670Z [INFO] Copying 25 resources from src/test/resources to target/test-classes
2025-12-19T18:52:13.8139971Z [INFO] Copying 2 resources from  to target/test-classes/META-INF
2025-12-19T18:52:13.8144997Z [INFO] 
2025-12-19T18:52:13.8146361Z [INFO] --- compiler:3.14.1:testCompile (default-testCompile) @ commons-csv ---
2025-12-19T18:52:13.8237387Z [INFO] Recompiling the module because of changed dependency.
2025-12-19T18:52:13.8249415Z [INFO] Compiling 41 source files with javac [debug release 8] to target/test-classes
2025-12-19T18:52:15.3968363Z [WARNING] source value 8 is obsolete and will be removed in a future release
2025-12-19T18:52:15.3971357Z [WARNING] target value 8 is obsolete and will be removed in a future release
2025-12-19T18:52:15.3973492Z [WARNING] To suppress warnings about obsolete options, use -Xlint:-options.
2025-12-19T18:52:15.3976092Z [INFO] /home/runner/work/commons-csv/commons-csv/src/test/java/org/apache/commons/csv/CSVFileParserTest.java: Some input files use or override a deprecated API.
2025-12-19T18:52:15.3978749Z [INFO] /home/runner/work/commons-csv/commons-csv/src/test/java/org/apache/commons/csv/CSVFileParserTest.java: Recompile with -Xlint:deprecation for details.
2025-12-19T18:52:15.3980639Z [INFO] 
2025-12-19T18:52:15.3981624Z [INFO] --- jacoco:0.8.14:prepare-agent (prepare-agent) @ commons-csv ---
2025-12-19T18:52:15.4421232Z [INFO] argLine set to -javaagent:/home/runner/.m2/repository/org/jacoco/org.jacoco.agent/0.8.14/org.jacoco.agent-0.8.14-runtime.jar=destfile=/home/runner/work/commons-csv/commons-csv/target/jacoco.exec -XX:+EnableDynamicAgentLoading
2025-12-19T18:52:15.4423429Z [INFO] 
2025-12-19T18:52:15.4424113Z [INFO] --- surefire:3.5.4:test (default-test) @ commons-csv ---
2025-12-19T18:52:15.5343715Z [INFO] Using auto detected provider org.apache.maven.surefire.junitplatform.JUnitPlatformProvider
2025-12-19T18:52:15.5685697Z [INFO] 
2025-12-19T18:52:15.5692411Z [INFO] -------------------------------------------------------
2025-12-19T18:52:15.5692946Z [INFO]  T E S T S
2025-12-19T18:52:15.5693359Z [INFO] -------------------------------------------------------
2025-12-19T18:52:17.4504751Z [INFO] Running org.apache.commons.csv.ExtendedBufferedReaderTest
2025-12-19T18:52:17.5853310Z [INFO] Tests run: 6, Failures: 0, Errors: 0, Skipped: 0, Time elapsed: 0.103 s -- in org.apache.commons.csv.ExtendedBufferedReaderTest
2025-12-19T18:52:17.5911866Z [INFO] Running org.apache.commons.csv.issues.JiraCsv198Test
2025-12-19T18:52:18.0048203Z [INFO] Tests run: 1, Failures: 0, Errors: 0, Skipped: 0, Time elapsed: 0.431 s -- in org.apache.commons.csv.issues.JiraCsv198Test
2025-12-19T18:52:18.0053153Z [INFO] Running org.apache.commons.csv.issues.JiraCsv253Test
2025-12-19T18:52:18.0054247Z [INFO] Tests run: 1, Failures: 0, Errors: 0, Skipped: 0, Time elapsed: 0.009 s -- in org.apache.commons.csv.issues.JiraCsv253Test
2025-12-19T18:52:18.0055295Z [INFO] Running org.apache.commons.csv.issues.JiraCsv265Test
2025-12-19T18:52:18.0219105Z [INFO] Tests run: 2, Failures: 0, Errors: 0, Skipped: 0, Time elapsed: 0.008 s -- in org.apache.commons.csv.issues.JiraCsv265Test
2025-12-19T18:52:18.0224987Z [INFO] Running org.apache.commons.csv.issues.JiraCsv150Test
2025-12-19T18:52:18.0288272Z [INFO] Tests run: 3, Failures: 0, Errors: 0, Skipped: 0, Time elapsed: 0.017 s -- in org.apache.commons.csv.issues.JiraCsv150Test
2025-12-19T18:52:18.0294599Z [INFO] Running org.apache.commons.csv.issues.JiraCsv249Test
2025-12-19T18:52:18.0533344Z [INFO] Tests run: 1, Failures: 0, Errors: 0, Skipped: 0, Time elapsed: 0.017 s -- in org.apache.commons.csv.issues.JiraCsv249Test
2025-12-19T18:52:18.0539823Z [INFO] Running org.apache.commons.csv.issues.JiraCsv154Test
2025-12-19T18:52:18.0649892Z [INFO] Tests run: 2, Failures: 0, Errors: 0, Skipped: 0, Time elapsed: 0.010 s -- in org.apache.commons.csv.issues.JiraCsv154Test
2025-12-19T18:52:18.0652779Z [INFO] Running org.apache.commons.csv.issues.JiraCsv248Test
2025-12-19T18:52:18.1123178Z [INFO] Tests run: 1, Failures: 0, Errors: 0, Skipped: 0, Time elapsed: 0.041 s -- in org.apache.commons.csv.issues.JiraCsv248Test
2025-12-19T18:52:18.1138821Z [INFO] Running org.apache.commons.csv.issues.JiraCsv257Test
2025-12-19T18:52:18.1250836Z [INFO] Tests run: 3, Failures: 0, Errors: 0, Skipped: 0, Time elapsed: 0.015 s -- in org.apache.commons.csv.issues.JiraCsv257Test
2025-12-19T18:52:18.1252993Z [INFO] Running org.apache.commons.csv.issues.JiraCsv290Test
2025-12-19T18:52:18.1388611Z [INFO] Tests run: 3, Failures: 0, Errors: 0, Skipped: 0, Time elapsed: 0.014 s -- in org.apache.commons.csv.issues.JiraCsv290Test
2025-12-19T18:52:18.1422919Z [INFO] Running org.apache.commons.csv.issues.JiraCsv294Test
2025-12-19T18:52:18.1524186Z [INFO] Tests run: 4, Failures: 0, Errors: 0, Skipped: 0, Time elapsed: 0.012 s -- in org.apache.commons.csv.issues.JiraCsv294Test
2025-12-19T18:52:18.1525631Z [INFO] Running org.apache.commons.csv.issues.JiraCsv149Test
2025-12-19T18:52:18.1605297Z [INFO] Tests run: 2, Failures: 0, Errors: 0, Skipped: 0, Time elapsed: 0.008 s -- in org.apache.commons.csv.issues.JiraCsv149Test
2025-12-19T18:52:18.1607588Z [INFO] Running org.apache.commons.csv.issues.JiraCsv264Test
2025-12-19T18:52:18.1717159Z [INFO] Tests run: 3, Failures: 0, Errors: 0, Skipped: 0, Time elapsed: 0.006 s -- in org.apache.commons.csv.issues.JiraCsv264Test
2025-12-19T18:52:18.1718540Z [INFO] Running org.apache.commons.csv.issues.JiraCsv211Test
2025-12-19T18:52:18.1758202Z [INFO] Tests run: 1, Failures: 0, Errors: 0, Skipped: 0, Time elapsed: 0.005 s -- in org.apache.commons.csv.issues.JiraCsv211Test
2025-12-19T18:52:18.1763964Z [INFO] Running org.apache.commons.csv.issues.JiraCsv254Test
2025-12-19T18:52:18.1837717Z [INFO] Tests run: 1, Failures: 0, Errors: 0, Skipped: 0, Time elapsed: 0.007 s -- in org.apache.commons.csv.issues.JiraCsv254Test
2025-12-19T18:52:18.1851033Z [INFO] Running org.apache.commons.csv.issues.JiraCsv271Test
2025-12-19T18:52:18.1871042Z [INFO] Tests run: 2, Failures: 0, Errors: 0, Skipped: 0, Time elapsed: 0.003 s -- in org.apache.commons.csv.issues.JiraCsv271Test
2025-12-19T18:52:18.1873646Z [INFO] Running org.apache.commons.csv.issues.JiraCsv288Test
2025-12-19T18:52:18.2113365Z [INFO] Tests run: 12, Failures: 0, Errors: 0, Skipped: 0, Time elapsed: 0.020 s -- in org.apache.commons.csv.issues.JiraCsv288Test
2025-12-19T18:52:18.2116220Z [INFO] Running org.apache.commons.csv.issues.JiraCsv167Test
2025-12-19T18:52:18.2126863Z [INFO] Tests run: 1, Failures: 0, Errors: 0, Skipped: 0, Time elapsed: 0.003 s -- in org.apache.commons.csv.issues.JiraCsv167Test
2025-12-19T18:52:18.2128300Z [INFO] Running org.apache.commons.csv.issues.JiraCsv247Test
2025-12-19T18:52:18.2199940Z [INFO] Tests run: 2, Failures: 0, Errors: 0, Skipped: 0, Time elapsed: 0.004 s -- in org.apache.commons.csv.issues.JiraCsv247Test
2025-12-19T18:52:18.2201263Z [INFO] Running org.apache.commons.csv.issues.JiraCsv203Test
2025-12-19T18:52:18.2280145Z [INFO] Tests run: 7, Failures: 0, Errors: 0, Skipped: 0, Time elapsed: 0.011 s -- in org.apache.commons.csv.issues.JiraCsv203Test
2025-12-19T18:52:18.2281346Z [INFO] Running org.apache.commons.csv.issues.JiraCsv206Test
2025-12-19T18:52:18.2306702Z [INFO] Tests run: 1, Failures: 0, Errors: 0, Skipped: 0, Time elapsed: 0.002 s -- in org.apache.commons.csv.issues.JiraCsv206Test
2025-12-19T18:52:18.2315357Z [INFO] Running org.apache.commons.csv.issues.JiraCsv93Test
2025-12-19T18:52:18.2417277Z [INFO] Tests run: 3, Failures: 0, Errors: 0, Skipped: 0, Time elapsed: 0.011 s -- in org.apache.commons.csv.issues.JiraCsv93Test
2025-12-19T18:52:18.2418859Z [INFO] Running org.apache.commons.csv.issues.JiraCsv148Test
2025-12-19T18:52:18.2502911Z [INFO] Tests run: 2, Failures: 0, Errors: 0, Skipped: 0, Time elapsed: 0.003 s -- in org.apache.commons.csv.issues.JiraCsv148Test
2025-12-19T18:52:18.2535782Z [INFO] Running org.apache.commons.csv.issues.JiraCsv213Test
2025-12-19T18:52:18.2536839Z [INFO] Tests run: 1, Failures: 0, Errors: 0, Skipped: 0, Time elapsed: 0.001 s -- in org.apache.commons.csv.issues.JiraCsv213Test
2025-12-19T18:52:18.2537869Z [INFO] Running org.apache.commons.csv.issues.JiraCsv263Test
2025-12-19T18:52:18.2538855Z [INFO] Tests run: 1, Failures: 0, Errors: 0, Skipped: 0, Time elapsed: 0.002 s -- in org.apache.commons.csv.issues.JiraCsv263Test
2025-12-19T18:52:18.2565001Z [INFO] Running org.apache.commons.csv.UserGuideTest
2025-12-19T18:52:18.3386879Z [INFO] Tests run: 2, Failures: 0, Errors: 0, Skipped: 0, Time elapsed: 0.080 s -- in org.apache.commons.csv.UserGuideTest
2025-12-19T18:52:18.3433789Z [INFO] Running org.apache.commons.csv.CSVFormatTest
2025-12-19T18:52:18.5504182Z [INFO] Tests run: 109, Failures: 0, Errors: 0, Skipped: 0, Time elapsed: 0.200 s -- in org.apache.commons.csv.CSVFormatTest
2025-12-19T18:52:18.5506033Z [INFO] Running org.apache.commons.csv.CSVFormatPredefinedTest
2025-12-19T18:52:18.5573744Z [INFO] Tests run: 10, Failures: 0, Errors: 0, Skipped: 0, Time elapsed: 0.012 s -- in org.apache.commons.csv.CSVFormatPredefinedTest
2025-12-19T18:52:18.5574948Z [INFO] Running org.apache.commons.csv.CSVParserTest
2025-12-19T18:52:18.8936830Z [WARNING] Tests run: 154, Failures: 0, Errors: 0, Skipped: 4, Time elapsed: 0.326 s -- in org.apache.commons.csv.CSVParserTest
2025-12-19T18:52:18.8938082Z [INFO] Running org.apache.commons.csv.CSVDuplicateHeaderTest
2025-12-19T18:52:19.3239891Z [INFO] Tests run: 348, Failures: 0, Errors: 0, Skipped: 0, Time elapsed: 0.426 s -- in org.apache.commons.csv.CSVDuplicateHeaderTest
2025-12-19T18:52:19.3254499Z [INFO] Running org.apache.commons.csv.JiraCsv318Test
2025-12-19T18:52:19.3447717Z [INFO] Tests run: 5, Failures: 0, Errors: 0, Skipped: 0, Time elapsed: 0.034 s -- in org.apache.commons.csv.JiraCsv318Test
2025-12-19T18:52:19.3463771Z [INFO] Running org.apache.commons.csv.LexerTest
2025-12-19T18:52:19.3767802Z [INFO] Tests run: 33, Failures: 0, Errors: 0, Skipped: 0, Time elapsed: 0.027 s -- in org.apache.commons.csv.LexerTest
2025-12-19T18:52:19.3769534Z [INFO] Running org.apache.commons.csv.CSVRecordTest
2025-12-19T18:52:19.4344405Z [INFO] Tests run: 31, Failures: 0, Errors: 0, Skipped: 0, Time elapsed: 0.057 s -- in org.apache.commons.csv.CSVRecordTest
2025-12-19T18:52:19.4358818Z [INFO] Running org.apache.commons.csv.CSVFileParserTest
2025-12-19T18:52:19.4557283Z [INFO] Tests run: 14, Failures: 0, Errors: 0, Skipped: 0, Time elapsed: 0.021 s -- in org.apache.commons.csv.CSVFileParserTest
2025-12-19T18:52:19.4593175Z [INFO] Running org.apache.commons.csv.JiraCsv196Test
2025-12-19T18:52:19.4646331Z [INFO] Tests run: 2, Failures: 0, Errors: 0, Skipped: 0, Time elapsed: 0.008 s -- in org.apache.commons.csv.JiraCsv196Test
2025-12-19T18:52:19.4653079Z [INFO] Running org.apache.commons.csv.CSVPrinterTest
2025-12-19T18:52:24.2763523Z [WARNING] Tests run: 144, Failures: 0, Errors: 0, Skipped: 7, Time elapsed: 4.805 s -- in org.apache.commons.csv.CSVPrinterTest
2025-12-19T18:52:24.2764819Z [INFO] Running org.apache.commons.csv.TokenTest
2025-12-19T18:52:24.2791699Z [INFO] Tests run: 5, Failures: 0, Errors: 0, Skipped: 0, Time elapsed: 0.005 s -- in org.apache.commons.csv.TokenTest
2025-12-19T18:52:24.3516523Z [INFO] 
2025-12-19T18:52:24.3516856Z [INFO] Results:
2025-12-19T18:52:24.3517156Z [INFO] 
2025-12-19T18:52:24.3519565Z [WARNING] Tests run: 923, Failures: 0, Errors: 0, Skipped: 11
2025-12-19T18:52:24.3520106Z [INFO] 
2025-12-19T18:52:24.3544427Z [INFO] 
2025-12-19T18:52:24.3544802Z [INFO] --- jar:3.5.0:jar (default-jar) @ commons-csv ---
2025-12-19T18:52:24.5158941Z [INFO] Building jar: /home/runner/work/commons-csv/commons-csv/target/commons-csv-1.14.2-SNAPSHOT.jar
2025-12-19T18:52:24.5623803Z [INFO] 
2025-12-19T18:52:24.5625894Z [INFO] --- jar:3.5.0:test-jar (default) @ commons-csv ---
2025-12-19T18:52:24.5777326Z [INFO] Building jar: /home/runner/work/commons-csv/commons-csv/target/commons-csv-1.14.2-SNAPSHOT-tests.jar
2025-12-19T18:52:25.5349760Z [INFO] 
2025-12-19T18:52:25.5350358Z [INFO] --- source:3.2.1:jar-no-fork (create-source-jar) @ commons-csv ---
2025-12-19T18:52:25.6676574Z [INFO] Building jar: /home/runner/work/commons-csv/commons-csv/target/commons-csv-1.14.2-SNAPSHOT-sources.jar
2025-12-19T18:52:25.6964207Z [INFO] 
2025-12-19T18:52:25.6965240Z [INFO] --- source:3.2.1:test-jar-no-fork (create-source-jar) @ commons-csv ---
2025-12-19T18:52:25.7081328Z [INFO] Building jar: /home/runner/work/commons-csv/commons-csv/target/commons-csv-1.14.2-SNAPSHOT-test-sources.jar
2025-12-19T18:52:26.7161838Z [INFO] 
2025-12-19T18:52:26.7163485Z [INFO] --- cyclonedx:2.9.1:makeAggregateBom (build-sbom-cyclonedx) @ commons-csv ---
2025-12-19T18:52:26.8030738Z [INFO] CycloneDX: Resolving Dependencies
2025-12-19T18:52:27.6959856Z [INFO] CycloneDX: Creating BOM version 1.6 with 2 component(s)
2025-12-19T18:52:27.8183350Z [INFO] CycloneDX: Writing and validating BOM (XML): /home/runner/work/commons-csv/commons-csv/target/commons-csv-1.14.2-SNAPSHOT-bom.xml
2025-12-19T18:52:28.1576703Z [INFO]            attaching as commons-csv-1.14.2-SNAPSHOT-cyclonedx.xml
2025-12-19T18:52:28.1783194Z [INFO] CycloneDX: Writing and validating BOM (JSON): /home/runner/work/commons-csv/commons-csv/target/commons-csv-1.14.2-SNAPSHOT-bom.json
2025-12-19T18:52:28.2636388Z [WARNING] Unknown keyword meta:enum - you should define your own Meta Schema. If the keyword is irrelevant for validation, just use a NonValidationKeyword or if it should generate annotations AnnotationKeyword
2025-12-19T18:52:28.2640457Z [WARNING] Unknown keyword deprecated - you should define your own Meta Schema. If the keyword is irrelevant for validation, just use a NonValidationKeyword or if it should generate annotations AnnotationKeyword
2025-12-19T18:52:28.3172358Z [INFO]            attaching as commons-csv-1.14.2-SNAPSHOT-cyclonedx.json
2025-12-19T18:52:28.3174991Z [INFO] 
2025-12-19T18:52:28.3175472Z [INFO] --- spdx:1.0.3:createSPDX (build-sbom-spdx) @ commons-csv ---
2025-12-19T18:52:28.5297324Z [INFO] spdx file type = .json
2025-12-19T18:52:28.5298459Z [INFO] Creating SPDX File /home/runner/work/commons-csv/commons-csv/target/site/org.apache.commons_commons-csv-1.14.2-SNAPSHOT.spdx.json
2025-12-19T18:52:30.8189155Z [INFO] 
2025-12-19T18:52:30.8193568Z [INFO] --- moditect:1.3.0.Final:add-module-info (add-module-infos) @ commons-csv ---
2025-12-19T18:52:31.0728394Z [INFO] Running jdeps --generate-module-info /home/runner/work/commons-csv/commons-csv/target/moditect --add-modules org.apache.commons.codec,org.apache.commons.io --module-path /home/runner/.m2/repository/commons-codec/commons-codec/1.20.0/commons-codec-1.20.0.jar:/home/runner/.m2/repository/commons-io/commons-io/2.21.0/commons-io-2.21.0.jar --multi-release=9 /home/runner/work/commons-csv/commons-csv/target/commons-csv-1.14.2-SNAPSHOT.jar
2025-12-19T18:52:31.3708285Z writing to /home/runner/work/commons-csv/commons-csv/target/moditect/org.apache.commons.csv/versions/9/module-info.java
2025-12-19T18:52:31.5317092Z [INFO] Created module descriptor at /home/runner/work/commons-csv/commons-csv/target/moditect/generated-sources/org.apache.commons.csv/module-info.java
2025-12-19T18:52:31.6143380Z [INFO] 
2025-12-19T18:52:31.6144067Z [INFO] --- site:3.21.0:attach-descriptor (attach-descriptor) @ commons-csv ---
2025-12-19T18:52:31.9664216Z [INFO] Skipping because packaging 'jar' is not pom.
2025-12-19T18:52:31.9665113Z [INFO] 
2025-12-19T18:52:31.9665919Z [INFO] --- changes:3.0.0-M3:changes-validate (validate-changes) @ commons-csv ---
2025-12-19T18:52:32.1943642Z [INFO] 
2025-12-19T18:52:32.1950210Z [INFO] --- jacoco:0.8.14:check (check) @ commons-csv ---
2025-12-19T18:52:32.2034371Z [INFO] Loading execution data file /home/runner/work/commons-csv/commons-csv/target/jacoco.exec
2025-12-19T18:52:32.3056401Z [INFO] Analyzed bundle 'commons-csv' with 17 classes
2025-12-19T18:52:32.3063689Z [INFO] All coverage checks have been met.
2025-12-19T18:52:32.3064730Z [INFO] 
2025-12-19T18:52:32.3065437Z [INFO] --- apache-rat:0.17:check (default-cli) @ commons-csv ---
2025-12-19T18:52:32.3111768Z [WARNING] Basedir is : /home/runner/work/commons-csv/commons-csv
2025-12-19T18:52:32.3142960Z [INFO] Excluding patterns: src/test/resources/org/apache/commons/csv/empty.txt, src/test/resources/org/apache/commons/csv/CSV-141/csv-141.csv, src/test/resources/org/apache/commons/csv/csv-167/sample1.csv, src/test/resources/org/apache/commons/csv/CSV-198/optd_por_public.csv, src/test/resources/org/apache/commons/csv/CSV-196/emoji.csv, src/test/resources/org/apache/commons/csv/CSV-196/japanese.csv, src/test/resources/org/apache/commons/csv/CSV-213/999751170.patch.csv, src/test/resources/org/apache/commons/csv/CSV-254/csv-254.csv, src/test/resources/org/apache/commons/csv/CSVFileParser/bom.csv, src/test/resources/org/apache/commons/csv/CSVFileParser/test.csv, src/test/resources/org/apache/commons/csv/CSVFileParser/test_default.txt, src/test/resources/org/apache/commons/csv/CSVFileParser/test_default_comment.txt, src/test/resources/org/apache/commons/csv/CSVFileParser/test_rfc4180.txt, src/test/resources/org/apache/commons/csv/CSVFileParser/test_rfc4180_trim.txt, src/test/resources/org/apache/commons/csv/CSVFileParser/testCSV85.csv, src/test/resources/org/apache/commons/csv/CSVFileParser/testCSV85_default.txt, src/test/resources/org/apache/commons/csv/CSVFileParser/testCSV85_ignoreEmpty.txt, src/test/resources/org/apache/commons/csv/ferc.gov/contract.txt, src/test/resources/org/apache/commons/csv/ferc.gov/transaction.txt, src/test/resources/**/*.bin, src/test/resources/org/apache/commons/csv/CSV-259/sample.txt, src/test/resources/org/apache/commons/csv/CSVFileParser/testCSV246.csv, src/test/resources/org/apache/commons/csv/CSVFileParser/testCSV246_checkWithNoComment.txt, src/test/resources/org/apache/commons/csv/CSV-290/psql.csv, src/test/resources/org/apache/commons/csv/CSV-290/psql.tsv, site-content/**, .checkstyle, .fbprefs, .pmd, .asf.yaml, .gitattributes, src/site/resources/download_*.cgi, maven-eclipse.xml, .externalToolBuilders/**, .vscode/**, .project, .classpath, .settings/**, **/*.svg, **/*.xcf
2025-12-19T18:52:32.3156920Z [INFO] Excluding MAVEN collection.
2025-12-19T18:52:32.3182241Z [INFO] Excluding ECLIPSE collection.
2025-12-19T18:52:32.3182723Z [INFO] Excluding IDEA collection.
2025-12-19T18:52:32.3183205Z [INFO] Processing exclude file from STANDARD_SCMS.
2025-12-19T18:52:32.3183732Z [INFO] Excluding STANDARD_SCMS collection.
2025-12-19T18:52:32.3273144Z [INFO] Excluding MISC collection.
2025-12-19T18:52:32.3273956Z [INFO] Excluding HIDDEN_DIR collection.
2025-12-19T18:52:33.1643817Z [INFO] RAT summary:
2025-12-19T18:52:33.1645893Z [INFO]   Approved:  78
2025-12-19T18:52:33.1646284Z [INFO]   Archives:  1
2025-12-19T18:52:33.1646580Z [INFO]   Binaries:  3
2025-12-19T18:52:33.1646873Z [INFO]   Document types:  5
2025-12-19T18:52:33.1647206Z [INFO]   Ignored:  32
2025-12-19T18:52:33.1647533Z [INFO]   License categories:  1
2025-12-19T18:52:33.1647893Z [INFO]   License names:  1
2025-12-19T18:52:33.1648208Z [INFO]   Notices:  4
2025-12-19T18:52:33.1648505Z [INFO]   Standards:  78
2025-12-19T18:52:33.1649517Z [INFO]   Unapproved:  0
2025-12-19T18:52:33.1650141Z [INFO]   Unknown:  0
2025-12-19T18:52:33.1650579Z [INFO] 
2025-12-19T18:52:33.1651149Z [INFO] --- japicmp:0.24.2:cmp (default-cli) @ commons-csv ---
2025-12-19T18:52:33.4727600Z [INFO] Written file '/home/runner/work/commons-csv/commons-csv/target/japicmp/default-cli.diff'.
2025-12-19T18:52:33.4818906Z [INFO] Written file '/home/runner/work/commons-csv/commons-csv/target/japicmp/default-cli.md'.
2025-12-19T18:52:33.7202458Z [INFO] Written file '/home/runner/work/commons-csv/commons-csv/target/japicmp/default-cli.xml'.
2025-12-19T18:52:33.7237243Z [INFO] Written file '/home/runner/work/commons-csv/commons-csv/target/japicmp/default-cli.html'.
2025-12-19T18:52:33.7252778Z [INFO] 
2025-12-19T18:52:33.7255336Z [INFO] >>> spotbugs:4.9.8.1:check (default-cli) > :spotbugs @ commons-csv >>>
2025-12-19T18:52:33.7309924Z [INFO] 
2025-12-19T18:52:33.7312695Z [INFO] --- spotbugs:4.9.8.1:spotbugs (spotbugs) @ commons-csv ---
2025-12-19T18:52:34.5010282Z [INFO] Fork Value is true
2025-12-19T18:52:41.8956774Z [INFO] Done SpotBugs Analysis....
2025-12-19T18:52:42.2033934Z [INFO] Skipping com.github.spotbugs:spotbugs-maven-plugin:4.9.8.1:spotbugs report goal
2025-12-19T18:52:42.2035280Z [INFO] 
2025-12-19T18:52:42.2038107Z [INFO] <<< spotbugs:4.9.8.1:check (default-cli) < :spotbugs @ commons-csv <<<
2025-12-19T18:52:42.2042754Z [INFO] 
2025-12-19T18:52:42.2043051Z [INFO] 
2025-12-19T18:52:42.2043500Z [INFO] --- spotbugs:4.9.8.1:check (default-cli) @ commons-csv ---
2025-12-19T18:52:42.2373967Z [INFO] BugInstance size is 0
2025-12-19T18:52:42.2379999Z [INFO] Error size is 0
2025-12-19T18:52:42.2382994Z [INFO] No errors/warnings found
2025-12-19T18:52:42.2385221Z [INFO] 
2025-12-19T18:52:42.2385650Z [INFO] >>> pmd:3.28.0:check (default-cli) > :pmd @ commons-csv >>>
2025-12-19T18:52:42.2396147Z [INFO] 
2025-12-19T18:52:42.2396812Z [INFO] --- pmd:3.28.0:pmd (pmd) @ commons-csv ---
2025-12-19T18:52:42.5702656Z [INFO] PMD version: 7.18.0
2025-12-19T18:52:45.1302171Z [INFO] Rendering content with org.apache.commons:commons-skin:jar:5.2.0 skin
2025-12-19T18:52:45.4057197Z [INFO] 
2025-12-19T18:52:45.4058122Z [INFO] <<< pmd:3.28.0:check (default-cli) < :pmd @ commons-csv <<<
2025-12-19T18:52:45.4065720Z [INFO] 
2025-12-19T18:52:45.4066568Z [INFO] 
2025-12-19T18:52:45.4067170Z [INFO] --- pmd:3.28.0:check (default-cli) @ commons-csv ---
2025-12-19T18:52:45.4098604Z [INFO] 
2025-12-19T18:52:45.4105180Z [INFO] >>> pmd:3.28.0:cpd-check (default-cli) > :cpd @ commons-csv >>>
2025-12-19T18:52:45.4111947Z [INFO] 
2025-12-19T18:52:45.4112700Z [INFO] --- pmd:3.28.0:cpd (cpd) @ commons-csv ---
2025-12-19T18:52:45.5342851Z [INFO] Rendering content with org.apache.commons:commons-skin:jar:5.2.0 skin
2025-12-19T18:52:45.6211337Z [INFO] 
2025-12-19T18:52:45.6222475Z [INFO] <<< pmd:3.28.0:cpd-check (default-cli) < :cpd @ commons-csv <<<
2025-12-19T18:52:45.6223048Z [INFO] 
2025-12-19T18:52:45.6223313Z [INFO] 
2025-12-19T18:52:45.6223728Z [INFO] --- pmd:3.28.0:cpd-check (default-cli) @ commons-csv ---
2025-12-19T18:52:45.6273894Z [INFO] 
2025-12-19T18:52:45.6274651Z [INFO] >>> javadoc:3.12.0:javadoc (default-cli) > generate-sources @ commons-csv >>>
2025-12-19T18:52:45.6290401Z [INFO] 
2025-12-19T18:52:45.6291077Z [INFO] --- enforcer:3.5.0:enforce (enforce-maven-version) @ commons-csv ---
2025-12-19T18:52:45.6326034Z [INFO] 
2025-12-19T18:52:45.6327136Z [INFO] --- enforcer:3.5.0:enforce (enforce-java-version) @ commons-csv ---
2025-12-19T18:52:45.6344271Z [INFO] 
2025-12-19T18:52:45.6344845Z [INFO] --- apache-rat:0.17:check (rat-check) @ commons-csv ---
2025-12-19T18:52:45.6394476Z [WARNING] Basedir is : /home/runner/work/commons-csv/commons-csv
2025-12-19T18:52:45.6423878Z [INFO] Excluding patterns: src/test/resources/org/apache/commons/csv/empty.txt, src/test/resources/org/apache/commons/csv/CSV-141/csv-141.csv, src/test/resources/org/apache/commons/csv/csv-167/sample1.csv, src/test/resources/org/apache/commons/csv/CSV-198/optd_por_public.csv, src/test/resources/org/apache/commons/csv/CSV-196/emoji.csv, src/test/resources/org/apache/commons/csv/CSV-196/japanese.csv, src/test/resources/org/apache/commons/csv/CSV-213/999751170.patch.csv, src/test/resources/org/apache/commons/csv/CSV-254/csv-254.csv, src/test/resources/org/apache/commons/csv/CSVFileParser/bom.csv, src/test/resources/org/apache/commons/csv/CSVFileParser/test.csv, src/test/resources/org/apache/commons/csv/CSVFileParser/test_default.txt, src/test/resources/org/apache/commons/csv/CSVFileParser/test_default_comment.txt, src/test/resources/org/apache/commons/csv/CSVFileParser/test_rfc4180.txt, src/test/resources/org/apache/commons/csv/CSVFileParser/test_rfc4180_trim.txt, src/test/resources/org/apache/commons/csv/CSVFileParser/testCSV85.csv, src/test/resources/org/apache/commons/csv/CSVFileParser/testCSV85_default.txt, src/test/resources/org/apache/commons/csv/CSVFileParser/testCSV85_ignoreEmpty.txt, src/test/resources/org/apache/commons/csv/ferc.gov/contract.txt, src/test/resources/org/apache/commons/csv/ferc.gov/transaction.txt, src/test/resources/**/*.bin, src/test/resources/org/apache/commons/csv/CSV-259/sample.txt, src/test/resources/org/apache/commons/csv/CSVFileParser/testCSV246.csv, src/test/resources/org/apache/commons/csv/CSVFileParser/testCSV246_checkWithNoComment.txt, src/test/resources/org/apache/commons/csv/CSV-290/psql.csv, src/test/resources/org/apache/commons/csv/CSV-290/psql.tsv, site-content/**, .checkstyle, .fbprefs, .pmd, .asf.yaml, .gitattributes, src/site/resources/download_*.cgi, maven-eclipse.xml, .externalToolBuilders/**, .vscode/**, .project, .classpath, .settings/**, **/*.svg, **/*.xcf
2025-12-19T18:52:45.6437252Z [INFO] Excluding MAVEN collection.
2025-12-19T18:52:45.6437921Z [INFO] Excluding ECLIPSE collection.
2025-12-19T18:52:45.6438417Z [INFO] Excluding IDEA collection.
2025-12-19T18:52:45.6438927Z [INFO] Processing exclude file from STANDARD_SCMS.
2025-12-19T18:52:45.6439422Z [INFO] Excluding STANDARD_SCMS collection.
2025-12-19T18:52:45.6730583Z [INFO] Excluding MISC collection.
2025-12-19T18:52:45.6732130Z [INFO] Excluding HIDDEN_DIR collection.
2025-12-19T18:52:46.5132675Z [INFO] RAT summary:
2025-12-19T18:52:46.5133476Z [INFO]   Approved:  78
2025-12-19T18:52:46.5133968Z [INFO]   Archives:  1
2025-12-19T18:52:46.5134297Z [INFO]   Binaries:  3
2025-12-19T18:52:46.5134629Z [INFO]   Document types:  5
2025-12-19T18:52:46.5134990Z [INFO]   Ignored:  32
2025-12-19T18:52:46.5135329Z [INFO]   License categories:  1
2025-12-19T18:52:46.5135702Z [INFO]   License names:  1
2025-12-19T18:52:46.5136043Z [INFO]   Notices:  4
2025-12-19T18:52:46.5136355Z [INFO]   Standards:  78
2025-12-19T18:52:46.5136715Z [INFO]   Unapproved:  0
2025-12-19T18:52:46.5137028Z [INFO]   Unknown:  0
2025-12-19T18:52:46.5137323Z [INFO] 
2025-12-19T18:52:46.5137808Z [INFO] --- artifact:3.6.1:check-buildplan (check-buildplan) @ commons-csv ---
2025-12-19T18:52:46.5186255Z [INFO] No known issue in 20 plugins
2025-12-19T18:52:46.5187009Z [INFO] 
2025-12-19T18:52:46.5187673Z [INFO] --- build-helper:3.6.1:parse-version (parse-version) @ commons-csv ---
2025-12-19T18:52:46.5195496Z [INFO] 
2025-12-19T18:52:46.5199377Z [INFO] --- antrun:3.1.0:run (javadoc.resources) @ commons-csv ---
2025-12-19T18:52:46.5637841Z [INFO] Executing tasks
2025-12-19T18:52:46.5655266Z [INFO] Executed tasks
2025-12-19T18:52:46.5660050Z [INFO] 
2025-12-19T18:52:46.5662254Z [INFO] <<< javadoc:3.12.0:javadoc (default-cli) < generate-sources @ commons-csv <<<
2025-12-19T18:52:46.5664063Z [INFO] 
2025-12-19T18:52:46.5665463Z [INFO] 
2025-12-19T18:52:46.5666566Z [INFO] --- javadoc:3.12.0:javadoc (default-cli) @ commons-csv ---
2025-12-19T18:52:49.7044788Z [INFO] 
2025-12-19T18:52:49.7045342Z [INFO] --- checkstyle:3.6.0:check (default-cli) @ commons-csv ---
2025-12-19T18:52:52.1300980Z [INFO] You have 0 Checkstyle violations.
2025-12-19T18:52:52.1326089Z [INFO] ------------------------------------------------------------------------
2025-12-19T18:52:52.1326710Z [INFO] BUILD SUCCESS
2025-12-19T18:52:52.1327145Z [INFO] ------------------------------------------------------------------------
2025-12-19T18:52:52.1327687Z [INFO] Total time:  45.653 s
2025-12-19T18:52:52.1328072Z [INFO] Finished at: 2025-12-19T18:52:52Z
2025-12-19T18:52:52.1328615Z [INFO] ------------------------------------------------------------------------
2025-12-19T18:52:52.1939443Z Post job cleanup.
2025-12-19T18:52:52.3195599Z (node:2471) [DEP0040] DeprecationWarning: The `punycode` module is deprecated. Please use a userland alternative instead.
2025-12-19T18:52:52.3196434Z (Use `node --trace-deprecation ...` to show where the warning was created)
2025-12-19T18:52:52.4593284Z Post job cleanup.
2025-12-19T18:52:52.5883329Z Cache hit occurred on the primary key Linux-maven-73c708ccac0793a48b5cd459588d188d80b2b010b1c66b0c7452b4dcb1341c16, not saving cache.
2025-12-19T18:52:52.6009661Z Post job cleanup.
2025-12-19T18:52:52.6810542Z [command]/usr/bin/git version
2025-12-19T18:52:52.6852315Z git version 2.52.0
2025-12-19T18:52:52.6889807Z Temporarily overriding HOME='/home/runner/work/_temp/0f2a4701-8f36-430d-8b3a-00375e3b90ea' before making global git config changes
2025-12-19T18:52:52.6891045Z Adding repository directory to the temporary git global config as a safe directory
2025-12-19T18:52:52.6895555Z [command]/usr/bin/git config --global --add safe.directory /home/runner/work/commons-csv/commons-csv
2025-12-19T18:52:52.6926799Z Removing SSH command configuration
2025-12-19T18:52:52.6933638Z [command]/usr/bin/git config --local --name-only --get-regexp core\.sshCommand
2025-12-19T18:52:52.6967473Z [command]/usr/bin/git submodule foreach --recursive sh -c "git config --local --name-only --get-regexp 'core\.sshCommand' && git config --local --unset-all 'core.sshCommand' || :"
2025-12-19T18:52:52.7190549Z Removing HTTP extra header
2025-12-19T18:52:52.7196235Z [command]/usr/bin/git config --local --name-only --get-regexp http\.https\:\/\/github\.com\/\.extraheader
2025-12-19T18:52:52.7228753Z [command]/usr/bin/git submodule foreach --recursive sh -c "git config --local --name-only --get-regexp 'http\.https\:\/\/github\.com\/\.extraheader' && git config --local --unset-all 'http.https://github.com/.extraheader' || :"
2025-12-19T18:52:52.7448588Z Removing includeIf entries pointing to credentials config files
2025-12-19T18:52:52.7455483Z [command]/usr/bin/git config --local --name-only --get-regexp ^includeIf\.gitdir:
2025-12-19T18:52:52.7488435Z [command]/usr/bin/git submodule foreach --recursive git config --local --show-origin --name-only --get-regexp remote.origin.url
2025-12-19T18:52:52.7832409Z Cleaning up orphan processes
