2025-10-06T02:43:52.2886734Z Current runner version: '2.328.0'
2025-10-06T02:43:52.2911356Z ##[group]Runner Image Provisioner
2025-10-06T02:43:52.2912186Z Hosted Compute Agent
2025-10-06T02:43:52.2912844Z Version: 20250912.392
2025-10-06T02:43:52.2913424Z Commit: d921fda672a98b64f4f82364647e2f10b2267d0b
2025-10-06T02:43:52.2914123Z Build Date: 2025-09-12T15:23:14Z
2025-10-06T02:43:52.2914785Z ##[endgroup]
2025-10-06T02:43:52.2915588Z ##[group]Operating System
2025-10-06T02:43:52.2916179Z Ubuntu
2025-10-06T02:43:52.2916682Z 24.04.3
2025-10-06T02:43:52.2917177Z LTS
2025-10-06T02:43:52.2917611Z ##[endgroup]
2025-10-06T02:43:52.2918146Z ##[group]Runner Image
2025-10-06T02:43:52.2918706Z Image: ubuntu-24.04
2025-10-06T02:43:52.2919227Z Version: 20250929.60.1
2025-10-06T02:43:52.2920301Z Included Software: https://github.com/actions/runner-images/blob/ubuntu24/20250929.60/images/ubuntu/Ubuntu2404-Readme.md
2025-10-06T02:43:52.2921883Z Image Release: https://github.com/actions/runner-images/releases/tag/ubuntu24%2F20250929.60
2025-10-06T02:43:52.2922925Z ##[endgroup]
2025-10-06T02:43:52.2925801Z ##[group]GITHUB_TOKEN Permissions
2025-10-06T02:43:52.2927838Z Actions: read
2025-10-06T02:43:52.2928544Z Attestations: read
2025-10-06T02:43:52.2929034Z Checks: read
2025-10-06T02:43:52.2929524Z Contents: read
2025-10-06T02:43:52.2930104Z Deployments: read
2025-10-06T02:43:52.2930628Z Discussions: read
2025-10-06T02:43:52.2931126Z Issues: read
2025-10-06T02:43:52.2931644Z Metadata: read
2025-10-06T02:43:52.2932140Z Models: read
2025-10-06T02:43:52.2932614Z Packages: read
2025-10-06T02:43:52.2933200Z Pages: read
2025-10-06T02:43:52.2933665Z PullRequests: read
2025-10-06T02:43:52.2934203Z RepositoryProjects: read
2025-10-06T02:43:52.2934781Z SecurityEvents: read
2025-10-06T02:43:52.2935973Z Statuses: read
2025-10-06T02:43:52.2936510Z ##[endgroup]
2025-10-06T02:43:52.2938670Z Secret source: None
2025-10-06T02:43:52.2939407Z Prepare workflow directory
2025-10-06T02:43:52.3278138Z Prepare all required actions
2025-10-06T02:43:52.3318081Z Getting action download info
2025-10-06T02:43:52.7487575Z Download action repository 'actions/checkout@v5' (SHA:08c6903cd8c0fde910a37f88322edcfb5dd907a8)
2025-10-06T02:43:52.9160092Z Download action repository 'ruby/setup-ruby@v1' (SHA:0481980f17b760ef6bca5e8c55809102a0af1e5a)
2025-10-06T02:43:53.5342428Z Complete job name: build (3.4 / ubuntu-latest)
2025-10-06T02:43:53.6021645Z ##[group]Run actions/checkout@v5
2025-10-06T02:43:53.6022477Z with:
2025-10-06T02:43:53.6022855Z   repository: ruby/date
2025-10-06T02:43:53.6023431Z   token: ***
2025-10-06T02:43:53.6023810Z   ssh-strict: true
2025-10-06T02:43:53.6024193Z   ssh-user: git
2025-10-06T02:43:53.6024588Z   persist-credentials: true
2025-10-06T02:43:53.6025202Z   clean: true
2025-10-06T02:43:53.6025613Z   sparse-checkout-cone-mode: true
2025-10-06T02:43:53.6026081Z   fetch-depth: 1
2025-10-06T02:43:53.6026463Z   fetch-tags: false
2025-10-06T02:43:53.6026846Z   show-progress: true
2025-10-06T02:43:53.6027246Z   lfs: false
2025-10-06T02:43:53.6027605Z   submodules: false
2025-10-06T02:43:53.6028027Z   set-safe-directory: true
2025-10-06T02:43:53.6028706Z ##[endgroup]
2025-10-06T02:43:53.6965344Z Syncing repository: ruby/date
2025-10-06T02:43:53.6967516Z ##[group]Getting Git version info
2025-10-06T02:43:53.6968386Z Working directory is '/home/runner/work/date/date'
2025-10-06T02:43:53.6969425Z [command]/usr/bin/git version
2025-10-06T02:43:53.7023903Z git version 2.51.0
2025-10-06T02:43:53.7045855Z ##[endgroup]
2025-10-06T02:43:53.7062061Z Temporarily overriding HOME='/home/runner/work/_temp/1c4c6811-6c1a-4088-922b-8e7560d7841a' before making global git config changes
2025-10-06T02:43:53.7064386Z Adding repository directory to the temporary git global config as a safe directory
2025-10-06T02:43:53.7067925Z [command]/usr/bin/git config --global --add safe.directory /home/runner/work/date/date
2025-10-06T02:43:53.7104222Z Deleting the contents of '/home/runner/work/date/date'
2025-10-06T02:43:53.7108440Z ##[group]Initializing the repository
2025-10-06T02:43:53.7113038Z [command]/usr/bin/git init /home/runner/work/date/date
2025-10-06T02:43:53.7210960Z hint: Using 'master' as the name for the initial branch. This default branch name
2025-10-06T02:43:53.7212109Z hint: is subject to change. To configure the initial branch name to use in all
2025-10-06T02:43:53.7213024Z hint: of your new repositories, which will suppress this warning, call:
2025-10-06T02:43:53.7213713Z hint:
2025-10-06T02:43:53.7214179Z hint: 	git config --global init.defaultBranch <name>
2025-10-06T02:43:53.7214762Z hint:
2025-10-06T02:43:53.7215563Z hint: Names commonly chosen instead of 'master' are 'main', 'trunk' and
2025-10-06T02:43:53.7216468Z hint: 'development'. The just-created branch can be renamed via this command:
2025-10-06T02:43:53.7217400Z hint:
2025-10-06T02:43:53.7218105Z hint: 	git branch -m <name>
2025-10-06T02:43:53.7218622Z hint:
2025-10-06T02:43:53.7219300Z hint: Disable this message with "git config set advice.defaultBranchName false"
2025-10-06T02:43:53.7220983Z Initialized empty Git repository in /home/runner/work/date/date/.git/
2025-10-06T02:43:53.7230700Z [command]/usr/bin/git remote add origin https://github.com/ruby/date
2025-10-06T02:43:53.7267176Z ##[endgroup]
2025-10-06T02:43:53.7268344Z ##[group]Disabling automatic garbage collection
2025-10-06T02:43:53.7271770Z [command]/usr/bin/git config --local gc.auto 0
2025-10-06T02:43:53.7299657Z ##[endgroup]
2025-10-06T02:43:53.7300915Z ##[group]Setting up auth
2025-10-06T02:43:53.7306826Z [command]/usr/bin/git config --local --name-only --get-regexp core\.sshCommand
2025-10-06T02:43:53.7337380Z [command]/usr/bin/git submodule foreach --recursive sh -c "git config --local --name-only --get-regexp 'core\.sshCommand' && git config --local --unset-all 'core.sshCommand' || :"
2025-10-06T02:43:53.7648211Z [command]/usr/bin/git config --local --name-only --get-regexp http\.https\:\/\/github\.com\/\.extraheader
2025-10-06T02:43:53.7678357Z [command]/usr/bin/git submodule foreach --recursive sh -c "git config --local --name-only --get-regexp 'http\.https\:\/\/github\.com\/\.extraheader' && git config --local --unset-all 'http.https://github.com/.extraheader' || :"
2025-10-06T02:43:53.7896348Z [command]/usr/bin/git config --local http.https://github.com/.extraheader AUTHORIZATION: basic ***
2025-10-06T02:43:53.7931615Z ##[endgroup]
2025-10-06T02:43:53.7932668Z ##[group]Fetching the repository
2025-10-06T02:43:53.7941371Z [command]/usr/bin/git -c protocol.version=2 fetch --no-tags --prune --no-recurse-submodules --depth=1 origin +45218a022ae5aa36078b9eececc9be850b344390:refs/remotes/pull/140/merge
2025-10-06T02:43:54.3055985Z From https://github.com/ruby/date
2025-10-06T02:43:54.3057877Z  * [new ref]         45218a022ae5aa36078b9eececc9be850b344390 -> pull/140/merge
2025-10-06T02:43:54.3089898Z ##[endgroup]
2025-10-06T02:43:54.3091642Z ##[group]Determining the checkout info
2025-10-06T02:43:54.3093274Z ##[endgroup]
2025-10-06T02:43:54.3098097Z [command]/usr/bin/git sparse-checkout disable
2025-10-06T02:43:54.3138413Z [command]/usr/bin/git config --local --unset-all extensions.worktreeConfig
2025-10-06T02:43:54.3164767Z ##[group]Checking out the ref
2025-10-06T02:43:54.3167976Z [command]/usr/bin/git checkout --progress --force refs/remotes/pull/140/merge
2025-10-06T02:43:54.3257861Z Note: switching to 'refs/remotes/pull/140/merge'.
2025-10-06T02:43:54.3259735Z 
2025-10-06T02:43:54.3261200Z You are in 'detached HEAD' state. You can look around, make experimental
2025-10-06T02:43:54.3265128Z changes and commit them, and you can discard any commits you make in this
2025-10-06T02:43:54.3269822Z state without impacting any branches by switching back to a branch.
2025-10-06T02:43:54.3271570Z 
2025-10-06T02:43:54.3272644Z If you want to create a new branch to retain commits you create, you may
2025-10-06T02:43:54.3275404Z do so (now or later) by using -c with the switch command. Example:
2025-10-06T02:43:54.3276960Z 
2025-10-06T02:43:54.3277539Z   git switch -c <new-branch-name>
2025-10-06T02:43:54.3278601Z 
2025-10-06T02:43:54.3279175Z Or undo this operation with:
2025-10-06T02:43:54.3280562Z 
2025-10-06T02:43:54.3281085Z   git switch -
2025-10-06T02:43:54.3281874Z 
2025-10-06T02:43:54.3283227Z Turn off this advice by setting config variable advice.detachedHead to false
2025-10-06T02:43:54.3292396Z 
2025-10-06T02:43:54.3295142Z HEAD is now at 45218a0 Merge 159e1ebb7fcd7d06d699d51f713637ee9c3cf406 into 5d48e5d1b8c65ce5551565cbca5f735e96d6275c
2025-10-06T02:43:54.3302076Z ##[endgroup]
2025-10-06T02:43:54.3306324Z [command]/usr/bin/git log -1 --format=%H
2025-10-06T02:43:54.3331777Z 45218a022ae5aa36078b9eececc9be850b344390
2025-10-06T02:43:54.3629143Z ##[group]Run ruby/setup-ruby@v1
2025-10-06T02:43:54.3630296Z with:
2025-10-06T02:43:54.3631119Z   ruby-version: 3.4
2025-10-06T02:43:54.3632046Z   bundler-cache: true
2025-10-06T02:43:54.3633001Z ##[endgroup]
2025-10-06T02:43:54.5432460Z ##[group]Modifying PATH
2025-10-06T02:43:54.5438637Z Entries added to PATH to use selected Ruby:
2025-10-06T02:43:54.5442850Z   /opt/hostedtoolcache/Ruby/3.4.6/x64/bin
2025-10-06T02:43:54.5451419Z ##[endgroup]
2025-10-06T02:43:54.5454067Z ##[group]Print Ruby version
2025-10-06T02:43:54.5573696Z [command]/opt/hostedtoolcache/Ruby/3.4.6/x64/bin/ruby --version
2025-10-06T02:43:55.0778785Z ruby 3.4.6 (2025-09-16 revision dbd83256b1) +PRISM [x86_64-linux]
2025-10-06T02:43:55.0803245Z Took   0.54 seconds
2025-10-06T02:43:55.0804592Z ##[endgroup]
2025-10-06T02:43:55.0806390Z ##[group]Installing Bundler
2025-10-06T02:43:55.0810965Z Using Bundler 2 shipped with ruby-3.4.6
2025-10-06T02:43:55.0811588Z Took   0.00 seconds
2025-10-06T02:43:55.0812496Z ##[endgroup]
2025-10-06T02:43:55.0812955Z > bundle install
2025-10-06T02:43:55.0830541Z [command]/opt/hostedtoolcache/Ruby/3.4.6/x64/bin/bundle config --local path /home/runner/work/date/date/vendor/bundle
2025-10-06T02:43:56.8756608Z [command]/opt/hostedtoolcache/Ruby/3.4.6/x64/bin/bundle lock
2025-10-06T02:43:59.2266902Z Writing lockfile to /home/runner/work/date/date/Gemfile.lock
2025-10-06T02:43:59.5110686Z Fetching gem metadata from https://rubygems.org/.......
2025-10-06T02:43:59.5320001Z Resolving dependencies...
2025-10-06T02:43:59.5737664Z ##[group]Print lockfile
2025-10-06T02:43:59.5757006Z [command]/usr/bin/cat Gemfile.lock
2025-10-06T02:43:59.5780631Z PATH
2025-10-06T02:43:59.5781306Z   remote: .
2025-10-06T02:43:59.5781917Z   specs:
2025-10-06T02:43:59.5782252Z     date (3.4.1)
2025-10-06T02:43:59.5782459Z 
2025-10-06T02:43:59.5782599Z GEM
2025-10-06T02:43:59.5782933Z   remote: https://rubygems.org/
2025-10-06T02:43:59.5783364Z   specs:
2025-10-06T02:43:59.5783688Z     power_assert (2.0.5)
2025-10-06T02:43:59.5784143Z     rake (13.3.0)
2025-10-06T02:43:59.5784490Z     rake-compiler (1.3.0)
2025-10-06T02:43:59.5785068Z       rake
2025-10-06T02:43:59.5785383Z     test-unit (3.7.0)
2025-10-06T02:43:59.5785724Z       power_assert
2025-10-06T02:43:59.5787025Z     test-unit-ruby-core (1.0.9)
2025-10-06T02:43:59.5787482Z       test-unit
2025-10-06T02:43:59.5787678Z 
2025-10-06T02:43:59.5787837Z PLATFORMS
2025-10-06T02:43:59.5788125Z   ruby
2025-10-06T02:43:59.5788425Z   x86_64-linux
2025-10-06T02:43:59.5788647Z 
2025-10-06T02:43:59.5788776Z DEPENDENCIES
2025-10-06T02:43:59.5789069Z   bundler
2025-10-06T02:43:59.5789348Z   date!
2025-10-06T02:43:59.5789632Z   rake
2025-10-06T02:43:59.5789918Z   rake-compiler
2025-10-06T02:43:59.5790219Z   test-unit
2025-10-06T02:43:59.5790580Z   test-unit-ruby-core (>= 1.0.7)
2025-10-06T02:43:59.5790851Z 
2025-10-06T02:43:59.5790968Z BUNDLED WITH
2025-10-06T02:43:59.5791233Z    2.6.9
2025-10-06T02:43:59.5792253Z ##[endgroup]
2025-10-06T02:43:59.5838878Z Cache key: setup-ruby-bundler-cache-v6-ubuntu-24.04-x64-ruby-3.4.6-wd-/home/runner/work/date/date-with--without--only--Gemfile.lock-7082af4e8d9fccbf69e35ca4de8d994843a0f844b40dc5f6bbd5e7251b87dd75
2025-10-06T02:43:59.8019905Z Cache hit for: setup-ruby-bundler-cache-v6-ubuntu-24.04-x64-ruby-3.4.6-wd-/home/runner/work/date/date-with--without--only--Gemfile.lock-7082af4e8d9fccbf69e35ca4de8d994843a0f844b40dc5f6bbd5e7251b87dd75
2025-10-06T02:44:00.6284372Z Received 483988 of 483988 (100.0%), 0.8 MBs/sec
2025-10-06T02:44:00.6285907Z Cache Size: ~0 MB (483988 B)
2025-10-06T02:44:00.6314818Z [command]/usr/bin/tar -xf /home/runner/work/_temp/fca5d8cd-36bf-4bb7-8f37-c33164f797fc/cache.tzst -P -C /home/runner/work/date/date --use-compress-program unzstd
2025-10-06T02:44:00.6465128Z Cache restored successfully
2025-10-06T02:44:00.6471101Z Found cache for key: setup-ruby-bundler-cache-v6-ubuntu-24.04-x64-ruby-3.4.6-wd-/home/runner/work/date/date-with--without--only--Gemfile.lock-cfb821ee71826b8dec68245bf303232bbbaa853025e38ef8d6ff7ac9fb68d93d
2025-10-06T02:44:00.6481510Z [command]/opt/hostedtoolcache/Ruby/3.4.6/x64/bin/bundle install --jobs 4
2025-10-06T02:44:01.6930180Z Fetching gem metadata from https://rubygems.org/.......
2025-10-06T02:44:01.7501272Z Fetching test-unit-ruby-core 1.0.9
2025-10-06T02:44:02.2414060Z Installing test-unit-ruby-core 1.0.9
2025-10-06T02:44:02.2454493Z Bundle complete! 6 Gemfile dependencies, 7 gems now installed.
2025-10-06T02:44:02.2455919Z Bundled gems are installed into `./vendor/bundle`
2025-10-06T02:44:02.2831358Z [command]/opt/hostedtoolcache/Ruby/3.4.6/x64/bin/bundle clean
2025-10-06T02:44:02.4706521Z Removing test-unit-ruby-core (1.0.8)
2025-10-06T02:44:02.4749502Z Saving cache
2025-10-06T02:44:02.4868704Z [command]/usr/bin/tar --posix -cf cache.tzst --exclude cache.tzst -P -C /home/runner/work/date/date --files-from manifest.txt --use-compress-program zstdmt
2025-10-06T02:44:03.3425602Z Sent 483879 of 483879 (100.0%), 0.7 MBs/sec
2025-10-06T02:44:03.5306919Z Took   8.45 seconds
2025-10-06T02:44:03.5438508Z ##[group]Run bundle exec rake compile test
2025-10-06T02:44:03.5438927Z [36;1mbundle exec rake compile test[0m
2025-10-06T02:44:03.5476672Z shell: /usr/bin/bash -e {0}
2025-10-06T02:44:03.5476922Z ##[endgroup]
2025-10-06T02:44:03.8695909Z /opt/hostedtoolcache/Ruby/3.4.6/x64/bin/ruby -I. ../../../../ext/date/extconf.rb
2025-10-06T02:44:03.8696767Z mkdir -p lib/3.4.6/x86_64-linux
2025-10-06T02:44:03.8697296Z mkdir -p tmp/x86_64-linux/date_core/3.4.6
2025-10-06T02:44:03.8697679Z cd tmp/x86_64-linux/date_core/3.4.6
2025-10-06T02:44:07.2947351Z checking for rb_category_warn()... yes
2025-10-06T02:44:07.3940758Z checking for timezone in time.h with -Werror... yes
2025-10-06T02:44:07.4733580Z checking for altzone in time.h with -Werror... no
2025-10-06T02:44:07.4734017Z creating Makefile
2025-10-06T02:44:07.4830198Z /usr/bin/gmake
2025-10-06T02:44:07.4830539Z cd -
2025-10-06T02:44:07.4830857Z cd tmp/x86_64-linux/date_core/3.4.6
2025-10-06T02:44:07.5064716Z compiling ../../../../ext/date/date_core.c
2025-10-06T02:44:11.6413255Z compiling ../../../../ext/date/date_parse.c
2025-10-06T02:44:13.0648593Z compiling ../../../../ext/date/date_strftime.c
2025-10-06T02:44:13.5110776Z compiling ../../../../ext/date/date_strptime.c
2025-10-06T02:44:14.0305332Z linking shared-object date_core.so
2025-10-06T02:44:14.1426789Z /usr/bin/gmake install sitearchdir=../../../../lib/3.4.6/x86_64-linux sitelibdir=../../../../lib/3.4.6/x86_64-linux target_prefix=
2025-10-06T02:44:14.1427370Z cd -
2025-10-06T02:44:14.1427736Z mkdir -p tmp/x86_64-linux/stage/lib/3.4.6/x86_64-linux
2025-10-06T02:44:14.1467309Z /usr/bin/install -c -m 0755 date_core.so ../../../../lib/3.4.6/x86_64-linux
2025-10-06T02:44:14.1665771Z cp tmp/x86_64-linux/date_core/3.4.6/date_core.so tmp/x86_64-linux/stage/lib/3.4.6/x86_64-linux/date_core.so
2025-10-06T02:44:16.8394153Z Finished in 2.189829628 seconds.
2025-10-06T02:44:16.8431221Z 142 tests, 162583 assertions, 0 failures, 0 errors, 0 pendings, 0 omissions, 0 notifications
2025-10-06T02:44:16.8724674Z Post job cleanup.
2025-10-06T02:44:16.9861612Z [command]/usr/bin/git version
2025-10-06T02:44:16.9919941Z git version 2.51.0
2025-10-06T02:44:17.0009009Z Temporarily overriding HOME='/home/runner/work/_temp/c055d360-25b7-4740-ada1-dc398a9a4a71' before making global git config changes
2025-10-06T02:44:17.0010346Z Adding repository directory to the temporary git global config as a safe directory
2025-10-06T02:44:17.0017716Z [command]/usr/bin/git config --global --add safe.directory /home/runner/work/date/date
2025-10-06T02:44:17.0081908Z [command]/usr/bin/git config --local --name-only --get-regexp core\.sshCommand
2025-10-06T02:44:17.0134698Z [command]/usr/bin/git submodule foreach --recursive sh -c "git config --local --name-only --get-regexp 'core\.sshCommand' && git config --local --unset-all 'core.sshCommand' || :"
2025-10-06T02:44:17.0464476Z [command]/usr/bin/git config --local --name-only --get-regexp http\.https\:\/\/github\.com\/\.extraheader
2025-10-06T02:44:17.0493110Z http.https://github.com/.extraheader
2025-10-06T02:44:17.0503915Z [command]/usr/bin/git config --local --unset-all http.https://github.com/.extraheader
2025-10-06T02:44:17.0539628Z [command]/usr/bin/git submodule foreach --recursive sh -c "git config --local --name-only --get-regexp 'http\.https\:\/\/github\.com\/\.extraheader' && git config --local --unset-all 'http.https://github.com/.extraheader' || :"
2025-10-06T02:44:17.0893308Z Cleaning up orphan processes
