2025-09-22T22:26:47.1134599Z Current runner version: '2.328.0'
2025-09-22T22:26:47.1158285Z ##[group]Runner Image Provisioner
2025-09-22T22:26:47.1159016Z Hosted Compute Agent
2025-09-22T22:26:47.1159525Z Version: 20250829.383
2025-09-22T22:26:47.1160210Z Commit: 27cb235aab5b0e52e153a26cd86b4742e89dac5d
2025-09-22T22:26:47.1160853Z Build Date: 2025-08-29T13:48:48Z
2025-09-22T22:26:47.1161423Z ##[endgroup]
2025-09-22T22:26:47.1162011Z ##[group]Operating System
2025-09-22T22:26:47.1162863Z Ubuntu
2025-09-22T22:26:47.1163311Z 24.04.3
2025-09-22T22:26:47.1163838Z LTS
2025-09-22T22:26:47.1164254Z ##[endgroup]
2025-09-22T22:26:47.1164738Z ##[group]Runner Image
2025-09-22T22:26:47.1165333Z Image: ubuntu-24.04
2025-09-22T22:26:47.1165798Z Version: 20250907.24.1
2025-09-22T22:26:47.1166798Z Included Software: https://github.com/actions/runner-images/blob/ubuntu24/20250907.24/images/ubuntu/Ubuntu2404-Readme.md
2025-09-22T22:26:47.1168321Z Image Release: https://github.com/actions/runner-images/releases/tag/ubuntu24%2F20250907.24
2025-09-22T22:26:47.1169254Z ##[endgroup]
2025-09-22T22:26:47.1172464Z ##[group]GITHUB_TOKEN Permissions
2025-09-22T22:26:47.1174613Z Actions: write
2025-09-22T22:26:47.1175238Z Attestations: write
2025-09-22T22:26:47.1175768Z Checks: write
2025-09-22T22:26:47.1176217Z Contents: write
2025-09-22T22:26:47.1176782Z Deployments: write
2025-09-22T22:26:47.1177285Z Discussions: write
2025-09-22T22:26:47.1177776Z Issues: write
2025-09-22T22:26:47.1178197Z Metadata: read
2025-09-22T22:26:47.1178748Z Models: read
2025-09-22T22:26:47.1179201Z Packages: write
2025-09-22T22:26:47.1179719Z Pages: write
2025-09-22T22:26:47.1180234Z PullRequests: write
2025-09-22T22:26:47.1180760Z RepositoryProjects: write
2025-09-22T22:26:47.1181301Z SecurityEvents: write
2025-09-22T22:26:47.1181943Z Statuses: write
2025-09-22T22:26:47.1182748Z ##[endgroup]
2025-09-22T22:26:47.1185264Z Secret source: Actions
2025-09-22T22:26:47.1186075Z Prepare workflow directory
2025-09-22T22:26:47.1516582Z Prepare all required actions
2025-09-22T22:26:47.1555580Z Getting action download info
2025-09-22T22:26:47.4648324Z Download action repository 'actions/checkout@v2' (SHA:ee0669bd1cc54295c223e0bb666b733df41de1c5)
2025-09-22T22:26:47.8320200Z Download action repository 'actions/setup-python@v2' (SHA:e9aba2c848f5ebd159c070c61ea2c4e2b122355e)
2025-09-22T22:26:48.0085752Z Complete job name: main (ubuntu-latest, 3.12, py)
2025-09-22T22:26:48.0745859Z ##[group]Run actions/checkout@v2
2025-09-22T22:26:48.0746681Z with:
2025-09-22T22:26:48.0747066Z   repository: PyCQA/flake8
2025-09-22T22:26:48.0747689Z   token: ***
2025-09-22T22:26:48.0748056Z   ssh-strict: true
2025-09-22T22:26:48.0748461Z   persist-credentials: true
2025-09-22T22:26:48.0748894Z   clean: true
2025-09-22T22:26:48.0749260Z   fetch-depth: 1
2025-09-22T22:26:48.0749625Z   lfs: false
2025-09-22T22:26:48.0749984Z   submodules: false
2025-09-22T22:26:48.0750384Z   set-safe-directory: true
2025-09-22T22:26:48.0751019Z ##[endgroup]
2025-09-22T22:26:48.1838985Z Syncing repository: PyCQA/flake8
2025-09-22T22:26:48.1841352Z ##[group]Getting Git version info
2025-09-22T22:26:48.1842758Z Working directory is '/home/runner/work/flake8/flake8'
2025-09-22T22:26:48.1844342Z [command]/usr/bin/git version
2025-09-22T22:26:48.3158293Z git version 2.51.0
2025-09-22T22:26:48.3184345Z ##[endgroup]
2025-09-22T22:26:48.3200133Z Temporarily overriding HOME='/home/runner/work/_temp/01b1cee1-5377-4dbc-bd4e-4b8e644c914b' before making global git config changes
2025-09-22T22:26:48.3201561Z Adding repository directory to the temporary git global config as a safe directory
2025-09-22T22:26:48.3203927Z [command]/usr/bin/git config --global --add safe.directory /home/runner/work/flake8/flake8
2025-09-22T22:26:48.3276667Z Deleting the contents of '/home/runner/work/flake8/flake8'
2025-09-22T22:26:48.3280320Z ##[group]Initializing the repository
2025-09-22T22:26:48.3283713Z [command]/usr/bin/git init /home/runner/work/flake8/flake8
2025-09-22T22:26:48.3790622Z hint: Using 'master' as the name for the initial branch. This default branch name
2025-09-22T22:26:48.3791884Z hint: is subject to change. To configure the initial branch name to use in all
2025-09-22T22:26:48.3793022Z hint: of your new repositories, which will suppress this warning, call:
2025-09-22T22:26:48.3793715Z hint:
2025-09-22T22:26:48.3794216Z hint: 	git config --global init.defaultBranch <name>
2025-09-22T22:26:48.3794807Z hint:
2025-09-22T22:26:48.3795379Z hint: Names commonly chosen instead of 'master' are 'main', 'trunk' and
2025-09-22T22:26:48.3796312Z hint: 'development'. The just-created branch can be renamed via this command:
2025-09-22T22:26:48.3797042Z hint:
2025-09-22T22:26:48.3797432Z hint: 	git branch -m <name>
2025-09-22T22:26:48.3797881Z hint:
2025-09-22T22:26:48.3798496Z hint: Disable this message with "git config set advice.defaultBranchName false"
2025-09-22T22:26:48.3828650Z Initialized empty Git repository in /home/runner/work/flake8/flake8/.git/
2025-09-22T22:26:48.3838270Z [command]/usr/bin/git remote add origin https://github.com/PyCQA/flake8
2025-09-22T22:26:48.3948094Z ##[endgroup]
2025-09-22T22:26:48.3949393Z ##[group]Disabling automatic garbage collection
2025-09-22T22:26:48.3952643Z [command]/usr/bin/git config --local gc.auto 0
2025-09-22T22:26:48.3982600Z ##[endgroup]
2025-09-22T22:26:48.3983906Z ##[group]Setting up auth
2025-09-22T22:26:48.3989684Z [command]/usr/bin/git config --local --name-only --get-regexp core\.sshCommand
2025-09-22T22:26:48.4019874Z [command]/usr/bin/git submodule foreach --recursive sh -c "git config --local --name-only --get-regexp 'core\.sshCommand' && git config --local --unset-all 'core.sshCommand' || :"
2025-09-22T22:26:48.5600907Z [command]/usr/bin/git config --local --name-only --get-regexp http\.https\:\/\/github\.com\/\.extraheader
2025-09-22T22:26:48.5633710Z [command]/usr/bin/git submodule foreach --recursive sh -c "git config --local --name-only --get-regexp 'http\.https\:\/\/github\.com\/\.extraheader' && git config --local --unset-all 'http.https://github.com/.extraheader' || :"
2025-09-22T22:26:48.5872850Z [command]/usr/bin/git config --local http.https://github.com/.extraheader AUTHORIZATION: basic ***
2025-09-22T22:26:48.5909050Z ##[endgroup]
2025-09-22T22:26:48.5910369Z ##[group]Fetching the repository
2025-09-22T22:26:48.5917506Z [command]/usr/bin/git -c protocol.version=2 fetch --no-tags --prune --progress --no-recurse-submodules --depth=1 origin +d45bdc05ceb92b750788be9036d0538d1d128b25:refs/remotes/origin/main
2025-09-22T22:26:48.8381327Z remote: Enumerating objects: 236, done.        
2025-09-22T22:26:48.8385412Z remote: Counting objects:   0% (1/236)        
2025-09-22T22:26:48.8386226Z remote: Counting objects:   1% (3/236)        
2025-09-22T22:26:48.8387125Z remote: Counting objects:   2% (5/236)        
2025-09-22T22:26:48.8387823Z remote: Counting objects:   3% (8/236)        
2025-09-22T22:26:48.8388572Z remote: Counting objects:   4% (10/236)        
2025-09-22T22:26:48.8389134Z remote: Counting objects:   5% (12/236)        
2025-09-22T22:26:48.8389733Z remote: Counting objects:   6% (15/236)        
2025-09-22T22:26:48.8390436Z remote: Counting objects:   7% (17/236)        
2025-09-22T22:26:48.8390905Z remote: Counting objects:   8% (19/236)        
2025-09-22T22:26:48.8391514Z remote: Counting objects:   9% (22/236)        
2025-09-22T22:26:48.8391917Z remote: Counting objects:  10% (24/236)        
2025-09-22T22:26:48.8392554Z remote: Counting objects:  11% (26/236)        
2025-09-22T22:26:48.8392976Z remote: Counting objects:  12% (29/236)        
2025-09-22T22:26:48.8393380Z remote: Counting objects:  13% (31/236)        
2025-09-22T22:26:48.8393861Z remote: Counting objects:  14% (34/236)        
2025-09-22T22:26:48.8394256Z remote: Counting objects:  15% (36/236)        
2025-09-22T22:26:48.8394652Z remote: Counting objects:  16% (38/236)        
2025-09-22T22:26:48.8395048Z remote: Counting objects:  17% (41/236)        
2025-09-22T22:26:48.8395435Z remote: Counting objects:  18% (43/236)        
2025-09-22T22:26:48.8395896Z remote: Counting objects:  19% (45/236)        
2025-09-22T22:26:48.8396294Z remote: Counting objects:  20% (48/236)        
2025-09-22T22:26:48.8396961Z remote: Counting objects:  21% (50/236)        
2025-09-22T22:26:48.8397407Z remote: Counting objects:  22% (52/236)        
2025-09-22T22:26:48.8397856Z remote: Counting objects:  23% (55/236)        
2025-09-22T22:26:48.8398313Z remote: Counting objects:  24% (57/236)        
2025-09-22T22:26:48.8398852Z remote: Counting objects:  25% (59/236)        
2025-09-22T22:26:48.8399397Z remote: Counting objects:  26% (62/236)        
2025-09-22T22:26:48.8399921Z remote: Counting objects:  27% (64/236)        
2025-09-22T22:26:48.8400446Z remote: Counting objects:  28% (67/236)        
2025-09-22T22:26:48.8400961Z remote: Counting objects:  29% (69/236)        
2025-09-22T22:26:48.8401491Z remote: Counting objects:  30% (71/236)        
2025-09-22T22:26:48.8402003Z remote: Counting objects:  31% (74/236)        
2025-09-22T22:26:48.8402734Z remote: Counting objects:  32% (76/236)        
2025-09-22T22:26:48.8403244Z remote: Counting objects:  33% (78/236)        
2025-09-22T22:26:48.8403753Z remote: Counting objects:  34% (81/236)        
2025-09-22T22:26:48.8404265Z remote: Counting objects:  35% (83/236)        
2025-09-22T22:26:48.8404769Z remote: Counting objects:  36% (85/236)        
2025-09-22T22:26:48.8405277Z remote: Counting objects:  37% (88/236)        
2025-09-22T22:26:48.8405808Z remote: Counting objects:  38% (90/236)        
2025-09-22T22:26:48.8406343Z remote: Counting objects:  39% (93/236)        
2025-09-22T22:26:48.8406865Z remote: Counting objects:  40% (95/236)        
2025-09-22T22:26:48.8407393Z remote: Counting objects:  41% (97/236)        
2025-09-22T22:26:48.8407916Z remote: Counting objects:  42% (100/236)        
2025-09-22T22:26:48.8408439Z remote: Counting objects:  43% (102/236)        
2025-09-22T22:26:48.8408972Z remote: Counting objects:  44% (104/236)        
2025-09-22T22:26:48.8409494Z remote: Counting objects:  45% (107/236)        
2025-09-22T22:26:48.8410016Z remote: Counting objects:  46% (109/236)        
2025-09-22T22:26:48.8410541Z remote: Counting objects:  47% (111/236)        
2025-09-22T22:26:48.8411070Z remote: Counting objects:  48% (114/236)        
2025-09-22T22:26:48.8411589Z remote: Counting objects:  49% (116/236)        
2025-09-22T22:26:48.8412098Z remote: Counting objects:  50% (118/236)        
2025-09-22T22:26:48.8412929Z remote: Counting objects:  51% (121/236)        
2025-09-22T22:26:48.8413444Z remote: Counting objects:  52% (123/236)        
2025-09-22T22:26:48.8413938Z remote: Counting objects:  53% (126/236)        
2025-09-22T22:26:48.8414419Z remote: Counting objects:  54% (128/236)        
2025-09-22T22:26:48.8414905Z remote: Counting objects:  55% (130/236)        
2025-09-22T22:26:48.8415378Z remote: Counting objects:  56% (133/236)        
2025-09-22T22:26:48.8415864Z remote: Counting objects:  57% (135/236)        
2025-09-22T22:26:48.8416343Z remote: Counting objects:  58% (137/236)        
2025-09-22T22:26:48.8416825Z remote: Counting objects:  59% (140/236)        
2025-09-22T22:26:48.8417315Z remote: Counting objects:  60% (142/236)        
2025-09-22T22:26:48.8417791Z remote: Counting objects:  61% (144/236)        
2025-09-22T22:26:48.8418281Z remote: Counting objects:  62% (147/236)        
2025-09-22T22:26:48.8418758Z remote: Counting objects:  63% (149/236)        
2025-09-22T22:26:48.8419266Z remote: Counting objects:  64% (152/236)        
2025-09-22T22:26:48.8419753Z remote: Counting objects:  65% (154/236)        
2025-09-22T22:26:48.8420230Z remote: Counting objects:  66% (156/236)        
2025-09-22T22:26:48.8420708Z remote: Counting objects:  67% (159/236)        
2025-09-22T22:26:48.8421185Z remote: Counting objects:  68% (161/236)        
2025-09-22T22:26:48.8421669Z remote: Counting objects:  69% (163/236)        
2025-09-22T22:26:48.8422151Z remote: Counting objects:  70% (166/236)        
2025-09-22T22:26:48.8422811Z remote: Counting objects:  71% (168/236)        
2025-09-22T22:26:48.8423292Z remote: Counting objects:  72% (170/236)        
2025-09-22T22:26:48.8423955Z remote: Counting objects:  73% (173/236)        
2025-09-22T22:26:48.8424442Z remote: Counting objects:  74% (175/236)        
2025-09-22T22:26:48.8424910Z remote: Counting objects:  75% (177/236)        
2025-09-22T22:26:48.8425381Z remote: Counting objects:  76% (180/236)        
2025-09-22T22:26:48.8425863Z remote: Counting objects:  77% (182/236)        
2025-09-22T22:26:48.8426329Z remote: Counting objects:  78% (185/236)        
2025-09-22T22:26:48.8426804Z remote: Counting objects:  79% (187/236)        
2025-09-22T22:26:48.8427272Z remote: Counting objects:  80% (189/236)        
2025-09-22T22:26:48.8427746Z remote: Counting objects:  81% (192/236)        
2025-09-22T22:26:48.8428225Z remote: Counting objects:  82% (194/236)        
2025-09-22T22:26:48.8428868Z remote: Counting objects:  83% (196/236)        
2025-09-22T22:26:48.8429625Z remote: Counting objects:  84% (199/236)        
2025-09-22T22:26:48.8430278Z remote: Counting objects:  85% (201/236)        
2025-09-22T22:26:48.8431079Z remote: Counting objects:  86% (203/236)        
2025-09-22T22:26:48.8431918Z remote: Counting objects:  87% (206/236)        
2025-09-22T22:26:48.8432675Z remote: Counting objects:  88% (208/236)        
2025-09-22T22:26:48.8433214Z remote: Counting objects:  89% (211/236)        
2025-09-22T22:26:48.8433707Z remote: Counting objects:  90% (213/236)        
2025-09-22T22:26:48.8434192Z remote: Counting objects:  91% (215/236)        
2025-09-22T22:26:48.8434686Z remote: Counting objects:  92% (218/236)        
2025-09-22T22:26:48.8435331Z remote: Counting objects:  93% (220/236)        
2025-09-22T22:26:48.8435998Z remote: Counting objects:  94% (222/236)        
2025-09-22T22:26:48.8436662Z remote: Counting objects:  95% (225/236)        
2025-09-22T22:26:48.8437143Z remote: Counting objects:  96% (227/236)        
2025-09-22T22:26:48.8437615Z remote: Counting objects:  97% (229/236)        
2025-09-22T22:26:48.8438082Z remote: Counting objects:  98% (232/236)        
2025-09-22T22:26:48.8438611Z remote: Counting objects:  99% (234/236)        
2025-09-22T22:26:48.8439099Z remote: Counting objects: 100% (236/236)        
2025-09-22T22:26:48.8439596Z remote: Counting objects: 100% (236/236), done.        
2025-09-22T22:26:48.8440096Z remote: Compressing objects:   0% (1/227)        
2025-09-22T22:26:48.8440743Z remote: Compressing objects:   1% (3/227)        
2025-09-22T22:26:48.8441229Z remote: Compressing objects:   2% (5/227)        
2025-09-22T22:26:48.8441693Z remote: Compressing objects:   3% (7/227)        
2025-09-22T22:26:48.8442162Z remote: Compressing objects:   4% (10/227)        
2025-09-22T22:26:48.8442908Z remote: Compressing objects:   5% (12/227)        
2025-09-22T22:26:48.8443432Z remote: Compressing objects:   6% (14/227)        
2025-09-22T22:26:48.8443902Z remote: Compressing objects:   7% (16/227)        
2025-09-22T22:26:48.8444716Z remote: Compressing objects:   8% (19/227)        
2025-09-22T22:26:48.8445300Z remote: Compressing objects:   9% (21/227)        
2025-09-22T22:26:48.8446026Z remote: Compressing objects:  10% (23/227)        
2025-09-22T22:26:48.8446523Z remote: Compressing objects:  11% (25/227)        
2025-09-22T22:26:48.8446990Z remote: Compressing objects:  12% (28/227)        
2025-09-22T22:26:48.8447465Z remote: Compressing objects:  13% (30/227)        
2025-09-22T22:26:48.8447932Z remote: Compressing objects:  14% (32/227)        
2025-09-22T22:26:48.8448397Z remote: Compressing objects:  15% (35/227)        
2025-09-22T22:26:48.8449005Z remote: Compressing objects:  16% (37/227)        
2025-09-22T22:26:48.8449646Z remote: Compressing objects:  17% (39/227)        
2025-09-22T22:26:48.8450278Z remote: Compressing objects:  18% (41/227)        
2025-09-22T22:26:48.8450740Z remote: Compressing objects:  19% (44/227)        
2025-09-22T22:26:48.8451234Z remote: Compressing objects:  20% (46/227)        
2025-09-22T22:26:48.8451690Z remote: Compressing objects:  21% (48/227)        
2025-09-22T22:26:48.8452163Z remote: Compressing objects:  22% (50/227)        
2025-09-22T22:26:48.8454772Z remote: Compressing objects:  23% (53/227)        
2025-09-22T22:26:48.8455311Z remote: Compressing objects:  24% (55/227)        
2025-09-22T22:26:48.8458195Z remote: Compressing objects:  25% (57/227)        
2025-09-22T22:26:48.8460437Z remote: Compressing objects:  26% (60/227)        
2025-09-22T22:26:48.8460982Z remote: Compressing objects:  27% (62/227)        
2025-09-22T22:26:48.8467205Z remote: Compressing objects:  28% (64/227)        
2025-09-22T22:26:48.8469084Z remote: Compressing objects:  29% (66/227)        
2025-09-22T22:26:48.8469797Z remote: Compressing objects:  30% (69/227)        
2025-09-22T22:26:48.8470382Z remote: Compressing objects:  31% (71/227)        
2025-09-22T22:26:48.8471108Z remote: Compressing objects:  32% (73/227)        
2025-09-22T22:26:48.8471898Z remote: Compressing objects:  33% (75/227)        
2025-09-22T22:26:48.8472865Z remote: Compressing objects:  34% (78/227)        
2025-09-22T22:26:48.8474083Z remote: Compressing objects:  35% (80/227)        
2025-09-22T22:26:48.8474942Z remote: Compressing objects:  36% (82/227)        
2025-09-22T22:26:48.8481207Z remote: Compressing objects:  37% (84/227)        
2025-09-22T22:26:48.8483807Z remote: Compressing objects:  38% (87/227)        
2025-09-22T22:26:48.8487277Z remote: Compressing objects:  39% (89/227)        
2025-09-22T22:26:48.8495531Z remote: Compressing objects:  40% (91/227)        
2025-09-22T22:26:48.8502981Z remote: Compressing objects:  41% (94/227)        
2025-09-22T22:26:48.8506675Z remote: Compressing objects:  42% (96/227)        
2025-09-22T22:26:48.8510112Z remote: Compressing objects:  43% (98/227)        
2025-09-22T22:26:48.8518984Z remote: Compressing objects:  44% (100/227)        
2025-09-22T22:26:48.8522980Z remote: Compressing objects:  45% (103/227)        
2025-09-22T22:26:48.8526703Z remote: Compressing objects:  46% (105/227)        
2025-09-22T22:26:48.8527482Z remote: Compressing objects:  47% (107/227)        
2025-09-22T22:26:48.8527970Z remote: Compressing objects:  48% (109/227)        
2025-09-22T22:26:48.8528458Z remote: Compressing objects:  49% (112/227)        
2025-09-22T22:26:48.8530733Z remote: Compressing objects:  50% (114/227)        
2025-09-22T22:26:48.8531573Z remote: Compressing objects:  51% (116/227)        
2025-09-22T22:26:48.8532542Z remote: Compressing objects:  52% (119/227)        
2025-09-22T22:26:48.8533572Z remote: Compressing objects:  53% (121/227)        
2025-09-22T22:26:48.8534377Z remote: Compressing objects:  54% (123/227)        
2025-09-22T22:26:48.8535153Z remote: Compressing objects:  55% (125/227)        
2025-09-22T22:26:48.8535921Z remote: Compressing objects:  56% (128/227)        
2025-09-22T22:26:48.8536724Z remote: Compressing objects:  57% (130/227)        
2025-09-22T22:26:48.8537502Z remote: Compressing objects:  58% (132/227)        
2025-09-22T22:26:48.8538284Z remote: Compressing objects:  59% (134/227)        
2025-09-22T22:26:48.8539056Z remote: Compressing objects:  60% (137/227)        
2025-09-22T22:26:48.8539847Z remote: Compressing objects:  61% (139/227)        
2025-09-22T22:26:48.8540614Z remote: Compressing objects:  62% (141/227)        
2025-09-22T22:26:48.8541435Z remote: Compressing objects:  63% (144/227)        
2025-09-22T22:26:48.8542203Z remote: Compressing objects:  64% (146/227)        
2025-09-22T22:26:48.8543141Z remote: Compressing objects:  65% (148/227)        
2025-09-22T22:26:48.8543916Z remote: Compressing objects:  66% (150/227)        
2025-09-22T22:26:48.8544680Z remote: Compressing objects:  67% (153/227)        
2025-09-22T22:26:48.8545448Z remote: Compressing objects:  68% (155/227)        
2025-09-22T22:26:48.8546214Z remote: Compressing objects:  69% (157/227)        
2025-09-22T22:26:48.8546992Z remote: Compressing objects:  70% (159/227)        
2025-09-22T22:26:48.8547776Z remote: Compressing objects:  71% (162/227)        
2025-09-22T22:26:48.8548594Z remote: Compressing objects:  72% (164/227)        
2025-09-22T22:26:48.8549375Z remote: Compressing objects:  73% (166/227)        
2025-09-22T22:26:48.8550359Z remote: Compressing objects:  74% (168/227)        
2025-09-22T22:26:48.8551139Z remote: Compressing objects:  75% (171/227)        
2025-09-22T22:26:48.8551915Z remote: Compressing objects:  76% (173/227)        
2025-09-22T22:26:48.8552853Z remote: Compressing objects:  77% (175/227)        
2025-09-22T22:26:48.8553611Z remote: Compressing objects:  78% (178/227)        
2025-09-22T22:26:48.8554091Z remote: Compressing objects:  79% (180/227)        
2025-09-22T22:26:48.8554546Z remote: Compressing objects:  80% (182/227)        
2025-09-22T22:26:48.8554999Z remote: Compressing objects:  81% (184/227)        
2025-09-22T22:26:48.8555465Z remote: Compressing objects:  82% (187/227)        
2025-09-22T22:26:48.8555932Z remote: Compressing objects:  83% (189/227)        
2025-09-22T22:26:48.8556408Z remote: Compressing objects:  84% (191/227)        
2025-09-22T22:26:48.8556874Z remote: Compressing objects:  85% (193/227)        
2025-09-22T22:26:48.8557340Z remote: Compressing objects:  86% (196/227)        
2025-09-22T22:26:48.8557826Z remote: Compressing objects:  87% (198/227)        
2025-09-22T22:26:48.8558293Z remote: Compressing objects:  88% (200/227)        
2025-09-22T22:26:48.8558970Z remote: Compressing objects:  89% (203/227)        
2025-09-22T22:26:48.8559852Z remote: Compressing objects:  90% (205/227)        
2025-09-22T22:26:48.8560551Z remote: Compressing objects:  91% (207/227)        
2025-09-22T22:26:48.8561016Z remote: Compressing objects:  92% (209/227)        
2025-09-22T22:26:48.8561473Z remote: Compressing objects:  93% (212/227)        
2025-09-22T22:26:48.8561932Z remote: Compressing objects:  94% (214/227)        
2025-09-22T22:26:48.8562546Z remote: Compressing objects:  95% (216/227)        
2025-09-22T22:26:48.8563024Z remote: Compressing objects:  96% (218/227)        
2025-09-22T22:26:48.8563485Z remote: Compressing objects:  97% (221/227)        
2025-09-22T22:26:48.8563935Z remote: Compressing objects:  98% (223/227)        
2025-09-22T22:26:48.8564406Z remote: Compressing objects:  99% (225/227)        
2025-09-22T22:26:48.8564859Z remote: Compressing objects: 100% (227/227)        
2025-09-22T22:26:48.8565347Z remote: Compressing objects: 100% (227/227), done.        
2025-09-22T22:26:48.8763075Z Receiving objects:   0% (1/236)
2025-09-22T22:26:48.8763787Z Receiving objects:   1% (3/236)
2025-09-22T22:26:48.8764748Z Receiving objects:   2% (5/236)
2025-09-22T22:26:48.8765399Z Receiving objects:   3% (8/236)
2025-09-22T22:26:48.8766037Z Receiving objects:   4% (10/236)
2025-09-22T22:26:48.8766679Z Receiving objects:   5% (12/236)
2025-09-22T22:26:48.8767990Z Receiving objects:   6% (15/236)
2025-09-22T22:26:48.8768658Z Receiving objects:   7% (17/236)
2025-09-22T22:26:48.8769511Z Receiving objects:   8% (19/236)
2025-09-22T22:26:48.8770226Z Receiving objects:   9% (22/236)
2025-09-22T22:26:48.8770869Z Receiving objects:  10% (24/236)
2025-09-22T22:26:48.8771497Z Receiving objects:  11% (26/236)
2025-09-22T22:26:48.8772132Z Receiving objects:  12% (29/236)
2025-09-22T22:26:48.8775241Z Receiving objects:  13% (31/236)
2025-09-22T22:26:48.8775924Z Receiving objects:  14% (34/236)
2025-09-22T22:26:48.8776576Z Receiving objects:  15% (36/236)
2025-09-22T22:26:48.8779117Z Receiving objects:  16% (38/236)
2025-09-22T22:26:48.8779867Z Receiving objects:  17% (41/236)
2025-09-22T22:26:48.8780802Z Receiving objects:  18% (43/236)
2025-09-22T22:26:48.8781869Z Receiving objects:  19% (45/236)
2025-09-22T22:26:48.8783305Z Receiving objects:  20% (48/236)
2025-09-22T22:26:48.8785549Z Receiving objects:  21% (50/236)
2025-09-22T22:26:48.8786912Z Receiving objects:  22% (52/236)
2025-09-22T22:26:48.8787907Z Receiving objects:  23% (55/236)
2025-09-22T22:26:48.8788635Z Receiving objects:  24% (57/236)
2025-09-22T22:26:48.8789282Z Receiving objects:  25% (59/236)
2025-09-22T22:26:48.8789989Z Receiving objects:  26% (62/236)
2025-09-22T22:26:48.8790807Z Receiving objects:  27% (64/236)
2025-09-22T22:26:48.8791570Z Receiving objects:  28% (67/236)
2025-09-22T22:26:48.8792753Z Receiving objects:  29% (69/236)
2025-09-22T22:26:48.8793421Z Receiving objects:  30% (71/236)
2025-09-22T22:26:48.8794071Z Receiving objects:  31% (74/236)
2025-09-22T22:26:48.8794710Z Receiving objects:  32% (76/236)
2025-09-22T22:26:48.8795360Z Receiving objects:  33% (78/236)
2025-09-22T22:26:48.8796060Z Receiving objects:  34% (81/236)
2025-09-22T22:26:48.8796843Z Receiving objects:  35% (83/236)
2025-09-22T22:26:48.8797617Z Receiving objects:  36% (85/236)
2025-09-22T22:26:48.8798351Z Receiving objects:  37% (88/236)
2025-09-22T22:26:48.8799037Z Receiving objects:  38% (90/236)
2025-09-22T22:26:48.8799728Z Receiving objects:  39% (93/236)
2025-09-22T22:26:48.8800444Z Receiving objects:  40% (95/236)
2025-09-22T22:26:48.8801137Z Receiving objects:  41% (97/236)
2025-09-22T22:26:48.8801802Z Receiving objects:  42% (100/236)
2025-09-22T22:26:48.8802749Z Receiving objects:  43% (102/236)
2025-09-22T22:26:48.8803464Z Receiving objects:  44% (104/236)
2025-09-22T22:26:48.8804131Z Receiving objects:  45% (107/236)
2025-09-22T22:26:48.8804812Z Receiving objects:  46% (109/236)
2025-09-22T22:26:48.8805460Z Receiving objects:  47% (111/236)
2025-09-22T22:26:48.8806123Z Receiving objects:  48% (114/236)
2025-09-22T22:26:48.8806867Z Receiving objects:  49% (116/236)
2025-09-22T22:26:48.8807568Z Receiving objects:  50% (118/236)
2025-09-22T22:26:48.8808410Z Receiving objects:  51% (121/236)
2025-09-22T22:26:48.8809195Z Receiving objects:  52% (123/236)
2025-09-22T22:26:48.8810259Z Receiving objects:  53% (126/236)
2025-09-22T22:26:48.8811278Z Receiving objects:  54% (128/236)
2025-09-22T22:26:48.8812258Z Receiving objects:  55% (130/236)
2025-09-22T22:26:48.8813210Z Receiving objects:  56% (133/236)
2025-09-22T22:26:48.8813920Z Receiving objects:  57% (135/236)
2025-09-22T22:26:48.8814615Z Receiving objects:  58% (137/236)
2025-09-22T22:26:48.8815326Z Receiving objects:  59% (140/236)
2025-09-22T22:26:48.8816107Z Receiving objects:  60% (142/236)
2025-09-22T22:26:48.8816879Z Receiving objects:  61% (144/236)
2025-09-22T22:26:48.8817588Z Receiving objects:  62% (147/236)
2025-09-22T22:26:48.8818278Z Receiving objects:  63% (149/236)
2025-09-22T22:26:48.8818938Z Receiving objects:  64% (152/236)
2025-09-22T22:26:48.8819598Z Receiving objects:  65% (154/236)
2025-09-22T22:26:48.8820277Z Receiving objects:  66% (156/236)
2025-09-22T22:26:48.8821160Z Receiving objects:  67% (159/236)
2025-09-22T22:26:48.8821822Z Receiving objects:  68% (161/236)
2025-09-22T22:26:48.8822657Z Receiving objects:  69% (163/236)
2025-09-22T22:26:48.8823370Z Receiving objects:  70% (166/236)
2025-09-22T22:26:48.8824033Z Receiving objects:  71% (168/236)
2025-09-22T22:26:48.8824690Z Receiving objects:  72% (170/236)
2025-09-22T22:26:48.8825333Z Receiving objects:  73% (173/236)
2025-09-22T22:26:48.8825984Z Receiving objects:  74% (175/236)
2025-09-22T22:26:48.8826638Z Receiving objects:  75% (177/236)
2025-09-22T22:26:48.8827523Z remote: Total 236 (delta 5), reused 119 (delta 2), pack-reused 0 (from 0)        
2025-09-22T22:26:48.8828403Z Receiving objects:  76% (180/236)
2025-09-22T22:26:48.8829091Z Receiving objects:  77% (182/236)
2025-09-22T22:26:48.8829747Z Receiving objects:  78% (185/236)
2025-09-22T22:26:48.8830390Z Receiving objects:  79% (187/236)
2025-09-22T22:26:48.8831045Z Receiving objects:  80% (189/236)
2025-09-22T22:26:48.8831699Z Receiving objects:  81% (192/236)
2025-09-22T22:26:48.8833148Z Receiving objects:  82% (194/236)
2025-09-22T22:26:48.8833809Z Receiving objects:  83% (196/236)
2025-09-22T22:26:48.8834465Z Receiving objects:  84% (199/236)
2025-09-22T22:26:48.8835124Z Receiving objects:  85% (201/236)
2025-09-22T22:26:48.8836136Z Receiving objects:  86% (203/236)
2025-09-22T22:26:48.8837441Z Receiving objects:  87% (206/236)
2025-09-22T22:26:48.8839603Z Receiving objects:  88% (208/236)
2025-09-22T22:26:48.8840330Z Receiving objects:  89% (211/236)
2025-09-22T22:26:48.8841479Z Receiving objects:  90% (213/236)
2025-09-22T22:26:48.8843008Z Receiving objects:  91% (215/236)
2025-09-22T22:26:48.8845055Z Receiving objects:  92% (218/236)
2025-09-22T22:26:48.8846047Z Receiving objects:  93% (220/236)
2025-09-22T22:26:48.8846871Z Receiving objects:  94% (222/236)
2025-09-22T22:26:48.8847665Z Receiving objects:  95% (225/236)
2025-09-22T22:26:48.8848398Z Receiving objects:  96% (227/236)
2025-09-22T22:26:48.8849616Z Receiving objects:  97% (229/236)
2025-09-22T22:26:48.8850759Z Receiving objects:  98% (232/236)
2025-09-22T22:26:48.8851842Z Receiving objects:  99% (234/236)
2025-09-22T22:26:48.8853000Z Receiving objects: 100% (236/236)
2025-09-22T22:26:48.8853981Z Receiving objects: 100% (236/236), 176.28 KiB | 10.37 MiB/s, done.
2025-09-22T22:26:48.8855008Z Resolving deltas:   0% (0/5)
2025-09-22T22:26:48.8855780Z Resolving deltas:  20% (1/5)
2025-09-22T22:26:48.8856271Z Resolving deltas:  40% (2/5)
2025-09-22T22:26:48.8856692Z Resolving deltas:  60% (3/5)
2025-09-22T22:26:48.8859212Z Resolving deltas:  80% (4/5)
2025-09-22T22:26:48.8859908Z Resolving deltas: 100% (5/5)
2025-09-22T22:26:48.8860373Z Resolving deltas: 100% (5/5), done.
2025-09-22T22:26:48.9170833Z From https://github.com/PyCQA/flake8
2025-09-22T22:26:48.9171753Z  * [new ref]         d45bdc05ceb92b750788be9036d0538d1d128b25 -> origin/main
2025-09-22T22:26:48.9254007Z ##[endgroup]
2025-09-22T22:26:48.9254759Z ##[group]Determining the checkout info
2025-09-22T22:26:48.9255981Z ##[endgroup]
2025-09-22T22:26:48.9256839Z ##[group]Checking out the ref
2025-09-22T22:26:48.9260095Z [command]/usr/bin/git checkout --progress --force -B main refs/remotes/origin/main
2025-09-22T22:26:48.9436140Z Switched to a new branch 'main'
2025-09-22T22:26:48.9438006Z branch 'main' set up to track 'origin/main'.
2025-09-22T22:26:48.9443613Z ##[endgroup]
2025-09-22T22:26:48.9479381Z [command]/usr/bin/git log -1 --format='%H'
2025-09-22T22:26:48.9503070Z 'd45bdc05ceb92b750788be9036d0538d1d128b25'
2025-09-22T22:26:48.9719891Z ##[group]Run actions/setup-python@v2
2025-09-22T22:26:48.9720340Z with:
2025-09-22T22:26:48.9720670Z   python-version: 3.12
2025-09-22T22:26:48.9721186Z   token: ***
2025-09-22T22:26:48.9721530Z ##[endgroup]
2025-09-22T22:26:49.1296403Z Successfully setup CPython (3.12.11)
2025-09-22T22:26:49.1401362Z ##[group]Run python -mpip install --upgrade setuptools pip tox virtualenv
2025-09-22T22:26:49.1402175Z [36;1mpython -mpip install --upgrade setuptools pip tox virtualenv[0m
2025-09-22T22:26:49.1713276Z shell: /usr/bin/bash -e {0}
2025-09-22T22:26:49.1714128Z env:
2025-09-22T22:26:49.1715018Z   pythonLocation: /opt/hostedtoolcache/Python/3.12.11/x64
2025-09-22T22:26:49.1716219Z   LD_LIBRARY_PATH: /opt/hostedtoolcache/Python/3.12.11/x64/lib
2025-09-22T22:26:49.1717236Z ##[endgroup]
2025-09-22T22:26:52.1394710Z Collecting setuptools
2025-09-22T22:26:52.1866324Z   Downloading setuptools-80.9.0-py3-none-any.whl.metadata (6.6 kB)
2025-09-22T22:26:52.2134587Z Requirement already satisfied: pip in /opt/hostedtoolcache/Python/3.12.11/x64/lib/python3.12/site-packages (25.2)
2025-09-22T22:26:52.2949140Z Collecting tox
2025-09-22T22:26:52.3024448Z   Downloading tox-4.30.2-py3-none-any.whl.metadata (3.6 kB)
2025-09-22T22:26:52.3561203Z Collecting virtualenv
2025-09-22T22:26:52.3636252Z   Downloading virtualenv-20.34.0-py3-none-any.whl.metadata (4.6 kB)
2025-09-22T22:26:52.3914570Z Collecting cachetools>=6.1 (from tox)
2025-09-22T22:26:52.3989945Z   Downloading cachetools-6.2.0-py3-none-any.whl.metadata (5.4 kB)
2025-09-22T22:26:52.4159404Z Collecting chardet>=5.2 (from tox)
2025-09-22T22:26:52.4228999Z   Downloading chardet-5.2.0-py3-none-any.whl.metadata (3.4 kB)
2025-09-22T22:26:52.4434703Z Collecting colorama>=0.4.6 (from tox)
2025-09-22T22:26:52.4510222Z   Downloading colorama-0.4.6-py2.py3-none-any.whl.metadata (17 kB)
2025-09-22T22:26:52.4765812Z Collecting filelock>=3.18 (from tox)
2025-09-22T22:26:52.4843282Z   Downloading filelock-3.19.1-py3-none-any.whl.metadata (2.1 kB)
2025-09-22T22:26:52.5075584Z Collecting packaging>=25 (from tox)
2025-09-22T22:26:52.5149087Z   Downloading packaging-25.0-py3-none-any.whl.metadata (3.3 kB)
2025-09-22T22:26:52.5373305Z Collecting platformdirs>=4.3.8 (from tox)
2025-09-22T22:26:52.5448878Z   Downloading platformdirs-4.4.0-py3-none-any.whl.metadata (12 kB)
2025-09-22T22:26:52.5677910Z Collecting pluggy>=1.6 (from tox)
2025-09-22T22:26:52.5756976Z   Downloading pluggy-1.6.0-py3-none-any.whl.metadata (4.8 kB)
2025-09-22T22:26:52.5940380Z Collecting pyproject-api>=1.9.1 (from tox)
2025-09-22T22:26:52.6012883Z   Downloading pyproject_api-1.9.1-py3-none-any.whl.metadata (2.7 kB)
2025-09-22T22:26:52.6310303Z Collecting distlib<1,>=0.3.7 (from virtualenv)
2025-09-22T22:26:52.6385373Z   Downloading distlib-0.4.0-py2.py3-none-any.whl.metadata (5.2 kB)
2025-09-22T22:26:52.6732245Z Downloading setuptools-80.9.0-py3-none-any.whl (1.2 MB)
2025-09-22T22:26:52.7057446Z    ━━━━━━━━━━━━━━━━━━━━━━━━━━━━━━━━━━━━━━━━ 1.2/1.2 MB 57.0 MB/s  0:00:00
2025-09-22T22:26:52.7128497Z Downloading tox-4.30.2-py3-none-any.whl (175 kB)
2025-09-22T22:26:52.7236354Z Downloading virtualenv-20.34.0-py3-none-any.whl (6.0 MB)
2025-09-22T22:26:52.7560236Z    ━━━━━━━━━━━━━━━━━━━━━━━━━━━━━━━━━━━━━━━━ 6.0/6.0 MB 192.6 MB/s  0:00:00
2025-09-22T22:26:52.7634288Z Downloading distlib-0.4.0-py2.py3-none-any.whl (469 kB)
2025-09-22T22:26:52.7827511Z Downloading filelock-3.19.1-py3-none-any.whl (15 kB)
2025-09-22T22:26:52.7927731Z Downloading platformdirs-4.4.0-py3-none-any.whl (18 kB)
2025-09-22T22:26:52.8030314Z Downloading cachetools-6.2.0-py3-none-any.whl (11 kB)
2025-09-22T22:26:52.8131288Z Downloading chardet-5.2.0-py3-none-any.whl (199 kB)
2025-09-22T22:26:52.8237162Z Downloading colorama-0.4.6-py2.py3-none-any.whl (25 kB)
2025-09-22T22:26:52.8346052Z Downloading packaging-25.0-py3-none-any.whl (66 kB)
2025-09-22T22:26:52.8484714Z Downloading pluggy-1.6.0-py3-none-any.whl (20 kB)
2025-09-22T22:26:52.8582293Z Downloading pyproject_api-1.9.1-py3-none-any.whl (13 kB)
2025-09-22T22:26:52.9115917Z Installing collected packages: distlib, setuptools, pluggy, platformdirs, packaging, filelock, colorama, chardet, cachetools, virtualenv, pyproject-api, tox
2025-09-22T22:26:54.3988710Z 
2025-09-22T22:26:54.4008876Z Successfully installed cachetools-6.2.0 chardet-5.2.0 colorama-0.4.6 distlib-0.4.0 filelock-3.19.1 packaging-25.0 platformdirs-4.4.0 pluggy-1.6.0 pyproject-api-1.9.1 setuptools-80.9.0 tox-4.30.2 virtualenv-20.34.0
2025-09-22T22:26:54.5577931Z ##[group]Run tox -e py
2025-09-22T22:26:54.5578188Z [36;1mtox -e py[0m
2025-09-22T22:26:54.5609387Z shell: /usr/bin/bash -e {0}
2025-09-22T22:26:54.5609601Z env:
2025-09-22T22:26:54.5609841Z   pythonLocation: /opt/hostedtoolcache/Python/3.12.11/x64
2025-09-22T22:26:54.5610213Z   LD_LIBRARY_PATH: /opt/hostedtoolcache/Python/3.12.11/x64/lib
2025-09-22T22:26:54.5610501Z ##[endgroup]
2025-09-22T22:26:55.5630083Z py: install_deps> python -I -m pip install covdefaults 'coverage>=6' 'pytest!=3.0.5,!=5.2.3'
2025-09-22T22:26:58.9345963Z .pkg: install_requires> python -I -m pip install 'setuptools>=40.8.0'
2025-09-22T22:27:01.2324839Z .pkg: _optional_hooks> python /opt/hostedtoolcache/Python/3.12.11/x64/lib/python3.12/site-packages/pyproject_api/_backend.py True setuptools.build_meta __legacy__
2025-09-22T22:27:01.5377453Z .pkg: get_requires_for_build_sdist> python /opt/hostedtoolcache/Python/3.12.11/x64/lib/python3.12/site-packages/pyproject_api/_backend.py True setuptools.build_meta __legacy__
2025-09-22T22:27:01.7364593Z .pkg: get_requires_for_build_wheel> python /opt/hostedtoolcache/Python/3.12.11/x64/lib/python3.12/site-packages/pyproject_api/_backend.py True setuptools.build_meta __legacy__
2025-09-22T22:27:01.9353150Z .pkg: freeze> python -m pip freeze --all
2025-09-22T22:27:02.1640117Z .pkg: pip==25.2,setuptools==80.9.0
2025-09-22T22:27:02.1646220Z .pkg: prepare_metadata_for_build_wheel> python /opt/hostedtoolcache/Python/3.12.11/x64/lib/python3.12/site-packages/pyproject_api/_backend.py True setuptools.build_meta __legacy__
2025-09-22T22:27:02.4238663Z .pkg: build_sdist> python /opt/hostedtoolcache/Python/3.12.11/x64/lib/python3.12/site-packages/pyproject_api/_backend.py True setuptools.build_meta __legacy__
2025-09-22T22:27:02.6623871Z py: install_package_deps> python -I -m pip install 'mccabe<0.8.0,>=0.7.0' 'pycodestyle<2.15.0,>=2.14.0' 'pyflakes<3.5.0,>=3.4.0'
2025-09-22T22:27:03.3734532Z py: install_package> python -I -m pip install --force-reinstall --no-deps /home/runner/work/flake8/flake8/.tox/.tmp/package/1/flake8-7.3.0.tar.gz
2025-09-22T22:27:05.3413161Z py: freeze> python -m pip freeze --all
2025-09-22T22:27:05.5736416Z py: covdefaults==2.3.0,coverage==7.10.7,flake8 @ file:///home/runner/work/flake8/flake8/.tox/.tmp/package/1/flake8-7.3.0.tar.gz#sha256=13036b156ac61e3de949afc8fa8a0976619a36f8e99d0281fcc6e9dcc1a48de3,iniconfig==2.1.0,mccabe==0.7.0,packaging==25.0,pip==25.2,pluggy==1.6.0,pycodestyle==2.14.0,pyflakes==3.4.0,Pygments==2.19.2,pytest==8.4.2
2025-09-22T22:27:05.5741689Z py: commands[0]> coverage run -m pytest
2025-09-22T22:27:07.5775724Z ============================= test session starts ==============================
2025-09-22T22:27:07.5776527Z platform linux -- Python 3.12.11, pytest-8.4.2, pluggy-1.6.0
2025-09-22T22:27:07.5777167Z cachedir: .tox/py/.pytest_cache
2025-09-22T22:27:07.5777702Z rootdir: /home/runner/work/flake8/flake8
2025-09-22T22:27:07.5778205Z configfile: pytest.ini
2025-09-22T22:27:07.5778599Z collected 466 items
2025-09-22T22:27:07.5778827Z 
2025-09-22T22:27:07.6006666Z tests/integration/test_aggregator.py ..                                  [  0%]
2025-09-22T22:27:07.6301961Z tests/integration/test_api_legacy.py .                                   [  0%]
2025-09-22T22:27:07.7218872Z tests/integration/test_checker.py ......................                 [  5%]
2025-09-22T22:27:08.1801290Z tests/integration/test_main.py .......................                   [ 10%]
2025-09-22T22:27:08.3666844Z tests/integration/test_plugins.py ........x                              [ 12%]
2025-09-22T22:27:08.4302497Z tests/unit/plugins/finder_test.py .............................          [ 18%]
2025-09-22T22:27:08.4349324Z tests/unit/plugins/pycodestyle_test.py .                                 [ 18%]
2025-09-22T22:27:08.4436537Z tests/unit/plugins/reporter_test.py ......                               [ 19%]
2025-09-22T22:27:08.4541520Z tests/unit/test_application.py .......                                   [ 21%]
2025-09-22T22:27:08.4836750Z tests/unit/test_base_formatter.py ...................                    [ 25%]
2025-09-22T22:27:08.5009732Z tests/unit/test_checker_manager.py .....                                 [ 26%]
2025-09-22T22:27:08.5027622Z tests/unit/test_debug.py .                                               [ 26%]
2025-09-22T22:27:08.5530208Z tests/unit/test_decision_engine.py ..................................... [ 34%]
2025-09-22T22:27:08.5829868Z ..................                                                       [ 38%]
2025-09-22T22:27:08.5984979Z tests/unit/test_defaults.py .............                                [ 41%]
2025-09-22T22:27:08.6297410Z tests/unit/test_discover_files.py .............                          [ 44%]
2025-09-22T22:27:08.6344433Z tests/unit/test_exceptions.py ...                                        [ 44%]
2025-09-22T22:27:08.6405725Z tests/unit/test_file_checker.py ...                                      [ 45%]
2025-09-22T22:27:08.7506090Z tests/unit/test_file_processor.py ...................................... [ 53%]
2025-09-22T22:27:08.7908397Z ..............................                                           [ 60%]
2025-09-22T22:27:08.7949579Z tests/unit/test_filenameonly_formatter.py ...                            [ 60%]
2025-09-22T22:27:08.8279931Z tests/unit/test_legacy_api.py ..........                                 [ 62%]
2025-09-22T22:27:08.8323019Z tests/unit/test_main_options.py ..                                       [ 63%]
2025-09-22T22:27:08.8353342Z tests/unit/test_nothing_formatter.py ..                                  [ 63%]
2025-09-22T22:27:08.8417759Z tests/unit/test_option.py .....                                          [ 64%]
2025-09-22T22:27:08.8751784Z tests/unit/test_option_manager.py ..................                     [ 68%]
2025-09-22T22:27:08.9676644Z tests/unit/test_options_config.py ...........................            [ 74%]
2025-09-22T22:27:08.9715103Z tests/unit/test_pyflakes_codes.py ..                                     [ 74%]
2025-09-22T22:27:08.9974990Z tests/unit/test_statistics.py ...................                        [ 78%]
2025-09-22T22:27:09.2586983Z tests/unit/test_style_guide.py ....................                      [ 83%]
2025-09-22T22:27:09.3169978Z tests/unit/test_utils.py ............................................... [ 93%]
2025-09-22T22:27:09.3312805Z ..........                                                               [ 95%]
2025-09-22T22:27:09.4140271Z tests/unit/test_violation.py .....................                       [100%]
2025-09-22T22:27:09.4140794Z 
2025-09-22T22:27:09.4141024Z ======================== 465 passed, 1 xfailed in 2.85s ========================
2025-09-22T22:27:09.4825537Z py: commands[1]> coverage report
2025-09-22T22:27:10.0154644Z Name                                                                 Stmts   Miss Branch BrPart  Cover   Missing
2025-09-22T22:27:10.0156096Z ----------------------------------------------------------------------------------------------------------------
2025-09-22T22:27:10.0157291Z .tox/py/lib/python3.12/site-packages/flake8/__init__.py                 24      2      4      1    89%   58-59
2025-09-22T22:27:10.0158561Z .tox/py/lib/python3.12/site-packages/flake8/api/legacy.py               71      2      6      0    97%   211-212
2025-09-22T22:27:10.0160049Z .tox/py/lib/python3.12/site-packages/flake8/checker.py                 295     35     86      7    87%   68-73, 77-79, 209-210, 238-239, 337-338, 364-373, 384-411, 440, 516-517, 548, 565
2025-09-22T22:27:10.0161325Z .tox/py/lib/python3.12/site-packages/flake8/formatting/base.py          63      0     20      1    99%   193->195
2025-09-22T22:27:10.0162158Z .tox/py/lib/python3.12/site-packages/flake8/main/application.py        129      7     14      1    94%   104-107, 210-211, 215
2025-09-22T22:27:10.0163197Z .tox/py/lib/python3.12/site-packages/flake8/options/aggregator.py       22      3      4      1    85%   42-44
2025-09-22T22:27:10.0164279Z .tox/py/lib/python3.12/site-packages/flake8/options/manager.py         120      1     36      1    99%   198
2025-09-22T22:27:10.0165052Z .tox/py/lib/python3.12/site-packages/flake8/plugins/pycodestyle.py      75      2     10      2    95%   100, 106
2025-09-22T22:27:10.0165814Z .tox/py/lib/python3.12/site-packages/flake8/plugins/pyflakes.py         27      1      4      1    94%   99
2025-09-22T22:27:10.0166545Z .tox/py/lib/python3.12/site-packages/flake8/processor.py               230      0     66      2    99%   226->232, 275->exit
2025-09-22T22:27:10.0167163Z ----------------------------------------------------------------------------------------------------------------
2025-09-22T22:27:10.0167580Z TOTAL                                                                 3751     53    492     17    98%
2025-09-22T22:27:10.0167812Z 
2025-09-22T22:27:10.0167919Z 60 files skipped due to complete coverage.
2025-09-22T22:27:10.0730836Z py: commands[2]> coverage report --fail-under 100 --include 'tests/*'
2025-09-22T22:27:10.3972711Z Name    Stmts   Miss Branch BrPart  Cover   Missing
2025-09-22T22:27:10.3973308Z ---------------------------------------------------
2025-09-22T22:27:10.3973757Z TOTAL    1876      0     30      0   100%
2025-09-22T22:27:10.3974013Z 
2025-09-22T22:27:10.3974171Z 38 files skipped due to complete coverage.
2025-09-22T22:27:10.4331491Z   py: OK (15.05=setup[10.19]+cmd[3.91,0.59,0.36] seconds)
2025-09-22T22:27:10.4332503Z   congratulations :) (15.08 seconds)
2025-09-22T22:27:10.4652690Z Post job cleanup.
2025-09-22T22:27:10.5756182Z Post job cleanup.
2025-09-22T22:27:10.6617995Z [command]/usr/bin/git version
2025-09-22T22:27:10.6655346Z git version 2.51.0
2025-09-22T22:27:10.6699921Z Temporarily overriding HOME='/home/runner/work/_temp/61ea42a9-9f39-4611-8458-d3a60508dd5f' before making global git config changes
2025-09-22T22:27:10.6701202Z Adding repository directory to the temporary git global config as a safe directory
2025-09-22T22:27:10.6704686Z [command]/usr/bin/git config --global --add safe.directory /home/runner/work/flake8/flake8
2025-09-22T22:27:10.6737130Z [command]/usr/bin/git config --local --name-only --get-regexp core\.sshCommand
2025-09-22T22:27:10.6768346Z [command]/usr/bin/git submodule foreach --recursive sh -c "git config --local --name-only --get-regexp 'core\.sshCommand' && git config --local --unset-all 'core.sshCommand' || :"
2025-09-22T22:27:10.6997426Z [command]/usr/bin/git config --local --name-only --get-regexp http\.https\:\/\/github\.com\/\.extraheader
2025-09-22T22:27:10.7018415Z http.https://github.com/.extraheader
2025-09-22T22:27:10.7028396Z [command]/usr/bin/git config --local --unset-all http.https://github.com/.extraheader
2025-09-22T22:27:10.7058302Z [command]/usr/bin/git submodule foreach --recursive sh -c "git config --local --name-only --get-regexp 'http\.https\:\/\/github\.com\/\.extraheader' && git config --local --unset-all 'http.https://github.com/.extraheader' || :"
2025-09-22T22:27:10.7407809Z Cleaning up orphan processes
