2025-09-22T22:26:46.8279022Z Current runner version: '2.328.0'
2025-09-22T22:26:46.8312566Z ##[group]Runner Image Provisioner
2025-09-22T22:26:46.8313998Z Hosted Compute Agent
2025-09-22T22:26:46.8314949Z Version: 20250829.383
2025-09-22T22:26:46.8315984Z Commit: 27cb235aab5b0e52e153a26cd86b4742e89dac5d
2025-09-22T22:26:46.8317325Z Build Date: 2025-08-29T13:48:48Z
2025-09-22T22:26:46.8318324Z ##[endgroup]
2025-09-22T22:26:46.8319309Z ##[group]Operating System
2025-09-22T22:26:46.8320205Z Ubuntu
2025-09-22T22:26:46.8321350Z 24.04.3
2025-09-22T22:26:46.8322073Z LTS
2025-09-22T22:26:46.8322840Z ##[endgroup]
2025-09-22T22:26:46.8323791Z ##[group]Runner Image
2025-09-22T22:26:46.8324616Z Image: ubuntu-24.04
2025-09-22T22:26:46.8325431Z Version: 20250907.24.1
2025-09-22T22:26:46.8327360Z Included Software: https://github.com/actions/runner-images/blob/ubuntu24/20250907.24/images/ubuntu/Ubuntu2404-Readme.md
2025-09-22T22:26:46.8330279Z Image Release: https://github.com/actions/runner-images/releases/tag/ubuntu24%2F20250907.24
2025-09-22T22:26:46.8332430Z ##[endgroup]
2025-09-22T22:26:46.8336884Z ##[group]GITHUB_TOKEN Permissions
2025-09-22T22:26:46.8340027Z Actions: write
2025-09-22T22:26:46.8341185Z Attestations: write
2025-09-22T22:26:46.8342150Z Checks: write
2025-09-22T22:26:46.8343058Z Contents: write
2025-09-22T22:26:46.8343857Z Deployments: write
2025-09-22T22:26:46.8344876Z Discussions: write
2025-09-22T22:26:46.8345775Z Issues: write
2025-09-22T22:26:46.8346618Z Metadata: read
2025-09-22T22:26:46.8347490Z Models: read
2025-09-22T22:26:46.8348402Z Packages: write
2025-09-22T22:26:46.8349252Z Pages: write
2025-09-22T22:26:46.8350275Z PullRequests: write
2025-09-22T22:26:46.8351490Z RepositoryProjects: write
2025-09-22T22:26:46.8352401Z SecurityEvents: write
2025-09-22T22:26:46.8353569Z Statuses: write
2025-09-22T22:26:46.8354400Z ##[endgroup]
2025-09-22T22:26:46.8357662Z Secret source: Actions
2025-09-22T22:26:46.8359024Z Prepare workflow directory
2025-09-22T22:26:46.8827700Z Prepare all required actions
2025-09-22T22:26:46.8885640Z Getting action download info
2025-09-22T22:26:47.1418754Z Download action repository 'actions/checkout@v2' (SHA:ee0669bd1cc54295c223e0bb666b733df41de1c5)
2025-09-22T22:26:47.3426473Z Download action repository 'actions/setup-python@v2' (SHA:e9aba2c848f5ebd159c070c61ea2c4e2b122355e)
2025-09-22T22:26:47.5209459Z Complete job name: main (ubuntu-latest, 3.11, py)
2025-09-22T22:26:47.5882285Z ##[group]Run actions/checkout@v2
2025-09-22T22:26:47.5883088Z with:
2025-09-22T22:26:47.5883477Z   repository: PyCQA/flake8
2025-09-22T22:26:47.5884079Z   token: ***
2025-09-22T22:26:47.5884453Z   ssh-strict: true
2025-09-22T22:26:47.5884851Z   persist-credentials: true
2025-09-22T22:26:47.5885285Z   clean: true
2025-09-22T22:26:47.5885633Z   fetch-depth: 1
2025-09-22T22:26:47.5886001Z   lfs: false
2025-09-22T22:26:47.5886352Z   submodules: false
2025-09-22T22:26:47.5886735Z   set-safe-directory: true
2025-09-22T22:26:47.5887413Z ##[endgroup]
2025-09-22T22:26:47.6930346Z Syncing repository: PyCQA/flake8
2025-09-22T22:26:47.6933287Z ##[group]Getting Git version info
2025-09-22T22:26:47.6934445Z Working directory is '/home/runner/work/flake8/flake8'
2025-09-22T22:26:47.6935752Z [command]/usr/bin/git version
2025-09-22T22:26:47.7011803Z git version 2.51.0
2025-09-22T22:26:47.7036978Z ##[endgroup]
2025-09-22T22:26:47.7054187Z Temporarily overriding HOME='/home/runner/work/_temp/98cd074b-1ff9-4002-9a6a-b1b796185ebd' before making global git config changes
2025-09-22T22:26:47.7056516Z Adding repository directory to the temporary git global config as a safe directory
2025-09-22T22:26:47.7058394Z [command]/usr/bin/git config --global --add safe.directory /home/runner/work/flake8/flake8
2025-09-22T22:26:47.7096311Z Deleting the contents of '/home/runner/work/flake8/flake8'
2025-09-22T22:26:47.7100284Z ##[group]Initializing the repository
2025-09-22T22:26:47.7104321Z [command]/usr/bin/git init /home/runner/work/flake8/flake8
2025-09-22T22:26:47.7201168Z hint: Using 'master' as the name for the initial branch. This default branch name
2025-09-22T22:26:47.7203001Z hint: is subject to change. To configure the initial branch name to use in all
2025-09-22T22:26:47.7204511Z hint: of your new repositories, which will suppress this warning, call:
2025-09-22T22:26:47.7205611Z hint:
2025-09-22T22:26:47.7206342Z hint: 	git config --global init.defaultBranch <name>
2025-09-22T22:26:47.7207250Z hint:
2025-09-22T22:26:47.7207841Z hint: Names commonly chosen instead of 'master' are 'main', 'trunk' and
2025-09-22T22:26:47.7208729Z hint: 'development'. The just-created branch can be renamed via this command:
2025-09-22T22:26:47.7209407Z hint:
2025-09-22T22:26:47.7209793Z hint: 	git branch -m <name>
2025-09-22T22:26:47.7210228Z hint:
2025-09-22T22:26:47.7211045Z hint: Disable this message with "git config set advice.defaultBranchName false"
2025-09-22T22:26:47.7212017Z Initialized empty Git repository in /home/runner/work/flake8/flake8/.git/
2025-09-22T22:26:47.7215213Z [command]/usr/bin/git remote add origin https://github.com/PyCQA/flake8
2025-09-22T22:26:47.7252402Z ##[endgroup]
2025-09-22T22:26:47.7253230Z ##[group]Disabling automatic garbage collection
2025-09-22T22:26:47.7255553Z [command]/usr/bin/git config --local gc.auto 0
2025-09-22T22:26:47.7283163Z ##[endgroup]
2025-09-22T22:26:47.7283946Z ##[group]Setting up auth
2025-09-22T22:26:47.7288915Z [command]/usr/bin/git config --local --name-only --get-regexp core\.sshCommand
2025-09-22T22:26:47.7317062Z [command]/usr/bin/git submodule foreach --recursive sh -c "git config --local --name-only --get-regexp 'core\.sshCommand' && git config --local --unset-all 'core.sshCommand' || :"
2025-09-22T22:26:47.7636975Z [command]/usr/bin/git config --local --name-only --get-regexp http\.https\:\/\/github\.com\/\.extraheader
2025-09-22T22:26:47.7664663Z [command]/usr/bin/git submodule foreach --recursive sh -c "git config --local --name-only --get-regexp 'http\.https\:\/\/github\.com\/\.extraheader' && git config --local --unset-all 'http.https://github.com/.extraheader' || :"
2025-09-22T22:26:47.7891498Z [command]/usr/bin/git config --local http.https://github.com/.extraheader AUTHORIZATION: basic ***
2025-09-22T22:26:47.7935703Z ##[endgroup]
2025-09-22T22:26:47.7936489Z ##[group]Fetching the repository
2025-09-22T22:26:47.7947478Z [command]/usr/bin/git -c protocol.version=2 fetch --no-tags --prune --progress --no-recurse-submodules --depth=1 origin +d45bdc05ceb92b750788be9036d0538d1d128b25:refs/remotes/origin/main
2025-09-22T22:26:48.0157478Z remote: Enumerating objects: 236, done.        
2025-09-22T22:26:48.0159009Z remote: Counting objects:   0% (1/236)        
2025-09-22T22:26:48.0159942Z remote: Counting objects:   1% (3/236)        
2025-09-22T22:26:48.0161041Z remote: Counting objects:   2% (5/236)        
2025-09-22T22:26:48.0162079Z remote: Counting objects:   3% (8/236)        
2025-09-22T22:26:48.0162749Z remote: Counting objects:   4% (10/236)        
2025-09-22T22:26:48.0163315Z remote: Counting objects:   5% (12/236)        
2025-09-22T22:26:48.0163874Z remote: Counting objects:   6% (15/236)        
2025-09-22T22:26:48.0164720Z remote: Counting objects:   7% (17/236)        
2025-09-22T22:26:48.0165648Z remote: Counting objects:   8% (19/236)        
2025-09-22T22:26:48.0166608Z remote: Counting objects:   9% (22/236)        
2025-09-22T22:26:48.0167536Z remote: Counting objects:  10% (24/236)        
2025-09-22T22:26:48.0168458Z remote: Counting objects:  11% (26/236)        
2025-09-22T22:26:48.0169372Z remote: Counting objects:  12% (29/236)        
2025-09-22T22:26:48.0170279Z remote: Counting objects:  13% (31/236)        
2025-09-22T22:26:48.0171194Z remote: Counting objects:  14% (34/236)        
2025-09-22T22:26:48.0171745Z remote: Counting objects:  15% (36/236)        
2025-09-22T22:26:48.0172292Z remote: Counting objects:  16% (38/236)        
2025-09-22T22:26:48.0172836Z remote: Counting objects:  17% (41/236)        
2025-09-22T22:26:48.0173392Z remote: Counting objects:  18% (43/236)        
2025-09-22T22:26:48.0173954Z remote: Counting objects:  19% (45/236)        
2025-09-22T22:26:48.0174508Z remote: Counting objects:  20% (48/236)        
2025-09-22T22:26:48.0175343Z remote: Counting objects:  21% (50/236)        
2025-09-22T22:26:48.0175891Z remote: Counting objects:  22% (52/236)        
2025-09-22T22:26:48.0176447Z remote: Counting objects:  23% (55/236)        
2025-09-22T22:26:48.0176994Z remote: Counting objects:  24% (57/236)        
2025-09-22T22:26:48.0177552Z remote: Counting objects:  25% (59/236)        
2025-09-22T22:26:48.0178111Z remote: Counting objects:  26% (62/236)        
2025-09-22T22:26:48.0178661Z remote: Counting objects:  27% (64/236)        
2025-09-22T22:26:48.0179203Z remote: Counting objects:  28% (67/236)        
2025-09-22T22:26:48.0179743Z remote: Counting objects:  29% (69/236)        
2025-09-22T22:26:48.0180289Z remote: Counting objects:  30% (71/236)        
2025-09-22T22:26:48.0181048Z remote: Counting objects:  31% (74/236)        
2025-09-22T22:26:48.0181609Z remote: Counting objects:  32% (76/236)        
2025-09-22T22:26:48.0182163Z remote: Counting objects:  33% (78/236)        
2025-09-22T22:26:48.0182724Z remote: Counting objects:  34% (81/236)        
2025-09-22T22:26:48.0183276Z remote: Counting objects:  35% (83/236)        
2025-09-22T22:26:48.0183873Z remote: Counting objects:  36% (85/236)        
2025-09-22T22:26:48.0184437Z remote: Counting objects:  37% (88/236)        
2025-09-22T22:26:48.0184991Z remote: Counting objects:  38% (90/236)        
2025-09-22T22:26:48.0185540Z remote: Counting objects:  39% (93/236)        
2025-09-22T22:26:48.0186087Z remote: Counting objects:  40% (95/236)        
2025-09-22T22:26:48.0186641Z remote: Counting objects:  41% (97/236)        
2025-09-22T22:26:48.0187182Z remote: Counting objects:  42% (100/236)        
2025-09-22T22:26:48.0187758Z remote: Counting objects:  43% (102/236)        
2025-09-22T22:26:48.0188356Z remote: Counting objects:  44% (104/236)        
2025-09-22T22:26:48.0188910Z remote: Counting objects:  45% (107/236)        
2025-09-22T22:26:48.0189465Z remote: Counting objects:  46% (109/236)        
2025-09-22T22:26:48.0190016Z remote: Counting objects:  47% (111/236)        
2025-09-22T22:26:48.0190577Z remote: Counting objects:  48% (114/236)        
2025-09-22T22:26:48.0191305Z remote: Counting objects:  49% (116/236)        
2025-09-22T22:26:48.0191861Z remote: Counting objects:  50% (118/236)        
2025-09-22T22:26:48.0192560Z remote: Counting objects:  51% (121/236)        
2025-09-22T22:26:48.0193115Z remote: Counting objects:  52% (123/236)        
2025-09-22T22:26:48.0193676Z remote: Counting objects:  53% (126/236)        
2025-09-22T22:26:48.0194234Z remote: Counting objects:  54% (128/236)        
2025-09-22T22:26:48.0194787Z remote: Counting objects:  55% (130/236)        
2025-09-22T22:26:48.0195327Z remote: Counting objects:  56% (133/236)        
2025-09-22T22:26:48.0195966Z remote: Counting objects:  57% (135/236)        
2025-09-22T22:26:48.0196821Z remote: Counting objects:  58% (137/236)        
2025-09-22T22:26:48.0197613Z remote: Counting objects:  59% (140/236)        
2025-09-22T22:26:48.0198582Z remote: Counting objects:  60% (142/236)        
2025-09-22T22:26:48.0199498Z remote: Counting objects:  61% (144/236)        
2025-09-22T22:26:48.0200414Z remote: Counting objects:  62% (147/236)        
2025-09-22T22:26:48.0201584Z remote: Counting objects:  63% (149/236)        
2025-09-22T22:26:48.0202529Z remote: Counting objects:  64% (152/236)        
2025-09-22T22:26:48.0203332Z remote: Counting objects:  65% (154/236)        
2025-09-22T22:26:48.0203882Z remote: Counting objects:  66% (156/236)        
2025-09-22T22:26:48.0204616Z remote: Counting objects:  67% (159/236)        
2025-09-22T22:26:48.0205384Z remote: Counting objects:  68% (161/236)        
2025-09-22T22:26:48.0206300Z remote: Counting objects:  69% (163/236)        
2025-09-22T22:26:48.0206858Z remote: Counting objects:  70% (166/236)        
2025-09-22T22:26:48.0207409Z remote: Counting objects:  71% (168/236)        
2025-09-22T22:26:48.0207958Z remote: Counting objects:  72% (170/236)        
2025-09-22T22:26:48.0208686Z remote: Counting objects:  73% (173/236)        
2025-09-22T22:26:48.0209234Z remote: Counting objects:  74% (175/236)        
2025-09-22T22:26:48.0209783Z remote: Counting objects:  75% (177/236)        
2025-09-22T22:26:48.0210331Z remote: Counting objects:  76% (180/236)        
2025-09-22T22:26:48.0211115Z remote: Counting objects:  77% (182/236)        
2025-09-22T22:26:48.0211668Z remote: Counting objects:  78% (185/236)        
2025-09-22T22:26:48.0212253Z remote: Counting objects:  79% (187/236)        
2025-09-22T22:26:48.0212798Z remote: Counting objects:  80% (189/236)        
2025-09-22T22:26:48.0213342Z remote: Counting objects:  81% (192/236)        
2025-09-22T22:26:48.0213881Z remote: Counting objects:  82% (194/236)        
2025-09-22T22:26:48.0214427Z remote: Counting objects:  83% (196/236)        
2025-09-22T22:26:48.0214976Z remote: Counting objects:  84% (199/236)        
2025-09-22T22:26:48.0215514Z remote: Counting objects:  85% (201/236)        
2025-09-22T22:26:48.0216056Z remote: Counting objects:  86% (203/236)        
2025-09-22T22:26:48.0216599Z remote: Counting objects:  87% (206/236)        
2025-09-22T22:26:48.0217145Z remote: Counting objects:  88% (208/236)        
2025-09-22T22:26:48.0217698Z remote: Counting objects:  89% (211/236)        
2025-09-22T22:26:48.0218248Z remote: Counting objects:  90% (213/236)        
2025-09-22T22:26:48.0218786Z remote: Counting objects:  91% (215/236)        
2025-09-22T22:26:48.0219328Z remote: Counting objects:  92% (218/236)        
2025-09-22T22:26:48.0219866Z remote: Counting objects:  93% (220/236)        
2025-09-22T22:26:48.0220416Z remote: Counting objects:  94% (222/236)        
2025-09-22T22:26:48.0221161Z remote: Counting objects:  95% (225/236)        
2025-09-22T22:26:48.0221706Z remote: Counting objects:  96% (227/236)        
2025-09-22T22:26:48.0222247Z remote: Counting objects:  97% (229/236)        
2025-09-22T22:26:48.0222777Z remote: Counting objects:  98% (232/236)        
2025-09-22T22:26:48.0223319Z remote: Counting objects:  99% (234/236)        
2025-09-22T22:26:48.0223859Z remote: Counting objects: 100% (236/236)        
2025-09-22T22:26:48.0224430Z remote: Counting objects: 100% (236/236), done.        
2025-09-22T22:26:48.0225037Z remote: Compressing objects:   0% (1/227)        
2025-09-22T22:26:48.0225728Z remote: Compressing objects:   1% (3/227)        
2025-09-22T22:26:48.0226303Z remote: Compressing objects:   2% (5/227)        
2025-09-22T22:26:48.0226852Z remote: Compressing objects:   3% (7/227)        
2025-09-22T22:26:48.0227409Z remote: Compressing objects:   4% (10/227)        
2025-09-22T22:26:48.0227968Z remote: Compressing objects:   5% (12/227)        
2025-09-22T22:26:48.0228522Z remote: Compressing objects:   6% (14/227)        
2025-09-22T22:26:48.0229075Z remote: Compressing objects:   7% (16/227)        
2025-09-22T22:26:48.0229654Z remote: Compressing objects:   8% (19/227)        
2025-09-22T22:26:48.0230222Z remote: Compressing objects:   9% (21/227)        
2025-09-22T22:26:48.0230942Z remote: Compressing objects:  10% (23/227)        
2025-09-22T22:26:48.0231533Z remote: Compressing objects:  11% (25/227)        
2025-09-22T22:26:48.0232097Z remote: Compressing objects:  12% (28/227)        
2025-09-22T22:26:48.0232707Z remote: Compressing objects:  13% (30/227)        
2025-09-22T22:26:48.0233270Z remote: Compressing objects:  14% (32/227)        
2025-09-22T22:26:48.0233825Z remote: Compressing objects:  15% (35/227)        
2025-09-22T22:26:48.0234384Z remote: Compressing objects:  16% (37/227)        
2025-09-22T22:26:48.0234951Z remote: Compressing objects:  17% (39/227)        
2025-09-22T22:26:48.0235531Z remote: Compressing objects:  18% (41/227)        
2025-09-22T22:26:48.0311004Z remote: Compressing objects:  19% (44/227)        
2025-09-22T22:26:48.0312042Z remote: Compressing objects:  20% (46/227)        
2025-09-22T22:26:48.0312969Z remote: Compressing objects:  21% (48/227)        
2025-09-22T22:26:48.0313799Z remote: Compressing objects:  22% (50/227)        
2025-09-22T22:26:48.0314594Z remote: Compressing objects:  23% (53/227)        
2025-09-22T22:26:48.0315155Z remote: Compressing objects:  24% (55/227)        
2025-09-22T22:26:48.0315726Z remote: Compressing objects:  25% (57/227)        
2025-09-22T22:26:48.0316294Z remote: Compressing objects:  26% (60/227)        
2025-09-22T22:26:48.0317189Z remote: Compressing objects:  27% (62/227)        
2025-09-22T22:26:48.0318196Z remote: Compressing objects:  28% (64/227)        
2025-09-22T22:26:48.0319245Z remote: Compressing objects:  29% (66/227)        
2025-09-22T22:26:48.0320074Z remote: Compressing objects:  30% (69/227)        
2025-09-22T22:26:48.0321404Z remote: Compressing objects:  31% (71/227)        
2025-09-22T22:26:48.0322532Z remote: Compressing objects:  32% (73/227)        
2025-09-22T22:26:48.0323590Z remote: Compressing objects:  33% (75/227)        
2025-09-22T22:26:48.0324599Z remote: Compressing objects:  34% (78/227)        
2025-09-22T22:26:48.0325755Z remote: Compressing objects:  35% (80/227)        
2025-09-22T22:26:48.0326896Z remote: Compressing objects:  36% (82/227)        
2025-09-22T22:26:48.0327715Z remote: Compressing objects:  37% (84/227)        
2025-09-22T22:26:48.0328285Z remote: Compressing objects:  38% (87/227)        
2025-09-22T22:26:48.0328852Z remote: Compressing objects:  39% (89/227)        
2025-09-22T22:26:48.0329420Z remote: Compressing objects:  40% (91/227)        
2025-09-22T22:26:48.0329981Z remote: Compressing objects:  41% (94/227)        
2025-09-22T22:26:48.0330542Z remote: Compressing objects:  42% (96/227)        
2025-09-22T22:26:48.0331291Z remote: Compressing objects:  43% (98/227)        
2025-09-22T22:26:48.0331856Z remote: Compressing objects:  44% (100/227)        
2025-09-22T22:26:48.0332419Z remote: Compressing objects:  45% (103/227)        
2025-09-22T22:26:48.0332982Z remote: Compressing objects:  46% (105/227)        
2025-09-22T22:26:48.0333589Z remote: Compressing objects:  47% (107/227)        
2025-09-22T22:26:48.0334143Z remote: Compressing objects:  48% (109/227)        
2025-09-22T22:26:48.0334705Z remote: Compressing objects:  49% (112/227)        
2025-09-22T22:26:48.0335255Z remote: Compressing objects:  50% (114/227)        
2025-09-22T22:26:48.0335827Z remote: Compressing objects:  51% (116/227)        
2025-09-22T22:26:48.0336381Z remote: Compressing objects:  52% (119/227)        
2025-09-22T22:26:48.0337114Z remote: Compressing objects:  53% (121/227)        
2025-09-22T22:26:48.0337689Z remote: Compressing objects:  54% (123/227)        
2025-09-22T22:26:48.0338254Z remote: Compressing objects:  55% (125/227)        
2025-09-22T22:26:48.0338810Z remote: Compressing objects:  56% (128/227)        
2025-09-22T22:26:48.0339365Z remote: Compressing objects:  57% (130/227)        
2025-09-22T22:26:48.0339923Z remote: Compressing objects:  58% (132/227)        
2025-09-22T22:26:48.0340488Z remote: Compressing objects:  59% (134/227)        
2025-09-22T22:26:48.0341169Z remote: Compressing objects:  60% (137/227)        
2025-09-22T22:26:48.0341742Z remote: Compressing objects:  61% (139/227)        
2025-09-22T22:26:48.0342304Z remote: Compressing objects:  62% (141/227)        
2025-09-22T22:26:48.0342864Z remote: Compressing objects:  63% (144/227)        
2025-09-22T22:26:48.0343418Z remote: Compressing objects:  64% (146/227)        
2025-09-22T22:26:48.0343986Z remote: Compressing objects:  65% (148/227)        
2025-09-22T22:26:48.0344555Z remote: Compressing objects:  66% (150/227)        
2025-09-22T22:26:48.0345132Z remote: Compressing objects:  67% (153/227)        
2025-09-22T22:26:48.0345690Z remote: Compressing objects:  68% (155/227)        
2025-09-22T22:26:48.0346257Z remote: Compressing objects:  69% (157/227)        
2025-09-22T22:26:48.0346807Z remote: Compressing objects:  70% (159/227)        
2025-09-22T22:26:48.0347368Z remote: Compressing objects:  71% (162/227)        
2025-09-22T22:26:48.0348131Z remote: Compressing objects:  72% (164/227)        
2025-09-22T22:26:48.0348717Z remote: Compressing objects:  73% (166/227)        
2025-09-22T22:26:48.0349717Z remote: Compressing objects:  74% (168/227)        
2025-09-22T22:26:48.0350851Z remote: Compressing objects:  75% (171/227)        
2025-09-22T22:26:48.0351673Z remote: Compressing objects:  76% (173/227)        
2025-09-22T22:26:48.0352232Z remote: Compressing objects:  77% (175/227)        
2025-09-22T22:26:48.0352805Z remote: Compressing objects:  78% (178/227)        
2025-09-22T22:26:48.0353366Z remote: Compressing objects:  79% (180/227)        
2025-09-22T22:26:48.0353914Z remote: Compressing objects:  80% (182/227)        
2025-09-22T22:26:48.0354473Z remote: Compressing objects:  81% (184/227)        
2025-09-22T22:26:48.0355039Z remote: Compressing objects:  82% (187/227)        
2025-09-22T22:26:48.0355609Z remote: Compressing objects:  83% (189/227)        
2025-09-22T22:26:48.0356172Z remote: Compressing objects:  84% (191/227)        
2025-09-22T22:26:48.0356739Z remote: Compressing objects:  85% (193/227)        
2025-09-22T22:26:48.0357315Z remote: Compressing objects:  86% (196/227)        
2025-09-22T22:26:48.0358154Z remote: Compressing objects:  87% (198/227)        
2025-09-22T22:26:48.0358773Z remote: Compressing objects:  88% (200/227)        
2025-09-22T22:26:48.0359359Z remote: Compressing objects:  89% (203/227)        
2025-09-22T22:26:48.0359916Z remote: Compressing objects:  90% (205/227)        
2025-09-22T22:26:48.0360491Z remote: Compressing objects:  91% (207/227)        
2025-09-22T22:26:48.0361178Z remote: Compressing objects:  92% (209/227)        
2025-09-22T22:26:48.0361772Z remote: Compressing objects:  93% (212/227)        
2025-09-22T22:26:48.0362337Z remote: Compressing objects:  94% (214/227)        
2025-09-22T22:26:48.0362898Z remote: Compressing objects:  95% (216/227)        
2025-09-22T22:26:48.0363459Z remote: Compressing objects:  96% (218/227)        
2025-09-22T22:26:48.0364020Z remote: Compressing objects:  97% (221/227)        
2025-09-22T22:26:48.0364613Z remote: Compressing objects:  98% (223/227)        
2025-09-22T22:26:48.0365181Z remote: Compressing objects:  99% (225/227)        
2025-09-22T22:26:48.0365739Z remote: Compressing objects: 100% (227/227)        
2025-09-22T22:26:48.0366350Z remote: Compressing objects: 100% (227/227), done.        
2025-09-22T22:26:48.2338146Z Receiving objects:   0% (1/236)
2025-09-22T22:26:48.2341709Z Receiving objects:   1% (3/236)
2025-09-22T22:26:48.2345304Z Receiving objects:   2% (5/236)
2025-09-22T22:26:48.2346331Z Receiving objects:   3% (8/236)
2025-09-22T22:26:48.2347247Z Receiving objects:   4% (10/236)
2025-09-22T22:26:48.2348146Z Receiving objects:   5% (12/236)
2025-09-22T22:26:48.2349064Z Receiving objects:   6% (15/236)
2025-09-22T22:26:48.2350152Z Receiving objects:   7% (17/236)
2025-09-22T22:26:48.2351380Z Receiving objects:   8% (19/236)
2025-09-22T22:26:48.2351994Z Receiving objects:   9% (22/236)
2025-09-22T22:26:48.2353007Z Receiving objects:  10% (24/236)
2025-09-22T22:26:48.2354066Z Receiving objects:  11% (26/236)
2025-09-22T22:26:48.2354811Z Receiving objects:  12% (29/236)
2025-09-22T22:26:48.2355790Z Receiving objects:  13% (31/236)
2025-09-22T22:26:48.2356620Z Receiving objects:  14% (34/236)
2025-09-22T22:26:48.2357568Z Receiving objects:  15% (36/236)
2025-09-22T22:26:48.2358458Z Receiving objects:  16% (38/236)
2025-09-22T22:26:48.2359292Z Receiving objects:  17% (41/236)
2025-09-22T22:26:48.2360129Z Receiving objects:  18% (43/236)
2025-09-22T22:26:48.2361133Z Receiving objects:  19% (45/236)
2025-09-22T22:26:48.2361968Z Receiving objects:  20% (48/236)
2025-09-22T22:26:48.2362826Z Receiving objects:  21% (50/236)
2025-09-22T22:26:48.2363637Z Receiving objects:  22% (52/236)
2025-09-22T22:26:48.2364455Z Receiving objects:  23% (55/236)
2025-09-22T22:26:48.2365272Z Receiving objects:  24% (57/236)
2025-09-22T22:26:48.2366083Z Receiving objects:  25% (59/236)
2025-09-22T22:26:48.2366896Z Receiving objects:  26% (62/236)
2025-09-22T22:26:48.2367717Z Receiving objects:  27% (64/236)
2025-09-22T22:26:48.2368551Z Receiving objects:  28% (67/236)
2025-09-22T22:26:48.2369749Z Receiving objects:  29% (69/236)
2025-09-22T22:26:48.2370856Z Receiving objects:  30% (71/236)
2025-09-22T22:26:48.2371755Z Receiving objects:  31% (74/236)
2025-09-22T22:26:48.2372612Z Receiving objects:  32% (76/236)
2025-09-22T22:26:48.2373483Z Receiving objects:  33% (78/236)
2025-09-22T22:26:48.2374366Z Receiving objects:  34% (81/236)
2025-09-22T22:26:48.2375265Z Receiving objects:  35% (83/236)
2025-09-22T22:26:48.2376124Z Receiving objects:  36% (85/236)
2025-09-22T22:26:48.2376923Z Receiving objects:  37% (88/236)
2025-09-22T22:26:48.2377785Z Receiving objects:  38% (90/236)
2025-09-22T22:26:48.2378639Z Receiving objects:  39% (93/236)
2025-09-22T22:26:48.2379462Z Receiving objects:  40% (95/236)
2025-09-22T22:26:48.2380279Z Receiving objects:  41% (97/236)
2025-09-22T22:26:48.2381282Z Receiving objects:  42% (100/236)
2025-09-22T22:26:48.2382144Z Receiving objects:  43% (102/236)
2025-09-22T22:26:48.2382977Z Receiving objects:  44% (104/236)
2025-09-22T22:26:48.2383793Z Receiving objects:  45% (107/236)
2025-09-22T22:26:48.2384638Z Receiving objects:  46% (109/236)
2025-09-22T22:26:48.2385498Z Receiving objects:  47% (111/236)
2025-09-22T22:26:48.2386339Z Receiving objects:  48% (114/236)
2025-09-22T22:26:48.2387197Z Receiving objects:  49% (116/236)
2025-09-22T22:26:48.2388050Z Receiving objects:  50% (118/236)
2025-09-22T22:26:48.2388917Z Receiving objects:  51% (121/236)
2025-09-22T22:26:48.2389867Z Receiving objects:  52% (123/236)
2025-09-22T22:26:48.2391056Z Receiving objects:  53% (126/236)
2025-09-22T22:26:48.2392090Z Receiving objects:  54% (128/236)
2025-09-22T22:26:48.2392993Z Receiving objects:  55% (130/236)
2025-09-22T22:26:48.2394174Z Receiving objects:  56% (133/236)
2025-09-22T22:26:48.2395407Z Receiving objects:  57% (135/236)
2025-09-22T22:26:48.2396459Z Receiving objects:  58% (137/236)
2025-09-22T22:26:48.2397561Z Receiving objects:  59% (140/236)
2025-09-22T22:26:48.2398537Z Receiving objects:  60% (142/236)
2025-09-22T22:26:48.2399085Z Receiving objects:  61% (144/236)
2025-09-22T22:26:48.2399702Z Receiving objects:  62% (147/236)
2025-09-22T22:26:48.2400946Z Receiving objects:  63% (149/236)
2025-09-22T22:26:48.2401677Z Receiving objects:  64% (152/236)
2025-09-22T22:26:48.2402326Z Receiving objects:  65% (154/236)
2025-09-22T22:26:48.2403214Z Receiving objects:  66% (156/236)
2025-09-22T22:26:48.2403941Z Receiving objects:  67% (159/236)
2025-09-22T22:26:48.2404531Z Receiving objects:  68% (161/236)
2025-09-22T22:26:48.2405483Z Receiving objects:  69% (163/236)
2025-09-22T22:26:48.2406010Z Receiving objects:  70% (166/236)
2025-09-22T22:26:48.2406686Z Receiving objects:  71% (168/236)
2025-09-22T22:26:48.2407536Z Receiving objects:  72% (170/236)
2025-09-22T22:26:48.2408537Z Receiving objects:  73% (173/236)
2025-09-22T22:26:48.2409617Z Receiving objects:  74% (175/236)
2025-09-22T22:26:48.2410205Z Receiving objects:  75% (177/236)
2025-09-22T22:26:48.2411175Z remote: Total 236 (delta 5), reused 119 (delta 2), pack-reused 0 (from 0)        
2025-09-22T22:26:48.2412420Z Receiving objects:  76% (180/236)
2025-09-22T22:26:48.2413378Z Receiving objects:  77% (182/236)
2025-09-22T22:26:48.2413954Z Receiving objects:  78% (185/236)
2025-09-22T22:26:48.2414452Z Receiving objects:  79% (187/236)
2025-09-22T22:26:48.2415201Z Receiving objects:  80% (189/236)
2025-09-22T22:26:48.2416259Z Receiving objects:  81% (192/236)
2025-09-22T22:26:48.2417313Z Receiving objects:  82% (194/236)
2025-09-22T22:26:48.2418380Z Receiving objects:  83% (196/236)
2025-09-22T22:26:48.2419444Z Receiving objects:  84% (199/236)
2025-09-22T22:26:48.2420301Z Receiving objects:  85% (201/236)
2025-09-22T22:26:48.2421140Z Receiving objects:  86% (203/236)
2025-09-22T22:26:48.2421864Z Receiving objects:  87% (206/236)
2025-09-22T22:26:48.2422521Z Receiving objects:  88% (208/236)
2025-09-22T22:26:48.2423420Z Receiving objects:  89% (211/236)
2025-09-22T22:26:48.2424239Z Receiving objects:  90% (213/236)
2025-09-22T22:26:48.2425091Z Receiving objects:  91% (215/236)
2025-09-22T22:26:48.2425913Z Receiving objects:  92% (218/236)
2025-09-22T22:26:48.2427198Z Receiving objects:  93% (220/236)
2025-09-22T22:26:48.2428239Z Receiving objects:  94% (222/236)
2025-09-22T22:26:48.2429179Z Receiving objects:  95% (225/236)
2025-09-22T22:26:48.2430331Z Receiving objects:  96% (227/236)
2025-09-22T22:26:48.2431567Z Receiving objects:  97% (229/236)
2025-09-22T22:26:48.2432564Z Receiving objects:  98% (232/236)
2025-09-22T22:26:48.2433498Z Receiving objects:  99% (234/236)
2025-09-22T22:26:48.2434408Z Receiving objects: 100% (236/236)
2025-09-22T22:26:48.2435287Z Receiving objects: 100% (236/236), 176.28 KiB | 17.63 MiB/s, done.
2025-09-22T22:26:48.2436127Z Resolving deltas:   0% (0/5)
2025-09-22T22:26:48.2436654Z Resolving deltas:  20% (1/5)
2025-09-22T22:26:48.2437135Z Resolving deltas:  40% (2/5)
2025-09-22T22:26:48.2437608Z Resolving deltas:  60% (3/5)
2025-09-22T22:26:48.2438073Z Resolving deltas:  80% (4/5)
2025-09-22T22:26:48.2438541Z Resolving deltas: 100% (5/5)
2025-09-22T22:26:48.2439010Z Resolving deltas: 100% (5/5), done.
2025-09-22T22:26:48.2506797Z From https://github.com/PyCQA/flake8
2025-09-22T22:26:48.2507625Z  * [new ref]         d45bdc05ceb92b750788be9036d0538d1d128b25 -> origin/main
2025-09-22T22:26:48.2541599Z ##[endgroup]
2025-09-22T22:26:48.2543117Z ##[group]Determining the checkout info
2025-09-22T22:26:48.2544713Z ##[endgroup]
2025-09-22T22:26:48.2546004Z ##[group]Checking out the ref
2025-09-22T22:26:48.2549671Z [command]/usr/bin/git checkout --progress --force -B main refs/remotes/origin/main
2025-09-22T22:26:48.2686792Z Switched to a new branch 'main'
2025-09-22T22:26:48.2688777Z branch 'main' set up to track 'origin/main'.
2025-09-22T22:26:48.2694611Z ##[endgroup]
2025-09-22T22:26:48.2728903Z [command]/usr/bin/git log -1 --format='%H'
2025-09-22T22:26:48.2751583Z 'd45bdc05ceb92b750788be9036d0538d1d128b25'
2025-09-22T22:26:48.2981343Z ##[group]Run actions/setup-python@v2
2025-09-22T22:26:48.2981950Z with:
2025-09-22T22:26:48.2982339Z   python-version: 3.11
2025-09-22T22:26:48.2982939Z   token: ***
2025-09-22T22:26:48.2983360Z ##[endgroup]
2025-09-22T22:26:48.4576903Z Successfully setup CPython (3.11.13)
2025-09-22T22:26:48.4700525Z ##[group]Run python -mpip install --upgrade setuptools pip tox virtualenv
2025-09-22T22:26:48.4702868Z [36;1mpython -mpip install --upgrade setuptools pip tox virtualenv[0m
2025-09-22T22:26:48.4901811Z shell: /usr/bin/bash -e {0}
2025-09-22T22:26:48.4964518Z env:
2025-09-22T22:26:48.4965709Z   pythonLocation: /opt/hostedtoolcache/Python/3.11.13/x64
2025-09-22T22:26:48.4967367Z   LD_LIBRARY_PATH: /opt/hostedtoolcache/Python/3.11.13/x64/lib
2025-09-22T22:26:48.4968736Z ##[endgroup]
2025-09-22T22:26:54.3288271Z Requirement already satisfied: setuptools in /opt/hostedtoolcache/Python/3.11.13/x64/lib/python3.11/site-packages (65.5.0)
2025-09-22T22:26:54.5167163Z Collecting setuptools
2025-09-22T22:26:54.5521713Z   Downloading setuptools-80.9.0-py3-none-any.whl.metadata (6.6 kB)
2025-09-22T22:26:54.5632674Z Requirement already satisfied: pip in /opt/hostedtoolcache/Python/3.11.13/x64/lib/python3.11/site-packages (25.2)
2025-09-22T22:26:54.6331819Z Collecting tox
2025-09-22T22:26:54.6369332Z   Downloading tox-4.30.2-py3-none-any.whl.metadata (3.6 kB)
2025-09-22T22:26:54.6865031Z Collecting virtualenv
2025-09-22T22:26:54.6911743Z   Downloading virtualenv-20.34.0-py3-none-any.whl.metadata (4.6 kB)
2025-09-22T22:26:54.7281055Z Collecting cachetools>=6.1 (from tox)
2025-09-22T22:26:54.7319058Z   Downloading cachetools-6.2.0-py3-none-any.whl.metadata (5.4 kB)
2025-09-22T22:26:54.7456811Z Collecting chardet>=5.2 (from tox)
2025-09-22T22:26:54.7492962Z   Downloading chardet-5.2.0-py3-none-any.whl.metadata (3.4 kB)
2025-09-22T22:26:54.7648900Z Collecting colorama>=0.4.6 (from tox)
2025-09-22T22:26:54.7687605Z   Downloading colorama-0.4.6-py2.py3-none-any.whl.metadata (17 kB)
2025-09-22T22:26:54.7888752Z Collecting filelock>=3.18 (from tox)
2025-09-22T22:26:54.7935281Z   Downloading filelock-3.19.1-py3-none-any.whl.metadata (2.1 kB)
2025-09-22T22:26:54.8095618Z Collecting packaging>=25 (from tox)
2025-09-22T22:26:54.8129775Z   Downloading packaging-25.0-py3-none-any.whl.metadata (3.3 kB)
2025-09-22T22:26:54.8284589Z Collecting platformdirs>=4.3.8 (from tox)
2025-09-22T22:26:54.8320156Z   Downloading platformdirs-4.4.0-py3-none-any.whl.metadata (12 kB)
2025-09-22T22:26:54.8469549Z Collecting pluggy>=1.6 (from tox)
2025-09-22T22:26:54.8510558Z   Downloading pluggy-1.6.0-py3-none-any.whl.metadata (4.8 kB)
2025-09-22T22:26:54.8648851Z Collecting pyproject-api>=1.9.1 (from tox)
2025-09-22T22:26:54.8685299Z   Downloading pyproject_api-1.9.1-py3-none-any.whl.metadata (2.7 kB)
2025-09-22T22:26:54.8914282Z Collecting distlib<1,>=0.3.7 (from virtualenv)
2025-09-22T22:26:54.8947934Z   Downloading distlib-0.4.0-py2.py3-none-any.whl.metadata (5.2 kB)
2025-09-22T22:26:54.9139039Z Downloading setuptools-80.9.0-py3-none-any.whl (1.2 MB)
2025-09-22T22:26:54.9290048Z    ━━━━━━━━━━━━━━━━━━━━━━━━━━━━━━━━━━━━━━━━ 1.2/1.2 MB 108.6 MB/s  0:00:00
2025-09-22T22:26:54.9331516Z Downloading tox-4.30.2-py3-none-any.whl (175 kB)
2025-09-22T22:26:54.9415157Z Downloading virtualenv-20.34.0-py3-none-any.whl (6.0 MB)
2025-09-22T22:26:54.9837237Z    ━━━━━━━━━━━━━━━━━━━━━━━━━━━━━━━━━━━━━━━━ 6.0/6.0 MB 149.5 MB/s  0:00:00
2025-09-22T22:26:54.9879054Z Downloading distlib-0.4.0-py2.py3-none-any.whl (469 kB)
2025-09-22T22:26:54.9957804Z Downloading filelock-3.19.1-py3-none-any.whl (15 kB)
2025-09-22T22:26:55.0024232Z Downloading platformdirs-4.4.0-py3-none-any.whl (18 kB)
2025-09-22T22:26:55.0078086Z Downloading cachetools-6.2.0-py3-none-any.whl (11 kB)
2025-09-22T22:26:55.0138597Z Downloading chardet-5.2.0-py3-none-any.whl (199 kB)
2025-09-22T22:26:55.0206182Z Downloading colorama-0.4.6-py2.py3-none-any.whl (25 kB)
2025-09-22T22:26:55.0266738Z Downloading packaging-25.0-py3-none-any.whl (66 kB)
2025-09-22T22:26:55.0321622Z Downloading pluggy-1.6.0-py3-none-any.whl (20 kB)
2025-09-22T22:26:55.0376034Z Downloading pyproject_api-1.9.1-py3-none-any.whl (13 kB)
2025-09-22T22:26:55.1409657Z Installing collected packages: distlib, setuptools, pluggy, platformdirs, packaging, filelock, colorama, chardet, cachetools, virtualenv, pyproject-api, tox
2025-09-22T22:26:55.2174688Z   Attempting uninstall: setuptools
2025-09-22T22:26:55.2190846Z     Found existing installation: setuptools 65.5.0
2025-09-22T22:26:55.6268040Z     Uninstalling setuptools-65.5.0:
2025-09-22T22:26:55.8613536Z       Successfully uninstalled setuptools-65.5.0
2025-09-22T22:26:57.1585915Z 
2025-09-22T22:26:57.1599316Z Successfully installed cachetools-6.2.0 chardet-5.2.0 colorama-0.4.6 distlib-0.4.0 filelock-3.19.1 packaging-25.0 platformdirs-4.4.0 pluggy-1.6.0 pyproject-api-1.9.1 setuptools-80.9.0 tox-4.30.2 virtualenv-20.34.0
2025-09-22T22:26:57.2927313Z ##[group]Run tox -e py
2025-09-22T22:26:57.2927570Z [36;1mtox -e py[0m
2025-09-22T22:26:57.2959412Z shell: /usr/bin/bash -e {0}
2025-09-22T22:26:57.2959628Z env:
2025-09-22T22:26:57.2959876Z   pythonLocation: /opt/hostedtoolcache/Python/3.11.13/x64
2025-09-22T22:26:57.2960244Z   LD_LIBRARY_PATH: /opt/hostedtoolcache/Python/3.11.13/x64/lib
2025-09-22T22:26:57.2960565Z ##[endgroup]
2025-09-22T22:26:58.3279864Z py: install_deps> python -I -m pip install covdefaults 'coverage>=6' 'pytest!=3.0.5,!=5.2.3'
2025-09-22T22:27:01.4640362Z .pkg: install_requires> python -I -m pip install 'setuptools>=40.8.0'
2025-09-22T22:27:02.7532680Z .pkg: _optional_hooks> python /opt/hostedtoolcache/Python/3.11.13/x64/lib/python3.11/site-packages/pyproject_api/_backend.py True setuptools.build_meta __legacy__
2025-09-22T22:27:03.1391101Z .pkg: get_requires_for_build_sdist> python /opt/hostedtoolcache/Python/3.11.13/x64/lib/python3.11/site-packages/pyproject_api/_backend.py True setuptools.build_meta __legacy__
2025-09-22T22:27:03.3460020Z .pkg: get_requires_for_build_wheel> python /opt/hostedtoolcache/Python/3.11.13/x64/lib/python3.11/site-packages/pyproject_api/_backend.py True setuptools.build_meta __legacy__
2025-09-22T22:27:03.5278708Z .pkg: freeze> python -m pip freeze --all
2025-09-22T22:27:03.7388384Z .pkg: pip==25.2,setuptools==80.9.0
2025-09-22T22:27:03.7393727Z .pkg: prepare_metadata_for_build_wheel> python /opt/hostedtoolcache/Python/3.11.13/x64/lib/python3.11/site-packages/pyproject_api/_backend.py True setuptools.build_meta __legacy__
2025-09-22T22:27:03.9693908Z .pkg: build_sdist> python /opt/hostedtoolcache/Python/3.11.13/x64/lib/python3.11/site-packages/pyproject_api/_backend.py True setuptools.build_meta __legacy__
2025-09-22T22:27:04.1898481Z py: install_package_deps> python -I -m pip install 'mccabe<0.8.0,>=0.7.0' 'pycodestyle<2.15.0,>=2.14.0' 'pyflakes<3.5.0,>=3.4.0'
2025-09-22T22:27:05.3113933Z py: install_package> python -I -m pip install --force-reinstall --no-deps /home/runner/work/flake8/flake8/.tox/.tmp/package/1/flake8-7.3.0.tar.gz
2025-09-22T22:27:07.1571362Z py: freeze> python -m pip freeze --all
2025-09-22T22:27:07.3679738Z py: covdefaults==2.3.0,coverage==7.10.7,flake8 @ file:///home/runner/work/flake8/flake8/.tox/.tmp/package/1/flake8-7.3.0.tar.gz#sha256=fcc6e5ae52478dc0dc567c8f1483b2e437d42e362a18596e2c7c5a1f353ecfc2,iniconfig==2.1.0,mccabe==0.7.0,packaging==25.0,pip==25.2,pluggy==1.6.0,pycodestyle==2.14.0,pyflakes==3.4.0,Pygments==2.19.2,pytest==8.4.2,setuptools==80.9.0
2025-09-22T22:27:07.3683453Z py: commands[0]> coverage run -m pytest
2025-09-22T22:27:09.5813540Z ============================= test session starts ==============================
2025-09-22T22:27:09.5814769Z platform linux -- Python 3.11.13, pytest-8.4.2, pluggy-1.6.0
2025-09-22T22:27:09.5815187Z cachedir: .tox/py/.pytest_cache
2025-09-22T22:27:09.5815489Z rootdir: /home/runner/work/flake8/flake8
2025-09-22T22:27:09.5815810Z configfile: pytest.ini
2025-09-22T22:27:09.5816059Z collected 466 items
2025-09-22T22:27:09.5816232Z 
2025-09-22T22:27:09.6014888Z tests/integration/test_aggregator.py ..                                  [  0%]
2025-09-22T22:27:09.6276138Z tests/integration/test_api_legacy.py .                                   [  0%]
2025-09-22T22:27:09.7413634Z tests/integration/test_checker.py ......................                 [  5%]
2025-09-22T22:27:10.2034495Z tests/integration/test_main.py .......................                   [ 10%]
2025-09-22T22:27:10.3840479Z tests/integration/test_plugins.py ........x                              [ 12%]
2025-09-22T22:27:10.4448761Z tests/unit/plugins/finder_test.py .............................          [ 18%]
2025-09-22T22:27:10.4489908Z tests/unit/plugins/pycodestyle_test.py .                                 [ 18%]
2025-09-22T22:27:10.4569774Z tests/unit/plugins/reporter_test.py ......                               [ 19%]
2025-09-22T22:27:10.4675778Z tests/unit/test_application.py .......                                   [ 21%]
2025-09-22T22:27:10.5028271Z tests/unit/test_base_formatter.py ...................                    [ 25%]
2025-09-22T22:27:10.5255596Z tests/unit/test_checker_manager.py .....                                 [ 26%]
2025-09-22T22:27:10.5269739Z tests/unit/test_debug.py .                                               [ 26%]
2025-09-22T22:27:10.5775874Z tests/unit/test_decision_engine.py ..................................... [ 34%]
2025-09-22T22:27:10.6070134Z ..................                                                       [ 38%]
2025-09-22T22:27:10.6221016Z tests/unit/test_defaults.py .............                                [ 41%]
2025-09-22T22:27:10.6490470Z tests/unit/test_discover_files.py .............                          [ 44%]
2025-09-22T22:27:10.6534611Z tests/unit/test_exceptions.py ...                                        [ 44%]
2025-09-22T22:27:10.6594353Z tests/unit/test_file_checker.py ...                                      [ 45%]
2025-09-22T22:27:10.7775079Z tests/unit/test_file_processor.py ...................................... [ 53%]
2025-09-22T22:27:10.8158253Z ..............................                                           [ 60%]
2025-09-22T22:27:10.8194064Z tests/unit/test_filenameonly_formatter.py ...                            [ 60%]
2025-09-22T22:27:10.8546547Z tests/unit/test_legacy_api.py ..........                                 [ 62%]
2025-09-22T22:27:10.8584281Z tests/unit/test_main_options.py ..                                       [ 63%]
2025-09-22T22:27:10.8609271Z tests/unit/test_nothing_formatter.py ..                                  [ 63%]
2025-09-22T22:27:10.8666836Z tests/unit/test_option.py .....                                          [ 64%]
2025-09-22T22:27:10.8991787Z tests/unit/test_option_manager.py ..................                     [ 68%]
2025-09-22T22:27:10.9923641Z tests/unit/test_options_config.py ...........................            [ 74%]
2025-09-22T22:27:10.9958964Z tests/unit/test_pyflakes_codes.py ..                                     [ 74%]
2025-09-22T22:27:11.0218177Z tests/unit/test_statistics.py ...................                        [ 78%]
2025-09-22T22:27:11.2232690Z tests/unit/test_style_guide.py ....................                      [ 83%]
2025-09-22T22:27:11.2830571Z tests/unit/test_utils.py ............................................... [ 93%]
2025-09-22T22:27:11.2963486Z ..........                                                               [ 95%]
2025-09-22T22:27:11.3904463Z tests/unit/test_violation.py .....................                       [100%]
2025-09-22T22:27:11.3905147Z 
2025-09-22T22:27:11.3905408Z ======================== 465 passed, 1 xfailed in 2.79s ========================
2025-09-22T22:27:11.4605975Z py: commands[1]> coverage report
2025-09-22T22:27:12.0317937Z Name                                                                 Stmts   Miss Branch BrPart  Cover   Missing
2025-09-22T22:27:12.0318974Z ----------------------------------------------------------------------------------------------------------------
2025-09-22T22:27:12.0320201Z .tox/py/lib/python3.11/site-packages/flake8/__init__.py                 24      2      4      1    89%   58-59
2025-09-22T22:27:12.0321410Z .tox/py/lib/python3.11/site-packages/flake8/api/legacy.py               71      2      6      0    97%   211-212
2025-09-22T22:27:12.0322347Z .tox/py/lib/python3.11/site-packages/flake8/checker.py                 293     34     86      6    87%   68-73, 77-79, 209-210, 238-239, 337-338, 364-373, 384-411, 440, 516-517, 548
2025-09-22T22:27:12.0323287Z .tox/py/lib/python3.11/site-packages/flake8/formatting/base.py          63      0     20      1    99%   193->195
2025-09-22T22:27:12.0324255Z .tox/py/lib/python3.11/site-packages/flake8/main/application.py        129      7     14      1    94%   104-107, 210-211, 215
2025-09-22T22:27:12.0325109Z .tox/py/lib/python3.11/site-packages/flake8/options/aggregator.py       22      3      4      1    85%   42-44
2025-09-22T22:27:12.0326278Z .tox/py/lib/python3.11/site-packages/flake8/options/manager.py         120      1     36      1    99%   198
2025-09-22T22:27:12.0327115Z .tox/py/lib/python3.11/site-packages/flake8/plugins/pycodestyle.py      75      2     10      2    95%   100, 106
2025-09-22T22:27:12.0327959Z .tox/py/lib/python3.11/site-packages/flake8/plugins/pyflakes.py         27      1      4      1    94%   99
2025-09-22T22:27:12.0328775Z .tox/py/lib/python3.11/site-packages/flake8/processor.py               222      0     62      2    99%   226->232, 275->exit
2025-09-22T22:27:12.0329447Z ----------------------------------------------------------------------------------------------------------------
2025-09-22T22:27:12.0329907Z TOTAL                                                                 3737     52    488     16    98%
2025-09-22T22:27:12.0330154Z 
2025-09-22T22:27:12.0330271Z 60 files skipped due to complete coverage.
2025-09-22T22:27:12.0830272Z py: commands[2]> coverage report --fail-under 100 --include 'tests/*'
2025-09-22T22:27:12.4212100Z Name    Stmts   Miss Branch BrPart  Cover   Missing
2025-09-22T22:27:12.4212627Z ---------------------------------------------------
2025-09-22T22:27:12.4213039Z TOTAL    1875      0     30      0   100%
2025-09-22T22:27:12.4213285Z 
2025-09-22T22:27:12.4213447Z 38 files skipped due to complete coverage.
2025-09-22T22:27:12.4520067Z   py: OK (14.49=setup[9.41]+cmd[4.09,0.62,0.37] seconds)
2025-09-22T22:27:12.4520908Z   congratulations :) (14.52 seconds)
2025-09-22T22:27:12.4846036Z Post job cleanup.
2025-09-22T22:27:12.5944044Z Post job cleanup.
2025-09-22T22:27:12.6805298Z [command]/usr/bin/git version
2025-09-22T22:27:12.6842329Z git version 2.51.0
2025-09-22T22:27:12.6886174Z Temporarily overriding HOME='/home/runner/work/_temp/949e6640-60a9-4023-bbcd-ba43121ecda4' before making global git config changes
2025-09-22T22:27:12.6887497Z Adding repository directory to the temporary git global config as a safe directory
2025-09-22T22:27:12.6890844Z [command]/usr/bin/git config --global --add safe.directory /home/runner/work/flake8/flake8
2025-09-22T22:27:12.6922888Z [command]/usr/bin/git config --local --name-only --get-regexp core\.sshCommand
2025-09-22T22:27:12.6952608Z [command]/usr/bin/git submodule foreach --recursive sh -c "git config --local --name-only --get-regexp 'core\.sshCommand' && git config --local --unset-all 'core.sshCommand' || :"
2025-09-22T22:27:12.7174313Z [command]/usr/bin/git config --local --name-only --get-regexp http\.https\:\/\/github\.com\/\.extraheader
2025-09-22T22:27:12.7196059Z http.https://github.com/.extraheader
2025-09-22T22:27:12.7205750Z [command]/usr/bin/git config --local --unset-all http.https://github.com/.extraheader
2025-09-22T22:27:12.7235172Z [command]/usr/bin/git submodule foreach --recursive sh -c "git config --local --name-only --get-regexp 'http\.https\:\/\/github\.com\/\.extraheader' && git config --local --unset-all 'http.https://github.com/.extraheader' || :"
2025-09-22T22:27:12.7579440Z Cleaning up orphan processes
