2025-12-02T00:12:30.6027621Z Current runner version: '2.329.0'
2025-12-02T00:12:30.6056109Z ##[group]Runner Image Provisioner
2025-12-02T00:12:30.6057351Z Hosted Compute Agent
2025-12-02T00:12:30.6057989Z Version: 20251016.436
2025-12-02T00:12:30.6058594Z Commit: 8ab8ac8bfd662a3739dab9fe09456aba92132568
2025-12-02T00:12:30.6059289Z Build Date: 2025-10-15T20:44:12Z
2025-12-02T00:12:30.6059831Z ##[endgroup]
2025-12-02T00:12:30.6060529Z ##[group]Operating System
2025-12-02T00:12:30.6061199Z Ubuntu
2025-12-02T00:12:30.6061680Z 24.04.3
2025-12-02T00:12:30.6062209Z LTS
2025-12-02T00:12:30.6062686Z ##[endgroup]
2025-12-02T00:12:30.6063175Z ##[group]Runner Image
2025-12-02T00:12:30.6063775Z Image: ubuntu-24.04
2025-12-02T00:12:30.6064320Z Version: 20251112.124.1
2025-12-02T00:12:30.6065554Z Included Software: https://github.com/actions/runner-images/blob/ubuntu24/20251112.124/images/ubuntu/Ubuntu2404-Readme.md
2025-12-02T00:12:30.6067277Z Image Release: https://github.com/actions/runner-images/releases/tag/ubuntu24%2F20251112.124
2025-12-02T00:12:30.6068231Z ##[endgroup]
2025-12-02T00:12:30.6070857Z ##[group]GITHUB_TOKEN Permissions
2025-12-02T00:12:30.6073057Z Actions: write
2025-12-02T00:12:30.6073716Z ArtifactMetadata: write
2025-12-02T00:12:30.6074244Z Attestations: write
2025-12-02T00:12:30.6074763Z Checks: write
2025-12-02T00:12:30.6075255Z Contents: write
2025-12-02T00:12:30.6076084Z Deployments: write
2025-12-02T00:12:30.6076622Z Discussions: write
2025-12-02T00:12:30.6077216Z Issues: write
2025-12-02T00:12:30.6077727Z Metadata: read
2025-12-02T00:12:30.6078231Z Models: read
2025-12-02T00:12:30.6078773Z Packages: write
2025-12-02T00:12:30.6079269Z Pages: write
2025-12-02T00:12:30.6079804Z PullRequests: write
2025-12-02T00:12:30.6080336Z RepositoryProjects: write
2025-12-02T00:12:30.6081017Z SecurityEvents: write
2025-12-02T00:12:30.6081540Z Statuses: write
2025-12-02T00:12:30.6082091Z ##[endgroup]
2025-12-02T00:12:30.6084113Z Secret source: Actions
2025-12-02T00:12:30.6084823Z Prepare workflow directory
2025-12-02T00:12:30.6402544Z Prepare all required actions
2025-12-02T00:12:30.6441927Z Getting action download info
2025-12-02T00:12:30.9811022Z Download action repository 'actions/checkout@v4' (SHA:34e114876b0b11c390a56381ad16ebd13914f8d5)
2025-12-02T00:12:31.4664674Z Download action repository 'actions/setup-python@v5' (SHA:a26af69be951a213d495a4c3e4e4022e16d87065)
2025-12-02T00:12:31.6335670Z Complete job name: main (ubuntu-latest, 3.11, py)
2025-12-02T00:12:31.6941962Z ##[group]Run actions/checkout@v4
2025-12-02T00:12:31.6943146Z with:
2025-12-02T00:12:31.6943571Z   repository: PyCQA/flake8
2025-12-02T00:12:31.6944263Z   token: ***
2025-12-02T00:12:31.6944651Z   ssh-strict: true
2025-12-02T00:12:31.6945049Z   ssh-user: git
2025-12-02T00:12:31.6945737Z   persist-credentials: true
2025-12-02T00:12:31.6946206Z   clean: true
2025-12-02T00:12:31.6946618Z   sparse-checkout-cone-mode: true
2025-12-02T00:12:31.6947098Z   fetch-depth: 1
2025-12-02T00:12:31.6947487Z   fetch-tags: false
2025-12-02T00:12:31.6947890Z   show-progress: true
2025-12-02T00:12:31.6948324Z   lfs: false
2025-12-02T00:12:31.6948690Z   submodules: false
2025-12-02T00:12:31.6949099Z   set-safe-directory: true
2025-12-02T00:12:31.6949908Z ##[endgroup]
2025-12-02T00:12:31.8000026Z Syncing repository: PyCQA/flake8
2025-12-02T00:12:31.8001750Z ##[group]Getting Git version info
2025-12-02T00:12:31.8002486Z Working directory is '/home/runner/work/flake8/flake8'
2025-12-02T00:12:31.8003565Z [command]/usr/bin/git version
2025-12-02T00:12:31.8067152Z git version 2.51.2
2025-12-02T00:12:31.8092362Z ##[endgroup]
2025-12-02T00:12:31.8106295Z Temporarily overriding HOME='/home/runner/work/_temp/85b41e08-dc1f-4228-9d18-cde5dea29b09' before making global git config changes
2025-12-02T00:12:31.8107680Z Adding repository directory to the temporary git global config as a safe directory
2025-12-02T00:12:31.8110885Z [command]/usr/bin/git config --global --add safe.directory /home/runner/work/flake8/flake8
2025-12-02T00:12:31.8147275Z Deleting the contents of '/home/runner/work/flake8/flake8'
2025-12-02T00:12:31.8151077Z ##[group]Initializing the repository
2025-12-02T00:12:31.8155753Z [command]/usr/bin/git init /home/runner/work/flake8/flake8
2025-12-02T00:12:31.8244341Z hint: Using 'master' as the name for the initial branch. This default branch name
2025-12-02T00:12:31.8245822Z hint: is subject to change. To configure the initial branch name to use in all
2025-12-02T00:12:31.8247045Z hint: of your new repositories, which will suppress this warning, call:
2025-12-02T00:12:31.8248063Z hint:
2025-12-02T00:12:31.8248569Z hint: 	git config --global init.defaultBranch <name>
2025-12-02T00:12:31.8249594Z hint:
2025-12-02T00:12:31.8250607Z hint: Names commonly chosen instead of 'master' are 'main', 'trunk' and
2025-12-02T00:12:31.8252244Z hint: 'development'. The just-created branch can be renamed via this command:
2025-12-02T00:12:31.8253546Z hint:
2025-12-02T00:12:31.8254278Z hint: 	git branch -m <name>
2025-12-02T00:12:31.8255042Z hint:
2025-12-02T00:12:31.8256275Z hint: Disable this message with "git config set advice.defaultBranchName false"
2025-12-02T00:12:31.8257927Z Initialized empty Git repository in /home/runner/work/flake8/flake8/.git/
2025-12-02T00:12:31.8260909Z [command]/usr/bin/git remote add origin https://github.com/PyCQA/flake8
2025-12-02T00:12:31.8295515Z ##[endgroup]
2025-12-02T00:12:31.8296727Z ##[group]Disabling automatic garbage collection
2025-12-02T00:12:31.8300163Z [command]/usr/bin/git config --local gc.auto 0
2025-12-02T00:12:31.8328650Z ##[endgroup]
2025-12-02T00:12:31.8329859Z ##[group]Setting up auth
2025-12-02T00:12:31.8335928Z [command]/usr/bin/git config --local --name-only --get-regexp core\.sshCommand
2025-12-02T00:12:31.8365741Z [command]/usr/bin/git submodule foreach --recursive sh -c "git config --local --name-only --get-regexp 'core\.sshCommand' && git config --local --unset-all 'core.sshCommand' || :"
2025-12-02T00:12:31.8689727Z [command]/usr/bin/git config --local --name-only --get-regexp http\.https\:\/\/github\.com\/\.extraheader
2025-12-02T00:12:31.8718989Z [command]/usr/bin/git submodule foreach --recursive sh -c "git config --local --name-only --get-regexp 'http\.https\:\/\/github\.com\/\.extraheader' && git config --local --unset-all 'http.https://github.com/.extraheader' || :"
2025-12-02T00:12:31.8933816Z [command]/usr/bin/git config --local --name-only --get-regexp ^includeIf\.gitdir:
2025-12-02T00:12:31.8965153Z [command]/usr/bin/git submodule foreach --recursive git config --local --show-origin --name-only --get-regexp remote.origin.url
2025-12-02T00:12:31.9180640Z [command]/usr/bin/git config --local http.https://github.com/.extraheader AUTHORIZATION: basic ***
2025-12-02T00:12:31.9213539Z ##[endgroup]
2025-12-02T00:12:31.9214428Z ##[group]Fetching the repository
2025-12-02T00:12:31.9222445Z [command]/usr/bin/git -c protocol.version=2 fetch --no-tags --prune --no-recurse-submodules --depth=1 origin +a358fc3f6bffc32ecdd0d11c6b07597c8d1a01b5:refs/remotes/origin/main
2025-12-02T00:12:32.4163878Z From https://github.com/PyCQA/flake8
2025-12-02T00:12:32.4166001Z  * [new ref]         a358fc3f6bffc32ecdd0d11c6b07597c8d1a01b5 -> origin/main
2025-12-02T00:12:32.4203230Z ##[endgroup]
2025-12-02T00:12:32.4205027Z ##[group]Determining the checkout info
2025-12-02T00:12:32.4207210Z ##[endgroup]
2025-12-02T00:12:32.4211396Z [command]/usr/bin/git sparse-checkout disable
2025-12-02T00:12:32.4251152Z [command]/usr/bin/git config --local --unset-all extensions.worktreeConfig
2025-12-02T00:12:32.4277319Z ##[group]Checking out the ref
2025-12-02T00:12:32.4281463Z [command]/usr/bin/git checkout --progress --force -B main refs/remotes/origin/main
2025-12-02T00:12:32.4412906Z Switched to a new branch 'main'
2025-12-02T00:12:32.4416131Z branch 'main' set up to track 'origin/main'.
2025-12-02T00:12:32.4423032Z ##[endgroup]
2025-12-02T00:12:32.4454200Z [command]/usr/bin/git log -1 --format=%H
2025-12-02T00:12:32.4474831Z a358fc3f6bffc32ecdd0d11c6b07597c8d1a01b5
2025-12-02T00:12:32.4771586Z ##[group]Run actions/setup-python@v5
2025-12-02T00:12:32.4772701Z with:
2025-12-02T00:12:32.4773424Z   python-version: 3.11
2025-12-02T00:12:32.4774496Z   check-latest: false
2025-12-02T00:12:32.4775822Z   token: ***
2025-12-02T00:12:32.4776622Z   update-environment: true
2025-12-02T00:12:32.4777571Z   allow-prereleases: false
2025-12-02T00:12:32.4778492Z   freethreaded: false
2025-12-02T00:12:32.4779305Z ##[endgroup]
2025-12-02T00:12:32.6626854Z ##[group]Installed versions
2025-12-02T00:12:32.6732457Z Successfully set up CPython (3.11.14)
2025-12-02T00:12:32.6735564Z ##[endgroup]
2025-12-02T00:12:32.6919434Z ##[group]Run python -mpip install --upgrade setuptools pip tox virtualenv
2025-12-02T00:12:32.6921493Z [36;1mpython -mpip install --upgrade setuptools pip tox virtualenv[0m
2025-12-02T00:12:32.6969926Z shell: /usr/bin/bash -e {0}
2025-12-02T00:12:32.6970856Z env:
2025-12-02T00:12:32.6971816Z   pythonLocation: /opt/hostedtoolcache/Python/3.11.14/x64
2025-12-02T00:12:32.6973492Z   PKG_CONFIG_PATH: /opt/hostedtoolcache/Python/3.11.14/x64/lib/pkgconfig
2025-12-02T00:12:32.6975162Z   Python_ROOT_DIR: /opt/hostedtoolcache/Python/3.11.14/x64
2025-12-02T00:12:32.6976977Z   Python2_ROOT_DIR: /opt/hostedtoolcache/Python/3.11.14/x64
2025-12-02T00:12:32.6978459Z   Python3_ROOT_DIR: /opt/hostedtoolcache/Python/3.11.14/x64
2025-12-02T00:12:32.6979945Z   LD_LIBRARY_PATH: /opt/hostedtoolcache/Python/3.11.14/x64/lib
2025-12-02T00:12:32.6981145Z ##[endgroup]
2025-12-02T00:12:33.3027764Z Requirement already satisfied: setuptools in /opt/hostedtoolcache/Python/3.11.14/x64/lib/python3.11/site-packages (79.0.1)
2025-12-02T00:12:33.5603890Z Collecting setuptools
2025-12-02T00:12:33.6476721Z   Downloading setuptools-80.9.0-py3-none-any.whl.metadata (6.6 kB)
2025-12-02T00:12:33.6585013Z Requirement already satisfied: pip in /opt/hostedtoolcache/Python/3.11.14/x64/lib/python3.11/site-packages (25.3)
2025-12-02T00:12:33.7593818Z Collecting tox
2025-12-02T00:12:33.7730350Z   Downloading tox-4.32.0-py3-none-any.whl.metadata (3.5 kB)
2025-12-02T00:12:33.8357693Z Collecting virtualenv
2025-12-02T00:12:33.8509139Z   Downloading virtualenv-20.35.4-py3-none-any.whl.metadata (4.6 kB)
2025-12-02T00:12:33.8923426Z Collecting cachetools>=6.2 (from tox)
2025-12-02T00:12:33.9058470Z   Downloading cachetools-6.2.2-py3-none-any.whl.metadata (5.6 kB)
2025-12-02T00:12:33.9330263Z Collecting chardet>=5.2 (from tox)
2025-12-02T00:12:33.9476186Z   Downloading chardet-5.2.0-py3-none-any.whl.metadata (3.4 kB)
2025-12-02T00:12:33.9835821Z Collecting colorama>=0.4.6 (from tox)
2025-12-02T00:12:33.9986481Z   Downloading colorama-0.4.6-py2.py3-none-any.whl.metadata (17 kB)
2025-12-02T00:12:34.0457703Z Collecting filelock>=3.20 (from tox)
2025-12-02T00:12:34.0599770Z   Downloading filelock-3.20.0-py3-none-any.whl.metadata (2.1 kB)
2025-12-02T00:12:34.0904623Z Collecting packaging>=25 (from tox)
2025-12-02T00:12:34.1056097Z   Downloading packaging-25.0-py3-none-any.whl.metadata (3.3 kB)
2025-12-02T00:12:34.1356749Z Collecting platformdirs>=4.5 (from tox)
2025-12-02T00:12:34.1494317Z   Downloading platformdirs-4.5.0-py3-none-any.whl.metadata (12 kB)
2025-12-02T00:12:34.1760386Z Collecting pluggy>=1.6 (from tox)
2025-12-02T00:12:34.1907117Z   Downloading pluggy-1.6.0-py3-none-any.whl.metadata (4.8 kB)
2025-12-02T00:12:34.2150446Z Collecting pyproject-api>=1.9.1 (from tox)
2025-12-02T00:12:34.2284789Z   Downloading pyproject_api-1.10.0-py3-none-any.whl.metadata (2.7 kB)
2025-12-02T00:12:34.2632461Z Collecting distlib<1,>=0.3.7 (from virtualenv)
2025-12-02T00:12:34.2777705Z   Downloading distlib-0.4.0-py2.py3-none-any.whl.metadata (5.2 kB)
2025-12-02T00:12:34.3088657Z Downloading setuptools-80.9.0-py3-none-any.whl (1.2 MB)
2025-12-02T00:12:34.3707046Z    ━━━━━━━━━━━━━━━━━━━━━━━━━━━━━━━━━━━━━━━━ 1.2/1.2 MB 32.1 MB/s  0:00:00
2025-12-02T00:12:34.3854487Z Downloading tox-4.32.0-py3-none-any.whl (175 kB)
2025-12-02T00:12:34.4031282Z Downloading virtualenv-20.35.4-py3-none-any.whl (6.0 MB)
2025-12-02T00:12:34.4459108Z    ━━━━━━━━━━━━━━━━━━━━━━━━━━━━━━━━━━━━━━━━ 6.0/6.0 MB 144.1 MB/s  0:00:00
2025-12-02T00:12:34.4601629Z Downloading distlib-0.4.0-py2.py3-none-any.whl (469 kB)
2025-12-02T00:12:34.4786152Z Downloading filelock-3.20.0-py3-none-any.whl (16 kB)
2025-12-02T00:12:34.4947203Z Downloading platformdirs-4.5.0-py3-none-any.whl (18 kB)
2025-12-02T00:12:34.5098598Z Downloading cachetools-6.2.2-py3-none-any.whl (11 kB)
2025-12-02T00:12:34.5249498Z Downloading chardet-5.2.0-py3-none-any.whl (199 kB)
2025-12-02T00:12:34.5410681Z Downloading colorama-0.4.6-py2.py3-none-any.whl (25 kB)
2025-12-02T00:12:34.5742985Z Downloading packaging-25.0-py3-none-any.whl (66 kB)
2025-12-02T00:12:34.5916467Z Downloading pluggy-1.6.0-py3-none-any.whl (20 kB)
2025-12-02T00:12:34.6079466Z Downloading pyproject_api-1.10.0-py3-none-any.whl (13 kB)
2025-12-02T00:12:34.6498416Z Installing collected packages: distlib, setuptools, pluggy, platformdirs, packaging, filelock, colorama, chardet, cachetools, virtualenv, pyproject-api, tox
2025-12-02T00:12:34.7221771Z   Attempting uninstall: setuptools
2025-12-02T00:12:34.7237453Z     Found existing installation: setuptools 79.0.1
2025-12-02T00:12:35.0010196Z     Uninstalling setuptools-79.0.1:
2025-12-02T00:12:35.0650060Z       Successfully uninstalled setuptools-79.0.1
2025-12-02T00:12:36.2629788Z 
2025-12-02T00:12:36.2643699Z Successfully installed cachetools-6.2.2 chardet-5.2.0 colorama-0.4.6 distlib-0.4.0 filelock-3.20.0 packaging-25.0 platformdirs-4.5.0 pluggy-1.6.0 pyproject-api-1.10.0 setuptools-80.9.0 tox-4.32.0 virtualenv-20.35.4
2025-12-02T00:12:36.4460129Z ##[group]Run tox -e py
2025-12-02T00:12:36.4460401Z [36;1mtox -e py[0m
2025-12-02T00:12:36.4494965Z shell: /usr/bin/bash -e {0}
2025-12-02T00:12:36.4495206Z env:
2025-12-02T00:12:36.4495640Z   pythonLocation: /opt/hostedtoolcache/Python/3.11.14/x64
2025-12-02T00:12:36.4496088Z   PKG_CONFIG_PATH: /opt/hostedtoolcache/Python/3.11.14/x64/lib/pkgconfig
2025-12-02T00:12:36.4496502Z   Python_ROOT_DIR: /opt/hostedtoolcache/Python/3.11.14/x64
2025-12-02T00:12:36.4496869Z   Python2_ROOT_DIR: /opt/hostedtoolcache/Python/3.11.14/x64
2025-12-02T00:12:36.4497240Z   Python3_ROOT_DIR: /opt/hostedtoolcache/Python/3.11.14/x64
2025-12-02T00:12:36.4497624Z   LD_LIBRARY_PATH: /opt/hostedtoolcache/Python/3.11.14/x64/lib
2025-12-02T00:12:36.4497930Z ##[endgroup]
2025-12-02T00:12:37.3983183Z py: install_deps> python -I -m pip install covdefaults 'coverage>=6' 'pytest!=3.0.5,!=5.2.3'
2025-12-02T00:12:40.4698428Z .pkg: install_requires> python -I -m pip install 'setuptools>=40.8.0'
2025-12-02T00:12:41.2549307Z .pkg: _optional_hooks> python /opt/hostedtoolcache/Python/3.11.14/x64/lib/python3.11/site-packages/pyproject_api/_backend.py True setuptools.build_meta __legacy__
2025-12-02T00:12:41.7315113Z .pkg: get_requires_for_build_sdist> python /opt/hostedtoolcache/Python/3.11.14/x64/lib/python3.11/site-packages/pyproject_api/_backend.py True setuptools.build_meta __legacy__
2025-12-02T00:12:41.9376601Z .pkg: get_requires_for_build_wheel> python /opt/hostedtoolcache/Python/3.11.14/x64/lib/python3.11/site-packages/pyproject_api/_backend.py True setuptools.build_meta __legacy__
2025-12-02T00:12:42.1186118Z .pkg: freeze> python -m pip freeze --all
2025-12-02T00:12:42.3173484Z .pkg: pip==25.3,setuptools==80.9.0
2025-12-02T00:12:42.3177761Z .pkg: prepare_metadata_for_build_wheel> python /opt/hostedtoolcache/Python/3.11.14/x64/lib/python3.11/site-packages/pyproject_api/_backend.py True setuptools.build_meta __legacy__
2025-12-02T00:12:42.5367186Z .pkg: build_sdist> python /opt/hostedtoolcache/Python/3.11.14/x64/lib/python3.11/site-packages/pyproject_api/_backend.py True setuptools.build_meta __legacy__
2025-12-02T00:12:42.7554903Z py: install_package_deps> python -I -m pip install 'mccabe<0.8.0,>=0.7.0' 'pycodestyle<2.15.0,>=2.14.0' 'pyflakes<3.5.0,>=3.4.0'
2025-12-02T00:12:43.5383514Z py: install_package> python -I -m pip install --force-reinstall --no-deps /home/runner/work/flake8/flake8/.tox/.tmp/package/1/flake8-7.3.0.tar.gz
2025-12-02T00:12:45.3357705Z py: freeze> python -m pip freeze --all
2025-12-02T00:12:45.5373460Z py: covdefaults==2.3.0,coverage==7.12.0,flake8 @ file:///home/runner/work/flake8/flake8/.tox/.tmp/package/1/flake8-7.3.0.tar.gz#sha256=e9351364f108710e35ee23b17194b5a197fc3d7787c3be4aecf2d0121f65385d,iniconfig==2.3.0,mccabe==0.7.0,packaging==25.0,pip==25.3,pluggy==1.6.0,pycodestyle==2.14.0,pyflakes==3.4.0,Pygments==2.19.2,pytest==9.0.1,setuptools==80.9.0
2025-12-02T00:12:45.5377067Z py: commands[0]> coverage run -m pytest
2025-12-02T00:12:47.2972656Z ============================= test session starts ==============================
2025-12-02T00:12:47.2973391Z platform linux -- Python 3.11.14, pytest-9.0.1, pluggy-1.6.0
2025-12-02T00:12:47.2973994Z cachedir: .tox/py/.pytest_cache
2025-12-02T00:12:47.2974456Z rootdir: /home/runner/work/flake8/flake8
2025-12-02T00:12:47.2974982Z configfile: pytest.ini
2025-12-02T00:12:47.2975585Z collected 466 items
2025-12-02T00:12:47.2975817Z 
2025-12-02T00:12:47.3175732Z tests/integration/test_aggregator.py ..                                  [  0%]
2025-12-02T00:12:47.3445476Z tests/integration/test_api_legacy.py .                                   [  0%]
2025-12-02T00:12:47.4606788Z tests/integration/test_checker.py ......................                 [  5%]
2025-12-02T00:12:47.9247739Z tests/integration/test_main.py .......................                   [ 10%]
2025-12-02T00:12:48.1040748Z tests/integration/test_plugins.py ........x                              [ 12%]
2025-12-02T00:12:48.1663624Z tests/unit/plugins/finder_test.py .............................          [ 18%]
2025-12-02T00:12:48.1703397Z tests/unit/plugins/pycodestyle_test.py .                                 [ 18%]
2025-12-02T00:12:48.1787380Z tests/unit/plugins/reporter_test.py ......                               [ 19%]
2025-12-02T00:12:48.1911335Z tests/unit/test_application.py .......                                   [ 21%]
2025-12-02T00:12:48.2269552Z tests/unit/test_base_formatter.py ...................                    [ 25%]
2025-12-02T00:12:48.2507342Z tests/unit/test_checker_manager.py .....                                 [ 26%]
2025-12-02T00:12:48.2523061Z tests/unit/test_debug.py .                                               [ 26%]
2025-12-02T00:12:48.3228809Z tests/unit/test_decision_engine.py ..................................... [ 34%]
2025-12-02T00:12:48.3564640Z ..................                                                       [ 38%]
2025-12-02T00:12:48.3731046Z tests/unit/test_defaults.py .............                                [ 41%]
2025-12-02T00:12:48.4012670Z tests/unit/test_discover_files.py .............                          [ 44%]
2025-12-02T00:12:48.4058809Z tests/unit/test_exceptions.py ...                                        [ 44%]
2025-12-02T00:12:48.4120598Z tests/unit/test_file_checker.py ...                                      [ 45%]
2025-12-02T00:12:48.5512186Z tests/unit/test_file_processor.py ...................................... [ 53%]
2025-12-02T00:12:48.5944483Z ..............................                                           [ 60%]
2025-12-02T00:12:48.5981513Z tests/unit/test_filenameonly_formatter.py ...                            [ 60%]
2025-12-02T00:12:48.6340027Z tests/unit/test_legacy_api.py ..........                                 [ 62%]
2025-12-02T00:12:48.6376145Z tests/unit/test_main_options.py ..                                       [ 63%]
2025-12-02T00:12:48.6402528Z tests/unit/test_nothing_formatter.py ..                                  [ 63%]
2025-12-02T00:12:48.6461512Z tests/unit/test_option.py .....                                          [ 64%]
2025-12-02T00:12:48.6800393Z tests/unit/test_option_manager.py ..................                     [ 68%]
2025-12-02T00:12:48.7770294Z tests/unit/test_options_config.py ...........................            [ 74%]
2025-12-02T00:12:48.7804348Z tests/unit/test_pyflakes_codes.py ..                                     [ 74%]
2025-12-02T00:12:48.8097915Z tests/unit/test_statistics.py ...................                        [ 78%]
2025-12-02T00:12:49.0132137Z tests/unit/test_style_guide.py ....................                      [ 83%]
2025-12-02T00:12:49.0780828Z tests/unit/test_utils.py ............................................... [ 93%]
2025-12-02T00:12:49.0927338Z ..........                                                               [ 95%]
2025-12-02T00:12:49.1836866Z tests/unit/test_violation.py .....................                       [100%]
2025-12-02T00:12:49.1837518Z 
2025-12-02T00:12:49.1837810Z ======================== 465 passed, 1 xfailed in 2.68s ========================
2025-12-02T00:12:49.2458006Z py: commands[1]> coverage report
2025-12-02T00:12:49.7947746Z Name                                                                 Stmts   Miss Branch BrPart  Cover   Missing
2025-12-02T00:12:49.7948776Z ----------------------------------------------------------------------------------------------------------------
2025-12-02T00:12:49.7949660Z .tox/py/lib/python3.11/site-packages/flake8/__init__.py                 24      2      4      1    89%   58-59
2025-12-02T00:12:49.7950642Z .tox/py/lib/python3.11/site-packages/flake8/api/legacy.py               71      2      6      0    97%   211-212
2025-12-02T00:12:49.7951852Z .tox/py/lib/python3.11/site-packages/flake8/checker.py                 280     22     80      5    91%   68-73, 77-79, 209-210, 238-239, 337-338, 364-373, 403, 479-480, 511
2025-12-02T00:12:49.7953039Z .tox/py/lib/python3.11/site-packages/flake8/formatting/base.py          63      0     20      1    99%   193->195
2025-12-02T00:12:49.7954517Z .tox/py/lib/python3.11/site-packages/flake8/main/application.py        129      7     14      1    94%   104-107, 210-211, 215
2025-12-02T00:12:49.7955886Z .tox/py/lib/python3.11/site-packages/flake8/options/aggregator.py       22      3      4      1    85%   42-44
2025-12-02T00:12:49.7956953Z .tox/py/lib/python3.11/site-packages/flake8/options/manager.py         120      1     36      1    99%   198
2025-12-02T00:12:49.7958018Z .tox/py/lib/python3.11/site-packages/flake8/plugins/pycodestyle.py      75      2     10      2    95%   100, 106
2025-12-02T00:12:49.7959095Z .tox/py/lib/python3.11/site-packages/flake8/plugins/pyflakes.py         27      1      4      1    94%   99
2025-12-02T00:12:49.7960150Z .tox/py/lib/python3.11/site-packages/flake8/processor.py               222      0     62      2    99%   226->232, 275->exit
2025-12-02T00:12:49.7961019Z ----------------------------------------------------------------------------------------------------------------
2025-12-02T00:12:49.7961628Z TOTAL                                                                 3725     40    482     15    99%
2025-12-02T00:12:49.7961951Z 
2025-12-02T00:12:49.7962105Z 60 files skipped due to complete coverage.
2025-12-02T00:12:49.8340751Z py: commands[2]> coverage report --fail-under 100 --include 'tests/*'
2025-12-02T00:12:50.1639565Z Name    Stmts   Miss Branch BrPart  Cover   Missing
2025-12-02T00:12:50.1640195Z ---------------------------------------------------
2025-12-02T00:12:50.1640586Z TOTAL    1876      0     30      0   100%
2025-12-02T00:12:50.1640835Z 
2025-12-02T00:12:50.1640982Z 38 files skipped due to complete coverage.
2025-12-02T00:12:50.1934743Z   py: OK (13.12=setup[8.47]+cmd[3.71,0.59,0.36] seconds)
2025-12-02T00:12:50.1935462Z   congratulations :) (13.15 seconds)
2025-12-02T00:12:50.2278585Z Post job cleanup.
2025-12-02T00:12:50.3887928Z Post job cleanup.
2025-12-02T00:12:50.4820460Z [command]/usr/bin/git version
2025-12-02T00:12:50.4857354Z git version 2.51.2
2025-12-02T00:12:50.4898940Z Temporarily overriding HOME='/home/runner/work/_temp/94b8d8a7-2211-4d57-93e6-f19cfc3482f8' before making global git config changes
2025-12-02T00:12:50.4900141Z Adding repository directory to the temporary git global config as a safe directory
2025-12-02T00:12:50.4910771Z [command]/usr/bin/git config --global --add safe.directory /home/runner/work/flake8/flake8
2025-12-02T00:12:50.4945158Z [command]/usr/bin/git config --local --name-only --get-regexp core\.sshCommand
2025-12-02T00:12:50.4976968Z [command]/usr/bin/git submodule foreach --recursive sh -c "git config --local --name-only --get-regexp 'core\.sshCommand' && git config --local --unset-all 'core.sshCommand' || :"
2025-12-02T00:12:50.5206014Z [command]/usr/bin/git config --local --name-only --get-regexp http\.https\:\/\/github\.com\/\.extraheader
2025-12-02T00:12:50.5237560Z http.https://github.com/.extraheader
2025-12-02T00:12:50.5241926Z [command]/usr/bin/git config --local --unset-all http.https://github.com/.extraheader
2025-12-02T00:12:50.5275149Z [command]/usr/bin/git submodule foreach --recursive sh -c "git config --local --name-only --get-regexp 'http\.https\:\/\/github\.com\/\.extraheader' && git config --local --unset-all 'http.https://github.com/.extraheader' || :"
2025-12-02T00:12:50.5513106Z [command]/usr/bin/git config --local --name-only --get-regexp ^includeIf\.gitdir:
2025-12-02T00:12:50.5543385Z [command]/usr/bin/git submodule foreach --recursive git config --local --show-origin --name-only --get-regexp remote.origin.url
2025-12-02T00:12:50.5867788Z Cleaning up orphan processes
