2025-11-26T16:00:29.2358497Z Current runner version: '2.329.0'
2025-11-26T16:00:29.2392124Z ##[group]Runner Image Provisioner
2025-11-26T16:00:29.2393492Z Hosted Compute Agent
2025-11-26T16:00:29.2394336Z Version: 20251016.436
2025-11-26T16:00:29.2395296Z Commit: 8ab8ac8bfd662a3739dab9fe09456aba92132568
2025-11-26T16:00:29.2396663Z Build Date: 2025-10-15T20:44:12Z
2025-11-26T16:00:29.2397970Z ##[endgroup]
2025-11-26T16:00:29.2398944Z ##[group]Operating System
2025-11-26T16:00:29.2400306Z Ubuntu
2025-11-26T16:00:29.2401211Z 24.04.3
2025-11-26T16:00:29.2401975Z LTS
2025-11-26T16:00:29.2402981Z ##[endgroup]
2025-11-26T16:00:29.2403784Z ##[group]Runner Image
2025-11-26T16:00:29.2404855Z Image: ubuntu-24.04
2025-11-26T16:00:29.2405811Z Version: 20251112.124.1
2025-11-26T16:00:29.2407826Z Included Software: https://github.com/actions/runner-images/blob/ubuntu24/20251112.124/images/ubuntu/Ubuntu2404-Readme.md
2025-11-26T16:00:29.2410817Z Image Release: https://github.com/actions/runner-images/releases/tag/ubuntu24%2F20251112.124
2025-11-26T16:00:29.2412420Z ##[endgroup]
2025-11-26T16:00:29.2417799Z ##[group]GITHUB_TOKEN Permissions
2025-11-26T16:00:29.2420944Z Actions: write
2025-11-26T16:00:29.2421834Z ArtifactMetadata: write
2025-11-26T16:00:29.2422852Z Attestations: write
2025-11-26T16:00:29.2423841Z Checks: write
2025-11-26T16:00:29.2424670Z Contents: write
2025-11-26T16:00:29.2425577Z Deployments: write
2025-11-26T16:00:29.2426589Z Discussions: write
2025-11-26T16:00:29.2427709Z Issues: write
2025-11-26T16:00:29.2428491Z Metadata: read
2025-11-26T16:00:29.2429444Z Models: read
2025-11-26T16:00:29.2430255Z Packages: write
2025-11-26T16:00:29.2431121Z Pages: write
2025-11-26T16:00:29.2432135Z PullRequests: write
2025-11-26T16:00:29.2433064Z RepositoryProjects: write
2025-11-26T16:00:29.2434099Z SecurityEvents: write
2025-11-26T16:00:29.2435022Z Statuses: write
2025-11-26T16:00:29.2435844Z ##[endgroup]
2025-11-26T16:00:29.2439330Z Secret source: Actions
2025-11-26T16:00:29.2440850Z Prepare workflow directory
2025-11-26T16:00:29.3000814Z Prepare all required actions
2025-11-26T16:00:29.3057586Z Getting action download info
2025-11-26T16:00:29.5422834Z Download action repository 'actions/checkout@34e114876b0b11c390a56381ad16ebd13914f8d5' (SHA:34e114876b0b11c390a56381ad16ebd13914f8d5)
2025-11-26T16:00:29.8329907Z Download action repository 'actions/setup-go@v5' (SHA:d35c59abb061a4a6fb18e82ac0862c26744d6ab5)
2025-11-26T16:00:30.0792731Z Download action repository 'coverallsapp/github-action@v2' (SHA:5cbfd81b66ca5d10c19b062c04de0199c215fb6e)
2025-11-26T16:00:30.4340412Z Complete job name: Build v1 (Go 1.22.x)
2025-11-26T16:00:30.5025376Z ##[group]Run actions/checkout@34e114876b0b11c390a56381ad16ebd13914f8d5
2025-11-26T16:00:30.5026889Z with:
2025-11-26T16:00:30.5027700Z   fetch-depth: 0
2025-11-26T16:00:30.5028425Z   repository: IBM/fp-go
2025-11-26T16:00:30.5029422Z   token: ***
2025-11-26T16:00:30.5030075Z   ssh-strict: true
2025-11-26T16:00:30.5030759Z   ssh-user: git
2025-11-26T16:00:30.5031456Z   persist-credentials: true
2025-11-26T16:00:30.5032258Z   clean: true
2025-11-26T16:00:30.5032961Z   sparse-checkout-cone-mode: true
2025-11-26T16:00:30.5033801Z   fetch-tags: false
2025-11-26T16:00:30.5034501Z   show-progress: true
2025-11-26T16:00:30.5035197Z   lfs: false
2025-11-26T16:00:30.5035845Z   submodules: false
2025-11-26T16:00:30.5036545Z   set-safe-directory: true
2025-11-26T16:00:30.5037808Z env:
2025-11-26T16:00:30.5038484Z   DEFAULT_BRANCH: main
2025-11-26T16:00:30.5039221Z   LATEST_GO_VERSION: 1.25.2
2025-11-26T16:00:30.5039972Z   NODE_VERSION: 24
2025-11-26T16:00:30.5040631Z   DRY_RUN: true
2025-11-26T16:00:30.5041305Z ##[endgroup]
2025-11-26T16:00:30.6142669Z Syncing repository: IBM/fp-go
2025-11-26T16:00:30.6145135Z ##[group]Getting Git version info
2025-11-26T16:00:30.6146403Z Working directory is '/home/runner/work/fp-go/fp-go'
2025-11-26T16:00:30.6148486Z [command]/usr/bin/git version
2025-11-26T16:00:30.6200974Z git version 2.51.2
2025-11-26T16:00:30.6228739Z ##[endgroup]
2025-11-26T16:00:30.6245075Z Temporarily overriding HOME='/home/runner/work/_temp/6e538dac-46c1-4e2d-b42a-94ac24c713d1' before making global git config changes
2025-11-26T16:00:30.6248052Z Adding repository directory to the temporary git global config as a safe directory
2025-11-26T16:00:30.6260051Z [command]/usr/bin/git config --global --add safe.directory /home/runner/work/fp-go/fp-go
2025-11-26T16:00:30.6295507Z Deleting the contents of '/home/runner/work/fp-go/fp-go'
2025-11-26T16:00:30.6298958Z ##[group]Initializing the repository
2025-11-26T16:00:30.6302545Z [command]/usr/bin/git init /home/runner/work/fp-go/fp-go
2025-11-26T16:00:30.6462197Z hint: Using 'master' as the name for the initial branch. This default branch name
2025-11-26T16:00:30.6464945Z hint: is subject to change. To configure the initial branch name to use in all
2025-11-26T16:00:30.6468671Z hint: of your new repositories, which will suppress this warning, call:
2025-11-26T16:00:30.6470856Z hint:
2025-11-26T16:00:30.6472287Z hint: 	git config --global init.defaultBranch <name>
2025-11-26T16:00:30.6474397Z hint:
2025-11-26T16:00:30.6476153Z hint: Names commonly chosen instead of 'master' are 'main', 'trunk' and
2025-11-26T16:00:30.6478955Z hint: 'development'. The just-created branch can be renamed via this command:
2025-11-26T16:00:30.6482192Z hint:
2025-11-26T16:00:30.6483902Z hint: 	git branch -m <name>
2025-11-26T16:00:30.6485905Z hint:
2025-11-26T16:00:30.6488326Z hint: Disable this message with "git config set advice.defaultBranchName false"
2025-11-26T16:00:30.6490499Z Initialized empty Git repository in /home/runner/work/fp-go/fp-go/.git/
2025-11-26T16:00:30.6493614Z [command]/usr/bin/git remote add origin https://github.com/IBM/fp-go
2025-11-26T16:00:30.6519961Z ##[endgroup]
2025-11-26T16:00:30.6522434Z ##[group]Disabling automatic garbage collection
2025-11-26T16:00:30.6524785Z [command]/usr/bin/git config --local gc.auto 0
2025-11-26T16:00:30.6555565Z ##[endgroup]
2025-11-26T16:00:30.6558117Z ##[group]Setting up auth
2025-11-26T16:00:30.6563584Z [command]/usr/bin/git config --local --name-only --get-regexp core\.sshCommand
2025-11-26T16:00:30.6596646Z [command]/usr/bin/git submodule foreach --recursive sh -c "git config --local --name-only --get-regexp 'core\.sshCommand' && git config --local --unset-all 'core.sshCommand' || :"
2025-11-26T16:00:30.6933022Z [command]/usr/bin/git config --local --name-only --get-regexp http\.https\:\/\/github\.com\/\.extraheader
2025-11-26T16:00:30.6968567Z [command]/usr/bin/git submodule foreach --recursive sh -c "git config --local --name-only --get-regexp 'http\.https\:\/\/github\.com\/\.extraheader' && git config --local --unset-all 'http.https://github.com/.extraheader' || :"
2025-11-26T16:00:30.7193866Z [command]/usr/bin/git config --local --name-only --get-regexp ^includeIf\.gitdir:
2025-11-26T16:00:30.7227608Z [command]/usr/bin/git submodule foreach --recursive git config --local --show-origin --name-only --get-regexp remote.origin.url
2025-11-26T16:00:30.7464276Z [command]/usr/bin/git config --local http.https://github.com/.extraheader AUTHORIZATION: basic ***
2025-11-26T16:00:30.7499922Z ##[endgroup]
2025-11-26T16:00:30.7508019Z ##[group]Fetching the repository
2025-11-26T16:00:30.7510998Z [command]/usr/bin/git -c protocol.version=2 fetch --prune --no-recurse-submodules origin +refs/heads/*:refs/remotes/origin/* +refs/tags/*:refs/tags/*
2025-11-26T16:00:31.8000688Z From https://github.com/IBM/fp-go
2025-11-26T16:00:31.8002760Z  * [new branch]      cleue-add-FilterChain-operations -> origin/cleue-add-FilterChain-operations
2025-11-26T16:00:31.8006822Z  * [new branch]      cleue-add-FoldMap       -> origin/cleue-add-FoldMap
2025-11-26T16:00:31.8010846Z  * [new branch]      cleue-add-FromReaderIO  -> origin/cleue-add-FromReaderIO
2025-11-26T16:00:31.8012274Z  * [new branch]      cleue-add-alt-to-iooption -> origin/cleue-add-alt-to-iooption
2025-11-26T16:00:31.8013556Z  * [new branch]      cleue-add-apply-monoid  -> origin/cleue-add-apply-monoid
2025-11-26T16:00:31.8014859Z  * [new branch]      cleue-add-asserts       -> origin/cleue-add-asserts
2025-11-26T16:00:31.8016645Z  * [new branch]      cleue-add-bool-package  -> origin/cleue-add-bool-package
2025-11-26T16:00:31.8018181Z  * [new branch]      cleue-add-cache         -> origin/cleue-add-cache
2025-11-26T16:00:31.8019527Z  * [new branch]      cleue-add-chain-first-to-readerio -> origin/cleue-add-chain-first-to-readerio
2025-11-26T16:00:31.8020934Z  * [new branch]      cleue-add-custom-type-sample -> origin/cleue-add-custom-type-sample
2025-11-26T16:00:31.8022221Z  * [new branch]      cleue-add-disclaimer    -> origin/cleue-add-disclaimer
2025-11-26T16:00:31.8023316Z  * [new branch]      cleue-add-doc           -> origin/cleue-add-doc
2025-11-26T16:00:31.8024381Z  * [new branch]      cleue-add-flap          -> origin/cleue-add-flap
2025-11-26T16:00:31.8025500Z  * [new branch]      cleue-add-flap-to-reader -> origin/cleue-add-flap-to-reader
2025-11-26T16:00:31.8026742Z  * [new branch]      cleue-add-flap-to-readerio -> origin/cleue-add-flap-to-readerio
2025-11-26T16:00:31.8028080Z  * [new branch]      cleue-add-fromiooption  -> origin/cleue-add-fromiooption
2025-11-26T16:00:31.8029470Z  * [new branch]      cleue-add-ioeither-sample-with-return-tuple -> origin/cleue-add-ioeither-sample-with-return-tuple
2025-11-26T16:00:31.8030693Z  * [new branch]      cleue-add-memoize-to-reader -> origin/cleue-add-memoize-to-reader
2025-11-26T16:00:31.8031809Z  * [new branch]      cleue-add-missing-FromIO -> origin/cleue-add-missing-FromIO
2025-11-26T16:00:31.8033139Z  * [new branch]      cleue-add-missing-chain-readeriok -> origin/cleue-add-missing-chain-readeriok
2025-11-26T16:00:31.8034819Z  * [new branch]      cleue-add-missing-flatten-to-reader -> origin/cleue-add-missing-flatten-to-reader
2025-11-26T16:00:31.8036443Z  * [new branch]      cleue-add-missing-functions -> origin/cleue-add-missing-functions
2025-11-26T16:00:31.8038030Z  * [new branch]      cleue-add-missing-lenses -> origin/cleue-add-missing-lenses
2025-11-26T16:00:31.8039377Z  * [new branch]      cleue-add-missing-methods -> origin/cleue-add-missing-methods
2025-11-26T16:00:31.8040832Z  * [new branch]      cleue-add-more-generated-code -> origin/cleue-add-more-generated-code
2025-11-26T16:00:31.8042216Z  * [new branch]      cleue-add-mutex-to-io   -> origin/cleue-add-mutex-to-io
2025-11-26T16:00:31.8043503Z  * [new branch]      cleue-add-presentation  -> origin/cleue-add-presentation
2025-11-26T16:00:31.8044757Z  * [new branch]      cleue-add-renovate      -> origin/cleue-add-renovate
2025-11-26T16:00:31.8046158Z  * [new branch]      cleue-add-sequence-array-par -> origin/cleue-add-sequence-array-par
2025-11-26T16:00:31.8048214Z  * [new branch]      cleue-add-some-more-itertools -> origin/cleue-add-some-more-itertools
2025-11-26T16:00:31.8049625Z  * [new branch]      cleue-add-some-tweaks   -> origin/cleue-add-some-tweaks
2025-11-26T16:00:31.8050827Z  * [new branch]      cleue-add-take          -> origin/cleue-add-take
2025-11-26T16:00:31.8052107Z  * [new branch]      cleue-add-traverse-with-index -> origin/cleue-add-traverse-with-index
2025-11-26T16:00:31.8053796Z  * [new branch]      cleue-add-try-catch-for-single-value-return -> origin/cleue-add-try-catch-for-single-value-return
2025-11-26T16:00:31.8055426Z  * [new branch]      cleue-add-uniq-to-array -> origin/cleue-add-uniq-to-array
2025-11-26T16:00:31.8056699Z  * [new branch]      cleue-add-with-resource -> origin/cleue-add-with-resource
2025-11-26T16:00:31.8058161Z  * [new branch]      cleue-add-writer        -> origin/cleue-add-writer
2025-11-26T16:00:31.8059027Z  * [new branch]      cleue-add-zip           -> origin/cleue-add-zip
2025-11-26T16:00:31.8059941Z  * [new branch]      cleue-alternative-monoid-for-option -> origin/cleue-alternative-monoid-for-option
2025-11-26T16:00:31.8061208Z  * [new branch]      cleue-auto-generate-traversal-for-readeroieither -> origin/cleue-auto-generate-traversal-for-readeroieither
2025-11-26T16:00:31.8062197Z  * [new branch]      cleue-better-doc        -> origin/cleue-better-doc
2025-11-26T16:00:31.8062901Z  * [new branch]      cleue-better-docs       -> origin/cleue-better-docs
2025-11-26T16:00:31.8063801Z  * [new branch]      cleue-bind              -> origin/cleue-bind
2025-11-26T16:00:31.8064455Z  * [new branch]      cleue-check-ap          -> origin/cleue-check-ap
2025-11-26T16:00:31.8065125Z  * [new branch]      cleue-fix-ap            -> origin/cleue-fix-ap
2025-11-26T16:00:31.8065826Z  * [new branch]      cleue-fix-build-break-1 -> origin/cleue-fix-build-break-1
2025-11-26T16:00:31.8066539Z  * [new branch]      cleue-fix-buildbreak    -> origin/cleue-fix-buildbreak
2025-11-26T16:00:31.8067475Z  * [new branch]      cleue-fix-compact-array -> origin/cleue-fix-compact-array
2025-11-26T16:00:31.8068182Z  * [new branch]      cleue-fix-flap-order    -> origin/cleue-fix-flap-order
2025-11-26T16:00:31.8069021Z  * [new branch]      cleue-fix-generic-order-in-chain-to -> origin/cleue-fix-generic-order-in-chain-to
2025-11-26T16:00:31.8069924Z  * [new branch]      cleue-fix-http-for-ioeither -> origin/cleue-fix-http-for-ioeither
2025-11-26T16:00:31.8070938Z  * [new branch]      cleue-fix-order-of-generics-for-ChainOptionK -> origin/cleue-fix-order-of-generics-for-ChainOptionK
2025-11-26T16:00:31.8071854Z  * [new branch]      cleue-flip              -> origin/cleue-flip
2025-11-26T16:00:31.8072577Z  * [new branch]      cleue-getting-started-docs -> origin/cleue-getting-started-docs
2025-11-26T16:00:31.8073338Z  * [new branch]      cleue-http-example      -> origin/cleue-http-example
2025-11-26T16:00:31.8074062Z  * [new branch]      cleue-implement-compact -> origin/cleue-implement-compact
2025-11-26T16:00:31.8074910Z  * [new branch]      cleue-implement-first-and-last -> origin/cleue-implement-first-and-last
2025-11-26T16:00:31.8075798Z  * [new branch]      cleue-implement-with-temp-file -> origin/cleue-implement-with-temp-file
2025-11-26T16:00:31.8076604Z  * [new branch]      cleue-improve-with-lock -> origin/cleue-improve-with-lock
2025-11-26T16:00:31.8077499Z  * [new branch]      cleue-initial-checkin   -> origin/cleue-initial-checkin
2025-11-26T16:00:31.8078196Z  * [new branch]      cleue-issue-77-2        -> origin/cleue-issue-77-2
2025-11-26T16:00:31.8078908Z  * [new branch]      cleue-more-iterator     -> origin/cleue-more-iterator
2025-11-26T16:00:31.8079607Z  * [new branch]      cleue-more-samples      -> origin/cleue-more-samples
2025-11-26T16:00:31.8080396Z  * [new branch]      cleue-mostly-adequate-capter10 -> origin/cleue-mostly-adequate-capter10
2025-11-26T16:00:31.8081275Z  * [new branch]      cleue-mostly-adequate-fp-go -> origin/cleue-mostly-adequate-fp-go
2025-11-26T16:00:31.8082309Z  * [new branch]      cleue-mostly-adequate-more-samples -> origin/cleue-mostly-adequate-more-samples
2025-11-26T16:00:31.8083210Z  * [new branch]      cleue-prefer-second-over-SK -> origin/cleue-prefer-second-over-SK
2025-11-26T16:00:31.8084052Z  * [new branch]      cleue-request-builder-example -> origin/cleue-request-builder-example
2025-11-26T16:00:31.8084811Z  * [new branch]      cleue-rioe-tests        -> origin/cleue-rioe-tests
2025-11-26T16:00:31.8085538Z  * [new branch]      cleue-sample-ioeither   -> origin/cleue-sample-ioeither
2025-11-26T16:00:31.8086289Z  * [new branch]      cleue-some-benchmarking -> origin/cleue-some-benchmarking
2025-11-26T16:00:31.8087344Z  * [new branch]      cleue-support-chain-first-for-iooption -> origin/cleue-support-chain-first-for-iooption
2025-11-26T16:00:31.8088269Z  * [new branch]      cleue-switch-either-type -> origin/cleue-switch-either-type
2025-11-26T16:00:31.8088952Z  * [new branch]      cleue-v2                -> origin/cleue-v2
2025-11-26T16:00:31.8089632Z  * [new branch]      dependency-injection    -> origin/dependency-injection
2025-11-26T16:00:31.8090301Z  * [new branch]      issue-77                -> origin/issue-77
2025-11-26T16:00:31.8090890Z  * [new branch]      main                    -> origin/main
2025-11-26T16:00:31.8091614Z  * [new branch]      renovate/major-go-dependencies -> origin/renovate/major-go-dependencies
2025-11-26T16:00:31.8092372Z  * [new branch]      sample-match            -> origin/sample-match
2025-11-26T16:00:31.8093055Z  * [new branch]      whitesource/configure   -> origin/whitesource/configure
2025-11-26T16:00:31.8093829Z  * [new tag]         v1.0.0                  -> v1.0.0
2025-11-26T16:00:31.8094358Z  * [new tag]         v1.0.1                  -> v1.0.1
2025-11-26T16:00:31.8094882Z  * [new tag]         v1.0.10                 -> v1.0.10
2025-11-26T16:00:31.8095404Z  * [new tag]         v1.0.100                -> v1.0.100
2025-11-26T16:00:31.8095931Z  * [new tag]         v1.0.101                -> v1.0.101
2025-11-26T16:00:31.8096458Z  * [new tag]         v1.0.102                -> v1.0.102
2025-11-26T16:00:31.8096977Z  * [new tag]         v1.0.103                -> v1.0.103
2025-11-26T16:00:31.8097690Z  * [new tag]         v1.0.104                -> v1.0.104
2025-11-26T16:00:31.8098221Z  * [new tag]         v1.0.105                -> v1.0.105
2025-11-26T16:00:31.8098733Z  * [new tag]         v1.0.106                -> v1.0.106
2025-11-26T16:00:31.8099262Z  * [new tag]         v1.0.107                -> v1.0.107
2025-11-26T16:00:31.8099796Z  * [new tag]         v1.0.108                -> v1.0.108
2025-11-26T16:00:31.8100309Z  * [new tag]         v1.0.109                -> v1.0.109
2025-11-26T16:00:31.8100825Z  * [new tag]         v1.0.11                 -> v1.0.11
2025-11-26T16:00:31.8101342Z  * [new tag]         v1.0.110                -> v1.0.110
2025-11-26T16:00:31.8101865Z  * [new tag]         v1.0.111                -> v1.0.111
2025-11-26T16:00:31.8102376Z  * [new tag]         v1.0.112                -> v1.0.112
2025-11-26T16:00:31.8102902Z  * [new tag]         v1.0.113                -> v1.0.113
2025-11-26T16:00:31.8103410Z  * [new tag]         v1.0.114                -> v1.0.114
2025-11-26T16:00:31.8103908Z  * [new tag]         v1.0.115                -> v1.0.115
2025-11-26T16:00:31.8104404Z  * [new tag]         v1.0.116                -> v1.0.116
2025-11-26T16:00:31.8104893Z  * [new tag]         v1.0.117                -> v1.0.117
2025-11-26T16:00:31.8105390Z  * [new tag]         v1.0.118                -> v1.0.118
2025-11-26T16:00:31.8105888Z  * [new tag]         v1.0.119                -> v1.0.119
2025-11-26T16:00:31.8106381Z  * [new tag]         v1.0.12                 -> v1.0.12
2025-11-26T16:00:31.8106871Z  * [new tag]         v1.0.120                -> v1.0.120
2025-11-26T16:00:31.8107521Z  * [new tag]         v1.0.121                -> v1.0.121
2025-11-26T16:00:31.8108020Z  * [new tag]         v1.0.122                -> v1.0.122
2025-11-26T16:00:31.8108510Z  * [new tag]         v1.0.123                -> v1.0.123
2025-11-26T16:00:31.8109157Z  * [new tag]         v1.0.124                -> v1.0.124
2025-11-26T16:00:31.8109656Z  * [new tag]         v1.0.125                -> v1.0.125
2025-11-26T16:00:31.8110146Z  * [new tag]         v1.0.126                -> v1.0.126
2025-11-26T16:00:31.8110634Z  * [new tag]         v1.0.127                -> v1.0.127
2025-11-26T16:00:31.8111118Z  * [new tag]         v1.0.128                -> v1.0.128
2025-11-26T16:00:31.8111604Z  * [new tag]         v1.0.129                -> v1.0.129
2025-11-26T16:00:31.8112087Z  * [new tag]         v1.0.13                 -> v1.0.13
2025-11-26T16:00:31.8112571Z  * [new tag]         v1.0.130                -> v1.0.130
2025-11-26T16:00:31.8113048Z  * [new tag]         v1.0.131                -> v1.0.131
2025-11-26T16:00:31.8113530Z  * [new tag]         v1.0.132                -> v1.0.132
2025-11-26T16:00:31.8114003Z  * [new tag]         v1.0.133                -> v1.0.133
2025-11-26T16:00:31.8114491Z  * [new tag]         v1.0.134                -> v1.0.134
2025-11-26T16:00:31.8114982Z  * [new tag]         v1.0.135                -> v1.0.135
2025-11-26T16:00:31.8115465Z  * [new tag]         v1.0.136                -> v1.0.136
2025-11-26T16:00:31.8115947Z  * [new tag]         v1.0.137                -> v1.0.137
2025-11-26T16:00:31.8116429Z  * [new tag]         v1.0.138                -> v1.0.138
2025-11-26T16:00:31.8116913Z  * [new tag]         v1.0.139                -> v1.0.139
2025-11-26T16:00:31.8117558Z  * [new tag]         v1.0.14                 -> v1.0.14
2025-11-26T16:00:31.8118187Z  * [new tag]         v1.0.140                -> v1.0.140
2025-11-26T16:00:31.8118686Z  * [new tag]         v1.0.141                -> v1.0.141
2025-11-26T16:00:31.8119188Z  * [new tag]         v1.0.142                -> v1.0.142
2025-11-26T16:00:31.8119696Z  * [new tag]         v1.0.143                -> v1.0.143
2025-11-26T16:00:31.8120189Z  * [new tag]         v1.0.144                -> v1.0.144
2025-11-26T16:00:31.8120687Z  * [new tag]         v1.0.145                -> v1.0.145
2025-11-26T16:00:31.8121186Z  * [new tag]         v1.0.146                -> v1.0.146
2025-11-26T16:00:31.8121681Z  * [new tag]         v1.0.147                -> v1.0.147
2025-11-26T16:00:31.8122183Z  * [new tag]         v1.0.148                -> v1.0.148
2025-11-26T16:00:31.8122679Z  * [new tag]         v1.0.149                -> v1.0.149
2025-11-26T16:00:31.8123178Z  * [new tag]         v1.0.15                 -> v1.0.15
2025-11-26T16:00:31.8123671Z  * [new tag]         v1.0.150                -> v1.0.150
2025-11-26T16:00:31.8124182Z  * [new tag]         v1.0.151                -> v1.0.151
2025-11-26T16:00:31.8124677Z  * [new tag]         v1.0.152                -> v1.0.152
2025-11-26T16:00:31.8125173Z  * [new tag]         v1.0.153                -> v1.0.153
2025-11-26T16:00:31.8125668Z  * [new tag]         v1.0.154                -> v1.0.154
2025-11-26T16:00:31.8126157Z  * [new tag]         v1.0.155                -> v1.0.155
2025-11-26T16:00:31.8126651Z  * [new tag]         v1.0.16                 -> v1.0.16
2025-11-26T16:00:31.8127342Z  * [new tag]         v1.0.17                 -> v1.0.17
2025-11-26T16:00:31.8127846Z  * [new tag]         v1.0.18                 -> v1.0.18
2025-11-26T16:00:31.8128331Z  * [new tag]         v1.0.19                 -> v1.0.19
2025-11-26T16:00:31.8128826Z  * [new tag]         v1.0.2                  -> v1.0.2
2025-11-26T16:00:31.8129310Z  * [new tag]         v1.0.20                 -> v1.0.20
2025-11-26T16:00:31.8129800Z  * [new tag]         v1.0.21                 -> v1.0.21
2025-11-26T16:00:31.8130300Z  * [new tag]         v1.0.22                 -> v1.0.22
2025-11-26T16:00:31.8130784Z  * [new tag]         v1.0.23                 -> v1.0.23
2025-11-26T16:00:31.8131279Z  * [new tag]         v1.0.24                 -> v1.0.24
2025-11-26T16:00:31.8131791Z  * [new tag]         v1.0.25                 -> v1.0.25
2025-11-26T16:00:31.8132288Z  * [new tag]         v1.0.26                 -> v1.0.26
2025-11-26T16:00:31.8132771Z  * [new tag]         v1.0.27                 -> v1.0.27
2025-11-26T16:00:31.8133391Z  * [new tag]         v1.0.28                 -> v1.0.28
2025-11-26T16:00:31.8133886Z  * [new tag]         v1.0.29                 -> v1.0.29
2025-11-26T16:00:31.8134369Z  * [new tag]         v1.0.3                  -> v1.0.3
2025-11-26T16:00:31.8134866Z  * [new tag]         v1.0.30                 -> v1.0.30
2025-11-26T16:00:31.8135351Z  * [new tag]         v1.0.31                 -> v1.0.31
2025-11-26T16:00:31.8135837Z  * [new tag]         v1.0.32                 -> v1.0.32
2025-11-26T16:00:31.8136330Z  * [new tag]         v1.0.33                 -> v1.0.33
2025-11-26T16:00:31.8136821Z  * [new tag]         v1.0.34                 -> v1.0.34
2025-11-26T16:00:31.8137464Z  * [new tag]         v1.0.35                 -> v1.0.35
2025-11-26T16:00:31.8137948Z  * [new tag]         v1.0.36                 -> v1.0.36
2025-11-26T16:00:31.8138439Z  * [new tag]         v1.0.37                 -> v1.0.37
2025-11-26T16:00:31.8138920Z  * [new tag]         v1.0.38                 -> v1.0.38
2025-11-26T16:00:31.8139424Z  * [new tag]         v1.0.39                 -> v1.0.39
2025-11-26T16:00:31.8139913Z  * [new tag]         v1.0.4                  -> v1.0.4
2025-11-26T16:00:31.8140411Z  * [new tag]         v1.0.40                 -> v1.0.40
2025-11-26T16:00:31.8140905Z  * [new tag]         v1.0.41                 -> v1.0.41
2025-11-26T16:00:31.8141397Z  * [new tag]         v1.0.42                 -> v1.0.42
2025-11-26T16:00:31.8141882Z  * [new tag]         v1.0.43                 -> v1.0.43
2025-11-26T16:00:31.8142495Z  * [new tag]         v1.0.44                 -> v1.0.44
2025-11-26T16:00:31.8142985Z  * [new tag]         v1.0.45                 -> v1.0.45
2025-11-26T16:00:31.8143467Z  * [new tag]         v1.0.46                 -> v1.0.46
2025-11-26T16:00:31.8143955Z  * [new tag]         v1.0.47                 -> v1.0.47
2025-11-26T16:00:31.8144445Z  * [new tag]         v1.0.48                 -> v1.0.48
2025-11-26T16:00:31.8144931Z  * [new tag]         v1.0.49                 -> v1.0.49
2025-11-26T16:00:31.8145438Z  * [new tag]         v1.0.5                  -> v1.0.5
2025-11-26T16:00:31.8145924Z  * [new tag]         v1.0.50                 -> v1.0.50
2025-11-26T16:00:31.8146420Z  * [new tag]         v1.0.51                 -> v1.0.51
2025-11-26T16:00:31.8146902Z  * [new tag]         v1.0.52                 -> v1.0.52
2025-11-26T16:00:31.8147528Z  * [new tag]         v1.0.53                 -> v1.0.53
2025-11-26T16:00:31.8148011Z  * [new tag]         v1.0.54                 -> v1.0.54
2025-11-26T16:00:31.8148513Z  * [new tag]         v1.0.55                 -> v1.0.55
2025-11-26T16:00:31.8149000Z  * [new tag]         v1.0.56                 -> v1.0.56
2025-11-26T16:00:31.8149483Z  * [new tag]         v1.0.57                 -> v1.0.57
2025-11-26T16:00:31.8149970Z  * [new tag]         v1.0.58                 -> v1.0.58
2025-11-26T16:00:31.8150452Z  * [new tag]         v1.0.59                 -> v1.0.59
2025-11-26T16:00:31.8150955Z  * [new tag]         v1.0.6                  -> v1.0.6
2025-11-26T16:00:31.8217039Z  * [new tag]         v1.0.60                 -> v1.0.60
2025-11-26T16:00:31.8218252Z  * [new tag]         v1.0.61                 -> v1.0.61
2025-11-26T16:00:31.8219281Z  * [new tag]         v1.0.62                 -> v1.0.62
2025-11-26T16:00:31.8220044Z  * [new tag]         v1.0.63                 -> v1.0.63
2025-11-26T16:00:31.8220911Z  * [new tag]         v1.0.64                 -> v1.0.64
2025-11-26T16:00:31.8221774Z  * [new tag]         v1.0.65                 -> v1.0.65
2025-11-26T16:00:31.8222696Z  * [new tag]         v1.0.66                 -> v1.0.66
2025-11-26T16:00:31.8223559Z  * [new tag]         v1.0.67                 -> v1.0.67
2025-11-26T16:00:31.8224577Z  * [new tag]         v1.0.68                 -> v1.0.68
2025-11-26T16:00:31.8225573Z  * [new tag]         v1.0.69                 -> v1.0.69
2025-11-26T16:00:31.8226608Z  * [new tag]         v1.0.7                  -> v1.0.7
2025-11-26T16:00:31.8227854Z  * [new tag]         v1.0.70                 -> v1.0.70
2025-11-26T16:00:31.8229141Z  * [new tag]         v1.0.71                 -> v1.0.71
2025-11-26T16:00:31.8230088Z  * [new tag]         v1.0.72                 -> v1.0.72
2025-11-26T16:00:31.8230965Z  * [new tag]         v1.0.73                 -> v1.0.73
2025-11-26T16:00:31.8231812Z  * [new tag]         v1.0.74                 -> v1.0.74
2025-11-26T16:00:31.8232637Z  * [new tag]         v1.0.75                 -> v1.0.75
2025-11-26T16:00:31.8233481Z  * [new tag]         v1.0.76                 -> v1.0.76
2025-11-26T16:00:31.8234362Z  * [new tag]         v1.0.77                 -> v1.0.77
2025-11-26T16:00:31.8235142Z  * [new tag]         v1.0.78                 -> v1.0.78
2025-11-26T16:00:31.8235635Z  * [new tag]         v1.0.79                 -> v1.0.79
2025-11-26T16:00:31.8236121Z  * [new tag]         v1.0.8                  -> v1.0.8
2025-11-26T16:00:31.8236588Z  * [new tag]         v1.0.80                 -> v1.0.80
2025-11-26T16:00:31.8237275Z  * [new tag]         v1.0.81                 -> v1.0.81
2025-11-26T16:00:31.8237797Z  * [new tag]         v1.0.82                 -> v1.0.82
2025-11-26T16:00:31.8238273Z  * [new tag]         v1.0.83                 -> v1.0.83
2025-11-26T16:00:31.8238744Z  * [new tag]         v1.0.84                 -> v1.0.84
2025-11-26T16:00:31.8239203Z  * [new tag]         v1.0.85                 -> v1.0.85
2025-11-26T16:00:31.8239666Z  * [new tag]         v1.0.86                 -> v1.0.86
2025-11-26T16:00:31.8240118Z  * [new tag]         v1.0.87                 -> v1.0.87
2025-11-26T16:00:31.8240782Z  * [new tag]         v1.0.88                 -> v1.0.88
2025-11-26T16:00:31.8241242Z  * [new tag]         v1.0.89                 -> v1.0.89
2025-11-26T16:00:31.8241730Z  * [new tag]         v1.0.9                  -> v1.0.9
2025-11-26T16:00:31.8242197Z  * [new tag]         v1.0.90                 -> v1.0.90
2025-11-26T16:00:31.8242667Z  * [new tag]         v1.0.91                 -> v1.0.91
2025-11-26T16:00:31.8243132Z  * [new tag]         v1.0.92                 -> v1.0.92
2025-11-26T16:00:31.8243588Z  * [new tag]         v1.0.93                 -> v1.0.93
2025-11-26T16:00:31.8244051Z  * [new tag]         v1.0.94                 -> v1.0.94
2025-11-26T16:00:31.8244497Z  * [new tag]         v1.0.95                 -> v1.0.95
2025-11-26T16:00:31.8244946Z  * [new tag]         v1.0.96                 -> v1.0.96
2025-11-26T16:00:31.8245393Z  * [new tag]         v1.0.97                 -> v1.0.97
2025-11-26T16:00:31.8245842Z  * [new tag]         v1.0.98                 -> v1.0.98
2025-11-26T16:00:31.8246301Z  * [new tag]         v1.0.99                 -> v1.0.99
2025-11-26T16:00:31.8246748Z  * [new tag]         v1.1.0                  -> v1.1.0
2025-11-26T16:00:31.8247376Z  * [new tag]         v1.1.1                  -> v1.1.1
2025-11-26T16:00:31.8247834Z  * [new tag]         v1.1.10                 -> v1.1.10
2025-11-26T16:00:31.8248293Z  * [new tag]         v1.1.11                 -> v1.1.11
2025-11-26T16:00:31.8248750Z  * [new tag]         v1.1.12                 -> v1.1.12
2025-11-26T16:00:31.8249220Z  * [new tag]         v1.1.13                 -> v1.1.13
2025-11-26T16:00:31.8249678Z  * [new tag]         v1.1.14                 -> v1.1.14
2025-11-26T16:00:31.8250129Z  * [new tag]         v1.1.15                 -> v1.1.15
2025-11-26T16:00:31.8250587Z  * [new tag]         v1.1.16                 -> v1.1.16
2025-11-26T16:00:31.8251040Z  * [new tag]         v1.1.17                 -> v1.1.17
2025-11-26T16:00:31.8251500Z  * [new tag]         v1.1.18                 -> v1.1.18
2025-11-26T16:00:31.8251957Z  * [new tag]         v1.1.19                 -> v1.1.19
2025-11-26T16:00:31.8252418Z  * [new tag]         v1.1.2                  -> v1.1.2
2025-11-26T16:00:31.8252869Z  * [new tag]         v1.1.20                 -> v1.1.20
2025-11-26T16:00:31.8253324Z  * [new tag]         v1.1.21                 -> v1.1.21
2025-11-26T16:00:31.8253784Z  * [new tag]         v1.1.22                 -> v1.1.22
2025-11-26T16:00:31.8254231Z  * [new tag]         v1.1.23                 -> v1.1.23
2025-11-26T16:00:31.8254680Z  * [new tag]         v1.1.24                 -> v1.1.24
2025-11-26T16:00:31.8255260Z  * [new tag]         v1.1.25                 -> v1.1.25
2025-11-26T16:00:31.8255727Z  * [new tag]         v1.1.26                 -> v1.1.26
2025-11-26T16:00:31.8256178Z  * [new tag]         v1.1.27                 -> v1.1.27
2025-11-26T16:00:31.8256636Z  * [new tag]         v1.1.28                 -> v1.1.28
2025-11-26T16:00:31.8257255Z  * [new tag]         v1.1.29                 -> v1.1.29
2025-11-26T16:00:31.8257725Z  * [new tag]         v1.1.3                  -> v1.1.3
2025-11-26T16:00:31.8258205Z  * [new tag]         v1.1.30                 -> v1.1.30
2025-11-26T16:00:31.8258655Z  * [new tag]         v1.1.31                 -> v1.1.31
2025-11-26T16:00:31.8259113Z  * [new tag]         v1.1.32                 -> v1.1.32
2025-11-26T16:00:31.8259573Z  * [new tag]         v1.1.33                 -> v1.1.33
2025-11-26T16:00:31.8260059Z  * [new tag]         v1.1.34                 -> v1.1.34
2025-11-26T16:00:31.8260519Z  * [new tag]         v1.1.35                 -> v1.1.35
2025-11-26T16:00:31.8260982Z  * [new tag]         v1.1.36                 -> v1.1.36
2025-11-26T16:00:31.8261435Z  * [new tag]         v1.1.37                 -> v1.1.37
2025-11-26T16:00:31.8261880Z  * [new tag]         v1.1.38                 -> v1.1.38
2025-11-26T16:00:31.8262338Z  * [new tag]         v1.1.39                 -> v1.1.39
2025-11-26T16:00:31.8262788Z  * [new tag]         v1.1.4                  -> v1.1.4
2025-11-26T16:00:31.8263237Z  * [new tag]         v1.1.40                 -> v1.1.40
2025-11-26T16:00:31.8263821Z  * [new tag]         v1.1.41                 -> v1.1.41
2025-11-26T16:00:31.8264262Z  * [new tag]         v1.1.42                 -> v1.1.42
2025-11-26T16:00:31.8264713Z  * [new tag]         v1.1.43                 -> v1.1.43
2025-11-26T16:00:31.8265168Z  * [new tag]         v1.1.44                 -> v1.1.44
2025-11-26T16:00:31.8265613Z  * [new tag]         v1.1.45                 -> v1.1.45
2025-11-26T16:00:31.8266062Z  * [new tag]         v1.1.46                 -> v1.1.46
2025-11-26T16:00:31.8266514Z  * [new tag]         v1.1.47                 -> v1.1.47
2025-11-26T16:00:31.8266967Z  * [new tag]         v1.1.48                 -> v1.1.48
2025-11-26T16:00:31.8267593Z  * [new tag]         v1.1.49                 -> v1.1.49
2025-11-26T16:00:31.8268045Z  * [new tag]         v1.1.5                  -> v1.1.5
2025-11-26T16:00:31.8268502Z  * [new tag]         v1.1.50                 -> v1.1.50
2025-11-26T16:00:31.8268947Z  * [new tag]         v1.1.51                 -> v1.1.51
2025-11-26T16:00:31.8269406Z  * [new tag]         v1.1.52                 -> v1.1.52
2025-11-26T16:00:31.8269848Z  * [new tag]         v1.1.53                 -> v1.1.53
2025-11-26T16:00:31.8270300Z  * [new tag]         v1.1.54                 -> v1.1.54
2025-11-26T16:00:31.8270752Z  * [new tag]         v1.1.55                 -> v1.1.55
2025-11-26T16:00:31.8271194Z  * [new tag]         v1.1.56                 -> v1.1.56
2025-11-26T16:00:31.8271639Z  * [new tag]         v1.1.57                 -> v1.1.57
2025-11-26T16:00:31.8272091Z  * [new tag]         v1.1.58                 -> v1.1.58
2025-11-26T16:00:31.8272546Z  * [new tag]         v1.1.6                  -> v1.1.6
2025-11-26T16:00:31.8272997Z  * [new tag]         v1.1.7                  -> v1.1.7
2025-11-26T16:00:31.8273460Z  * [new tag]         v1.1.8                  -> v1.1.8
2025-11-26T16:00:31.8273908Z  * [new tag]         v1.1.9                  -> v1.1.9
2025-11-26T16:00:31.8333223Z [command]/usr/bin/git branch --list --remote origin/main
2025-11-26T16:00:31.8384428Z   origin/main
2025-11-26T16:00:31.8394499Z [command]/usr/bin/git rev-parse refs/remotes/origin/main
2025-11-26T16:00:31.8415195Z d9a16a6771a6cd460b985b9eba026df43354c7d7
2025-11-26T16:00:31.8421205Z ##[endgroup]
2025-11-26T16:00:31.8422601Z ##[group]Determining the checkout info
2025-11-26T16:00:31.8424312Z ##[endgroup]
2025-11-26T16:00:31.8427971Z [command]/usr/bin/git sparse-checkout disable
2025-11-26T16:00:31.8467565Z [command]/usr/bin/git config --local --unset-all extensions.worktreeConfig
2025-11-26T16:00:31.8493925Z ##[group]Checking out the ref
2025-11-26T16:00:31.8499153Z [command]/usr/bin/git checkout --progress --force -B main refs/remotes/origin/main
2025-11-26T16:00:32.0039873Z Switched to a new branch 'main'
2025-11-26T16:00:32.0042835Z branch 'main' set up to track 'origin/main'.
2025-11-26T16:00:32.0064920Z ##[endgroup]
2025-11-26T16:00:32.0108454Z [command]/usr/bin/git log -1 --format=%H
2025-11-26T16:00:32.0132176Z d9a16a6771a6cd460b985b9eba026df43354c7d7
2025-11-26T16:00:32.0364142Z ##[group]Run actions/setup-go@v5
2025-11-26T16:00:32.0364595Z with:
2025-11-26T16:00:32.0364935Z   go-version: 1.22.x
2025-11-26T16:00:32.0365296Z   cache: true
2025-11-26T16:00:32.0365639Z   check-latest: false
2025-11-26T16:00:32.0366155Z   token: ***
2025-11-26T16:00:32.0366481Z env:
2025-11-26T16:00:32.0366802Z   DEFAULT_BRANCH: main
2025-11-26T16:00:32.0367496Z   LATEST_GO_VERSION: 1.25.2
2025-11-26T16:00:32.0367916Z   NODE_VERSION: 24
2025-11-26T16:00:32.0368256Z   DRY_RUN: true
2025-11-26T16:00:32.0368596Z ##[endgroup]
2025-11-26T16:00:32.2011739Z Setup go version spec 1.22.x
2025-11-26T16:00:32.2368319Z Found in cache @ /opt/hostedtoolcache/go/1.22.12/x64
2025-11-26T16:00:32.2373493Z Added go to the path
2025-11-26T16:00:32.2378753Z Successfully set up Go version 1.22.x
2025-11-26T16:00:33.6801224Z [command]/opt/hostedtoolcache/go/1.22.12/x64/bin/go env GOMODCACHE
2025-11-26T16:00:33.6834361Z [command]/opt/hostedtoolcache/go/1.22.12/x64/bin/go env GOCACHE
2025-11-26T16:00:33.6901346Z /home/runner/.cache/go-build
2025-11-26T16:00:33.6904368Z /home/runner/go/pkg/mod
2025-11-26T16:00:33.7732728Z Cache hit for: setup-go-Linux-x64-ubuntu24-go-1.22.12-81952ab8c0015eb46368a8d25f7d0690f810df2bb4c7e007d9ab28e62b507f8a
2025-11-26T16:00:34.2078912Z Received 71505210 of 71505210 (100.0%), 172.6 MBs/sec
2025-11-26T16:00:34.2080475Z Cache Size: ~68 MB (71505210 B)
2025-11-26T16:00:34.2111684Z [command]/usr/bin/tar -xf /home/runner/work/_temp/7eb70b6a-6347-4e70-8223-bbbccf409425/cache.tzst -P -C /home/runner/work/fp-go/fp-go --use-compress-program unzstd
2025-11-26T16:00:34.8482812Z Cache restored successfully
2025-11-26T16:00:34.8632133Z Cache restored from key: setup-go-Linux-x64-ubuntu24-go-1.22.12-81952ab8c0015eb46368a8d25f7d0690f810df2bb4c7e007d9ab28e62b507f8a
2025-11-26T16:00:34.8660935Z go version go1.22.12 linux/amd64
2025-11-26T16:00:34.8661193Z 
2025-11-26T16:00:34.8661534Z ##[group]go env
2025-11-26T16:00:34.9570324Z GO111MODULE=''
2025-11-26T16:00:34.9570959Z GOARCH='amd64'
2025-11-26T16:00:34.9571481Z GOBIN=''
2025-11-26T16:00:34.9572014Z GOCACHE='/home/runner/.cache/go-build'
2025-11-26T16:00:34.9572766Z GOENV='/home/runner/.config/go/env'
2025-11-26T16:00:34.9573378Z GOEXE=''
2025-11-26T16:00:34.9573917Z GOEXPERIMENT=''
2025-11-26T16:00:34.9574442Z GOFLAGS=''
2025-11-26T16:00:34.9575068Z GOHOSTARCH='amd64'
2025-11-26T16:00:34.9575605Z GOHOSTOS='linux'
2025-11-26T16:00:34.9576103Z GOINSECURE=''
2025-11-26T16:00:34.9577307Z GOMODCACHE='/home/runner/go/pkg/mod'
2025-11-26T16:00:34.9577964Z GONOPROXY=''
2025-11-26T16:00:34.9578495Z GONOSUMDB=''
2025-11-26T16:00:34.9578980Z GOOS='linux'
2025-11-26T16:00:34.9579498Z GOPATH='/home/runner/go'
2025-11-26T16:00:34.9580134Z GOPRIVATE=''
2025-11-26T16:00:34.9580792Z GOPROXY='https://proxy.golang.org,direct'
2025-11-26T16:00:34.9581746Z GOROOT='/opt/hostedtoolcache/go/1.22.12/x64'
2025-11-26T16:00:34.9582543Z GOSUMDB='sum.golang.org'
2025-11-26T16:00:34.9583123Z GOTMPDIR=''
2025-11-26T16:00:34.9583665Z GOTOOLCHAIN='auto'
2025-11-26T16:00:34.9584583Z GOTOOLDIR='/opt/hostedtoolcache/go/1.22.12/x64/pkg/tool/linux_amd64'
2025-11-26T16:00:34.9585615Z GOVCS=''
2025-11-26T16:00:34.9586115Z GOVERSION='go1.22.12'
2025-11-26T16:00:34.9586713Z GCCGO='gccgo'
2025-11-26T16:00:34.9587745Z GOAMD64='v1'
2025-11-26T16:00:34.9588081Z AR='ar'
2025-11-26T16:00:34.9588371Z CC='gcc'
2025-11-26T16:00:34.9588660Z CXX='g++'
2025-11-26T16:00:34.9588988Z CGO_ENABLED='1'
2025-11-26T16:00:34.9589380Z GOMOD='/home/runner/work/fp-go/fp-go/go.mod'
2025-11-26T16:00:34.9589795Z GOWORK=''
2025-11-26T16:00:34.9590127Z CGO_CFLAGS='-O2 -g'
2025-11-26T16:00:34.9590558Z CGO_CPPFLAGS=''
2025-11-26T16:00:34.9590906Z CGO_CXXFLAGS='-O2 -g'
2025-11-26T16:00:34.9591285Z CGO_FFLAGS='-O2 -g'
2025-11-26T16:00:34.9591652Z CGO_LDFLAGS='-O2 -g'
2025-11-26T16:00:34.9592053Z PKG_CONFIG='pkg-config'
2025-11-26T16:00:34.9593246Z GOGCCFLAGS='-fPIC -m64 -pthread -Wl,--no-gc-sections -fmessage-length=0 -ffile-prefix-map=/tmp/go-build2754566494=/tmp/go-build -gno-record-gcc-switches'
2025-11-26T16:00:34.9594536Z 
2025-11-26T16:00:34.9594992Z ##[endgroup]
2025-11-26T16:00:34.9756088Z ##[group]Run go mod tidy
2025-11-26T16:00:34.9756530Z [36;1mgo mod tidy[0m
2025-11-26T16:00:34.9757227Z [36;1mgo test -v -race -coverprofile=coverage.txt -covermode=atomic ./...[0m
2025-11-26T16:00:34.9798015Z shell: /usr/bin/bash -e {0}
2025-11-26T16:00:34.9798385Z env:
2025-11-26T16:00:34.9798669Z   DEFAULT_BRANCH: main
2025-11-26T16:00:34.9799016Z   LATEST_GO_VERSION: 1.25.2
2025-11-26T16:00:34.9799357Z   NODE_VERSION: 24
2025-11-26T16:00:34.9799667Z   DRY_RUN: true
2025-11-26T16:00:34.9799961Z ##[endgroup]
2025-11-26T16:00:51.4195438Z 	github.com/IBM/fp-go		coverage: 0.0% of statements
2025-11-26T16:01:01.3648679Z 	github.com/IBM/fp-go/array/nonempty		coverage: 0.0% of statements
2025-11-26T16:01:01.3654375Z 	github.com/IBM/fp-go/array/generic		coverage: 0.0% of statements
2025-11-26T16:01:01.9234706Z 	github.com/IBM/fp-go/boolean		coverage: 0.0% of statements
2025-11-26T16:01:01.9484823Z 	github.com/IBM/fp-go/bounded		coverage: 0.0% of statements
2025-11-26T16:01:02.4038595Z === RUN   TestAny
2025-11-26T16:01:02.4039234Z --- PASS: TestAny (0.00s)
2025-11-26T16:01:02.4040055Z === RUN   TestMap1
2025-11-26T16:01:02.4040670Z --- PASS: TestMap1 (0.00s)
2025-11-26T16:01:02.4041373Z === RUN   TestMap
2025-11-26T16:01:02.4042128Z --- PASS: TestMap (0.00s)
2025-11-26T16:01:02.4042935Z === RUN   TestReduceRight
2025-11-26T16:01:02.4043423Z --- PASS: TestReduceRight (0.00s)
2025-11-26T16:01:02.4044065Z === RUN   TestReduce
2025-11-26T16:01:02.4044596Z --- PASS: TestReduce (0.00s)
2025-11-26T16:01:02.4045081Z === RUN   TestEmpty
2025-11-26T16:01:02.4045705Z --- PASS: TestEmpty (0.00s)
2025-11-26T16:01:02.4046259Z === RUN   TestAp
2025-11-26T16:01:02.4046689Z --- PASS: TestAp (0.00s)
2025-11-26T16:01:02.4047427Z === RUN   TestIntercalate
2025-11-26T16:01:02.4047898Z --- PASS: TestIntercalate (0.00s)
2025-11-26T16:01:02.4048518Z === RUN   TestPrependAll
2025-11-26T16:01:02.4049115Z --- PASS: TestPrependAll (0.00s)
2025-11-26T16:01:02.4049619Z === RUN   TestFlatten
2025-11-26T16:01:02.4050266Z --- PASS: TestFlatten (0.00s)
2025-11-26T16:01:02.4050972Z === RUN   TestLookup
2025-11-26T16:01:02.4051509Z --- PASS: TestLookup (0.00s)
2025-11-26T16:01:02.4052148Z === RUN   TestSlice
2025-11-26T16:01:02.4052663Z --- PASS: TestSlice (0.00s)
2025-11-26T16:01:02.4053127Z === RUN   TestFrom
2025-11-26T16:01:02.4053520Z --- PASS: TestFrom (0.00s)
2025-11-26T16:01:02.4053981Z === RUN   TestPartition
2025-11-26T16:01:02.4054321Z --- PASS: TestPartition (0.00s)
2025-11-26T16:01:02.4054804Z === RUN   TestFilterChain
2025-11-26T16:01:02.4055157Z --- PASS: TestFilterChain (0.00s)
2025-11-26T16:01:02.4055636Z === RUN   TestFilterMap
2025-11-26T16:01:02.4055979Z --- PASS: TestFilterMap (0.00s)
2025-11-26T16:01:02.4056430Z === RUN   TestFoldMap
2025-11-26T16:01:02.4056752Z --- PASS: TestFoldMap (0.00s)
2025-11-26T16:01:02.4057423Z === RUN   TestBind
2025-11-26T16:01:02.4057912Z --- PASS: TestBind (0.00s)
2025-11-26T16:01:02.4058260Z === RUN   TestApS
2025-11-26T16:01:02.4058737Z --- PASS: TestApS (0.00s)
2025-11-26T16:01:02.4059123Z === RUN   TestConcatAll
2025-11-26T16:01:02.4059446Z --- PASS: TestConcatAll (0.00s)
2025-11-26T16:01:02.4059891Z === RUN   TestMonoid
2025-11-26T16:01:02.4060210Z --- PASS: TestMonoid (0.00s)
2025-11-26T16:01:02.4060696Z === RUN   TestSequenceOption
2025-11-26T16:01:02.4061352Z --- PASS: TestSequenceOption (0.00s)
2025-11-26T16:01:02.4062022Z === RUN   TestSort
2025-11-26T16:01:02.4062508Z --- PASS: TestSort (0.00s)
2025-11-26T16:01:02.4062839Z === RUN   TestTraverse
2025-11-26T16:01:02.4063136Z --- PASS: TestTraverse (0.00s)
2025-11-26T16:01:02.4063443Z === RUN   TestUniq
2025-11-26T16:01:02.4063808Z --- PASS: TestUniq (0.00s)
2025-11-26T16:01:02.4064203Z === RUN   TestZipWith
2025-11-26T16:01:02.4064585Z --- PASS: TestZipWith (0.00s)
2025-11-26T16:01:02.4064886Z === RUN   TestZip
2025-11-26T16:01:02.4065154Z --- PASS: TestZip (0.00s)
2025-11-26T16:01:02.4065448Z === RUN   TestUnzip
2025-11-26T16:01:02.4065728Z --- PASS: TestUnzip (0.00s)
2025-11-26T16:01:02.4066288Z === RUN   ExampleFoldMap
2025-11-26T16:01:02.4066613Z --- PASS: ExampleFoldMap (0.00s)
2025-11-26T16:01:02.4066935Z === RUN   Example_any
2025-11-26T16:01:02.4067427Z --- PASS: Example_any (0.00s)
2025-11-26T16:01:02.4067750Z === RUN   Example_any_filter
2025-11-26T16:01:02.4068071Z --- PASS: Example_any_filter (0.00s)
2025-11-26T16:01:02.4068414Z === RUN   Example_any_find
2025-11-26T16:01:02.4068729Z --- PASS: Example_any_find (0.00s)
2025-11-26T16:01:02.4069051Z === RUN   Example_find
2025-11-26T16:01:02.4069341Z --- PASS: Example_find (0.00s)
2025-11-26T16:01:02.4069661Z === RUN   Example_find_filter
2025-11-26T16:01:02.4070139Z --- PASS: Example_find_filter (0.00s)
2025-11-26T16:01:02.4070476Z === RUN   Example_basic
2025-11-26T16:01:02.4070768Z --- PASS: Example_basic (0.00s)
2025-11-26T16:01:02.4071191Z === RUN   Example_sort
2025-11-26T16:01:02.4071475Z --- PASS: Example_sort (0.00s)
2025-11-26T16:01:02.4071768Z PASS
2025-11-26T16:01:02.4072196Z coverage: 29.2% of statements
2025-11-26T16:01:02.4072615Z ok  	github.com/IBM/fp-go/array	1.039s	coverage: 29.2% of statements
2025-11-26T16:01:02.4073129Z 	github.com/IBM/fp-go/cli		coverage: 0.0% of statements
2025-11-26T16:01:02.4601444Z 	github.com/IBM/fp-go/cli/templates		coverage: 0.0% of statements
2025-11-26T16:01:02.9465842Z ?   	github.com/IBM/fp-go/constraints	[no test files]
2025-11-26T16:01:02.9479384Z === RUN   TestMonadLaws
2025-11-26T16:01:02.9479905Z --- PASS: TestMonadLaws (0.00s)
2025-11-26T16:01:02.9480398Z PASS
2025-11-26T16:01:02.9480799Z coverage: 11.7% of statements
2025-11-26T16:01:02.9481621Z ok  	github.com/IBM/fp-go/array/testing	1.025s	coverage: 11.7% of statements
2025-11-26T16:01:02.9482489Z testing: warning: no tests to run
2025-11-26T16:01:02.9482990Z PASS
2025-11-26T16:01:02.9483412Z coverage: 1.2% of statements
2025-11-26T16:01:02.9484132Z ok  	github.com/IBM/fp-go/assert	1.024s	coverage: 1.2% of statements [no tests to run]
2025-11-26T16:01:02.9509528Z ?   	github.com/IBM/fp-go/context	[no test files]
2025-11-26T16:01:03.3027750Z === RUN   TestMonoid
2025-11-26T16:01:03.3035831Z --- PASS: TestMonoid (0.00s)
2025-11-26T16:01:03.3036295Z PASS
2025-11-26T16:01:03.3036659Z coverage: 2.6% of statements
2025-11-26T16:01:03.3037489Z ok  	github.com/IBM/fp-go/bytes	1.017s	coverage: 2.6% of statements
2025-11-26T16:01:03.7871962Z === RUN   TestMap
2025-11-26T16:01:03.7872589Z --- PASS: TestMap (0.00s)
2025-11-26T16:01:03.7873368Z === RUN   TestOf
2025-11-26T16:01:03.7874088Z --- PASS: TestOf (0.00s)
2025-11-26T16:01:03.7874655Z === RUN   TestAp
2025-11-26T16:01:03.7875306Z --- PASS: TestAp (0.00s)
2025-11-26T16:01:03.7876073Z PASS
2025-11-26T16:01:03.7885000Z coverage: 5.4% of statements
2025-11-26T16:01:03.7885609Z ok  	github.com/IBM/fp-go/constant	1.013s	coverage: 5.4% of statements
2025-11-26T16:01:03.7886468Z 	github.com/IBM/fp-go/context/ioeither/generic		coverage: 0.0% of statements
2025-11-26T16:01:03.7887426Z 	github.com/IBM/fp-go/context/ioeither		coverage: 0.0% of statements
2025-11-26T16:01:04.4457669Z 	github.com/IBM/fp-go/context/readereither/exec		coverage: 0.0% of statements
2025-11-26T16:01:05.4909627Z === RUN   TestBind
2025-11-26T16:01:05.4912802Z --- PASS: TestBind (0.00s)
2025-11-26T16:01:05.4913539Z === RUN   TestApS
2025-11-26T16:01:05.4914040Z --- PASS: TestApS (0.00s)
2025-11-26T16:01:05.4914418Z PASS
2025-11-26T16:01:05.4914725Z coverage: 3.6% of statements
2025-11-26T16:01:05.4915352Z ok  	github.com/IBM/fp-go/context/readereither	1.043s	coverage: 3.6% of statements
2025-11-26T16:01:07.0012824Z 	github.com/IBM/fp-go/context/readerioeither/exec		coverage: 0.0% of statements
2025-11-26T16:01:07.0014213Z 	github.com/IBM/fp-go/context/readerioeither/generic		coverage: 0.0% of statements
2025-11-26T16:01:11.9803861Z 	github.com/IBM/fp-go/di/erasure		coverage: 0.0% of statements
2025-11-26T16:01:12.0552675Z 	github.com/IBM/fp-go/either/exec		coverage: 0.0% of statements
2025-11-26T16:01:12.0694557Z === RUN   TestBind
2025-11-26T16:01:12.0695095Z --- PASS: TestBind (0.00s)
2025-11-26T16:01:12.0695629Z === RUN   TestApS
2025-11-26T16:01:12.0696316Z --- PASS: TestApS (0.00s)
2025-11-26T16:01:12.0696916Z === RUN   TestInnerContextCancelSemantics
2025-11-26T16:01:12.0697787Z --- PASS: TestInnerContextCancelSemantics (0.00s)
2025-11-26T16:01:12.0698454Z === RUN   TestOuterContextCancelSemantics
2025-11-26T16:01:12.0699139Z --- PASS: TestOuterContextCancelSemantics (0.00s)
2025-11-26T16:01:12.0699695Z === RUN   TestOuterAndInnerContextCancelSemantics
2025-11-26T16:01:12.0700429Z --- PASS: TestOuterAndInnerContextCancelSemantics (0.00s)
2025-11-26T16:01:12.0701123Z === RUN   TestCancelCauseSemantics
2025-11-26T16:01:12.0701673Z --- PASS: TestCancelCauseSemantics (0.00s)
2025-11-26T16:01:12.0702249Z === RUN   TestTimer
2025-11-26T16:01:12.0702689Z --- PASS: TestTimer (3.00s)
2025-11-26T16:01:12.0703182Z === RUN   TestCanceledApply
2025-11-26T16:01:12.0703685Z --- PASS: TestCanceledApply (1.00s)
2025-11-26T16:01:12.0704192Z === RUN   TestRegularApply
2025-11-26T16:01:12.0704935Z --- PASS: TestRegularApply (0.00s)
2025-11-26T16:01:12.0705539Z === RUN   TestWithResourceNoErrors
2025-11-26T16:01:12.0706110Z --- PASS: TestWithResourceNoErrors (0.00s)
2025-11-26T16:01:12.0706704Z === RUN   TestWithResourceErrorInBody
2025-11-26T16:01:12.0707514Z --- PASS: TestWithResourceErrorInBody (0.00s)
2025-11-26T16:01:12.0708095Z === RUN   TestWithResourceErrorInAcquire
2025-11-26T16:01:12.0708698Z --- PASS: TestWithResourceErrorInAcquire (0.00s)
2025-11-26T16:01:12.0709323Z === RUN   TestWithResourceErrorInRelease
2025-11-26T16:01:12.0709891Z --- PASS: TestWithResourceErrorInRelease (0.00s)
2025-11-26T16:01:12.0710442Z === RUN   ExampleWithResource
2025-11-26T16:01:12.0710951Z 2025/11/26 16:01:11 Opened file [data/file.txt]
2025-11-26T16:01:12.0711537Z 2025/11/26 16:01:11 Read content of length [7]
2025-11-26T16:01:12.0712127Z 2025/11/26 16:01:11 Closed file [data/file.txt]
2025-11-26T16:01:12.0712678Z --- PASS: ExampleWithResource (0.00s)
2025-11-26T16:01:12.0713184Z PASS
2025-11-26T16:01:12.0713526Z coverage: 8.2% of statements
2025-11-26T16:01:12.0714213Z ok  	github.com/IBM/fp-go/context/readerioeither	5.069s	coverage: 8.2% of statements
2025-11-26T16:01:12.0714902Z === RUN   TestWithTempFile
2025-11-26T16:01:12.0715291Z --- PASS: TestWithTempFile (0.00s)
2025-11-26T16:01:12.0715773Z === RUN   TestWithTempFileOnClosedFile
2025-11-26T16:01:12.0716295Z --- PASS: TestWithTempFileOnClosedFile (0.00s)
2025-11-26T16:01:12.0716788Z === RUN   ExampleReadFile
2025-11-26T16:01:12.0717339Z 2025/11/26 16:01:07 Log: {Carsten}
2025-11-26T16:01:12.0717747Z --- PASS: ExampleReadFile (0.00s)
2025-11-26T16:01:12.0718152Z PASS
2025-11-26T16:01:12.0718472Z coverage: 6.3% of statements
2025-11-26T16:01:12.0719156Z ok  	github.com/IBM/fp-go/context/readerioeither/file	1.045s	coverage: 6.3% of statements
2025-11-26T16:01:12.0719877Z === RUN   TestSendSingleRequest
2025-11-26T16:01:12.0720740Z Right[http.PostItem]({1 1 sunt aut facere repellat provident occaecati excepturi optio reprehenderit quia et suscipit
2025-11-26T16:01:12.0721741Z suscipit recusandae consequuntur expedita et cum
2025-11-26T16:01:12.0722333Z reprehenderit molestiae ut ut quas totam
2025-11-26T16:01:12.0722906Z nostrum rerum est autem sunt rem eveniet architecto})
2025-11-26T16:01:12.0723497Z --- PASS: TestSendSingleRequest (0.29s)
2025-11-26T16:01:12.0724037Z === RUN   TestSendSingleRequestWithHeaderUnsafe
2025-11-26T16:01:12.0724654Z --- PASS: TestSendSingleRequestWithHeaderUnsafe (0.01s)
2025-11-26T16:01:12.0725227Z === RUN   TestSendSingleRequestWithHeaderSafe
2025-11-26T16:01:12.0725797Z --- PASS: TestSendSingleRequestWithHeaderSafe (0.01s)
2025-11-26T16:01:12.0726277Z PASS
2025-11-26T16:01:12.0726573Z coverage: 5.2% of statements
2025-11-26T16:01:12.0727651Z ok  	github.com/IBM/fp-go/context/readerioeither/http	1.374s	coverage: 5.2% of statements
2025-11-26T16:01:12.0728407Z === RUN   TestBuilderWithQuery
2025-11-26T16:01:12.0728844Z --- PASS: TestBuilderWithQuery (0.00s)
2025-11-26T16:01:12.0729232Z PASS
2025-11-26T16:01:12.0729555Z coverage: 6.1% of statements
2025-11-26T16:01:12.0730525Z ok  	github.com/IBM/fp-go/context/readerioeither/http/builder	1.037s	coverage: 6.1% of statements
2025-11-26T16:01:12.1333077Z 	github.com/IBM/fp-go/either/http		coverage: 0.0% of statements
2025-11-26T16:01:12.6156068Z 	github.com/IBM/fp-go/endomorphism		coverage: 0.0% of statements
2025-11-26T16:01:12.6187936Z 	github.com/IBM/fp-go/endomorphism/generic		coverage: 0.0% of statements
2025-11-26T16:01:12.6222788Z 	github.com/IBM/fp-go/eq		coverage: 0.0% of statements
2025-11-26T16:01:12.6446121Z 	github.com/IBM/fp-go/eq/testing		coverage: 0.0% of statements
2025-11-26T16:01:13.0380506Z === RUN   TestSimpleProvider
2025-11-26T16:01:13.0381171Z --- PASS: TestSimpleProvider (0.00s)
2025-11-26T16:01:13.0381740Z === RUN   TestOptionalProvider
2025-11-26T16:01:13.0382277Z --- PASS: TestOptionalProvider (0.00s)
2025-11-26T16:01:13.0382905Z === RUN   TestOptionalProviderMissingDependency
2025-11-26T16:01:13.0383635Z --- PASS: TestOptionalProviderMissingDependency (0.00s)
2025-11-26T16:01:13.0384566Z === RUN   TestProviderMissingDependency
2025-11-26T16:01:13.0385194Z --- PASS: TestProviderMissingDependency (0.00s)
2025-11-26T16:01:13.0385790Z === RUN   TestEagerAndLazyProvider
2025-11-26T16:01:13.0388147Z Right[string](Dynamic based on [Dynamic based on [Static based on [Carsten], at [2025-11-26 16:01:11.99209327 +0000 UTC m=+0.006154366]] at [2025-11-26 16:01:11.992282164 +0000 UTC m=+0.006343259]], [Static based on [Carsten], at [2025-11-26 16:01:11.99209327 +0000 UTC m=+0.006154366]] at [2025-11-26 16:01:11.992302261 +0000 UTC m=+0.006363357])
2025-11-26T16:01:13.0390172Z --- PASS: TestEagerAndLazyProvider (0.00s)
2025-11-26T16:01:13.0390733Z === RUN   TestItemProvider
2025-11-26T16:01:13.0391206Z --- PASS: TestItemProvider (0.00s)
2025-11-26T16:01:13.0391718Z === RUN   TestEmptyItemProvider
2025-11-26T16:01:13.0392166Z --- PASS: TestEmptyItemProvider (0.00s)
2025-11-26T16:01:13.0392657Z === RUN   TestDependencyOnMultiProvider
2025-11-26T16:01:13.0393176Z --- PASS: TestDependencyOnMultiProvider (0.00s)
2025-11-26T16:01:13.0393720Z === RUN   TestTokenWithDefaultProvider
2025-11-26T16:01:13.0394244Z --- PASS: TestTokenWithDefaultProvider (0.00s)
2025-11-26T16:01:13.0394818Z === RUN   TestTokenWithDefaultProviderAndOverride
2025-11-26T16:01:13.0395457Z --- PASS: TestTokenWithDefaultProviderAndOverride (0.00s)
2025-11-26T16:01:13.0396004Z === RUN   TestToType
2025-11-26T16:01:13.0396372Z --- PASS: TestToType (0.00s)
2025-11-26T16:01:13.0396819Z === RUN   TestToOptionType
2025-11-26T16:01:13.0397617Z --- PASS: TestToOptionType (0.00s)
2025-11-26T16:01:13.0398164Z === RUN   TestToIOEitherType
2025-11-26T16:01:13.0398587Z --- PASS: TestToIOEitherType (0.00s)
2025-11-26T16:01:13.0399020Z === RUN   TestToArrayType
2025-11-26T16:01:13.0399414Z --- PASS: TestToArrayType (0.00s)
2025-11-26T16:01:13.0399804Z PASS
2025-11-26T16:01:13.0400108Z coverage: 14.6% of statements
2025-11-26T16:01:13.0400651Z ok  	github.com/IBM/fp-go/di	1.057s	coverage: 14.6% of statements
2025-11-26T16:01:13.0401241Z === RUN   TestApplySemigroup
2025-11-26T16:01:13.0401685Z --- PASS: TestApplySemigroup (0.00s)
2025-11-26T16:01:13.0402087Z === RUN   TestApplicativeMonoid
2025-11-26T16:01:13.0402487Z --- PASS: TestApplicativeMonoid (0.00s)
2025-11-26T16:01:13.0402914Z === RUN   TestApplicativeMonoidLaws
2025-11-26T16:01:13.0403337Z --- PASS: TestApplicativeMonoidLaws (0.00s)
2025-11-26T16:01:13.0403759Z === RUN   TestCompactArray
2025-11-26T16:01:13.0404112Z --- PASS: TestCompactArray (0.00s)
2025-11-26T16:01:13.0404488Z === RUN   TestSequenceArray
2025-11-26T16:01:13.0404885Z === RUN   TestSequenceArray/TestSequenceArray_0
2025-11-26T16:01:13.0405355Z === RUN   TestSequenceArray/TestSequenceArray_1
2025-11-26T16:01:13.0405802Z === RUN   TestSequenceArray/TestSequenceArray_2
2025-11-26T16:01:13.0406261Z === RUN   TestSequenceArray/TestSequenceArray_3
2025-11-26T16:01:13.0406710Z === RUN   TestSequenceArray/TestSequenceArray_4
2025-11-26T16:01:13.0407436Z === RUN   TestSequenceArray/TestSequenceArray_5
2025-11-26T16:01:13.0407891Z === RUN   TestSequenceArray/TestSequenceArray_6
2025-11-26T16:01:13.0408612Z === RUN   TestSequenceArray/TestSequenceArray_7
2025-11-26T16:01:13.0409064Z === RUN   TestSequenceArray/TestSequenceArray_8
2025-11-26T16:01:13.0409507Z === RUN   TestSequenceArray/TestSequenceArray_9
2025-11-26T16:01:13.0409943Z --- PASS: TestSequenceArray (0.00s)
2025-11-26T16:01:13.0410504Z     --- PASS: TestSequenceArray/TestSequenceArray_0 (0.00s)
2025-11-26T16:01:13.0411124Z     --- PASS: TestSequenceArray/TestSequenceArray_1 (0.00s)
2025-11-26T16:01:13.0411745Z     --- PASS: TestSequenceArray/TestSequenceArray_2 (0.00s)
2025-11-26T16:01:13.0412293Z     --- PASS: TestSequenceArray/TestSequenceArray_3 (0.00s)
2025-11-26T16:01:13.0412842Z     --- PASS: TestSequenceArray/TestSequenceArray_4 (0.00s)
2025-11-26T16:01:13.0413379Z     --- PASS: TestSequenceArray/TestSequenceArray_5 (0.00s)
2025-11-26T16:01:13.0413925Z     --- PASS: TestSequenceArray/TestSequenceArray_6 (0.00s)
2025-11-26T16:01:13.0414467Z     --- PASS: TestSequenceArray/TestSequenceArray_7 (0.00s)
2025-11-26T16:01:13.0415131Z     --- PASS: TestSequenceArray/TestSequenceArray_8 (0.00s)
2025-11-26T16:01:13.0415834Z     --- PASS: TestSequenceArray/TestSequenceArray_9 (0.00s)
2025-11-26T16:01:13.0416276Z === RUN   TestSequenceArrayError
2025-11-26T16:01:13.0416656Z === RUN   TestSequenceArrayError/Bitmask_test_1
2025-11-26T16:01:13.0417224Z === RUN   TestSequenceArrayError/Bitmask_test_2
2025-11-26T16:01:13.0417709Z === RUN   TestSequenceArrayError/Bitmask_test_3
2025-11-26T16:01:13.0418118Z === RUN   TestSequenceArrayError/Bitmask_test_4
2025-11-26T16:01:13.0418517Z === RUN   TestSequenceArrayError/Bitmask_test_5
2025-11-26T16:01:13.0418920Z === RUN   TestSequenceArrayError/Bitmask_test_6
2025-11-26T16:01:13.0419333Z === RUN   TestSequenceArrayError/Bitmask_test_7
2025-11-26T16:01:13.0419731Z === RUN   TestSequenceArrayError/Bitmask_test_8
2025-11-26T16:01:13.0420134Z === RUN   TestSequenceArrayError/Bitmask_test_9
2025-11-26T16:01:13.0420547Z === RUN   TestSequenceArrayError/Bitmask_test_10
2025-11-26T16:01:13.0420986Z === RUN   TestSequenceArrayError/Bitmask_test_11
2025-11-26T16:01:13.0421404Z === RUN   TestSequenceArrayError/Bitmask_test_12
2025-11-26T16:01:13.0421816Z === RUN   TestSequenceArrayError/Bitmask_test_13
2025-11-26T16:01:13.0422230Z === RUN   TestSequenceArrayError/Bitmask_test_14
2025-11-26T16:01:13.0422616Z === RUN   TestSequenceArrayError/Bitmask_test_15
2025-11-26T16:01:13.0422987Z --- PASS: TestSequenceArrayError (0.00s)
2025-11-26T16:01:13.0423494Z     --- PASS: TestSequenceArrayError/Bitmask_test_1 (0.00s)
2025-11-26T16:01:13.0423995Z     --- PASS: TestSequenceArrayError/Bitmask_test_2 (0.00s)
2025-11-26T16:01:13.0424489Z     --- PASS: TestSequenceArrayError/Bitmask_test_3 (0.00s)
2025-11-26T16:01:13.0424981Z     --- PASS: TestSequenceArrayError/Bitmask_test_4 (0.00s)
2025-11-26T16:01:13.0425469Z     --- PASS: TestSequenceArrayError/Bitmask_test_5 (0.00s)
2025-11-26T16:01:13.0425956Z     --- PASS: TestSequenceArrayError/Bitmask_test_6 (0.00s)
2025-11-26T16:01:13.0426457Z     --- PASS: TestSequenceArrayError/Bitmask_test_7 (0.00s)
2025-11-26T16:01:13.0426949Z     --- PASS: TestSequenceArrayError/Bitmask_test_8 (0.00s)
2025-11-26T16:01:13.0427614Z     --- PASS: TestSequenceArrayError/Bitmask_test_9 (0.00s)
2025-11-26T16:01:13.0428130Z     --- PASS: TestSequenceArrayError/Bitmask_test_10 (0.00s)
2025-11-26T16:01:13.0428646Z     --- PASS: TestSequenceArrayError/Bitmask_test_11 (0.00s)
2025-11-26T16:01:13.0429154Z     --- PASS: TestSequenceArrayError/Bitmask_test_12 (0.00s)
2025-11-26T16:01:13.0429654Z     --- PASS: TestSequenceArrayError/Bitmask_test_13 (0.00s)
2025-11-26T16:01:13.0430163Z     --- PASS: TestSequenceArrayError/Bitmask_test_14 (0.00s)
2025-11-26T16:01:13.0430676Z     --- PASS: TestSequenceArrayError/Bitmask_test_15 (0.00s)
2025-11-26T16:01:13.0431036Z === RUN   TestBind
2025-11-26T16:01:13.0431292Z --- PASS: TestBind (0.00s)
2025-11-26T16:01:13.0431562Z === RUN   TestApS
2025-11-26T16:01:13.0431803Z --- PASS: TestApS (0.00s)
2025-11-26T16:01:13.0432059Z === RUN   TestIsLeft
2025-11-26T16:01:13.0432432Z --- PASS: TestIsLeft (0.00s)
2025-11-26T16:01:13.0432692Z === RUN   TestIsRight
2025-11-26T16:01:13.0432930Z --- PASS: TestIsRight (0.00s)
2025-11-26T16:01:13.0433199Z === RUN   TestMapEither
2025-11-26T16:01:13.0433454Z --- PASS: TestMapEither (0.00s)
2025-11-26T16:01:13.0433721Z === RUN   TestUnwrapError
2025-11-26T16:01:13.0433983Z --- PASS: TestUnwrapError (0.00s)
2025-11-26T16:01:13.0434258Z === RUN   TestReduce
2025-11-26T16:01:13.0434494Z --- PASS: TestReduce (0.00s)
2025-11-26T16:01:13.0434746Z === RUN   TestAp
2025-11-26T16:01:13.0434968Z --- PASS: TestAp (0.00s)
2025-11-26T16:01:13.0435199Z === RUN   TestAlt
2025-11-26T16:01:13.0435424Z --- PASS: TestAlt (0.00s)
2025-11-26T16:01:13.0435673Z === RUN   TestChainFirst
2025-11-26T16:01:13.0435924Z --- PASS: TestChainFirst (0.00s)
2025-11-26T16:01:13.0436206Z === RUN   TestChainOptionK
2025-11-26T16:01:13.0436475Z --- PASS: TestChainOptionK (0.00s)
2025-11-26T16:01:13.0436754Z === RUN   TestFromOption
2025-11-26T16:01:13.0437311Z --- PASS: TestFromOption (0.00s)
2025-11-26T16:01:13.0437589Z === RUN   TestStringer
2025-11-26T16:01:13.0456446Z --- PASS: TestStringer (0.00s)
2025-11-26T16:01:13.0456785Z === RUN   TestFromIO
2025-11-26T16:01:13.0457213Z --- PASS: TestFromIO (0.00s)
2025-11-26T16:01:13.0457568Z === RUN   TestEq
2025-11-26T16:01:13.0457793Z --- PASS: TestEq (0.00s)
2025-11-26T16:01:13.0458041Z === RUN   TestLogger
2025-11-26T16:01:13.0458280Z 2025/11/26 16:01:11 out: test
2025-11-26T16:01:13.0458549Z --- PASS: TestLogger (0.00s)
2025-11-26T16:01:13.0458812Z === RUN   TestCompactRecord
2025-11-26T16:01:13.0459094Z --- PASS: TestCompactRecord (0.00s)
2025-11-26T16:01:13.0459391Z === RUN   TestWithResource
2025-11-26T16:01:13.0459658Z --- PASS: TestWithResource (0.00s)
2025-11-26T16:01:13.0459941Z === RUN   TestTraverse
2025-11-26T16:01:13.0460184Z --- PASS: TestTraverse (0.00s)
2025-11-26T16:01:13.0460439Z === RUN   TestSequence
2025-11-26T16:01:13.0460677Z --- PASS: TestSequence (0.00s)
2025-11-26T16:01:13.0460959Z === RUN   ExampleEither_creation
2025-11-26T16:01:13.0461254Z --- PASS: ExampleEither_creation (0.00s)
2025-11-26T16:01:13.0461572Z === RUN   ExampleEither_extraction
2025-11-26T16:01:13.0461886Z --- PASS: ExampleEither_extraction (0.00s)
2025-11-26T16:01:13.0462178Z PASS
2025-11-26T16:01:13.0462386Z coverage: 14.9% of statements
2025-11-26T16:01:13.0462755Z ok  	github.com/IBM/fp-go/either	1.042s	coverage: 14.9% of statements
2025-11-26T16:01:13.3597514Z ?   	github.com/IBM/fp-go/exec	[no test files]
2025-11-26T16:01:13.3616698Z 	github.com/IBM/fp-go/file		coverage: 0.0% of statements
2025-11-26T16:01:13.6387765Z === RUN   TestMonadLaws
2025-11-26T16:01:13.6391598Z --- PASS: TestMonadLaws (0.00s)
2025-11-26T16:01:13.6392472Z PASS
2025-11-26T16:01:13.6393333Z coverage: 8.8% of statements
2025-11-26T16:01:13.6394632Z ok  	github.com/IBM/fp-go/either/testing	1.023s	coverage: 8.8% of statements
2025-11-26T16:01:13.8377669Z 	github.com/IBM/fp-go/function/generic		coverage: 0.0% of statements
2025-11-26T16:01:13.9111548Z === RUN   TestEither
2025-11-26T16:01:13.9112200Z CARSTEN
2025-11-26T16:01:13.9112744Z --- PASS: TestEither (0.00s)
2025-11-26T16:01:13.9113370Z PASS
2025-11-26T16:01:13.9113888Z coverage: 1.4% of statements
2025-11-26T16:01:13.9114860Z ok  	github.com/IBM/fp-go/erasure	1.019s	coverage: 1.4% of statements
2025-11-26T16:01:14.3811504Z === RUN   TestAs
2025-11-26T16:01:14.3811970Z --- PASS: TestAs (0.00s)
2025-11-26T16:01:14.3812438Z === RUN   TestNotAs
2025-11-26T16:01:14.3812811Z --- PASS: TestNotAs (0.00s)
2025-11-26T16:01:14.3813262Z === RUN   TestOnError
2025-11-26T16:01:14.3813657Z --- PASS: TestOnError (0.00s)
2025-11-26T16:01:14.3814002Z PASS
2025-11-26T16:01:14.3814298Z coverage: 1.7% of statements
2025-11-26T16:01:14.3814958Z ok  	github.com/IBM/fp-go/errors	1.020s	coverage: 1.7% of statements
2025-11-26T16:01:14.5948763Z ?   	github.com/IBM/fp-go/http/content	[no test files]
2025-11-26T16:01:14.8589466Z === RUN   TestCache
2025-11-26T16:01:14.8590142Z --- PASS: TestCache (0.00s)
2025-11-26T16:01:14.8591173Z === RUN   TestSingleElementCache
2025-11-26T16:01:14.8591972Z --- PASS: TestSingleElementCache (0.00s)
2025-11-26T16:01:14.8592754Z === RUN   TestFlip
2025-11-26T16:01:14.8593336Z --- PASS: TestFlip (0.00s)
2025-11-26T16:01:14.8594003Z === RUN   TestUnvariadic
2025-11-26T16:01:14.8594503Z --- PASS: TestUnvariadic (0.00s)
2025-11-26T16:01:14.8594930Z === RUN   TestVariadicArity
2025-11-26T16:01:14.8595544Z --- PASS: TestVariadicArity (0.00s)
2025-11-26T16:01:14.8596096Z === RUN   Example
2025-11-26T16:01:14.8596576Z --- PASS: Example (0.00s)
2025-11-26T16:01:14.8597526Z PASS
2025-11-26T16:01:14.8598162Z coverage: 8.1% of statements
2025-11-26T16:01:14.8599043Z ok  	github.com/IBM/fp-go/function	1.021s	coverage: 8.1% of statements
2025-11-26T16:01:15.3596494Z === RUN   TestValidateJsonContentTypeString
2025-11-26T16:01:15.3597324Z --- PASS: TestValidateJsonContentTypeString (0.00s)
2025-11-26T16:01:15.3598193Z === RUN   TestValidateInvalidJsonContentTypeString
2025-11-26T16:01:15.3599444Z --- PASS: TestValidateInvalidJsonContentTypeString (0.00s)
2025-11-26T16:01:15.3600220Z PASS
2025-11-26T16:01:15.3600660Z coverage: 1.6% of statements
2025-11-26T16:01:15.3601447Z ok  	github.com/IBM/fp-go/http	1.023s	coverage: 1.6% of statements
2025-11-26T16:01:15.6262848Z === RUN   TestBuilder
2025-11-26T16:01:15.6263361Z --- PASS: TestBuilder (0.00s)
2025-11-26T16:01:15.6263878Z === RUN   TestWithFormData
2025-11-26T16:01:15.6264445Z --- PASS: TestWithFormData (0.00s)
2025-11-26T16:01:15.6264929Z === RUN   TestHash
2025-11-26T16:01:15.6265533Z bb09d9b461124ec0a616e95537522cb631a59219f5a74af53e2d2fd3e03b2381
2025-11-26T16:01:15.6266260Z --- PASS: TestHash (0.00s)
2025-11-26T16:01:15.6266620Z PASS
2025-11-26T16:01:15.6266904Z coverage: 9.1% of statements
2025-11-26T16:01:15.6267781Z ok  	github.com/IBM/fp-go/http/builder	1.029s	coverage: 9.1% of statements
2025-11-26T16:01:15.6924273Z 	github.com/IBM/fp-go/identity/generic		coverage: 0.0% of statements
2025-11-26T16:01:15.6955109Z 	github.com/IBM/fp-go/internal/applicative		coverage: 0.0% of statements
2025-11-26T16:01:15.6988508Z 	github.com/IBM/fp-go/internal/applicative/testing		coverage: 0.0% of statements
2025-11-26T16:01:15.7019300Z 	github.com/IBM/fp-go/internal/apply		coverage: 0.0% of statements
2025-11-26T16:01:15.7051887Z 	github.com/IBM/fp-go/internal/apply/testing		coverage: 0.0% of statements
2025-11-26T16:01:15.7083197Z 	github.com/IBM/fp-go/internal/array		coverage: 0.0% of statements
2025-11-26T16:01:15.7114624Z 	github.com/IBM/fp-go/internal/bracket		coverage: 0.0% of statements
2025-11-26T16:01:15.7144459Z 	github.com/IBM/fp-go/internal/chain		coverage: 0.0% of statements
2025-11-26T16:01:15.7174944Z 	github.com/IBM/fp-go/internal/chain/testing		coverage: 0.0% of statements
2025-11-26T16:01:15.7204129Z 	github.com/IBM/fp-go/internal/eithert		coverage: 0.0% of statements
2025-11-26T16:01:15.7233873Z 	github.com/IBM/fp-go/internal/eq		coverage: 0.0% of statements
2025-11-26T16:01:15.7261658Z 	github.com/IBM/fp-go/internal/exec		coverage: 0.0% of statements
2025-11-26T16:01:15.7290497Z 	github.com/IBM/fp-go/internal/file		coverage: 0.0% of statements
2025-11-26T16:01:15.7440041Z ?   	github.com/IBM/fp-go/internal/foldable	[no test files]
2025-11-26T16:01:15.7456122Z 	github.com/IBM/fp-go/internal/fromeither		coverage: 0.0% of statements
2025-11-26T16:01:15.7486006Z 	github.com/IBM/fp-go/internal/fromio		coverage: 0.0% of statements
2025-11-26T16:01:15.7513788Z 	github.com/IBM/fp-go/internal/fromioeither		coverage: 0.0% of statements
2025-11-26T16:01:15.7542612Z 	github.com/IBM/fp-go/internal/fromreader		coverage: 0.0% of statements
2025-11-26T16:01:15.7571059Z 	github.com/IBM/fp-go/internal/functor		coverage: 0.0% of statements
2025-11-26T16:01:15.7599500Z 	github.com/IBM/fp-go/internal/functor/testing		coverage: 0.0% of statements
2025-11-26T16:01:15.7628297Z 	github.com/IBM/fp-go/internal/lazy		coverage: 0.0% of statements
2025-11-26T16:01:15.7655877Z 	github.com/IBM/fp-go/internal/monad		coverage: 0.0% of statements
2025-11-26T16:01:15.7684984Z 	github.com/IBM/fp-go/internal/monad/testing		coverage: 0.0% of statements
2025-11-26T16:01:15.7713787Z 	github.com/IBM/fp-go/internal/optiont		coverage: 0.0% of statements
2025-11-26T16:01:15.7737710Z ?   	github.com/IBM/fp-go/internal/pointed	[no test files]
2025-11-26T16:01:15.7756028Z 	github.com/IBM/fp-go/internal/readert		coverage: 0.0% of statements
2025-11-26T16:01:15.7786310Z 	github.com/IBM/fp-go/internal/record		coverage: 0.0% of statements
2025-11-26T16:01:15.8134994Z 	github.com/IBM/fp-go/internal/statet		coverage: 0.0% of statements
2025-11-26T16:01:15.8164601Z 	github.com/IBM/fp-go/internal/testing		coverage: 0.0% of statements
2025-11-26T16:01:15.8194039Z 	github.com/IBM/fp-go/internal/utils		coverage: 0.0% of statements
2025-11-26T16:01:16.1099512Z === RUN   TestLaws
2025-11-26T16:01:16.1100027Z --- PASS: TestLaws (0.00s)
2025-11-26T16:01:16.1100517Z === RUN   TestFormField
2025-11-26T16:01:16.1100989Z --- PASS: TestFormField (0.00s)
2025-11-26T16:01:16.1101435Z PASS
2025-11-26T16:01:16.1102136Z coverage: 7.6% of statements
2025-11-26T16:01:16.1102861Z ok  	github.com/IBM/fp-go/http/form	1.021s	coverage: 7.6% of statements
2025-11-26T16:01:16.4215137Z === RUN   TestLaws
2025-11-26T16:01:16.4215869Z --- PASS: TestLaws (0.00s)
2025-11-26T16:01:16.4216499Z PASS
2025-11-26T16:01:16.4217022Z coverage: 7.2% of statements
2025-11-26T16:01:16.4218231Z ok  	github.com/IBM/fp-go/http/headers	1.021s	coverage: 7.2% of statements
2025-11-26T16:01:16.5017620Z 	github.com/IBM/fp-go/io/generic		coverage: 0.0% of statements
2025-11-26T16:01:16.5018655Z 	github.com/IBM/fp-go/io/file		coverage: 0.0% of statements
2025-11-26T16:01:16.7110857Z === RUN   TestMap
2025-11-26T16:01:16.7111459Z --- PASS: TestMap (0.00s)
2025-11-26T16:01:16.7115178Z === RUN   TestChain
2025-11-26T16:01:16.7115627Z --- PASS: TestChain (0.00s)
2025-11-26T16:01:16.7116038Z === RUN   TestAp
2025-11-26T16:01:16.7116423Z --- PASS: TestAp (0.00s)
2025-11-26T16:01:16.7116802Z PASS
2025-11-26T16:01:16.7117318Z coverage: 2.1% of statements
2025-11-26T16:01:16.7117977Z ok  	github.com/IBM/fp-go/identity	1.018s	coverage: 2.1% of statements
2025-11-26T16:01:17.5380693Z === RUN   TestBind
2025-11-26T16:01:17.5381259Z --- PASS: TestBind (0.00s)
2025-11-26T16:01:17.5381814Z === RUN   TestApS
2025-11-26T16:01:17.5382307Z --- PASS: TestApS (0.00s)
2025-11-26T16:01:17.5382829Z === RUN   TestMap
2025-11-26T16:01:17.5383303Z --- PASS: TestMap (0.00s)
2025-11-26T16:01:17.5383817Z === RUN   TestChain
2025-11-26T16:01:17.5384310Z --- PASS: TestChain (0.00s)
2025-11-26T16:01:17.5384861Z === RUN   TestAp
2025-11-26T16:01:17.5385321Z --- PASS: TestAp (0.00s)
2025-11-26T16:01:17.5385819Z === RUN   TestFlatten
2025-11-26T16:01:17.5386206Z --- PASS: TestFlatten (0.00s)
2025-11-26T16:01:17.5386530Z === RUN   TestMemoize
2025-11-26T16:01:17.5386917Z --- PASS: TestMemoize (0.00s)
2025-11-26T16:01:17.5387542Z === RUN   TestApFirst
2025-11-26T16:01:17.5387871Z --- PASS: TestApFirst (0.00s)
2025-11-26T16:01:17.5388362Z === RUN   TestApSecond
2025-11-26T16:01:17.5388841Z --- PASS: TestApSecond (0.00s)
2025-11-26T16:01:17.5389301Z === RUN   TestLogger
2025-11-26T16:01:17.5389583Z 2025/11/26 16:01:16 out: 10
2025-11-26T16:01:17.5389921Z --- PASS: TestLogger (0.00s)
2025-11-26T16:01:17.5390383Z === RUN   TestLogf
2025-11-26T16:01:17.5390735Z 2025/11/26 16:01:16 Value is 10
2025-11-26T16:01:17.5391152Z --- PASS: TestLogf (0.00s)
2025-11-26T16:01:17.5391538Z === RUN   TestRetry
2025-11-26T16:01:17.5391864Z --- PASS: TestRetry (0.00s)
2025-11-26T16:01:17.5392231Z === RUN   TestMapSeq
2025-11-26T16:01:17.5392561Z --- PASS: TestMapSeq (0.00s)
2025-11-26T16:01:17.5393144Z === RUN   TestSequenceArray
2025-11-26T16:01:17.5393805Z === RUN   TestSequenceArray/TestSequenceArray_0
2025-11-26T16:01:17.5394386Z === RUN   TestSequenceArray/TestSequenceArray_1
2025-11-26T16:01:17.5394914Z === RUN   TestSequenceArray/TestSequenceArray_2
2025-11-26T16:01:17.5395442Z === RUN   TestSequenceArray/TestSequenceArray_3
2025-11-26T16:01:17.5396041Z === RUN   TestSequenceArray/TestSequenceArray_4
2025-11-26T16:01:17.5396819Z === RUN   TestSequenceArray/TestSequenceArray_5
2025-11-26T16:01:17.5397508Z === RUN   TestSequenceArray/TestSequenceArray_6
2025-11-26T16:01:17.5398005Z === RUN   TestSequenceArray/TestSequenceArray_7
2025-11-26T16:01:17.5398463Z === RUN   TestSequenceArray/TestSequenceArray_8
2025-11-26T16:01:17.5398973Z === RUN   TestSequenceArray/TestSequenceArray_9
2025-11-26T16:01:17.5399470Z --- PASS: TestSequenceArray (0.00s)
2025-11-26T16:01:17.5400099Z     --- PASS: TestSequenceArray/TestSequenceArray_0 (0.00s)
2025-11-26T16:01:17.5400824Z     --- PASS: TestSequenceArray/TestSequenceArray_1 (0.00s)
2025-11-26T16:01:17.5401552Z     --- PASS: TestSequenceArray/TestSequenceArray_2 (0.00s)
2025-11-26T16:01:17.5402247Z     --- PASS: TestSequenceArray/TestSequenceArray_3 (0.00s)
2025-11-26T16:01:17.5402914Z     --- PASS: TestSequenceArray/TestSequenceArray_4 (0.00s)
2025-11-26T16:01:17.5403641Z     --- PASS: TestSequenceArray/TestSequenceArray_5 (0.00s)
2025-11-26T16:01:17.5404296Z     --- PASS: TestSequenceArray/TestSequenceArray_6 (0.00s)
2025-11-26T16:01:17.5405113Z     --- PASS: TestSequenceArray/TestSequenceArray_7 (0.00s)
2025-11-26T16:01:17.5405587Z     --- PASS: TestSequenceArray/TestSequenceArray_8 (0.00s)
2025-11-26T16:01:17.5406104Z     --- PASS: TestSequenceArray/TestSequenceArray_9 (0.00s)
2025-11-26T16:01:17.5406426Z PASS
2025-11-26T16:01:17.5406711Z coverage: 16.3% of statements
2025-11-26T16:01:17.5407036Z ok  	github.com/IBM/fp-go/io	1.036s	coverage: 16.3% of statements
2025-11-26T16:01:18.0639958Z === RUN   TestMonadLaws
2025-11-26T16:01:18.0642327Z --- PASS: TestMonadLaws (0.00s)
2025-11-26T16:01:18.0642862Z PASS
2025-11-26T16:01:18.0643241Z coverage: 13.5% of statements
2025-11-26T16:01:18.0643902Z ok  	github.com/IBM/fp-go/io/testing	1.030s	coverage: 13.5% of statements
2025-11-26T16:01:18.3667429Z 	github.com/IBM/fp-go/ioeither/generic		coverage: 0.0% of statements
2025-11-26T16:01:19.7286719Z === RUN   TestBind
2025-11-26T16:01:19.7288233Z --- PASS: TestBind (0.00s)
2025-11-26T16:01:19.7288746Z === RUN   TestApS
2025-11-26T16:01:19.7289201Z --- PASS: TestApS (0.00s)
2025-11-26T16:01:19.7289653Z === RUN   TestEq
2025-11-26T16:01:19.7290062Z --- PASS: TestEq (0.00s)
2025-11-26T16:01:19.7290511Z === RUN   TestMap
2025-11-26T16:01:19.7290897Z --- PASS: TestMap (0.00s)
2025-11-26T16:01:19.7291329Z === RUN   TestChainEitherK
2025-11-26T16:01:19.7291807Z --- PASS: TestChainEitherK (0.00s)
2025-11-26T16:01:19.7292340Z === RUN   TestChainOptionK
2025-11-26T16:01:19.7292833Z --- PASS: TestChainOptionK (0.00s)
2025-11-26T16:01:19.7293347Z === RUN   TestFromOption
2025-11-26T16:01:19.7293825Z --- PASS: TestFromOption (0.00s)
2025-11-26T16:01:19.7294327Z === RUN   TestChainIOK
2025-11-26T16:01:19.7294776Z --- PASS: TestChainIOK (0.00s)
2025-11-26T16:01:19.7295276Z === RUN   TestChainWithIO
2025-11-26T16:01:19.7295724Z --- PASS: TestChainWithIO (0.00s)
2025-11-26T16:01:19.7296186Z === RUN   TestChainFirst
2025-11-26T16:01:19.7296641Z --- PASS: TestChainFirst (0.00s)
2025-11-26T16:01:19.7297363Z === RUN   TestChainFirstIOK
2025-11-26T16:01:19.7297817Z --- PASS: TestChainFirstIOK (0.00s)
2025-11-26T16:01:19.7298258Z === RUN   TestApFirst
2025-11-26T16:01:19.7298644Z --- PASS: TestApFirst (0.00s)
2025-11-26T16:01:19.7299059Z === RUN   TestApSecond
2025-11-26T16:01:19.7299437Z --- PASS: TestApSecond (0.00s)
2025-11-26T16:01:19.7299850Z === RUN   TestLogging
2025-11-26T16:01:19.7300203Z 2025/11/26 16:01:18 Data: 
2025-11-26T16:01:19.7300540Z {
2025-11-26T16:01:19.7300842Z   "key": "key",
2025-11-26T16:01:19.7301178Z   "value": "value"
2025-11-26T16:01:19.7301483Z }
2025-11-26T16:01:19.7301798Z --- PASS: TestLogging (0.00s)
2025-11-26T16:01:19.7302240Z === RUN   TestApplicativeMonoid
2025-11-26T16:01:19.7302685Z --- PASS: TestApplicativeMonoid (0.00s)
2025-11-26T16:01:19.7303142Z === RUN   TestRetry
2025-11-26T16:01:19.7303497Z --- PASS: TestRetry (0.31s)
2025-11-26T16:01:19.7303884Z === RUN   TestMapSeq
2025-11-26T16:01:19.7304258Z --- PASS: TestMapSeq (0.00s)
2025-11-26T16:01:19.7304676Z === RUN   TestSequenceArray
2025-11-26T16:01:19.7305419Z === RUN   TestSequenceArray/TestSequenceArray_0
2025-11-26T16:01:19.7305980Z === RUN   TestSequenceArray/TestSequenceArray_1
2025-11-26T16:01:19.7306541Z === RUN   TestSequenceArray/TestSequenceArray_2
2025-11-26T16:01:19.7307364Z === RUN   TestSequenceArray/TestSequenceArray_3
2025-11-26T16:01:19.7307907Z === RUN   TestSequenceArray/TestSequenceArray_4
2025-11-26T16:01:19.7308428Z === RUN   TestSequenceArray/TestSequenceArray_5
2025-11-26T16:01:19.7308953Z === RUN   TestSequenceArray/TestSequenceArray_6
2025-11-26T16:01:19.7309474Z === RUN   TestSequenceArray/TestSequenceArray_7
2025-11-26T16:01:19.7309994Z === RUN   TestSequenceArray/TestSequenceArray_8
2025-11-26T16:01:19.7310507Z === RUN   TestSequenceArray/TestSequenceArray_9
2025-11-26T16:01:19.7310995Z --- PASS: TestSequenceArray (0.00s)
2025-11-26T16:01:19.7311632Z     --- PASS: TestSequenceArray/TestSequenceArray_0 (0.00s)
2025-11-26T16:01:19.7312357Z     --- PASS: TestSequenceArray/TestSequenceArray_1 (0.00s)
2025-11-26T16:01:19.7313356Z     --- PASS: TestSequenceArray/TestSequenceArray_2 (0.00s)
2025-11-26T16:01:19.7314065Z     --- PASS: TestSequenceArray/TestSequenceArray_3 (0.00s)
2025-11-26T16:01:19.7314758Z     --- PASS: TestSequenceArray/TestSequenceArray_4 (0.00s)
2025-11-26T16:01:19.7315442Z     --- PASS: TestSequenceArray/TestSequenceArray_5 (0.00s)
2025-11-26T16:01:19.7316131Z     --- PASS: TestSequenceArray/TestSequenceArray_6 (0.00s)
2025-11-26T16:01:19.7316834Z     --- PASS: TestSequenceArray/TestSequenceArray_7 (0.00s)
2025-11-26T16:01:19.7318312Z     --- PASS: TestSequenceArray/TestSequenceArray_8 (0.00s)
2025-11-26T16:01:19.7319026Z     --- PASS: TestSequenceArray/TestSequenceArray_9 (0.00s)
2025-11-26T16:01:19.7319563Z === RUN   TestSequenceArrayError
2025-11-26T16:01:19.7320103Z === RUN   TestSequenceArrayError/Bitmask_test_1
2025-11-26T16:01:19.7320661Z === RUN   TestSequenceArrayError/Bitmask_test_2
2025-11-26T16:01:19.7321178Z === RUN   TestSequenceArrayError/Bitmask_test_3
2025-11-26T16:01:19.7321705Z === RUN   TestSequenceArrayError/Bitmask_test_4
2025-11-26T16:01:19.7322233Z === RUN   TestSequenceArrayError/Bitmask_test_5
2025-11-26T16:01:19.7322739Z === RUN   TestSequenceArrayError/Bitmask_test_6
2025-11-26T16:01:19.7323248Z === RUN   TestSequenceArrayError/Bitmask_test_7
2025-11-26T16:01:19.7323761Z === RUN   TestSequenceArrayError/Bitmask_test_8
2025-11-26T16:01:19.7324276Z === RUN   TestSequenceArrayError/Bitmask_test_9
2025-11-26T16:01:19.7324796Z === RUN   TestSequenceArrayError/Bitmask_test_10
2025-11-26T16:01:19.7325343Z === RUN   TestSequenceArrayError/Bitmask_test_11
2025-11-26T16:01:19.7325873Z === RUN   TestSequenceArrayError/Bitmask_test_12
2025-11-26T16:01:19.7326387Z === RUN   TestSequenceArrayError/Bitmask_test_13
2025-11-26T16:01:19.7326920Z === RUN   TestSequenceArrayError/Bitmask_test_14
2025-11-26T16:01:19.7327650Z === RUN   TestSequenceArrayError/Bitmask_test_15
2025-11-26T16:01:19.7328183Z --- PASS: TestSequenceArrayError (0.00s)
2025-11-26T16:01:19.7328847Z     --- PASS: TestSequenceArrayError/Bitmask_test_1 (0.00s)
2025-11-26T16:01:19.7329557Z     --- PASS: TestSequenceArrayError/Bitmask_test_2 (0.00s)
2025-11-26T16:01:19.7330264Z     --- PASS: TestSequenceArrayError/Bitmask_test_3 (0.00s)
2025-11-26T16:01:19.7330973Z     --- PASS: TestSequenceArrayError/Bitmask_test_4 (0.00s)
2025-11-26T16:01:19.7331693Z     --- PASS: TestSequenceArrayError/Bitmask_test_5 (0.00s)
2025-11-26T16:01:19.7332394Z     --- PASS: TestSequenceArrayError/Bitmask_test_6 (0.00s)
2025-11-26T16:01:19.7333078Z     --- PASS: TestSequenceArrayError/Bitmask_test_7 (0.00s)
2025-11-26T16:01:19.7333793Z     --- PASS: TestSequenceArrayError/Bitmask_test_8 (0.00s)
2025-11-26T16:01:19.7334504Z     --- PASS: TestSequenceArrayError/Bitmask_test_9 (0.00s)
2025-11-26T16:01:19.7335212Z     --- PASS: TestSequenceArrayError/Bitmask_test_10 (0.00s)
2025-11-26T16:01:19.7335933Z     --- PASS: TestSequenceArrayError/Bitmask_test_11 (0.00s)
2025-11-26T16:01:19.7336647Z     --- PASS: TestSequenceArrayError/Bitmask_test_12 (0.00s)
2025-11-26T16:01:19.7337919Z     --- PASS: TestSequenceArrayError/Bitmask_test_13 (0.00s)
2025-11-26T16:01:19.7338681Z     --- PASS: TestSequenceArrayError/Bitmask_test_14 (0.00s)
2025-11-26T16:01:19.7339409Z     --- PASS: TestSequenceArrayError/Bitmask_test_15 (0.00s)
2025-11-26T16:01:19.7339952Z === RUN   TestTraverseArray
2025-11-26T16:01:19.7340372Z --- PASS: TestTraverseArray (0.00s)
2025-11-26T16:01:19.7340898Z === RUN   ExampleIOEither_creation
2025-11-26T16:01:19.7341373Z --- PASS: ExampleIOEither_creation (0.00s)
2025-11-26T16:01:19.7341848Z === RUN   ExampleIOEither_do
2025-11-26T16:01:19.7342264Z 2025/11/26 16:01:18 t1: foo, t2: 1, t3: foo1
2025-11-26T16:01:19.7342733Z --- PASS: ExampleIOEither_do (0.00s)
2025-11-26T16:01:19.7343222Z === RUN   ExampleIOEither_extraction
2025-11-26T16:01:19.7343705Z --- PASS: ExampleIOEither_extraction (0.00s)
2025-11-26T16:01:19.7344139Z PASS
2025-11-26T16:01:19.7344450Z coverage: 17.4% of statements
2025-11-26T16:01:19.7345023Z ok  	github.com/IBM/fp-go/ioeither	1.361s	coverage: 17.4% of statements
2025-11-26T16:01:19.7345885Z === RUN   TestOpenSSL
2025-11-26T16:01:19.7346261Z --- PASS: TestOpenSSL (0.01s)
2025-11-26T16:01:19.7346619Z PASS
2025-11-26T16:01:19.7346926Z coverage: 2.7% of statements
2025-11-26T16:01:19.7347739Z ok  	github.com/IBM/fp-go/ioeither/exec	1.042s	coverage: 2.7% of statements
2025-11-26T16:01:19.7348359Z === RUN   TestWithTempFile
2025-11-26T16:01:19.7348760Z --- PASS: TestWithTempFile (0.00s)
2025-11-26T16:01:19.7349227Z === RUN   TestWithTempFileOnClosedFile
2025-11-26T16:01:19.7349744Z --- PASS: TestWithTempFileOnClosedFile (0.00s)
2025-11-26T16:01:19.7350201Z PASS
2025-11-26T16:01:19.7350520Z coverage: 4.7% of statements
2025-11-26T16:01:19.7351098Z ok  	github.com/IBM/fp-go/ioeither/file	1.040s	coverage: 4.7% of statements
2025-11-26T16:01:20.2419571Z ?   	github.com/IBM/fp-go/ioeither/http/di	[no test files]
2025-11-26T16:01:21.0819801Z 	github.com/IBM/fp-go/iooption/generic		coverage: 0.0% of statements
2025-11-26T16:01:23.4211902Z 	github.com/IBM/fp-go/iterator/stateless/generic		coverage: 0.0% of statements
2025-11-26T16:01:24.6084565Z === RUN   TestRetryHttp
2025-11-26T16:01:24.6085056Z --- PASS: TestRetryHttp (4.07s)
2025-11-26T16:01:24.6085439Z PASS
2025-11-26T16:01:24.6085774Z coverage: 7.9% of statements
2025-11-26T16:01:24.6086429Z ok  	github.com/IBM/fp-go/ioeither/http	5.104s	coverage: 7.9% of statements
2025-11-26T16:01:24.6087307Z === RUN   TestBuilderWithQuery
2025-11-26T16:01:24.6087808Z --- PASS: TestBuilderWithQuery (0.00s)
2025-11-26T16:01:24.6088263Z PASS
2025-11-26T16:01:24.6088607Z coverage: 7.2% of statements
2025-11-26T16:01:24.6089333Z ok  	github.com/IBM/fp-go/ioeither/http/builder	1.029s	coverage: 7.2% of statements
2025-11-26T16:01:24.6090127Z === RUN   TestMonadLaws
2025-11-26T16:01:24.6090527Z --- PASS: TestMonadLaws (0.00s)
2025-11-26T16:01:24.6090932Z PASS
2025-11-26T16:01:24.6091257Z coverage: 8.7% of statements
2025-11-26T16:01:24.6091892Z ok  	github.com/IBM/fp-go/ioeither/testing	1.033s	coverage: 8.7% of statements
2025-11-26T16:01:24.6092596Z === RUN   TestBind
2025-11-26T16:01:24.6092996Z --- PASS: TestBind (0.00s)
2025-11-26T16:01:24.6093403Z === RUN   TestApS
2025-11-26T16:01:24.6093770Z --- PASS: TestApS (0.00s)
2025-11-26T16:01:24.6094169Z === RUN   TestMap
2025-11-26T16:01:24.6094517Z --- PASS: TestMap (0.00s)
2025-11-26T16:01:24.6094936Z === RUN   TestChainOptionK
2025-11-26T16:01:24.6095375Z --- PASS: TestChainOptionK (0.00s)
2025-11-26T16:01:24.6095852Z === RUN   TestFromOption
2025-11-26T16:01:24.6096267Z --- PASS: TestFromOption (0.00s)
2025-11-26T16:01:24.6096720Z === RUN   TestChainIOK
2025-11-26T16:01:24.6097322Z --- PASS: TestChainIOK (0.00s)
2025-11-26T16:01:24.6097696Z === RUN   TestEnv
2025-11-26T16:01:24.6098071Z --- PASS: TestEnv (0.00s)
2025-11-26T16:01:24.6098436Z PASS
2025-11-26T16:01:24.6098768Z coverage: 6.7% of statements
2025-11-26T16:01:24.6099368Z ok  	github.com/IBM/fp-go/iooption	1.030s	coverage: 6.7% of statements
2025-11-26T16:01:24.6099975Z === RUN   TestMonadLaws
2025-11-26T16:01:24.6100363Z --- PASS: TestMonadLaws (0.00s)
2025-11-26T16:01:24.6100999Z PASS
2025-11-26T16:01:24.6101336Z coverage: 10.5% of statements
2025-11-26T16:01:24.6101978Z ok  	github.com/IBM/fp-go/iooption/testing	1.034s	coverage: 10.5% of statements
2025-11-26T16:01:24.6102618Z === RUN   TestAny
2025-11-26T16:01:24.6102964Z --- PASS: TestAny (0.00s)
2025-11-26T16:01:24.6103339Z === RUN   TestBind
2025-11-26T16:01:24.6103676Z --- PASS: TestBind (0.00s)
2025-11-26T16:01:24.6104047Z === RUN   TestApS
2025-11-26T16:01:24.6104396Z --- PASS: TestApS (0.00s)
2025-11-26T16:01:24.6104774Z === RUN   TestCompress
2025-11-26T16:01:24.6105156Z --- PASS: TestCompress (0.00s)
2025-11-26T16:01:24.6105555Z === RUN   TestCycle
2025-11-26T16:01:24.6105898Z --- PASS: TestCycle (0.00s)
2025-11-26T16:01:24.6106292Z === RUN   TestDropWhile
2025-11-26T16:01:24.6106671Z --- PASS: TestDropWhile (0.00s)
2025-11-26T16:01:24.6107256Z === RUN   TestFirst
2025-11-26T16:01:24.6107611Z --- PASS: TestFirst (0.00s)
2025-11-26T16:01:24.6108263Z === RUN   TestNoFirst
2025-11-26T16:01:24.6108646Z --- PASS: TestNoFirst (0.00s)
2025-11-26T16:01:24.6109065Z === RUN   TestIteratorFromLazy
2025-11-26T16:01:24.6109500Z --- PASS: TestIteratorFromLazy (0.00s)
2025-11-26T16:01:24.6109941Z === RUN   TestIterator
2025-11-26T16:01:24.6110303Z --- PASS: TestIterator (0.00s)
2025-11-26T16:01:24.6110689Z === RUN   TestChain
2025-11-26T16:01:24.6111034Z --- PASS: TestChain (0.00s)
2025-11-26T16:01:24.6111406Z === RUN   TestFilterMap
2025-11-26T16:01:24.6111772Z --- PASS: TestFilterMap (0.00s)
2025-11-26T16:01:24.6112160Z === RUN   TestAp
2025-11-26T16:01:24.6112489Z --- PASS: TestAp (0.00s)
2025-11-26T16:01:24.6112853Z === RUN   TestLast
2025-11-26T16:01:24.6113195Z --- PASS: TestLast (0.00s)
2025-11-26T16:01:24.6113551Z === RUN   TestNoLast
2025-11-26T16:01:24.6113901Z --- PASS: TestNoLast (0.00s)
2025-11-26T16:01:24.6114286Z === RUN   TestReflect
2025-11-26T16:01:24.6114643Z --- PASS: TestReflect (0.00s)
2025-11-26T16:01:24.6115025Z === RUN   TestScan
2025-11-26T16:01:24.6115368Z --- PASS: TestScan (0.00s)
2025-11-26T16:01:24.6115738Z === RUN   TestTake
2025-11-26T16:01:24.6116062Z --- PASS: TestTake (0.00s)
2025-11-26T16:01:24.6116426Z === RUN   TestUniq
2025-11-26T16:01:24.6116791Z --- PASS: TestUniq (0.00s)
2025-11-26T16:01:24.6117350Z === RUN   TestZipWith
2025-11-26T16:01:24.6117716Z --- PASS: TestZipWith (0.00s)
2025-11-26T16:01:24.6118092Z === RUN   TestZip
2025-11-26T16:01:24.6118414Z --- PASS: TestZip (0.00s)
2025-11-26T16:01:24.6118779Z === RUN   Example_any
2025-11-26T16:01:24.6119135Z --- PASS: Example_any (0.00s)
2025-11-26T16:01:24.6119518Z === RUN   Example_next
2025-11-26T16:01:24.6119886Z --- PASS: Example_next (0.00s)
2025-11-26T16:01:24.6120283Z === RUN   ExampleFoldMap
2025-11-26T16:01:24.6120660Z --- PASS: ExampleFoldMap (0.00s)
2025-11-26T16:01:24.6121042Z PASS
2025-11-26T16:01:24.6121345Z coverage: 18.9% of statements
2025-11-26T16:01:24.6121957Z ok  	github.com/IBM/fp-go/iterator/stateless	1.042s	coverage: 18.9% of statements
2025-11-26T16:01:24.6122628Z === RUN   TestJsonMarshal
2025-11-26T16:01:24.6123043Z Right[[]uint8]([123 34 97 34 58 34 98 34 125])
2025-11-26T16:01:24.6123520Z --- PASS: TestJsonMarshal (0.00s)
2025-11-26T16:01:24.6123920Z === RUN   TestToType
2025-11-26T16:01:24.6124279Z --- PASS: TestToType (0.00s)
2025-11-26T16:01:24.6124628Z PASS
2025-11-26T16:01:24.6124927Z coverage: 1.7% of statements
2025-11-26T16:01:24.6125453Z ok  	github.com/IBM/fp-go/json	1.031s	coverage: 1.7% of statements
2025-11-26T16:01:24.7308340Z === RUN   TestFactorial
2025-11-26T16:01:24.7320611Z --- PASS: TestFactorial (0.00s)
2025-11-26T16:01:24.7321037Z PASS
2025-11-26T16:01:24.7321373Z coverage: 100.0% of statements
2025-11-26T16:01:24.7321937Z ok  	github.com/IBM/fp-go/lambda	1.011s	coverage: 100.0% of statements
2025-11-26T16:01:25.0729328Z 	github.com/IBM/fp-go/logging		coverage: 0.0% of statements
2025-11-26T16:01:25.1531031Z 	github.com/IBM/fp-go/monoid		coverage: 0.0% of statements
2025-11-26T16:01:25.1562969Z 	github.com/IBM/fp-go/monoid/testing		coverage: 0.0% of statements
2025-11-26T16:01:26.1026708Z ?   	github.com/IBM/fp-go/number/integer	[no test files]
2025-11-26T16:01:26.1029672Z === RUN   TestBind
2025-11-26T16:01:26.1030023Z --- PASS: TestBind (0.00s)
2025-11-26T16:01:26.1030391Z === RUN   TestApS
2025-11-26T16:01:26.1030701Z --- PASS: TestApS (0.00s)
2025-11-26T16:01:26.1030985Z === RUN   TestMap
2025-11-26T16:01:26.1031262Z --- PASS: TestMap (0.00s)
2025-11-26T16:01:26.1031589Z === RUN   TestChain
2025-11-26T16:01:26.1031916Z --- PASS: TestChain (0.00s)
2025-11-26T16:01:26.1032268Z === RUN   TestAp
2025-11-26T16:01:26.1032577Z --- PASS: TestAp (0.00s)
2025-11-26T16:01:26.1032915Z === RUN   TestFlatten
2025-11-26T16:01:26.1033243Z --- PASS: TestFlatten (0.00s)
2025-11-26T16:01:26.1033638Z === RUN   TestMemoize
2025-11-26T16:01:26.1033981Z --- PASS: TestMemoize (0.00s)
2025-11-26T16:01:26.1034360Z === RUN   TestApFirst
2025-11-26T16:01:26.1034697Z --- PASS: TestApFirst (0.00s)
2025-11-26T16:01:26.1035067Z === RUN   TestApSecond
2025-11-26T16:01:26.1035699Z --- PASS: TestApSecond (0.00s)
2025-11-26T16:01:26.1036083Z === RUN   TestRetry
2025-11-26T16:01:26.1036439Z --- PASS: TestRetry (0.00s)
2025-11-26T16:01:26.1036852Z === RUN   ExampleLazy_creation
2025-11-26T16:01:26.1037461Z --- PASS: ExampleLazy_creation (0.00s)
2025-11-26T16:01:26.1037985Z PASS
2025-11-26T16:01:26.1038421Z coverage: 15.0% of statements
2025-11-26T16:01:26.1038979Z ok  	github.com/IBM/fp-go/lazy	1.031s	coverage: 15.0% of statements
2025-11-26T16:01:26.1039555Z === RUN   TestMonadLaws
2025-11-26T16:01:26.1039911Z --- PASS: TestMonadLaws (0.00s)
2025-11-26T16:01:26.1040287Z PASS
2025-11-26T16:01:26.1040598Z coverage: 13.7% of statements
2025-11-26T16:01:26.1041132Z ok  	github.com/IBM/fp-go/lazy/testing	1.030s	coverage: 13.7% of statements
2025-11-26T16:01:26.1669292Z === RUN   TestFirst
2025-11-26T16:01:26.1672131Z --- PASS: TestFirst (0.00s)
2025-11-26T16:01:26.1672752Z === RUN   TestSecond
2025-11-26T16:01:26.1673359Z --- PASS: TestSecond (0.00s)
2025-11-26T16:01:26.1673988Z PASS
2025-11-26T16:01:26.1674349Z coverage: 3.6% of statements
2025-11-26T16:01:26.1675218Z ok  	github.com/IBM/fp-go/magma	1.014s	coverage: 3.6% of statements
2025-11-26T16:01:26.4591147Z 	github.com/IBM/fp-go/optics/iso/lens		coverage: 0.0% of statements
2025-11-26T16:01:26.4650838Z === RUN   TestSemigroupIsMagma
2025-11-26T16:01:26.4652809Z --- PASS: TestSemigroupIsMagma (0.00s)
2025-11-26T16:01:26.4654887Z === RUN   TestMonoidSum
2025-11-26T16:01:26.4655304Z --- PASS: TestMonoidSum (0.00s)
2025-11-26T16:01:26.4655698Z PASS
2025-11-26T16:01:26.4656016Z coverage: 10.4% of statements
2025-11-26T16:01:26.4656579Z ok  	github.com/IBM/fp-go/number	1.012s	coverage: 10.4% of statements
2025-11-26T16:01:26.8990060Z 	github.com/IBM/fp-go/optics/lens/array/generic		coverage: 0.0% of statements
2025-11-26T16:01:27.0187602Z 	github.com/IBM/fp-go/optics/lens/either		coverage: 0.0% of statements
2025-11-26T16:01:27.0216475Z 	github.com/IBM/fp-go/optics/lens/generic		coverage: 0.0% of statements
2025-11-26T16:01:27.4788689Z === RUN   TestGet
2025-11-26T16:01:27.4789220Z --- PASS: TestGet (0.00s)
2025-11-26T16:01:27.4789746Z === RUN   TestReverseGet
2025-11-26T16:01:27.4790259Z --- PASS: TestReverseGet (0.00s)
2025-11-26T16:01:27.4790750Z === RUN   TestModify
2025-11-26T16:01:27.4791173Z --- PASS: TestModify (0.00s)
2025-11-26T16:01:27.4791684Z === RUN   TestReverse
2025-11-26T16:01:27.4792216Z --- PASS: TestReverse (0.00s)
2025-11-26T16:01:27.4792725Z === RUN   TestCompose
2025-11-26T16:01:27.4793188Z --- PASS: TestCompose (0.00s)
2025-11-26T16:01:27.4793655Z PASS
2025-11-26T16:01:27.4794056Z coverage: 4.3% of statements
2025-11-26T16:01:27.4794799Z ok  	github.com/IBM/fp-go/optics/iso	1.020s	coverage: 4.3% of statements
2025-11-26T16:01:27.7312016Z 	github.com/IBM/fp-go/optics/lens/option		coverage: 0.0% of statements
2025-11-26T16:01:27.7994223Z 	github.com/IBM/fp-go/optics/lens/optional		coverage: 0.0% of statements
2025-11-26T16:01:27.8113803Z === RUN   TestLens
2025-11-26T16:01:27.8114315Z --- PASS: TestLens (0.00s)
2025-11-26T16:01:27.8114808Z === RUN   TestAddressCompose
2025-11-26T16:01:27.8115378Z --- PASS: TestAddressCompose (0.00s)
2025-11-26T16:01:27.8115749Z === RUN   TestIMap
2025-11-26T16:01:27.8116027Z --- PASS: TestIMap (0.00s)
2025-11-26T16:01:27.8116528Z === RUN   TestPassByValue
2025-11-26T16:01:27.8116852Z --- PASS: TestPassByValue (0.00s)
2025-11-26T16:01:27.8117460Z === RUN   TestFromNullableProp
2025-11-26T16:01:27.8117830Z --- PASS: TestFromNullableProp (0.00s)
2025-11-26T16:01:27.8118213Z === RUN   TestComposeOption
2025-11-26T16:01:27.8118559Z --- PASS: TestComposeOption (0.00s)
2025-11-26T16:01:27.8118924Z === RUN   TestComposeOptions
2025-11-26T16:01:27.8119273Z --- PASS: TestComposeOptions (0.00s)
2025-11-26T16:01:27.8119595Z PASS
2025-11-26T16:01:27.8119844Z coverage: 11.5% of statements
2025-11-26T16:01:27.8120320Z ok  	github.com/IBM/fp-go/optics/lens	1.018s	coverage: 11.5% of statements
2025-11-26T16:01:27.9207590Z === RUN   TestLaws
2025-11-26T16:01:27.9208106Z --- PASS: TestLaws (0.00s)
2025-11-26T16:01:27.9208917Z PASS
2025-11-26T16:01:27.9209349Z coverage: 4.1% of statements
2025-11-26T16:01:27.9209964Z ok  	github.com/IBM/fp-go/optics/lens/array	1.022s	coverage: 4.1% of statements
2025-11-26T16:01:28.1537474Z 	github.com/IBM/fp-go/optics/lens/record/generic		coverage: 0.0% of statements
2025-11-26T16:01:28.7488854Z === RUN   TestIso
2025-11-26T16:01:28.7489365Z --- PASS: TestIso (0.00s)
2025-11-26T16:01:28.7489899Z PASS
2025-11-26T16:01:28.7490358Z coverage: 2.8% of statements
2025-11-26T16:01:28.7491226Z ok  	github.com/IBM/fp-go/optics/lens/iso	1.017s	coverage: 2.8% of statements
2025-11-26T16:01:29.1783481Z === RUN   TestAtKey
2025-11-26T16:01:29.1784133Z --- PASS: TestAtKey (0.00s)
2025-11-26T16:01:29.1784774Z PASS
2025-11-26T16:01:29.1785296Z coverage: 4.8% of statements
2025-11-26T16:01:29.1786275Z ok  	github.com/IBM/fp-go/optics/lens/record	1.025s	coverage: 4.8% of statements
2025-11-26T16:01:29.2699053Z 	github.com/IBM/fp-go/optics/optional/prism		coverage: 0.0% of statements
2025-11-26T16:01:29.6575745Z === RUN   TestStreetLensLaws
2025-11-26T16:01:29.6576267Z --- PASS: TestStreetLensLaws (0.00s)
2025-11-26T16:01:29.6576751Z === RUN   TestAddrLensLaws
2025-11-26T16:01:29.6577365Z --- PASS: TestAddrLensLaws (0.00s)
2025-11-26T16:01:29.6577797Z === RUN   TestCompose
2025-11-26T16:01:29.6578161Z --- PASS: TestCompose (0.00s)
2025-11-26T16:01:29.6578563Z === RUN   TestOuterLensLaws
2025-11-26T16:01:29.6578970Z --- PASS: TestOuterLensLaws (0.00s)
2025-11-26T16:01:29.6579396Z === RUN   TestOuterOptLensLaws
2025-11-26T16:01:29.6579800Z --- PASS: TestOuterOptLensLaws (0.00s)
2025-11-26T16:01:29.6580054Z PASS
2025-11-26T16:01:29.6580251Z coverage: 6.0% of statements
2025-11-26T16:01:29.6580625Z ok  	github.com/IBM/fp-go/optics/lens/testing	1.023s	coverage: 6.0% of statements
2025-11-26T16:01:29.6581001Z === RUN   TestOptional
2025-11-26T16:01:29.6581219Z --- PASS: TestOptional (0.00s)
2025-11-26T16:01:29.6581432Z PASS
2025-11-26T16:01:29.6581611Z coverage: 1.7% of statements
2025-11-26T16:01:29.6581982Z ok  	github.com/IBM/fp-go/optics/optional	1.021s	coverage: 1.7% of statements
2025-11-26T16:01:29.6604047Z 	github.com/IBM/fp-go/optics/optional/record/generic		coverage: 0.0% of statements
2025-11-26T16:01:30.2853139Z === RUN   TestCompose
2025-11-26T16:01:30.2853967Z --- PASS: TestCompose (0.00s)
2025-11-26T16:01:30.2854564Z PASS
2025-11-26T16:01:30.2854962Z coverage: 3.3% of statements
2025-11-26T16:01:30.2855727Z ok  	github.com/IBM/fp-go/optics/optional/lens	1.018s	coverage: 3.3% of statements
2025-11-26T16:01:30.2895569Z ?   	github.com/IBM/fp-go/optics/traversal/array	[no test files]
2025-11-26T16:01:30.2911354Z 	github.com/IBM/fp-go/optics/traversal/array/const		coverage: 0.0% of statements
2025-11-26T16:01:30.2941173Z 	github.com/IBM/fp-go/optics/traversal/array/generic		coverage: 0.0% of statements
2025-11-26T16:01:30.2970474Z 	github.com/IBM/fp-go/optics/traversal/array/generic/const		coverage: 0.0% of statements
2025-11-26T16:01:30.2999441Z 	github.com/IBM/fp-go/optics/traversal/array/generic/identity		coverage: 0.0% of statements
2025-11-26T16:01:30.3026722Z 	github.com/IBM/fp-go/optics/traversal/array/identity		coverage: 0.0% of statements
2025-11-26T16:01:30.3054359Z 	github.com/IBM/fp-go/optics/traversal/either		coverage: 0.0% of statements
2025-11-26T16:01:30.3082400Z 	github.com/IBM/fp-go/optics/traversal/generic		coverage: 0.0% of statements
2025-11-26T16:01:30.3110448Z 	github.com/IBM/fp-go/optics/traversal/option		coverage: 0.0% of statements
2025-11-26T16:01:30.3160277Z ?   	github.com/IBM/fp-go/optics/traversal/record	[no test files]
2025-11-26T16:01:30.3662069Z 	github.com/IBM/fp-go/optics/traversal/record/const		coverage: 0.0% of statements
2025-11-26T16:01:30.3690055Z 	github.com/IBM/fp-go/optics/traversal/record/generic		coverage: 0.0% of statements
2025-11-26T16:01:30.3718216Z 	github.com/IBM/fp-go/optics/traversal/record/generic/const		coverage: 0.0% of statements
2025-11-26T16:01:30.3957725Z 	github.com/IBM/fp-go/optics/traversal/record/generic/identity		coverage: 0.0% of statements
2025-11-26T16:01:30.4148052Z 	github.com/IBM/fp-go/optics/traversal/record/identity		coverage: 0.0% of statements
2025-11-26T16:01:30.6821086Z === RUN   TestOptionalRecord
2025-11-26T16:01:30.6821658Z --- PASS: TestOptionalRecord (0.00s)
2025-11-26T16:01:30.6822084Z === RUN   TestOptionalWithType
2025-11-26T16:01:30.6822430Z --- PASS: TestOptionalWithType (0.00s)
2025-11-26T16:01:30.6822742Z PASS
2025-11-26T16:01:30.6822977Z coverage: 4.3% of statements
2025-11-26T16:01:30.6823474Z ok  	github.com/IBM/fp-go/optics/optional/record	1.022s	coverage: 4.3% of statements
2025-11-26T16:01:31.0115125Z === RUN   TestSome
2025-11-26T16:01:31.0116023Z --- PASS: TestSome (0.00s)
2025-11-26T16:01:31.0116569Z PASS
2025-11-26T16:01:31.0117004Z coverage: 0.4% of statements
2025-11-26T16:01:31.0118638Z ok  	github.com/IBM/fp-go/optics/prism	1.017s	coverage: 0.4% of statements
2025-11-26T16:01:31.2475823Z === RUN   TestGetAll
2025-11-26T16:01:31.2476306Z --- PASS: TestGetAll (0.00s)
2025-11-26T16:01:31.2476772Z === RUN   TestFold
2025-11-26T16:01:31.2477329Z --- PASS: TestFold (0.00s)
2025-11-26T16:01:31.2477734Z === RUN   TestTraverse
2025-11-26T16:01:31.2478117Z --- PASS: TestTraverse (0.00s)
2025-11-26T16:01:31.2478502Z PASS
2025-11-26T16:01:31.2478822Z coverage: 5.5% of statements
2025-11-26T16:01:31.2479459Z ok  	github.com/IBM/fp-go/optics/traversal	1.019s	coverage: 5.5% of statements
2025-11-26T16:01:31.9017548Z 	github.com/IBM/fp-go/option/number		coverage: 0.0% of statements
2025-11-26T16:01:31.9027465Z 	github.com/IBM/fp-go/ord		coverage: 0.0% of statements
2025-11-26T16:01:31.9063742Z 	github.com/IBM/fp-go/pair		coverage: 0.0% of statements
2025-11-26T16:01:31.9076543Z 	github.com/IBM/fp-go/pair/generic		coverage: 0.0% of statements
2025-11-26T16:01:32.5232714Z 	github.com/IBM/fp-go/predicate		coverage: 0.0% of statements
2025-11-26T16:01:32.9436143Z === RUN   TestCompactArray
2025-11-26T16:01:32.9436980Z --- PASS: TestCompactArray (0.00s)
2025-11-26T16:01:32.9438715Z === RUN   TestSequenceArray
2025-11-26T16:01:32.9439474Z === RUN   TestSequenceArray/TestSequenceArray_0
2025-11-26T16:01:32.9440526Z === RUN   TestSequenceArray/TestSequenceArray_1
2025-11-26T16:01:32.9441307Z === RUN   TestSequenceArray/TestSequenceArray_2
2025-11-26T16:01:32.9442066Z === RUN   TestSequenceArray/TestSequenceArray_3
2025-11-26T16:01:32.9442842Z === RUN   TestSequenceArray/TestSequenceArray_4
2025-11-26T16:01:32.9443568Z === RUN   TestSequenceArray/TestSequenceArray_5
2025-11-26T16:01:32.9444266Z === RUN   TestSequenceArray/TestSequenceArray_6
2025-11-26T16:01:32.9444848Z === RUN   TestSequenceArray/TestSequenceArray_7
2025-11-26T16:01:32.9445648Z === RUN   TestSequenceArray/TestSequenceArray_8
2025-11-26T16:01:32.9446165Z === RUN   TestSequenceArray/TestSequenceArray_9
2025-11-26T16:01:32.9446745Z --- PASS: TestSequenceArray (0.00s)
2025-11-26T16:01:32.9447526Z     --- PASS: TestSequenceArray/TestSequenceArray_0 (0.00s)
2025-11-26T16:01:32.9448175Z     --- PASS: TestSequenceArray/TestSequenceArray_1 (0.00s)
2025-11-26T16:01:32.9449114Z     --- PASS: TestSequenceArray/TestSequenceArray_2 (0.00s)
2025-11-26T16:01:32.9449808Z     --- PASS: TestSequenceArray/TestSequenceArray_3 (0.00s)
2025-11-26T16:01:32.9450487Z     --- PASS: TestSequenceArray/TestSequenceArray_4 (0.00s)
2025-11-26T16:01:32.9451229Z     --- PASS: TestSequenceArray/TestSequenceArray_5 (0.00s)
2025-11-26T16:01:32.9451917Z     --- PASS: TestSequenceArray/TestSequenceArray_6 (0.00s)
2025-11-26T16:01:32.9452707Z     --- PASS: TestSequenceArray/TestSequenceArray_7 (0.00s)
2025-11-26T16:01:32.9453457Z     --- PASS: TestSequenceArray/TestSequenceArray_8 (0.00s)
2025-11-26T16:01:32.9454199Z     --- PASS: TestSequenceArray/TestSequenceArray_9 (0.00s)
2025-11-26T16:01:32.9454803Z === RUN   TestBind
2025-11-26T16:01:32.9455163Z --- PASS: TestBind (0.00s)
2025-11-26T16:01:32.9455576Z === RUN   TestApS
2025-11-26T16:01:32.9455908Z --- PASS: TestApS (0.00s)
2025-11-26T16:01:32.9456245Z === RUN   TestEq
2025-11-26T16:01:32.9456567Z --- PASS: TestEq (0.00s)
2025-11-26T16:01:32.9457992Z === RUN   TestJson
2025-11-26T16:01:32.9458369Z --- PASS: TestJson (0.00s)
2025-11-26T16:01:32.9458768Z === RUN   TestDefault
2025-11-26T16:01:32.9459147Z --- PASS: TestDefault (0.00s)
2025-11-26T16:01:32.9459552Z === RUN   TestReduce
2025-11-26T16:01:32.9459917Z --- PASS: TestReduce (0.00s)
2025-11-26T16:01:32.9460315Z === RUN   TestIsNone
2025-11-26T16:01:32.9460681Z --- PASS: TestIsNone (0.00s)
2025-11-26T16:01:32.9461075Z === RUN   TestIsSome
2025-11-26T16:01:32.9461447Z --- PASS: TestIsSome (0.00s)
2025-11-26T16:01:32.9461862Z === RUN   TestMapOption
2025-11-26T16:01:32.9462272Z --- PASS: TestMapOption (0.00s)
2025-11-26T16:01:32.9462723Z === RUN   TestTryCachOption
2025-11-26T16:01:32.9463169Z --- PASS: TestTryCachOption (0.00s)
2025-11-26T16:01:32.9463609Z === RUN   TestAp
2025-11-26T16:01:32.9463989Z --- PASS: TestAp (0.00s)
2025-11-26T16:01:32.9464364Z === RUN   TestChain
2025-11-26T16:01:32.9464703Z --- PASS: TestChain (0.00s)
2025-11-26T16:01:32.9465141Z === RUN   TestFlatten
2025-11-26T16:01:32.9465506Z --- PASS: TestFlatten (0.00s)
2025-11-26T16:01:32.9465762Z === RUN   TestFold
2025-11-26T16:01:32.9465992Z --- PASS: TestFold (0.00s)
2025-11-26T16:01:32.9466246Z === RUN   TestFromPredicate
2025-11-26T16:01:32.9466514Z --- PASS: TestFromPredicate (0.00s)
2025-11-26T16:01:32.9466781Z === RUN   TestAlt
2025-11-26T16:01:32.9467010Z --- PASS: TestAlt (0.00s)
2025-11-26T16:01:32.9467585Z === RUN   TestOrd
2025-11-26T16:01:32.9467914Z --- PASS: TestOrd (0.00s)
2025-11-26T16:01:32.9468294Z === RUN   TestCompactRecord
2025-11-26T16:01:32.9468701Z --- PASS: TestCompactRecord (0.00s)
2025-11-26T16:01:32.9469133Z === RUN   TestSequenceRecord
2025-11-26T16:01:32.9469597Z === RUN   TestSequenceRecord/TestSequenceRecord_0
2025-11-26T16:01:32.9470123Z === RUN   TestSequenceRecord/TestSequenceRecord_1
2025-11-26T16:01:32.9470453Z === RUN   TestSequenceRecord/TestSequenceRecord_2
2025-11-26T16:01:32.9470791Z === RUN   TestSequenceRecord/TestSequenceRecord_3
2025-11-26T16:01:32.9471115Z === RUN   TestSequenceRecord/TestSequenceRecord_4
2025-11-26T16:01:32.9471450Z === RUN   TestSequenceRecord/TestSequenceRecord_5
2025-11-26T16:01:32.9471762Z === RUN   TestSequenceRecord/TestSequenceRecord_6
2025-11-26T16:01:32.9472083Z === RUN   TestSequenceRecord/TestSequenceRecord_7
2025-11-26T16:01:32.9472400Z === RUN   TestSequenceRecord/TestSequenceRecord_8
2025-11-26T16:01:32.9472712Z === RUN   TestSequenceRecord/TestSequenceRecord_9
2025-11-26T16:01:32.9473021Z --- PASS: TestSequenceRecord (0.00s)
2025-11-26T16:01:32.9473428Z     --- PASS: TestSequenceRecord/TestSequenceRecord_0 (0.00s)
2025-11-26T16:01:32.9473896Z     --- PASS: TestSequenceRecord/TestSequenceRecord_1 (0.00s)
2025-11-26T16:01:32.9474339Z     --- PASS: TestSequenceRecord/TestSequenceRecord_2 (0.00s)
2025-11-26T16:01:32.9474779Z     --- PASS: TestSequenceRecord/TestSequenceRecord_3 (0.00s)
2025-11-26T16:01:32.9475215Z     --- PASS: TestSequenceRecord/TestSequenceRecord_4 (0.00s)
2025-11-26T16:01:32.9475641Z     --- PASS: TestSequenceRecord/TestSequenceRecord_5 (0.00s)
2025-11-26T16:01:32.9476238Z     --- PASS: TestSequenceRecord/TestSequenceRecord_6 (0.00s)
2025-11-26T16:01:32.9476664Z     --- PASS: TestSequenceRecord/TestSequenceRecord_7 (0.00s)
2025-11-26T16:01:32.9477458Z     --- PASS: TestSequenceRecord/TestSequenceRecord_8 (0.00s)
2025-11-26T16:01:32.9477910Z     --- PASS: TestSequenceRecord/TestSequenceRecord_9 (0.00s)
2025-11-26T16:01:32.9478233Z === RUN   TestSequenceT
2025-11-26T16:01:32.9478477Z --- PASS: TestSequenceT (0.00s)
2025-11-26T16:01:32.9478732Z === RUN   TestTypeConversion
2025-11-26T16:01:32.9478994Z --- PASS: TestTypeConversion (0.00s)
2025-11-26T16:01:32.9479267Z === RUN   TestInvalidConversion
2025-11-26T16:01:32.9479528Z --- PASS: TestInvalidConversion (0.00s)
2025-11-26T16:01:32.9479810Z === RUN   ExampleOption_creation
2025-11-26T16:01:32.9480076Z --- PASS: ExampleOption_creation (0.00s)
2025-11-26T16:01:32.9480357Z === RUN   ExampleOption_extraction
2025-11-26T16:01:32.9480635Z --- PASS: ExampleOption_extraction (0.00s)
2025-11-26T16:01:32.9481029Z PASS
2025-11-26T16:01:32.9481230Z coverage: 21.8% of statements
2025-11-26T16:01:32.9481571Z ok  	github.com/IBM/fp-go/option	1.041s	coverage: 21.8% of statements
2025-11-26T16:01:32.9481920Z === RUN   TestMonadLaws
2025-11-26T16:01:32.9482160Z --- PASS: TestMonadLaws (0.00s)
2025-11-26T16:01:32.9482388Z PASS
2025-11-26T16:01:32.9482593Z coverage: 13.3% of statements
2025-11-26T16:01:32.9482948Z ok  	github.com/IBM/fp-go/option/testing	1.025s	coverage: 13.3% of statements
2025-11-26T16:01:32.9864517Z 	github.com/IBM/fp-go/reader/generic		coverage: 0.0% of statements
2025-11-26T16:01:33.5427828Z === RUN   TestMonadLaws
2025-11-26T16:01:33.5428659Z --- PASS: TestMonadLaws (0.00s)
2025-11-26T16:01:33.5429394Z PASS
2025-11-26T16:01:33.5429847Z coverage: 24.6% of statements
2025-11-26T16:01:33.5430760Z ok  	github.com/IBM/fp-go/pair/testing	1.019s	coverage: 24.6% of statements
2025-11-26T16:01:33.9687370Z 	github.com/IBM/fp-go/readereither/generic		coverage: 0.0% of statements
2025-11-26T16:01:34.0105763Z === RUN   TestSequenceArray
2025-11-26T16:01:34.0106337Z --- PASS: TestSequenceArray (0.00s)
2025-11-26T16:01:34.0106799Z === RUN   TestBind
2025-11-26T16:01:34.0107333Z --- PASS: TestBind (0.00s)
2025-11-26T16:01:34.0107744Z === RUN   TestApS
2025-11-26T16:01:34.0108127Z --- PASS: TestApS (0.00s)
2025-11-26T16:01:34.0108628Z === RUN   TestMap
2025-11-26T16:01:34.0109121Z --- PASS: TestMap (0.00s)
2025-11-26T16:01:34.0109595Z === RUN   TestAp
2025-11-26T16:01:34.0110211Z --- PASS: TestAp (0.00s)
2025-11-26T16:01:34.0110687Z PASS
2025-11-26T16:01:34.0111116Z coverage: 5.4% of statements
2025-11-26T16:01:34.0111900Z ok  	github.com/IBM/fp-go/reader	1.023s	coverage: 5.4% of statements
2025-11-26T16:01:34.1803505Z 	github.com/IBM/fp-go/readerio/generic		coverage: 0.0% of statements
2025-11-26T16:01:35.0043013Z === RUN   TestSequenceArray
2025-11-26T16:01:35.0044148Z --- PASS: TestSequenceArray (0.00s)
2025-11-26T16:01:35.0045368Z === RUN   TestBind
2025-11-26T16:01:35.0046305Z --- PASS: TestBind (0.00s)
2025-11-26T16:01:35.0047598Z === RUN   TestApS
2025-11-26T16:01:35.0048076Z --- PASS: TestApS (0.00s)
2025-11-26T16:01:35.0048732Z === RUN   TestMap
2025-11-26T16:01:35.0049288Z --- PASS: TestMap (0.00s)
2025-11-26T16:01:35.0049733Z === RUN   TestAp
2025-11-26T16:01:35.0050274Z --- PASS: TestAp (0.00s)
2025-11-26T16:01:35.0050747Z === RUN   TestFlatten
2025-11-26T16:01:35.0051562Z --- PASS: TestFlatten (0.00s)
2025-11-26T16:01:35.0052449Z === RUN   TestSequenceT1
2025-11-26T16:01:35.0053248Z --- PASS: TestSequenceT1 (0.00s)
2025-11-26T16:01:35.0053948Z === RUN   TestSequenceT2
2025-11-26T16:01:35.0054402Z --- PASS: TestSequenceT2 (0.00s)
2025-11-26T16:01:35.0054872Z === RUN   TestSequenceT3
2025-11-26T16:01:35.0055377Z --- PASS: TestSequenceT3 (0.00s)
2025-11-26T16:01:35.0055806Z === RUN   TestSequenceT4
2025-11-26T16:01:35.0056298Z --- PASS: TestSequenceT4 (0.00s)
2025-11-26T16:01:35.0056789Z PASS
2025-11-26T16:01:35.0057500Z coverage: 7.3% of statements
2025-11-26T16:01:35.0058488Z ok  	github.com/IBM/fp-go/readereither	1.035s	coverage: 7.3% of statements
2025-11-26T16:01:35.2080649Z === RUN   TestTraverseArray
2025-11-26T16:01:35.2081269Z --- PASS: TestTraverseArray (0.00s)
2025-11-26T16:01:35.2081840Z === RUN   TestBind
2025-11-26T16:01:35.2082287Z --- PASS: TestBind (0.00s)
2025-11-26T16:01:35.2082775Z === RUN   TestApS
2025-11-26T16:01:35.2083225Z --- PASS: TestApS (0.00s)
2025-11-26T16:01:35.2083711Z === RUN   TestMap
2025-11-26T16:01:35.2084125Z --- PASS: TestMap (0.00s)
2025-11-26T16:01:35.2084597Z === RUN   TestAp
2025-11-26T16:01:35.2085030Z --- PASS: TestAp (0.00s)
2025-11-26T16:01:35.2085466Z PASS
2025-11-26T16:01:35.2085871Z coverage: 6.6% of statements
2025-11-26T16:01:35.2086628Z ok  	github.com/IBM/fp-go/readerio	1.028s	coverage: 6.6% of statements
2025-11-26T16:01:35.3282516Z 	github.com/IBM/fp-go/readerioeither/generic		coverage: 0.0% of statements
2025-11-26T16:01:35.8238500Z 	github.com/IBM/fp-go/reflect		coverage: 0.0% of statements
2025-11-26T16:01:35.8241457Z 	github.com/IBM/fp-go/record/generic		coverage: 0.0% of statements
2025-11-26T16:01:35.8273566Z 	github.com/IBM/fp-go/reflect/generic		coverage: 0.0% of statements
2025-11-26T16:01:35.8282581Z 	github.com/IBM/fp-go/retry		coverage: 0.0% of statements
2025-11-26T16:01:35.8313747Z 	github.com/IBM/fp-go/retry/generic		coverage: 0.0% of statements
2025-11-26T16:01:36.3934560Z === RUN   TestTraverseArray
2025-11-26T16:01:36.3935404Z --- PASS: TestTraverseArray (0.00s)
2025-11-26T16:01:36.3936184Z === RUN   TestSequenceArray
2025-11-26T16:01:36.3936776Z === RUN   TestSequenceArray/TestSequenceArray_0
2025-11-26T16:01:36.3937649Z === RUN   TestSequenceArray/TestSequenceArray_1
2025-11-26T16:01:36.3938391Z === RUN   TestSequenceArray/TestSequenceArray_2
2025-11-26T16:01:36.3939031Z === RUN   TestSequenceArray/TestSequenceArray_3
2025-11-26T16:01:36.3939645Z === RUN   TestSequenceArray/TestSequenceArray_4
2025-11-26T16:01:36.3940358Z === RUN   TestSequenceArray/TestSequenceArray_5
2025-11-26T16:01:36.3941257Z === RUN   TestSequenceArray/TestSequenceArray_6
2025-11-26T16:01:36.3941916Z === RUN   TestSequenceArray/TestSequenceArray_7
2025-11-26T16:01:36.3942531Z === RUN   TestSequenceArray/TestSequenceArray_8
2025-11-26T16:01:36.3943134Z === RUN   TestSequenceArray/TestSequenceArray_9
2025-11-26T16:01:36.3943718Z --- PASS: TestSequenceArray (0.00s)
2025-11-26T16:01:36.3944480Z     --- PASS: TestSequenceArray/TestSequenceArray_0 (0.00s)
2025-11-26T16:01:36.3945340Z     --- PASS: TestSequenceArray/TestSequenceArray_1 (0.00s)
2025-11-26T16:01:36.3946193Z     --- PASS: TestSequenceArray/TestSequenceArray_2 (0.00s)
2025-11-26T16:01:36.3947019Z     --- PASS: TestSequenceArray/TestSequenceArray_3 (0.00s)
2025-11-26T16:01:36.3948317Z     --- PASS: TestSequenceArray/TestSequenceArray_4 (0.00s)
2025-11-26T16:01:36.3949135Z     --- PASS: TestSequenceArray/TestSequenceArray_5 (0.00s)
2025-11-26T16:01:36.3949959Z     --- PASS: TestSequenceArray/TestSequenceArray_6 (0.00s)
2025-11-26T16:01:36.3950981Z     --- PASS: TestSequenceArray/TestSequenceArray_7 (0.00s)
2025-11-26T16:01:36.3951661Z     --- PASS: TestSequenceArray/TestSequenceArray_8 (0.00s)
2025-11-26T16:01:36.3952225Z     --- PASS: TestSequenceArray/TestSequenceArray_9 (0.00s)
2025-11-26T16:01:36.3952759Z === RUN   TestSequenceArrayError
2025-11-26T16:01:36.3953254Z === RUN   TestSequenceArrayError/Bitmask_test_1
2025-11-26T16:01:36.3953737Z === RUN   TestSequenceArrayError/Bitmask_test_2
2025-11-26T16:01:36.3954215Z === RUN   TestSequenceArrayError/Bitmask_test_3
2025-11-26T16:01:36.3954640Z === RUN   TestSequenceArrayError/Bitmask_test_4
2025-11-26T16:01:36.3955057Z === RUN   TestSequenceArrayError/Bitmask_test_5
2025-11-26T16:01:36.3955504Z === RUN   TestSequenceArrayError/Bitmask_test_6
2025-11-26T16:01:36.3955923Z === RUN   TestSequenceArrayError/Bitmask_test_7
2025-11-26T16:01:36.3956335Z === RUN   TestSequenceArrayError/Bitmask_test_8
2025-11-26T16:01:36.3956755Z === RUN   TestSequenceArrayError/Bitmask_test_9
2025-11-26T16:01:36.3957387Z === RUN   TestSequenceArrayError/Bitmask_test_10
2025-11-26T16:01:36.3957827Z === RUN   TestSequenceArrayError/Bitmask_test_11
2025-11-26T16:01:36.3958485Z === RUN   TestSequenceArrayError/Bitmask_test_12
2025-11-26T16:01:36.3958915Z === RUN   TestSequenceArrayError/Bitmask_test_13
2025-11-26T16:01:36.3959343Z === RUN   TestSequenceArrayError/Bitmask_test_14
2025-11-26T16:01:36.3959762Z === RUN   TestSequenceArrayError/Bitmask_test_15
2025-11-26T16:01:36.3960163Z --- PASS: TestSequenceArrayError (0.01s)
2025-11-26T16:01:36.3960657Z     --- PASS: TestSequenceArrayError/Bitmask_test_1 (0.00s)
2025-11-26T16:01:36.3961172Z     --- PASS: TestSequenceArrayError/Bitmask_test_2 (0.00s)
2025-11-26T16:01:36.3961680Z     --- PASS: TestSequenceArrayError/Bitmask_test_3 (0.00s)
2025-11-26T16:01:36.3962190Z     --- PASS: TestSequenceArrayError/Bitmask_test_4 (0.00s)
2025-11-26T16:01:36.3962690Z     --- PASS: TestSequenceArrayError/Bitmask_test_5 (0.00s)
2025-11-26T16:01:36.3963195Z     --- PASS: TestSequenceArrayError/Bitmask_test_6 (0.00s)
2025-11-26T16:01:36.3963698Z     --- PASS: TestSequenceArrayError/Bitmask_test_7 (0.00s)
2025-11-26T16:01:36.3964503Z     --- PASS: TestSequenceArrayError/Bitmask_test_8 (0.00s)
2025-11-26T16:01:36.3965022Z     --- PASS: TestSequenceArrayError/Bitmask_test_9 (0.00s)
2025-11-26T16:01:36.3965540Z     --- PASS: TestSequenceArrayError/Bitmask_test_10 (0.00s)
2025-11-26T16:01:36.3966063Z     --- PASS: TestSequenceArrayError/Bitmask_test_11 (0.00s)
2025-11-26T16:01:36.3966579Z     --- PASS: TestSequenceArrayError/Bitmask_test_12 (0.00s)
2025-11-26T16:01:36.3967287Z     --- PASS: TestSequenceArrayError/Bitmask_test_13 (0.00s)
2025-11-26T16:01:36.3967815Z     --- PASS: TestSequenceArrayError/Bitmask_test_14 (0.00s)
2025-11-26T16:01:36.3968337Z     --- PASS: TestSequenceArrayError/Bitmask_test_15 (0.00s)
2025-11-26T16:01:36.3968711Z === RUN   TestBind
2025-11-26T16:01:36.3968983Z --- PASS: TestBind (0.00s)
2025-11-26T16:01:36.3969373Z === RUN   TestApS
2025-11-26T16:01:36.3969639Z --- PASS: TestApS (0.00s)
2025-11-26T16:01:36.3969922Z === RUN   TestMap
2025-11-26T16:01:36.3970180Z --- PASS: TestMap (0.00s)
2025-11-26T16:01:36.3970440Z === RUN   TestOrLeft
2025-11-26T16:01:36.3970797Z --- PASS: TestOrLeft (0.00s)
2025-11-26T16:01:36.3971065Z === RUN   TestAp
2025-11-26T16:01:36.3971309Z --- PASS: TestAp (0.00s)
2025-11-26T16:01:36.3971584Z === RUN   TestChainReaderK
2025-11-26T16:01:36.3971876Z --- PASS: TestChainReaderK (0.00s)
2025-11-26T16:01:36.3972172Z === RUN   TestSequence2
2025-11-26T16:01:36.3972444Z --- PASS: TestSequence2 (0.00s)
2025-11-26T16:01:36.3972715Z PASS
2025-11-26T16:01:36.3972944Z coverage: 8.9% of statements
2025-11-26T16:01:36.3973359Z ok  	github.com/IBM/fp-go/readerioeither	1.065s	coverage: 8.9% of statements
2025-11-26T16:01:36.8589718Z === RUN   TestFromStrictEquals
2025-11-26T16:01:36.8590649Z --- PASS: TestFromStrictEquals (0.00s)
2025-11-26T16:01:36.8591217Z === RUN   TestUnionMonoid
2025-11-26T16:01:36.8591688Z --- PASS: TestUnionMonoid (0.00s)
2025-11-26T16:01:36.8592205Z === RUN   TestUnionFirstMonoid
2025-11-26T16:01:36.8592714Z --- PASS: TestUnionFirstMonoid (0.00s)
2025-11-26T16:01:36.8593424Z === RUN   TestUnionLastMonoid
2025-11-26T16:01:36.8593921Z --- PASS: TestUnionLastMonoid (0.00s)
2025-11-26T16:01:36.8594411Z === RUN   TestKeys
2025-11-26T16:01:36.8594805Z --- PASS: TestKeys (0.00s)
2025-11-26T16:01:36.8595242Z === RUN   TestValues
2025-11-26T16:01:36.8595736Z --- PASS: TestValues (0.00s)
2025-11-26T16:01:36.8596371Z === RUN   TestMap
2025-11-26T16:01:36.8596887Z --- PASS: TestMap (0.00s)
2025-11-26T16:01:36.8597596Z === RUN   TestLookup
2025-11-26T16:01:36.8598009Z --- PASS: TestLookup (0.00s)
2025-11-26T16:01:36.8598602Z === RUN   TestFilterChain
2025-11-26T16:01:36.8599120Z --- PASS: TestFilterChain (0.00s)
2025-11-26T16:01:36.8599496Z === RUN   TestCopyVsClone
2025-11-26T16:01:36.8599926Z --- PASS: TestCopyVsClone (0.00s)
2025-11-26T16:01:36.8600298Z === RUN   TestFromArrayMap
2025-11-26T16:01:36.8600741Z --- PASS: TestFromArrayMap (0.00s)
2025-11-26T16:01:36.8601109Z === RUN   TestEmpty
2025-11-26T16:01:36.8601452Z --- PASS: TestEmpty (0.00s)
2025-11-26T16:01:36.8601844Z === RUN   TestHas
2025-11-26T16:01:36.8602411Z --- PASS: TestHas (0.00s)
2025-11-26T16:01:36.8602794Z === RUN   TestSimpleTraversalWithIndex
2025-11-26T16:01:36.8603351Z --- PASS: TestSimpleTraversalWithIndex (0.00s)
2025-11-26T16:01:36.8603809Z === RUN   TestSimpleTraversalNoIndex
2025-11-26T16:01:36.8604344Z --- PASS: TestSimpleTraversalNoIndex (0.00s)
2025-11-26T16:01:36.8604818Z === RUN   TestSequence
2025-11-26T16:01:36.8605282Z --- PASS: TestSequence (0.00s)
2025-11-26T16:01:36.8605653Z === RUN   ExampleFoldMap
2025-11-26T16:01:36.8606108Z --- PASS: ExampleFoldMap (0.00s)
2025-11-26T16:01:36.8606480Z === RUN   ExampleValuesOrd
2025-11-26T16:01:36.8606945Z --- PASS: ExampleValuesOrd (0.00s)
2025-11-26T16:01:36.8607617Z PASS
2025-11-26T16:01:36.8607932Z coverage: 19.2% of statements
2025-11-26T16:01:36.8608545Z ok  	github.com/IBM/fp-go/record	1.035s	coverage: 19.2% of statements
2025-11-26T16:01:37.0160355Z testing: warning: no tests to run
2025-11-26T16:01:37.0161359Z PASS
2025-11-26T16:01:37.0161792Z coverage: [no statements]
2025-11-26T16:01:37.0162577Z ok  	github.com/IBM/fp-go/samples	1.009s	coverage: [no statements] [no tests to run]
2025-11-26T16:01:37.0624309Z === RUN   ExampleReader
2025-11-26T16:01:37.0625058Z --- PASS: ExampleReader (0.00s)
2025-11-26T16:01:37.0625595Z PASS
2025-11-26T16:01:37.0626017Z coverage: 3.6% of statements
2025-11-26T16:01:37.0627410Z ok  	github.com/IBM/fp-go/samples/getting-started-with-fp-ts/reader/example1	1.015s	coverage: 3.6% of statements
2025-11-26T16:01:37.6358239Z === RUN   ExampleReader
2025-11-26T16:01:37.6359102Z --- PASS: ExampleReader (0.00s)
2025-11-26T16:01:37.6359816Z PASS
2025-11-26T16:01:37.6360427Z coverage: 6.0% of statements
2025-11-26T16:01:37.6361528Z ok  	github.com/IBM/fp-go/samples/getting-started-with-fp-ts/reader/example2	1.019s	coverage: 6.0% of statements
2025-11-26T16:01:39.9873621Z === RUN   TestMultipleHttpRequests
2025-11-26T16:01:39.9874562Z 2025/11/26 16:01:38 Log Single: {1 10 optio molestias id quia eum quo et expedita modi cum officia vel magni
2025-11-26T16:01:39.9876415Z doloribus qui repudiandae
2025-11-26T16:01:39.9876831Z vero nisi sit
2025-11-26T16:01:39.9877433Z quos veniam quod sed accusamus veritatis error}
2025-11-26T16:01:39.9878284Z 2025/11/26 16:01:38 Log Single: {1 8 dolorem dolore est ipsam dignissimos aperiam dolorem qui eum
2025-11-26T16:01:39.9879162Z facilis quibusdam animi sint suscipit qui sint possimus cum
2025-11-26T16:01:39.9879760Z quaerat magni maiores excepturi
2025-11-26T16:01:39.9880250Z ipsam ut commodi dolor voluptatum modi aut vitae}
2025-11-26T16:01:39.9880921Z 2025/11/26 16:01:38 Log Single: {1 2 qui est esse est rerum tempore vitae
2025-11-26T16:01:39.9881651Z sequi sint nihil reprehenderit dolor beatae ea dolores neque
2025-11-26T16:01:39.9882404Z fugiat blanditiis voluptate porro vel nihil molestiae ut reiciendis
2025-11-26T16:01:39.9883117Z qui aperiam non debitis possimus qui neque nisi nulla}
2025-11-26T16:01:39.9884126Z 2025/11/26 16:01:38 Log Single: {1 9 nesciunt iure omnis dolorem tempora et accusantium consectetur animi nesciunt iure dolore
2025-11-26T16:01:39.9885018Z enim quia ad
2025-11-26T16:01:39.9885354Z veniam autem ut quam aut nobis
2025-11-26T16:01:39.9885894Z et est aut quod aut provident voluptas autem voluptas}
2025-11-26T16:01:39.9886999Z 2025/11/26 16:01:38 Log Single: {1 1 sunt aut facere repellat provident occaecati excepturi optio reprehenderit quia et suscipit
2025-11-26T16:01:39.9888135Z suscipit recusandae consequuntur expedita et cum
2025-11-26T16:01:39.9888652Z reprehenderit molestiae ut ut quas totam
2025-11-26T16:01:39.9889171Z nostrum rerum est autem sunt rem eveniet architecto}
2025-11-26T16:01:39.9889862Z 2025/11/26 16:01:38 Log Single: {1 5 nesciunt quas odio repudiandae veniam quaerat sunt sed
2025-11-26T16:01:39.9890511Z alias aut fugiat sit autem sed est
2025-11-26T16:01:39.9891039Z voluptatem omnis possimus esse voluptatibus quis
2025-11-26T16:01:39.9891534Z est aut tenetur dolor neque}
2025-11-26T16:01:39.9892418Z 2025/11/26 16:01:38 Log Single: {1 7 magnam facilis autem dolore placeat quibusdam ea quo vitae
2025-11-26T16:01:39.9893115Z magni quis enim qui quis quo nemo aut saepe
2025-11-26T16:01:39.9893581Z quidem repellat excepturi ut quia
2025-11-26T16:01:39.9893996Z sunt ut sequi eos ea sed quas}
2025-11-26T16:01:39.9894807Z 2025/11/26 16:01:38 Log Single: {1 6 dolorem eum magni eos aperiam quia ut aspernatur corporis harum nihil quis provident sequi
2025-11-26T16:01:39.9895620Z mollitia nobis aliquid molestiae
2025-11-26T16:01:39.9896139Z perspiciatis et ea nemo ab reprehenderit accusantium quas
2025-11-26T16:01:39.9896741Z voluptate dolores velit et doloremque molestiae}
2025-11-26T16:01:39.9897699Z 2025/11/26 16:01:38 Log Single: {1 4 eum et est occaecati ullam et saepe reiciendis voluptatem adipisci
2025-11-26T16:01:39.9898450Z sit amet autem assumenda provident rerum culpa
2025-11-26T16:01:39.9899021Z quis hic commodi nesciunt rem tenetur doloremque ipsam iure
2025-11-26T16:01:39.9899560Z quis sunt voluptatem rerum illo velit}
2025-11-26T16:01:39.9900671Z 2025/11/26 16:01:38 Log Single: {1 3 ea molestias quasi exercitationem repellat qui ipsa sit aut et iusto sed quo iure
2025-11-26T16:01:39.9901490Z voluptatem occaecati omnis eligendi aut ad
2025-11-26T16:01:39.9902025Z voluptatem doloribus vel accusantium quis pariatur
2025-11-26T16:01:39.9902577Z molestiae porro eius odio et labore et velit aut}
2025-11-26T16:01:39.9903495Z 2025/11/26 16:01:38 Log Result: [{1 1 sunt aut facere repellat provident occaecati excepturi optio reprehenderit quia et suscipit
2025-11-26T16:01:39.9904380Z suscipit recusandae consequuntur expedita et cum
2025-11-26T16:01:39.9904884Z reprehenderit molestiae ut ut quas totam
2025-11-26T16:01:39.9905606Z nostrum rerum est autem sunt rem eveniet architecto} {1 2 qui est esse est rerum tempore vitae
2025-11-26T16:01:39.9906322Z sequi sint nihil reprehenderit dolor beatae ea dolores neque
2025-11-26T16:01:39.9906962Z fugiat blanditiis voluptate porro vel nihil molestiae ut reiciendis
2025-11-26T16:01:39.9908184Z qui aperiam non debitis possimus qui neque nisi nulla} {1 3 ea molestias quasi exercitationem repellat qui ipsa sit aut et iusto sed quo iure
2025-11-26T16:01:39.9909075Z voluptatem occaecati omnis eligendi aut ad
2025-11-26T16:01:39.9909591Z voluptatem doloribus vel accusantium quis pariatur
2025-11-26T16:01:39.9910442Z molestiae porro eius odio et labore et velit aut} {1 4 eum et est occaecati ullam et saepe reiciendis voluptatem adipisci
2025-11-26T16:01:39.9911275Z sit amet autem assumenda provident rerum culpa
2025-11-26T16:01:39.9911836Z quis hic commodi nesciunt rem tenetur doloremque ipsam iure
2025-11-26T16:01:39.9912563Z quis sunt voluptatem rerum illo velit} {1 5 nesciunt quas odio repudiandae veniam quaerat sunt sed
2025-11-26T16:01:39.9913223Z alias aut fugiat sit autem sed est
2025-11-26T16:01:39.9913669Z voluptatem omnis possimus esse voluptatibus quis
2025-11-26T16:01:39.9914497Z est aut tenetur dolor neque} {1 6 dolorem eum magni eos aperiam quia ut aspernatur corporis harum nihil quis provident sequi
2025-11-26T16:01:39.9915298Z mollitia nobis aliquid molestiae
2025-11-26T16:01:39.9915796Z perspiciatis et ea nemo ab reprehenderit accusantium quas
2025-11-26T16:01:39.9916699Z voluptate dolores velit et doloremque molestiae} {1 7 magnam facilis autem dolore placeat quibusdam ea quo vitae
2025-11-26T16:01:39.9917639Z magni quis enim qui quis quo nemo aut saepe
2025-11-26T16:01:39.9918040Z quidem repellat excepturi ut quia
2025-11-26T16:01:39.9918648Z sunt ut sequi eos ea sed quas} {1 8 dolorem dolore est ipsam dignissimos aperiam dolorem qui eum
2025-11-26T16:01:39.9919390Z facilis quibusdam animi sint suscipit qui sint possimus cum
2025-11-26T16:01:39.9919896Z quaerat magni maiores excepturi
2025-11-26T16:01:39.9920806Z ipsam ut commodi dolor voluptatum modi aut vitae} {1 9 nesciunt iure omnis dolorem tempora et accusantium consectetur animi nesciunt iure dolore
2025-11-26T16:01:39.9921692Z enim quia ad
2025-11-26T16:01:39.9921994Z veniam autem ut quam aut nobis
2025-11-26T16:01:39.9922981Z et est aut quod aut provident voluptas autem voluptas} {1 10 optio molestias id quia eum quo et expedita modi cum officia vel magni
2025-11-26T16:01:39.9923804Z doloribus qui repudiandae
2025-11-26T16:01:39.9924138Z vero nisi sit
2025-11-26T16:01:39.9924488Z quos veniam quod sed accusamus veritatis error}]
2025-11-26T16:01:39.9924971Z --- PASS: TestMultipleHttpRequests (0.30s)
2025-11-26T16:01:39.9925419Z === RUN   TestHeterogeneousHttpRequests
2025-11-26T16:01:39.9926464Z 2025/11/26 16:01:38 Log Result: Tuple2[http.PostItem, http.CatFact]({1 1 sunt aut facere repellat provident occaecati excepturi optio reprehenderit quia et suscipit
2025-11-26T16:01:39.9927614Z suscipit recusandae consequuntur expedita et cum
2025-11-26T16:01:39.9928078Z reprehenderit molestiae ut ut quas totam
2025-11-26T16:01:39.9929061Z nostrum rerum est autem sunt rem eveniet architecto}, {Cats' eyes shine in the dark because of the tapetum, a reflective layer in the eye, which acts like a mirror.})
2025-11-26T16:01:39.9931262Z Right[tuple.Tuple2[github.com/IBM/fp-go/samples/http.PostItem,github.com/IBM/fp-go/samples/http.CatFact]](Tuple2[http.PostItem, http.CatFact]({1 1 sunt aut facere repellat provident occaecati excepturi optio reprehenderit quia et suscipit
2025-11-26T16:01:39.9932913Z suscipit recusandae consequuntur expedita et cum
2025-11-26T16:01:39.9933383Z reprehenderit molestiae ut ut quas totam
2025-11-26T16:01:39.9934436Z nostrum rerum est autem sunt rem eveniet architecto}, {Cats' eyes shine in the dark because of the tapetum, a reflective layer in the eye, which acts like a mirror.}))
2025-11-26T16:01:39.9935432Z --- PASS: TestHeterogeneousHttpRequests (0.20s)
2025-11-26T16:01:39.9935835Z PASS
2025-11-26T16:01:39.9936111Z coverage: 8.2% of statements
2025-11-26T16:01:39.9936640Z ok  	github.com/IBM/fp-go/samples/http	1.570s	coverage: 8.2% of statements
2025-11-26T16:01:39.9937329Z === RUN   ExampleEither_match
2025-11-26T16:01:39.9937694Z --- PASS: ExampleEither_match (0.00s)
2025-11-26T16:01:39.9938044Z PASS
2025-11-26T16:01:39.9938320Z coverage: 1.1% of statements
2025-11-26T16:01:39.9938820Z ok  	github.com/IBM/fp-go/samples/match	1.046s	coverage: 1.1% of statements
2025-11-26T16:01:41.8090822Z === RUN   Example_flock
2025-11-26T16:01:41.8091981Z --- PASS: Example_flock (0.00s)
2025-11-26T16:01:41.8092959Z === RUN   Example_greeting
2025-11-26T16:01:41.8093375Z --- PASS: Example_greeting (0.00s)
2025-11-26T16:01:41.8093793Z === RUN   Example_solution04A
2025-11-26T16:01:41.8094169Z --- PASS: Example_solution04A (0.00s)
2025-11-26T16:01:41.8094543Z === RUN   Example_solution04B
2025-11-26T16:01:41.8094906Z --- PASS: Example_solution04B (0.00s)
2025-11-26T16:01:41.8095278Z === RUN   Example_solution04C
2025-11-26T16:01:41.8095622Z --- PASS: Example_solution04C (0.00s)
2025-11-26T16:01:41.8095981Z === RUN   Example_shout
2025-11-26T16:01:41.8096320Z --- PASS: Example_shout (0.00s)
2025-11-26T16:01:41.8096672Z === RUN   Example_dasherize
2025-11-26T16:01:41.8097026Z --- PASS: Example_dasherize (0.00s)
2025-11-26T16:01:41.8097633Z === RUN   Example_pipe
2025-11-26T16:01:41.8098125Z --- PASS: Example_pipe (0.00s)
2025-11-26T16:01:41.8098493Z === RUN   Example_solution05A
2025-11-26T16:01:41.8098869Z --- PASS: Example_solution05A (0.00s)
2025-11-26T16:01:41.8099263Z === RUN   Example_solution05B
2025-11-26T16:01:41.8099646Z --- PASS: Example_solution05B (0.00s)
2025-11-26T16:01:41.8100036Z === RUN   Example_solution05C
2025-11-26T16:01:41.8100398Z --- PASS: Example_solution05C (0.00s)
2025-11-26T16:01:41.8100779Z === RUN   Example_application
2025-11-26T16:01:41.8101147Z --- PASS: Example_application (0.93s)
2025-11-26T16:01:41.8101537Z === RUN   Example_widthdraw
2025-11-26T16:01:41.8101886Z --- PASS: Example_widthdraw (0.00s)
2025-11-26T16:01:41.8102270Z === RUN   Example_getAge
2025-11-26T16:01:41.8102618Z --- PASS: Example_getAge (0.00s)
2025-11-26T16:01:41.8103006Z === RUN   Example_solution08A
2025-11-26T16:01:41.8103376Z --- PASS: Example_solution08A (0.00s)
2025-11-26T16:01:41.8103801Z === RUN   Example_solution08B
2025-11-26T16:01:41.8104162Z --- PASS: Example_solution08B (0.00s)
2025-11-26T16:01:41.8104819Z === RUN   Example_solution08C
2025-11-26T16:01:41.8105177Z --- PASS: Example_solution08C (0.00s)
2025-11-26T16:01:41.8105554Z === RUN   Example_solution08D
2025-11-26T16:01:41.8105911Z --- PASS: Example_solution08D (0.00s)
2025-11-26T16:01:41.8106293Z === RUN   Example_street
2025-11-26T16:01:41.8106662Z --- PASS: Example_street (0.00s)
2025-11-26T16:01:41.8107237Z === RUN   Example_solution09A
2025-11-26T16:01:41.8107608Z --- PASS: Example_solution09A (0.00s)
2025-11-26T16:01:41.8107986Z === RUN   Example_solution09B
2025-11-26T16:01:41.8108331Z 2025/11/26 16:01:40 ch09.md
2025-11-26T16:01:41.8108677Z --- PASS: Example_solution09B (0.00s)
2025-11-26T16:01:41.8109065Z === RUN   Example_solution09C
2025-11-26T16:01:41.8109402Z --- PASS: Example_solution09C (0.00s)
2025-11-26T16:01:41.8109796Z === RUN   Example_renderPage
2025-11-26T16:01:41.8110176Z --- PASS: Example_renderPage (0.07s)
2025-11-26T16:01:41.8110767Z === RUN   Example_solution10A
2025-11-26T16:01:41.8111118Z --- PASS: Example_solution10A (0.00s)
2025-11-26T16:01:41.8112361Z === RUN   Example_solution10B
2025-11-26T16:01:41.8112749Z --- PASS: Example_solution10B (0.00s)
2025-11-26T16:01:41.8113151Z === RUN   Example_solution10C
2025-11-26T16:01:41.8113532Z --- PASS: Example_solution10C (0.00s)
2025-11-26T16:01:41.8113936Z === RUN   Example_solution11A
2025-11-26T16:01:41.8114311Z --- PASS: Example_solution11A (0.00s)
2025-11-26T16:01:41.8114713Z === RUN   Example_solution11B
2025-11-26T16:01:41.8115093Z --- PASS: Example_solution11B (0.00s)
2025-11-26T16:01:41.8115490Z === RUN   Example_solution11C
2025-11-26T16:01:41.8115865Z --- PASS: Example_solution11C (0.00s)
2025-11-26T16:01:41.8116266Z === RUN   Example_solution12A
2025-11-26T16:01:41.8116643Z --- PASS: Example_solution12A (0.00s)
2025-11-26T16:01:41.8117040Z === RUN   Example_solution12B
2025-11-26T16:01:41.8117580Z --- PASS: Example_solution12B (0.00s)
2025-11-26T16:01:41.8117982Z === RUN   Example_solution12C
2025-11-26T16:01:41.8118369Z --- PASS: Example_solution12C (0.00s)
2025-11-26T16:01:41.8118737Z PASS
2025-11-26T16:01:41.8119034Z coverage: 11.7% of statements
2025-11-26T16:01:41.8119657Z ok  	github.com/IBM/fp-go/samples/mostly-adequate	2.051s	coverage: 11.7% of statements
2025-11-26T16:01:41.8120318Z testing: warning: no tests to run
2025-11-26T16:01:41.8120673Z PASS
2025-11-26T16:01:41.8120941Z coverage: 2.3% of statements
2025-11-26T16:01:41.8121706Z ok  	github.com/IBM/fp-go/samples/presentation/benchmarks	1.039s	coverage: 2.3% of statements [no tests to run]
2025-11-26T16:01:41.8122461Z === RUN   Example_composition_pipe
2025-11-26T16:01:41.8122895Z --- PASS: Example_composition_pipe (0.00s)
2025-11-26T16:01:41.8123332Z === RUN   Example_composition_flow
2025-11-26T16:01:41.8123729Z --- PASS: Example_composition_flow (0.00s)
2025-11-26T16:01:41.8124136Z === RUN   Example_either_monad
2025-11-26T16:01:41.8124484Z --- PASS: Example_either_monad (0.00s)
2025-11-26T16:01:41.8124876Z === RUN   Example_either_idiomatic
2025-11-26T16:01:41.8125299Z --- PASS: Example_either_idiomatic (0.00s)
2025-11-26T16:01:41.8125720Z === RUN   Example_either_worlds
2025-11-26T16:01:41.8126115Z --- PASS: Example_either_worlds (0.00s)
2025-11-26T16:01:41.8126512Z === RUN   Example_generics
2025-11-26T16:01:41.8126846Z --- PASS: Example_generics (0.00s)
2025-11-26T16:01:41.8128062Z === RUN   Example_closure
2025-11-26T16:01:41.8128439Z --- PASS: Example_closure (0.00s)
2025-11-26T16:01:41.8128831Z === RUN   Example_immutability_struct
2025-11-26T16:01:41.8129239Z --- PASS: Example_immutability_struct (0.00s)
2025-11-26T16:01:41.8129808Z === RUN   Example_immutability_optics
2025-11-26T16:01:41.8130476Z --- PASS: Example_immutability_optics (0.00s)
2025-11-26T16:01:41.8130904Z === RUN   Example_immutability_lenses
2025-11-26T16:01:41.8131311Z --- PASS: Example_immutability_lenses (0.00s)
2025-11-26T16:01:41.8131724Z === RUN   Example_map
2025-11-26T16:01:41.8132061Z --- PASS: Example_map (0.00s)
2025-11-26T16:01:41.8132412Z === RUN   Example_reduce
2025-11-26T16:01:41.8132925Z --- PASS: Example_reduce (0.00s)
2025-11-26T16:01:41.8133302Z === RUN   Example_io_flow
2025-11-26T16:01:41.8133645Z --- PASS: Example_io_flow (0.00s)
2025-11-26T16:01:41.8134015Z === RUN   Example_io_flow_idiomatic
2025-11-26T16:01:41.8134418Z --- PASS: Example_io_flow_idiomatic (0.00s)
2025-11-26T16:01:41.8134792Z PASS
2025-11-26T16:01:41.8135064Z coverage: 6.4% of statements
2025-11-26T16:01:41.8135654Z ok  	github.com/IBM/fp-go/samples/presentation/examples	1.033s	coverage: 6.4% of statements
2025-11-26T16:01:41.8136296Z === RUN   ExampleReaderIOEither
2025-11-26T16:01:41.8136680Z --- PASS: ExampleReaderIOEither (0.00s)
2025-11-26T16:01:41.8137198Z PASS
2025-11-26T16:01:41.8137492Z coverage: 2.9% of statements
2025-11-26T16:01:41.8138328Z ok  	github.com/IBM/fp-go/samples/readerioeither/example1	1.027s	coverage: 2.9% of statements
2025-11-26T16:01:41.9116233Z 	github.com/IBM/fp-go/semigroup/ord		coverage: 0.0% of statements
2025-11-26T16:01:42.0007444Z 	github.com/IBM/fp-go/state		coverage: 0.0% of statements
2025-11-26T16:01:42.0039407Z 	github.com/IBM/fp-go/state/generic		coverage: 0.0% of statements
2025-11-26T16:01:42.8307886Z === RUN   TestReadSingleFile
2025-11-26T16:01:42.8308688Z 2025/11/26 16:01:41 Log: {Carsten}
2025-11-26T16:01:42.8309230Z --- PASS: TestReadSingleFile (0.00s)
2025-11-26T16:01:42.8309802Z === RUN   TestReadMultipleFiles
2025-11-26T16:01:42.8310304Z 2025/11/26 16:01:41 Log Single: {file3}
2025-11-26T16:01:42.8310809Z 2025/11/26 16:01:41 Log Single: {file2}
2025-11-26T16:01:42.8311300Z 2025/11/26 16:01:41 Log Single: {file1}
2025-11-26T16:01:42.8312019Z 2025/11/26 16:01:41 Log Result: [{file1} {file2} {file3}]
2025-11-26T16:01:42.8312776Z --- PASS: TestReadMultipleFiles (0.00s)
2025-11-26T16:01:42.8313483Z PASS
2025-11-26T16:01:42.8314011Z coverage: 7.8% of statements
2025-11-26T16:01:42.8314853Z ok  	github.com/IBM/fp-go/samples/readfile	1.053s	coverage: 7.8% of statements
2025-11-26T16:01:42.8620808Z === RUN   TestIOEitherToOption1
2025-11-26T16:01:42.8621567Z None[<nil>]
2025-11-26T16:01:42.8628146Z --- PASS: TestIOEitherToOption1 (0.00s)
2025-11-26T16:01:42.8633056Z === RUN   TestIOEitherToOption2
2025-11-26T16:01:42.8633787Z None[<nil>]
2025-11-26T16:01:42.8634518Z --- PASS: TestIOEitherToOption2 (0.00s)
2025-11-26T16:01:42.8636179Z === RUN   TestSampleConvertDocx1
2025-11-26T16:01:42.8637648Z --- PASS: TestSampleConvertDocx1 (0.00s)
2025-11-26T16:01:42.8638228Z === RUN   TestSampleConvertDocx2
2025-11-26T16:01:42.8638778Z --- PASS: TestSampleConvertDocx2 (0.00s)
2025-11-26T16:01:42.8639307Z === RUN   TestSampleConvertDocx3
2025-11-26T16:01:42.8639811Z --- PASS: TestSampleConvertDocx3 (0.00s)
2025-11-26T16:01:42.8640318Z === RUN   TestSampleConvertDocx4
2025-11-26T16:01:42.8640875Z --- PASS: TestSampleConvertDocx4 (0.00s)
2025-11-26T16:01:42.8641343Z PASS
2025-11-26T16:01:42.8641661Z coverage: 4.3% of statements
2025-11-26T16:01:42.8642252Z ok  	github.com/IBM/fp-go/samples/tuples	1.039s	coverage: 4.3% of statements
2025-11-26T16:01:42.9242000Z === RUN   TestFirst
2025-11-26T16:01:42.9247291Z --- PASS: TestFirst (0.00s)
2025-11-26T16:01:42.9248349Z === RUN   TestLast
2025-11-26T16:01:42.9248963Z --- PASS: TestLast (0.00s)
2025-11-26T16:01:42.9250828Z PASS
2025-11-26T16:01:42.9251201Z coverage: 2.7% of statements
2025-11-26T16:01:42.9251882Z ok  	github.com/IBM/fp-go/semigroup	1.012s	coverage: 2.7% of statements
2025-11-26T16:01:43.0695352Z 	github.com/IBM/fp-go/statereaderioeither		coverage: 0.0% of statements
2025-11-26T16:01:43.0727722Z 	github.com/IBM/fp-go/statereaderioeither/generic		coverage: 0.0% of statements
2025-11-26T16:01:43.7321224Z === RUN   TestMonadLaws
2025-11-26T16:01:43.7321979Z --- PASS: TestMonadLaws (0.00s)
2025-11-26T16:01:43.7322646Z PASS
2025-11-26T16:01:43.7323174Z coverage: 15.0% of statements
2025-11-26T16:01:43.7324215Z ok  	github.com/IBM/fp-go/state/testing	1.021s	coverage: 15.0% of statements
2025-11-26T16:01:44.3011988Z 	github.com/IBM/fp-go/string/generic		coverage: 0.0% of statements
2025-11-26T16:01:45.3317482Z 	github.com/IBM/fp-go/writer/generic		coverage: 0.0% of statements
2025-11-26T16:01:45.3610801Z === RUN   TestMonadLaws
2025-11-26T16:01:45.3611371Z --- PASS: TestMonadLaws (0.00s)
2025-11-26T16:01:45.3611896Z PASS
2025-11-26T16:01:45.3612317Z coverage: 10.5% of statements
2025-11-26T16:01:45.3613240Z ok  	github.com/IBM/fp-go/statereaderioeither/testing	1.061s	coverage: 10.5% of statements
2025-11-26T16:01:45.3614159Z === RUN   TestMonoid
2025-11-26T16:01:45.3614485Z --- PASS: TestMonoid (0.00s)
2025-11-26T16:01:45.3614874Z === RUN   TestEmpty
2025-11-26T16:01:45.3615225Z --- PASS: TestEmpty (0.00s)
2025-11-26T16:01:45.3615546Z === RUN   TestJoin
2025-11-26T16:01:45.3615968Z --- PASS: TestJoin (0.00s)
2025-11-26T16:01:45.3616415Z === RUN   TestEquals
2025-11-26T16:01:45.3616851Z --- PASS: TestEquals (0.00s)
2025-11-26T16:01:45.3617456Z === RUN   TestIncludes
2025-11-26T16:01:45.3617801Z --- PASS: TestIncludes (0.00s)
2025-11-26T16:01:45.3618237Z PASS
2025-11-26T16:01:45.3618524Z coverage: 3.2% of statements
2025-11-26T16:01:45.3619432Z ok  	github.com/IBM/fp-go/string	1.031s	coverage: 3.2% of statements
2025-11-26T16:01:45.3806158Z === RUN   TestString
2025-11-26T16:01:45.3806826Z --- PASS: TestString (0.00s)
2025-11-26T16:01:45.3807419Z === RUN   TestMarshal
2025-11-26T16:01:45.3807800Z --- PASS: TestMarshal (0.00s)
2025-11-26T16:01:45.3808252Z === RUN   TestMarshalSmallArray
2025-11-26T16:01:45.3808700Z --- PASS: TestMarshalSmallArray (0.00s)
2025-11-26T16:01:45.3809129Z PASS
2025-11-26T16:01:45.3809450Z coverage: 1.7% of statements
2025-11-26T16:01:45.3810014Z ok  	github.com/IBM/fp-go/tuple	1.023s	coverage: 1.7% of statements
2025-11-26T16:01:45.9576787Z === RUN   TestBind
2025-11-26T16:01:45.9577517Z --- PASS: TestBind (0.00s)
2025-11-26T16:01:45.9577957Z === RUN   TestApS
2025-11-26T16:01:45.9578297Z --- PASS: TestApS (0.00s)
2025-11-26T16:01:45.9578674Z === RUN   ExampleWriter_logging
2025-11-26T16:01:45.9579087Z --- PASS: ExampleWriter_logging (0.00s)
2025-11-26T16:01:45.9579480Z PASS
2025-11-26T16:01:45.9579798Z coverage: 6.7% of statements
2025-11-26T16:01:45.9580327Z ok  	github.com/IBM/fp-go/writer	1.022s	coverage: 6.7% of statements
2025-11-26T16:01:47.1260660Z === RUN   TestMonadLaws
2025-11-26T16:01:47.1261338Z --- PASS: TestMonadLaws (0.00s)
2025-11-26T16:01:47.1261934Z PASS
2025-11-26T16:01:47.1262420Z coverage: 14.9% of statements
2025-11-26T16:01:47.1263346Z ok  	github.com/IBM/fp-go/writer/testing	1.023s	coverage: 14.9% of statements
2025-11-26T16:01:47.5186316Z ##[group]Run coverallsapp/github-action@v2
2025-11-26T16:01:47.5186608Z with:
2025-11-26T16:01:47.5187035Z   github-token: ***
2025-11-26T16:01:47.5187403Z   file: ./coverage.txt
2025-11-26T16:01:47.5187604Z   flag-name: v1-go-1.22.x
2025-11-26T16:01:47.5187814Z   parallel: true
2025-11-26T16:01:47.5188046Z   coveralls-endpoint: https://coveralls.io
2025-11-26T16:01:47.5188314Z   allow-empty: false
2025-11-26T16:01:47.5188508Z   debug: false
2025-11-26T16:01:47.5188685Z   measure: false
2025-11-26T16:01:47.5188869Z   fail-on-error: true
2025-11-26T16:01:47.5189097Z   coverage-reporter-version: latest
2025-11-26T16:01:47.5189375Z   coverage-reporter-platform: auto-detect
2025-11-26T16:01:47.5189624Z env:
2025-11-26T16:01:47.5189794Z   DEFAULT_BRANCH: main
2025-11-26T16:01:47.5189997Z   LATEST_GO_VERSION: 1.25.2
2025-11-26T16:01:47.5190208Z   NODE_VERSION: 24
2025-11-26T16:01:47.5190383Z   DRY_RUN: true
2025-11-26T16:01:47.5190560Z ##[endgroup]
2025-11-26T16:01:47.5277550Z ##[group]Run # Enable debugging if 'debug' is true
2025-11-26T16:01:47.5277959Z [36;1m# Enable debugging if 'debug' is true[0m
2025-11-26T16:01:47.5278251Z [36;1m[ "false" == "true" ] && set -x[0m
2025-11-26T16:01:47.5278494Z [36;1m[0m
2025-11-26T16:01:47.5278685Z [36;1mmkdir -p ~/bin/[0m
2025-11-26T16:01:47.5278892Z [36;1mcd ~/bin/[0m
2025-11-26T16:01:47.5279070Z [36;1m[0m
2025-11-26T16:01:47.5279331Z [36;1m# Determine which version of coverage-reporter to download[0m
2025-11-26T16:01:47.5279818Z [36;1mif [ -z "$COVERAGE_REPORTER_VERSION" ] || [ "$COVERAGE_REPORTER_VERSION" == "latest" ]; then[0m
2025-11-26T16:01:47.5280246Z [36;1m  asset_path="latest/download"[0m
2025-11-26T16:01:47.5280508Z [36;1m  version_message="latest"[0m
2025-11-26T16:01:47.5280742Z [36;1melse[0m
2025-11-26T16:01:47.5280981Z [36;1m  asset_path="download/${COVERAGE_REPORTER_VERSION}"[0m
2025-11-26T16:01:47.5281322Z [36;1m  version_message="$COVERAGE_REPORTER_VERSION"[0m
2025-11-26T16:01:47.5281596Z [36;1mfi[0m
2025-11-26T16:01:47.5281766Z [36;1m[0m
2025-11-26T16:01:47.5281956Z [36;1m# Function to compare version numbers[0m
2025-11-26T16:01:47.5282220Z [36;1mversion_ge() {[0m
2025-11-26T16:01:47.5282442Z [36;1m  # Compare two version numbers[0m
2025-11-26T16:01:47.5282740Z [36;1m  [ "$(printf '%s\n' "$@" | sort -V | head -n 1)" != "$1" ][0m
2025-11-26T16:01:47.5283025Z [36;1m}[0m
2025-11-26T16:01:47.5283193Z [36;1m[0m
2025-11-26T16:01:47.5283401Z [36;1m# Determine the platform-specific filename:[0m
2025-11-26T16:01:47.5283884Z [36;1m# This logic is necessary due to the introduction of multiple platform support starting from v0.6.15.[0m
2025-11-26T16:01:47.5284691Z [36;1m# It selects the correct filename based on the specified platform and version, while ensuring[0m
2025-11-26T16:01:47.5285328Z [36;1m# backward compatibility with earlier versions that only supported a generic Linux binary for x86_64.[0m
2025-11-26T16:01:47.5285978Z [36;1mif [ -z "$COVERAGE_REPORTER_PLATFORM" ] || [ "$COVERAGE_REPORTER_PLATFORM" == "auto-detect" ]; then[0m
2025-11-26T16:01:47.5286426Z [36;1m  COVERAGE_REPORTER_PLATFORM="$(uname -m)"[0m
2025-11-26T16:01:47.5286688Z [36;1mfi[0m
2025-11-26T16:01:47.5286887Z [36;1mcase "$COVERAGE_REPORTER_PLATFORM" in[0m
2025-11-26T16:01:47.5287260Z [36;1m  x86_64|"")[0m
2025-11-26T16:01:47.5287526Z [36;1m    if version_ge "$COVERAGE_REPORTER_VERSION" "v0.6.15"; then[0m
2025-11-26T16:01:47.5287902Z [36;1m      platform_filename="coveralls-linux-x86_64.tar.gz"[0m
2025-11-26T16:01:47.5288195Z [36;1m    else[0m
2025-11-26T16:01:47.5288436Z [36;1m      platform_filename="coveralls-linux.tar.gz"[0m
2025-11-26T16:01:47.5288715Z [36;1m    fi[0m
2025-11-26T16:01:47.5288889Z [36;1m    ;;[0m
2025-11-26T16:01:47.5289064Z [36;1m  aarch64|arm64)[0m
2025-11-26T16:01:47.5289333Z [36;1m    if version_ge "$COVERAGE_REPORTER_VERSION" "v0.6.15"; then[0m
2025-11-26T16:01:47.5289697Z [36;1m      platform_filename="coveralls-linux-aarch64.tar.gz"[0m
2025-11-26T16:01:47.5290139Z [36;1m    else[0m
2025-11-26T16:01:47.5290572Z [36;1m      echo "Warning: The aarch64/arm64 platform is only supported from version v0.6.15 onwards. Proceeding with v0.6.15." >&2[0m
2025-11-26T16:01:47.5291072Z [36;1m      asset_path="download/v0.6.15"[0m
2025-11-26T16:01:47.5291381Z [36;1m      platform_filename="coveralls-linux-aarch64.tar.gz"[0m
2025-11-26T16:01:47.5291660Z [36;1m    fi[0m
2025-11-26T16:01:47.5291825Z [36;1m    ;;[0m
2025-11-26T16:01:47.5291985Z [36;1m  *)[0m
2025-11-26T16:01:47.5292446Z [36;1m    echo "Warning: Unsupported platform: $COVERAGE_REPORTER_PLATFORM. The default x86_64 version ($version_message) will be used." >&2[0m
2025-11-26T16:01:47.5293037Z [36;1m    if version_ge "$COVERAGE_REPORTER_VERSION" "v0.6.15"; then[0m
2025-11-26T16:01:47.5293393Z [36;1m      platform_filename="coveralls-linux-x86_64.tar.gz"[0m
2025-11-26T16:01:47.5293670Z [36;1m    else[0m
2025-11-26T16:01:47.5293882Z [36;1m      platform_filename="coveralls-linux.tar.gz"[0m
2025-11-26T16:01:47.5294149Z [36;1m    fi[0m
2025-11-26T16:01:47.5294311Z [36;1m    ;;[0m
2025-11-26T16:01:47.5294470Z [36;1mesac[0m
2025-11-26T16:01:47.5294632Z [36;1m[0m
2025-11-26T16:01:47.5294806Z [36;1m# Checksum verification:[0m
2025-11-26T16:01:47.5295193Z [36;1m# The following code was chosen to replace the more simple `sha256sum -c` because it provides[0m
2025-11-26T16:01:47.5295823Z [36;1m# clearer debugging information around our new matrix of supported coverage-reporter versions and platforms.[0m
2025-11-26T16:01:47.5296551Z [36;1m# We may drop back to `${platform_filename}" coveralls-checksums.txt | sha256sum -c` when we're more confidently handling these.[0m
2025-11-26T16:01:47.5297043Z [36;1m[0m
2025-11-26T16:01:47.5297491Z [36;1m# Try to download the binary and checksum file[0m
2025-11-26T16:01:47.5298027Z [36;1mif ! curl -sLO "https://github.com/coverallsapp/coverage-reporter/releases/${asset_path}/${platform_filename}" ||[0m
2025-11-26T16:01:47.5298789Z [36;1m  ! curl -sLO "https://github.com/coverallsapp/coverage-reporter/releases/${asset_path}/coveralls-checksums.txt"; then[0m
2025-11-26T16:01:47.5299375Z [36;1m  echo "Failed to download coveralls binary or checksum (Linux)."[0m
2025-11-26T16:01:47.5299707Z [36;1m  [ "true" == "false" ] && exit 0[0m
2025-11-26T16:01:47.5299934Z [36;1m  exit 1[0m
2025-11-26T16:01:47.5300103Z [36;1mfi[0m
2025-11-26T16:01:47.5300259Z [36;1m[0m
2025-11-26T16:01:47.5300476Z [36;1m# DEBUG: Print contents of checksum file for debugging[0m
2025-11-26T16:01:47.5300808Z [36;1mecho "Contents of coveralls-checksums.txt:"[0m
2025-11-26T16:01:47.5301225Z [36;1mcat coveralls-checksums.txt[0m
2025-11-26T16:01:47.5301444Z [36;1m[0m
2025-11-26T16:01:47.5301612Z [36;1m# Extract expected checksum[0m
2025-11-26T16:01:47.5302022Z [36;1mexpected_checksum=$(grep "${platform_filename}" coveralls-checksums.txt | awk '{print $1}')[0m
2025-11-26T16:01:47.5302455Z [36;1mif [ -z "$expected_checksum" ]; then[0m
2025-11-26T16:01:47.5302783Z [36;1m  echo "Failed to extract checksum for ${platform_filename}"[0m
2025-11-26T16:01:47.5303101Z [36;1m  [ "true" == "false" ] && exit 0[0m
2025-11-26T16:01:47.5303329Z [36;1m  exit 1[0m
2025-11-26T16:01:47.5303492Z [36;1mfi[0m
2025-11-26T16:01:47.5303650Z [36;1m[0m
2025-11-26T16:01:47.5303821Z [36;1m# Compute actual checksum[0m
2025-11-26T16:01:47.5304152Z [36;1mactual_checksum=$(sha256sum "${platform_filename}" | awk '{print $1}')[0m
2025-11-26T16:01:47.5304489Z [36;1m[0m
2025-11-26T16:01:47.5304747Z [36;1m# Perform verification by comparing expected and actual checksums[0m
2025-11-26T16:01:47.5305143Z [36;1mif [ "$expected_checksum" != "$actual_checksum" ]; then[0m
2025-11-26T16:01:47.5305470Z [36;1m  echo "Checksum verification failed (Linux)."[0m
2025-11-26T16:01:47.5305765Z [36;1m  echo "Expected: $expected_checksum"[0m
2025-11-26T16:01:47.5306033Z [36;1m  echo "Actual: $actual_checksum"[0m
2025-11-26T16:01:47.5306279Z [36;1m  [ "true" == "false" ] && exit 0[0m
2025-11-26T16:01:47.5306630Z [36;1m  exit 1[0m
2025-11-26T16:01:47.5306802Z [36;1mfi[0m
2025-11-26T16:01:47.5306954Z [36;1m[0m
2025-11-26T16:01:47.5307313Z [36;1mtar -xzf "${platform_filename}"[0m
2025-11-26T16:01:47.5307545Z [36;1m[0m
2025-11-26T16:01:47.5307711Z [36;1m# Check if the binary exists[0m
2025-11-26T16:01:47.5307948Z [36;1mif [ ! -f ~/bin/coveralls ]; then[0m
2025-11-26T16:01:47.5308263Z [36;1m  echo "Coveralls binary not found after extraction (Linux)."[0m
2025-11-26T16:01:47.5308586Z [36;1m  [ "true" == "false" ] && exit 0[0m
2025-11-26T16:01:47.5308816Z [36;1m  exit 1[0m
2025-11-26T16:01:47.5308982Z [36;1mfi[0m
2025-11-26T16:01:47.5309137Z [36;1m[0m
2025-11-26T16:01:47.5309286Z [36;1m# Cleanup[0m
2025-11-26T16:01:47.5309485Z [36;1mrm coveralls-checksums.txt[0m
2025-11-26T16:01:47.5309725Z [36;1mecho ~/bin >> $GITHUB_PATH[0m
2025-11-26T16:01:47.5342956Z shell: /usr/bin/bash --noprofile --norc -e -o pipefail {0}
2025-11-26T16:01:47.5343275Z env:
2025-11-26T16:01:47.5343447Z   DEFAULT_BRANCH: main
2025-11-26T16:01:47.5343663Z   LATEST_GO_VERSION: 1.25.2
2025-11-26T16:01:47.5343876Z   NODE_VERSION: 24
2025-11-26T16:01:47.5344059Z   DRY_RUN: true
2025-11-26T16:01:47.5344249Z   COVERAGE_REPORTER_VERSION: latest
2025-11-26T16:01:47.5344515Z   COVERAGE_REPORTER_PLATFORM: auto-detect
2025-11-26T16:01:47.5344770Z ##[endgroup]
2025-11-26T16:01:47.7540435Z Contents of coveralls-checksums.txt:
2025-11-26T16:01:47.7552045Z 07a957742c6dd3f344d0dbf03e02997b7fb45125858b0face577a430ec256f0a  coveralls-linux
2025-11-26T16:01:47.7553391Z 2c8a1fb352499e03f82a20e0681d91f5cc1d8e3c15cf4c229fba56f700e84e9d  coveralls-linux-aarch64
2025-11-26T16:01:47.7554631Z 77d35ee96e9947095082a52de05eccf2b2bbc3f17d5324c88687bb5149b7b372  coveralls-linux-aarch64.tar.gz
2025-11-26T16:01:47.7555811Z 07a957742c6dd3f344d0dbf03e02997b7fb45125858b0face577a430ec256f0a  coveralls-linux-x86_64
2025-11-26T16:01:47.7556964Z f3c837413f66a6402953eee9ba3486366bd3de536100adb4a670bbd83c0382e0  coveralls-linux-x86_64.tar.gz
2025-11-26T16:01:47.7559227Z f3c837413f66a6402953eee9ba3486366bd3de536100adb4a670bbd83c0382e0  coveralls-linux.tar.gz
2025-11-26T16:01:47.7561214Z a7e365ae7759f42a9c1c1dde10d40af5f88a2305a19d2ed366314811bbe67a09  coveralls-windows.exe
2025-11-26T16:01:47.7563356Z 62889f0cd3ff31cb966bef872702e1ebf30c187378d78f5760a74eb7d520c1cc  coveralls-windows.zip
2025-11-26T16:01:47.8340282Z ##[group]Run # Check if coveralls binary exists
2025-11-26T16:01:47.8340661Z [36;1m# Check if coveralls binary exists[0m
2025-11-26T16:01:47.8341012Z [36;1mif ! command -v coveralls &> /dev/null; then[0m
2025-11-26T16:01:47.8341620Z [36;1m  echo "Coveralls binary not found. Skipping coverage report."[0m
2025-11-26T16:01:47.8342018Z [36;1m  [ "true" == "false" ] && exit 0[0m
2025-11-26T16:01:47.8342299Z [36;1m  exit 1[0m
2025-11-26T16:01:47.8342506Z [36;1mfi[0m
2025-11-26T16:01:47.8342741Z [36;1mcoveralls report        ./coverage.txt [0m
2025-11-26T16:01:47.8375140Z shell: /usr/bin/bash --noprofile --norc -e -o pipefail {0}
2025-11-26T16:01:47.8375524Z env:
2025-11-26T16:01:47.8375748Z   DEFAULT_BRANCH: main
2025-11-26T16:01:47.8376006Z   LATEST_GO_VERSION: 1.25.2
2025-11-26T16:01:47.8376266Z   NODE_VERSION: 24
2025-11-26T16:01:47.8376493Z   DRY_RUN: true
2025-11-26T16:01:47.8376723Z   COVERALLS_DEBUG: false
2025-11-26T16:01:47.8376989Z   COVERALLS_CARRYFORWARD_FLAGS: 
2025-11-26T16:01:47.8377557Z   COVERALLS_FLAG_NAME: v1-go-1.22.x
2025-11-26T16:01:47.8377871Z   COVERALLS_PARALLEL: true
2025-11-26T16:01:47.8378236Z   COVERALLS_ENDPOINT: https://coveralls.io
2025-11-26T16:01:47.8378568Z   COVERALLS_GIT_BRANCH: 
2025-11-26T16:01:47.8378833Z   COVERALLS_GIT_COMMIT: 
2025-11-26T16:01:47.8379339Z   COVERALLS_REPO_TOKEN: ***
2025-11-26T16:01:47.8379617Z   COVERALLS_COMPARE_REF: 
2025-11-26T16:01:47.8379884Z   COVERALLS_COMPARE_SHA: 
2025-11-26T16:01:47.8380165Z   COVERALLS_SOURCE_HEADER: github-action
2025-11-26T16:01:47.8380473Z ##[endgroup]
2025-11-26T16:01:47.8448737Z  
2025-11-26T16:01:47.8449437Z ⠀⠀⠀⠀⠀⠀⣿
2025-11-26T16:01:47.8450432Z ⠀⠀⠀⠀⠀⣼⣿⣧⠀⠀⠀⠀⠀⠀⠀ ⣠⣶⣾⣿⡇⢀⣴⣾⣿⣷⣆ ⣿⣿⠀⣰⣿⡟⢸⣿⣿⣿⡇ ⣿⣿⣿⣷⣦⠀⠀⢠⣿⣿⣿⠀⠀⣿⣿⠁⠀⣼⣿⡇⠀⢀⣴⣾⣿⡷
2025-11-26T16:01:47.8451504Z ⠶⣶⣶⣶⣾⣿⣿⣿⣷⣶⣶⣶⠶  ⣸⣿⡟ ⠀⢠⣿⣿⠃⠈⣿⣿⠀⣿⣿⢠⣿⡿⠀⣿⣿⣧⣤⠀⢸⣿⡇⣠⣿⡿⠀⢠⣿⡟⣿⣿⠀⢸⣿⡿⠀⠀⣿⣿⠃⠀⢸⣿⣧⣄
2025-11-26T16:01:47.8452559Z ⠀⠀⠙⢻⣿⣿⣿⣿⣿⡟⠋⠁⠀⠀ ⣿⣿⡇⠀ ⢸⣿⣿⠀⣸⣿⡟⠀⣿⣿⣾⡿⠁ ⣿⣿⠛⠛⠀⣿⣿⢿⣿⣏⠀⢀⣿⣿⣁⣿⣿⠀⣾⣿⡇⠀⢸⣿⡿⠀⠀⡀⠙⣿⣿⡆
2025-11-26T16:01:47.8453561Z ⠀⠀⢠⣿⣿⣿⠿⣿⣿⣿⡄⠀⠀⠀ ⠙⢿⣿⣿⠇⠈⠿⣿⣿⡿⠋⠀⠀⢿⣿⡿⠁⠀⢸⣿⣿⣿⡇⢸⣿⣿⠀⣿⣿⣄⣾⣿⠛⠛⣿⣿⢠⣿⣿⣿ ⣼⣿⣿⣿ ⣿⣿⡿⠋⠀
2025-11-26T16:01:47.8454322Z ⠀⢀⣾⠟⠋⠀⠀⠀⠙⠻⣷⡀⠀⠀
2025-11-26T16:01:47.8454730Z  
2025-11-26T16:01:47.8455093Z   v0.6.17
2025-11-26T16:01:47.8455327Z 
2025-11-26T16:01:47.8455674Z 📄 Using coverage file: ./coverage.txt
2025-11-26T16:01:47.9113482Z ⭐️ Running in parallel mode. You must call the webhook after all jobs finish: `coveralls done --build-number 19709865603`
2025-11-26T16:01:47.9300127Z   ·job_flag: v1-go-1.22.x
2025-11-26T16:01:47.9301095Z 🚀 Posting coverage data to https://coveralls.io/api/v1/jobs
2025-11-26T16:01:48.5774317Z ---
2025-11-26T16:01:48.5776413Z ✅ API Response: {"message":"Coverage for parallel build uploaded","url":"https://coveralls.io/builds/76675936"}
2025-11-26T16:01:48.5778001Z - 💛, Coveralls
2025-11-26T16:01:48.5868701Z Post job cleanup.
2025-11-26T16:01:48.7465081Z [command]/opt/hostedtoolcache/go/1.22.12/x64/bin/go env GOMODCACHE
2025-11-26T16:01:48.7505874Z [command]/opt/hostedtoolcache/go/1.22.12/x64/bin/go env GOCACHE
2025-11-26T16:01:48.7529132Z /home/runner/go/pkg/mod
2025-11-26T16:01:48.7554043Z /home/runner/.cache/go-build
2025-11-26T16:01:48.7558742Z Cache hit occurred on the primary key setup-go-Linux-x64-ubuntu24-go-1.22.12-81952ab8c0015eb46368a8d25f7d0690f810df2bb4c7e007d9ab28e62b507f8a, not saving cache.
2025-11-26T16:01:48.7666743Z Post job cleanup.
2025-11-26T16:01:48.8622923Z [command]/usr/bin/git version
2025-11-26T16:01:48.8660145Z git version 2.51.2
2025-11-26T16:01:48.8704187Z Temporarily overriding HOME='/home/runner/work/_temp/a3d342f1-2d86-4790-94b8-c706002caf1d' before making global git config changes
2025-11-26T16:01:48.8705688Z Adding repository directory to the temporary git global config as a safe directory
2025-11-26T16:01:48.8730636Z [command]/usr/bin/git config --global --add safe.directory /home/runner/work/fp-go/fp-go
2025-11-26T16:01:48.8758531Z [command]/usr/bin/git config --local --name-only --get-regexp core\.sshCommand
2025-11-26T16:01:48.8790588Z [command]/usr/bin/git submodule foreach --recursive sh -c "git config --local --name-only --get-regexp 'core\.sshCommand' && git config --local --unset-all 'core.sshCommand' || :"
2025-11-26T16:01:48.9039557Z [command]/usr/bin/git config --local --name-only --get-regexp http\.https\:\/\/github\.com\/\.extraheader
2025-11-26T16:01:48.9060617Z http.https://github.com/.extraheader
2025-11-26T16:01:48.9073567Z [command]/usr/bin/git config --local --unset-all http.https://github.com/.extraheader
2025-11-26T16:01:48.9105411Z [command]/usr/bin/git submodule foreach --recursive sh -c "git config --local --name-only --get-regexp 'http\.https\:\/\/github\.com\/\.extraheader' && git config --local --unset-all 'http.https://github.com/.extraheader' || :"
2025-11-26T16:01:48.9339474Z [command]/usr/bin/git config --local --name-only --get-regexp ^includeIf\.gitdir:
2025-11-26T16:01:48.9371217Z [command]/usr/bin/git submodule foreach --recursive git config --local --show-origin --name-only --get-regexp remote.origin.url
2025-11-26T16:01:48.9726368Z Cleaning up orphan processes
