2025-09-23T14:29:03.6518993Z Current runner version: '2.328.0'
2025-09-23T14:29:03.6551561Z ##[group]Runner Image Provisioner
2025-09-23T14:29:03.6552846Z Hosted Compute Agent
2025-09-23T14:29:03.6553752Z Version: 20250829.383
2025-09-23T14:29:03.6554769Z Commit: 27cb235aab5b0e52e153a26cd86b4742e89dac5d
2025-09-23T14:29:03.6555953Z Build Date: 2025-08-29T13:48:48Z
2025-09-23T14:29:03.6557102Z ##[endgroup]
2025-09-23T14:29:03.6557924Z ##[group]Operating System
2025-09-23T14:29:03.6558846Z Ubuntu
2025-09-23T14:29:03.6559718Z 24.04.3
2025-09-23T14:29:03.6560523Z LTS
2025-09-23T14:29:03.6561575Z ##[endgroup]
2025-09-23T14:29:03.6562467Z ##[group]Runner Image
2025-09-23T14:29:03.6563316Z Image: ubuntu-24.04
2025-09-23T14:29:03.6564048Z Version: 20250907.24.1
2025-09-23T14:29:03.6565891Z Included Software: https://github.com/actions/runner-images/blob/ubuntu24/20250907.24/images/ubuntu/Ubuntu2404-Readme.md
2025-09-23T14:29:03.6568713Z Image Release: https://github.com/actions/runner-images/releases/tag/ubuntu24%2F20250907.24
2025-09-23T14:29:03.6571058Z ##[endgroup]
2025-09-23T14:29:03.6575462Z ##[group]GITHUB_TOKEN Permissions
2025-09-23T14:29:03.6578660Z Actions: write
2025-09-23T14:29:03.6579510Z Attestations: write
2025-09-23T14:29:03.6580365Z Checks: write
2025-09-23T14:29:03.6581370Z Contents: write
2025-09-23T14:29:03.6582312Z Deployments: write
2025-09-23T14:29:03.6583139Z Discussions: write
2025-09-23T14:29:03.6584119Z Issues: write
2025-09-23T14:29:03.6584841Z Metadata: read
2025-09-23T14:29:03.6585623Z Models: read
2025-09-23T14:29:03.6586538Z Packages: write
2025-09-23T14:29:03.6587347Z Pages: write
2025-09-23T14:29:03.6588177Z PullRequests: write
2025-09-23T14:29:03.6589245Z RepositoryProjects: write
2025-09-23T14:29:03.6590317Z SecurityEvents: write
2025-09-23T14:29:03.6591496Z Statuses: write
2025-09-23T14:29:03.6592490Z ##[endgroup]
2025-09-23T14:29:03.6595583Z Secret source: Actions
2025-09-23T14:29:03.6596686Z Prepare workflow directory
2025-09-23T14:29:03.7139184Z Prepare all required actions
2025-09-23T14:29:03.7194367Z Getting action download info
2025-09-23T14:29:04.0271982Z Download action repository 'actions/checkout@v3' (SHA:f43a0e5ff2bd294095638e18286ca9a3d1956744)
2025-09-23T14:29:04.3626776Z Download action repository 'actions/setup-go@v3' (SHA:be3c94b385c4f180051c996d336f57a34c397495)
2025-09-23T14:29:04.7156057Z Complete job name: test (ubuntu-latest, test, 386, 0)
2025-09-23T14:29:04.7760103Z ##[group]Run sudo apt-get install expect
2025-09-23T14:29:04.7760900Z [36;1msudo apt-get install expect[0m
2025-09-23T14:29:04.7815611Z shell: /usr/bin/bash -e {0}
2025-09-23T14:29:04.7816366Z env:
2025-09-23T14:29:04.7816747Z   GOLANGCILINT_VERSION: 2.5.0
2025-09-23T14:29:04.7817202Z ##[endgroup]
2025-09-23T14:29:08.8328924Z Reading package lists...
2025-09-23T14:29:09.0335200Z Building dependency tree...
2025-09-23T14:29:09.0383859Z Reading state information...
2025-09-23T14:29:09.1976884Z The following additional packages will be installed:
2025-09-23T14:29:09.1977620Z   tcl-expect
2025-09-23T14:29:09.2358807Z The following NEW packages will be installed:
2025-09-23T14:29:09.2367777Z   expect tcl-expect
2025-09-23T14:29:09.2627714Z 0 upgraded, 2 newly installed, 0 to remove and 6 not upgraded.
2025-09-23T14:29:09.2628636Z Need to get 247 kB of archives.
2025-09-23T14:29:09.2629390Z After this operation, 538 kB of additional disk space will be used.
2025-09-23T14:29:09.2630484Z Get:1 file:/etc/apt/apt-mirrors.txt Mirrorlist [144 B]
2025-09-23T14:29:09.3440644Z Get:2 http://azure.archive.ubuntu.com/ubuntu noble/universe amd64 tcl-expect amd64 5.45.4-3 [110 kB]
2025-09-23T14:29:09.4108972Z Get:3 http://azure.archive.ubuntu.com/ubuntu noble/universe amd64 expect amd64 5.45.4-3 [137 kB]
2025-09-23T14:29:09.6888953Z Fetched 247 kB in 0s (1351 kB/s)
2025-09-23T14:29:09.7255654Z Selecting previously unselected package tcl-expect:amd64.
2025-09-23T14:29:09.7844428Z (Reading database ... 
2025-09-23T14:29:09.7845146Z (Reading database ... 5%
2025-09-23T14:29:09.7845539Z (Reading database ... 10%
2025-09-23T14:29:09.7845923Z (Reading database ... 15%
2025-09-23T14:29:09.7846760Z (Reading database ... 20%
2025-09-23T14:29:09.7847124Z (Reading database ... 25%
2025-09-23T14:29:09.7847410Z (Reading database ... 30%
2025-09-23T14:29:09.7847705Z (Reading database ... 35%
2025-09-23T14:29:09.7847989Z (Reading database ... 40%
2025-09-23T14:29:09.7848281Z (Reading database ... 45%
2025-09-23T14:29:09.7848587Z (Reading database ... 50%
2025-09-23T14:29:09.9062608Z (Reading database ... 55%
2025-09-23T14:29:10.2824122Z (Reading database ... 60%
2025-09-23T14:29:10.5781077Z (Reading database ... 65%
2025-09-23T14:29:10.9679984Z (Reading database ... 70%
2025-09-23T14:29:11.3170030Z (Reading database ... 75%
2025-09-23T14:29:11.8488119Z (Reading database ... 80%
2025-09-23T14:29:12.4080462Z (Reading database ... 85%
2025-09-23T14:29:12.9981529Z (Reading database ... 90%
2025-09-23T14:29:13.4825786Z (Reading database ... 95%
2025-09-23T14:29:13.4826227Z (Reading database ... 100%
2025-09-23T14:29:13.4826682Z (Reading database ... 218657 files and directories currently installed.)
2025-09-23T14:29:13.4872036Z Preparing to unpack .../tcl-expect_5.45.4-3_amd64.deb ...
2025-09-23T14:29:13.4959200Z Unpacking tcl-expect:amd64 (5.45.4-3) ...
2025-09-23T14:29:13.5336695Z Selecting previously unselected package expect.
2025-09-23T14:29:13.5477814Z Preparing to unpack .../expect_5.45.4-3_amd64.deb ...
2025-09-23T14:29:13.5488862Z Unpacking expect (5.45.4-3) ...
2025-09-23T14:29:13.7436876Z Setting up tcl-expect:amd64 (5.45.4-3) ...
2025-09-23T14:29:13.7489170Z Setting up expect (5.45.4-3) ...
2025-09-23T14:29:13.7564354Z Processing triggers for man-db (2.12.0-4build2) ...
2025-09-23T14:30:05.4191374Z Processing triggers for libc-bin (2.39-0ubuntu8.5) ...
2025-09-23T14:30:06.5225720Z 
2025-09-23T14:30:06.5226253Z Running kernel seems to be up-to-date.
2025-09-23T14:30:06.5226661Z 
2025-09-23T14:30:06.5226798Z Restarting services...
2025-09-23T14:30:06.5298090Z 
2025-09-23T14:30:06.5298514Z Service restarts being deferred:
2025-09-23T14:30:06.5299686Z  systemctl restart hosted-compute-agent.service
2025-09-23T14:30:06.5300101Z 
2025-09-23T14:30:06.5300990Z No containers need to be restarted.
2025-09-23T14:30:06.5301621Z 
2025-09-23T14:30:06.5302062Z No user sessions are running outdated binaries.
2025-09-23T14:30:06.5302408Z 
2025-09-23T14:30:06.5303162Z No VM guests are running outdated hypervisor (qemu) binaries on this host.
2025-09-23T14:30:07.6162876Z ##[group]Run actions/checkout@v3
2025-09-23T14:30:07.6163277Z with:
2025-09-23T14:30:07.6163469Z   repository: wader/fq
2025-09-23T14:30:07.6163825Z   token: ***
2025-09-23T14:30:07.6164003Z   ssh-strict: true
2025-09-23T14:30:07.6164203Z   persist-credentials: true
2025-09-23T14:30:07.6164412Z   clean: true
2025-09-23T14:30:07.6164623Z   sparse-checkout-cone-mode: true
2025-09-23T14:30:07.6164845Z   fetch-depth: 1
2025-09-23T14:30:07.6165023Z   fetch-tags: false
2025-09-23T14:30:07.6165189Z   lfs: false
2025-09-23T14:30:07.6165357Z   submodules: false
2025-09-23T14:30:07.6165533Z   set-safe-directory: true
2025-09-23T14:30:07.6165756Z env:
2025-09-23T14:30:07.6165917Z   GOLANGCILINT_VERSION: 2.5.0
2025-09-23T14:30:07.6166146Z ##[endgroup]
2025-09-23T14:30:07.6987743Z Syncing repository: wader/fq
2025-09-23T14:30:07.6988987Z ##[group]Getting Git version info
2025-09-23T14:30:07.6989317Z Working directory is '/home/runner/work/fq/fq'
2025-09-23T14:30:07.6989848Z [command]/usr/bin/git version
2025-09-23T14:30:07.7071087Z git version 2.51.0
2025-09-23T14:30:07.7097861Z ##[endgroup]
2025-09-23T14:30:07.7112731Z Temporarily overriding HOME='/home/runner/work/_temp/16f36969-8d0c-4c64-81b9-2d8a57288a26' before making global git config changes
2025-09-23T14:30:07.7113620Z Adding repository directory to the temporary git global config as a safe directory
2025-09-23T14:30:07.7116285Z [command]/usr/bin/git config --global --add safe.directory /home/runner/work/fq/fq
2025-09-23T14:30:07.7152881Z Deleting the contents of '/home/runner/work/fq/fq'
2025-09-23T14:30:07.7156430Z ##[group]Initializing the repository
2025-09-23T14:30:07.7159334Z [command]/usr/bin/git init /home/runner/work/fq/fq
2025-09-23T14:30:07.7234127Z hint: Using 'master' as the name for the initial branch. This default branch name
2025-09-23T14:30:07.7235032Z hint: is subject to change. To configure the initial branch name to use in all
2025-09-23T14:30:07.7235826Z hint: of your new repositories, which will suppress this warning, call:
2025-09-23T14:30:07.7236373Z hint:
2025-09-23T14:30:07.7236793Z hint: 	git config --global init.defaultBranch <name>
2025-09-23T14:30:07.7237284Z hint:
2025-09-23T14:30:07.7237766Z hint: Names commonly chosen instead of 'master' are 'main', 'trunk' and
2025-09-23T14:30:07.7238566Z hint: 'development'. The just-created branch can be renamed via this command:
2025-09-23T14:30:07.7239195Z hint:
2025-09-23T14:30:07.7239520Z hint: 	git branch -m <name>
2025-09-23T14:30:07.7239879Z hint:
2025-09-23T14:30:07.7240384Z hint: Disable this message with "git config set advice.defaultBranchName false"
2025-09-23T14:30:07.7241507Z Initialized empty Git repository in /home/runner/work/fq/fq/.git/
2025-09-23T14:30:07.7250385Z [command]/usr/bin/git remote add origin https://github.com/wader/fq
2025-09-23T14:30:07.7287936Z ##[endgroup]
2025-09-23T14:30:07.7288360Z ##[group]Disabling automatic garbage collection
2025-09-23T14:30:07.7290980Z [command]/usr/bin/git config --local gc.auto 0
2025-09-23T14:30:07.7316636Z ##[endgroup]
2025-09-23T14:30:07.7316986Z ##[group]Setting up auth
2025-09-23T14:30:07.7322045Z [command]/usr/bin/git config --local --name-only --get-regexp core\.sshCommand
2025-09-23T14:30:07.7347668Z [command]/usr/bin/git submodule foreach --recursive sh -c "git config --local --name-only --get-regexp 'core\.sshCommand' && git config --local --unset-all 'core.sshCommand' || :"
2025-09-23T14:30:07.7794717Z [command]/usr/bin/git config --local --name-only --get-regexp http\.https\:\/\/github\.com\/\.extraheader
2025-09-23T14:30:07.7825114Z [command]/usr/bin/git submodule foreach --recursive sh -c "git config --local --name-only --get-regexp 'http\.https\:\/\/github\.com\/\.extraheader' && git config --local --unset-all 'http.https://github.com/.extraheader' || :"
2025-09-23T14:30:07.8048046Z [command]/usr/bin/git config --local http.https://github.com/.extraheader AUTHORIZATION: basic ***
2025-09-23T14:30:07.8083180Z ##[endgroup]
2025-09-23T14:30:07.8083791Z ##[group]Fetching the repository
2025-09-23T14:30:07.8091423Z [command]/usr/bin/git -c protocol.version=2 fetch --no-tags --prune --progress --no-recurse-submodules --depth=1 origin +86af961b0ab65def6fed6008a4ae6d965662b3b6:refs/remotes/origin/master
2025-09-23T14:30:08.0188626Z remote: Enumerating objects: 5235, done.        
2025-09-23T14:30:08.0201992Z remote: Counting objects:   0% (1/5235)        
2025-09-23T14:30:08.0202861Z remote: Counting objects:   1% (53/5235)        
2025-09-23T14:30:08.0203663Z remote: Counting objects:   2% (105/5235)        
2025-09-23T14:30:08.0204478Z remote: Counting objects:   3% (158/5235)        
2025-09-23T14:30:08.0205255Z remote: Counting objects:   4% (210/5235)        
2025-09-23T14:30:08.0206136Z remote: Counting objects:   5% (262/5235)        
2025-09-23T14:30:08.0206819Z remote: Counting objects:   6% (315/5235)        
2025-09-23T14:30:08.0207467Z remote: Counting objects:   7% (367/5235)        
2025-09-23T14:30:08.0208001Z remote: Counting objects:   8% (419/5235)        
2025-09-23T14:30:08.0208521Z remote: Counting objects:   9% (472/5235)        
2025-09-23T14:30:08.0209036Z remote: Counting objects:  10% (524/5235)        
2025-09-23T14:30:08.0209561Z remote: Counting objects:  11% (576/5235)        
2025-09-23T14:30:08.0210089Z remote: Counting objects:  12% (629/5235)        
2025-09-23T14:30:08.0210626Z remote: Counting objects:  13% (681/5235)        
2025-09-23T14:30:08.0211437Z remote: Counting objects:  14% (733/5235)        
2025-09-23T14:30:08.0211984Z remote: Counting objects:  15% (786/5235)        
2025-09-23T14:30:08.0212746Z remote: Counting objects:  16% (838/5235)        
2025-09-23T14:30:08.0213381Z remote: Counting objects:  17% (890/5235)        
2025-09-23T14:30:08.0214516Z remote: Counting objects:  18% (943/5235)        
2025-09-23T14:30:08.0215114Z remote: Counting objects:  19% (995/5235)        
2025-09-23T14:30:08.0215683Z remote: Counting objects:  20% (1047/5235)        
2025-09-23T14:30:08.0216229Z remote: Counting objects:  21% (1100/5235)        
2025-09-23T14:30:08.0216792Z remote: Counting objects:  22% (1152/5235)        
2025-09-23T14:30:08.0217338Z remote: Counting objects:  23% (1205/5235)        
2025-09-23T14:30:08.0217866Z remote: Counting objects:  24% (1257/5235)        
2025-09-23T14:30:08.0218421Z remote: Counting objects:  25% (1309/5235)        
2025-09-23T14:30:08.0219023Z remote: Counting objects:  26% (1362/5235)        
2025-09-23T14:30:08.0219560Z remote: Counting objects:  27% (1414/5235)        
2025-09-23T14:30:08.0220133Z remote: Counting objects:  28% (1466/5235)        
2025-09-23T14:30:08.0220890Z remote: Counting objects:  29% (1519/5235)        
2025-09-23T14:30:08.0221458Z remote: Counting objects:  30% (1571/5235)        
2025-09-23T14:30:08.0222017Z remote: Counting objects:  31% (1623/5235)        
2025-09-23T14:30:08.0222556Z remote: Counting objects:  32% (1676/5235)        
2025-09-23T14:30:08.0223136Z remote: Counting objects:  33% (1728/5235)        
2025-09-23T14:30:08.0223746Z remote: Counting objects:  34% (1780/5235)        
2025-09-23T14:30:08.0224433Z remote: Counting objects:  35% (1833/5235)        
2025-09-23T14:30:08.0225058Z remote: Counting objects:  36% (1885/5235)        
2025-09-23T14:30:08.0225604Z remote: Counting objects:  37% (1937/5235)        
2025-09-23T14:30:08.0226138Z remote: Counting objects:  38% (1990/5235)        
2025-09-23T14:30:08.0226691Z remote: Counting objects:  39% (2042/5235)        
2025-09-23T14:30:08.0227244Z remote: Counting objects:  40% (2094/5235)        
2025-09-23T14:30:08.0227778Z remote: Counting objects:  41% (2147/5235)        
2025-09-23T14:30:08.0228313Z remote: Counting objects:  42% (2199/5235)        
2025-09-23T14:30:08.0228853Z remote: Counting objects:  43% (2252/5235)        
2025-09-23T14:30:08.0241571Z remote: Counting objects:  44% (2304/5235)        
2025-09-23T14:30:08.0242646Z remote: Counting objects:  45% (2356/5235)        
2025-09-23T14:30:08.0243268Z remote: Counting objects:  46% (2409/5235)        
2025-09-23T14:30:08.0243971Z remote: Counting objects:  47% (2461/5235)        
2025-09-23T14:30:08.0244724Z remote: Counting objects:  48% (2513/5235)        
2025-09-23T14:30:08.0245086Z remote: Counting objects:  49% (2566/5235)        
2025-09-23T14:30:08.0245479Z remote: Counting objects:  50% (2618/5235)        
2025-09-23T14:30:08.0245819Z remote: Counting objects:  51% (2670/5235)        
2025-09-23T14:30:08.0246161Z remote: Counting objects:  52% (2723/5235)        
2025-09-23T14:30:08.0246503Z remote: Counting objects:  53% (2775/5235)        
2025-09-23T14:30:08.0246840Z remote: Counting objects:  54% (2827/5235)        
2025-09-23T14:30:08.0247181Z remote: Counting objects:  55% (2880/5235)        
2025-09-23T14:30:08.0247520Z remote: Counting objects:  56% (2932/5235)        
2025-09-23T14:30:08.0248063Z remote: Counting objects:  57% (2984/5235)        
2025-09-23T14:30:08.0248579Z remote: Counting objects:  58% (3037/5235)        
2025-09-23T14:30:08.0249258Z remote: Counting objects:  59% (3089/5235)        
2025-09-23T14:30:08.0249713Z remote: Counting objects:  60% (3141/5235)        
2025-09-23T14:30:08.0250065Z remote: Counting objects:  61% (3194/5235)        
2025-09-23T14:30:08.0250407Z remote: Counting objects:  62% (3246/5235)        
2025-09-23T14:30:08.0251014Z remote: Counting objects:  63% (3299/5235)        
2025-09-23T14:30:08.0251390Z remote: Counting objects:  64% (3351/5235)        
2025-09-23T14:30:08.0251742Z remote: Counting objects:  65% (3403/5235)        
2025-09-23T14:30:08.0252089Z remote: Counting objects:  66% (3456/5235)        
2025-09-23T14:30:08.0252430Z remote: Counting objects:  67% (3508/5235)        
2025-09-23T14:30:08.0252767Z remote: Counting objects:  68% (3560/5235)        
2025-09-23T14:30:08.0253261Z remote: Counting objects:  69% (3613/5235)        
2025-09-23T14:30:08.0253598Z remote: Counting objects:  70% (3665/5235)        
2025-09-23T14:30:08.0253939Z remote: Counting objects:  71% (3717/5235)        
2025-09-23T14:30:08.0254275Z remote: Counting objects:  72% (3770/5235)        
2025-09-23T14:30:08.0254736Z remote: Counting objects:  73% (3822/5235)        
2025-09-23T14:30:08.0255377Z remote: Counting objects:  74% (3874/5235)        
2025-09-23T14:30:08.0255952Z remote: Counting objects:  75% (3927/5235)        
2025-09-23T14:30:08.0256542Z remote: Counting objects:  76% (3979/5235)        
2025-09-23T14:30:08.0256964Z remote: Counting objects:  77% (4031/5235)        
2025-09-23T14:30:08.0257307Z remote: Counting objects:  78% (4084/5235)        
2025-09-23T14:30:08.0257615Z remote: Counting objects:  79% (4136/5235)        
2025-09-23T14:30:08.0257900Z remote: Counting objects:  80% (4188/5235)        
2025-09-23T14:30:08.0258185Z remote: Counting objects:  81% (4241/5235)        
2025-09-23T14:30:08.0258506Z remote: Counting objects:  82% (4293/5235)        
2025-09-23T14:30:08.0258792Z remote: Counting objects:  83% (4346/5235)        
2025-09-23T14:30:08.0259067Z remote: Counting objects:  84% (4398/5235)        
2025-09-23T14:30:08.0259371Z remote: Counting objects:  85% (4450/5235)        
2025-09-23T14:30:08.0259663Z remote: Counting objects:  86% (4503/5235)        
2025-09-23T14:30:08.0259952Z remote: Counting objects:  87% (4555/5235)        
2025-09-23T14:30:08.0260248Z remote: Counting objects:  88% (4607/5235)        
2025-09-23T14:30:08.0260530Z remote: Counting objects:  89% (4660/5235)        
2025-09-23T14:30:08.0260981Z remote: Counting objects:  90% (4712/5235)        
2025-09-23T14:30:08.0261264Z remote: Counting objects:  91% (4764/5235)        
2025-09-23T14:30:08.0261561Z remote: Counting objects:  92% (4817/5235)        
2025-09-23T14:30:08.0261854Z remote: Counting objects:  93% (4869/5235)        
2025-09-23T14:30:08.0262161Z remote: Counting objects:  94% (4921/5235)        
2025-09-23T14:30:08.0262467Z remote: Counting objects:  95% (4974/5235)        
2025-09-23T14:30:08.0262753Z remote: Counting objects:  96% (5026/5235)        
2025-09-23T14:30:08.0263037Z remote: Counting objects:  97% (5078/5235)        
2025-09-23T14:30:08.0263316Z remote: Counting objects:  98% (5131/5235)        
2025-09-23T14:30:08.0263827Z remote: Counting objects:  99% (5183/5235)        
2025-09-23T14:30:08.0264122Z remote: Counting objects: 100% (5235/5235)        
2025-09-23T14:30:08.0264445Z remote: Counting objects: 100% (5235/5235), done.        
2025-09-23T14:30:08.0264772Z remote: Compressing objects:   0% (1/2212)        
2025-09-23T14:30:08.0302409Z remote: Compressing objects:   1% (23/2212)        
2025-09-23T14:30:08.0398401Z remote: Compressing objects:   2% (45/2212)        
2025-09-23T14:30:08.0654472Z remote: Compressing objects:   3% (67/2212)        
2025-09-23T14:30:08.1590232Z remote: Compressing objects:   4% (89/2212)        
2025-09-23T14:30:08.1698334Z remote: Compressing objects:   5% (111/2212)        
2025-09-23T14:30:08.1826892Z remote: Compressing objects:   6% (133/2212)        
2025-09-23T14:30:08.1843126Z remote: Compressing objects:   7% (155/2212)        
2025-09-23T14:30:08.1882265Z remote: Compressing objects:   8% (177/2212)        
2025-09-23T14:30:08.2373332Z remote: Compressing objects:   9% (200/2212)        
2025-09-23T14:30:08.2554527Z remote: Compressing objects:  10% (222/2212)        
2025-09-23T14:30:08.2690622Z remote: Compressing objects:  11% (244/2212)        
2025-09-23T14:30:08.2802284Z remote: Compressing objects:  12% (266/2212)        
2025-09-23T14:30:08.3143832Z remote: Compressing objects:  13% (288/2212)        
2025-09-23T14:30:08.3987347Z remote: Compressing objects:  14% (310/2212)        
2025-09-23T14:30:08.4514312Z remote: Compressing objects:  15% (332/2212)        
2025-09-23T14:30:08.4891508Z remote: Compressing objects:  16% (354/2212)        
2025-09-23T14:30:08.5446717Z remote: Compressing objects:  17% (377/2212)        
2025-09-23T14:30:08.6407657Z remote: Compressing objects:  18% (399/2212)        
2025-09-23T14:30:08.6408223Z remote: Compressing objects:  19% (421/2212)        
2025-09-23T14:30:08.6408631Z remote: Compressing objects:  20% (443/2212)        
2025-09-23T14:30:08.6414380Z remote: Compressing objects:  21% (465/2212)        
2025-09-23T14:30:08.6414842Z remote: Compressing objects:  22% (487/2212)        
2025-09-23T14:30:08.6420153Z remote: Compressing objects:  23% (509/2212)        
2025-09-23T14:30:08.6421017Z remote: Compressing objects:  24% (531/2212)        
2025-09-23T14:30:08.6421626Z remote: Compressing objects:  25% (553/2212)        
2025-09-23T14:30:08.6422096Z remote: Compressing objects:  26% (576/2212)        
2025-09-23T14:30:08.6422488Z remote: Compressing objects:  27% (598/2212)        
2025-09-23T14:30:08.6422867Z remote: Compressing objects:  28% (620/2212)        
2025-09-23T14:30:08.6423249Z remote: Compressing objects:  29% (642/2212)        
2025-09-23T14:30:08.6423639Z remote: Compressing objects:  30% (664/2212)        
2025-09-23T14:30:08.6424026Z remote: Compressing objects:  31% (686/2212)        
2025-09-23T14:30:08.6424409Z remote: Compressing objects:  32% (708/2212)        
2025-09-23T14:30:08.6424784Z remote: Compressing objects:  33% (730/2212)        
2025-09-23T14:30:08.6425172Z remote: Compressing objects:  34% (753/2212)        
2025-09-23T14:30:08.6425548Z remote: Compressing objects:  35% (775/2212)        
2025-09-23T14:30:08.6425934Z remote: Compressing objects:  36% (797/2212)        
2025-09-23T14:30:08.6426315Z remote: Compressing objects:  37% (819/2212)        
2025-09-23T14:30:08.6426712Z remote: Compressing objects:  38% (841/2212)        
2025-09-23T14:30:08.6427096Z remote: Compressing objects:  39% (863/2212)        
2025-09-23T14:30:08.6427471Z remote: Compressing objects:  40% (885/2212)        
2025-09-23T14:30:08.6427859Z remote: Compressing objects:  41% (907/2212)        
2025-09-23T14:30:08.6428264Z remote: Compressing objects:  42% (930/2212)        
2025-09-23T14:30:08.6428644Z remote: Compressing objects:  43% (952/2212)        
2025-09-23T14:30:08.6428949Z remote: Compressing objects:  44% (974/2212)        
2025-09-23T14:30:08.6429255Z remote: Compressing objects:  45% (996/2212)        
2025-09-23T14:30:08.6429574Z remote: Compressing objects:  46% (1018/2212)        
2025-09-23T14:30:08.6430236Z remote: Compressing objects:  47% (1040/2212)        
2025-09-23T14:30:08.6430562Z remote: Compressing objects:  48% (1062/2212)        
2025-09-23T14:30:08.6431046Z remote: Compressing objects:  49% (1084/2212)        
2025-09-23T14:30:08.6431368Z remote: Compressing objects:  50% (1106/2212)        
2025-09-23T14:30:08.6445926Z remote: Compressing objects:  51% (1129/2212)        
2025-09-23T14:30:08.6462675Z remote: Compressing objects:  52% (1151/2212)        
2025-09-23T14:30:08.6478500Z remote: Compressing objects:  53% (1173/2212)        
2025-09-23T14:30:08.6482109Z remote: Compressing objects:  54% (1195/2212)        
2025-09-23T14:30:08.6482788Z remote: Compressing objects:  55% (1217/2212)        
2025-09-23T14:30:08.6483306Z remote: Compressing objects:  56% (1239/2212)        
2025-09-23T14:30:08.6483720Z remote: Compressing objects:  57% (1261/2212)        
2025-09-23T14:30:08.6501092Z remote: Compressing objects:  58% (1283/2212)        
2025-09-23T14:30:08.6501641Z remote: Compressing objects:  59% (1306/2212)        
2025-09-23T14:30:08.6514628Z remote: Compressing objects:  60% (1328/2212)        
2025-09-23T14:30:08.6537663Z remote: Compressing objects:  61% (1350/2212)        
2025-09-23T14:30:08.6577966Z remote: Compressing objects:  62% (1372/2212)        
2025-09-23T14:30:08.6605832Z remote: Compressing objects:  63% (1394/2212)        
2025-09-23T14:30:08.6660578Z remote: Compressing objects:  64% (1416/2212)        
2025-09-23T14:30:08.6697301Z remote: Compressing objects:  65% (1438/2212)        
2025-09-23T14:30:08.6743065Z remote: Compressing objects:  66% (1460/2212)        
2025-09-23T14:30:08.6777062Z remote: Compressing objects:  67% (1483/2212)        
2025-09-23T14:30:08.6811093Z remote: Compressing objects:  68% (1505/2212)        
2025-09-23T14:30:08.6892492Z remote: Compressing objects:  69% (1527/2212)        
2025-09-23T14:30:08.6921186Z remote: Compressing objects:  70% (1549/2212)        
2025-09-23T14:30:08.6949223Z remote: Compressing objects:  71% (1571/2212)        
2025-09-23T14:30:08.6998104Z remote: Compressing objects:  72% (1593/2212)        
2025-09-23T14:30:08.7033900Z remote: Compressing objects:  73% (1615/2212)        
2025-09-23T14:30:08.7113754Z remote: Compressing objects:  74% (1637/2212)        
2025-09-23T14:30:08.7120130Z remote: Compressing objects:  75% (1659/2212)        
2025-09-23T14:30:08.7120921Z remote: Compressing objects:  76% (1682/2212)        
2025-09-23T14:30:08.7125831Z remote: Compressing objects:  77% (1704/2212)        
2025-09-23T14:30:08.7133678Z remote: Compressing objects:  78% (1726/2212)        
2025-09-23T14:30:08.7137613Z remote: Compressing objects:  79% (1748/2212)        
2025-09-23T14:30:08.7174658Z remote: Compressing objects:  80% (1770/2212)        
2025-09-23T14:30:08.7176582Z remote: Compressing objects:  81% (1792/2212)        
2025-09-23T14:30:08.7182187Z remote: Compressing objects:  82% (1814/2212)        
2025-09-23T14:30:08.7190316Z remote: Compressing objects:  83% (1836/2212)        
2025-09-23T14:30:08.7287137Z remote: Compressing objects:  84% (1859/2212)        
2025-09-23T14:30:08.7294237Z remote: Compressing objects:  85% (1881/2212)        
2025-09-23T14:30:08.7295253Z remote: Compressing objects:  86% (1903/2212)        
2025-09-23T14:30:08.7303209Z remote: Compressing objects:  87% (1925/2212)        
2025-09-23T14:30:08.7311123Z remote: Compressing objects:  88% (1947/2212)        
2025-09-23T14:30:08.7333679Z remote: Compressing objects:  89% (1969/2212)        
2025-09-23T14:30:08.7345188Z remote: Compressing objects:  90% (1991/2212)        
2025-09-23T14:30:08.7347272Z remote: Compressing objects:  91% (2013/2212)        
2025-09-23T14:30:08.7348208Z remote: Compressing objects:  92% (2036/2212)        
2025-09-23T14:30:08.7349649Z remote: Compressing objects:  93% (2058/2212)        
2025-09-23T14:30:08.7350157Z remote: Compressing objects:  94% (2080/2212)        
2025-09-23T14:30:08.7350534Z remote: Compressing objects:  95% (2102/2212)        
2025-09-23T14:30:08.7353171Z remote: Compressing objects:  96% (2124/2212)        
2025-09-23T14:30:08.7363341Z remote: Compressing objects:  97% (2146/2212)        
2025-09-23T14:30:08.7364084Z remote: Compressing objects:  98% (2168/2212)        
2025-09-23T14:30:08.7365836Z remote: Compressing objects:  99% (2190/2212)        
2025-09-23T14:30:08.7366361Z remote: Compressing objects: 100% (2212/2212)        
2025-09-23T14:30:08.7366819Z remote: Compressing objects: 100% (2212/2212), done.        
2025-09-23T14:30:08.7548454Z Receiving objects:   0% (1/5235)
2025-09-23T14:30:08.8839594Z Receiving objects:   1% (53/5235)
2025-09-23T14:30:08.9916591Z Receiving objects:   2% (105/5235)
2025-09-23T14:30:09.0026064Z Receiving objects:   3% (158/5235)
2025-09-23T14:30:09.0028159Z Receiving objects:   4% (210/5235)
2025-09-23T14:30:09.0031913Z Receiving objects:   5% (262/5235)
2025-09-23T14:30:09.0054902Z Receiving objects:   6% (315/5235)
2025-09-23T14:30:09.0159977Z Receiving objects:   7% (367/5235)
2025-09-23T14:30:09.0267768Z Receiving objects:   8% (419/5235)
2025-09-23T14:30:09.0456067Z Receiving objects:   9% (472/5235)
2025-09-23T14:30:09.2993309Z Receiving objects:  10% (524/5235)
2025-09-23T14:30:09.3125865Z Receiving objects:  11% (576/5235), 4.63 MiB | 8.82 MiB/s
2025-09-23T14:30:09.3208775Z Receiving objects:  12% (629/5235), 4.63 MiB | 8.82 MiB/s
2025-09-23T14:30:09.3332752Z Receiving objects:  13% (681/5235), 4.63 MiB | 8.82 MiB/s
2025-09-23T14:30:09.3494451Z Receiving objects:  14% (733/5235), 4.63 MiB | 8.82 MiB/s
2025-09-23T14:30:09.3606186Z Receiving objects:  15% (786/5235), 4.63 MiB | 8.82 MiB/s
2025-09-23T14:30:09.3698651Z Receiving objects:  16% (838/5235), 4.63 MiB | 8.82 MiB/s
2025-09-23T14:30:09.3823132Z Receiving objects:  17% (890/5235), 4.63 MiB | 8.82 MiB/s
2025-09-23T14:30:09.3898519Z Receiving objects:  18% (943/5235), 4.63 MiB | 8.82 MiB/s
2025-09-23T14:30:09.3928874Z Receiving objects:  19% (995/5235), 4.63 MiB | 8.82 MiB/s
2025-09-23T14:30:09.4008847Z Receiving objects:  20% (1047/5235), 4.63 MiB | 8.82 MiB/s
2025-09-23T14:30:09.4812928Z Receiving objects:  21% (1100/5235), 4.63 MiB | 8.82 MiB/s
2025-09-23T14:30:09.4846279Z Receiving objects:  22% (1152/5235), 4.63 MiB | 8.82 MiB/s
2025-09-23T14:30:09.4852510Z Receiving objects:  23% (1205/5235), 4.63 MiB | 8.82 MiB/s
2025-09-23T14:30:09.4866067Z Receiving objects:  24% (1257/5235), 4.63 MiB | 8.82 MiB/s
2025-09-23T14:30:09.4877482Z Receiving objects:  25% (1309/5235), 4.63 MiB | 8.82 MiB/s
2025-09-23T14:30:09.5019481Z Receiving objects:  26% (1362/5235), 4.63 MiB | 8.82 MiB/s
2025-09-23T14:30:09.5186323Z Receiving objects:  27% (1414/5235), 4.63 MiB | 8.82 MiB/s
2025-09-23T14:30:09.5211048Z Receiving objects:  28% (1466/5235), 4.63 MiB | 8.82 MiB/s
2025-09-23T14:30:09.5272639Z Receiving objects:  29% (1519/5235), 4.63 MiB | 8.82 MiB/s
2025-09-23T14:30:09.5295177Z Receiving objects:  30% (1571/5235), 4.63 MiB | 8.82 MiB/s
2025-09-23T14:30:09.5323271Z Receiving objects:  31% (1623/5235), 4.63 MiB | 8.82 MiB/s
2025-09-23T14:30:09.5409438Z Receiving objects:  32% (1676/5235), 4.63 MiB | 8.82 MiB/s
2025-09-23T14:30:09.5506025Z Receiving objects:  33% (1728/5235), 4.63 MiB | 8.82 MiB/s
2025-09-23T14:30:09.5575760Z Receiving objects:  34% (1780/5235), 4.63 MiB | 8.82 MiB/s
2025-09-23T14:30:09.5625744Z Receiving objects:  35% (1833/5235), 4.63 MiB | 8.82 MiB/s
2025-09-23T14:30:09.5672305Z Receiving objects:  36% (1885/5235), 4.63 MiB | 8.82 MiB/s
2025-09-23T14:30:09.5722083Z Receiving objects:  37% (1937/5235), 4.63 MiB | 8.82 MiB/s
2025-09-23T14:30:09.5724313Z Receiving objects:  38% (1990/5235), 4.63 MiB | 8.82 MiB/s
2025-09-23T14:30:09.5769587Z Receiving objects:  39% (2042/5235), 4.63 MiB | 8.82 MiB/s
2025-09-23T14:30:09.5801048Z Receiving objects:  40% (2094/5235), 4.63 MiB | 8.82 MiB/s
2025-09-23T14:30:09.5838036Z Receiving objects:  41% (2147/5235), 4.63 MiB | 8.82 MiB/s
2025-09-23T14:30:09.5880594Z Receiving objects:  42% (2199/5235), 4.63 MiB | 8.82 MiB/s
2025-09-23T14:30:09.5915706Z Receiving objects:  43% (2252/5235), 4.63 MiB | 8.82 MiB/s
2025-09-23T14:30:09.5956957Z Receiving objects:  44% (2304/5235), 4.63 MiB | 8.82 MiB/s
2025-09-23T14:30:09.5999523Z Receiving objects:  45% (2356/5235), 4.63 MiB | 8.82 MiB/s
2025-09-23T14:30:09.6031047Z Receiving objects:  46% (2409/5235), 4.63 MiB | 8.82 MiB/s
2025-09-23T14:30:09.6062032Z Receiving objects:  47% (2461/5235), 4.63 MiB | 8.82 MiB/s
2025-09-23T14:30:09.6065992Z Receiving objects:  48% (2513/5235), 4.63 MiB | 8.82 MiB/s
2025-09-23T14:30:09.6070046Z Receiving objects:  49% (2566/5235), 4.63 MiB | 8.82 MiB/s
2025-09-23T14:30:09.6270327Z Receiving objects:  50% (2618/5235), 4.63 MiB | 8.82 MiB/s
2025-09-23T14:30:09.6284905Z Receiving objects:  51% (2670/5235), 4.63 MiB | 8.82 MiB/s
2025-09-23T14:30:09.6288200Z Receiving objects:  52% (2723/5235), 4.63 MiB | 8.82 MiB/s
2025-09-23T14:30:09.6291876Z Receiving objects:  53% (2775/5235), 4.63 MiB | 8.82 MiB/s
2025-09-23T14:30:09.6294844Z Receiving objects:  54% (2827/5235), 4.63 MiB | 8.82 MiB/s
2025-09-23T14:30:09.6297421Z Receiving objects:  55% (2880/5235), 4.63 MiB | 8.82 MiB/s
2025-09-23T14:30:09.6301007Z Receiving objects:  56% (2932/5235), 4.63 MiB | 8.82 MiB/s
2025-09-23T14:30:09.6304315Z Receiving objects:  57% (2984/5235), 4.63 MiB | 8.82 MiB/s
2025-09-23T14:30:09.6386028Z Receiving objects:  58% (3037/5235), 4.63 MiB | 8.82 MiB/s
2025-09-23T14:30:09.6386719Z Receiving objects:  59% (3089/5235), 4.63 MiB | 8.82 MiB/s
2025-09-23T14:30:09.6387252Z Receiving objects:  60% (3141/5235), 4.63 MiB | 8.82 MiB/s
2025-09-23T14:30:09.6387787Z Receiving objects:  61% (3194/5235), 4.63 MiB | 8.82 MiB/s
2025-09-23T14:30:09.6388309Z Receiving objects:  62% (3246/5235), 4.63 MiB | 8.82 MiB/s
2025-09-23T14:30:09.6388910Z Receiving objects:  63% (3299/5235), 4.63 MiB | 8.82 MiB/s
2025-09-23T14:30:09.6389933Z Receiving objects:  64% (3351/5235), 4.63 MiB | 8.82 MiB/s
2025-09-23T14:30:09.6390461Z Receiving objects:  65% (3403/5235), 4.63 MiB | 8.82 MiB/s
2025-09-23T14:30:09.6391230Z Receiving objects:  66% (3456/5235), 4.63 MiB | 8.82 MiB/s
2025-09-23T14:30:09.6391769Z Receiving objects:  67% (3508/5235), 4.63 MiB | 8.82 MiB/s
2025-09-23T14:30:09.6392309Z Receiving objects:  68% (3560/5235), 4.63 MiB | 8.82 MiB/s
2025-09-23T14:30:09.6395324Z Receiving objects:  69% (3613/5235), 4.63 MiB | 8.82 MiB/s
2025-09-23T14:30:09.6407744Z Receiving objects:  70% (3665/5235), 4.63 MiB | 8.82 MiB/s
2025-09-23T14:30:09.6421418Z Receiving objects:  71% (3717/5235), 4.63 MiB | 8.82 MiB/s
2025-09-23T14:30:09.6447704Z Receiving objects:  72% (3770/5235), 4.63 MiB | 8.82 MiB/s
2025-09-23T14:30:09.6449595Z Receiving objects:  73% (3822/5235), 4.63 MiB | 8.82 MiB/s
2025-09-23T14:30:09.6454934Z Receiving objects:  74% (3874/5235), 4.63 MiB | 8.82 MiB/s
2025-09-23T14:30:09.6467846Z Receiving objects:  75% (3927/5235), 4.63 MiB | 8.82 MiB/s
2025-09-23T14:30:09.6477570Z Receiving objects:  76% (3979/5235), 4.63 MiB | 8.82 MiB/s
2025-09-23T14:30:09.6489378Z Receiving objects:  77% (4031/5235), 4.63 MiB | 8.82 MiB/s
2025-09-23T14:30:09.6494996Z Receiving objects:  78% (4084/5235), 4.63 MiB | 8.82 MiB/s
2025-09-23T14:30:09.6515752Z Receiving objects:  79% (4136/5235), 4.63 MiB | 8.82 MiB/s
2025-09-23T14:30:09.6528091Z Receiving objects:  80% (4188/5235), 4.63 MiB | 8.82 MiB/s
2025-09-23T14:30:09.6531241Z Receiving objects:  81% (4241/5235), 4.63 MiB | 8.82 MiB/s
2025-09-23T14:30:09.6532646Z Receiving objects:  82% (4293/5235), 4.63 MiB | 8.82 MiB/s
2025-09-23T14:30:09.6533757Z Receiving objects:  83% (4346/5235), 4.63 MiB | 8.82 MiB/s
2025-09-23T14:30:09.6541131Z Receiving objects:  84% (4398/5235), 4.63 MiB | 8.82 MiB/s
2025-09-23T14:30:09.6547256Z Receiving objects:  85% (4450/5235), 4.63 MiB | 8.82 MiB/s
2025-09-23T14:30:09.6550464Z Receiving objects:  86% (4503/5235), 4.63 MiB | 8.82 MiB/s
2025-09-23T14:30:09.6580222Z Receiving objects:  87% (4555/5235), 4.63 MiB | 8.82 MiB/s
2025-09-23T14:30:09.6592702Z Receiving objects:  88% (4607/5235), 4.63 MiB | 8.82 MiB/s
2025-09-23T14:30:09.6622266Z Receiving objects:  89% (4660/5235), 4.63 MiB | 8.82 MiB/s
2025-09-23T14:30:09.6924258Z Receiving objects:  90% (4712/5235), 4.63 MiB | 8.82 MiB/s
2025-09-23T14:30:09.6927474Z Receiving objects:  91% (4764/5235), 4.63 MiB | 8.82 MiB/s
2025-09-23T14:30:09.6934834Z Receiving objects:  92% (4817/5235), 4.63 MiB | 8.82 MiB/s
2025-09-23T14:30:09.6941578Z Receiving objects:  93% (4869/5235), 4.63 MiB | 8.82 MiB/s
2025-09-23T14:30:09.6951247Z Receiving objects:  94% (4921/5235), 4.63 MiB | 8.82 MiB/s
2025-09-23T14:30:09.6961122Z Receiving objects:  95% (4974/5235), 4.63 MiB | 8.82 MiB/s
2025-09-23T14:30:09.6975365Z Receiving objects:  96% (5026/5235), 4.63 MiB | 8.82 MiB/s
2025-09-23T14:30:09.6986040Z Receiving objects:  97% (5078/5235), 4.63 MiB | 8.82 MiB/s
2025-09-23T14:30:09.7059136Z Receiving objects:  98% (5131/5235), 4.63 MiB | 8.82 MiB/s
2025-09-23T14:30:09.7075199Z Receiving objects:  99% (5183/5235), 4.63 MiB | 8.82 MiB/s
2025-09-23T14:30:09.7075972Z remote: Total 5235 (delta 2649), reused 4487 (delta 2477), pack-reused 0 (from 0)        
2025-09-23T14:30:09.7079722Z Receiving objects: 100% (5235/5235), 4.63 MiB | 8.82 MiB/s
2025-09-23T14:30:09.7080203Z Receiving objects: 100% (5235/5235), 15.48 MiB | 15.99 MiB/s, done.
2025-09-23T14:30:09.7284638Z Resolving deltas:   0% (0/2649)
2025-09-23T14:30:09.7295736Z Resolving deltas:   1% (27/2649)
2025-09-23T14:30:09.7300447Z Resolving deltas:   2% (53/2649)
2025-09-23T14:30:09.7313256Z Resolving deltas:   3% (80/2649)
2025-09-23T14:30:09.7323445Z Resolving deltas:   4% (106/2649)
2025-09-23T14:30:09.7329878Z Resolving deltas:   5% (133/2649)
2025-09-23T14:30:09.7335107Z Resolving deltas:   6% (159/2649)
2025-09-23T14:30:09.7339881Z Resolving deltas:   7% (186/2649)
2025-09-23T14:30:09.7345167Z Resolving deltas:   8% (212/2649)
2025-09-23T14:30:09.7350260Z Resolving deltas:   9% (239/2649)
2025-09-23T14:30:09.7355778Z Resolving deltas:  10% (265/2649)
2025-09-23T14:30:09.7360225Z Resolving deltas:  11% (292/2649)
2025-09-23T14:30:09.7364585Z Resolving deltas:  12% (318/2649)
2025-09-23T14:30:09.7368221Z Resolving deltas:  13% (345/2649)
2025-09-23T14:30:09.7372273Z Resolving deltas:  14% (371/2649)
2025-09-23T14:30:09.7376492Z Resolving deltas:  15% (398/2649)
2025-09-23T14:30:09.7380631Z Resolving deltas:  16% (424/2649)
2025-09-23T14:30:09.7385015Z Resolving deltas:  17% (451/2649)
2025-09-23T14:30:09.7389291Z Resolving deltas:  18% (477/2649)
2025-09-23T14:30:09.7391341Z Resolving deltas:  19% (504/2649)
2025-09-23T14:30:09.7394995Z Resolving deltas:  20% (530/2649)
2025-09-23T14:30:09.7398322Z Resolving deltas:  21% (557/2649)
2025-09-23T14:30:09.7404879Z Resolving deltas:  22% (583/2649)
2025-09-23T14:30:09.7408341Z Resolving deltas:  23% (610/2649)
2025-09-23T14:30:09.7412780Z Resolving deltas:  24% (636/2649)
2025-09-23T14:30:09.7416564Z Resolving deltas:  25% (663/2649)
2025-09-23T14:30:09.7421788Z Resolving deltas:  26% (689/2649)
2025-09-23T14:30:09.7425712Z Resolving deltas:  27% (716/2649)
2025-09-23T14:30:09.7430473Z Resolving deltas:  28% (742/2649)
2025-09-23T14:30:09.7435253Z Resolving deltas:  29% (769/2649)
2025-09-23T14:30:09.7438764Z Resolving deltas:  30% (795/2649)
2025-09-23T14:30:09.7442903Z Resolving deltas:  31% (823/2649)
2025-09-23T14:30:09.7445698Z Resolving deltas:  32% (848/2649)
2025-09-23T14:30:09.7449256Z Resolving deltas:  33% (875/2649)
2025-09-23T14:30:09.7452684Z Resolving deltas:  34% (901/2649)
2025-09-23T14:30:09.7456189Z Resolving deltas:  35% (928/2649)
2025-09-23T14:30:09.7458845Z Resolving deltas:  36% (954/2649)
2025-09-23T14:30:09.7462688Z Resolving deltas:  37% (981/2649)
2025-09-23T14:30:09.7470223Z Resolving deltas:  38% (1007/2649)
2025-09-23T14:30:09.7478748Z Resolving deltas:  39% (1034/2649)
2025-09-23T14:30:09.7485701Z Resolving deltas:  40% (1060/2649)
2025-09-23T14:30:09.7493754Z Resolving deltas:  41% (1087/2649)
2025-09-23T14:30:09.7505383Z Resolving deltas:  42% (1113/2649)
2025-09-23T14:30:09.7510319Z Resolving deltas:  43% (1140/2649)
2025-09-23T14:30:09.7514622Z Resolving deltas:  44% (1167/2649)
2025-09-23T14:30:09.7524472Z Resolving deltas:  45% (1193/2649)
2025-09-23T14:30:09.7534007Z Resolving deltas:  46% (1219/2649)
2025-09-23T14:30:09.7541702Z Resolving deltas:  47% (1246/2649)
2025-09-23T14:30:09.7550997Z Resolving deltas:  48% (1272/2649)
2025-09-23T14:30:09.7561780Z Resolving deltas:  49% (1299/2649)
2025-09-23T14:30:09.7573837Z Resolving deltas:  50% (1325/2649)
2025-09-23T14:30:09.7582545Z Resolving deltas:  51% (1351/2649)
2025-09-23T14:30:09.7614843Z Resolving deltas:  52% (1378/2649)
2025-09-23T14:30:09.7668167Z Resolving deltas:  53% (1404/2649)
2025-09-23T14:30:09.7705085Z Resolving deltas:  54% (1431/2649)
2025-09-23T14:30:09.7741537Z Resolving deltas:  55% (1457/2649)
2025-09-23T14:30:09.7863843Z Resolving deltas:  56% (1484/2649)
2025-09-23T14:30:09.7879396Z Resolving deltas:  57% (1510/2649)
2025-09-23T14:30:09.7887346Z Resolving deltas:  58% (1537/2649)
2025-09-23T14:30:09.7890415Z Resolving deltas:  59% (1563/2649)
2025-09-23T14:30:09.7909236Z Resolving deltas:  60% (1590/2649)
2025-09-23T14:30:09.7926089Z Resolving deltas:  61% (1616/2649)
2025-09-23T14:30:09.7974037Z Resolving deltas:  62% (1643/2649)
2025-09-23T14:30:09.8048968Z Resolving deltas:  63% (1669/2649)
2025-09-23T14:30:09.8102106Z Resolving deltas:  64% (1696/2649)
2025-09-23T14:30:09.8146653Z Resolving deltas:  65% (1722/2649)
2025-09-23T14:30:09.8189871Z Resolving deltas:  66% (1749/2649)
2025-09-23T14:30:09.8195880Z Resolving deltas:  67% (1775/2649)
2025-09-23T14:30:09.8204848Z Resolving deltas:  68% (1802/2649)
2025-09-23T14:30:09.8275313Z Resolving deltas:  69% (1828/2649)
2025-09-23T14:30:09.8337113Z Resolving deltas:  70% (1855/2649)
2025-09-23T14:30:09.8367617Z Resolving deltas:  71% (1881/2649)
2025-09-23T14:30:09.8378858Z Resolving deltas:  72% (1908/2649)
2025-09-23T14:30:09.8390222Z Resolving deltas:  73% (1934/2649)
2025-09-23T14:30:09.8410411Z Resolving deltas:  74% (1961/2649)
2025-09-23T14:30:09.8432974Z Resolving deltas:  75% (1988/2649)
2025-09-23T14:30:09.8530959Z Resolving deltas:  76% (2014/2649)
2025-09-23T14:30:09.8549749Z Resolving deltas:  77% (2040/2649)
2025-09-23T14:30:09.8618624Z Resolving deltas:  78% (2067/2649)
2025-09-23T14:30:09.8653281Z Resolving deltas:  79% (2093/2649)
2025-09-23T14:30:09.8682507Z Resolving deltas:  80% (2120/2649)
2025-09-23T14:30:09.8715599Z Resolving deltas:  81% (2146/2649)
2025-09-23T14:30:09.8733024Z Resolving deltas:  82% (2173/2649)
2025-09-23T14:30:09.8739422Z Resolving deltas:  83% (2199/2649)
2025-09-23T14:30:09.8754015Z Resolving deltas:  84% (2226/2649)
2025-09-23T14:30:09.8762140Z Resolving deltas:  85% (2252/2649)
2025-09-23T14:30:09.8767584Z Resolving deltas:  86% (2279/2649)
2025-09-23T14:30:09.8773426Z Resolving deltas:  87% (2305/2649)
2025-09-23T14:30:09.8827897Z Resolving deltas:  88% (2332/2649)
2025-09-23T14:30:09.8873729Z Resolving deltas:  89% (2358/2649)
2025-09-23T14:30:09.8923436Z Resolving deltas:  90% (2385/2649)
2025-09-23T14:30:09.8968547Z Resolving deltas:  91% (2411/2649)
2025-09-23T14:30:09.9003609Z Resolving deltas:  92% (2438/2649)
2025-09-23T14:30:09.9051714Z Resolving deltas:  93% (2464/2649)
2025-09-23T14:30:09.9067398Z Resolving deltas:  94% (2491/2649)
2025-09-23T14:30:09.9072637Z Resolving deltas:  95% (2517/2649)
2025-09-23T14:30:09.9075860Z Resolving deltas:  96% (2544/2649)
2025-09-23T14:30:09.9078585Z Resolving deltas:  97% (2570/2649)
2025-09-23T14:30:09.9083794Z Resolving deltas:  98% (2597/2649)
2025-09-23T14:30:09.9263566Z Resolving deltas:  99% (2623/2649)
2025-09-23T14:30:09.9264109Z Resolving deltas: 100% (2649/2649)
2025-09-23T14:30:09.9264625Z Resolving deltas: 100% (2649/2649), done.
2025-09-23T14:30:09.9627993Z From https://github.com/wader/fq
2025-09-23T14:30:09.9628599Z  * [new ref]         86af961b0ab65def6fed6008a4ae6d965662b3b6 -> origin/master
2025-09-23T14:30:09.9661389Z ##[endgroup]
2025-09-23T14:30:09.9661770Z ##[group]Determining the checkout info
2025-09-23T14:30:09.9663716Z ##[endgroup]
2025-09-23T14:30:09.9664076Z ##[group]Checking out the ref
2025-09-23T14:30:09.9667747Z [command]/usr/bin/git checkout --progress --force -B master refs/remotes/origin/master
2025-09-23T14:30:10.4799610Z Reset branch 'master'
2025-09-23T14:30:10.4802289Z branch 'master' set up to track 'origin/master'.
2025-09-23T14:30:10.4839033Z ##[endgroup]
2025-09-23T14:30:10.4877732Z [command]/usr/bin/git log -1 --format='%H'
2025-09-23T14:30:10.4900337Z '86af961b0ab65def6fed6008a4ae6d965662b3b6'
2025-09-23T14:30:10.5047748Z ##[group]Run actions/setup-go@v3
2025-09-23T14:30:10.5048013Z with:
2025-09-23T14:30:10.5048188Z   go-version: 1.25.1
2025-09-23T14:30:10.5048375Z   check-latest: false
2025-09-23T14:30:10.5048679Z   token: ***
2025-09-23T14:30:10.5048843Z   cache: false
2025-09-23T14:30:10.5049015Z env:
2025-09-23T14:30:10.5049176Z   GOLANGCILINT_VERSION: 2.5.0
2025-09-23T14:30:10.5049435Z ##[endgroup]
2025-09-23T14:30:10.6422490Z Setup go version spec 1.25.1
2025-09-23T14:30:10.6442453Z Attempting to download 1.25.1...
2025-09-23T14:30:11.0122044Z matching 1.25.1...
2025-09-23T14:30:11.0150298Z Acquiring 1.25.1 from https://github.com/actions/go-versions/releases/download/1.25.1-17451174567/go-1.25.1-linux-x64.tar.gz
2025-09-23T14:30:11.4622524Z Extracting Go...
2025-09-23T14:30:11.4728822Z [command]/usr/bin/tar xz --warning=no-unknown-keyword --overwrite -C /home/runner/work/_temp/4da7fa39-7a92-43b1-9dfa-f064fa7a73be -f /home/runner/work/_temp/27699e4b-dc65-425a-8e7d-76d08196ca31
2025-09-23T14:30:12.9017499Z Successfully extracted go to /home/runner/work/_temp/4da7fa39-7a92-43b1-9dfa-f064fa7a73be
2025-09-23T14:30:12.9018083Z Adding to the cache ...
2025-09-23T14:30:17.6775498Z Successfully cached go to /opt/hostedtoolcache/go/1.25.1/x64
2025-09-23T14:30:17.6777530Z Added go to the path
2025-09-23T14:30:17.6895776Z Successfully set up Go version 1.25.1
2025-09-23T14:30:17.6973317Z go version go1.25.1 linux/amd64
2025-09-23T14:30:17.6973625Z 
2025-09-23T14:30:17.6978923Z ##[group]go env
2025-09-23T14:30:17.8261227Z AR='ar'
2025-09-23T14:30:17.8261610Z CC='gcc'
2025-09-23T14:30:17.8261930Z CGO_CFLAGS='-O2 -g'
2025-09-23T14:30:17.8262266Z CGO_CPPFLAGS=''
2025-09-23T14:30:17.8262608Z CGO_CXXFLAGS='-O2 -g'
2025-09-23T14:30:17.8262930Z CGO_ENABLED='1'
2025-09-23T14:30:17.8263242Z CGO_FFLAGS='-O2 -g'
2025-09-23T14:30:17.8263543Z CGO_LDFLAGS='-O2 -g'
2025-09-23T14:30:17.8263849Z CXX='g++'
2025-09-23T14:30:17.8264126Z GCCGO='gccgo'
2025-09-23T14:30:17.8264418Z GO111MODULE=''
2025-09-23T14:30:17.8264737Z GOAMD64='v1'
2025-09-23T14:30:17.8265033Z GOARCH='amd64'
2025-09-23T14:30:17.8265327Z GOAUTH='netrc'
2025-09-23T14:30:17.8265613Z GOBIN=''
2025-09-23T14:30:17.8265941Z GOCACHE='/home/runner/.cache/go-build'
2025-09-23T14:30:17.8266348Z GOCACHEPROG=''
2025-09-23T14:30:17.8266645Z GODEBUG=''
2025-09-23T14:30:17.8266947Z GOENV='/home/runner/.config/go/env'
2025-09-23T14:30:17.8267351Z GOEXE=''
2025-09-23T14:30:17.8267626Z GOEXPERIMENT=''
2025-09-23T14:30:17.8267941Z GOFIPS140='off'
2025-09-23T14:30:17.8268227Z GOFLAGS=''
2025-09-23T14:30:17.8269196Z GOGCCFLAGS='-fPIC -m64 -pthread -Wl,--no-gc-sections -fmessage-length=0 -ffile-prefix-map=/tmp/go-build3962906509=/tmp/go-build -gno-record-gcc-switches'
2025-09-23T14:30:17.8270178Z GOHOSTARCH='amd64'
2025-09-23T14:30:17.8270479Z GOHOSTOS='linux'
2025-09-23T14:30:17.8270985Z GOINSECURE=''
2025-09-23T14:30:17.8271322Z GOMOD='/home/runner/work/fq/fq/go.mod'
2025-09-23T14:30:17.8271760Z GOMODCACHE='/home/runner/go/pkg/mod'
2025-09-23T14:30:17.8272131Z GONOPROXY=''
2025-09-23T14:30:17.8272424Z GONOSUMDB=''
2025-09-23T14:30:17.8272694Z GOOS='linux'
2025-09-23T14:30:17.8272986Z GOPATH='/home/runner/go'
2025-09-23T14:30:17.8273308Z GOPRIVATE=''
2025-09-23T14:30:17.8273681Z GOPROXY='https://proxy.golang.org,direct'
2025-09-23T14:30:17.8274153Z GOROOT='/opt/hostedtoolcache/go/1.25.1/x64'
2025-09-23T14:30:17.8274564Z GOSUMDB='sum.golang.org'
2025-09-23T14:30:17.8274890Z GOTELEMETRY='local'
2025-09-23T14:30:17.8275277Z GOTELEMETRYDIR='/home/runner/.config/go/telemetry'
2025-09-23T14:30:17.8275752Z GOTMPDIR=''
2025-09-23T14:30:17.8276027Z GOTOOLCHAIN='auto'
2025-09-23T14:30:17.8276484Z GOTOOLDIR='/opt/hostedtoolcache/go/1.25.1/x64/pkg/tool/linux_amd64'
2025-09-23T14:30:17.8276983Z GOVCS=''
2025-09-23T14:30:17.8277248Z GOVERSION='go1.25.1'
2025-09-23T14:30:17.8277541Z GOWORK=''
2025-09-23T14:30:17.8277829Z PKG_CONFIG='pkg-config'
2025-09-23T14:30:17.8278031Z 
2025-09-23T14:30:17.8278536Z ##[endgroup]
2025-09-23T14:30:17.8446862Z ##[group]Run make test
2025-09-23T14:30:17.8447104Z [36;1mmake test[0m
2025-09-23T14:30:17.8479963Z shell: /usr/bin/bash -e {0}
2025-09-23T14:30:17.8480198Z env:
2025-09-23T14:30:17.8480370Z   GOLANGCILINT_VERSION: 2.5.0
2025-09-23T14:30:17.8480584Z   CGO_ENABLED: 0
2025-09-23T14:30:17.8480957Z   GOARCH: 386
2025-09-23T14:30:17.8481133Z ##[endgroup]
2025-09-23T14:30:17.8966680Z go test -timeout 20m    ./format ./format/postgres/common ./format/tls/keylog ./internal/aheadreadseeker ./internal/ansi ./internal/asciiwriter ./internal/ctxreadseeker ./internal/ctxstack ./internal/hexdump ./internal/hexpairwriter ./internal/lazyre ./internal/mathx ./internal/recoverfn ./internal/shquote ./pkg/bitio ./pkg/interp ./pkg/ranges
2025-09-23T14:30:17.9173733Z go: downloading github.com/mitchellh/copystructure v1.2.0
2025-09-23T14:30:17.9197787Z go: downloading github.com/wader/gojq v0.12.1-0.20250208151254-0aa7b87b2c2b
2025-09-23T14:30:17.9351171Z go: downloading github.com/creasty/defaults v1.8.0
2025-09-23T14:30:17.9352208Z go: downloading github.com/mitchellh/mapstructure v1.5.0
2025-09-23T14:30:17.9754561Z go: downloading golang.org/x/text v0.29.0
2025-09-23T14:30:18.0172237Z go: downloading github.com/mitchellh/reflectwalk v1.0.2
2025-09-23T14:30:18.0544134Z go: downloading github.com/golang/snappy v0.0.4
2025-09-23T14:30:18.0807836Z go: downloading golang.org/x/crypto v0.42.0
2025-09-23T14:30:18.2686622Z go: downloading github.com/gomarkdown/markdown v0.0.0-20250207164621-7a1f277a159e
2025-09-23T14:30:18.3167812Z go: downloading github.com/BurntSushi/toml v1.5.0
2025-09-23T14:30:18.3987346Z go: downloading golang.org/x/net v0.44.0
2025-09-23T14:30:18.6075577Z go: downloading gopkg.in/yaml.v3 v3.0.1
2025-09-23T14:30:18.6185178Z go: downloading github.com/itchyny/timefmt-go v0.1.6
2025-09-23T14:30:18.6189032Z go: downloading golang.org/x/sys v0.36.0
2025-09-23T14:30:18.6191017Z go: downloading github.com/gopacket/gopacket v1.4.0
2025-09-23T14:31:44.4640244Z ok  	github.com/wader/fq/format	66.450s
2025-09-23T14:31:44.4641141Z ok  	github.com/wader/fq/format/postgres/common	0.003s
2025-09-23T14:31:44.4641769Z ok  	github.com/wader/fq/format/tls/keylog	0.004s
2025-09-23T14:31:44.4642408Z ok  	github.com/wader/fq/internal/aheadreadseeker	0.003s
2025-09-23T14:31:44.4643016Z ok  	github.com/wader/fq/internal/ansi	0.004s
2025-09-23T14:31:44.4643598Z ok  	github.com/wader/fq/internal/asciiwriter	0.003s
2025-09-23T14:31:44.4644208Z ok  	github.com/wader/fq/internal/ctxreadseeker	0.014s
2025-09-23T14:31:44.4644796Z ok  	github.com/wader/fq/internal/ctxstack	0.003s
2025-09-23T14:31:44.4647188Z ?   	github.com/wader/fq/internal/hexdump	[no test files]
2025-09-23T14:31:44.4647862Z ok  	github.com/wader/fq/internal/hexpairwriter	0.004s
2025-09-23T14:31:44.4648450Z ok  	github.com/wader/fq/internal/lazyre	0.005s
2025-09-23T14:31:44.4648994Z ok  	github.com/wader/fq/internal/mathx	0.004s
2025-09-23T14:31:44.4649541Z ok  	github.com/wader/fq/internal/recoverfn	0.003s
2025-09-23T14:31:44.4650113Z ok  	github.com/wader/fq/internal/shquote	0.007s
2025-09-23T14:31:44.4650647Z ok  	github.com/wader/fq/pkg/bitio	0.096s
2025-09-23T14:31:44.4651383Z ok  	github.com/wader/fq/pkg/interp	21.351s
2025-09-23T14:31:44.4651896Z ok  	github.com/wader/fq/pkg/ranges	0.009s
2025-09-23T14:31:44.5465293Z CGO_ENABLED=0 go build -o fq -ldflags "-s -w" -trimpath .
2025-09-23T14:31:44.5595208Z go: downloading github.com/ergochat/readline v0.1.3
2025-09-23T14:31:44.5595807Z go: downloading golang.org/x/term v0.35.0
2025-09-23T14:32:00.3234196Z pkg/interp/args.jq.test
2025-09-23T14:32:00.3698723Z 1 of 1 tests passed
2025-09-23T14:32:00.3718326Z pkg/interp/query.jq.test
2025-09-23T14:32:00.4219084Z 1 of 1 tests passed
2025-09-23T14:32:00.4237661Z pkg/interp/funcs.jq.test
2025-09-23T14:32:00.6661125Z 10 of 10 tests passed
2025-09-23T14:32:35.0105314Z pkg/cli/test_exp.sh
2025-09-23T14:32:36.0316855Z pkg/cli/test_exp.sh
2025-09-23T14:32:37.0581175Z pkg/cli/test_exp.sh
2025-09-23T14:32:37.0626504Z Post job cleanup.
2025-09-23T14:32:37.2069233Z Post job cleanup.
2025-09-23T14:32:37.2789252Z [command]/usr/bin/git version
2025-09-23T14:32:37.2824063Z git version 2.51.0
2025-09-23T14:32:37.2867713Z Temporarily overriding HOME='/home/runner/work/_temp/2b5301eb-36a8-4b02-9d3b-ccccebf3bd59' before making global git config changes
2025-09-23T14:32:37.2868797Z Adding repository directory to the temporary git global config as a safe directory
2025-09-23T14:32:37.2871511Z [command]/usr/bin/git config --global --add safe.directory /home/runner/work/fq/fq
2025-09-23T14:32:37.2902258Z [command]/usr/bin/git config --local --name-only --get-regexp core\.sshCommand
2025-09-23T14:32:37.2929714Z [command]/usr/bin/git submodule foreach --recursive sh -c "git config --local --name-only --get-regexp 'core\.sshCommand' && git config --local --unset-all 'core.sshCommand' || :"
2025-09-23T14:32:37.3157576Z [command]/usr/bin/git config --local --name-only --get-regexp http\.https\:\/\/github\.com\/\.extraheader
2025-09-23T14:32:37.3177136Z http.https://github.com/.extraheader
2025-09-23T14:32:37.3188191Z [command]/usr/bin/git config --local --unset-all http.https://github.com/.extraheader
2025-09-23T14:32:37.3214922Z [command]/usr/bin/git submodule foreach --recursive sh -c "git config --local --name-only --get-regexp 'http\.https\:\/\/github\.com\/\.extraheader' && git config --local --unset-all 'http.https://github.com/.extraheader' || :"
2025-09-23T14:32:37.3567094Z Cleaning up orphan processes
