2025-12-13T22:33:21.9198638Z Current runner version: '2.329.0'
2025-12-13T22:33:21.9221409Z ##[group]Runner Image Provisioner
2025-12-13T22:33:21.9222223Z Hosted Compute Agent
2025-12-13T22:33:21.9222727Z Version: 20251202.455
2025-12-13T22:33:21.9223238Z Commit: 6c10caca4910e198df60de23adf20ad317c474e3
2025-12-13T22:33:21.9223906Z Build Date: 2025-12-02T15:56:59Z
2025-12-13T22:33:21.9224806Z Worker ID: {4d409512-421c-4beb-bffa-b29949f9edac}
2025-12-13T22:33:21.9225396Z ##[endgroup]
2025-12-13T22:33:21.9225931Z ##[group]Operating System
2025-12-13T22:33:21.9226419Z Ubuntu
2025-12-13T22:33:21.9226867Z 22.04.5
2025-12-13T22:33:21.9227262Z LTS
2025-12-13T22:33:21.9227676Z ##[endgroup]
2025-12-13T22:33:21.9228083Z ##[group]Runner Image
2025-12-13T22:33:21.9228578Z Image: ubuntu-22.04
2025-12-13T22:33:21.9229041Z Version: 20251208.177.1
2025-12-13T22:33:21.9229931Z Included Software: https://github.com/actions/runner-images/blob/ubuntu22/20251208.177/images/ubuntu/Ubuntu2204-Readme.md
2025-12-13T22:33:21.9231326Z Image Release: https://github.com/actions/runner-images/releases/tag/ubuntu22%2F20251208.177
2025-12-13T22:33:21.9232183Z ##[endgroup]
2025-12-13T22:33:21.9234717Z ##[group]GITHUB_TOKEN Permissions
2025-12-13T22:33:21.9236700Z Actions: write
2025-12-13T22:33:21.9237140Z ArtifactMetadata: write
2025-12-13T22:33:21.9237701Z Attestations: write
2025-12-13T22:33:21.9238155Z Checks: write
2025-12-13T22:33:21.9238582Z Contents: write
2025-12-13T22:33:21.9239087Z Deployments: write
2025-12-13T22:33:21.9239527Z Discussions: write
2025-12-13T22:33:21.9239968Z Issues: write
2025-12-13T22:33:21.9240412Z Metadata: read
2025-12-13T22:33:21.9240863Z Models: read
2025-12-13T22:33:21.9241268Z Packages: write
2025-12-13T22:33:21.9241742Z Pages: write
2025-12-13T22:33:21.9242161Z PullRequests: write
2025-12-13T22:33:21.9242729Z RepositoryProjects: write
2025-12-13T22:33:21.9243257Z SecurityEvents: write
2025-12-13T22:33:21.9243713Z Statuses: write
2025-12-13T22:33:21.9244363Z ##[endgroup]
2025-12-13T22:33:21.9246533Z Secret source: Actions
2025-12-13T22:33:21.9247202Z Prepare workflow directory
2025-12-13T22:33:21.9782885Z Prepare all required actions
2025-12-13T22:33:21.9820762Z Getting action download info
2025-12-13T22:33:22.4000577Z Download action repository 'actions/checkout@v4' (SHA:34e114876b0b11c390a56381ad16ebd13914f8d5)
2025-12-13T22:33:22.5297751Z Complete job name: unit-test (linux)
2025-12-13T22:33:22.5834097Z ##[group]Run actions/checkout@v4
2025-12-13T22:33:22.5835129Z with:
2025-12-13T22:33:22.5835635Z   repository: godot-rust/gdext
2025-12-13T22:33:22.5836313Z   token: ***
2025-12-13T22:33:22.5836737Z   ssh-strict: true
2025-12-13T22:33:22.5837129Z   ssh-user: git
2025-12-13T22:33:22.5837622Z   persist-credentials: true
2025-12-13T22:33:22.5838105Z   clean: true
2025-12-13T22:33:22.5838500Z   sparse-checkout-cone-mode: true
2025-12-13T22:33:22.5839050Z   fetch-depth: 1
2025-12-13T22:33:22.5839441Z   fetch-tags: false
2025-12-13T22:33:22.5839880Z   show-progress: true
2025-12-13T22:33:22.5840318Z   lfs: false
2025-12-13T22:33:22.5840728Z   submodules: false
2025-12-13T22:33:22.5841182Z   set-safe-directory: true
2025-12-13T22:33:22.5841883Z env:
2025-12-13T22:33:22.5842500Z   CLIPPY_FEATURES: --features register-docs,godot/experimental-godot-api,godot/serde
2025-12-13T22:33:22.5843259Z   TEST_FEATURES: 
2025-12-13T22:33:22.5843863Z   RETRY: /home/runner/work/gdext/gdext/.github/other/retry.sh
2025-12-13T22:33:22.5844738Z   LSAN_OPTIONS: report_objects=1
2025-12-13T22:33:22.5845253Z   CARGO_DENY_VERSION: 0.18.5
2025-12-13T22:33:22.5845714Z   CARGO_MACHETE_VERSION: 0.9.1
2025-12-13T22:33:22.5846195Z ##[endgroup]
2025-12-13T22:33:22.6870328Z Syncing repository: godot-rust/gdext
2025-12-13T22:33:22.6872062Z ##[group]Getting Git version info
2025-12-13T22:33:22.6872706Z Working directory is '/home/runner/work/gdext/gdext'
2025-12-13T22:33:22.6873739Z [command]/usr/bin/git version
2025-12-13T22:33:22.6929228Z git version 2.52.0
2025-12-13T22:33:22.6952144Z ##[endgroup]
2025-12-13T22:33:22.6973718Z Temporarily overriding HOME='/home/runner/work/_temp/aba54047-0fd8-47bb-a26b-00a70fb88300' before making global git config changes
2025-12-13T22:33:22.6979072Z Adding repository directory to the temporary git global config as a safe directory
2025-12-13T22:33:22.6980141Z [command]/usr/bin/git config --global --add safe.directory /home/runner/work/gdext/gdext
2025-12-13T22:33:22.7006481Z Deleting the contents of '/home/runner/work/gdext/gdext'
2025-12-13T22:33:22.7009694Z ##[group]Initializing the repository
2025-12-13T22:33:22.7013404Z [command]/usr/bin/git init /home/runner/work/gdext/gdext
2025-12-13T22:33:22.7103220Z hint: Using 'master' as the name for the initial branch. This default branch name
2025-12-13T22:33:22.7104371Z hint: will change to "main" in Git 3.0. To configure the initial branch name
2025-12-13T22:33:22.7105268Z hint: to use in all of your new repositories, which will suppress this warning,
2025-12-13T22:33:22.7105931Z hint: call:
2025-12-13T22:33:22.7106466Z hint:
2025-12-13T22:33:22.7107237Z hint: 	git config --global init.defaultBranch <name>
2025-12-13T22:33:22.7107850Z hint:
2025-12-13T22:33:22.7108387Z hint: Names commonly chosen instead of 'master' are 'main', 'trunk' and
2025-12-13T22:33:22.7109272Z hint: 'development'. The just-created branch can be renamed via this command:
2025-12-13T22:33:22.7109924Z hint:
2025-12-13T22:33:22.7110361Z hint: 	git branch -m <name>
2025-12-13T22:33:22.7110958Z hint:
2025-12-13T22:33:22.7111511Z hint: Disable this message with "git config set advice.defaultBranchName false"
2025-12-13T22:33:22.7112441Z Initialized empty Git repository in /home/runner/work/gdext/gdext/.git/
2025-12-13T22:33:22.7116691Z [command]/usr/bin/git remote add origin https://github.com/godot-rust/gdext
2025-12-13T22:33:22.7142490Z ##[endgroup]
2025-12-13T22:33:22.7143228Z ##[group]Disabling automatic garbage collection
2025-12-13T22:33:22.7146172Z [command]/usr/bin/git config --local gc.auto 0
2025-12-13T22:33:22.7168074Z ##[endgroup]
2025-12-13T22:33:22.7168785Z ##[group]Setting up auth
2025-12-13T22:33:22.7174687Z [command]/usr/bin/git config --local --name-only --get-regexp core\.sshCommand
2025-12-13T22:33:22.7198172Z [command]/usr/bin/git submodule foreach --recursive sh -c "git config --local --name-only --get-regexp 'core\.sshCommand' && git config --local --unset-all 'core.sshCommand' || :"
2025-12-13T22:33:22.7449741Z [command]/usr/bin/git config --local --name-only --get-regexp http\.https\:\/\/github\.com\/\.extraheader
2025-12-13T22:33:22.7473284Z [command]/usr/bin/git submodule foreach --recursive sh -c "git config --local --name-only --get-regexp 'http\.https\:\/\/github\.com\/\.extraheader' && git config --local --unset-all 'http.https://github.com/.extraheader' || :"
2025-12-13T22:33:22.7639181Z [command]/usr/bin/git config --local --name-only --get-regexp ^includeIf\.gitdir:
2025-12-13T22:33:22.7665838Z [command]/usr/bin/git submodule foreach --recursive git config --local --show-origin --name-only --get-regexp remote.origin.url
2025-12-13T22:33:22.7837944Z [command]/usr/bin/git config --local http.https://github.com/.extraheader AUTHORIZATION: basic ***
2025-12-13T22:33:22.7865377Z ##[endgroup]
2025-12-13T22:33:22.7866318Z ##[group]Fetching the repository
2025-12-13T22:33:22.7873169Z [command]/usr/bin/git -c protocol.version=2 fetch --no-tags --prune --no-recurse-submodules --depth=1 origin +2ade41f00a7da9ebfff1ac21fdc6fbab397894ff:refs/remotes/origin/gh-readonly-queue/master/pr-1438-e0b26d8e66ac9d1036e5f153e7084e26e018d6ea
2025-12-13T22:33:23.4835652Z From https://github.com/godot-rust/gdext
2025-12-13T22:33:23.4855468Z  * [new ref]         2ade41f00a7da9ebfff1ac21fdc6fbab397894ff -> origin/gh-readonly-queue/master/pr-1438-e0b26d8e66ac9d1036e5f153e7084e26e018d6ea
2025-12-13T22:33:23.4865846Z ##[endgroup]
2025-12-13T22:33:23.4867250Z ##[group]Determining the checkout info
2025-12-13T22:33:23.4868655Z ##[endgroup]
2025-12-13T22:33:23.4872264Z [command]/usr/bin/git sparse-checkout disable
2025-12-13T22:33:23.4909269Z [command]/usr/bin/git config --local --unset-all extensions.worktreeConfig
2025-12-13T22:33:23.4931880Z ##[group]Checking out the ref
2025-12-13T22:33:23.4938543Z [command]/usr/bin/git checkout --progress --force -B gh-readonly-queue/master/pr-1438-e0b26d8e66ac9d1036e5f153e7084e26e018d6ea refs/remotes/origin/gh-readonly-queue/master/pr-1438-e0b26d8e66ac9d1036e5f153e7084e26e018d6ea
2025-12-13T22:33:23.5214046Z Switched to a new branch 'gh-readonly-queue/master/pr-1438-e0b26d8e66ac9d1036e5f153e7084e26e018d6ea'
2025-12-13T22:33:23.5220075Z branch 'gh-readonly-queue/master/pr-1438-e0b26d8e66ac9d1036e5f153e7084e26e018d6ea' set up to track 'origin/gh-readonly-queue/master/pr-1438-e0b26d8e66ac9d1036e5f153e7084e26e018d6ea'.
2025-12-13T22:33:23.5227430Z ##[endgroup]
2025-12-13T22:33:23.5254835Z [command]/usr/bin/git log -1 --format=%H
2025-12-13T22:33:23.5274365Z 2ade41f00a7da9ebfff1ac21fdc6fbab397894ff
2025-12-13T22:33:23.5499367Z ##[group]Run .github/other/patch-prebuilt.sh nightly
2025-12-13T22:33:23.5501186Z [36;1m.github/other/patch-prebuilt.sh nightly[0m
2025-12-13T22:33:23.5523627Z shell: /usr/bin/bash --noprofile --norc -e -o pipefail {0}
2025-12-13T22:33:23.5525520Z env:
2025-12-13T22:33:23.5527124Z   CLIPPY_FEATURES: --features register-docs,godot/experimental-godot-api,godot/serde
2025-12-13T22:33:23.5529095Z   TEST_FEATURES: 
2025-12-13T22:33:23.5530416Z   RETRY: /home/runner/work/gdext/gdext/.github/other/retry.sh
2025-12-13T22:33:23.5531973Z   LSAN_OPTIONS: report_objects=1
2025-12-13T22:33:23.5533168Z   CARGO_DENY_VERSION: 0.18.5
2025-12-13T22:33:23.5534329Z   CARGO_MACHETE_VERSION: 0.9.1
2025-12-13T22:33:23.5535472Z ##[endgroup]
2025-12-13T22:33:23.5747174Z Patched Cargo.toml for version nightly:
2025-12-13T22:33:23.5756863Z godot = { path = "../../godot", default-features = false, features = ["__trace"] }
2025-12-13T22:33:23.5984410Z Prepare all required actions
2025-12-13T22:33:23.5985756Z Getting action download info
2025-12-13T22:33:23.7524927Z Download action repository 'Swatinem/rust-cache@v2' (SHA:779680da715d629ac1d338a641029a2f4372abb5)
2025-12-13T22:33:24.6315132Z ##[group]Run ./.github/composite/rust
2025-12-13T22:33:24.6316102Z with:
2025-12-13T22:33:24.6316753Z   rust: stable
2025-12-13T22:33:24.6317432Z env:
2025-12-13T22:33:24.6318539Z   CLIPPY_FEATURES: --features register-docs,godot/experimental-godot-api,godot/serde
2025-12-13T22:33:24.6319908Z   TEST_FEATURES: 
2025-12-13T22:33:24.6320823Z   RETRY: /home/runner/work/gdext/gdext/.github/other/retry.sh
2025-12-13T22:33:24.6321969Z   LSAN_OPTIONS: report_objects=1
2025-12-13T22:33:24.6322837Z   CARGO_DENY_VERSION: 0.18.5
2025-12-13T22:33:24.6323668Z   CARGO_MACHETE_VERSION: 0.9.1
2025-12-13T22:33:24.6324573Z ##[endgroup]
2025-12-13T22:33:24.6417926Z ##[group]Run echo "Rust cache shared-key: 'Linux-stable'"
2025-12-13T22:33:24.6419228Z [36;1mecho "Rust cache shared-key: 'Linux-stable'"[0m
2025-12-13T22:33:24.6420711Z [36;1mecho "components=$( for c in ${CS//,/ }; do echo -n ' --component' $c; done )" >> $GITHUB_OUTPUT[0m
2025-12-13T22:33:24.6437834Z shell: /usr/bin/bash --noprofile --norc -e -o pipefail {0}
2025-12-13T22:33:24.6438910Z env:
2025-12-13T22:33:24.6440052Z   CLIPPY_FEATURES: --features register-docs,godot/experimental-godot-api,godot/serde
2025-12-13T22:33:24.6441413Z   TEST_FEATURES: 
2025-12-13T22:33:24.6442348Z   RETRY: /home/runner/work/gdext/gdext/.github/other/retry.sh
2025-12-13T22:33:24.6443456Z   LSAN_OPTIONS: report_objects=1
2025-12-13T22:33:24.6444406Z   CARGO_DENY_VERSION: 0.18.5
2025-12-13T22:33:24.6445243Z   CARGO_MACHETE_VERSION: 0.9.1
2025-12-13T22:33:24.6446035Z   CS: 
2025-12-13T22:33:24.6446641Z ##[endgroup]
2025-12-13T22:33:24.6488911Z Rust cache shared-key: 'Linux-stable'
2025-12-13T22:33:24.6554111Z ##[group]Run $RETRY rustup toolchain install stable --profile minimal --no-self-update 
2025-12-13T22:33:24.6556143Z [36;1m$RETRY rustup toolchain install stable --profile minimal --no-self-update [0m
2025-12-13T22:33:24.6557507Z [36;1mrustup default stable[0m
2025-12-13T22:33:24.6573670Z shell: /usr/bin/bash --noprofile --norc -e -o pipefail {0}
2025-12-13T22:33:24.6574896Z env:
2025-12-13T22:33:24.6576017Z   CLIPPY_FEATURES: --features register-docs,godot/experimental-godot-api,godot/serde
2025-12-13T22:33:24.6577523Z   TEST_FEATURES: 
2025-12-13T22:33:24.6578444Z   RETRY: /home/runner/work/gdext/gdext/.github/other/retry.sh
2025-12-13T22:33:24.6579569Z   LSAN_OPTIONS: report_objects=1
2025-12-13T22:33:24.6580422Z   CARGO_DENY_VERSION: 0.18.5
2025-12-13T22:33:24.6581268Z   CARGO_MACHETE_VERSION: 0.9.1
2025-12-13T22:33:24.6582070Z ##[endgroup]
2025-12-13T22:33:24.9231691Z info: syncing channel updates for 'stable-x86_64-unknown-linux-gnu'
2025-12-13T22:33:25.1397495Z info: latest update on 2025-12-11, rust version 1.92.0 (ded5c06cf 2025-12-08)
2025-12-13T22:33:25.1772717Z info: downloading component 'clippy'
2025-12-13T22:33:25.2690644Z info: downloading component 'rustfmt'
2025-12-13T22:33:25.3446791Z info: downloading component 'cargo'
2025-12-13T22:33:25.4667349Z info: downloading component 'rust-std'
2025-12-13T22:33:25.7119168Z info: downloading component 'rustc'
2025-12-13T22:33:26.2475786Z info: removing previous version of component 'clippy'
2025-12-13T22:33:26.2530193Z info: removing previous version of component 'rustfmt'
2025-12-13T22:33:26.2537900Z info: removing previous version of component 'cargo'
2025-12-13T22:33:26.2564268Z info: removing previous version of component 'rust-std'
2025-12-13T22:33:26.2778631Z info: removing previous version of component 'rustc'
2025-12-13T22:33:26.2807550Z info: installing component 'clippy'
2025-12-13T22:33:26.6934743Z info: installing component 'rustfmt'
2025-12-13T22:33:26.9434511Z info: installing component 'cargo'
2025-12-13T22:33:27.7205532Z info: installing component 'rust-std'
2025-12-13T22:33:29.8250841Z info: installing component 'rustc'
2025-12-13T22:33:34.9835853Z 
2025-12-13T22:33:34.9939861Z   stable-x86_64-unknown-linux-gnu updated - rustc 1.92.0 (ded5c06cf 2025-12-08) (from rustc 1.91.1 (ed61e7d7e 2025-11-07))
2025-12-13T22:33:34.9940821Z 
2025-12-13T22:33:34.9956885Z Done.
2025-12-13T22:33:35.0007303Z info: using existing install for 'stable-x86_64-unknown-linux-gnu'
2025-12-13T22:33:35.0338798Z info: default toolchain set to 'stable-x86_64-unknown-linux-gnu'
2025-12-13T22:33:35.0339106Z 
2025-12-13T22:33:35.0429984Z   stable-x86_64-unknown-linux-gnu unchanged - rustc 1.92.0 (ded5c06cf 2025-12-08)
2025-12-13T22:33:35.0430638Z 
2025-12-13T22:33:35.0476328Z ##[group]Run version=$(rustc --version)
2025-12-13T22:33:35.0476628Z [36;1mversion=$(rustc --version)[0m
2025-12-13T22:33:35.0476894Z [36;1mif echo "$version" | grep -q "nightly"; then[0m
2025-12-13T22:33:35.0477325Z [36;1m  version=$(echo "$version" | sed -E 's/rustc ([0-9]+\.[0-9]+\.[0-9]+)-nightly \(([a-f0-9]+) .*/\1-nightly-\2/')[0m
2025-12-13T22:33:35.0477687Z [36;1melse[0m
2025-12-13T22:33:35.0477986Z [36;1m  version=$(echo "$version" | sed -E 's/rustc ([0-9]+\.[0-9]+\.[0-9]+) .*/\1-stable/')[0m
2025-12-13T22:33:35.0478304Z [36;1mfi[0m
2025-12-13T22:33:35.0478532Z [36;1mecho "INSTALLED_RUST_VERSION=$version" >> $GITHUB_ENV[0m
2025-12-13T22:33:35.0495447Z shell: /usr/bin/bash --noprofile --norc -e -o pipefail {0}
2025-12-13T22:33:35.0495803Z env:
2025-12-13T22:33:35.0496125Z   CLIPPY_FEATURES: --features register-docs,godot/experimental-godot-api,godot/serde
2025-12-13T22:33:35.0496492Z   TEST_FEATURES: 
2025-12-13T22:33:35.0496734Z   RETRY: /home/runner/work/gdext/gdext/.github/other/retry.sh
2025-12-13T22:33:35.0497034Z   LSAN_OPTIONS: report_objects=1
2025-12-13T22:33:35.0497291Z   CARGO_DENY_VERSION: 0.18.5
2025-12-13T22:33:35.0497505Z   CARGO_MACHETE_VERSION: 0.9.1
2025-12-13T22:33:35.0497770Z ##[endgroup]
2025-12-13T22:33:35.1105476Z ##[group]Run Swatinem/rust-cache@v2
2025-12-13T22:33:35.1105732Z with:
2025-12-13T22:33:35.1105921Z   shared-key: Linux-1.92.0-stable
2025-12-13T22:33:35.1106163Z   cache-on-failure: true
2025-12-13T22:33:35.1106370Z   prefix-key: v0-rust
2025-12-13T22:33:35.1106562Z   add-job-id-key: true
2025-12-13T22:33:35.1106766Z   add-rust-environment-hash-key: true
2025-12-13T22:33:35.1107017Z   cache-targets: true
2025-12-13T22:33:35.1107209Z   cache-all-crates: false
2025-12-13T22:33:35.1107571Z   cache-workspace-crates: false
2025-12-13T22:33:35.1107778Z   save-if: true
2025-12-13T22:33:35.1107964Z   cache-provider: github
2025-12-13T22:33:35.1108154Z   cache-bin: true
2025-12-13T22:33:35.1108337Z   lookup-only: false
2025-12-13T22:33:35.1108513Z env:
2025-12-13T22:33:35.1108833Z   CLIPPY_FEATURES: --features register-docs,godot/experimental-godot-api,godot/serde
2025-12-13T22:33:35.1109206Z   TEST_FEATURES: 
2025-12-13T22:33:35.1109443Z   RETRY: /home/runner/work/gdext/gdext/.github/other/retry.sh
2025-12-13T22:33:35.1109738Z   LSAN_OPTIONS: report_objects=1
2025-12-13T22:33:35.1109951Z   CARGO_DENY_VERSION: 0.18.5
2025-12-13T22:33:35.1110168Z   CARGO_MACHETE_VERSION: 0.9.1
2025-12-13T22:33:35.1110383Z   INSTALLED_RUST_VERSION: 1.92.0-stable
2025-12-13T22:33:35.1110605Z ##[endgroup]
2025-12-13T22:33:35.5634290Z ##[group]Cache Configuration
2025-12-13T22:33:35.5635066Z Cache Provider:
2025-12-13T22:33:35.5635415Z     github
2025-12-13T22:33:35.5635740Z Workspaces:
2025-12-13T22:33:35.5636120Z     /home/runner/work/gdext/gdext
2025-12-13T22:33:35.5636603Z Cache Paths:
2025-12-13T22:33:35.5636948Z     /home/runner/.cargo/bin
2025-12-13T22:33:35.5637365Z     /home/runner/.cargo/.crates.toml
2025-12-13T22:33:35.5637803Z     /home/runner/.cargo/.crates2.json
2025-12-13T22:33:35.5638326Z     /home/runner/.cargo/registry
2025-12-13T22:33:35.5638773Z     /home/runner/.cargo/git
2025-12-13T22:33:35.5639186Z     /home/runner/work/gdext/gdext/target
2025-12-13T22:33:35.5639599Z Restore Key:
2025-12-13T22:33:35.5639983Z     v0-rust-Linux-1.92.0-stable-Linux-x64-0b4fd343
2025-12-13T22:33:35.5640510Z Cache Key:
2025-12-13T22:33:35.5641355Z     v0-rust-Linux-1.92.0-stable-Linux-x64-0b4fd343-386fe308
2025-12-13T22:33:35.5641915Z .. Prefix:
2025-12-13T22:33:35.5642332Z   - v0-rust-Linux-1.92.0-stable-Linux-x64
2025-12-13T22:33:35.5642881Z .. Environment considered:
2025-12-13T22:33:35.5643544Z   - Rust Version: 1.92.0 x86_64-unknown-linux-gnu (ded5c06cf21d2b93bffd5d884aa6e96934ee4234)
2025-12-13T22:33:35.5644425Z   - CARGO_DENY_VERSION
2025-12-13T22:33:35.5644797Z   - CARGO_INCREMENTAL
2025-12-13T22:33:35.5645127Z   - CARGO_MACHETE_VERSION
2025-12-13T22:33:35.5645519Z .. Lockfiles considered:
2025-12-13T22:33:35.5646037Z   - /home/runner/work/gdext/gdext/godot-bindings/Cargo.toml
2025-12-13T22:33:35.5646729Z   - /home/runner/work/gdext/gdext/godot-cell/Cargo.toml
2025-12-13T22:33:35.5647370Z   - /home/runner/work/gdext/gdext/godot-codegen/Cargo.toml
2025-12-13T22:33:35.5648055Z   - /home/runner/work/gdext/gdext/godot-core/Cargo.toml
2025-12-13T22:33:35.5648707Z   - /home/runner/work/gdext/gdext/godot-ffi/Cargo.toml
2025-12-13T22:33:35.5649382Z   - /home/runner/work/gdext/gdext/godot-macros/Cargo.toml
2025-12-13T22:33:35.5650023Z   - /home/runner/work/gdext/gdext/godot/Cargo.toml
2025-12-13T22:33:35.5650668Z   - /home/runner/work/gdext/gdext/itest/hot-reload/rust/Cargo.toml
2025-12-13T22:33:35.5651415Z   - /home/runner/work/gdext/gdext/itest/repo-tweak/Cargo.toml
2025-12-13T22:33:35.5652048Z   - /home/runner/work/gdext/gdext/itest/rust/Cargo.toml
2025-12-13T22:33:35.5653008Z ##[endgroup]
2025-12-13T22:33:35.5653220Z 
2025-12-13T22:33:35.5653387Z ... Restoring cache ...
2025-12-13T22:33:35.7700197Z No cache found.
2025-12-13T22:33:35.7770404Z ##[group]Run echo CARGO_TERM_COLOR=always >> $GITHUB_ENV
2025-12-13T22:33:35.7770782Z [36;1mecho CARGO_TERM_COLOR=always >> $GITHUB_ENV[0m
2025-12-13T22:33:35.7771070Z [36;1mecho CARGO_INCREMENTAL=0 >> $GITHUB_ENV[0m
2025-12-13T22:33:35.7771327Z [36;1mecho RUST_BACKTRACE=1 >> $GITHUB_ENV[0m
2025-12-13T22:33:35.7771555Z [36;1m[0m
2025-12-13T22:33:35.7771737Z [36;1mrustc --version --verbose[0m
2025-12-13T22:33:35.7787330Z shell: /usr/bin/bash --noprofile --norc -e -o pipefail {0}
2025-12-13T22:33:35.7787621Z env:
2025-12-13T22:33:35.7787926Z   CLIPPY_FEATURES: --features register-docs,godot/experimental-godot-api,godot/serde
2025-12-13T22:33:35.7788289Z   TEST_FEATURES: 
2025-12-13T22:33:35.7788527Z   RETRY: /home/runner/work/gdext/gdext/.github/other/retry.sh
2025-12-13T22:33:35.7788968Z   LSAN_OPTIONS: report_objects=1
2025-12-13T22:33:35.7789188Z   CARGO_DENY_VERSION: 0.18.5
2025-12-13T22:33:35.7789390Z   CARGO_MACHETE_VERSION: 0.9.1
2025-12-13T22:33:35.7789611Z   INSTALLED_RUST_VERSION: 1.92.0-stable
2025-12-13T22:33:35.7789936Z   CACHE_ON_FAILURE: true
2025-12-13T22:33:35.7790143Z   CARGO_INCREMENTAL: 0
2025-12-13T22:33:35.7790319Z ##[endgroup]
2025-12-13T22:33:35.8282497Z rustc 1.92.0 (ded5c06cf 2025-12-08)
2025-12-13T22:33:35.8282930Z binary: rustc
2025-12-13T22:33:35.8283264Z commit-hash: ded5c06cf21d2b93bffd5d884aa6e96934ee4234
2025-12-13T22:33:35.8283577Z commit-date: 2025-12-08
2025-12-13T22:33:35.8283788Z host: x86_64-unknown-linux-gnu
2025-12-13T22:33:35.8284020Z release: 1.92.0
2025-12-13T22:33:35.8284412Z LLVM version: 21.1.3
2025-12-13T22:33:35.8344861Z ##[group]Run cargo test $TEST_FEATURES --no-run 
2025-12-13T22:33:35.8345188Z [36;1mcargo test $TEST_FEATURES --no-run [0m
2025-12-13T22:33:35.8360243Z shell: /usr/bin/bash --noprofile --norc -e -o pipefail {0}
2025-12-13T22:33:35.8360539Z env:
2025-12-13T22:33:35.8360858Z   CLIPPY_FEATURES: --features register-docs,godot/experimental-godot-api,godot/serde
2025-12-13T22:33:35.8361213Z   TEST_FEATURES: 
2025-12-13T22:33:35.8361465Z   RETRY: /home/runner/work/gdext/gdext/.github/other/retry.sh
2025-12-13T22:33:35.8361750Z   LSAN_OPTIONS: report_objects=1
2025-12-13T22:33:35.8361969Z   CARGO_DENY_VERSION: 0.18.5
2025-12-13T22:33:35.8362177Z   CARGO_MACHETE_VERSION: 0.9.1
2025-12-13T22:33:35.8362388Z   INSTALLED_RUST_VERSION: 1.92.0-stable
2025-12-13T22:33:35.8362618Z   CACHE_ON_FAILURE: true
2025-12-13T22:33:35.8362807Z   CARGO_INCREMENTAL: 0
2025-12-13T22:33:35.8362996Z   CARGO_TERM_COLOR: always
2025-12-13T22:33:35.8363212Z   RUST_BACKTRACE: 1
2025-12-13T22:33:35.8363432Z ##[endgroup]
2025-12-13T22:33:35.9113425Z [1m[92m    Updating[0m crates.io index
2025-12-13T22:33:35.9115445Z [1m[92m    Updating[0m git repository `https://github.com/godot-rust/godot4-prebuilt`
2025-12-13T22:33:38.4141390Z [1m[92m     Locking[0m 71 packages to latest compatible versions
2025-12-13T22:33:38.4172185Z [1m[92m      Adding[0m markdown v1.0.0-alpha.23 [1m[33m(available: v1.0.0)[0m
2025-12-13T22:33:38.4282990Z [1m[92m      Adding[0m which v7.0.3 [1m[33m(available: v8.0.0)[0m
2025-12-13T22:33:38.4303360Z [1m[92m Downloading[0m crates ...
2025-12-13T22:33:38.5227471Z [1m[92m  Downloaded[0m itoa v1.0.15
2025-12-13T22:33:38.5244946Z [1m[92m  Downloaded[0m proc-macro2 v1.0.103
2025-12-13T22:33:38.5282368Z [1m[92m  Downloaded[0m nanoserde-derive v0.2.1
2025-12-13T22:33:38.5307539Z [1m[92m  Downloaded[0m heck v0.5.0
2025-12-13T22:33:38.5362296Z [1m[92m  Downloaded[0m pin-project-lite v0.2.16
2025-12-13T22:33:38.5395495Z [1m[92m  Downloaded[0m unicode-ident v1.0.22
2025-12-13T22:33:38.5416909Z [1m[92m  Downloaded[0m venial v0.6.1
2025-12-13T22:33:38.5432455Z [1m[92m  Downloaded[0m ryu v1.0.20
2025-12-13T22:33:38.5459143Z [1m[92m  Downloaded[0m serde_core v1.0.228
2025-12-13T22:33:38.5486738Z [1m[92m  Downloaded[0m memchr v2.7.6
2025-12-13T22:33:38.5523977Z [1m[92m  Downloaded[0m aho-corasick v1.1.4
2025-12-13T22:33:38.5572612Z [1m[92m  Downloaded[0m quote v1.0.42
2025-12-13T22:33:38.5589548Z [1m[92m  Downloaded[0m serde_json v1.0.145
2025-12-13T22:33:38.5634299Z [1m[92m  Downloaded[0m regex v1.12.2
2025-12-13T22:33:38.5675431Z [1m[92m  Downloaded[0m nanoserde v0.2.1
2025-12-13T22:33:38.5693263Z [1m[92m  Downloaded[0m regex-syntax v0.8.8
2025-12-13T22:33:38.5753322Z [1m[92m  Downloaded[0m regex-automata v0.4.13
2025-12-13T22:33:38.5857821Z [1m[92m  Downloaded[0m libc v0.2.178
2025-12-13T22:33:38.6062022Z [1m[92m  Downloaded[0m glam v0.30.9
2025-12-13T22:33:38.6639866Z [1m[92m   Compiling[0m godot-bindings v0.4.4 (/home/runner/work/gdext/gdext/godot-bindings)
2025-12-13T22:33:38.6641162Z [1m[92m   Compiling[0m gdextension-api v0.3.0 (https://github.com/godot-rust/godot4-prebuilt?branch=release-v0.3#f70baca7)
2025-12-13T22:33:38.6641981Z [1m[92m   Compiling[0m proc-macro2 v1.0.103
2025-12-13T22:33:38.6642534Z [1m[92m   Compiling[0m regex-syntax v0.8.8
2025-12-13T22:33:38.7941018Z [1m[92m   Compiling[0m quote v1.0.42
2025-12-13T22:33:38.9352700Z [1m[92m   Compiling[0m unicode-ident v1.0.22
2025-12-13T22:33:38.9545577Z [1m[92m   Compiling[0m nanoserde-derive v0.2.1
2025-12-13T22:33:39.8704473Z [1m[92m   Compiling[0m nanoserde v0.2.1
2025-12-13T22:33:39.8982486Z [1m[92m   Compiling[0m heck v0.5.0
2025-12-13T22:33:40.0037523Z [1m[92m   Compiling[0m godot-codegen v0.4.4 (/home/runner/work/gdext/gdext/godot-codegen)
2025-12-13T22:33:40.0832403Z [1m[92m   Compiling[0m regex-automata v0.4.13
2025-12-13T22:33:40.1145217Z [1m[92m   Compiling[0m libc v0.2.178
2025-12-13T22:33:40.6374686Z [1m[92m   Compiling[0m godot-cell v0.4.4 (/home/runner/work/gdext/gdext/godot-cell)
2025-12-13T22:33:40.8665534Z [1m[92m   Compiling[0m godot-macros v0.4.4 (/home/runner/work/gdext/gdext/godot-macros)
2025-12-13T22:33:40.9433086Z [1m[92m   Compiling[0m glam v0.30.9
2025-12-13T22:33:41.3395616Z [1m[92m   Compiling[0m venial v0.6.1
2025-12-13T22:33:41.3802905Z [1m[92m   Compiling[0m serde_core v1.0.228
2025-12-13T22:33:41.5477563Z [1m[92m   Compiling[0m regex v1.12.2
2025-12-13T22:33:42.7706874Z [1m[92m   Compiling[0m repo-tweak v0.1.0 (/home/runner/work/gdext/gdext/itest/repo-tweak)
2025-12-13T22:33:43.0513769Z [1m[92m   Compiling[0m serde_json v1.0.145
2025-12-13T22:33:44.4945752Z [1m[92m   Compiling[0m itoa v1.0.15
2025-12-13T22:33:44.5699019Z [1m[92m   Compiling[0m ryu v1.0.20
2025-12-13T22:33:44.6970692Z [1m[92m   Compiling[0m memchr v2.7.6
2025-12-13T22:33:44.9493025Z [1m[92m   Compiling[0m godot-ffi v0.4.4 (/home/runner/work/gdext/gdext/godot-ffi)
2025-12-13T22:33:45.4005804Z [1m[92m   Compiling[0m godot-core v0.4.4 (/home/runner/work/gdext/gdext/godot-core)
2025-12-13T22:33:47.8502806Z [1m[92m   Compiling[0m itest v0.0.0 (/home/runner/work/gdext/gdext/itest/rust)
2025-12-13T22:33:50.3448182Z [1m[92m   Compiling[0m pin-project-lite v0.2.16
2025-12-13T22:34:19.2343760Z [1m[92m   Compiling[0m godot v0.4.4 (/home/runner/work/gdext/gdext/godot)
2025-12-13T22:34:38.3321484Z [1m[92m   Compiling[0m hot-reload v0.1.0 (/home/runner/work/gdext/gdext/itest/hot-reload/rust)
2025-12-13T22:35:08.8332453Z [1m[92m    Finished[0m `test` profile [unoptimized + debuginfo] target(s) in 1m 32s
2025-12-13T22:35:08.8649922Z [1m[92m  Executable[0m unittests src/lib.rs (target/debug/deps/godot-bcba0e784c66c1c8)
2025-12-13T22:35:08.8651159Z [1m[92m  Executable[0m unittests src/lib.rs (target/debug/deps/godot_bindings-04a86eaf711cd678)
2025-12-13T22:35:08.8652262Z [1m[92m  Executable[0m unittests src/lib.rs (target/debug/deps/godot_cell-f8aa2c5b540af93d)
2025-12-13T22:35:08.8652938Z [1m[92m  Executable[0m tests/mock/main.rs (target/debug/deps/mock-35031552688c0b1a)
2025-12-13T22:35:08.8653581Z [1m[92m  Executable[0m unittests src/lib.rs (target/debug/deps/godot_codegen-d155d46c08796c43)
2025-12-13T22:35:08.8654420Z [1m[92m  Executable[0m unittests src/lib.rs (target/debug/deps/godot_core-99ad360cdbbd8f4f)
2025-12-13T22:35:08.8655171Z [1m[92m  Executable[0m unittests src/lib.rs (target/debug/deps/godot_ffi-37fdb4ae75bfb3c3)
2025-12-13T22:35:08.8655862Z [1m[92m  Executable[0m unittests src/lib.rs (target/debug/deps/godot_macros-d35c52578f89247f)
2025-12-13T22:35:08.8656518Z [1m[92m  Executable[0m unittests src/lib.rs (target/debug/deps/hot_reload-6c643a17aa616681)
2025-12-13T22:35:08.8657152Z [1m[92m  Executable[0m unittests src/lib.rs (target/debug/deps/itest-2c31aeda0ad254ce)
2025-12-13T22:35:08.8657785Z [1m[92m  Executable[0m unittests src/lib.rs (target/debug/deps/repo_tweak-dbb830365f3f9ce1)
2025-12-13T22:35:08.8658437Z [1m[92m  Executable[0m unittests src/main.rs (target/debug/deps/repo_tweak-fe4d48262862a3cf)
2025-12-13T22:35:08.8720070Z ##[group]Run cargo test $TEST_FEATURES 
2025-12-13T22:35:08.8720359Z [36;1mcargo test $TEST_FEATURES [0m
2025-12-13T22:35:08.8735237Z shell: /usr/bin/bash --noprofile --norc -e -o pipefail {0}
2025-12-13T22:35:08.8735681Z env:
2025-12-13T22:35:08.8735989Z   CLIPPY_FEATURES: --features register-docs,godot/experimental-godot-api,godot/serde
2025-12-13T22:35:08.8736354Z   TEST_FEATURES: 
2025-12-13T22:35:08.8736592Z   RETRY: /home/runner/work/gdext/gdext/.github/other/retry.sh
2025-12-13T22:35:08.8736883Z   LSAN_OPTIONS: report_objects=1
2025-12-13T22:35:08.8737097Z   CARGO_DENY_VERSION: 0.18.5
2025-12-13T22:35:08.8737298Z   CARGO_MACHETE_VERSION: 0.9.1
2025-12-13T22:35:08.8737512Z   INSTALLED_RUST_VERSION: 1.92.0-stable
2025-12-13T22:35:08.8737734Z   CACHE_ON_FAILURE: true
2025-12-13T22:35:08.8737928Z   CARGO_INCREMENTAL: 0
2025-12-13T22:35:08.8738117Z   CARGO_TERM_COLOR: always
2025-12-13T22:35:08.8738308Z   RUST_BACKTRACE: 1
2025-12-13T22:35:08.8738472Z ##[endgroup]
2025-12-13T22:35:08.9682364Z [1m[92m    Finished[0m `test` profile [unoptimized + debuginfo] target(s) in 0.04s
2025-12-13T22:35:08.9875193Z [1m[92m     Running[0m unittests src/lib.rs (target/debug/deps/godot-bcba0e784c66c1c8)
2025-12-13T22:35:08.9885872Z 
2025-12-13T22:35:08.9886021Z running 0 tests
2025-12-13T22:35:08.9886222Z 
2025-12-13T22:35:08.9886828Z test result: ok. 0 passed; 0 failed; 0 ignored; 0 measured; 0 filtered out; finished in 0.00s
2025-12-13T22:35:08.9887213Z 
2025-12-13T22:35:08.9888801Z [1m[92m     Running[0m unittests src/lib.rs (target/debug/deps/godot_bindings-04a86eaf711cd678)
2025-12-13T22:35:08.9899421Z 
2025-12-13T22:35:08.9899538Z running 1 test
2025-12-13T22:35:09.0139765Z test godot_version::test_godot_versions ... ok
2025-12-13T22:35:09.0140148Z 
2025-12-13T22:35:09.0140585Z test result: ok. 1 passed; 0 failed; 0 ignored; 0 measured; 0 filtered out; finished in 0.02s
2025-12-13T22:35:09.0141063Z 
2025-12-13T22:35:09.0141558Z [1m[92m     Running[0m unittests src/lib.rs (target/debug/deps/godot_cell-f8aa2c5b540af93d)
2025-12-13T22:35:09.0151026Z 
2025-12-13T22:35:09.0151243Z running 7 tests
2025-12-13T22:35:09.0154517Z test cell::test::allow_inaccessible_mut_mut ... ok
2025-12-13T22:35:09.0155048Z test cell::test::allow_shared_shared ... ok
2025-12-13T22:35:09.0155528Z test borrow_state::test::poisoned_unset_shared_ref ... ok
2025-12-13T22:35:09.0156017Z test cell::test::different_inaccessible ... ok
2025-12-13T22:35:09.0156463Z test cell::test::prevent_mut_mut ... ok
2025-12-13T22:35:09.0156893Z test cell::test::prevent_mut_shared ... ok
2025-12-13T22:35:09.0157266Z test cell::test::prevent_shared_mut ... ok
2025-12-13T22:35:09.0157527Z 
2025-12-13T22:35:09.0157779Z test result: ok. 7 passed; 0 failed; 0 ignored; 0 measured; 0 filtered out; finished in 0.00s
2025-12-13T22:35:09.0158257Z 
2025-12-13T22:35:09.0158657Z [1m[92m     Running[0m tests/mock/main.rs (target/debug/deps/mock-35031552688c0b1a)
2025-12-13T22:35:09.0167030Z 
2025-12-13T22:35:09.0167161Z running 11 tests
2025-12-13T22:35:09.0181996Z test blocking::calls_parallel ... ok
2025-12-13T22:35:09.0246972Z test blocking::calls_parallel_many_parallel ... ok
2025-12-13T22:35:09.0247482Z test panicking::all_calls_work ... ok
2025-12-13T22:35:09.0250224Z test panicking::call_works ... ok
2025-12-13T22:35:09.0250892Z test blocking::calls_parallel_many_serial ... ok
2025-12-13T22:35:09.0254718Z test panicking::calls_parallel ... ok
2025-12-13T22:35:09.0259396Z test panicking::calls_different_thread ... ok
2025-12-13T22:35:09.0318677Z test panicking::calls_parallel_many_parallel ... ok
2025-12-13T22:35:09.0329076Z test panicking::calls_parallel_many_serial ... ok
2025-12-13T22:35:09.0374404Z test blocking::non_blocking_reborrow ... ok
2025-12-13T22:35:09.1176617Z test blocking::no_mut_panic_on_main ... ok
2025-12-13T22:35:09.1177025Z 
2025-12-13T22:35:09.1177434Z test result: ok. 11 passed; 0 failed; 0 ignored; 0 measured; 0 filtered out; finished in 0.10s
2025-12-13T22:35:09.1177972Z 
2025-12-13T22:35:09.1187132Z [1m[92m     Running[0m unittests src/lib.rs (target/debug/deps/godot_codegen-d155d46c08796c43)
2025-12-13T22:35:09.1199527Z 
2025-12-13T22:35:09.1199669Z running 5 tests
2025-12-13T22:35:09.1207019Z test tests::test_parse_native_structures_format ... ok
2025-12-13T22:35:09.1208607Z test tests::test_pascal_conversion ... ok
2025-12-13T22:35:09.1213509Z test conv::type_conversions::gdscript_to_rust_expr ... ok
2025-12-13T22:35:09.1214449Z test tests::test_snake_conversion ... ok
2025-12-13T22:35:09.1238905Z test generator::extension_interface::test_parse_function_pointers ... ok
2025-12-13T22:35:09.1239419Z 
2025-12-13T22:35:09.1239800Z test result: ok. 5 passed; 0 failed; 0 ignored; 0 measured; 0 filtered out; finished in 0.00s
2025-12-13T22:35:09.1240299Z 
2025-12-13T22:35:09.1242378Z [1m[92m     Running[0m unittests src/lib.rs (target/debug/deps/godot_core-99ad360cdbbd8f4f)
2025-12-13T22:35:09.1253512Z 
2025-12-13T22:35:09.1253633Z running 101 tests
2025-12-13T22:35:09.1257052Z test builtin::aabb::test::test_aabb_intersects_segment ... ok
2025-12-13T22:35:09.1257960Z test builtin::aabb::test::test_axes_functions ... ok
2025-12-13T22:35:09.1258477Z test builtin::aabb::test::test_intersect_aabb ... ok
2025-12-13T22:35:09.1259029Z test builtin::aabb::test::test_intersect_ray_2 ... ok
2025-12-13T22:35:09.1259553Z test builtin::aabb::test::test_intersection ... ok
2025-12-13T22:35:09.1260041Z test builtin::aabb::test::test_intersects ... ok
2025-12-13T22:35:09.1261392Z test builtin::aabb::test::test_intersects_plane ... ok
2025-12-13T22:35:09.1261925Z test builtin::aabb::test::test_intersects_plane_2 ... ok
2025-12-13T22:35:09.1262581Z test builtin::aabb::test::test_intersects_ray ... ok
2025-12-13T22:35:09.1263571Z test builtin::aabb::test::test_intersects_segment_2 ... ok
2025-12-13T22:35:09.1264444Z test builtin::collections::array::correct_variant_t ... ok
2025-12-13T22:35:09.1265212Z test builtin::collections::extend_buffer::test_extend_buffer_drop ... ok
2025-12-13T22:35:09.1266014Z test builtin::math::float::test::angle_equal_approx_f32 ... ok
2025-12-13T22:35:09.1266715Z test builtin::math::float::test::angle_equal_approx_f64 ... ok
2025-12-13T22:35:09.1267847Z test builtin::math::float::test::lerp_angle_test_f32 ... ok
2025-12-13T22:35:09.1269222Z test builtin::math::float::test::lerp_angle_test_f64 ... ok
2025-12-13T22:35:09.1270476Z test builtin::math::test::equal_approx ... ok
2025-12-13T22:35:09.1271815Z test builtin::matrices::basis::test::basic_rotation_correct ... ok
2025-12-13T22:35:09.1288847Z test builtin::matrices::basis::test::basis_euler_conversions ... ok
2025-12-13T22:35:09.1289678Z test builtin::matrices::basis::test::basis_finite_number_test ... ok
2025-12-13T22:35:09.1290438Z test builtin::matrices::basis::test::consts_behavior_correct ... ok
2025-12-13T22:35:09.1291176Z test builtin::matrices::projection::test::test_diagonals ... ok
2025-12-13T22:35:09.1291896Z test builtin::matrices::projection::test::test_frustum ... ok
2025-12-13T22:35:09.1293021Z test builtin::matrices::projection::test::test_frustum_aspect ... ok
2025-12-13T22:35:09.1388779Z test builtin::aabb::test::test_intersect_ray_zero_dir_inside - should panic ... ok
2025-12-13T22:35:09.1389729Z test builtin::aabb::test::test_intersect_ray_zero_dir_outside - should panic ... ok
2025-12-13T22:35:09.1390581Z test builtin::matrices::projection::test::test_orthogonal_aspect ... ok
2025-12-13T22:35:09.1391368Z test builtin::matrices::projection::test::test_perspective ... ok
2025-12-13T22:35:09.1392156Z test builtin::matrices::transform2d::test::finite_number_checks ... ok
2025-12-13T22:35:09.1393863Z test builtin::matrices::transform2d::test::interpolation ... ok
2025-12-13T22:35:09.1395759Z test builtin::matrices::transform2d::test::rotation ... ok
2025-12-13T22:35:09.1396425Z test builtin::matrices::projection::test::test_orthogonal ... ok
2025-12-13T22:35:09.1397175Z test builtin::matrices::transform2d::test::transform2d_constructors_correct ... ok
2025-12-13T22:35:09.1398324Z test builtin::math::float::test::eq_approx_fail_with_message - should panic ... ok
2025-12-13T22:35:09.1399026Z test builtin::matrices::transform2d::test::scaling ... ok
2025-12-13T22:35:09.1399637Z test builtin::matrices::transform2d::test::translation ... ok
2025-12-13T22:35:09.1400411Z test builtin::matrices::transform3d::test::finite_number_checks ... ok
2025-12-13T22:35:09.1400871Z test builtin::matrices::transform3d::test::scaling ... ok
2025-12-13T22:35:09.1401204Z test builtin::matrices::transform3d::test::translation ... ok
2025-12-13T22:35:09.1408156Z test builtin::plane::test::construction_succeeds ... ok
2025-12-13T22:35:09.1408773Z test builtin::matrices::transform3d::test::rotation ... ok
2025-12-13T22:35:09.1411192Z test builtin::plane::test::test_equal ... ok
2025-12-13T22:35:09.1411810Z test builtin::plane::test::test_finite ... ok
2025-12-13T22:35:09.1412465Z test builtin::plane::test::test_normalization ... ok
2025-12-13T22:35:09.1412990Z test builtin::plane::test::test_projection ... ok
2025-12-13T22:35:09.1413834Z test builtin::plane::test::test_ray_intersections ... ok
2025-12-13T22:35:09.1414929Z test builtin::plane::test::test_segment_intersections ... ok
2025-12-13T22:35:09.1415820Z test builtin::plane::test::test_spatial_relations ... ok
2025-12-13T22:35:09.1416667Z test builtin::plane::test::test_three_planes_intersections ... ok
2025-12-13T22:35:09.1419700Z test builtin::rect2i::test::abs ... ok
2025-12-13T22:35:09.1420370Z test builtin::plane::test::from_points_colinear_panics - should panic ... ok
2025-12-13T22:35:09.1421280Z test builtin::plane::test::new_unnormalized_panics - should panic ... ok
2025-12-13T22:35:09.1421917Z test builtin::rect2i::test::area_and_has_area ... ok
2025-12-13T22:35:09.1422427Z test builtin::rect2i::test::center ... ok
2025-12-13T22:35:09.1422920Z test builtin::rect2i::test::construction_tests ... ok
2025-12-13T22:35:09.1423431Z test builtin::rect2i::test::encloses ... ok
2025-12-13T22:35:09.1428196Z test builtin::rect2i::test::contains_point_self_negative_panics - should panic ... ok
2025-12-13T22:35:09.1430682Z test builtin::rect2i::test::end ... ok
2025-12-13T22:35:09.1431354Z test builtin::rect2i::test::encloses_other_negative_panics - should panic ... ok
2025-12-13T22:35:09.1432162Z test builtin::rect2i::test::encloses_self_negative_panics - should panic ... ok
2025-12-13T22:35:09.1432884Z test builtin::rect2i::test::expand_and_contains_point ... ok
2025-12-13T22:35:09.1433561Z test builtin::rect2i::test::expand_self_negative_panics - should panic ... ok
2025-12-13T22:35:09.1434663Z test builtin::rect2i::test::grow ... ok
2025-12-13T22:35:09.1435207Z test builtin::rect2i::test::grow_individual_and_side ... ok
2025-12-13T22:35:09.1436704Z test builtin::rect2i::test::intersects_and_intersection ... ok
2025-12-13T22:35:09.1437734Z test builtin::rect2i::test::intersects_other_negative_panics - should panic ... ok
2025-12-13T22:35:09.1438637Z test builtin::rect2i::test::intersects_self_negative_panics - should panic ... ok
2025-12-13T22:35:09.1439490Z test builtin::rect2i::test::merge ... ok
2025-12-13T22:35:09.1440167Z test builtin::rect2i::test::merge_other_negative_panics - should panic ... ok
2025-12-13T22:35:09.1440979Z test builtin::rect2i::test::set_end ... ok
2025-12-13T22:35:09.1442416Z test builtin::vectors::vector2::test::coord_min_max ... ok
2025-12-13T22:35:09.1443051Z test builtin::vectors::vector2::test::sign ... ok
2025-12-13T22:35:09.1443691Z test builtin::rect2i::test::merge_self_negative_panics - should panic ... ok
2025-12-13T22:35:09.1444506Z test builtin::vectors::vector2i::test::distance ... ok
2025-12-13T22:35:09.1445126Z test builtin::vectors::vector2i::test::axis_min_max ... ok
2025-12-13T22:35:09.1445734Z test builtin::vectors::vector2i::test::coord_min_max ... ok
2025-12-13T22:35:09.1446361Z test builtin::vectors::vector2i::test::mini_maxi_clampi ... ok
2025-12-13T22:35:09.1446937Z test builtin::vectors::vector2i::test::sign ... ok
2025-12-13T22:35:09.1447464Z test builtin::vectors::vector2i::test::snappedi ... ok
2025-12-13T22:35:09.1448036Z test builtin::vectors::vector3::test::coord_min_max ... ok
2025-12-13T22:35:09.1448868Z test builtin::vectors::vector3::test::rotation ... ok
2025-12-13T22:35:09.1449391Z test builtin::vectors::vector3::test::iter_sum ... ok
2025-12-13T22:35:09.1450065Z test builtin::vectors::vector3::test::sign ... ok
2025-12-13T22:35:09.1450572Z test builtin::vectors::vector3::test::test_slerp ... ok
2025-12-13T22:35:09.1451100Z test builtin::vectors::vector3i::test::axis_min_max ... ok
2025-12-13T22:35:09.1451654Z test builtin::vectors::vector3i::test::coord_min_max ... ok
2025-12-13T22:35:09.1452188Z test builtin::vectors::vector3i::test::sign ... ok
2025-12-13T22:35:09.1452681Z test builtin::vectors::vector4::test::sign ... ok
2025-12-13T22:35:09.1453221Z test builtin::vectors::vector4i::test::axis_min_max ... ok
2025-12-13T22:35:09.1453818Z test builtin::vectors::vector4i::test::coord_min_max ... ok
2025-12-13T22:35:09.1454724Z test builtin::vectors::vector4i::test::sign ... ok
2025-12-13T22:35:09.1455076Z test builtin::vectors::vector4i::test::test_iter_elementwise_prod ... ok
2025-12-13T22:35:09.1455494Z test builtin::vectors::vector_swizzle::test::test_vector_swizzle ... ok
2025-12-13T22:35:09.1455869Z test meta::param_tuple::impls::test::count_idents_test ... ok
2025-12-13T22:35:09.1456230Z test meta::param_tuple::impls::test::format_args_test ... ok
2025-12-13T22:35:09.1456538Z test private::tests::test_call_errors ... ok
2025-12-13T22:35:09.1456833Z test task::futures::tests::future_resolver_cloned_hash ... ok
2025-12-13T22:35:09.1457171Z test builtin::vectors::vector4::test::coord_min_max ... ok
2025-12-13T22:35:09.1457490Z test task::futures::tests::thread_confined_extract ... ok
2025-12-13T22:35:09.1457842Z test task::futures::tests::thread_confined_leak_on_other_thread ... ok
2025-12-13T22:35:10.6149207Z test builtin::matrices::projection::test::test_is_orthogonal ... ok
2025-12-13T22:35:10.6149520Z 
2025-12-13T22:35:10.6149742Z test result: ok. 101 passed; 0 failed; 0 ignored; 0 measured; 0 filtered out; finished in 1.49s
2025-12-13T22:35:10.6150023Z 
2025-12-13T22:35:10.6159545Z [1m[92m     Running[0m unittests src/lib.rs (target/debug/deps/godot_ffi-37fdb4ae75bfb3c3)
2025-12-13T22:35:10.6171483Z 
2025-12-13T22:35:10.6171654Z running 10 tests
2025-12-13T22:35:10.6176592Z test conv::test::sys_bool ... ok
2025-12-13T22:35:10.6177334Z test conv::test::u32_into_usize_test ... ok
2025-12-13T22:35:10.6177866Z test global::tests::test_global_map ... ok
2025-12-13T22:35:10.6178510Z test global::tests::test_global_vec ... ok
2025-12-13T22:35:10.6179148Z test global::tests::test_global_would_block ... ok
2025-12-13T22:35:10.6180525Z test plugins::tests::plugin_registry ... ok
2025-12-13T22:35:10.6181426Z test toolbox::tests::test_short_type_name ... ok
2025-12-13T22:35:10.6182096Z test toolbox::tests::test_short_type_name_of_val ... ok
2025-12-13T22:35:10.6285471Z test global::tests::test_global_poison ... ok
2025-12-13T22:35:10.6286958Z test global::tests::test_global_init_failed ... ok
2025-12-13T22:35:10.6287270Z 
2025-12-13T22:35:10.6287511Z test result: ok. 10 passed; 0 failed; 0 ignored; 0 measured; 0 filtered out; finished in 0.01s
2025-12-13T22:35:10.6287791Z 
2025-12-13T22:35:10.6295733Z [1m[92m     Running[0m unittests src/lib.rs (target/debug/deps/godot_macros-d35c52578f89247f)
2025-12-13T22:35:10.6309522Z 
2025-12-13T22:35:10.6309662Z running 8 tests
2025-12-13T22:35:10.6314298Z test class::data_models::signal::tests::signal_visibility_order ... ok
2025-12-13T22:35:10.6315026Z test class::data_models::signal::tests::parse_signal_visibility ... ok
2025-12-13T22:35:10.6315695Z test util::kv_parser::tests::test_parse_kv_first_last_alone ... ok
2025-12-13T22:35:10.6316280Z test util::kv_parser::tests::test_parse_kv_exprs ... ok
2025-12-13T22:35:10.6316859Z test util::kv_parser::tests::test_parse_kv_first_last_expr ... ok
2025-12-13T22:35:10.6317424Z test util::kv_parser::tests::test_parse_kv_ident ... ok
2025-12-13T22:35:10.6317986Z test util::kv_parser::tests::test_parse_kv_just_key ... ok
2025-12-13T22:35:10.6318914Z test util::kv_parser::tests::test_parse_kv_trailing_comma ... ok
2025-12-13T22:35:10.6319301Z 
2025-12-13T22:35:10.6319661Z test result: ok. 8 passed; 0 failed; 0 ignored; 0 measured; 0 filtered out; finished in 0.00s
2025-12-13T22:35:10.6320299Z 
2025-12-13T22:35:10.6320877Z [1m[92m     Running[0m unittests src/lib.rs (target/debug/deps/hot_reload-6c643a17aa616681)
2025-12-13T22:35:10.6330142Z 
2025-12-13T22:35:10.6330374Z running 0 tests
2025-12-13T22:35:10.6330590Z 
2025-12-13T22:35:10.6330967Z test result: ok. 0 passed; 0 failed; 0 ignored; 0 measured; 0 filtered out; finished in 0.00s
2025-12-13T22:35:10.6331472Z 
2025-12-13T22:35:10.6332169Z [1m[92m     Running[0m unittests src/lib.rs (target/debug/deps/itest-2c31aeda0ad254ce)
2025-12-13T22:35:10.6353003Z 
2025-12-13T22:35:10.6353163Z running 0 tests
2025-12-13T22:35:10.6353369Z 
2025-12-13T22:35:10.6353720Z test result: ok. 0 passed; 0 failed; 0 ignored; 0 measured; 0 filtered out; finished in 0.00s
2025-12-13T22:35:10.6354050Z 
2025-12-13T22:35:10.6356763Z [1m[92m     Running[0m unittests src/lib.rs (target/debug/deps/repo_tweak-dbb830365f3f9ce1)
2025-12-13T22:35:10.6364958Z 
2025-12-13T22:35:10.6365955Z running 0 tests
2025-12-13T22:35:10.6366153Z 
2025-12-13T22:35:10.6366541Z test result: ok. 0 passed; 0 failed; 0 ignored; 0 measured; 0 filtered out; finished in 0.00s
2025-12-13T22:35:10.6367079Z 
2025-12-13T22:35:10.6367665Z [1m[92m     Running[0m unittests src/main.rs (target/debug/deps/repo_tweak-fe4d48262862a3cf)
2025-12-13T22:35:10.6375693Z 
2025-12-13T22:35:10.6375811Z running 0 tests
2025-12-13T22:35:10.6376002Z 
2025-12-13T22:35:10.6376366Z test result: ok. 0 passed; 0 failed; 0 ignored; 0 measured; 0 filtered out; finished in 0.00s
2025-12-13T22:35:10.6376874Z 
2025-12-13T22:35:10.6377234Z [1m[92m   Doc-tests[0m godot
2025-12-13T22:35:10.6624011Z 
2025-12-13T22:35:10.6624724Z running 0 tests
2025-12-13T22:35:10.6624927Z 
2025-12-13T22:35:10.6625153Z test result: ok. 0 passed; 0 failed; 0 ignored; 0 measured; 0 filtered out; finished in 0.00s
2025-12-13T22:35:10.6625444Z 
2025-12-13T22:35:10.6645320Z [1m[92m   Doc-tests[0m godot_bindings
2025-12-13T22:35:10.6859565Z 
2025-12-13T22:35:10.6860102Z running 0 tests
2025-12-13T22:35:10.6860377Z 
2025-12-13T22:35:10.6860731Z test result: ok. 0 passed; 0 failed; 0 ignored; 0 measured; 0 filtered out; finished in 0.00s
2025-12-13T22:35:10.6861012Z 
2025-12-13T22:35:10.6874711Z [1m[92m   Doc-tests[0m godot_cell
2025-12-13T22:35:10.7114760Z 
2025-12-13T22:35:10.7115363Z running 0 tests
2025-12-13T22:35:10.7115545Z 
2025-12-13T22:35:10.7115763Z test result: ok. 0 passed; 0 failed; 0 ignored; 0 measured; 0 filtered out; finished in 0.00s
2025-12-13T22:35:10.7116042Z 
2025-12-13T22:35:10.7134899Z [1m[92m   Doc-tests[0m godot_codegen
2025-12-13T22:35:10.9932799Z 
2025-12-13T22:35:10.9935387Z running 2 tests
2025-12-13T22:35:10.9935999Z test godot-codegen/src/generator/enums.rs - generator::enums::make_enumerator_definition (line 539) ... ignored
2025-12-13T22:35:10.9936782Z test godot-codegen/src/generator/enums.rs - generator::enums::make_enumerator_definition (line 543) ... ignored
2025-12-13T22:35:10.9937216Z 
2025-12-13T22:35:10.9937466Z test result: ok. 0 passed; 0 failed; 2 ignored; 0 measured; 0 filtered out; finished in 0.00s
2025-12-13T22:35:10.9937802Z 
2025-12-13T22:35:10.9953880Z [1m[92m   Doc-tests[0m godot_core
2025-12-13T22:35:17.6023997Z 
2025-12-13T22:35:17.6025012Z running 140 tests
2025-12-13T22:35:17.6542746Z test godot-core/src/builtin/collections/array.rs - builtin::collections::array::Array (line 110) - compile ... ok
2025-12-13T22:35:17.6576187Z test godot-core/src/builtin/collections/array.rs - builtin::collections::array::Array (line 132) - compile ... ok
2025-12-13T22:35:17.6628060Z test godot-core/src/builtin/collections/array.rs - builtin::collections::array::Array (line 78) - compile ... ok
2025-12-13T22:35:17.7004353Z test godot-core/src/builtin/collections/array.rs - builtin::collections::array::Array<T>::fmt (line 1182) - compile ... ok
2025-12-13T22:35:17.7485635Z test godot-core/src/builtin/collections/array.rs - builtin::collections::array::__cannot_downcast_from_concrete (line 1736) - compile ... ok
2025-12-13T22:35:17.7802619Z test godot-core/src/builtin/collections/array.rs - builtin::collections::array::__cannot_downcast_from_concrete (line 1723) - compile fail ... ok
2025-12-13T22:35:17.7909854Z test godot-core/src/builtin/collections/array.rs - builtin::collections::array::__cannot_downcast_from_concrete (line 1729) - compile fail ... ok
2025-12-13T22:35:17.7917553Z test godot-core/src/builtin/collections/array.rs - builtin::collections::array::array (line 1536) - compile ... ok
2025-12-13T22:35:17.8230959Z test godot-core/src/builtin/collections/array.rs - builtin::collections::array::varray (line 1570) - compile ... ok
2025-12-13T22:35:17.8325424Z test godot-core/src/builtin/collections/array.rs - builtin::collections::array::vslice (line 1615) - compile ... ok
2025-12-13T22:35:17.8353982Z test godot-core/src/builtin/collections/array.rs - builtin::collections::array::vslice (line 1606) - compile ... ok
2025-12-13T22:35:17.8697429Z test godot-core/src/builtin/collections/array_functional_ops.rs - builtin::collections::array_functional_ops::ArrayFunctionalOps<'a,T>::all (line 129) - compile ... ok
2025-12-13T22:35:17.8783387Z test godot-core/src/builtin/collections/array_functional_ops.rs - builtin::collections::array_functional_ops::ArrayFunctionalOps<'a,T>::any (line 110) - compile ... ok
2025-12-13T22:35:17.8823222Z test godot-core/src/builtin/collections/array_functional_ops.rs - builtin::collections::array_functional_ops::ArrayFunctionalOps<'a,T>::filter (line 43) - compile ... ok
2025-12-13T22:35:17.9319746Z test godot-core/src/builtin/collections/array_functional_ops.rs - builtin::collections::array_functional_ops::ArrayFunctionalOps<'a,T>::find_custom (line 151) - compile ... ok
2025-12-13T22:35:17.9545751Z test godot-core/src/builtin/collections/array_functional_ops.rs - builtin::collections::array_functional_ops::ArrayFunctionalOps<'a,T>::reduce (line 87) - compile ... ok
2025-12-13T22:35:17.9576454Z test godot-core/src/builtin/collections/array_functional_ops.rs - builtin::collections::array_functional_ops::ArrayFunctionalOps<'a,T>::map (line 65) - compile ... ok
2025-12-13T22:35:17.9809479Z test godot-core/src/builtin/collections/array_functional_ops.rs - builtin::collections::array_functional_ops::ArrayFunctionalOps<'a,T>::rfind_custom (line 178) - compile ... ok
2025-12-13T22:35:18.0077358Z test godot-core/src/builtin/collections/dictionary.rs - builtin::collections::dictionary::vdict (line 876) - compile ... ok
2025-12-13T22:35:18.0207525Z test godot-core/src/builtin/collections/dictionary.rs - builtin::collections::dictionary::VarDictionary (line 33) - compile ... ok
2025-12-13T22:35:18.0360111Z test godot-core/src/builtin/collections/packed_array.rs - builtin::collections::packed_array::PackedArray<T>::subarray (line 239) - compile ... ok
2025-12-13T22:35:18.3270931Z test godot-core/src/builtin/aabb.rs - builtin::aabb::Aabb::fmt (line 440) ... ok
2025-12-13T22:35:19.0250368Z test godot-core/src/builtin/color.rs - builtin::color::Color::fmt (line 564) ... ok
2025-12-13T22:35:19.0497812Z test godot-core/src/builtin/color_hsv.rs - builtin::color_hsv::ColorHsv (line 28) ... ok
2025-12-13T22:35:19.2223687Z test godot-core/src/builtin/color_hsv.rs - builtin::color_hsv::ColorHsv (line 37) ... ok
2025-12-13T22:35:19.3732093Z test godot-core/src/builtin/color_hsv.rs - builtin::color_hsv::ColorHsv (line 42) ... ok
2025-12-13T22:35:20.0408148Z test godot-core/src/builtin/color_hsv.rs - builtin::color_hsv::ColorHsv (line 50) ... ok
2025-12-13T22:35:20.1469773Z test godot-core/src/builtin/color_hsv.rs - builtin::color_hsv::ColorHsv (line 67) ... ok
2025-12-13T22:35:20.1712024Z test godot-core/src/builtin/color_hsv.rs - builtin::color_hsv::ColorHsv::normalized_clamped_h (line 133) ... ok
2025-12-13T22:35:20.2768147Z test godot-core/src/builtin/real.rs - builtin::real_inner::real (line 182) - compile fail ... ok
2025-12-13T22:35:20.2867621Z test godot-core/src/builtin/color_hsv.rs - builtin::color_hsv::ColorHsv::normalized_wrapped_h (line 157) ... ok
2025-12-13T22:35:20.8923471Z test godot-core/src/builtin/matrices/projection.rs - builtin::matrices::projection::Projection::fmt (line 619) ... ok
2025-12-13T22:35:21.2790649Z test godot-core/src/builtin/real.rs - builtin::real_inner::reals (line 207) ... ok
2025-12-13T22:35:21.2814489Z test godot-core/src/builtin/plane.rs - builtin::plane::Plane::fmt (line 308) ... ok
2025-12-13T22:35:21.2817393Z test godot-core/src/builtin/real.rs - builtin::real_inner::real (line 189) ... ok
2025-12-13T22:35:21.3207607Z test godot-core/src/builtin/strings/gstring.rs - builtin::strings::gstring::GString::arg (line 268) - compile ... ok
2025-12-13T22:35:21.3540275Z test godot-core/src/builtin/strings/gstring.rs - builtin::strings::gstring::GString::find_ex (line 327) - compile ... ok
2025-12-13T22:35:21.4217407Z test godot-core/src/builtin/strings/node_path.rs - builtin::strings::node_path::NodePath::arg (line 196) - compile ... ok
2025-12-13T22:35:21.4679555Z test godot-core/src/builtin/strings/node_path.rs - builtin::strings::node_path::NodePath::get_name (line 49) - compile ... ok
2025-12-13T22:35:21.5309669Z test godot-core/src/builtin/strings/node_path.rs - builtin::strings::node_path::NodePath::get_subname (line 77) - compile ... ok
2025-12-13T22:35:21.5933341Z test godot-core/src/builtin/strings/node_path.rs - builtin::strings::node_path::NodePath::subpath (line 140) - compile ... ok
2025-12-13T22:35:21.6438770Z test godot-core/src/builtin/strings/string_name.rs - builtin::strings::string_name::StringName::__cstr_with_static (line 295) - compile ... ok
2025-12-13T22:35:21.7055792Z test godot-core/src/builtin/strings/string_name.rs - builtin::strings::string_name::StringName::arg (line 161) - compile ... ok
2025-12-13T22:35:21.7883228Z test godot-core/src/builtin/strings/string_name.rs - builtin::strings::string_name::StringName::find_ex (line 359) - compile ... ok
2025-12-13T22:35:21.8500173Z test godot-core/src/builtin/vectors/vector2.rs - builtin::vectors::vector2::Vector2::from_angle (line 77) - compile ... ok
2025-12-13T22:35:21.9177942Z test godot-core/src/builtin/rect2.rs - builtin::rect2::Rect2::fmt (line 295) ... ok
2025-12-13T22:35:22.2441558Z test godot-core/src/builtin/rect2i.rs - builtin::rect2i::Rect2i::fmt (line 293) ... ok
2025-12-13T22:35:22.2605511Z test godot-core/src/builtin/rid.rs - builtin::rid::Rid::fmt (line 107) ... ok
2025-12-13T22:35:22.3181475Z test godot-core/src/classes/match_class.rs - classes::match_class::match_class (line 22) - compile ... ok
2025-12-13T22:35:22.3697593Z test godot-core/src/global/print.rs - global::print::godot_print (line 102) - compile ... ok
2025-12-13T22:35:22.4266934Z test godot-core/src/global/print.rs - global::print::godot_str (line 148) - compile ... ok
2025-12-13T22:35:22.8263574Z test godot-core/src/builtin/vectors/vector_swizzle.rs - builtin::vectors::vector_swizzle::swizzle (line 20) ... ok
2025-12-13T22:35:22.8572043Z test godot-core/src/builtin/vectors/vector_swizzle.rs - builtin::vectors::vector_swizzle::swizzle (line 30) ... ok
2025-12-13T22:35:22.8770890Z test godot-core/src/init/mod.rs - init::ExtensionLibrary (line 282) - compile ... ok
2025-12-13T22:35:22.8958346Z test godot-core/src/init/mod.rs - init::ExtensionLibrary::on_main_loop_frame (line 420) - compile ... ok
2025-12-13T22:35:22.9209399Z test godot-core/src/init/mod.rs - init::ExtensionLibrary::override_wasm_binary (line 466) - compile ... ok
2025-12-13T22:35:23.0921216Z test godot-core/src/meta/args/as_arg.rs - meta::args::as_arg::PhantomAsArgDoctests (line 772) - compile ... ok
2025-12-13T22:35:23.1957148Z test godot-core/src/builtin/vectors/vector_swizzle.rs - builtin::vectors::vector_swizzle::swizzle (line 39) ... ok
2025-12-13T22:35:23.3155692Z test godot-core/src/meta/error/call_error.rs - meta::error::call_error::CallError (line 46) - compile ... ok
2025-12-13T22:35:23.4868883Z test godot-core/src/meta/godot_convert/impls.rs - meta::godot_convert::impls::__doctest_i32_ptr_to_variant (line 471) - compile fail ... ok
2025-12-13T22:35:23.5522771Z test godot-core/src/init/mod.rs - init::ExtensionLibrary (line 263) ... ok
2025-12-13T22:35:23.8311902Z test godot-core/src/meta/godot_convert/impls.rs - meta::godot_convert::impls::__doctest_native_struct_pointer_param (line 489) - compile fail ... ok
2025-12-13T22:35:23.8407504Z test godot-core/src/meta/godot_convert/impls.rs - meta::godot_convert::impls::__doctest_native_struct_pointer_return (line 506) - compile fail ... ok
2025-12-13T22:35:23.9507347Z test godot-core/src/meta/args/as_arg.rs - meta::args::as_arg::owned_into_arg (line 398) ... ok
2025-12-13T22:35:23.9575023Z test godot-core/src/meta/godot_convert/impls.rs - meta::godot_convert::impls::__doctest_u64 (line 463) - compile fail ... ok
2025-12-13T22:35:23.9820766Z test godot-core/src/meta/args/as_arg.rs - meta::args::as_arg::ref_to_arg (line 432) ... ok
2025-12-13T22:35:23.9894874Z test godot-core/src/meta/property_info.rs - meta::property_info::PropertyInfo::with_hint_info (line 86) - compile ... ok
2025-12-13T22:35:24.0196612Z test godot-core/src/meta/raw_ptr.rs - meta::raw_ptr::RawPtr (line 21) - compile ... ok
2025-12-13T22:35:24.0301684Z test godot-core/src/meta/signed_range.rs - meta::signed_range::wrapped (line 22) - compile ... ok
2025-12-13T22:35:24.0503714Z test godot-core/src/meta/godot_convert/impls.rs - meta::godot_convert::impls::__doctest_u64_return (line 525) - compile fail ... ok
2025-12-13T22:35:24.0782460Z test godot-core/src/meta/uniform_object_deref.rs - meta::uniform_object_deref::UniformObjectDeref (line 35) - compile ... ok
2025-12-13T22:35:24.0836467Z test godot-core/src/meta/godot_convert/impls.rs - meta::godot_convert::impls::__doctest_void_ptr_from_variant (line 480) - compile fail ... ok
2025-12-13T22:35:24.0952917Z test godot-core/src/obj/bounds.rs - obj::bounds::private::implement_godot_bounds (line 115) - compile ... ok
2025-12-13T22:35:24.1350260Z test godot-core/src/obj/dyn_gd.rs - obj::dyn_gd::DynGd (line 137) - compile ... ok
2025-12-13T22:35:24.1498535Z test godot-core/src/obj/dyn_gd.rs - obj::dyn_gd::DynGd (line 103) - compile ... ok
2025-12-13T22:35:24.1720056Z test godot-core/src/obj/dyn_gd.rs - obj::dyn_gd::DynGd (line 212) - compile ... ok
2025-12-13T22:35:24.1976506Z test godot-core/src/obj/dyn_gd.rs - obj::dyn_gd::DynGd (line 247) - compile fail ... ok
2025-12-13T22:35:24.2143967Z test godot-core/src/obj/dyn_gd.rs - obj::dyn_gd::DynGd (line 42) - compile ... ok
2025-12-13T22:35:24.2276986Z test godot-core/src/obj/gd.rs - obj::gd::Gd<T>::from_init_fn (line 138) - compile ... ok
2025-12-13T22:35:24.2357631Z test godot-core/src/obj/gd.rs - obj::gd::Gd<T>::null_arg (line 877) - compile ... ok
2025-12-13T22:35:24.2513151Z test godot-core/src/obj/gd.rs - obj::gd::Gd<T>::try_to_unique (line 834) - compile ... ok
2025-12-13T22:35:24.2726814Z test godot-core/src/obj/gd.rs - obj::gd::Gd<T>::upcast_mut (line 451) - compile ... ok
2025-12-13T22:35:24.2954480Z test godot-core/src/obj/gd.rs - obj::gd::Gd<T>::upcast (line 368) - compile ... ok
2025-12-13T22:35:24.3097713Z test godot-core/src/obj/gd.rs - obj::gd::Gd<T>::upcast_ref (line 412) - compile ... ok
2025-12-13T22:35:24.4053929Z test godot-core/src/obj/gd.rs - obj::gd::Gd<T>::upcast_mut (line 463) - compile fail ... ok
2025-12-13T22:35:24.4796097Z test godot-core/src/obj/gd.rs - obj::gd::Gd<T>::upcast_ref (line 424) - compile fail ... ok
2025-12-13T22:35:24.8176981Z test godot-core/src/obj/bounds.rs - obj::bounds (line 27) ... ok
2025-12-13T22:35:25.5316662Z test godot-core/src/obj/on_editor.rs - obj::on_editor::OnEditor (line 142) ... ok
2025-12-13T22:35:25.7153715Z test godot-core/src/obj/on_editor.rs - obj::on_editor::OnEditor (line 178) ... ok
2025-12-13T22:35:25.7888699Z test godot-core/src/obj/on_editor.rs - obj::on_editor::OnEditor (line 51) ... ok
2025-12-13T22:35:26.1440088Z test godot-core/src/obj/on_editor.rs - obj::on_editor::OnEditor (line 75) ... ok
2025-12-13T22:35:26.2062849Z test godot-core/src/obj/script.rs - obj::script::ScriptInstance (line 51) - compile ... ok
2025-12-13T22:35:26.2853854Z test godot-core/src/obj/script.rs - obj::script::SiMut<'a,T>::base (line 401) - compile ... ok
2025-12-13T22:35:26.3402373Z test godot-core/src/obj/script.rs - obj::script::SiMut<'a,T>::base_mut (line 459) - compile ... ok
2025-12-13T22:35:26.3945897Z test godot-core/src/obj/traits.rs - obj::traits::EngineBitfield::all_constants (line 273) - compile ... ok
2025-12-13T22:35:26.4474850Z test godot-core/src/obj/traits.rs - obj::traits::EngineEnum::all_constants (line 236) - compile ... ok
2025-12-13T22:35:26.4862120Z test godot-core/src/obj/traits.rs - obj::traits::EngineEnum::values (line 220) - compile ... ok
2025-12-13T22:35:26.5319560Z test godot-core/src/obj/traits.rs - obj::traits::Inherits (line 109) - compile ... ok
2025-12-13T22:35:26.5875890Z test godot-core/src/obj/traits.rs - obj::traits::Inherits (line 127) - compile ... ok
2025-12-13T22:35:26.7557166Z test godot-core/src/obj/traits.rs - obj::traits::UserSingleton (line 703) - compile ... ok
2025-12-13T22:35:26.7772204Z test godot-core/src/obj/on_editor.rs - obj::on_editor::OnEditor (line 99) ... ok
2025-12-13T22:35:26.7935917Z test godot-core/src/obj/traits.rs - obj::traits::WithBaseField (line 322) - compile ... ok
2025-12-13T22:35:26.8054417Z test godot-core/src/obj/on_ready.rs - obj::on_ready::OnReady (line 55) ... ok
2025-12-13T22:35:26.8769542Z test godot-core/src/obj/traits.rs - obj::traits::WithBaseField::base (line 362) - compile ... ok
2025-12-13T22:35:26.8887191Z test godot-core/src/obj/traits.rs - obj::traits::WithBaseField::base_mut (line 425) - compile ... ok
2025-12-13T22:35:27.0230972Z test godot-core/src/obj/traits.rs - obj::traits::WithBaseField::base_mut (line 472) - compile fail ... ok
2025-12-13T22:35:27.0236067Z test godot-core/src/obj/traits.rs - obj::traits::WithUserSignals::signals (line 615) ... ignored
2025-12-13T22:35:27.0239090Z test godot-core/src/obj/traits.rs - obj::traits::WithUserSignals::signals (line 620) ... ignored
2025-12-13T22:35:27.0830683Z test godot-core/src/obj/traits.rs - obj::traits::WithBaseField::base_mut (line 449) - compile ... ok
2025-12-13T22:35:27.0916306Z test godot-core/src/obj/on_ready.rs - obj::on_ready::OnReady (line 88) ... ok
2025-12-13T22:35:27.1248701Z test godot-core/src/registry/property/mod.rs - registry::property::export_doctests (line 117) - compile ... ok
2025-12-13T22:35:27.2491161Z test godot-core/src/registry/property/mod.rs - registry::property::export_doctests (line 131) - compile fail ... ok
2025-12-13T22:35:27.2903416Z test godot-core/src/registry/property/mod.rs - registry::property::export_doctests (line 144) - compile fail ... ok
2025-12-13T22:35:27.3234012Z test godot-core/src/registry/property/mod.rs - registry::property::export_info_functions::export_enum (line 373) - compile ... ok
2025-12-13T22:35:27.3558293Z test godot-core/src/registry/property/mod.rs - registry::property::export_info_functions::export_flags (line 406) - compile ... ok
2025-12-13T22:35:27.3602996Z test godot-core/src/obj/traits.rs - obj::traits::WithBaseField::base (line 383) - compile fail ... ok
2025-12-13T22:35:27.4270190Z test godot-core/src/registry/property/mod.rs - registry::property::export_doctests (line 166) - compile fail ... ok
2025-12-13T22:35:27.4827219Z test godot-core/src/registry/property/phantom_var.rs - registry::property::phantom_var::PhantomVarDoctests (line 148) - compile fail ... ok
2025-12-13T22:35:27.5137115Z test godot-core/src/registry/property/mod.rs - registry::property::export_doctests (line 155) - compile fail ... ok
2025-12-13T22:35:27.5383508Z test godot-core/src/registry/property/phantom_var.rs - registry::property::phantom_var::PhantomVarDoctests (line 159) - compile fail ... ok
2025-12-13T22:35:27.5892007Z test godot-core/src/registry/property/phantom_var.rs - registry::property::phantom_var::PhantomVarDoctests (line 171) - compile fail ... ok
2025-12-13T22:35:27.6197413Z test godot-core/src/registry/property/phantom_var.rs - registry::property::phantom_var::PhantomVarDoctests (line 190) - compile fail ... ok
2025-12-13T22:35:27.6203620Z test godot-core/src/registry/signal/connect_builder.rs - registry::signal::connect_builder::ConnectBuilder<'_,'_,C,Ps>::connect (line 147) ... ignored
2025-12-13T22:35:27.6575035Z test godot-core/src/registry/signal/signal_receiver.rs - registry::signal::signal_receiver::IndirectSignalReceiver (line 58) - compile ... ok
2025-12-13T22:35:27.6804722Z test godot-core/src/registry/property/phantom_var.rs - registry::property::phantom_var::PhantomVarDoctests (line 209) - compile fail ... ok
2025-12-13T22:35:27.6810153Z test godot-core/src/registry/signal/typed_signal.rs - registry::signal::typed_signal::TypedSignal<'_,C,Ps>::connect (line 166) ... ignored
2025-12-13T22:35:27.6939851Z test godot-core/src/registry/signal/signal_receiver.rs - registry::signal::signal_receiver::IndirectSignalReceiver (line 86) - compile ... ok
2025-12-13T22:35:27.7354026Z test godot-core/src/task/async_runtime.rs - task::async_runtime::spawn (line 73) - compile ... ok
2025-12-13T22:35:27.7869437Z test godot-core/src/task/async_runtime.rs - task::async_runtime::spawn (line 46) - compile ... ok
2025-12-13T22:35:27.7909291Z test godot-core/src/tools/autoload.rs - tools::autoload::get_autoload_by_name (line 32) - compile ... ok
2025-12-13T22:35:27.8322862Z test godot-core/src/tools/gfile.rs - tools::gfile::GFile (line 51) - compile ... ok
2025-12-13T22:35:27.8465972Z test godot-core/src/tools/autoload.rs - tools::autoload::try_get_autoload_by_name (line 69) - compile ... ok
2025-12-13T22:35:27.8701166Z test godot-core/src/tools/save_load.rs - tools::save_load::load (line 21) - compile ... ok
2025-12-13T22:35:27.9142060Z test godot-core/src/tools/save_load.rs - tools::save_load::save (line 84) - compile ... ok
2025-12-13T22:35:27.9290878Z test godot-core/src/tools/save_load.rs - tools::save_load::try_load (line 58) - compile ... ok
2025-12-13T22:35:27.9841103Z test godot-core/src/tools/translate.rs - tools::translate::tr (line 19) - compile ... ok
2025-12-13T22:35:28.0096525Z test godot-core/src/tools/save_load.rs - tools::save_load::try_save (line 112) - compile ... ok
2025-12-13T22:35:28.0401498Z test godot-core/src/tools/translate.rs - tools::translate::tr_n (line 65) - compile ... ok
2025-12-13T22:35:28.3299597Z test godot-core/src/registry/property/phantom_var.rs - registry::property::phantom_var::PhantomVar (line 30) ... ok
2025-12-13T22:35:28.3557880Z test godot-core/src/registry/property/mod.rs - registry::property::export_info_functions::export_range (line 267) ... ok
2025-12-13T22:35:28.3558615Z 
2025-12-13T22:35:28.3558948Z test result: ok. 136 passed; 0 failed; 4 ignored; 0 measured; 0 filtered out; finished in 10.75s
2025-12-13T22:35:28.3559417Z 
2025-12-13T22:35:28.3588117Z [1m[92m   Doc-tests[0m godot_ffi
2025-12-13T22:35:28.7288371Z 
2025-12-13T22:35:28.7288796Z running 1 test
2025-12-13T22:35:28.7289322Z test godot-ffi/src/toolbox.rs - toolbox::unsafe_cast_fn_ptr (line 42) ... ignored
2025-12-13T22:35:28.7289606Z 
2025-12-13T22:35:28.7289820Z test result: ok. 0 passed; 0 failed; 1 ignored; 0 measured; 0 filtered out; finished in 0.00s
2025-12-13T22:35:28.7290092Z 
2025-12-13T22:35:28.7313856Z [1m[92m   Doc-tests[0m godot_macros
2025-12-13T22:35:28.9610341Z 
2025-12-13T22:35:28.9610840Z running 47 tests
2025-12-13T22:35:29.0525768Z test godot-macros/src/derive/data_models/newtype.rs - derive::data_models::newtype::NewtypeStruct::field_name (line 57) ... ok
2025-12-13T22:35:29.5665955Z test godot-macros/src/lib.rs - derive_godot_class (line 120) ... ok
2025-12-13T22:35:29.6125863Z test godot-macros/src/lib.rs - derive_godot_class (line 108) ... ok
2025-12-13T22:35:29.7046273Z test godot-macros/src/lib.rs - derive_godot_class (line 145) ... ok
2025-12-13T22:35:29.8031397Z test godot-macros/src/lib.rs - derive_godot_class (line 163) ... ok
2025-12-13T22:35:30.3237462Z test godot-macros/src/lib.rs - derive_godot_class (line 211) ... ok
2025-12-13T22:35:30.3241915Z test godot-macros/src/lib.rs - derive_godot_class (line 190) ... ok
2025-12-13T22:35:30.5338852Z test godot-macros/src/lib.rs - derive_godot_class (line 233) ... ok
2025-12-13T22:35:30.6116069Z test godot-macros/src/lib.rs - derive_godot_class (line 391) - compile ... ok
2025-12-13T22:35:30.6809368Z test godot-macros/src/lib.rs - derive_godot_class (line 453) - compile ... ok
2025-12-13T22:35:30.9007592Z test godot-macros/src/lib.rs - derive_godot_class (line 262) ... ok
2025-12-13T22:35:31.1498108Z test godot-macros/src/lib.rs - derive_godot_class (line 309) ... ok
2025-12-13T22:35:31.2077557Z test godot-macros/src/lib.rs - derive_godot_class (line 491) - compile ... ok
2025-12-13T22:35:31.2529226Z test godot-macros/src/lib.rs - derive_godot_class (line 514) - compile fail ... ok
2025-12-13T22:35:31.2934979Z test godot-macros/src/lib.rs - derive_godot_class (line 338) ... ok
2025-12-13T22:35:31.3016161Z test godot-macros/src/lib.rs - derive_godot_class (line 46) ... ok
2025-12-13T22:35:31.3399337Z test godot-macros/src/lib.rs - derive_godot_class (line 537) - compile ... ok
2025-12-13T22:35:31.4037601Z test godot-macros/src/lib.rs - derive_godot_class (line 566) - compile ... ok
2025-12-13T22:35:31.5159693Z test godot-macros/src/lib.rs - derive_godot_class (line 477) ... ok
2025-12-13T22:35:31.5636293Z test godot-macros/src/lib.rs - derive_godot_convert (line 1134) - compile ... ok
2025-12-13T22:35:31.6095722Z test godot-macros/src/lib.rs - derive_godot_convert (line 1146) - compile ... ok
2025-12-13T22:35:31.6364072Z test godot-macros/src/lib.rs - derive_godot_convert (line 1163) - compile fail ... ok
2025-12-13T22:35:31.6669210Z test godot-macros/src/lib.rs - derive_godot_convert (line 1175) - compile fail ... ok
2025-12-13T22:35:31.7484652Z test godot-macros/src/lib.rs - derive_godot_convert (line 1199) - compile ... ok
2025-12-13T22:35:31.8242668Z test godot-macros/src/lib.rs - derive_godot_convert (line 1214) - compile ... ok
2025-12-13T22:35:31.8814111Z test godot-macros/src/lib.rs - derive_godot_convert (line 1231) - compile ... ok
2025-12-13T22:35:31.9133428Z test godot-macros/src/lib.rs - derive_godot_class (line 58) ... ok
2025-12-13T22:35:31.9680978Z test godot-macros/src/lib.rs - derive_godot_class (line 74) ... ok
2025-12-13T22:35:31.9867944Z test godot-macros/src/lib.rs - derive_godot_class (line 89) ... ok
2025-12-13T22:35:31.9956356Z test godot-macros/src/lib.rs - godot_api (line 1002) - compile ... ok
2025-12-13T22:35:32.0035703Z test godot-macros/src/lib.rs - godot_api (line 1024) - compile fail ... ok
2025-12-13T22:35:32.0498031Z test godot-macros/src/lib.rs - godot_api (line 651) - compile ... ok
2025-12-13T22:35:32.0549697Z test godot-macros/src/lib.rs - godot_api (line 1039) - compile fail ... ok
2025-12-13T22:35:32.0588454Z test godot-macros/src/lib.rs - godot_api (line 670) - compile ... ok
2025-12-13T22:35:32.0641150Z test godot-macros/src/lib.rs - godot_api (line 615) - compile ... ok
2025-12-13T22:35:32.1284613Z test godot-macros/src/lib.rs - godot_api (line 688) - compile ... ok
2025-12-13T22:35:32.1467802Z test godot-macros/src/lib.rs - godot_api (line 768) - compile ... ok
2025-12-13T22:35:32.1717256Z test godot-macros/src/lib.rs - godot_api (line 730) - compile ... ok
2025-12-13T22:35:32.2125239Z test godot-macros/src/lib.rs - godot_api (line 704) - compile fail ... ok
2025-12-13T22:35:32.2320125Z test godot-macros/src/lib.rs - godot_api (line 798) - compile ... ok
2025-12-13T22:35:32.2485278Z test godot-macros/src/lib.rs - godot_api (line 917) - compile ... ok
2025-12-13T22:35:32.2571203Z test godot-macros/src/lib.rs - godot_api (line 853) - compile ... ok
2025-12-13T22:35:32.2708293Z test godot-macros/src/lib.rs - godot_api (line 933) - compile fail ... ok
2025-12-13T22:35:32.2908490Z test godot-macros/src/lib.rs - godot_api (line 950) - compile fail ... ok
2025-12-13T22:35:32.3081901Z test godot-macros/src/lib.rs - godot_dyn (line 1081) - compile ... ok
2025-12-13T22:35:32.3239372Z test godot-macros/src/lib.rs - godot_dyn (line 1094) - compile ... ok
2025-12-13T22:35:32.3356640Z test godot-macros/src/lib.rs - godot_api (line 970) - compile ... ok
2025-12-13T22:35:32.3357130Z 
2025-12-13T22:35:32.3357494Z test result: ok. 47 passed; 0 failed; 0 ignored; 0 measured; 0 filtered out; finished in 3.37s
2025-12-13T22:35:32.3357853Z 
2025-12-13T22:35:32.3376547Z [1m[92m   Doc-tests[0m repo_tweak
2025-12-13T22:35:32.3559637Z 
2025-12-13T22:35:32.3560035Z running 0 tests
2025-12-13T22:35:32.3560261Z 
2025-12-13T22:35:32.3560580Z test result: ok. 0 passed; 0 failed; 0 ignored; 0 measured; 0 filtered out; finished in 0.00s
2025-12-13T22:35:32.3561147Z 
2025-12-13T22:35:32.3648817Z Post job cleanup.
2025-12-13T22:35:32.3681355Z Post job cleanup.
2025-12-13T22:35:32.6173650Z ##[group]Cache Configuration
2025-12-13T22:35:32.6174675Z Cache Provider:
2025-12-13T22:35:32.6175010Z     github
2025-12-13T22:35:32.6175271Z Workspaces:
2025-12-13T22:35:32.6175567Z     /home/runner/work/gdext/gdext
2025-12-13T22:35:32.6175945Z Cache Paths:
2025-12-13T22:35:32.6176220Z     /home/runner/.cargo/bin
2025-12-13T22:35:32.6176591Z     /home/runner/.cargo/.crates.toml
2025-12-13T22:35:32.6177031Z     /home/runner/.cargo/.crates2.json
2025-12-13T22:35:32.6177449Z     /home/runner/.cargo/registry
2025-12-13T22:35:32.6177844Z     /home/runner/.cargo/git
2025-12-13T22:35:32.6178242Z     /home/runner/work/gdext/gdext/target
2025-12-13T22:35:32.6178596Z Restore Key:
2025-12-13T22:35:32.6178922Z     v0-rust-Linux-1.92.0-stable-Linux-x64-0b4fd343
2025-12-13T22:35:32.6179370Z Cache Key:
2025-12-13T22:35:32.6179787Z     v0-rust-Linux-1.92.0-stable-Linux-x64-0b4fd343-386fe308
2025-12-13T22:35:32.6180351Z .. Prefix:
2025-12-13T22:35:32.6180659Z   - v0-rust-Linux-1.92.0-stable-Linux-x64
2025-12-13T22:35:32.6181051Z .. Environment considered:
2025-12-13T22:35:32.6181611Z   - Rust Version: 1.92.0 x86_64-unknown-linux-gnu (ded5c06cf21d2b93bffd5d884aa6e96934ee4234)
2025-12-13T22:35:32.6182248Z   - CARGO_DENY_VERSION
2025-12-13T22:35:32.6182555Z   - CARGO_INCREMENTAL
2025-12-13T22:35:32.6182858Z   - CARGO_MACHETE_VERSION
2025-12-13T22:35:32.6183198Z .. Lockfiles considered:
2025-12-13T22:35:32.6183640Z   - /home/runner/work/gdext/gdext/godot-bindings/Cargo.toml
2025-12-13T22:35:32.6184425Z   - /home/runner/work/gdext/gdext/godot-cell/Cargo.toml
2025-12-13T22:35:32.6184999Z   - /home/runner/work/gdext/gdext/godot-codegen/Cargo.toml
2025-12-13T22:35:32.6185583Z   - /home/runner/work/gdext/gdext/godot-core/Cargo.toml
2025-12-13T22:35:32.6186123Z   - /home/runner/work/gdext/gdext/godot-ffi/Cargo.toml
2025-12-13T22:35:32.6186723Z   - /home/runner/work/gdext/gdext/godot-macros/Cargo.toml
2025-12-13T22:35:32.6187283Z   - /home/runner/work/gdext/gdext/godot/Cargo.toml
2025-12-13T22:35:32.6187914Z   - /home/runner/work/gdext/gdext/itest/hot-reload/rust/Cargo.toml
2025-12-13T22:35:32.6188597Z   - /home/runner/work/gdext/gdext/itest/repo-tweak/Cargo.toml
2025-12-13T22:35:32.6189200Z   - /home/runner/work/gdext/gdext/itest/rust/Cargo.toml
2025-12-13T22:35:32.6189994Z ##[endgroup]
2025-12-13T22:35:32.6190155Z 
2025-12-13T22:35:33.0556991Z ... Cleaning /home/runner/work/gdext/gdext/target ...
2025-12-13T22:35:33.3203906Z ... Cleaning cargo registry (cache-all-crates: false) ...
2025-12-13T22:35:33.4658117Z ... Cleaning cargo/bin ...
2025-12-13T22:35:33.4687217Z ... Cleaning cargo git cache ...
2025-12-13T22:35:33.4694286Z ... Saving cache ...
2025-12-13T22:35:33.4856506Z [command]/usr/bin/tar --posix -cf cache.tzst --exclude cache.tzst -P -C /home/runner/work/gdext/gdext --files-from manifest.txt --use-compress-program zstdmt
2025-12-13T22:35:34.3428026Z Failed to save: Unable to reserve cache with key v0-rust-Linux-1.92.0-stable-Linux-x64-0b4fd343-386fe308, another job may be creating this cache.
2025-12-13T22:35:34.3639753Z Post job cleanup.
2025-12-13T22:35:34.4541145Z [command]/usr/bin/git version
2025-12-13T22:35:34.4576762Z git version 2.52.0
2025-12-13T22:35:34.4617346Z Temporarily overriding HOME='/home/runner/work/_temp/a428016d-5053-413d-85de-5c0fb703a2e0' before making global git config changes
2025-12-13T22:35:34.4618442Z Adding repository directory to the temporary git global config as a safe directory
2025-12-13T22:35:34.4623117Z [command]/usr/bin/git config --global --add safe.directory /home/runner/work/gdext/gdext
2025-12-13T22:35:34.4662746Z [command]/usr/bin/git config --local --name-only --get-regexp core\.sshCommand
2025-12-13T22:35:34.4695387Z [command]/usr/bin/git submodule foreach --recursive sh -c "git config --local --name-only --get-regexp 'core\.sshCommand' && git config --local --unset-all 'core.sshCommand' || :"
2025-12-13T22:35:34.4897035Z [command]/usr/bin/git config --local --name-only --get-regexp http\.https\:\/\/github\.com\/\.extraheader
2025-12-13T22:35:34.4917718Z http.https://github.com/.extraheader
2025-12-13T22:35:34.4929339Z [command]/usr/bin/git config --local --unset-all http.https://github.com/.extraheader
2025-12-13T22:35:34.4958416Z [command]/usr/bin/git submodule foreach --recursive sh -c "git config --local --name-only --get-regexp 'http\.https\:\/\/github\.com\/\.extraheader' && git config --local --unset-all 'http.https://github.com/.extraheader' || :"
2025-12-13T22:35:34.5141357Z [command]/usr/bin/git config --local --name-only --get-regexp ^includeIf\.gitdir:
2025-12-13T22:35:34.5171858Z [command]/usr/bin/git submodule foreach --recursive git config --local --show-origin --name-only --get-regexp remote.origin.url
2025-12-13T22:35:34.5452534Z Cleaning up orphan processes
