2025-10-15T22:03:50.4745547Z Current runner version: '2.328.0'
2025-10-15T22:03:50.4771985Z ##[group]Runner Image Provisioner
2025-10-15T22:03:50.4772821Z Hosted Compute Agent
2025-10-15T22:03:50.4773382Z Version: 20250912.392
2025-10-15T22:03:50.4774104Z Commit: d921fda672a98b64f4f82364647e2f10b2267d0b
2025-10-15T22:03:50.4774765Z Build Date: 2025-09-12T15:23:14Z
2025-10-15T22:03:50.4775343Z ##[endgroup]
2025-10-15T22:03:50.4775909Z ##[group]Operating System
2025-10-15T22:03:50.4776464Z Ubuntu
2025-10-15T22:03:50.4776934Z 22.04.5
2025-10-15T22:03:50.4777484Z LTS
2025-10-15T22:03:50.4777922Z ##[endgroup]
2025-10-15T22:03:50.4778406Z ##[group]Runner Image
2025-10-15T22:03:50.4779332Z Image: ubuntu-22.04
2025-10-15T22:03:50.4779918Z Version: 20250929.88.1
2025-10-15T22:03:50.4780959Z Included Software: https://github.com/actions/runner-images/blob/ubuntu22/20250929.88/images/ubuntu/Ubuntu2204-Readme.md
2025-10-15T22:03:50.4782547Z Image Release: https://github.com/actions/runner-images/releases/tag/ubuntu22%2F20250929.88
2025-10-15T22:03:50.4783528Z ##[endgroup]
2025-10-15T22:03:50.4785973Z ##[group]GITHUB_TOKEN Permissions
2025-10-15T22:03:50.4788217Z Actions: write
2025-10-15T22:03:50.4788805Z Attestations: write
2025-10-15T22:03:50.4789773Z Checks: write
2025-10-15T22:03:50.4790276Z Contents: write
2025-10-15T22:03:50.4790878Z Deployments: write
2025-10-15T22:03:50.4791370Z Discussions: write
2025-10-15T22:03:50.4791972Z Issues: write
2025-10-15T22:03:50.4792408Z Metadata: read
2025-10-15T22:03:50.4792985Z Models: read
2025-10-15T22:03:50.4793475Z Packages: write
2025-10-15T22:03:50.4793969Z Pages: write
2025-10-15T22:03:50.4794550Z PullRequests: write
2025-10-15T22:03:50.4795059Z RepositoryProjects: write
2025-10-15T22:03:50.4795646Z SecurityEvents: write
2025-10-15T22:03:50.4796317Z Statuses: write
2025-10-15T22:03:50.4796868Z ##[endgroup]
2025-10-15T22:03:50.4799361Z Secret source: Actions
2025-10-15T22:03:50.4800200Z Prepare workflow directory
2025-10-15T22:03:50.5145691Z Prepare all required actions
2025-10-15T22:03:50.5185422Z Getting action download info
2025-10-15T22:03:50.8890261Z Download action repository 'actions/checkout@v4' (SHA:08eba0b27e820071cde6df949e0beb9ba4906955)
2025-10-15T22:03:51.1597038Z Download action repository 'actions/setup-node@v4' (SHA:49933ea5288caeca8642d1e84afbd3f7d6820020)
2025-10-15T22:03:51.4083166Z Complete job name: test_suite
2025-10-15T22:03:51.4881940Z ##[group]Run actions/checkout@v4
2025-10-15T22:03:51.4882838Z with:
2025-10-15T22:03:51.4883364Z   repository: bigskysoftware/htmx
2025-10-15T22:03:51.4884119Z   token: ***
2025-10-15T22:03:51.4884529Z   ssh-strict: true
2025-10-15T22:03:51.4884956Z   ssh-user: git
2025-10-15T22:03:51.4885388Z   persist-credentials: true
2025-10-15T22:03:51.4885866Z   clean: true
2025-10-15T22:03:51.4886325Z   sparse-checkout-cone-mode: true
2025-10-15T22:03:51.4886854Z   fetch-depth: 1
2025-10-15T22:03:51.4887284Z   fetch-tags: false
2025-10-15T22:03:51.4887723Z   show-progress: true
2025-10-15T22:03:51.4888159Z   lfs: false
2025-10-15T22:03:51.4888555Z   submodules: false
2025-10-15T22:03:51.4889158Z   set-safe-directory: true
2025-10-15T22:03:51.4889928Z ##[endgroup]
2025-10-15T22:03:51.6042575Z Syncing repository: bigskysoftware/htmx
2025-10-15T22:03:51.6044478Z ##[group]Getting Git version info
2025-10-15T22:03:51.6045291Z Working directory is '/home/runner/work/htmx/htmx'
2025-10-15T22:03:51.6046600Z [command]/usr/bin/git version
2025-10-15T22:03:51.6111279Z git version 2.51.0
2025-10-15T22:03:51.6139763Z ##[endgroup]
2025-10-15T22:03:51.6165917Z Temporarily overriding HOME='/home/runner/work/_temp/9343f1ec-6bc7-4e9d-8cd1-524ea108b119' before making global git config changes
2025-10-15T22:03:51.6168596Z Adding repository directory to the temporary git global config as a safe directory
2025-10-15T22:03:51.6173379Z [command]/usr/bin/git config --global --add safe.directory /home/runner/work/htmx/htmx
2025-10-15T22:03:51.6211029Z Deleting the contents of '/home/runner/work/htmx/htmx'
2025-10-15T22:03:51.6215795Z ##[group]Initializing the repository
2025-10-15T22:03:51.6220889Z [command]/usr/bin/git init /home/runner/work/htmx/htmx
2025-10-15T22:03:51.6312577Z hint: Using 'master' as the name for the initial branch. This default branch name
2025-10-15T22:03:51.6314090Z hint: is subject to change. To configure the initial branch name to use in all
2025-10-15T22:03:51.6315946Z hint: of your new repositories, which will suppress this warning, call:
2025-10-15T22:03:51.6316907Z hint:
2025-10-15T22:03:51.6317873Z hint: 	git config --global init.defaultBranch <name>
2025-10-15T22:03:51.6319291Z hint:
2025-10-15T22:03:51.6320432Z hint: Names commonly chosen instead of 'master' are 'main', 'trunk' and
2025-10-15T22:03:51.6322241Z hint: 'development'. The just-created branch can be renamed via this command:
2025-10-15T22:03:51.6323674Z hint:
2025-10-15T22:03:51.6324442Z hint: 	git branch -m <name>
2025-10-15T22:03:51.6325289Z hint:
2025-10-15T22:03:51.6326372Z hint: Disable this message with "git config set advice.defaultBranchName false"
2025-10-15T22:03:51.6328160Z Initialized empty Git repository in /home/runner/work/htmx/htmx/.git/
2025-10-15T22:03:51.6331638Z [command]/usr/bin/git remote add origin https://github.com/bigskysoftware/htmx
2025-10-15T22:03:51.6366638Z ##[endgroup]
2025-10-15T22:03:51.6367958Z ##[group]Disabling automatic garbage collection
2025-10-15T22:03:51.6371888Z [command]/usr/bin/git config --local gc.auto 0
2025-10-15T22:03:51.6402448Z ##[endgroup]
2025-10-15T22:03:51.6403813Z ##[group]Setting up auth
2025-10-15T22:03:51.6411175Z [command]/usr/bin/git config --local --name-only --get-regexp core\.sshCommand
2025-10-15T22:03:51.6443535Z [command]/usr/bin/git submodule foreach --recursive sh -c "git config --local --name-only --get-regexp 'core\.sshCommand' && git config --local --unset-all 'core.sshCommand' || :"
2025-10-15T22:03:51.6765112Z [command]/usr/bin/git config --local --name-only --get-regexp http\.https\:\/\/github\.com\/\.extraheader
2025-10-15T22:03:51.6798154Z [command]/usr/bin/git submodule foreach --recursive sh -c "git config --local --name-only --get-regexp 'http\.https\:\/\/github\.com\/\.extraheader' && git config --local --unset-all 'http.https://github.com/.extraheader' || :"
2025-10-15T22:03:51.7038175Z [command]/usr/bin/git config --local http.https://github.com/.extraheader AUTHORIZATION: basic ***
2025-10-15T22:03:51.7078858Z ##[endgroup]
2025-10-15T22:03:51.7081024Z ##[group]Fetching the repository
2025-10-15T22:03:51.7090313Z [command]/usr/bin/git -c protocol.version=2 fetch --no-tags --prune --no-recurse-submodules --depth=1 origin +4e183e6da49e73887ae315d651cf7fdb95e07e76:refs/remotes/origin/master
2025-10-15T22:03:53.3590108Z From https://github.com/bigskysoftware/htmx
2025-10-15T22:03:53.3591313Z  * [new ref]         4e183e6da49e73887ae315d651cf7fdb95e07e76 -> origin/master
2025-10-15T22:03:53.3623478Z ##[endgroup]
2025-10-15T22:03:53.3624197Z ##[group]Determining the checkout info
2025-10-15T22:03:53.3625367Z ##[endgroup]
2025-10-15T22:03:53.3632141Z [command]/usr/bin/git sparse-checkout disable
2025-10-15T22:03:53.3674238Z [command]/usr/bin/git config --local --unset-all extensions.worktreeConfig
2025-10-15T22:03:53.3704615Z ##[group]Checking out the ref
2025-10-15T22:03:53.3708350Z [command]/usr/bin/git checkout --progress --force -B master refs/remotes/origin/master
2025-10-15T22:03:53.6224775Z Reset branch 'master'
2025-10-15T22:03:53.6225658Z branch 'master' set up to track 'origin/master'.
2025-10-15T22:03:53.6263230Z ##[endgroup]
2025-10-15T22:03:53.6306102Z [command]/usr/bin/git log -1 --format=%H
2025-10-15T22:03:53.6331095Z 4e183e6da49e73887ae315d651cf7fdb95e07e76
2025-10-15T22:03:53.6581024Z ##[group]Run actions/setup-node@v4
2025-10-15T22:03:53.6581417Z with:
2025-10-15T22:03:53.6581713Z   node-version: 20.x
2025-10-15T22:03:53.6581979Z   always-auth: false
2025-10-15T22:03:53.6582234Z   check-latest: false
2025-10-15T22:03:53.6582687Z   token: ***
2025-10-15T22:03:53.6582919Z ##[endgroup]
2025-10-15T22:03:53.9195877Z Found in cache @ /opt/hostedtoolcache/node/20.19.5/x64
2025-10-15T22:03:53.9203748Z ##[group]Environment details
2025-10-15T22:03:56.6924358Z node: v20.19.5
2025-10-15T22:03:56.6924809Z npm: 10.8.2
2025-10-15T22:03:56.6925167Z yarn: 1.22.22
2025-10-15T22:03:56.6926058Z ##[endgroup]
2025-10-15T22:03:56.7026212Z ##[group]Run npm ci
2025-10-15T22:03:56.7026500Z [36;1mnpm ci[0m
2025-10-15T22:03:56.7153603Z shell: /usr/bin/bash -e {0}
2025-10-15T22:03:56.7154263Z ##[endgroup]
2025-10-15T22:04:03.5122941Z npm warn deprecated rimraf@3.0.2: Rimraf versions prior to v4 are no longer supported
2025-10-15T22:04:03.9254830Z npm warn deprecated lodash.get@4.4.2: This package is deprecated. Use the optional chaining (?.) operator instead.
2025-10-15T22:04:04.2170079Z npm warn deprecated inflight@1.0.6: This module is not supported, and leaks memory. Do not use it. Check out lru-cache if you want a good and tested way to coalesce async requests by a key value, which is much more comprehensive and powerful.
2025-10-15T22:04:05.1557824Z npm warn deprecated @types/parse5@7.0.0: This is a stub types definition. parse5 provides its own type definitions, so you do not need this installed.
2025-10-15T22:04:05.4295322Z npm warn deprecated @humanwhocodes/object-schema@2.0.3: Use @eslint/object-schema instead
2025-10-15T22:04:05.4456887Z npm warn deprecated @humanwhocodes/config-array@0.13.0: Use @eslint/config-array instead
2025-10-15T22:04:05.5517796Z npm warn deprecated glob@7.2.3: Glob versions prior to v9 are no longer supported
2025-10-15T22:04:06.3426051Z npm warn deprecated sinon@10.0.1: 16.1.1
2025-10-15T22:04:06.5853617Z npm warn deprecated eslint@8.57.1: This version is no longer supported. Please see https://eslint.org/version-support for other options.
2025-10-15T22:04:07.3355930Z 
2025-10-15T22:04:07.3373840Z added 587 packages, and audited 588 packages in 11s
2025-10-15T22:04:07.3374459Z 
2025-10-15T22:04:07.3374878Z 157 packages are looking for funding
2025-10-15T22:04:07.3375542Z   run `npm fund` for details
2025-10-15T22:04:07.3375879Z 
2025-10-15T22:04:07.3376443Z found 0 vulnerabilities
2025-10-15T22:04:07.3745692Z ##[group]Run npm test
2025-10-15T22:04:07.3746102Z [36;1mnpm test[0m
2025-10-15T22:04:07.3785270Z shell: /usr/bin/bash -e {0}
2025-10-15T22:04:07.3785643Z ##[endgroup]
2025-10-15T22:04:07.5244772Z 
2025-10-15T22:04:07.5245435Z > htmx.org@2.0.7 test
2025-10-15T22:04:07.5246203Z > npm run lint && npm run types-check && npm run test:chrome
2025-10-15T22:04:07.5246654Z 
2025-10-15T22:04:07.6540793Z 
2025-10-15T22:04:07.6541828Z > htmx.org@2.0.7 lint
2025-10-15T22:04:07.6543192Z > eslint src/htmx.js test/attributes/ test/core/ test/util/ scripts/*.mjs
2025-10-15T22:04:07.6544050Z 
2025-10-15T22:04:11.1371501Z 
2025-10-15T22:04:11.1372144Z > htmx.org@2.0.7 types-check
2025-10-15T22:04:11.1373305Z > tsc src/htmx.js --noEmit --checkJs --target es6 --lib dom,dom.iterable --moduleResolution node
2025-10-15T22:04:11.1373906Z 
2025-10-15T22:04:14.9987257Z 
2025-10-15T22:04:14.9989932Z > htmx.org@2.0.7 test:chrome
2025-10-15T22:04:14.9990922Z > playwright install chromium && web-test-runner --browsers chromium --playwright
2025-10-15T22:04:14.9991395Z 
2025-10-15T22:04:15.5284238Z Downloading Chromium 140.0.7339.16 (playwright build v1187) from https://cdn.playwright.dev/dbazure/download/playwright/builds/chromium/1187/chromium-linux.zip
2025-10-15T22:04:15.7225704Z |                                                                                |   0% of 173.7 MiB
2025-10-15T22:04:15.9253526Z |■■■■■■■■                                                                        |  10% of 173.7 MiB
2025-10-15T22:04:16.0428453Z |■■■■■■■■■■■■■■■■                                                                |  20% of 173.7 MiB
2025-10-15T22:04:16.1440020Z |■■■■■■■■■■■■■■■■■■■■■■■■                                                        |  30% of 173.7 MiB
2025-10-15T22:04:16.2529398Z |■■■■■■■■■■■■■■■■■■■■■■■■■■■■■■■■                                                |  40% of 173.7 MiB
2025-10-15T22:04:16.3706546Z |■■■■■■■■■■■■■■■■■■■■■■■■■■■■■■■■■■■■■■■■                                        |  50% of 173.7 MiB
2025-10-15T22:04:16.4643959Z |■■■■■■■■■■■■■■■■■■■■■■■■■■■■■■■■■■■■■■■■■■■■■■■■                                |  60% of 173.7 MiB
2025-10-15T22:04:16.5527056Z |■■■■■■■■■■■■■■■■■■■■■■■■■■■■■■■■■■■■■■■■■■■■■■■■■■■■■■■■                        |  70% of 173.7 MiB
2025-10-15T22:04:16.6407559Z |■■■■■■■■■■■■■■■■■■■■■■■■■■■■■■■■■■■■■■■■■■■■■■■■■■■■■■■■■■■■■■■■                |  80% of 173.7 MiB
2025-10-15T22:04:16.7200803Z |■■■■■■■■■■■■■■■■■■■■■■■■■■■■■■■■■■■■■■■■■■■■■■■■■■■■■■■■■■■■■■■■■■■■■■■■        |  90% of 173.7 MiB
2025-10-15T22:04:16.8001041Z |■■■■■■■■■■■■■■■■■■■■■■■■■■■■■■■■■■■■■■■■■■■■■■■■■■■■■■■■■■■■■■■■■■■■■■■■■■■■■■■■| 100% of 173.7 MiB
2025-10-15T22:04:21.0708561Z Chromium 140.0.7339.16 (playwright build v1187) downloaded to /home/runner/.cache/ms-playwright/chromium-1187
2025-10-15T22:04:21.0712269Z Downloading FFMPEG playwright build v1011 from https://cdn.playwright.dev/dbazure/download/playwright/builds/ffmpeg/1011/ffmpeg-linux.zip
2025-10-15T22:04:21.2890389Z |                                                                                |   0% of 2.3 MiB
2025-10-15T22:04:21.2977934Z |■■■■■■■■                                                                        |  10% of 2.3 MiB
2025-10-15T22:04:21.3016355Z |■■■■■■■■■■■■■■■■                                                                |  20% of 2.3 MiB
2025-10-15T22:04:21.3039681Z |■■■■■■■■■■■■■■■■■■■■■■■■                                                        |  30% of 2.3 MiB
2025-10-15T22:04:21.3064051Z |■■■■■■■■■■■■■■■■■■■■■■■■■■■■■■■■                                                |  40% of 2.3 MiB
2025-10-15T22:04:21.3088363Z |■■■■■■■■■■■■■■■■■■■■■■■■■■■■■■■■■■■■■■■■                                        |  50% of 2.3 MiB
2025-10-15T22:04:21.3115656Z |■■■■■■■■■■■■■■■■■■■■■■■■■■■■■■■■■■■■■■■■■■■■■■■■                                |  60% of 2.3 MiB
2025-10-15T22:04:21.3139552Z |■■■■■■■■■■■■■■■■■■■■■■■■■■■■■■■■■■■■■■■■■■■■■■■■■■■■■■■■                        |  70% of 2.3 MiB
2025-10-15T22:04:21.3163367Z |■■■■■■■■■■■■■■■■■■■■■■■■■■■■■■■■■■■■■■■■■■■■■■■■■■■■■■■■■■■■■■■■                |  80% of 2.3 MiB
2025-10-15T22:04:21.3192998Z |■■■■■■■■■■■■■■■■■■■■■■■■■■■■■■■■■■■■■■■■■■■■■■■■■■■■■■■■■■■■■■■■■■■■■■■■        |  90% of 2.3 MiB
2025-10-15T22:04:21.3218867Z |■■■■■■■■■■■■■■■■■■■■■■■■■■■■■■■■■■■■■■■■■■■■■■■■■■■■■■■■■■■■■■■■■■■■■■■■■■■■■■■■| 100% of 2.3 MiB
2025-10-15T22:04:21.3956464Z FFMPEG playwright build v1011 downloaded to /home/runner/.cache/ms-playwright/ffmpeg-1011
2025-10-15T22:04:21.3960784Z Downloading Chromium Headless Shell 140.0.7339.16 (playwright build v1187) from https://cdn.playwright.dev/dbazure/download/playwright/builds/chromium/1187/chromium-headless-shell-linux.zip
2025-10-15T22:04:21.5509907Z |                                                                                |   0% of 104.3 MiB
2025-10-15T22:04:21.6583184Z |■■■■■■■■                                                                        |  10% of 104.3 MiB
2025-10-15T22:04:21.7385422Z |■■■■■■■■■■■■■■■■                                                                |  20% of 104.3 MiB
2025-10-15T22:04:21.8241618Z |■■■■■■■■■■■■■■■■■■■■■■■■                                                        |  30% of 104.3 MiB
2025-10-15T22:04:21.9022950Z |■■■■■■■■■■■■■■■■■■■■■■■■■■■■■■■■                                                |  40% of 104.3 MiB
2025-10-15T22:04:21.9926024Z |■■■■■■■■■■■■■■■■■■■■■■■■■■■■■■■■■■■■■■■■                                        |  50% of 104.3 MiB
2025-10-15T22:04:22.0538473Z |■■■■■■■■■■■■■■■■■■■■■■■■■■■■■■■■■■■■■■■■■■■■■■■■                                |  60% of 104.3 MiB
2025-10-15T22:04:22.1288959Z |■■■■■■■■■■■■■■■■■■■■■■■■■■■■■■■■■■■■■■■■■■■■■■■■■■■■■■■■                        |  70% of 104.3 MiB
2025-10-15T22:04:22.1949355Z |■■■■■■■■■■■■■■■■■■■■■■■■■■■■■■■■■■■■■■■■■■■■■■■■■■■■■■■■■■■■■■■■                |  80% of 104.3 MiB
2025-10-15T22:04:22.2602270Z |■■■■■■■■■■■■■■■■■■■■■■■■■■■■■■■■■■■■■■■■■■■■■■■■■■■■■■■■■■■■■■■■■■■■■■■■        |  90% of 104.3 MiB
2025-10-15T22:04:22.3219824Z |■■■■■■■■■■■■■■■■■■■■■■■■■■■■■■■■■■■■■■■■■■■■■■■■■■■■■■■■■■■■■■■■■■■■■■■■■■■■■■■■| 100% of 104.3 MiB
2025-10-15T22:04:24.6423110Z Chromium Headless Shell 140.0.7339.16 (playwright build v1187) downloaded to /home/runner/.cache/ms-playwright/chromium_headless_shell-1187
2025-10-15T22:04:25.7989713Z 
2025-10-15T22:04:25.8038263Z Chromium: |[90m█▎                            [39m| 0/48 test files | [32m0 passed[39m, 0 failed
2025-10-15T22:04:25.8038867Z 
2025-10-15T22:04:25.8039767Z [1mRunning tests...[22m
2025-10-15T22:04:25.8040154Z 
2025-10-15T22:04:25.8040476Z [1mRunning 48 test files...
2025-10-15T22:04:25.8040992Z [22m
2025-10-15T22:04:25.8042065Z 
2025-10-15T22:04:27.9112890Z [2K[1A[2K[G[1m[36mtest/attributes/hx-boost.js[39m[22m:
2025-10-15T22:04:27.9118325Z 
2025-10-15T22:04:27.9118804Z  hx-boost attribute [2m[Chromium][0m[0m[0m
2025-10-15T22:04:27.9119929Z    [32m✓[89m[0m[0m handles basic anchor properly
2025-10-15T22:04:27.9120776Z    [32m✓[89m[0m[0m handles basic form post properly
2025-10-15T22:04:27.9121777Z    [32m✓[89m[0m[0m handles basic form post with button formaction properly
2025-10-15T22:04:27.9122929Z    [32m✓[89m[0m[0m handles basic form post with button formmethod properly
2025-10-15T22:04:27.9124057Z    [32m✓[89m[0m[0m handles basic form post properly w/ explicit action
2025-10-15T22:04:27.9124933Z    [32m✓[89m[0m[0m handles basic form get properly
2025-10-15T22:04:27.9125850Z    [32m✓[89m[0m[0m handles basic form with no explicit method property
2025-10-15T22:04:27.9126798Z    [32m✓[89m[0m[0m does not boost forms with method="dialog"
2025-10-15T22:04:27.9127714Z    [32m✓[89m[0m[0m handles basic anchor properly w/ data-* prefix
2025-10-15T22:04:27.9128614Z    [32m✓[89m[0m[0m overriding default swap style does not effect boosting
2025-10-15T22:04:27.9129842Z    [32m✓[89m[0m[0m anchors w/ explicit targets are not boosted
2025-10-15T22:04:27.9130694Z    [32m✓[89m[0m[0m includes an HX-Boosted Header
2025-10-15T22:04:27.9131717Z    [32m✓[89m[0m[0m form get w/ search params in action property excludes search params
2025-10-15T22:04:27.9133213Z    [32m✓[89m[0m[0m form post w/ query params in action property uses full url
2025-10-15T22:04:27.9134277Z    [32m✓[89m[0m[0m form get with an unset action properly submits
2025-10-15T22:04:27.9135366Z    [32m✓[89m[0m[0m form get with no action properly clears existing parameters on submit
2025-10-15T22:04:27.9136714Z    [32m✓[89m[0m[0m form get with an empty action properly clears existing parameters on submit
2025-10-15T22:04:27.9137713Z    [32m✓[89m[0m[0m ctrlKey mouse click does not boost
2025-10-15T22:04:27.9138099Z 
2025-10-15T22:04:27.9138108Z 
2025-10-15T22:04:27.9184746Z [2K[1A[2K[G[1m[36mtest/attributes/hx-confirm.js[39m[22m:
2025-10-15T22:04:27.9185215Z 
2025-10-15T22:04:27.9185981Z  hx-confirm attribute [2m[Chromium][0m[0m[0m
2025-10-15T22:04:27.9187277Z    [32m✓[89m[0m[0m prompts using window.confirm when hx-confirm is set
2025-10-15T22:04:27.9188278Z    [32m✓[89m[0m[0m stops the request if confirm is cancelled
2025-10-15T22:04:27.9189574Z    [32m✓[89m[0m[0m uses the value of hx-confirm as the prompt
2025-10-15T22:04:27.9190535Z    [32m✓[89m[0m[0m should prompt when htmx:confirm handler calls issueRequest
2025-10-15T22:04:27.9191684Z    [32m✓[89m[0m[0m should include the question in htmx:confirm event
2025-10-15T22:04:27.9197662Z    [32m✓[89m[0m[0m should allow skipping built-in window.confirm when using issueRequest
2025-10-15T22:04:27.9308013Z    [32m✓[89m[0m[0m should allow htmx:confirm even when no hx-confirm is set
2025-10-15T22:04:27.9308760Z 
2025-10-15T22:04:27.9308772Z 
2025-10-15T22:04:28.3348420Z [2K[1A[2K[G[1m[36mtest/attributes/hx-delete.js[39m[22m:
2025-10-15T22:04:28.3348932Z 
2025-10-15T22:04:28.3349523Z  hx-delete attribute [2m[Chromium][0m[0m[0m
2025-10-15T22:04:28.3350301Z    [32m✓[89m[0m[0m issues a DELETE request
2025-10-15T22:04:28.3351110Z    [32m✓[89m[0m[0m issues a DELETE request w/ data-* prefix
2025-10-15T22:04:28.3351532Z 
2025-10-15T22:04:28.3351951Z 
2025-10-15T22:04:28.3934357Z [2K[1A[2K[G[1m[36mtest/attributes/hx-disabled-elt.js[39m[22m:
2025-10-15T22:04:28.3942476Z 
2025-10-15T22:04:28.3943191Z  hx-disabled-elt attribute [2m[Chromium][0m[0m[0m
2025-10-15T22:04:28.3944034Z    [32m✓[89m[0m[0m single element can be disabled w/ hx-disabled elts
2025-10-15T22:04:28.3945084Z    [32m✓[89m[0m[0m single element can be disabled w/ data-hx-disabled elts
2025-10-15T22:04:28.3946030Z    [32m✓[89m[0m[0m single element can be disabled w/ closest syntax
2025-10-15T22:04:28.3947090Z    [32m✓[89m[0m[0m multiple requests with same disabled elt are handled properly
2025-10-15T22:04:28.3948148Z    [32m✓[89m[0m[0m multiple elts can be disabled
2025-10-15T22:04:28.3949361Z    [32m✓[89m[0m[0m load trigger does not prevent disabled element working
2025-10-15T22:04:28.3951718Z    [32m✓[89m[0m[0m hx-disabled-elt supports multiple extended selectors
2025-10-15T22:04:28.3952747Z    [32m✓[89m[0m[0m closest/find/next/previous handle nothing to find without exception
2025-10-15T22:04:28.3953310Z 
2025-10-15T22:04:28.3953517Z  🚧 Browser logs:
2025-10-15T22:04:28.3954523Z       The selector "closest input" on hx-disabled-elt returned no matches!
2025-10-15T22:04:28.3955387Z       The selector "find input" on hx-disabled-elt returned no matches!
2025-10-15T22:04:28.3956211Z       The selector "next input" on hx-disabled-elt returned no matches!
2025-10-15T22:04:28.3957040Z       The selector "previous input" on hx-disabled-elt returned no matches!
2025-10-15T22:04:28.3957501Z 
2025-10-15T22:04:28.3957510Z 
2025-10-15T22:04:28.8055141Z [2K[1A[2K[G[1m[36mtest/attributes/hx-disinherit.js[39m[22m:
2025-10-15T22:04:28.8055702Z 
2025-10-15T22:04:28.8056174Z  hx-disinherit attribute [2m[Chromium][0m[0m[0m
2025-10-15T22:04:28.8056940Z    [32m✓[89m[0m[0m basic inheritance sanity-check
2025-10-15T22:04:28.8057675Z    [32m✓[89m[0m[0m disinherit exclude single attribute
2025-10-15T22:04:28.8058499Z    [32m✓[89m[0m[0m disinherit exclude multiple attributes
2025-10-15T22:04:28.8060006Z    [32m✓[89m[0m[0m disinherit exclude all attributes
2025-10-15T22:04:28.8060742Z    [32m✓[89m[0m[0m same-element inheritance disable
2025-10-15T22:04:28.8061562Z    [32m✓[89m[0m[0m same-element inheritance disable with child nodes
2025-10-15T22:04:28.8062396Z    [32m✓[89m[0m[0m boosted element hx-disinherit sanity check
2025-10-15T22:04:28.8063162Z    [32m✓[89m[0m[0m boosted element inheritance manual unset
2025-10-15T22:04:28.8063948Z    [32m✓[89m[0m[0m nested htmx-node with boosting parent
2025-10-15T22:04:28.8064342Z 
2025-10-15T22:04:28.8064588Z  🚧 Browser logs:
2025-10-15T22:04:28.8065274Z       <span id="cta" class=""><div id="unique"><div id="snowflake">Hello world</div></div></span>
2025-10-15T22:04:28.8066093Z       <div id="unique"><div id="snowflake">Hello world</div></div>
2025-10-15T22:04:28.8066510Z 
2025-10-15T22:04:28.8066520Z 
2025-10-15T22:04:28.8740946Z [2K[1A[2K[G[1m[36mtest/attributes/hx-ext.js[39m[22m:
2025-10-15T22:04:28.8754396Z 
2025-10-15T22:04:28.8755260Z  hx-ext attribute [2m[Chromium][0m[0m[0m
2025-10-15T22:04:28.8756114Z    [32m✓[89m[0m[0m A simple extension is invoked properly
2025-10-15T22:04:28.8756850Z    [32m✓[89m[0m[0m Extensions are merged properly
2025-10-15T22:04:28.8757518Z    [32m✓[89m[0m[0m supports comma separated lists
2025-10-15T22:04:28.8758403Z    [32m✓[89m[0m[0m A simple extension is invoked properly  w/ data-* prefix
2025-10-15T22:04:28.8759740Z    [32m✓[89m[0m[0m A simple extension is invoked properly when an HX-Trigger event w/ a namespace fires
2025-10-15T22:04:28.8760970Z    [32m✓[89m[0m[0m A simple extension is invoked properly for elements it specified in getSelectors
2025-10-15T22:04:28.8761906Z    [32m✓[89m[0m[0m Extensions are ignored properly
2025-10-15T22:04:28.8762672Z    [32m✓[89m[0m[0m oob swap via swap extension uses isInlineSwap correctly
2025-10-15T22:04:28.8764219Z    [32m✓[89m[0m[0m isInlineSwap/handleSwap handling catches, logs and ignores exceptions in extension code
2025-10-15T22:04:28.8764904Z 
2025-10-15T22:04:28.8765155Z  🚧 Browser logs:
2025-10-15T22:04:28.8765665Z       Error: simulate exception handling in isInlineSwap
2025-10-15T22:04:28.8766382Z         at Object.isInlineSwap (test/attributes/hx-ext.js:29:44)
2025-10-15T22:04:28.8767080Z         at isInlineSwap (src/htmx.js:1445:23)
2025-10-15T22:04:28.8767607Z         at src/htmx.js:1487:16
2025-10-15T22:04:28.8768077Z         at forEach (src/htmx.js:757:9)
2025-10-15T22:04:28.8768607Z         at oobSwap (src/htmx.js:1480:7)
2025-10-15T22:04:28.8769327Z         at src/htmx.js:1860:11
2025-10-15T22:04:28.8769836Z         at forEach (src/htmx.js:757:9)
2025-10-15T22:04:28.8770423Z         at findAndSwapOobElements (src/htmx.js:1856:5)
2025-10-15T22:04:28.8770969Z         at doSwap (src/htmx.js:1934:9)
2025-10-15T22:04:28.8771433Z         at swap (src/htmx.js:2050:9)
2025-10-15T22:04:28.8772024Z       Error: simulate exception handling in handleSwap
2025-10-15T22:04:28.8772761Z         at Object.handleSwap (test/attributes/hx-ext.js:32:44)
2025-10-15T22:04:28.8773470Z         at swapWithStyle (src/htmx.js:1824:37)
2025-10-15T22:04:28.8774054Z         at src/htmx.js:1497:13
2025-10-15T22:04:28.8774627Z         at forEach (src/htmx.js:757:9)
2025-10-15T22:04:28.8775123Z         at oobSwap (src/htmx.js:1480:7)
2025-10-15T22:04:28.8775645Z         at src/htmx.js:1860:11
2025-10-15T22:04:28.8776109Z         at forEach (src/htmx.js:757:9)
2025-10-15T22:04:28.8776719Z         at findAndSwapOobElements (src/htmx.js:1856:5)
2025-10-15T22:04:28.8777342Z         at doSwap (src/htmx.js:1934:9)
2025-10-15T22:04:28.8777858Z         at swap (src/htmx.js:2050:9)
2025-10-15T22:04:28.8778200Z 
2025-10-15T22:04:28.8778210Z 
2025-10-15T22:04:29.2715677Z [2K[1A[2K[G[1m[36mtest/attributes/hx-get.js[39m[22m:
2025-10-15T22:04:29.2716190Z 
2025-10-15T22:04:29.2716585Z  hx-get attribute [2m[Chromium][0m[0m[0m
2025-10-15T22:04:29.2717499Z    [32m✓[89m[0m[0m issues a GET request on click and swaps content
2025-10-15T22:04:29.2718976Z    [32m✓[89m[0m[0m GET does not include surrounding data by default
2025-10-15T22:04:29.2720136Z    [32m✓[89m[0m[0m GET on form includes its own data by default
2025-10-15T22:04:29.2721050Z    [32m✓[89m[0m[0m GET on form with existing parameters works properly
2025-10-15T22:04:29.2722001Z    [32m✓[89m[0m[0m GET on form with anchor works properly
2025-10-15T22:04:29.2722931Z    [32m✓[89m[0m[0m GET on form with anchor works properly and scrolls to anchor id
2025-10-15T22:04:29.2723970Z    [32m✓[89m[0m[0m issues a GET request on click and swaps content w/ data-* prefix
2025-10-15T22:04:29.2724984Z    [32m✓[89m[0m[0m does not include a cache-busting parameter when not enabled
2025-10-15T22:04:29.2726196Z    [32m✓[89m[0m[0m includes a cache-busting parameter when enabled w/ value "true" if no id on target
2025-10-15T22:04:29.2727628Z    [32m✓[89m[0m[0m includes a cache-busting parameter when enabled w/ the id of the target if there is one
2025-10-15T22:04:29.2728363Z 
2025-10-15T22:04:29.2728413Z 
2025-10-15T22:04:29.3437512Z [2K[1A[2K[G[1m[36mtest/attributes/hx-headers.js[39m[22m:
2025-10-15T22:04:29.3438439Z 
2025-10-15T22:04:29.3439411Z  hx-headers attribute [2m[Chromium][0m[0m[0m
2025-10-15T22:04:29.3440245Z    [32m✓[89m[0m[0m basic hx-headers works
2025-10-15T22:04:29.3441118Z    [32m✓[89m[0m[0m basic hx-headers works with braces
2025-10-15T22:04:29.3442662Z    [32m✓[89m[0m[0m multiple hx-headers works
2025-10-15T22:04:29.3443347Z    [32m✓[89m[0m[0m hx-headers can be on parents
2025-10-15T22:04:29.3444046Z    [32m✓[89m[0m[0m hx-headers can override parents
2025-10-15T22:04:29.3444728Z    [32m✓[89m[0m[0m hx-headers overrides inputs
2025-10-15T22:04:29.3445428Z    [32m✓[89m[0m[0m basic hx-headers javascript: works
2025-10-15T22:04:29.3446128Z    [32m✓[89m[0m[0m hx-headers works with braces
2025-10-15T22:04:29.3447281Z    [32m✓[89m[0m[0m multiple hx-headers works with javascript
2025-10-15T22:04:29.3448132Z    [32m✓[89m[0m[0m hx-headers can be on parents with javascript
2025-10-15T22:04:29.3448947Z    [32m✓[89m[0m[0m hx-headers can override parents with javascript
2025-10-15T22:04:29.3464097Z    [32m✓[89m[0m[0m hx-headers overrides inputs with javascript
2025-10-15T22:04:29.3464545Z 
2025-10-15T22:04:29.3464554Z 
2025-10-15T22:04:29.7226885Z [2K[1A[2K[G[1m[36mtest/attributes/hx-history-elt.js[39m[22m:
2025-10-15T22:04:29.7227297Z 
2025-10-15T22:04:29.7227595Z  hx-history attribute [2m[Chromium][0m[0m[0m
2025-10-15T22:04:29.7228368Z    [32m✓[89m[0m[0m content of hx-history-elt is used during history replacment
2025-10-15T22:04:29.7228818Z 
2025-10-15T22:04:29.7228840Z 
2025-10-15T22:04:29.7732674Z [2K[1A[2K[G[1m[36mtest/attributes/hx-history.js[39m[22m:
2025-10-15T22:04:29.7744635Z 
2025-10-15T22:04:29.7745606Z  hx-history attribute [2m[Chromium][0m[0m[0m
2025-10-15T22:04:29.7746805Z    [32m✓[89m[0m[0m history cache should not contain embargoed content
2025-10-15T22:04:29.7747303Z 
2025-10-15T22:04:29.7747312Z 
2025-10-15T22:04:30.1924786Z [2K[1A[2K[G[1m[36mtest/attributes/hx-include.js[39m[22m:
2025-10-15T22:04:30.1925603Z 
2025-10-15T22:04:30.1926071Z  hx-include attribute [2m[Chromium][0m[0m[0m
2025-10-15T22:04:30.1943752Z    [32m✓[89m[0m[0m By default an input includes itself
2025-10-15T22:04:30.1944642Z    [32m✓[89m[0m[0m non-GET includes closest form
2025-10-15T22:04:30.1945560Z    [32m✓[89m[0m[0m non-GET includes closest form and overrides values included that exist outside the form
2025-10-15T22:04:30.1946533Z    [32m✓[89m[0m[0m GET does not include closest form by default
2025-10-15T22:04:30.1947356Z    [32m✓[89m[0m[0m Single input not included twice when in form
2025-10-15T22:04:30.1948254Z    [32m✓[89m[0m[0m Two inputs are included twice when they have the same name
2025-10-15T22:04:30.1949462Z    [32m✓[89m[0m[0m Two inputs are included twice when in form when they have the same name
2025-10-15T22:04:30.1950510Z    [32m✓[89m[0m[0m Input not included twice when it explicitly refers to parent form
2025-10-15T22:04:30.1951900Z    [32m✓[89m[0m[0m Input can be referred to externally
2025-10-15T22:04:30.1952883Z    [32m✓[89m[0m[0m Input can be referred to externally and then via a form then it will only be included once
2025-10-15T22:04:30.1953765Z    [32m✓[89m[0m[0m checkbox can be referred to externally
2025-10-15T22:04:30.1954463Z    [32m✓[89m[0m[0m files input can be referred to externally
2025-10-15T22:04:30.1955368Z    [32m✓[89m[0m[0m properly handles multiple select input referred to externally
2025-10-15T22:04:30.1956657Z    [32m✓[89m[0m[0m properly handles multiple select input referred to externally and then via a form then it will only be included once
2025-10-15T22:04:30.1957688Z    [32m✓[89m[0m[0m Two inputs can be referred to externally
2025-10-15T22:04:30.1958330Z    [32m✓[89m[0m[0m A form can be referred to externally
2025-10-15T22:04:30.1959264Z    [32m✓[89m[0m[0m By default an input includes itself w/ data-* prefix
2025-10-15T22:04:30.1960222Z    [32m✓[89m[0m[0m If the element is not includeable, its descendant inputs are included
2025-10-15T22:04:30.1961529Z    [32m✓[89m[0m[0m The `closest` modifier can be used in the hx-include selector
2025-10-15T22:04:30.1962413Z    [32m✓[89m[0m[0m The `this` modifier can be used in the hx-include selector
2025-10-15T22:04:30.1963254Z    [32m✓[89m[0m[0m Multiple extended selectors can be used in hx-include
2025-10-15T22:04:30.1964258Z    [32m✓[89m[0m[0m hx-include processes extended selector in between standard selectors
2025-10-15T22:04:30.1965268Z    [32m✓[89m[0m[0m hx-include processes nested standard selectors correctly
2025-10-15T22:04:30.1966212Z    [32m✓[89m[0m[0m hx-include processes wrapped next/previous selectors correctly
2025-10-15T22:04:30.1967587Z    [32m✓[89m[0m[0m hx-include processes wrapped closest selector correctly
2025-10-15T22:04:30.1968756Z    [32m✓[89m[0m[0m `inherit` can be used to expand parent hx-include
2025-10-15T22:04:30.1970079Z    [32m✓[89m[0m[0m `inherit` can be used to expand multiple parents hx-include
2025-10-15T22:04:30.1970911Z    [32m✓[89m[0m[0m `inherit` chain breaks properly
2025-10-15T22:04:30.1971675Z    [32m✓[89m[0m[0m `inherit` syntax regex properly catches keyword
2025-10-15T22:04:30.1972095Z 
2025-10-15T22:04:30.1972105Z 
2025-10-15T22:04:30.2591418Z [2K[1A[2K[G[1m[36mtest/attributes/hx-indicator.js[39m[22m:
2025-10-15T22:04:30.2591895Z 
2025-10-15T22:04:30.2595838Z  hx-indicator attribute [2m[Chromium][0m[0m[0m
2025-10-15T22:04:30.2607109Z    [32m✓[89m[0m[0m Indicator classes are properly put on element with no explicit indicator
2025-10-15T22:04:30.2608296Z    [32m✓[89m[0m[0m Indicator classes are properly put on element with explicit indicator
2025-10-15T22:04:30.2609472Z    [32m✓[89m[0m[0m Indicator classes are properly put on element with relative indicator
2025-10-15T22:04:30.2610659Z    [32m✓[89m[0m[0m Indicator classes are properly put on element with explicit indicator w/ data-* prefix
2025-10-15T22:04:30.2611664Z    [32m✓[89m[0m[0m allows closest syntax in hx-indicator
2025-10-15T22:04:30.2612455Z    [32m✓[89m[0m[0m is removed when initiating element is removed from the DOM
2025-10-15T22:04:30.2613201Z    [32m✓[89m[0m[0m allows this syntax in hx-indicator
2025-10-15T22:04:30.2614126Z    [32m✓[89m[0m[0m multiple requests with same indicator are handled properly
2025-10-15T22:04:30.2615066Z    [32m✓[89m[0m[0m `inherit` can be used to expand parent hx-indicator
2025-10-15T22:04:30.2629284Z    [32m✓[89m[0m[0m `inherit` can be used to expand multiple parents hx-indicator
2025-10-15T22:04:30.2630096Z    [32m✓[89m[0m[0m `inherit` chain breaks properly
2025-10-15T22:04:30.2630417Z 
2025-10-15T22:04:30.2630426Z 
2025-10-15T22:04:30.6418102Z [2K[1A[2K[G[1m[36mtest/attributes/hx-inherit.js[39m[22m:
2025-10-15T22:04:30.6420348Z 
2025-10-15T22:04:30.6422477Z  hx-inherit attribute [2m[Chromium][0m[0m[0m
2025-10-15T22:04:30.6423698Z    [32m✓[89m[0m[0m can disable inheritance
2025-10-15T22:04:30.6424350Z    [32m✓[89m[0m[0m can enable inheritance for all
2025-10-15T22:04:30.6424994Z    [32m✓[89m[0m[0m can enable inheritance by name
2025-10-15T22:04:30.6425792Z    [32m✓[89m[0m[0m can enable inheritance by name (bad name, no inheritance)
2025-10-15T22:04:30.6426706Z    [32m✓[89m[0m[0m can enable inheritance by name with multiple attributes
2025-10-15T22:04:30.6427147Z 
2025-10-15T22:04:30.6427156Z 
2025-10-15T22:04:30.7940597Z [2K[1A[2K[G[1m[36mtest/attributes/hx-on-wildcard.js[39m[22m:
2025-10-15T22:04:30.7950309Z 
2025-10-15T22:04:30.7951034Z  hx-on:* attribute [2m[Chromium][0m[0m[0m
2025-10-15T22:04:30.7952137Z    [32m✓[89m[0m[0m can handle basic events w/ no other attributes
2025-10-15T22:04:30.7953026Z    [32m✓[89m[0m[0m can use dashes rather than colons
2025-10-15T22:04:30.7954033Z    [32m✓[89m[0m[0m can modify a parameter via htmx:configRequest
2025-10-15T22:04:30.7955069Z    [32m✓[89m[0m[0m can modify a parameter via htmx:configRequest with dashes
2025-10-15T22:04:30.7958105Z    [32m✓[89m[0m[0m expands :: shorthand into htmx:
2025-10-15T22:04:30.7958802Z    [32m✓[89m[0m[0m expands -- shorthand into htmx:
2025-10-15T22:04:30.7959883Z    [32m✓[89m[0m[0m can cancel an event via preventDefault for htmx:config-request
2025-10-15T22:04:30.7960674Z    [32m✓[89m[0m[0m can respond to data-hx-on
2025-10-15T22:04:30.7961323Z    [32m✓[89m[0m[0m has the this symbol set to the element
2025-10-15T22:04:30.7961966Z    [32m✓[89m[0m[0m can handle multi-line JSON
2025-10-15T22:04:30.7962821Z    [32m✓[89m[0m[0m can handle multiple event handlers in the presence of multi-line JSON
2025-10-15T22:04:30.7963643Z    [32m✓[89m[0m[0m should fire when triggered by load
2025-10-15T22:04:30.7964314Z    [32m✓[89m[0m[0m should fire when triggered by revealed
2025-10-15T22:04:30.7965505Z    [32m✓[89m[0m[0m de-initializes hx-on-* content properly
2025-10-15T22:04:30.7966280Z    [32m✓[89m[0m[0m is not evaluated when allowEval is false
2025-10-15T22:04:30.7967013Z    [32m✓[89m[0m[0m can handle being swapped using innerHTML
2025-10-15T22:04:30.7967761Z    [32m✓[89m[0m[0m cleans up all handlers when the DOM updates
2025-10-15T22:04:30.7968132Z 
2025-10-15T22:04:30.7968341Z  🚧 Browser logs:
2025-10-15T22:04:30.7968711Z       htmx:evalDisallowedError
2025-10-15T22:04:30.7968971Z 
2025-10-15T22:04:30.7968980Z 
2025-10-15T22:04:31.0580165Z [2K[1A[2K[G[1m[36mtest/attributes/hx-params.js[39m[22m:
2025-10-15T22:04:31.0580751Z 
2025-10-15T22:04:31.0581769Z  hx-params attribute [2m[Chromium][0m[0m[0m
2025-10-15T22:04:31.0582530Z    [32m✓[89m[0m[0m none excludes all params
2025-10-15T22:04:31.0583212Z    [32m✓[89m[0m[0m "*" includes all params
2025-10-15T22:04:31.0583817Z    [32m✓[89m[0m[0m named includes works
2025-10-15T22:04:31.0584417Z    [32m✓[89m[0m[0m named exclude works
2025-10-15T22:04:31.0585214Z    [32m✓[89m[0m[0m named exclude works  w/ data-* prefix
2025-10-15T22:04:31.0585616Z 
2025-10-15T22:04:31.0585642Z 
2025-10-15T22:04:31.2280584Z [2K[1A[2K[G[1m[36mtest/attributes/hx-patch.js[39m[22m:
2025-10-15T22:04:31.2281165Z 
2025-10-15T22:04:31.2281599Z  hx-patch attribute [2m[Chromium][0m[0m[0m
2025-10-15T22:04:31.2282278Z    [32m✓[89m[0m[0m issues a PATCH request
2025-10-15T22:04:31.2282993Z    [32m✓[89m[0m[0m issues a PATCH request w/ data-* prefix
2025-10-15T22:04:31.2283393Z 
2025-10-15T22:04:31.2283412Z 
2025-10-15T22:04:31.4794344Z [2K[1A[2K[G[1m[36mtest/attributes/hx-post.js[39m[22m:
2025-10-15T22:04:31.4797269Z 
2025-10-15T22:04:31.4797695Z  hx-post attribute [2m[Chromium][0m[0m[0m
2025-10-15T22:04:31.4798514Z    [32m✓[89m[0m[0m issues a POST request with proper headers
2025-10-15T22:04:31.4799675Z    [32m✓[89m[0m[0m issues a POST request with proper headers  w/ data-* prefix
2025-10-15T22:04:31.4800119Z 
2025-10-15T22:04:31.4800200Z 
2025-10-15T22:04:31.6496327Z [2K[1A[2K[G[1m[36mtest/attributes/hx-preserve.js[39m[22m:
2025-10-15T22:04:31.6502418Z 
2025-10-15T22:04:31.6506042Z  hx-preserve attribute [2m[Chromium][0m[0m[0m
2025-10-15T22:04:31.6506895Z    [32m✓[89m[0m[0m handles basic response properly
2025-10-15T22:04:31.6507780Z    [32m✓[89m[0m[0m handles preserved element that might not be existing
2025-10-15T22:04:31.6508826Z    [32m✓[89m[0m[0m preserved element should not be swapped if it lies outside of hx-select
2025-10-15T22:04:31.6510166Z    [32m✓[89m[0m[0m preserved element should not be swapped if it is part of a oob swap
2025-10-15T22:04:31.6511314Z    [32m✓[89m[0m[0m preserved element should not be swapped if it is part of a hx-select-oob swap
2025-10-15T22:04:31.6512669Z    [32m✓[89m[0m[0m preserved element should relocated unchanged if it is part of a oob swap targeting a different loction
2025-10-15T22:04:31.6514162Z    [32m✓[89m[0m[0m when moveBefore is disabled/missing preseved content is copied into fragment instead of pantry
2025-10-15T22:04:31.6514869Z 
2025-10-15T22:04:31.6514880Z 
2025-10-15T22:04:31.8893744Z [2K[1A[2K[G[1m[36mtest/attributes/hx-prompt.js[39m[22m:
2025-10-15T22:04:31.8896840Z 
2025-10-15T22:04:31.8898780Z  hx-prompt attribute [2m[Chromium][0m[0m[0m
2025-10-15T22:04:31.8902041Z    [32m✓[89m[0m[0m hx-prompt should set request header to prompt response
2025-10-15T22:04:31.8903089Z    [32m✓[89m[0m[0m hx-prompt that is cancled returns null and blocks the request
2025-10-15T22:04:31.8903606Z 
2025-10-15T22:04:31.8903616Z 
2025-10-15T22:04:32.2853683Z [2K[1A[2K[G[1m[36mtest/attributes/hx-put.js[39m[22m:
2025-10-15T22:04:32.2854504Z 
2025-10-15T22:04:32.2855537Z  hx-put attribute [2m[Chromium][0m[0m[0m
2025-10-15T22:04:32.2856939Z    [32m✓[89m[0m[0m issues a PUT request
2025-10-15T22:04:32.2857867Z    [32m✓[89m[0m[0m issues a PUT request w/ data-* prefix
2025-10-15T22:04:32.2858444Z 
2025-10-15T22:04:32.2858827Z 
2025-10-15T22:04:32.6952198Z [2K[1A[2K[G[1m[36mtest/attributes/hx-replace-url.js[39m[22m:
2025-10-15T22:04:32.6956050Z 
2025-10-15T22:04:32.6957524Z  hx-replace-url attribute [2m[Chromium][0m[0m[0m
2025-10-15T22:04:32.6959834Z    [32m✓[89m[0m[0m navigation should replace an element into the cache when true
2025-10-15T22:04:32.6962212Z    [32m✓[89m[0m[0m should handle HX-Replace-Url response header
2025-10-15T22:04:32.6962634Z 
2025-10-15T22:04:32.6962644Z 
2025-10-15T22:04:32.8608978Z [2K[1A[2K[G[1m[36mtest/attributes/hx-push-url.js[39m[22m:
2025-10-15T22:04:32.8614150Z 
2025-10-15T22:04:32.8618707Z  hx-push-url attribute [2m[Chromium][0m[0m[0m
2025-10-15T22:04:32.8628271Z    [32m✓[89m[0m[0m navigation should push an element into the cache when true
2025-10-15T22:04:32.8631800Z    [32m✓[89m[0m[0m navigation should not push an element into the cache when false
2025-10-15T22:04:32.8635062Z    [32m✓[89m[0m[0m navigation should push an element into the cache when string
2025-10-15T22:04:32.8638129Z    [32m✓[89m[0m[0m restore should return old value
2025-10-15T22:04:32.8642407Z    [32m✓[89m[0m[0m history restore should not have htmx support classes in content
2025-10-15T22:04:32.8645517Z    [32m✓[89m[0m[0m cache should only store 10 entries
2025-10-15T22:04:32.8648196Z    [32m✓[89m[0m[0m cache miss should issue another GET
2025-10-15T22:04:32.8652489Z    [32m✓[89m[0m[0m cache miss should refresh when refreshOnHistoryMiss true
2025-10-15T22:04:32.8653551Z    [32m✓[89m[0m[0m navigation should push an element into the cache  w/ data-* prefix
2025-10-15T22:04:32.8654604Z    [32m✓[89m[0m[0m deals with malformed JSON in history cache when getting
2025-10-15T22:04:32.8655507Z    [32m✓[89m[0m[0m deals with malformed JSON in history cache when saving
2025-10-15T22:04:32.8656456Z    [32m✓[89m[0m[0m does not blow out cache when saving a URL twice
2025-10-15T22:04:32.8657260Z    [32m✓[89m[0m[0m setting history cache size to 0 clears cache
2025-10-15T22:04:32.8658063Z    [32m✓[89m[0m[0m history cache is LRU
2025-10-15T22:04:32.8659650Z    [32m✓[89m[0m[0m htmx:afterSettle is called when replacing outerHTML
2025-10-15T22:04:32.8661194Z    [32m✓[89m[0m[0m should include parameters on a get
2025-10-15T22:04:32.8661947Z    [32m✓[89m[0m[0m saveToHistoryCache should not throw
2025-10-15T22:04:32.8662721Z    [32m✓[89m[0m[0m when sessionStorage disabled history not saved fine
2025-10-15T22:04:32.8663678Z    [2m-[0m[0m[0m normalizePath falls back to no normalization if path not valid URL
2025-10-15T22:04:32.8670518Z    [32m✓[89m[0m[0m history cache clears out disabled attribute
2025-10-15T22:04:32.8671675Z    [32m✓[89m[0m[0m ensure cache-busting parameter not pushed to history url
2025-10-15T22:04:32.8672549Z    [32m✓[89m[0m[0m ensure history pushState called
2025-10-15T22:04:32.8673286Z    [32m✓[89m[0m[0m should handle HX-Push response header
2025-10-15T22:04:32.8674097Z    [32m✓[89m[0m[0m should handle HX-Push-Url response header
2025-10-15T22:04:32.8674943Z    [32m✓[89m[0m[0m should ignore HX-Push-Url=false response header
2025-10-15T22:04:32.8675882Z    [32m✓[89m[0m[0m pushing url without anchor will retain the page anchor tag
2025-10-15T22:04:32.8676366Z 
2025-10-15T22:04:32.8676592Z  🚧 Browser logs:
2025-10-15T22:04:32.8677194Z       SyntaxError: Unexpected token 'I', "Invalid JSON" is not valid JSON
2025-10-15T22:04:32.8677822Z         at JSON.parse (<anonymous>)
2025-10-15T22:04:32.8678303Z         at parseJSON (src/htmx.js:818:19)
2025-10-15T22:04:32.8678838Z         at getCachedHistory (src/htmx.js:3220:26)
2025-10-15T22:04:32.8679746Z         at n.<anonymous> (test/attributes/hx-push-url.js:161:45)
2025-10-15T22:04:32.8680516Z       SyntaxError: Unexpected token 'I', "Invalid JSON" is not valid JSON
2025-10-15T22:04:32.8681184Z         at JSON.parse (<anonymous>)
2025-10-15T22:04:32.8681698Z         at parseJSON (src/htmx.js:818:19)
2025-10-15T22:04:32.8682565Z         at saveToHistoryCache (src/htmx.js:3171:26)
2025-10-15T22:04:32.8683232Z         at n.<anonymous> (test/attributes/hx-push-url.js:167:33)
2025-10-15T22:04:32.8683786Z       htmx:historyCacheError
2025-10-15T22:04:32.8684052Z 
2025-10-15T22:04:32.8684062Z 
2025-10-15T22:04:33.1461295Z [2K[1A[2K[G[1m[36mtest/attributes/hx-request.js[39m[22m:
2025-10-15T22:04:33.1462813Z 
2025-10-15T22:04:33.1463275Z  hx-request attribute [2m[Chromium][0m[0m[0m
2025-10-15T22:04:33.1464014Z    [32m✓[89m[0m[0m basic hx-request timeout works
2025-10-15T22:04:33.1464659Z    [32m✓[89m[0m[0m hx-request header works
2025-10-15T22:04:33.1464965Z 
2025-10-15T22:04:33.1465160Z  🚧 Browser logs:
2025-10-15T22:04:33.1465492Z       htmx:afterRequest
2025-10-15T22:04:33.1465847Z       htmx:timeout
2025-10-15T22:04:33.1466047Z 
2025-10-15T22:04:33.1466057Z 
2025-10-15T22:04:33.3232228Z [2K[1A[2K[G[1m[36mtest/attributes/hx-select-oob.js[39m[22m:
2025-10-15T22:04:33.3232711Z 
2025-10-15T22:04:33.3233098Z  hx-select-oob attribute [2m[Chromium][0m[0m[0m
2025-10-15T22:04:33.3233817Z    [32m✓[89m[0m[0m basic hx-select-oob works
2025-10-15T22:04:33.3234538Z    [32m✓[89m[0m[0m multiple hx-select-oobs works
2025-10-15T22:04:33.3235237Z    [32m✓[89m[0m[0m basic hx-select-oob ignores bad selector
2025-10-15T22:04:33.3235619Z 
2025-10-15T22:04:33.3235628Z 
2025-10-15T22:04:33.5611748Z [2K[1A[2K[G[1m[36mtest/attributes/hx-select.js[39m[22m:
2025-10-15T22:04:33.5614832Z 
2025-10-15T22:04:33.5616964Z  BOOTSTRAP - htmx AJAX Tests [2m[Chromium][0m[0m[0m
2025-10-15T22:04:33.5621722Z    [32m✓[89m[0m[0m properly handles a partial of HTML
2025-10-15T22:04:33.5637441Z    [32m✓[89m[0m[0m properly handles a full HTML document
2025-10-15T22:04:33.5638475Z    [32m✓[89m[0m[0m properly handles a full HTML document  w/ data-* prefix
2025-10-15T22:04:33.5638950Z 
2025-10-15T22:04:33.5638961Z 
2025-10-15T22:04:33.7928086Z [2K[1A[2K[G[1m[36mtest/attributes/hx-swap-oob.js[39m[22m:
2025-10-15T22:04:33.7932750Z 
2025-10-15T22:04:33.7936756Z  hx-swap-oob attribute [2m[Chromium][0m[0m[0m
2025-10-15T22:04:33.7938398Z    [32m✓[89m[0m[0m handles basic response properly with config {"allowNestedOobSwaps":true}
2025-10-15T22:04:33.7939987Z    [32m✓[89m[0m[0m handles basic response properly with config {"allowNestedOobSwaps":false}
2025-10-15T22:04:33.7941363Z    [32m✓[89m[0m[0m oob swap works when the response has a body tag with config {"allowNestedOobSwaps":true}
2025-10-15T22:04:33.7942791Z    [32m✓[89m[0m[0m oob swap works when the response has a body tag with config {"allowNestedOobSwaps":false}
2025-10-15T22:04:33.7944232Z    [32m✓[89m[0m[0m oob swap works when the response has html and body tags with config {"allowNestedOobSwaps":true}
2025-10-15T22:04:33.7946307Z    [32m✓[89m[0m[0m oob swap works when the response has html and body tags with config {"allowNestedOobSwaps":false}
2025-10-15T22:04:33.7947660Z    [32m✓[89m[0m[0m handles more than one oob swap properly with config {"allowNestedOobSwaps":true}
2025-10-15T22:04:33.7949220Z    [32m✓[89m[0m[0m handles more than one oob swap properly with config {"allowNestedOobSwaps":false}
2025-10-15T22:04:33.7950242Z    [32m✓[89m[0m[0m handles remvoing hx-swap-oob tag
2025-10-15T22:04:33.7951022Z    [32m✓[89m[0m[0m handles remvoing data-hx-swap-oob tag
2025-10-15T22:04:33.7951748Z    [32m✓[89m[0m[0m handles no id match properly
2025-10-15T22:04:33.7952558Z    [32m✓[89m[0m[0m handles basic response properly w/ data-* prefix
2025-10-15T22:04:33.7953403Z    [32m✓[89m[0m[0m handles outerHTML response properly
2025-10-15T22:04:33.7954178Z    [32m✓[89m[0m[0m handles innerHTML response properly
2025-10-15T22:04:33.7955642Z    [32m✓[89m[0m[0m oob swaps can be nested in content with config {"allowNestedOobSwaps": true}
2025-10-15T22:04:33.7957006Z    [32m✓[89m[0m[0m oob swaps in nested content are ignored and stripped with config {"allowNestedOobSwaps": false}
2025-10-15T22:04:33.7958017Z    [32m✓[89m[0m[0m oob swaps can use selectors to match up
2025-10-15T22:04:33.7967967Z    [32m✓[89m[0m[0m swaps into all targets that match the selector (innerHTML)
2025-10-15T22:04:33.7970310Z    [32m✓[89m[0m[0m swaps into all targets that match the selector (outerHTML)
2025-10-15T22:04:33.7971319Z    [32m✓[89m[0m[0m oob swap delete works properly
2025-10-15T22:04:33.7972712Z    [32m✓[89m[0m[0m oob swap removes templates used for oob encapsulation only properly
2025-10-15T22:04:33.7973734Z    [32m✓[89m[0m[0m oob swap keeps templates not used for oob swap encapsulation
2025-10-15T22:04:33.7975082Z    [32m✓[89m[0m[0m oob swap supports table row in fragment along other oob swap elements with config {"allowNestedOobSwaps":true}
2025-10-15T22:04:33.7976780Z    [32m✓[89m[0m[0m oob swap supports table row in fragment along other oob swap elements with config {"allowNestedOobSwaps":false}
2025-10-15T22:04:33.7978258Z    [32m✓[89m[0m[0m handles oob target in web components with both inside shadow root and config {"allowNestedOobSwaps":true}
2025-10-15T22:04:33.7985353Z    [32m✓[89m[0m[0m handles oob target in web components with both inside shadow root and config {"allowNestedOobSwaps":false}
2025-10-15T22:04:33.7987298Z    [32m✓[89m[0m[0m handles oob target in web components with main target outside web component config {"allowNestedOobSwaps":true}
2025-10-15T22:04:33.7988904Z    [32m✓[89m[0m[0m handles oob target in web components with main target outside web component config {"allowNestedOobSwaps":false}
2025-10-15T22:04:33.7990802Z    [32m✓[89m[0m[0m handles global oob target in web components with main target inside web component config {"allowNestedOobSwaps":true}
2025-10-15T22:04:33.7992638Z    [32m✓[89m[0m[0m handles global oob target in web components with main target inside web component config {"allowNestedOobSwaps":false}
2025-10-15T22:04:33.7993916Z    [2m-[0m[0m[0m triggers htmx:oobErrorNoTarget when no targets found
2025-10-15T22:04:33.7995081Z    [32m✓[89m[0m[0m handles elements with IDs containing special characters properly
2025-10-15T22:04:33.7996224Z    [32m✓[89m[0m[0m handles one swap into multiple elements with the same ID properly
2025-10-15T22:04:33.7996776Z 
2025-10-15T22:04:33.7997000Z  🚧 Browser logs:
2025-10-15T22:04:33.7997355Z       htmx:oobErrorNoTarget
2025-10-15T22:04:33.7997621Z 
2025-10-15T22:04:33.7997632Z 
2025-10-15T22:04:34.1964103Z [2K[1A[2K[G[1m[36mtest/attributes/hx-sync.js[39m[22m:
2025-10-15T22:04:34.1965039Z 
2025-10-15T22:04:34.1970469Z  hx-sync attribute [2m[Chromium][0m[0m[0m
2025-10-15T22:04:34.1971141Z    [32m✓[89m[0m[0m can use drop strategy
2025-10-15T22:04:34.1971798Z    [32m✓[89m[0m[0m defaults to the drop strategy
2025-10-15T22:04:34.1972518Z    [32m✓[89m[0m[0m can use replace strategy
2025-10-15T22:04:34.1973178Z    [32m✓[89m[0m[0m can use queue all strategy
2025-10-15T22:04:34.1973832Z    [32m✓[89m[0m[0m can use queue last strategy
2025-10-15T22:04:34.1974480Z    [32m✓[89m[0m[0m can use queue first strategy
2025-10-15T22:04:34.1975727Z    [32m✓[89m[0m[0m can use abort strategy to end existing abortable request
2025-10-15T22:04:34.1976800Z    [32m✓[89m[0m[0m can use abort strategy to drop abortable request when one is in flight
2025-10-15T22:04:34.1977655Z    [32m✓[89m[0m[0m can abort a request programmatically
2025-10-15T22:04:34.1977994Z 
2025-10-15T22:04:34.1978199Z  🚧 Browser logs:
2025-10-15T22:04:34.1978581Z       htmx:afterRequest
2025-10-15T22:04:34.1978913Z       htmx:sendAbort
2025-10-15T22:04:34.1982533Z       htmx:afterRequest
2025-10-15T22:04:34.1982929Z       htmx:sendAbort
2025-10-15T22:04:34.1983260Z       htmx:afterRequest
2025-10-15T22:04:34.1983571Z       htmx:sendAbort
2025-10-15T22:04:34.1983749Z 
2025-10-15T22:04:34.1983758Z 
2025-10-15T22:04:34.5083024Z [2K[1A[2K[G[1m[36mtest/attributes/hx-swap.js[39m[22m:
2025-10-15T22:04:34.5085003Z 
2025-10-15T22:04:34.5090608Z  hx-swap attribute [2m[Chromium][0m[0m[0m
2025-10-15T22:04:34.5094653Z    [32m✓[89m[0m[0m swap innerHTML properly
2025-10-15T22:04:34.5095501Z    [32m✓[89m[0m[0m swap textContent properly with HTML tags
2025-10-15T22:04:34.5096406Z    [32m✓[89m[0m[0m swap textContent properly with HTML tags and text
2025-10-15T22:04:34.5097203Z    [32m✓[89m[0m[0m swap textContent ignores OOB swaps
2025-10-15T22:04:34.5099812Z    [32m✓[89m[0m[0m swap textContent properly with text
2025-10-15T22:04:34.5101188Z    [32m✓[89m[0m[0m swap outerHTML properly
2025-10-15T22:04:34.5102118Z    [32m✓[89m[0m[0m swap outerHTML on body falls back to innerHTML properly
2025-10-15T22:04:34.5102910Z    [32m✓[89m[0m[0m swap beforebegin properly
2025-10-15T22:04:34.5103614Z    [32m✓[89m[0m[0m swap afterbegin properly
2025-10-15T22:04:34.5104357Z    [32m✓[89m[0m[0m swap afterbegin properly with no initial content
2025-10-15T22:04:34.5105068Z    [32m✓[89m[0m[0m swap afterend properly
2025-10-15T22:04:34.5105718Z    [32m✓[89m[0m[0m handles beforeend properly
2025-10-15T22:04:34.5106530Z    [32m✓[89m[0m[0m handles beforeend properly with no initial content
2025-10-15T22:04:34.5108026Z    [32m✓[89m[0m[0m properly parses various swap specifications
2025-10-15T22:04:34.5108725Z    [32m✓[89m[0m[0m works with a swap delay
2025-10-15T22:04:34.5109743Z    [32m✓[89m[0m[0m works immediately with no swap delay
2025-10-15T22:04:34.5110435Z    [32m✓[89m[0m[0m works with transition:true
2025-10-15T22:04:34.5111113Z    [32m✓[89m[0m[0m works with a settle delay
2025-10-15T22:04:34.5111761Z    [32m✓[89m[0m[0m works with no settle delay
2025-10-15T22:04:34.5112403Z    [32m✓[89m[0m[0m works with scroll:top
2025-10-15T22:04:34.5113032Z    [32m✓[89m[0m[0m works with scroll:bottom
2025-10-15T22:04:34.5113587Z    [32m✓[89m[0m[0m works with show:top
2025-10-15T22:04:34.5117356Z    [32m✓[89m[0m[0m works with show:bottom
2025-10-15T22:04:34.5118043Z    [32m✓[89m[0m[0m works with show:window:bottom
2025-10-15T22:04:34.5120603Z    [32m✓[89m[0m[0m works with focus-scroll:true
2025-10-15T22:04:34.5121554Z    [32m✓[89m[0m[0m swap outerHTML properly  w/ data-* prefix
2025-10-15T22:04:34.5122319Z    [32m✓[89m[0m[0m swap none works properly
2025-10-15T22:04:34.5123261Z    [32m✓[89m[0m[0m swap outerHTML does not trigger htmx:afterSwap on original element
2025-10-15T22:04:34.5124064Z    [32m✓[89m[0m[0m swap delete works properly
2025-10-15T22:04:34.5124858Z    [32m✓[89m[0m[0m in presence of bad swap spec, it uses the default swap strategy
2025-10-15T22:04:34.5125599Z    [32m✓[89m[0m[0m hx-swap ignoreTitle works
2025-10-15T22:04:34.5126346Z    [32m✓[89m[0m[0m swapError fires if swap throws exception
2025-10-15T22:04:34.5126702Z 
2025-10-15T22:04:34.5126915Z  🚧 Browser logs:
2025-10-15T22:04:34.5127341Z       Unknown modifier in hx-swap: nonsense
2025-10-15T22:04:34.5127826Z       Unknown modifier in hx-swap: nonsense
2025-10-15T22:04:34.5128257Z       htmx:swapError
2025-10-15T22:04:34.5128593Z       Error: throw
2025-10-15T22:04:34.5129590Z         at makeSettleInfo (eval at <anonymous> (src/htmx.js:866:14)
2025-10-15T22:04:34.5130211Z         at doSwap (src/htmx.js:1902:26)
2025-10-15T22:04:34.5130669Z         at swap (src/htmx.js:2050:9)
2025-10-15T22:04:34.5131143Z         at handleAjaxResponse (src/htmx.js:4925:7)
2025-10-15T22:04:34.5131687Z         at xhr.onload (src/htmx.js:4568:9)
2025-10-15T22:04:34.5132606Z         at FakeXMLHttpRequest.<anonymous> (node_modules/sinon/pkg/node_modules/nise/lib/fake-xhr/index.js:77:0)
2025-10-15T22:04:34.5133696Z         at node_modules/sinon/pkg/node_modules/nise/lib/event/event-target.js:112:0
2025-10-15T22:04:34.5134420Z         at Array.forEach (<anonymous>)
2025-10-15T22:04:34.5135410Z         at FakeXMLHttpRequest.dispatchEvent (node_modules/sinon/pkg/node_modules/nise/lib/event/event-target.js:109:0)
2025-10-15T22:04:34.5136839Z         at FakeXMLHttpRequest.readyStateChange (node_modules/sinon/pkg/node_modules/nise/lib/fake-xhr/index.js:553:0)
2025-10-15T22:04:34.5137573Z 
2025-10-15T22:04:34.5137583Z 
2025-10-15T22:04:34.6652294Z [2K[1A[2K[G[1m[36mtest/attributes/hx-target.js[39m[22m:
2025-10-15T22:04:34.6668123Z 
2025-10-15T22:04:34.6668691Z  hx-target attribute [2m[Chromium][0m[0m[0m
2025-10-15T22:04:34.6669622Z    [32m✓[89m[0m[0m targets an adjacent element properly
2025-10-15T22:04:34.6670315Z    [32m✓[89m[0m[0m targets a parent element properly
2025-10-15T22:04:34.6671331Z    [32m✓[89m[0m[0m targets a `this` element properly
2025-10-15T22:04:34.6672050Z    [32m✓[89m[0m[0m targets a `closest` element properly
2025-10-15T22:04:34.6673277Z    [32m✓[89m[0m[0m targets a `closest` element properly w/ hyperscript syntax
2025-10-15T22:04:34.6674025Z    [32m✓[89m[0m[0m targets a `find` element properly
2025-10-15T22:04:34.6674772Z    [32m✓[89m[0m[0m targets a `find` element properly w/ hyperscript syntax
2025-10-15T22:04:34.6675478Z    [32m✓[89m[0m[0m targets an inner element properly
2025-10-15T22:04:34.6676274Z    [32m✓[89m[0m[0m targets an inner element properly w/ hyperscript syntax
2025-10-15T22:04:34.6677021Z    [32m✓[89m[0m[0m handles bad target gracefully
2025-10-15T22:04:34.6678263Z    [32m✓[89m[0m[0m targets an adjacent element properly w/ data-* prefix
2025-10-15T22:04:34.6679230Z    [32m✓[89m[0m[0m targets a `next` element properly
2025-10-15T22:04:34.6680028Z    [32m✓[89m[0m[0m targets a `next` element properly w/ hyperscript syntax
2025-10-15T22:04:34.6680811Z    [32m✓[89m[0m[0m targets a `previous` element properly
2025-10-15T22:04:34.6681734Z    [32m✓[89m[0m[0m targets a `previous` element properly w/ hyperscript syntax
2025-10-15T22:04:34.6682675Z    [32m✓[89m[0m[0m targets a `next` element properly without selector
2025-10-15T22:04:34.6683535Z    [32m✓[89m[0m[0m targets a `previous` element properly without selector
2025-10-15T22:04:34.6683984Z 
2025-10-15T22:04:34.6684230Z  🚧 Browser logs:
2025-10-15T22:04:34.6684723Z       htmx:targetError
2025-10-15T22:04:34.6684932Z 
2025-10-15T22:04:34.6684939Z 
2025-10-15T22:04:35.0934560Z [2K[1A[2K[G[1m[36mtest/attributes/hx-vals.js[39m[22m:
2025-10-15T22:04:35.0935164Z 
2025-10-15T22:04:35.0935654Z  hx-vals attribute [2m[Chromium][0m[0m[0m
2025-10-15T22:04:35.0936338Z    [32m✓[89m[0m[0m basic hx-vals works
2025-10-15T22:04:35.0937031Z    [32m✓[89m[0m[0m basic hx-vals works with braces
2025-10-15T22:04:35.0937704Z    [32m✓[89m[0m[0m multiple hx-vals works
2025-10-15T22:04:35.0938462Z    [32m✓[89m[0m[0m Dynamic hx-vals using spread operator works
2025-10-15T22:04:35.0939470Z    [32m✓[89m[0m[0m hx-vals can be on parents
2025-10-15T22:04:35.0940175Z    [32m✓[89m[0m[0m hx-vals can override parents
2025-10-15T22:04:35.0940857Z    [32m✓[89m[0m[0m hx-vals overrides inputs
2025-10-15T22:04:35.0941514Z    [32m✓[89m[0m[0m hx-vals overrides hx-vars
2025-10-15T22:04:35.0942204Z    [32m✓[89m[0m[0m basic hx-vals javascript: works
2025-10-15T22:04:35.0942888Z    [32m✓[89m[0m[0m hx-vals works with braces
2025-10-15T22:04:35.0944179Z    [32m✓[89m[0m[0m multiple hx-vals works with javascript
2025-10-15T22:04:35.0945043Z    [32m✓[89m[0m[0m hx-vals can be on parents with javascript
2025-10-15T22:04:35.0945909Z    [32m✓[89m[0m[0m hx-vals can override parents with javascript
2025-10-15T22:04:35.0946679Z    [32m✓[89m[0m[0m hx-vals overrides inputs with javascript
2025-10-15T22:04:35.0947487Z    [32m✓[89m[0m[0m hx-vals treats objects as JSON
2025-10-15T22:04:35.0948207Z    [32m✓[89m[0m[0m basic hx-vals can be unset
2025-10-15T22:04:35.0948968Z    [32m✓[89m[0m[0m basic hx-vals with braces can be unset
2025-10-15T22:04:35.0949876Z    [32m✓[89m[0m[0m multiple hx-vals can be unset
2025-10-15T22:04:35.0950624Z    [32m✓[89m[0m[0m unsetting hx-vals maintains input values
2025-10-15T22:04:35.0951291Z    [32m✓[89m[0m[0m javascript: is not evaluated when allowEval is false
2025-10-15T22:04:35.0951821Z    [32m✓[89m[0m[0m js: is not evaluated when allowEval is false
2025-10-15T22:04:35.0952306Z    [32m✓[89m[0m[0m using js: with hx-vals has event available
2025-10-15T22:04:35.0952826Z    [32m✓[89m[0m[0m using js: with hx-vals has event available when used with a delay
2025-10-15T22:04:35.0953310Z    [32m✓[89m[0m[0m hx-vals works with null values
2025-10-15T22:04:35.0953714Z    [32m✓[89m[0m[0m hx-vals works with object values
2025-10-15T22:04:35.0954159Z    [32m✓[89m[0m[0m js: this refers to the element with the hx-vals attribute
2025-10-15T22:04:35.0954414Z 
2025-10-15T22:04:35.0954544Z  🚧 Browser logs:
2025-10-15T22:04:35.0954778Z       htmx:evalDisallowedError
2025-10-15T22:04:35.0955030Z       htmx:evalDisallowedError
2025-10-15T22:04:35.0955177Z 
2025-10-15T22:04:35.0955182Z 
2025-10-15T22:04:35.4505280Z [2K[1A[2K[G[1m[36mtest/attributes/hx-vars.js[39m[22m:
2025-10-15T22:04:35.4505804Z 
2025-10-15T22:04:35.4506188Z  hx-vars attribute [2m[Chromium][0m[0m[0m
2025-10-15T22:04:35.4506895Z    [32m✓[89m[0m[0m basic hx-vars works
2025-10-15T22:04:35.4507586Z    [32m✓[89m[0m[0m hx-vars works with braces
2025-10-15T22:04:35.4508279Z    [32m✓[89m[0m[0m multiple hx-vars works
2025-10-15T22:04:35.4509849Z    [32m✓[89m[0m[0m hx-vars can be on parents
2025-10-15T22:04:35.4510544Z    [32m✓[89m[0m[0m hx-vars can override parents
2025-10-15T22:04:35.4511206Z    [32m✓[89m[0m[0m hx-vars overrides inputs
2025-10-15T22:04:35.4511836Z    [32m✓[89m[0m[0m basic hx-vars can be unset
2025-10-15T22:04:35.4512572Z    [32m✓[89m[0m[0m basic hx-vars with braces can be unset
2025-10-15T22:04:35.4513335Z    [32m✓[89m[0m[0m multiple hx-vars can be unset
2025-10-15T22:04:35.4514127Z    [32m✓[89m[0m[0m unsetting hx-vars maintains input values
2025-10-15T22:04:35.4514968Z    [32m✓[89m[0m[0m is not evaluated when allowEval is false
2025-10-15T22:04:35.4515366Z 
2025-10-15T22:04:35.4515590Z  🚧 Browser logs:
2025-10-15T22:04:35.4515975Z       htmx:evalDisallowedError
2025-10-15T22:04:35.4516234Z 
2025-10-15T22:04:35.4516257Z 
2025-10-15T22:04:35.9803227Z [2K[1A[2K[G[1m[36mtest/core/ajax.js[39m[22m:
2025-10-15T22:04:35.9803712Z 
2025-10-15T22:04:35.9804068Z  Core htmx AJAX Tests [2m[Chromium][0m[0m[0m
2025-10-15T22:04:35.9804902Z    [32m✓[89m[0m[0m issues a GET request on click and swaps content
2025-10-15T22:04:35.9805812Z    [32m✓[89m[0m[0m processes inner content properly
2025-10-15T22:04:35.9806488Z    [32m✓[89m[0m[0m handles swap outerHTML properly
2025-10-15T22:04:35.9807142Z    [32m✓[89m[0m[0m handles beforebegin properly
2025-10-15T22:04:35.9807863Z    [32m✓[89m[0m[0m handles afterbegin properly
2025-10-15T22:04:35.9808768Z    [32m✓[89m[0m[0m handles afterbegin properly with no initial content
2025-10-15T22:04:35.9809711Z    [32m✓[89m[0m[0m handles afterend properly
2025-10-15T22:04:35.9810380Z    [32m✓[89m[0m[0m handles beforeend properly
2025-10-15T22:04:35.9811146Z    [32m✓[89m[0m[0m handles beforeend properly with no initial content
2025-10-15T22:04:35.9811867Z    [32m✓[89m[0m[0m handles hx-target properly
2025-10-15T22:04:35.9813147Z    [32m✓[89m[0m[0m handles 204 NO CONTENT responses properly
2025-10-15T22:04:35.9813973Z    [32m✓[89m[0m[0m handles 304 NOT MODIFIED responses properly
2025-10-15T22:04:35.9814726Z    [32m✓[89m[0m[0m handles hx-trigger with non-default value
2025-10-15T22:04:35.9815462Z    [32m✓[89m[0m[0m handles hx-trigger with load event
2025-10-15T22:04:35.9816201Z    [32m✓[89m[0m[0m sets the content type of the request properly
2025-10-15T22:04:35.9817078Z    [32m✓[89m[0m[0m issues two requests when clicked twice before response
2025-10-15T22:04:35.9817987Z    [32m✓[89m[0m[0m issues two requests when clicked three times before response
2025-10-15T22:04:35.9818771Z    [32m✓[89m[0m[0m properly handles hx-select for basic situation
2025-10-15T22:04:35.9819808Z    [32m✓[89m[0m[0m properly handles hx-select for full html document situation
2025-10-15T22:04:35.9820715Z    [32m✓[89m[0m[0m properly settles attributes on interior elements
2025-10-15T22:04:35.9821581Z    [32m✓[89m[0m[0m properly settles attributes elements with single quotes in id
2025-10-15T22:04:35.9822455Z    [32m✓[89m[0m[0m properly settles attributes elements with double quotes in id
2025-10-15T22:04:35.9823173Z    [32m✓[89m[0m[0m properly handles multiple select input
2025-10-15T22:04:35.9824099Z    [32m✓[89m[0m[0m properly handles multiple select input when "multiple" attribute is empty string
2025-10-15T22:04:35.9825175Z    [32m✓[89m[0m[0m properly handles two multiple select inputs w/ same name
2025-10-15T22:04:35.9825943Z    [32m✓[89m[0m[0m properly handles multiple email input
2025-10-15T22:04:35.9826581Z    [32m✓[89m[0m[0m properly handles checkbox inputs
2025-10-15T22:04:35.9833769Z    [32m✓[89m[0m[0m properly handles radio inputs
2025-10-15T22:04:35.9834590Z    [32m✓[89m[0m[0m text nodes dont screw up settling via variable capture
2025-10-15T22:04:35.9835319Z    [32m✓[89m[0m[0m script nodes evaluate
2025-10-15T22:04:35.9835962Z    [32m✓[89m[0m[0m stand alone script nodes evaluate
2025-10-15T22:04:35.9836691Z    [32m✓[89m[0m[0m script nodes can define global functions
2025-10-15T22:04:35.9838138Z    [32m✓[89m[0m[0m child script nodes evaluate when children
2025-10-15T22:04:35.9838927Z    [32m✓[89m[0m[0m child script nodes evaluate when first child
2025-10-15T22:04:35.9840155Z    [32m✓[89m[0m[0m child script nodes evaluate when not explicitly marked javascript
2025-10-15T22:04:35.9841373Z    [32m✓[89m[0m[0m script nodes do not evaluate when explicitly marked as something other than javascript
2025-10-15T22:04:35.9842373Z    [32m✓[89m[0m[0m script nodes evaluate after swap
2025-10-15T22:04:35.9843112Z    [2m-[0m[0m[0m script node exceptions do not break rendering
2025-10-15T22:04:35.9843790Z    [32m✓[89m[0m[0m allows empty verb values
2025-10-15T22:04:35.9844419Z    [32m✓[89m[0m[0m allows blank verb values
2025-10-15T22:04:35.9845202Z    [32m✓[89m[0m[0m input values are not settle swapped (causes flicker)
2025-10-15T22:04:35.9846027Z    [32m✓[89m[0m[0m autofocus attribute works properly
2025-10-15T22:04:35.9846823Z    [32m✓[89m[0m[0m autofocus attribute works properly w/ child
2025-10-15T22:04:35.9847623Z    [32m✓[89m[0m[0m autofocus attribute works properly w/ true value
2025-10-15T22:04:35.9848357Z    [32m✓[89m[0m[0m multipart/form-data encoding works
2025-10-15T22:04:35.9849250Z    [32m✓[89m[0m[0m removed elements do not issue requests
2025-10-15T22:04:35.9849931Z    [32m✓[89m[0m[0m title tags update title
2025-10-15T22:04:35.9850588Z    [32m✓[89m[0m[0m svg title tags do not update title
2025-10-15T22:04:35.9851400Z    [32m✓[89m[0m[0m first title tag outside svg title tags updates title
2025-10-15T22:04:35.9852315Z    [32m✓[89m[0m[0m title update does not URL escape
2025-10-15T22:04:35.9853045Z    [32m✓[89m[0m[0m by default 400 content is not swapped
2025-10-15T22:04:35.9853857Z    [32m✓[89m[0m[0m 400 content can be swapped if configured to do so
2025-10-15T22:04:35.9855198Z    [32m✓[89m[0m[0m 400 content can be retargeted if configured to do so
2025-10-15T22:04:35.9856186Z    [32m✓[89m[0m[0m errors are triggered only on 400+
2025-10-15T22:04:35.9857043Z    [32m✓[89m[0m[0m content can be modified if configured to do so
2025-10-15T22:04:35.9857965Z    [32m✓[89m[0m[0m scripts w/ src attribute are properly loaded
2025-10-15T22:04:35.9858826Z    [32m✓[89m[0m[0m should load tags with colon in their names
2025-10-15T22:04:35.9861588Z    [32m✓[89m[0m[0m properly handles clicked submit button with a value inside a htmx form
2025-10-15T22:04:35.9862735Z    [32m✓[89m[0m[0m properly handles clicked submit input with a value inside a htmx form
2025-10-15T22:04:35.9863895Z    [32m✓[89m[0m[0m properly handles clicked submit button with a value inside a non-htmx form
2025-10-15T22:04:35.9865119Z    [32m✓[89m[0m[0m properly handles clicked submit input with a value inside a non-htmx form
2025-10-15T22:04:35.9866127Z    [32m✓[89m[0m[0m properly handles clicked submit button with a value outside a htmx form
2025-10-15T22:04:35.9866793Z    [32m✓[89m[0m[0m properly handles clicked submit input with a value outside a htmx form
2025-10-15T22:04:35.9867589Z    [32m✓[89m[0m[0m properly handles clicked submit button with a value stacking with regular input
2025-10-15T22:04:35.9868320Z    [32m✓[89m[0m[0m properly handles clicked submit input with a value stacking with regular input
2025-10-15T22:04:35.9869401Z    [32m✓[89m[0m[0m properly handles clicked submit button with a value inside a form, referencing another form
2025-10-15T22:04:35.9870499Z    [32m✓[89m[0m[0m properly handles clicked submit input with a value inside a form, referencing another form
2025-10-15T22:04:35.9871220Z    [32m✓[89m[0m[0m sends referenced form values when a button referencing another form is clicked
2025-10-15T22:04:35.9871905Z    [32m✓[89m[0m[0m sends referenced form values when a submit input referencing another form is clicked
2025-10-15T22:04:35.9872451Z    [32m✓[89m[0m[0m properly handles inputs external to form
2025-10-15T22:04:35.9872989Z    [32m✓[89m[0m[0m properly handles buttons with formmethod=dialog
2025-10-15T22:04:35.9873934Z    [32m✓[89m[0m[0m can associate submit buttons from outside a form with the current version of the form after swap
2025-10-15T22:04:35.9874688Z    [32m✓[89m[0m[0m properly handles form reset behaviour with a htmx enabled reset button inside a form
2025-10-15T22:04:35.9875400Z    [32m✓[89m[0m[0m properly handles form reset behaviour with a htmx enabled reset button outside a form
2025-10-15T22:04:35.9876080Z    [32m✓[89m[0m[0m script tags get swapped in with nonce applied from inlineScriptNonce
2025-10-15T22:04:35.9876634Z    [32m✓[89m[0m[0m normalizeScriptTags logs error when insertBefore fails
2025-10-15T22:04:35.9876901Z 
2025-10-15T22:04:35.9877031Z  🚧 Browser logs:
2025-10-15T22:04:35.9877227Z       Here...
2025-10-15T22:04:35.9878172Z       Response Status Error Code 404 from http://localhost:8000/?wtr-session-id=V0k5PQnNMOwzpB-JO_cgY
2025-10-15T22:04:35.9879698Z       Response Status Error Code 404 from http://localhost:8000/?wtr-session-id=V0k5PQnNMOwzpB-JO_cgY
2025-10-15T22:04:35.9880480Z       Response Status Error Code 400 from /test
2025-10-15T22:04:35.9880801Z       Response Status Error Code 400 from /test
2025-10-15T22:04:35.9881109Z       Response Status Error Code 400 from /test
2025-10-15T22:04:35.9881409Z       Response Status Error Code 400 from /test2
2025-10-15T22:04:35.9881715Z       Response Status Error Code 400 from /test
2025-10-15T22:04:35.9882062Z       TypeError: parent.insertBefore is not a function
2025-10-15T22:04:35.9882378Z         at src/htmx.js:580:18
2025-10-15T22:04:35.9882638Z         at Array.forEach (<anonymous>)
2025-10-15T22:04:35.9882962Z         at normalizeScriptTags (src/htmx.js:575:53)
2025-10-15T22:04:35.9883297Z         at eval (eval at <anonymous> (src/htmx.js:866:14)
2025-10-15T22:04:35.9883582Z         at src/htmx.js:866:14
2025-10-15T22:04:35.9883855Z         at maybeEval (src/htmx.js:3966:14)
2025-10-15T22:04:35.9884482Z         at Object.internalEval [as _] (src/htmx.js:865:12)
2025-10-15T22:04:35.9884965Z         at n.<anonymous> (test/core/ajax.js:1356:10)
2025-10-15T22:04:35.9885152Z 
2025-10-15T22:04:35.9885726Z Chromium: |[37m████████████████████[39m[90m▋         [39m| 32/48 test files | [32m396 passed[39m, 0 failed, [90m3 skipped[39m
2025-10-15T22:04:35.9886080Z 
2025-10-15T22:04:35.9886225Z [1mRunning tests...[22m
2025-10-15T22:04:35.9886363Z 
2025-10-15T22:04:35.9886369Z 
2025-10-15T22:04:36.3289851Z [2K[1A[2K[G[1m[36mtest/attributes/hx-trigger.js[39m[22m:
2025-10-15T22:04:36.3290381Z 
2025-10-15T22:04:36.3290753Z  hx-trigger attribute [2m[Chromium][0m[0m[0m
2025-10-15T22:04:36.3291353Z    [32m✓[89m[0m[0m non-default value works
2025-10-15T22:04:36.3291744Z    [32m✓[89m[0m[0m changed modifier works
2025-10-15T22:04:36.3292228Z    [32m✓[89m[0m[0m changed modifier works along from clause with single input
2025-10-15T22:04:36.3292792Z    [32m✓[89m[0m[0m changed modifier works along from clause with two inputs
2025-10-15T22:04:36.3293332Z    [32m✓[89m[0m[0m changed modifier counts each triggerspec separately
2025-10-15T22:04:36.3293885Z    [32m✓[89m[0m[0m separate changed modifier works along from clause with two inputs
2025-10-15T22:04:36.3294341Z    [32m✓[89m[0m[0m once modifier works
2025-10-15T22:04:36.3294715Z    [32m✓[89m[0m[0m once modifier works with multiple triggers
2025-10-15T22:04:36.3295088Z    [32m✓[89m[0m[0m polling works
2025-10-15T22:04:36.3295748Z    [32m✓[89m[0m[0m non-default value works w/ data-* prefix
2025-10-15T22:04:36.3296498Z    [32m✓[89m[0m[0m works with multiple events
2025-10-15T22:04:36.3298000Z    [32m✓[89m[0m[0m parses spec strings
2025-10-15T22:04:36.3298977Z    [32m✓[89m[0m[0m sets default trigger for forms
2025-10-15T22:04:36.3300283Z    [32m✓[89m[0m[0m sets default trigger for form elements
2025-10-15T22:04:36.3301282Z    [32m✓[89m[0m[0m filters properly with false filter spec
2025-10-15T22:04:36.3302045Z    [32m✓[89m[0m[0m filters properly with true filter spec
2025-10-15T22:04:36.3303264Z    [32m✓[89m[0m[0m filters properly compound filter spec
2025-10-15T22:04:36.3304591Z    [32m✓[89m[0m[0m can refer to target element in condition
2025-10-15T22:04:36.3305407Z    [32m✓[89m[0m[0m can refer to target element in condition w/ equality
2025-10-15T22:04:36.3306108Z    [32m✓[89m[0m[0m negative condition
2025-10-15T22:04:36.3306772Z    [32m✓[89m[0m[0m global function call works
2025-10-15T22:04:36.3307556Z    [32m✓[89m[0m[0m global property event filter works
2025-10-15T22:04:36.3308304Z    [32m✓[89m[0m[0m global variable filter works
2025-10-15T22:04:36.3308816Z    [32m✓[89m[0m[0m can filter polling
2025-10-15T22:04:36.3309467Z    [32m✓[89m[0m[0m bad condition issues error
2025-10-15T22:04:36.3309944Z    [32m✓[89m[0m[0m filters properly with true for empty condition
2025-10-15T22:04:36.3310400Z    [32m✓[89m[0m[0m syntax error in condition issues error
2025-10-15T22:04:36.3310905Z    [32m✓[89m[0m[0m filters properly with condition containing square backets
2025-10-15T22:04:36.3311352Z    [32m✓[89m[0m[0m from clause works
2025-10-15T22:04:36.3311815Z    [32m✓[89m[0m[0m from clause works with body selector
2025-10-15T22:04:36.3312283Z    [32m✓[89m[0m[0m from clause works with document selector
2025-10-15T22:04:36.3312704Z    [32m✓[89m[0m[0m from clause works with window selector
2025-10-15T22:04:36.3313126Z    [32m✓[89m[0m[0m from clause works with closest clause
2025-10-15T22:04:36.3313515Z    [32m✓[89m[0m[0m from clause works with find clause
2025-10-15T22:04:36.3313901Z    [32m✓[89m[0m[0m from clause works with next
2025-10-15T22:04:36.3314271Z    [32m✓[89m[0m[0m from clause works with previous
2025-10-15T22:04:36.3314797Z    [32m✓[89m[0m[0m event listeners on other elements are removed when an element is swapped out
2025-10-15T22:04:36.3315422Z    [32m✓[89m[0m[0m multiple triggers with from clauses mixed in work
2025-10-15T22:04:36.3316500Z    [32m✓[89m[0m[0m from clause works with multiple extended selectors
2025-10-15T22:04:36.3317300Z    [32m✓[89m[0m[0m event listeners can filter on target
2025-10-15T22:04:36.3318001Z    [32m✓[89m[0m[0m consume prevents event propagation
2025-10-15T22:04:36.3318811Z    [32m✓[89m[0m[0m throttle prevents multiple requests from happening
2025-10-15T22:04:36.3319960Z    [32m✓[89m[0m[0m A throttle of 0 does not prevent multiple requests from happening
2025-10-15T22:04:36.3320691Z    [32m✓[89m[0m[0m delay delays the request
2025-10-15T22:04:36.3321315Z    [32m✓[89m[0m[0m A 0 delay does not delay the request
2025-10-15T22:04:36.3322150Z    [32m✓[89m[0m[0m requests are queued with last one winning by default
2025-10-15T22:04:36.3322974Z    [32m✓[89m[0m[0m queue:all queues all requests
2025-10-15T22:04:36.3323684Z    [32m✓[89m[0m[0m queue:first queues first request
2025-10-15T22:04:36.3324381Z    [32m✓[89m[0m[0m queue:none queues no requests
2025-10-15T22:04:36.3325204Z    [32m✓[89m[0m[0m load event works w/ positive filters
2025-10-15T22:04:36.3325994Z    [32m✓[89m[0m[0m load event works w/ negative filters
2025-10-15T22:04:36.3326673Z    [32m✓[89m[0m[0m reveal event works on two elements
2025-10-15T22:04:36.3327327Z    [32m✓[89m[0m[0m scrolling triggers revealed event
2025-10-15T22:04:36.3327968Z    [32m✓[89m[0m[0m scrolling triggers intersect event
2025-10-15T22:04:36.3328813Z    [32m✓[89m[0m[0m triggering revealed while component not yet inited still works
2025-10-15T22:04:36.3329958Z    [32m✓[89m[0m[0m reveal event works when triggered by window
2025-10-15T22:04:36.3330757Z    [32m✓[89m[0m[0m revealed can be paired w/ other events
2025-10-15T22:04:36.3331586Z    [32m✓[89m[0m[0m revealed doesnt cause other events to trigger
2025-10-15T22:04:36.3332547Z    [32m✓[89m[0m[0m fires the htmx:trigger event when an AJAX attribute is specified
2025-10-15T22:04:36.3333610Z    [32m✓[89m[0m[0m fires the htmx:trigger event when no AJAX attribute is specified
2025-10-15T22:04:36.3334977Z    [32m✓[89m[0m[0m fires the htmx:trigger event for delayed triggers
2025-10-15T22:04:36.3335856Z    [32m✓[89m[0m[0m fires the htmx:trigger event when the trigger is a load
2025-10-15T22:04:36.3336797Z    [32m✓[89m[0m[0m filters support "this" reference to the current element
2025-10-15T22:04:36.3337670Z    [32m✓[89m[0m[0m correctly handles CSS descendant combinators
2025-10-15T22:04:36.3338646Z    [32m✓[89m[0m[0m correctly handles CSS descendant combinators in modifier target
2025-10-15T22:04:36.3339890Z    [32m✓[89m[0m[0m correctly handles CSS descendant combinators in modifier root
2025-10-15T22:04:36.3340846Z    [32m✓[89m[0m[0m correctly handles intersect with modifier threshold
2025-10-15T22:04:36.3341664Z    [32m✓[89m[0m[0m issues error with invalid trigger spec
2025-10-15T22:04:36.3342430Z    [32m✓[89m[0m[0m uses trigger specs cache if defined
2025-10-15T22:04:36.3343316Z    [32m✓[89m[0m[0m correctly reuses trigger specs from the cache if defined
2025-10-15T22:04:36.3344166Z    [32m✓[89m[0m[0m handles spaces at the end of trigger specs
2025-10-15T22:04:36.3346020Z    [32m✓[89m[0m[0m Removing polling trigger and processing node removes timeout
2025-10-15T22:04:36.3346562Z 
2025-10-15T22:04:36.3346816Z  🚧 Browser logs:
2025-10-15T22:04:36.3347173Z       htmx:syntax:error
2025-10-15T22:04:36.3347523Z       htmx:syntax:error
2025-10-15T22:04:36.3347885Z       htmx:syntax:error
2025-10-15T22:04:36.3348234Z       htmx:syntax:error
2025-10-15T22:04:36.3348797Z       TypeError: Cannot read properties of undefined (reading 'b')
2025-10-15T22:04:36.3349956Z         at HTMLDivElement.eval (eval at <anonymous> (src/htmx.js:2172:24)
2025-10-15T22:04:36.3350619Z         at maybeFilterEvent (src/htmx.js:2477:28)
2025-10-15T22:04:36.3351243Z         at HTMLDivElement.eventListener (src/htmx.js:2529:13)
2025-10-15T22:04:36.3351924Z         at n.<anonymous> (test/attributes/hx-trigger.js:490:11)
2025-10-15T22:04:36.3353099Z        return (function(event){ return (((event.a) ? (event.a) : (window.a)).b)})
2025-10-15T22:04:36.3353852Z       SyntaxError: Unexpected token ')'
2025-10-15T22:04:36.3354371Z         at Function (<anonymous>)
2025-10-15T22:04:36.3354796Z         at src/htmx.js:2172:24
2025-10-15T22:04:36.3355264Z         at maybeEval (src/htmx.js:3966:14)
2025-10-15T22:04:36.3355890Z         at maybeGenerateConditional (src/htmx.js:2171:41)
2025-10-15T22:04:36.3356479Z         at parseAndCacheTrigger (src/htmx.js:2255:29)
2025-10-15T22:04:36.3356870Z         at getTriggerSpecs (src/htmx.js:2330:59)
2025-10-15T22:04:36.3357191Z         at initNode (src/htmx.js:2948:26)
2025-10-15T22:04:36.3357464Z         at forEach (src/htmx.js:757:9)
2025-10-15T22:04:36.3357835Z         at Object.processNode [as process] (src/htmx.js:3022:5)
2025-10-15T22:04:36.3358170Z         at makeFn (test/util/util.js:22:12)
2025-10-15T22:04:36.3358458Z        return (function(event){ return ({)})
2025-10-15T22:04:36.3358812Z       htmx:syntax:error
2025-10-15T22:04:36.3359476Z       htmx:syntax:error
2025-10-15T22:04:36.3359844Z       htmx:syntax:error
2025-10-15T22:04:36.3360342Z       [90mundefined[39m
2025-10-15T22:04:36.3360619Z 
2025-10-15T22:04:36.3360630Z 
2025-10-15T22:04:36.6310909Z [2K[1A[2K[G[1m[36mtest/core/api.js[39m[22m:
2025-10-15T22:04:36.6311321Z 
2025-10-15T22:04:36.6311671Z  Core htmx API test [2m[Chromium][0m[0m[0m
2025-10-15T22:04:36.6312318Z    [32m✓[89m[0m[0m should find properly
2025-10-15T22:04:36.6312971Z    [32m✓[89m[0m[0m should find properly from elt
2025-10-15T22:04:36.6313595Z    [32m✓[89m[0m[0m should find all properly
2025-10-15T22:04:36.6314269Z    [32m✓[89m[0m[0m should find all properly from elt
2025-10-15T22:04:36.6314950Z    [32m✓[89m[0m[0m should find closest element properly
2025-10-15T22:04:36.6315640Z    [32m✓[89m[0m[0m should remove element properly
2025-10-15T22:04:36.6331741Z    [32m✓[89m[0m[0m remove element with delay properly
2025-10-15T22:04:36.6332540Z    [32m✓[89m[0m[0m should remove element properly w/ selector
2025-10-15T22:04:36.6333820Z    [32m✓[89m[0m[0m should add class properly
2025-10-15T22:04:36.6334518Z    [32m✓[89m[0m[0m should add class properly w/ selector
2025-10-15T22:04:36.6335331Z    [32m✓[89m[0m[0m should add class properly after delay
2025-10-15T22:04:36.6335933Z    [32m✓[89m[0m[0m should remove class properly
2025-10-15T22:04:36.6336769Z    [32m✓[89m[0m[0m should not error if you remove class from invalid element
2025-10-15T22:04:36.6337612Z    [32m✓[89m[0m[0m should remove class properly w/ selector
2025-10-15T22:04:36.6338339Z    [32m✓[89m[0m[0m should remove class properly after delay
2025-10-15T22:04:36.6339263Z    [32m✓[89m[0m[0m should toggle class properly
2025-10-15T22:04:36.6339958Z    [32m✓[89m[0m[0m should toggle class properly w/ selector
2025-10-15T22:04:36.6352802Z    [32m✓[89m[0m[0m should take class properly
2025-10-15T22:04:36.6353581Z    [32m✓[89m[0m[0m should take class properly w/ selector
2025-10-15T22:04:36.6354263Z    [32m✓[89m[0m[0m eval can be suppressed
2025-10-15T22:04:36.6354817Z    [32m✓[89m[0m[0m ajax api works
2025-10-15T22:04:36.6355390Z    [32m✓[89m[0m[0m ajax api works by ID
2025-10-15T22:04:36.6356122Z    [32m✓[89m[0m[0m ajax api does not fall back to body when target invalid
2025-10-15T22:04:36.6356897Z    [32m✓[89m[0m[0m ajax api fails when target invalid
2025-10-15T22:04:36.6357699Z    [32m✓[89m[0m[0m ajax api fails when target invalid even if source set
2025-10-15T22:04:36.6358549Z    [32m✓[89m[0m[0m ajax api fails when source invalid and no target set
2025-10-15T22:04:36.6359828Z    [32m✓[89m[0m[0m ajax api falls back to targeting source if target not set
2025-10-15T22:04:36.6360801Z    [32m✓[89m[0m[0m ajax api falls back to targeting body if target and source not set
2025-10-15T22:04:36.6361612Z    [32m✓[89m[0m[0m ajax api works with swapSpec
2025-10-15T22:04:36.6362611Z    [32m✓[89m[0m[0m ajax api works with select
2025-10-15T22:04:36.6363441Z    [32m✓[89m[0m[0m ajax api works with Hx-Select overrides select
2025-10-15T22:04:36.6364130Z    [32m✓[89m[0m[0m ajax returns a promise
2025-10-15T22:04:36.6364772Z    [32m✓[89m[0m[0m ajax api can pass parameters
2025-10-15T22:04:36.6365679Z    [32m✓[89m[0m[0m ajax api Content-Type header is application/x-www-form-urlencoded
2025-10-15T22:04:36.6366629Z    [32m✓[89m[0m[0m ajax api Content-Type header override to application/json
2025-10-15T22:04:36.6367427Z    [32m✓[89m[0m[0m can re-init with new attributes
2025-10-15T22:04:36.6368279Z    [32m✓[89m[0m[0m does not trigger load on re-init of an existing element
2025-10-15T22:04:36.6369239Z    [32m✓[89m[0m[0m onLoad is called... onLoad
2025-10-15T22:04:36.6369826Z    [32m✓[89m[0m[0m triggers properly
2025-10-15T22:04:36.6370411Z    [32m✓[89m[0m[0m triggers properly w/ selector
2025-10-15T22:04:36.6371453Z    [32m✓[89m[0m[0m triggers with no details properly
2025-10-15T22:04:36.6372208Z    [32m✓[89m[0m[0m swaps content properly (basic)
2025-10-15T22:04:36.6372915Z    [32m✓[89m[0m[0m swap works with a swap delay
2025-10-15T22:04:36.6373567Z    [32m✓[89m[0m[0m swap works with a view transition
2025-10-15T22:04:36.6374297Z    [32m✓[89m[0m[0m swaps content properly (with select)
2025-10-15T22:04:36.6375004Z    [32m✓[89m[0m[0m swaps content properly (with oob)
2025-10-15T22:04:36.6387086Z    [32m✓[89m[0m[0m swaps content properly (with select oob)
2025-10-15T22:04:36.6388061Z    [32m✓[89m[0m[0m swap delete works when parent is removed
2025-10-15T22:04:36.6388825Z    [32m✓[89m[0m[0m swap outerHTML works when parent is removed
2025-10-15T22:04:36.6390206Z    [32m✓[89m[0m[0m values api returns formDataProxy with correct form data even if clicked button removed
2025-10-15T22:04:36.6391383Z    [32m✓[89m[0m[0m tests for formDataProxy array updating and testing for loc coverage
2025-10-15T22:04:36.6392319Z    [32m✓[89m[0m[0m logAll() and logNone() run without error
2025-10-15T22:04:36.6393528Z    [32m✓[89m[0m[0m querySelectorExt internal extension api works with just string
2025-10-15T22:04:36.6394416Z    [32m✓[89m[0m[0m ajax api with no context works
2025-10-15T22:04:36.6395367Z    [32m✓[89m[0m[0m ajax api with can pass in custom handler and handle if it throws error
2025-10-15T22:04:36.6396292Z    [32m✓[89m[0m[0m process api can process non elements fine
2025-10-15T22:04:36.6396687Z 
2025-10-15T22:04:36.6396883Z  🚧 Browser logs:
2025-10-15T22:04:36.6397259Z       htmx:evalDisallowedError
2025-10-15T22:04:36.6397692Z       htmx:targetError
2025-10-15T22:04:36.6398069Z       htmx:targetError
2025-10-15T22:04:36.6398861Z       An error was thrown in a Promise outside a test. Did you forget to await a function or assertion?
2025-10-15T22:04:36.6399930Z       [90mundefined[39m
2025-10-15T22:04:36.6400299Z       htmx:targetError
2025-10-15T22:04:36.6400649Z       htmx:targetError
2025-10-15T22:04:36.6401563Z       test-event HTMLDivElement: <div id="d1"></div> { elt: [32m'HTMLDivElement: <div id="d1"></div>'[39m }
2025-10-15T22:04:36.6402267Z       Error: throw
2025-10-15T22:04:36.6402673Z         at handler (test/core/api.js:640:63)
2025-10-15T22:04:36.6403210Z         at xhr.onload (src/htmx.js:4568:9)
2025-10-15T22:04:36.6404132Z         at FakeXMLHttpRequest.<anonymous> (node_modules/sinon/pkg/node_modules/nise/lib/fake-xhr/index.js:77:0)
2025-10-15T22:04:36.6405283Z         at node_modules/sinon/pkg/node_modules/nise/lib/event/event-target.js:112:0
2025-10-15T22:04:36.6406017Z         at Array.forEach (<anonymous>)
2025-10-15T22:04:36.6415167Z         at FakeXMLHttpRequest.dispatchEvent (node_modules/sinon/pkg/node_modules/nise/lib/event/event-target.js:109:0)
2025-10-15T22:04:36.6417027Z         at FakeXMLHttpRequest.readyStateChange (node_modules/sinon/pkg/node_modules/nise/lib/fake-xhr/index.js:553:0)
2025-10-15T22:04:36.6423234Z         at FakeXMLHttpRequest.setResponseBody (node_modules/sinon/pkg/node_modules/nise/lib/fake-xhr/index.js:796:0)
2025-10-15T22:04:36.6424659Z         at FakeXMLHttpRequest.respond (node_modules/sinon/pkg/node_modules/nise/lib/fake-xhr/index.js:802:0)
2025-10-15T22:04:36.6425594Z         at Object.response (test/core/api.js:636:11)
2025-10-15T22:04:36.6426099Z       Error: throw
2025-10-15T22:04:36.6426498Z         at handler (test/core/api.js:649:63)
2025-10-15T22:04:36.6471294Z         at xhr.onload (src/htmx.js:4568:9)
2025-10-15T22:04:36.6472402Z         at FakeXMLHttpRequest.<anonymous> (node_modules/sinon/pkg/node_modules/nise/lib/fake-xhr/index.js:77:0)
2025-10-15T22:04:36.6473564Z         at node_modules/sinon/pkg/node_modules/nise/lib/event/event-target.js:112:0
2025-10-15T22:04:36.6474276Z         at Array.forEach (<anonymous>)
2025-10-15T22:04:36.6475311Z         at FakeXMLHttpRequest.dispatchEvent (node_modules/sinon/pkg/node_modules/nise/lib/event/event-target.js:109:0)
2025-10-15T22:04:36.6476779Z         at FakeXMLHttpRequest.readyStateChange (node_modules/sinon/pkg/node_modules/nise/lib/fake-xhr/index.js:553:0)
2025-10-15T22:04:36.6478247Z         at FakeXMLHttpRequest.setResponseBody (node_modules/sinon/pkg/node_modules/nise/lib/fake-xhr/index.js:796:0)
2025-10-15T22:04:36.6479942Z         at FakeXMLHttpRequest.respond (node_modules/sinon/pkg/node_modules/nise/lib/fake-xhr/index.js:802:0)
2025-10-15T22:04:36.6480857Z         at Object.response (test/core/api.js:636:11)
2025-10-15T22:04:36.6481214Z 
2025-10-15T22:04:36.6481233Z 
2025-10-15T22:04:36.8189913Z [2K[1A[2K[G[1m[36mtest/core/config.js[39m[22m:
2025-10-15T22:04:36.8191519Z 
2025-10-15T22:04:36.8192012Z  htmx config test [2m[Chromium][0m[0m[0m
2025-10-15T22:04:36.8193980Z    [32m✓[89m[0m[0m swaps normally with no config update
2025-10-15T22:04:36.8194712Z    [32m✓[89m[0m[0m swap all config should swap everything
2025-10-15T22:04:36.8195591Z    [32m✓[89m[0m[0m non mapped responseHandling config will not swap
2025-10-15T22:04:36.8196419Z    [32m✓[89m[0m[0m can change the target of a given response code
2025-10-15T22:04:36.8197466Z    [32m✓[89m[0m[0m throws targetError if you the target in responseHandling is invalid
2025-10-15T22:04:36.8198831Z    [32m✓[89m[0m[0m can change the target to "this" in a given response code
2025-10-15T22:04:36.8199972Z    [32m✓[89m[0m[0m can change the swap type of a given response code
2025-10-15T22:04:36.8200782Z    [32m✓[89m[0m[0m can change the select of a given response code
2025-10-15T22:04:36.8201640Z    [32m✓[89m[0m[0m can change if the title is ignored for a given response code
2025-10-15T22:04:36.8202568Z    [32m✓[89m[0m[0m can change if error for a given response code
2025-10-15T22:04:36.8203344Z    [32m✓[89m[0m[0m can trigger an event for a given response code
2025-10-15T22:04:36.8203734Z 
2025-10-15T22:04:36.8203940Z  🚧 Browser logs:
2025-10-15T22:04:36.8204354Z       Response Status Error Code 400 from /test
2025-10-15T22:04:36.8204878Z       Response Status Error Code 500 from /test
2025-10-15T22:04:36.8205394Z       htmx:targetError
2025-10-15T22:04:36.8205810Z       Error: Invalid re-target #a-div
2025-10-15T22:04:36.8206335Z         at resolveRetarget (src/htmx.js:4789:13)
2025-10-15T22:04:36.8206935Z         at handleAjaxResponse (src/htmx.js:4850:29)
2025-10-15T22:04:36.8207444Z         at xhr.onload (src/htmx.js:4568:9)
2025-10-15T22:04:36.8208385Z         at FakeXMLHttpRequest.<anonymous> (node_modules/sinon/pkg/node_modules/nise/lib/fake-xhr/index.js:77:0)
2025-10-15T22:04:36.8210057Z         at node_modules/sinon/pkg/node_modules/nise/lib/event/event-target.js:112:0
2025-10-15T22:04:36.8210736Z         at Array.forEach (<anonymous>)
2025-10-15T22:04:36.8211725Z         at FakeXMLHttpRequest.dispatchEvent (node_modules/sinon/pkg/node_modules/nise/lib/event/event-target.js:109:0)
2025-10-15T22:04:36.8213136Z         at FakeXMLHttpRequest.readyStateChange (node_modules/sinon/pkg/node_modules/nise/lib/fake-xhr/index.js:553:0)
2025-10-15T22:04:36.8214686Z         at FakeXMLHttpRequest.setResponseBody (node_modules/sinon/pkg/node_modules/nise/lib/fake-xhr/index.js:796:0)
2025-10-15T22:04:36.8215977Z         at FakeXMLHttpRequest.respond (node_modules/sinon/pkg/node_modules/nise/lib/fake-xhr/index.js:802:0)
2025-10-15T22:04:36.8216606Z 
2025-10-15T22:04:36.8216617Z 
2025-10-15T22:04:37.1730028Z [2K[1A[2K[G[1m[36mtest/core/events.js[39m[22m:
2025-10-15T22:04:37.1730488Z 
2025-10-15T22:04:37.1730805Z  Core htmx Events [2m[Chromium][0m[0m[0m
2025-10-15T22:04:37.1731403Z    [32m✓[89m[0m[0m htmx:load fires properly
2025-10-15T22:04:37.1732157Z    [32m✓[89m[0m[0m htmx:configRequest allows attribute addition
2025-10-15T22:04:37.1733076Z    [32m✓[89m[0m[0m htmx:configRequest is also dispatched in kebab-case
2025-10-15T22:04:37.1734026Z    [32m✓[89m[0m[0m events are only dispatched once if kebab and camel case match
2025-10-15T22:04:37.1735061Z    [32m✓[89m[0m[0m events accept an options argument and the result works as expected
2025-10-15T22:04:37.1736078Z    [32m✓[89m[0m[0m htmx:configRequest allows attribute removal
2025-10-15T22:04:37.1736965Z    [32m✓[89m[0m[0m htmx:configRequest allows header tweaking
2025-10-15T22:04:37.1737924Z    [32m✓[89m[0m[0m htmx:configRequest on form gives access to submit event
2025-10-15T22:04:37.1738883Z    [32m✓[89m[0m[0m htmx:afterSwap is called when replacing outerHTML
2025-10-15T22:04:37.1740074Z    [32m✓[89m[0m[0m htmx:afterSwap is called when replacing outerHTML, new line content
2025-10-15T22:04:37.1740946Z    [32m✓[89m[0m[0m htmx:oobBeforeSwap is called before swap
2025-10-15T22:04:37.1741895Z    [32m✓[89m[0m[0m htmx:oobBeforeSwap can abort a swap
2025-10-15T22:04:37.1742681Z    [32m✓[89m[0m[0m htmx:oobBeforeSwap is not called on an oob miss
2025-10-15T22:04:37.1743410Z    [32m✓[89m[0m[0m htmx:oobAfterSwap is called after swap
2025-10-15T22:04:37.1744193Z    [32m✓[89m[0m[0m htmx:oobAfterSwap is not called on an oob miss
2025-10-15T22:04:37.1745068Z    [32m✓[89m[0m[0m htmx:afterSettle is called once when replacing outerHTML
2025-10-15T22:04:37.1746144Z    [32m✓[89m[0m[0m htmx:afterSettle is called once when replacing outerHTML with whitespace
2025-10-15T22:04:37.1747723Z    [32m✓[89m[0m[0m htmx:afterSettle is called twice when replacing outerHTML with whitespace separated elements
2025-10-15T22:04:37.1748449Z    [32m✓[89m[0m[0m htmx:afterSettle is called multiple times when doing OOB outerHTML swaps
2025-10-15T22:04:37.1749585Z    [32m✓[89m[0m[0m htmx:afterRequest is called after a successful request
2025-10-15T22:04:37.1750134Z    [32m✓[89m[0m[0m htmx:afterOnLoad is called after a successful request
2025-10-15T22:04:37.1750627Z    [32m✓[89m[0m[0m htmx:afterRequest is called after a failed request
2025-10-15T22:04:37.1751136Z    [32m✓[89m[0m[0m htmx:sendError is called after a failed request
2025-10-15T22:04:37.1751648Z    [32m✓[89m[0m[0m htmx:afterRequest is called when replacing outerHTML
2025-10-15T22:04:37.1752133Z    [32m✓[89m[0m[0m htmx:afterOnLoad is called when replacing outerHTML
2025-10-15T22:04:37.1752672Z    [32m✓[89m[0m[0m htmx:beforeProcessNode is called when replacing outerHTML
2025-10-15T22:04:37.1753190Z    [32m✓[89m[0m[0m htmx:beforeProcessNode allows htmx attribute tweaking
2025-10-15T22:04:37.1753773Z    [32m✓[89m[0m[0m htmx:afterProcessNode is called after replacing outerHTML
2025-10-15T22:04:37.1754328Z    [32m✓[89m[0m[0m htmx:afterRequest is called when targeting a parent div
2025-10-15T22:04:37.1755191Z    [32m✓[89m[0m[0m adding an error in htmx:configRequest stops the request
2025-10-15T22:04:37.1756186Z    [32m✓[89m[0m[0m preventDefault() in htmx:configRequest stops the request
2025-10-15T22:04:37.1757162Z    [32m✓[89m[0m[0m preventDefault() in the htmx:beforeRequest event cancels the request
2025-10-15T22:04:37.1758165Z    [32m✓[89m[0m[0m preventDefault() in the htmx:beforeOnLoad event cancels the swap
2025-10-15T22:04:37.1759955Z    [32m✓[89m[0m[0m htmx:afterRequest event contains 'successful' and 'failed' properties indicating success after successful request
2025-10-15T22:04:37.1761892Z    [32m✓[89m[0m[0m htmx:afterRequest event contains 'successful' and 'failed' properties indicating failure after failed request
2025-10-15T22:04:37.1763051Z    [32m✓[89m[0m[0m htmx:confirm can cancel request
2025-10-15T22:04:37.1763949Z    [32m✓[89m[0m[0m has updated target available when target set via htmx:beforeSwap
2025-10-15T22:04:37.1765170Z    [32m✓[89m[0m[0m htmx:beforeSwap can override swap style using evt.detail.swapOverride and has final say on it
2025-10-15T22:04:37.1766376Z    [32m✓[89m[0m[0m preventDefault() in htmx:historyCacheMiss stops the history request
2025-10-15T22:04:37.1767363Z    [32m✓[89m[0m[0m htmx:historyCacheMissLoad event can update history swap
2025-10-15T22:04:37.1768334Z    [32m✓[89m[0m[0m htmx:historyCacheMiss event can set custom request headers
2025-10-15T22:04:37.1769745Z    [32m✓[89m[0m[0m preventDefault() in htmx:historyCacheHit stops the history action
2025-10-15T22:04:37.1770747Z    [32m✓[89m[0m[0m htmx:historyCacheHit event can update history swap
2025-10-15T22:04:37.1771639Z    [32m✓[89m[0m[0m htmx:targetError should include the hx-target value
2025-10-15T22:04:37.1772499Z    [32m✓[89m[0m[0m htmx:targetError can include an inherited hx-target value
2025-10-15T22:04:37.1772945Z 
2025-10-15T22:04:37.1773146Z  🚧 Browser logs:
2025-10-15T22:04:37.1773505Z       htmx:oobErrorNoTarget
2025-10-15T22:04:37.1773879Z       htmx:oobErrorNoTarget
2025-10-15T22:04:37.1780042Z       Response Status Error Code 500 from /test
2025-10-15T22:04:37.1780527Z       htmx:afterRequest
2025-10-15T22:04:37.1780871Z       htmx:sendError
2025-10-15T22:04:37.1781326Z       Response Status Error Code 500 from /test
2025-10-15T22:04:37.1782103Z       beforeSwap HTMLDivElement: <div id="d1"></div> HTMLDivElement: <div id="d2"></div>
2025-10-15T22:04:37.1783425Z       afterSwap HTMLDivElement: <div id="d2" class="htmx-settling">updated</div> HTMLDivElement: <div id="d2" class="htmx-settling">updated</div>
2025-10-15T22:04:37.1790024Z       afterSwap look at me. i’m the innerHTML now.
2025-10-15T22:04:37.1790896Z       htmx:targetError
2025-10-15T22:04:37.1791266Z       htmx:targetError
2025-10-15T22:04:37.1791507Z 
2025-10-15T22:04:37.1791518Z 
2025-10-15T22:04:37.2259179Z [2K[1A[2K[G[1m[36mtest/core/extension-swap.js[39m[22m:
2025-10-15T22:04:37.2259726Z 
2025-10-15T22:04:37.2260221Z  default extensions behavior [2m[Chromium][0m[0m[0m
2025-10-15T22:04:37.2261323Z    [32m✓[89m[0m[0m handleSwap: afterSwap and afterSettle triggered if extension defined on parent
2025-10-15T22:04:37.2262300Z    [32m✓[89m[0m[0m handleSwap: new content is handled by htmx
2025-10-15T22:04:37.2262690Z 
2025-10-15T22:04:37.2262701Z 
2025-10-15T22:04:37.6021805Z [2K[1A[2K[G[1m[36mtest/core/extensions.js[39m[22m:
2025-10-15T22:04:37.6022239Z 
2025-10-15T22:04:37.6022626Z  Core htmx extension tests [2m[Chromium][0m[0m[0m
2025-10-15T22:04:37.6023481Z    [32m✓[89m[0m[0m should support event cancellation by returning false
2025-10-15T22:04:37.6024423Z    [32m✓[89m[0m[0m should support event cancellation with preventDefault
2025-10-15T22:04:37.6025288Z    [32m✓[89m[0m[0m withExtensions catches and logs any exceptions
2025-10-15T22:04:37.6025939Z    [32m✓[89m[0m[0m encodeParameters works as expected
2025-10-15T22:04:37.6026581Z    [32m✓[89m[0m[0m extensionBase return expected values
2025-10-15T22:04:37.6026899Z 
2025-10-15T22:04:37.6027083Z  🚧 Browser logs:
2025-10-15T22:04:37.6027689Z       Error: throw error to catch and log
2025-10-15T22:04:37.6032653Z         at test/core/extensions.js:54:13
2025-10-15T22:04:37.6033269Z         at src/htmx.js:3079:9
2025-10-15T22:04:37.6033702Z         at forEach (src/htmx.js:757:9)
2025-10-15T22:04:37.6034188Z         at withExtensions (src/htmx.js:3077:5)
2025-10-15T22:04:37.6034766Z         at n.<anonymous> (test/core/extensions.js:53:29)
2025-10-15T22:04:37.6035140Z 
2025-10-15T22:04:37.6035149Z 
2025-10-15T22:04:37.7686158Z [2K[1A[2K[G[1m[36mtest/core/headers.js[39m[22m:
2025-10-15T22:04:37.7686598Z 
2025-10-15T22:04:37.7687037Z  Core htmx AJAX headers [2m[Chromium][0m[0m[0m
2025-10-15T22:04:37.7687874Z    [32m✓[89m[0m[0m should include the HX-Request header
2025-10-15T22:04:37.7688618Z    [32m✓[89m[0m[0m should include the HX-Trigger header
2025-10-15T22:04:37.7704332Z    [32m✓[89m[0m[0m should include the HX-Trigger-Name header
2025-10-15T22:04:37.7708605Z    [32m✓[89m[0m[0m should include the HX-Target header
2025-10-15T22:04:37.7709905Z    [32m✓[89m[0m[0m should handle simple string HX-Trigger response header properly
2025-10-15T22:04:37.7710960Z    [32m✓[89m[0m[0m should handle dot path HX-Trigger response header properly
2025-10-15T22:04:37.7712133Z    [32m✓[89m[0m[0m should handle simple string HX-Trigger response header in different case properly
2025-10-15T22:04:37.7713200Z    [32m✓[89m[0m[0m should handle a namespaced HX-Trigger response header properly
2025-10-15T22:04:37.7714194Z    [32m✓[89m[0m[0m should handle basic JSON HX-Trigger response header properly
2025-10-15T22:04:37.7719359Z    [32m✓[89m[0m[0m should handle JSON with array arg HX-Trigger response header properly
2025-10-15T22:04:37.7747985Z    [32m✓[89m[0m[0m should handle JSON with object arg HX-Trigger response header properly
2025-10-15T22:04:37.7749533Z    [32m✓[89m[0m[0m should handle JSON with target array arg HX-Trigger response header properly
2025-10-15T22:04:37.7750581Z    [32m✓[89m[0m[0m should survive malformed JSON in HX-Trigger response header
2025-10-15T22:04:37.7751621Z    [32m✓[89m[0m[0m should handle simple string HX-Trigger response header properly w/ outerHTML swap
2025-10-15T22:04:37.7752755Z    [32m✓[89m[0m[0m should handle simple comma separated list HX-Trigger response header properly
2025-10-15T22:04:37.7753962Z    [32m✓[89m[0m[0m should handle simple comma separated list without space HX-Trigger response header properly
2025-10-15T22:04:37.7755235Z    [32m✓[89m[0m[0m should handle dot path in comma separated list HX-Trigger response header properly
2025-10-15T22:04:37.7756816Z    [32m✓[89m[0m[0m should handle a namespaced comma separated list HX-Trigger response header properly
2025-10-15T22:04:37.7757607Z    [32m✓[89m[0m[0m should handle HX-Retarget
2025-10-15T22:04:37.7758291Z    [32m✓[89m[0m[0m should handle HX-Retarget override back to this
2025-10-15T22:04:37.7760102Z    [32m✓[89m[0m[0m should handle report target:error when HX-Retarget invalid
2025-10-15T22:04:37.7767137Z    [32m✓[89m[0m[0m should handle HX-Reswap
2025-10-15T22:04:37.7767947Z    [32m✓[89m[0m[0m should handle HX-Reselect
2025-10-15T22:04:37.7768672Z    [32m✓[89m[0m[0m should handle HX-Reselect unset
2025-10-15T22:04:37.7770217Z    [32m✓[89m[0m[0m should handle simple string HX-Trigger-After-Swap response header properly w/ outerHTML swap
2025-10-15T22:04:37.7771815Z    [32m✓[89m[0m[0m should handle simple comma separated list HX-Trigger-After-Swap response header properly w/ outerHTML swap
2025-10-15T22:04:37.7773446Z    [32m✓[89m[0m[0m should handle simple string HX-Trigger-After-Settle response header properly w/ outerHTML swap
2025-10-15T22:04:37.7775093Z    [32m✓[89m[0m[0m should handle simple comma separated list HX-Trigger-After-Settle response header properly w/ outerHTML swap
2025-10-15T22:04:37.7776265Z    [32m✓[89m[0m[0m should change body content on HX-Location
2025-10-15T22:04:37.7777041Z    [32m✓[89m[0m[0m should refresh page on HX-Refresh
2025-10-15T22:04:37.7777777Z    [32m✓[89m[0m[0m should update location.href on HX-Redirect
2025-10-15T22:04:37.7778954Z    [32m✓[89m[0m[0m request to restore history should include the HX-Request header when historyRestoreAsHxRequest true
2025-10-15T22:04:37.7781561Z    [32m✓[89m[0m[0m request to restore history should not include the HX-Request header when historyRestoreAsHxRequest false
2025-10-15T22:04:37.7782875Z    [32m✓[89m[0m[0m request history from server with error status code throws error event
2025-10-15T22:04:37.7784426Z    [32m✓[89m[0m[0m request to restore history should include the HX-History-Restore-Request header
2025-10-15T22:04:37.7785639Z    [32m✓[89m[0m[0m request to restore history should include the HX-Current-URL header
2025-10-15T22:04:37.7786131Z 
2025-10-15T22:04:37.7786326Z  🚧 Browser logs:
2025-10-15T22:04:37.7786762Z       Response Status Error Code 404 from /test
2025-10-15T22:04:37.7787559Z       SyntaxError: Expected property name or '}' in JSON at position 1 (line 1 column 2)
2025-10-15T22:04:37.7788560Z         SyntaxError: Expected property name or '}' in JSON at position 1 (line 1 column 2)
2025-10-15T22:04:37.7789514Z         at JSON.parse (<anonymous>)
2025-10-15T22:04:37.7800401Z         at parseJSON (src/htmx.js:818:19)
2025-10-15T22:04:37.7800976Z         at handleTriggerHeader (src/htmx.js:2067:24)
2025-10-15T22:04:37.7801558Z         at handleAjaxResponse (src/htmx.js:4807:7)
2025-10-15T22:04:37.7802109Z         at xhr.onload (src/htmx.js:4568:9)
2025-10-15T22:04:37.7803058Z         at FakeXMLHttpRequest.<anonymous> (node_modules/sinon/pkg/node_modules/nise/lib/fake-xhr/index.js:77:0)
2025-10-15T22:04:37.7804199Z         at node_modules/sinon/pkg/node_modules/nise/lib/event/event-target.js:112:0
2025-10-15T22:04:37.7804900Z         at Array.forEach (<anonymous>)
2025-10-15T22:04:37.7805891Z         at FakeXMLHttpRequest.dispatchEvent (node_modules/sinon/pkg/node_modules/nise/lib/event/event-target.js:109:0)
2025-10-15T22:04:37.7807367Z         at FakeXMLHttpRequest.readyStateChange (node_modules/sinon/pkg/node_modules/nise/lib/fake-xhr/index.js:553:0)
2025-10-15T22:04:37.7808248Z       htmx:targetError
2025-10-15T22:04:37.7808646Z       Error: Invalid re-target #d2
2025-10-15T22:04:37.7809709Z         at resolveRetarget (src/htmx.js:4789:13)
2025-10-15T22:04:37.7810328Z         at handleAjaxResponse (src/htmx.js:4859:29)
2025-10-15T22:04:37.7810898Z         at xhr.onload (src/htmx.js:4568:9)
2025-10-15T22:04:37.7811858Z         at FakeXMLHttpRequest.<anonymous> (node_modules/sinon/pkg/node_modules/nise/lib/fake-xhr/index.js:77:0)
2025-10-15T22:04:37.7813253Z         at node_modules/sinon/pkg/node_modules/nise/lib/event/event-target.js:112:0
2025-10-15T22:04:37.7813957Z         at Array.forEach (<anonymous>)
2025-10-15T22:04:37.7814973Z         at FakeXMLHttpRequest.dispatchEvent (node_modules/sinon/pkg/node_modules/nise/lib/event/event-target.js:109:0)
2025-10-15T22:04:37.7816428Z         at FakeXMLHttpRequest.readyStateChange (node_modules/sinon/pkg/node_modules/nise/lib/fake-xhr/index.js:553:0)
2025-10-15T22:04:37.7817944Z         at FakeXMLHttpRequest.setResponseBody (node_modules/sinon/pkg/node_modules/nise/lib/fake-xhr/index.js:796:0)
2025-10-15T22:04:37.7819535Z         at FakeXMLHttpRequest.respond (node_modules/sinon/pkg/node_modules/nise/lib/fake-xhr/index.js:802:0)
2025-10-15T22:04:37.7820435Z       htmx:historyCacheMissLoadError
2025-10-15T22:04:37.7820742Z 
2025-10-15T22:04:37.7820752Z 
2025-10-15T22:04:38.0481079Z [2K[1A[2K[G[1m[36mtest/core/internals.js[39m[22m:
2025-10-15T22:04:38.0481764Z 
2025-10-15T22:04:38.0482202Z  Core htmx internals Tests [2m[Chromium][0m[0m[0m
2025-10-15T22:04:38.0483174Z    [32m✓[89m[0m[0m makeFragment works with janky stuff
2025-10-15T22:04:38.0484087Z    [32m✓[89m[0m[0m makeFragment works with template wrapping
2025-10-15T22:04:38.0485148Z    [32m✓[89m[0m[0m makeFragment works with template wrapping and funky combos
2025-10-15T22:04:38.0486133Z    [32m✓[89m[0m[0m set header works with non-ASCII values
2025-10-15T22:04:38.0486917Z    [32m✓[89m[0m[0m handles parseInterval correctly
2025-10-15T22:04:38.0513430Z    [32m✓[89m[0m[0m tokenizes correctly
2025-10-15T22:04:38.0530022Z    [32m✓[89m[0m[0m tags respond correctly to shouldCancel
2025-10-15T22:04:38.0530863Z    [32m✓[89m[0m[0m unset properly unsets a given attribute
2025-10-15T22:04:38.0531751Z    [32m✓[89m[0m[0m unset properly unsets a given attribute on a parent
2025-10-15T22:04:38.0533284Z    [32m✓[89m[0m[0m unset does not unset a value below it in the hierarchy
2025-10-15T22:04:38.0534169Z    [32m✓[89m[0m[0m encoding values respects enctype on forms
2025-10-15T22:04:38.0535263Z    [32m✓[89m[0m[0m Calling onpopstate to trigger backup and restore of page triggers htmx:restored event
2025-10-15T22:04:38.0536312Z    [32m✓[89m[0m[0m scroll position is restored from history restore
2025-10-15T22:04:38.0537324Z    [32m✓[89m[0m[0m calling onpopstate with no htmx state not true calls original popstate
2025-10-15T22:04:38.0538263Z    [32m✓[89m[0m[0m getPathFromResponse returns paths when valid
2025-10-15T22:04:38.0538980Z    [32m✓[89m[0m[0m appendParam can process objects
2025-10-15T22:04:38.0540140Z    [32m✓[89m[0m[0m handleTitle falls back to setting document.title when no title head element
2025-10-15T22:04:38.0541103Z    [32m✓[89m[0m[0m without meta config getMetaConfig returns null
2025-10-15T22:04:38.0541952Z    [32m✓[89m[0m[0m internalAPI settleImmediately completes settle tasks
2025-10-15T22:04:38.0542416Z 
2025-10-15T22:04:38.0542663Z  🚧 Browser logs:
2025-10-15T22:04:38.0543054Z       htmx:badResponseUrl
2025-10-15T22:04:38.0543295Z 
2025-10-15T22:04:38.0543514Z 
2025-10-15T22:04:38.2474965Z [2K[1A[2K[G[1m[36mtest/core/parameters.js[39m[22m:
2025-10-15T22:04:38.2477731Z 
2025-10-15T22:04:38.2478548Z  Core htmx Parameter Handling [2m[Chromium][0m[0m[0m
2025-10-15T22:04:38.2481378Z    [32m✓[89m[0m[0m Input includes value
2025-10-15T22:04:38.2482379Z    [32m✓[89m[0m[0m Input includes value on get
2025-10-15T22:04:38.2484168Z    [32m✓[89m[0m[0m Input includes form
2025-10-15T22:04:38.2485025Z    [32m✓[89m[0m[0m Input doesnt include form on get
2025-10-15T22:04:38.2490190Z    [32m✓[89m[0m[0m non-input includes form
2025-10-15T22:04:38.2491392Z    [32m✓[89m[0m[0m non-input doesnt include form on get
2025-10-15T22:04:38.2492424Z    [32m✓[89m[0m[0m Basic form works on get
2025-10-15T22:04:38.2493291Z    [32m✓[89m[0m[0m Basic form works on non-get
2025-10-15T22:04:38.2494189Z    [32m✓[89m[0m[0m Double values are included as array
2025-10-15T22:04:38.2496128Z    [32m✓[89m[0m[0m Double values are included as array in correct order
2025-10-15T22:04:38.2497493Z    [32m✓[89m[0m[0m Double empty values are included as array in correct order
2025-10-15T22:04:38.2498503Z    [32m✓[89m[0m[0m hx-include works with form
2025-10-15T22:04:38.2499637Z    [32m✓[89m[0m[0m hx-include works with input
2025-10-15T22:04:38.2500516Z    [32m✓[89m[0m[0m hx-include works with two inputs
2025-10-15T22:04:38.2501700Z    [32m✓[89m[0m[0m hx-include works with two inputs, plus form
2025-10-15T22:04:38.2502664Z    [32m✓[89m[0m[0m correctly URL escapes values
2025-10-15T22:04:38.2503517Z    [32m✓[89m[0m[0m form includes last focused button
2025-10-15T22:04:38.2504926Z    [32m✓[89m[0m[0m form includes last focused submit
2025-10-15T22:04:38.2505945Z    [32m✓[89m[0m[0m form does not include button when focus is lost
2025-10-15T22:04:38.2507125Z    [32m✓[89m[0m[0m form does not include button when focus is lost outside of form
2025-10-15T22:04:38.2508416Z    [32m✓[89m[0m[0m form includes button name and value if button has nested elements when clicked
2025-10-15T22:04:38.2510065Z    [32m✓[89m[0m[0m it puts GET params in the URL by default
2025-10-15T22:04:38.2511188Z    [32m✓[89m[0m[0m it puts GET params in the body if methodsThatUseUrlParams is empty
2025-10-15T22:04:38.2512268Z    [32m✓[89m[0m[0m it puts DELETE params in the body by default
2025-10-15T22:04:38.2513469Z    [32m✓[89m[0m[0m it puts DELETE params in the URL if methodsThatUseUrlParams contains "delete"
2025-10-15T22:04:38.2514574Z    [32m✓[89m[0m[0m Input within disabled fieldset is excluded
2025-10-15T22:04:38.2515504Z    [32m✓[89m[0m[0m formdata works along web components
2025-10-15T22:04:38.2516377Z    [32m✓[89m[0m[0m formdata works with null values
2025-10-15T22:04:38.2517464Z    [32m✓[89m[0m[0m formdata can be used to construct a URLSearchParams instance
2025-10-15T22:04:38.2519418Z    [32m✓[89m[0m[0m order of parameters follows order of input elements
2025-10-15T22:04:38.2520684Z    [32m✓[89m[0m[0m order of parameters follows order of input elements with POST
2025-10-15T22:04:38.2521707Z    [32m✓[89m[0m[0m file is correctly uploaded with file input
2025-10-15T22:04:38.2522798Z    [32m✓[89m[0m[0m file is not uploaded with blank filename
2025-10-15T22:04:38.2523810Z    [32m✓[89m[0m[0m file is correctly uploaded with htmx.ajax
2025-10-15T22:04:38.2524511Z 
2025-10-15T22:04:38.2524752Z 
2025-10-15T22:04:38.5831861Z [2K[1A[2K[G[1m[36mtest/core/perf.js[39m[22m:
2025-10-15T22:04:38.5832778Z 
2025-10-15T22:04:38.5833710Z  Core htmx perf Tests [2m[Chromium][0m[0m[0m
2025-10-15T22:04:38.5835652Z    [32m✓[89m[0m[0m history implementation should be fast
2025-10-15T22:04:38.5838087Z    [32m✓[89m[0m[0m history snapshot cleaning should be fast
2025-10-15T22:04:38.5838550Z 
2025-10-15T22:04:38.5838561Z 
2025-10-15T22:04:38.9635697Z [2K[1A[2K[G[1m[36mtest/core/regressions.js[39m[22m:
2025-10-15T22:04:38.9637314Z 
2025-10-15T22:04:38.9638883Z  Core htmx Regression Tests [2m[Chromium][0m[0m[0m
2025-10-15T22:04:38.9640447Z    [32m✓[89m[0m[0m SVGs process properly in IE11
2025-10-15T22:04:38.9642714Z    [32m✓[89m[0m[0m Handles https://github.com/bigskysoftware/htmx/issues/4 properly
2025-10-15T22:04:38.9643897Z    [32m✓[89m[0m[0m Handles https://github.com/bigskysoftware/htmx/issues/33 "empty values" properly
2025-10-15T22:04:38.9644849Z    [32m✓[89m[0m[0m name=id doesnt cause an error
2025-10-15T22:04:38.9646171Z    [32m✓[89m[0m[0m empty id doesnt cause an error
2025-10-15T22:04:38.9646918Z    [32m✓[89m[0m[0m id with dot in value doesnt cause an error
2025-10-15T22:04:38.9647773Z    [32m✓[89m[0m[0m @ symbol in attributes does not break requests
2025-10-15T22:04:38.9648699Z    [32m✓[89m[0m[0m @ symbol in attributes does not break attribute settling requests
2025-10-15T22:04:38.9649867Z    [32m✓[89m[0m[0m selected element with ID does not cause NPE when it disappears
2025-10-15T22:04:38.9651342Z    [32m✓[89m[0m[0m does not submit with a false condition on a form
2025-10-15T22:04:38.9652247Z    [32m✓[89m[0m[0m two elements can listen for the same event on another element
2025-10-15T22:04:38.9653154Z    [32m✓[89m[0m[0m a form can reset based on the htmx:afterRequest event
2025-10-15T22:04:38.9653874Z    [32m✓[89m[0m[0m supports image maps
2025-10-15T22:04:38.9654449Z    [32m✓[89m[0m[0m supports unset on hx-select
2025-10-15T22:04:38.9655307Z    [32m✓[89m[0m[0m can trigger swaps from fields that don't support setSelectionRange
2025-10-15T22:04:38.9656086Z    [32m✓[89m[0m[0m script tags only execute once
2025-10-15T22:04:38.9656784Z    [32m✓[89m[0m[0m script tags only execute once when nested
2025-10-15T22:04:38.9657635Z    [32m✓[89m[0m[0m htmx.config.allowScriptTags properly disables script tags
2025-10-15T22:04:38.9658887Z    [32m✓[89m[0m[0m htmx.config.allowScriptTags properly disables script tags when nested
2025-10-15T22:04:38.9660662Z    [32m✓[89m[0m[0m a modified click trigger on a form does not prevent the default behaviour of other elements - https://github.com/bigskysoftware/htmx/issues/2755
2025-10-15T22:04:38.9662066Z    [32m✓[89m[0m[0m swap=outerHTML clears htmx-swapping class when old node has a style attribute and no class
2025-10-15T22:04:38.9663545Z    [32m✓[89m[0m[0m swap=outerHTML won't carry over user-defined classes when old node has a style attribute before the class attribute
2025-10-15T22:04:38.9667674Z    [32m✓[89m[0m[0m a button clicked inside an htmx enabled link will prevent the link from navigating on click
2025-10-15T22:04:38.9669272Z    [32m✓[89m[0m[0m a htmx enabled button clicked inside a link will prevent the link from navigating on click
2025-10-15T22:04:38.9670506Z    [32m✓[89m[0m[0m a htmx enabled button containing sub elements will prevent the button submitting a form
2025-10-15T22:04:38.9671704Z    [32m✓[89m[0m[0m a htmx enabled element inside a form button will prevent the button submitting a form
2025-10-15T22:04:38.9672684Z    [32m✓[89m[0m[0m from: trigger on form prevents default form submission
2025-10-15T22:04:38.9673515Z    [32m✓[89m[0m[0m from: trigger on button prevents default form submission
2025-10-15T22:04:38.9674361Z    [32m✓[89m[0m[0m from: trigger on link prevents default navigation
2025-10-15T22:04:38.9675656Z    [32m✓[89m[0m[0m check deleting button during click does not trigger exception error in getRelatedFormData when button can no longer find form
2025-10-15T22:04:38.9676470Z 
2025-10-15T22:04:38.9676683Z  🚧 404 network requests:
2025-10-15T22:04:38.9677170Z     [1m[90m-[39m[22m img/bars.svg
2025-10-15T22:04:38.9677429Z 
2025-10-15T22:04:38.9677436Z 
2025-10-15T22:04:39.3434623Z [2K[1A[2K[G[1m[36mtest/core/security.js[39m[22m:
2025-10-15T22:04:39.3436317Z 
2025-10-15T22:04:39.3436894Z  security options [2m[Chromium][0m[0m[0m
2025-10-15T22:04:39.3437821Z    [32m✓[89m[0m[0m can disable a single elt
2025-10-15T22:04:39.3439538Z    [32m✓[89m[0m[0m can disable a parent elt
2025-10-15T22:04:39.3441784Z    [32m✓[89m[0m[0m can disable a child elt
2025-10-15T22:04:39.3443939Z    [32m✓[89m[0m[0m can disable a single elt dynamically
2025-10-15T22:04:39.3445205Z    [32m✓[89m[0m[0m can disable a single elt dynamically & enable it back
2025-10-15T22:04:39.3446240Z    [32m✓[89m[0m[0m can disable a single a tag dynamically & enable it back with boost
2025-10-15T22:04:39.3447195Z    [32m✓[89m[0m[0m can disable a single parent elt dynamically
2025-10-15T22:04:39.3448134Z    [32m✓[89m[0m[0m can disable a single parent elt dynamically & enable it back
2025-10-15T22:04:39.3449497Z    [32m✓[89m[0m[0m can make egress cross site requests when htmx.config.selfRequestsOnly is disabled
2025-10-15T22:04:39.3450662Z    [32m✓[89m[0m[0m can make a real local data uri request when selfRequestOnly false
2025-10-15T22:04:39.3451568Z    [32m✓[89m[0m[0m can disable hx-on on a single elt
2025-10-15T22:04:39.3452319Z    [32m✓[89m[0m[0m can disable hx-on on a parent elt
2025-10-15T22:04:39.3452904Z    [32m✓[89m[0m[0m can disable hx-on on a single elt dynamically
2025-10-15T22:04:39.3453534Z    [32m✓[89m[0m[0m can disable hx-on on a parent elt dynamically
2025-10-15T22:04:39.3454124Z    [32m✓[89m[0m[0m can't make egress cross site requests when htmx.config.selfRequestsOnly is true
2025-10-15T22:04:39.3454955Z    [32m✓[89m[0m[0m can cancel egress request based on htmx:validateUrl event
2025-10-15T22:04:39.3455562Z    [32m✓[89m[0m[0m can cancel egress request based on htmx:validateUrl event, sameHost is false
2025-10-15T22:04:39.3456271Z    [32m✓[89m[0m[0m can cancel egress request based on htmx:validateUrl event and then allow a request
2025-10-15T22:04:39.3457325Z    [32m✓[89m[0m[0m can disable script tag support with htmx.config.allowScriptTags
2025-10-15T22:04:39.3457847Z 
2025-10-15T22:04:39.3458090Z  🚧 Browser logs:
2025-10-15T22:04:39.3458778Z       htmx:afterRequest
2025-10-15T22:04:39.3459408Z       htmx:sendError
2025-10-15T22:04:39.3459730Z       htmx:invalidPath
2025-10-15T22:04:39.3460090Z       htmx:invalidPath
2025-10-15T22:04:39.3460453Z       htmx:invalidPath
2025-10-15T22:04:39.3460801Z       htmx:invalidPath
2025-10-15T22:04:39.3461034Z 
2025-10-15T22:04:39.3461044Z 
2025-10-15T22:04:39.5230549Z [2K[1A[2K[G[1m[36mtest/core/shadowdom.js[39m[22m:
2025-10-15T22:04:39.5231164Z 
2025-10-15T22:04:39.5231830Z  Core htmx Shadow DOM Tests [2m[Chromium][0m[0m[0m
2025-10-15T22:04:39.5233054Z    [32m✓[89m[0m[0m properly retrieves shadow root for extended selector
2025-10-15T22:04:39.5234459Z    [32m✓[89m[0m[0m properly escapes shadow root for extended selector
2025-10-15T22:04:39.5235968Z    [32m✓[89m[0m[0m properly retrives shadow root host for extended selector
2025-10-15T22:04:39.5237125Z    [32m✓[89m[0m[0m issues a GET request on click and swaps content
2025-10-15T22:04:39.5247570Z    [32m✓[89m[0m[0m processes inner content properly
2025-10-15T22:04:39.5248373Z    [32m✓[89m[0m[0m handles swap outerHTML properly
2025-10-15T22:04:39.5249213Z    [32m✓[89m[0m[0m handles beforebegin properly
2025-10-15T22:04:39.5249866Z    [32m✓[89m[0m[0m handles afterbegin properly
2025-10-15T22:04:39.5250647Z    [32m✓[89m[0m[0m handles afterbegin properly with no initial content
2025-10-15T22:04:39.5251349Z    [32m✓[89m[0m[0m handles afterend properly
2025-10-15T22:04:39.5251951Z    [32m✓[89m[0m[0m handles beforeend properly
2025-10-15T22:04:39.5252757Z    [32m✓[89m[0m[0m handles beforeend properly with no initial content
2025-10-15T22:04:39.5253493Z    [32m✓[89m[0m[0m handles hx-target properly
2025-10-15T22:04:39.5254170Z    [32m✓[89m[0m[0m handles 204 NO CONTENT responses properly
2025-10-15T22:04:39.5254931Z    [32m✓[89m[0m[0m handles 304 NOT MODIFIED responses properly
2025-10-15T22:04:39.5255626Z    [32m✓[89m[0m[0m handles hx-trigger with non-default value
2025-10-15T22:04:39.5256332Z    [32m✓[89m[0m[0m handles hx-trigger with load event
2025-10-15T22:04:39.5257600Z    [32m✓[89m[0m[0m sets the content type of the request properly
2025-10-15T22:04:39.5258368Z    [32m✓[89m[0m[0m issues two requests when clicked twice before response
2025-10-15T22:04:39.5259446Z    [32m✓[89m[0m[0m issues two requests when clicked three times before response
2025-10-15T22:04:39.5260306Z    [32m✓[89m[0m[0m properly handles hx-select for basic situation
2025-10-15T22:04:39.5261174Z    [32m✓[89m[0m[0m properly handles hx-select for full html document situation
2025-10-15T22:04:39.5262019Z    [32m✓[89m[0m[0m properly settles attributes on interior elements
2025-10-15T22:04:39.5262905Z    [32m✓[89m[0m[0m properly settles attributes elements with single quotes in id
2025-10-15T22:04:39.5263813Z    [32m✓[89m[0m[0m properly settles attributes elements with double quotes in id
2025-10-15T22:04:39.5264627Z    [32m✓[89m[0m[0m properly handles multiple select input
2025-10-15T22:04:39.5265618Z    [32m✓[89m[0m[0m properly handles multiple select input when "multiple" attribute is empty string
2025-10-15T22:04:39.5266706Z    [32m✓[89m[0m[0m properly handles two multiple select inputs w/ same name
2025-10-15T22:04:39.5267462Z    [32m✓[89m[0m[0m properly handles multiple email input
2025-10-15T22:04:39.5268151Z    [32m✓[89m[0m[0m properly handles checkbox inputs
2025-10-15T22:04:39.5268918Z    [32m✓[89m[0m[0m text nodes dont screw up settling via variable capture
2025-10-15T22:04:39.5269950Z    [32m✓[89m[0m[0m script nodes evaluate
2025-10-15T22:04:39.5270557Z    [32m✓[89m[0m[0m stand alone script nodes evaluate
2025-10-15T22:04:39.5271249Z    [32m✓[89m[0m[0m script nodes can define global functions
2025-10-15T22:04:39.5271970Z    [32m✓[89m[0m[0m child script nodes evaluate when children
2025-10-15T22:04:39.5272701Z    [32m✓[89m[0m[0m child script nodes evaluate when first child
2025-10-15T22:04:39.5280887Z    [32m✓[89m[0m[0m child script nodes evaluate when not explicitly marked javascript
2025-10-15T22:04:39.5282250Z    [32m✓[89m[0m[0m script nodes do not evaluate when explicitly marked as something other than javascript
2025-10-15T22:04:39.5283204Z    [32m✓[89m[0m[0m script nodes evaluate after swap
2025-10-15T22:04:39.5283917Z    [2m-[0m[0m[0m script node exceptions do not break rendering
2025-10-15T22:04:39.5284587Z    [32m✓[89m[0m[0m allows empty verb values
2025-10-15T22:04:39.5285176Z    [32m✓[89m[0m[0m allows blank verb values
2025-10-15T22:04:39.5285913Z    [32m✓[89m[0m[0m input values are not settle swapped (causes flicker)
2025-10-15T22:04:39.5286676Z    [32m✓[89m[0m[0m autofocus attribute works properly
2025-10-15T22:04:39.5287367Z    [32m✓[89m[0m[0m autofocus attribute works properly w/ child
2025-10-15T22:04:39.5289618Z    [32m✓[89m[0m[0m autofocus attribute works properly w/ true value
2025-10-15T22:04:39.5290400Z    [32m✓[89m[0m[0m multipart/form-data encoding works
2025-10-15T22:04:39.5291173Z    [32m✓[89m[0m[0m removed elements do not issue requests
2025-10-15T22:04:39.5291885Z    [32m✓[89m[0m[0m title tags update title
2025-10-15T22:04:39.5292559Z    [32m✓[89m[0m[0m svg title tags do not update title
2025-10-15T22:04:39.5293358Z    [32m✓[89m[0m[0m first title tag outside svg title tags updates title
2025-10-15T22:04:39.5294301Z    [32m✓[89m[0m[0m title update does not URL escape
2025-10-15T22:04:39.5295007Z    [32m✓[89m[0m[0m by default 400 content is not swapped
2025-10-15T22:04:39.5295848Z    [32m✓[89m[0m[0m 400 content can be swapped if configured to do so
2025-10-15T22:04:39.5296663Z    [32m✓[89m[0m[0m 400 content can be retargeted if configured to do so
2025-10-15T22:04:39.5297377Z    [32m✓[89m[0m[0m errors are triggered only on 400+
2025-10-15T22:04:39.5298080Z    [32m✓[89m[0m[0m content can be modified if configured to do so
2025-10-15T22:04:39.5298852Z    [2m-[0m[0m[0m scripts w/ src attribute are properly loaded
2025-10-15T22:04:39.5299827Z    [32m✓[89m[0m[0m should load tags with colon in their names
2025-10-15T22:04:39.5301008Z    [32m✓[89m[0m[0m properly handles clicked submit button with a value inside a htmx form
2025-10-15T22:04:39.5302097Z    [32m✓[89m[0m[0m properly handles clicked submit input with a value inside a htmx form
2025-10-15T22:04:39.5303285Z    [32m✓[89m[0m[0m properly handles clicked submit button with a value inside a non-htmx form
2025-10-15T22:04:39.5304416Z    [32m✓[89m[0m[0m properly handles clicked submit input with a value inside a non-htmx form
2025-10-15T22:04:39.5305507Z    [32m✓[89m[0m[0m properly handles clicked submit button with a value outside a htmx form
2025-10-15T22:04:39.5306637Z    [32m✓[89m[0m[0m properly handles clicked submit input with a value outside a htmx form
2025-10-15T22:04:39.5307829Z    [32m✓[89m[0m[0m properly handles clicked submit button with a value stacking with regular input
2025-10-15T22:04:39.5309328Z    [32m✓[89m[0m[0m properly handles clicked submit input with a value stacking with regular input
2025-10-15T22:04:39.5310797Z    [32m✓[89m[0m[0m properly handles clicked submit button with a value inside a form, referencing another form
2025-10-15T22:04:39.5312266Z    [32m✓[89m[0m[0m properly handles clicked submit input with a value inside a form, referencing another form
2025-10-15T22:04:39.5313285Z    [32m✓[89m[0m[0m properly handles inputs external to form
2025-10-15T22:04:39.5314138Z    [32m✓[89m[0m[0m properly handles buttons with formmethod=dialog
2025-10-15T22:04:39.5315285Z    [32m✓[89m[0m[0m can associate submit buttons from outside a form with the current version of the form after swap
2025-10-15T22:04:39.5316340Z    [32m✓[89m[0m[0m can handle basic events w/ no other attributes
2025-10-15T22:04:39.5317180Z    [32m✓[89m[0m[0m can handle basic events w/ no other attributes in child
2025-10-15T22:04:39.5318162Z    [32m✓[89m[0m[0m can target shadow DOM Host and place content below web component
2025-10-15T22:04:39.5319620Z    [32m✓[89m[0m[0m can target global id outside shadow DOM and place content
2025-10-15T22:04:39.5320666Z    [32m✓[89m[0m[0m can target shadow DOM Host with outerHTML swap and replace it
2025-10-15T22:04:39.5321151Z 
2025-10-15T22:04:39.5321386Z  🚧 Browser logs:
2025-10-15T22:04:39.5321808Z       Here...
2025-10-15T22:04:39.5322715Z       Response Status Error Code 404 from http://localhost:8000/?wtr-session-id=uWoF-68jaF_x-FM8i7gWe
2025-10-15T22:04:39.5323903Z       Response Status Error Code 404 from http://localhost:8000/?wtr-session-id=uWoF-68jaF_x-FM8i7gWe
2025-10-15T22:04:39.5324732Z       Response Status Error Code 400 from /test
2025-10-15T22:04:39.5325276Z       Response Status Error Code 400 from /test
2025-10-15T22:04:39.5325807Z       Response Status Error Code 400 from /test
2025-10-15T22:04:39.5326356Z       Response Status Error Code 400 from /test2
2025-10-15T22:04:39.5326936Z       Response Status Error Code 400 from /test
2025-10-15T22:04:39.5327269Z 
2025-10-15T22:04:39.5327300Z 
2025-10-15T22:04:39.7432899Z [2K[1A[2K[G[1m[36mtest/core/tokenizer.js[39m[22m:
2025-10-15T22:04:39.7435592Z 
2025-10-15T22:04:39.7437196Z  Core htmx tokenizer tests [2m[Chromium][0m[0m[0m
2025-10-15T22:04:39.7447735Z    [32m✓[89m[0m[0m tokenizes properly
2025-10-15T22:04:39.7450838Z    [32m✓[89m[0m[0m generates conditionals property
2025-10-15T22:04:39.7451235Z 
2025-10-15T22:04:39.7451245Z 
2025-10-15T22:04:39.9892017Z [2K[1A[2K[G[1m[36mtest/core/validation.js[39m[22m:
2025-10-15T22:04:39.9892830Z 
2025-10-15T22:04:39.9893507Z  Core htmx client side validation tests [2m[Chromium][0m[0m[0m
2025-10-15T22:04:39.9895433Z    [32m✓[89m[0m[0m HTML5 required validation error prevents request
2025-10-15T22:04:39.9896195Z    [32m✓[89m[0m[0m Novalidate skips form validation
2025-10-15T22:04:39.9896965Z    [32m✓[89m[0m[0m Validation skipped for indirect form submission
2025-10-15T22:04:39.9897804Z    [32m✓[89m[0m[0m Formnovalidate skips form validation
2025-10-15T22:04:39.9898664Z    [32m✓[89m[0m[0m HTML5 pattern validation error prevents request
2025-10-15T22:04:39.9899976Z    [32m✓[89m[0m[0m Custom validation error prevents request
2025-10-15T22:04:39.9900830Z    [32m✓[89m[0m[0m Custom validation error prevents request for unticked checkboxes
2025-10-15T22:04:39.9901735Z    [32m✓[89m[0m[0m Custom validation error prevents request for unselected radiogroups
2025-10-15T22:04:39.9902523Z    [32m✓[89m[0m[0m hyperscript validation error prevents request
2025-10-15T22:04:39.9903239Z    [32m✓[89m[0m[0m calls htmx:validation:failed on failure
2025-10-15T22:04:39.9904310Z    [32m✓[89m[0m[0m foucuses on first invalid input and reports error to user when reportValidityOfForms true
2025-10-15T22:04:39.9905538Z    [32m✓[89m[0m[0m no focus on first invalid input or report errors when reportValidityOfForms false
2025-10-15T22:04:39.9906738Z    [32m✓[89m[0m[0m can prevent reportValidity with preventDefault when reportValidityOfForms true
2025-10-15T22:04:39.9907655Z    [32m✓[89m[0m[0m calls htmx:validation:halted on failure
2025-10-15T22:04:39.9908433Z    [32m✓[89m[0m[0m hx-validate can prevent a single input from submitting
2025-10-15T22:04:39.9908826Z 
2025-10-15T22:04:39.9908836Z 
2025-10-15T22:04:44.8568868Z [2K[1A[2K[G[1m[36mtest/core/verbs.js[39m[22m:
2025-10-15T22:04:44.8569583Z 
2025-10-15T22:04:44.8569821Z  Core htmx AJAX Verbs [2m[Chromium][0m[0m[0m
2025-10-15T22:04:44.8570291Z    [32m✓[89m[0m[0m handles basic posts properly
2025-10-15T22:04:44.8570691Z    [32m✓[89m[0m[0m handles basic put properly
2025-10-15T22:04:44.8571083Z    [32m✓[89m[0m[0m handles basic patch properly
2025-10-15T22:04:44.8571482Z    [32m✓[89m[0m[0m handles basic delete properly
2025-10-15T22:04:44.8571699Z 
2025-10-15T22:04:44.8572234Z Chromium: |[37m██████████████████████████████[39m| 48/48 test files | [32m823 passed[39m, 0 failed, [90m5 skipped[39m
2025-10-15T22:04:44.8572597Z 
2025-10-15T22:04:44.8573152Z Code coverage: [1m[32m100 %[39m[22m
2025-10-15T22:04:44.8573726Z View full coverage report at [4mcoverage/lcov-report/index.html[24m
2025-10-15T22:04:44.8574013Z 
2025-10-15T22:04:44.8574329Z [1mFinished running tests in 19s, all tests passed! 🎉[22m
2025-10-15T22:04:44.8574583Z 
2025-10-15T22:04:44.8574589Z 
2025-10-15T22:04:44.9371494Z Post job cleanup.
2025-10-15T22:04:45.1173113Z Post job cleanup.
2025-10-15T22:04:45.2187198Z [command]/usr/bin/git version
2025-10-15T22:04:45.2228095Z git version 2.51.0
2025-10-15T22:04:45.2276389Z Temporarily overriding HOME='/home/runner/work/_temp/bffdd6d8-6341-436c-a84f-2545d8f46c7e' before making global git config changes
2025-10-15T22:04:45.2277977Z Adding repository directory to the temporary git global config as a safe directory
2025-10-15T22:04:45.2292878Z [command]/usr/bin/git config --global --add safe.directory /home/runner/work/htmx/htmx
2025-10-15T22:04:45.2334600Z [command]/usr/bin/git config --local --name-only --get-regexp core\.sshCommand
2025-10-15T22:04:45.2372665Z [command]/usr/bin/git submodule foreach --recursive sh -c "git config --local --name-only --get-regexp 'core\.sshCommand' && git config --local --unset-all 'core.sshCommand' || :"
2025-10-15T22:04:45.2622773Z [command]/usr/bin/git config --local --name-only --get-regexp http\.https\:\/\/github\.com\/\.extraheader
2025-10-15T22:04:45.2646223Z http.https://github.com/.extraheader
2025-10-15T22:04:45.2659720Z [command]/usr/bin/git config --local --unset-all http.https://github.com/.extraheader
2025-10-15T22:04:45.2694233Z [command]/usr/bin/git submodule foreach --recursive sh -c "git config --local --name-only --get-regexp 'http\.https\:\/\/github\.com\/\.extraheader' && git config --local --unset-all 'http.https://github.com/.extraheader' || :"
2025-10-15T22:04:45.3060316Z Cleaning up orphan processes
