2025-12-09T22:47:49.5951712Z Current runner version: '2.329.0'
2025-12-09T22:47:49.5975406Z ##[group]Runner Image Provisioner
2025-12-09T22:47:49.5976250Z Hosted Compute Agent
2025-12-09T22:47:49.5976796Z Version: 20251124.448
2025-12-09T22:47:49.5977399Z Commit: fda5086b43ec66ade217e5fcd18146c879571177
2025-12-09T22:47:49.5978042Z Build Date: 2025-11-24T21:16:26Z
2025-12-09T22:47:49.5978705Z ##[endgroup]
2025-12-09T22:47:49.5979227Z ##[group]Operating System
2025-12-09T22:47:49.5979781Z Ubuntu
2025-12-09T22:47:49.5980645Z 24.04.3
2025-12-09T22:47:49.5981096Z LTS
2025-12-09T22:47:49.5981536Z ##[endgroup]
2025-12-09T22:47:49.5982054Z ##[group]Runner Image
2025-12-09T22:47:49.5982683Z Image: ubuntu-24.04
2025-12-09T22:47:49.5983149Z Version: 20251126.144.1
2025-12-09T22:47:49.5984213Z Included Software: https://github.com/actions/runner-images/blob/ubuntu24/20251126.144/images/ubuntu/Ubuntu2404-Readme.md
2025-12-09T22:47:49.5985723Z Image Release: https://github.com/actions/runner-images/releases/tag/ubuntu24%2F20251126.144
2025-12-09T22:47:49.5986766Z ##[endgroup]
2025-12-09T22:47:49.5987870Z ##[group]GITHUB_TOKEN Permissions
2025-12-09T22:47:49.5989738Z Contents: read
2025-12-09T22:47:49.5990676Z Metadata: read
2025-12-09T22:47:49.5991144Z ##[endgroup]
2025-12-09T22:47:49.5993225Z Secret source: Actions
2025-12-09T22:47:49.5994053Z Prepare workflow directory
2025-12-09T22:47:49.6506699Z Prepare all required actions
2025-12-09T22:47:49.6561451Z Getting action download info
2025-12-09T22:47:49.9688613Z Download action repository 'actions/checkout@08c6903cd8c0fde910a37f88322edcfb5dd907a8' (SHA:08c6903cd8c0fde910a37f88322edcfb5dd907a8)
2025-12-09T22:47:50.1075850Z Download action repository 'actions/setup-java@dded0888837ed1f317902acf8a20df0ad188d165' (SHA:dded0888837ed1f317902acf8a20df0ad188d165)
2025-12-09T22:47:50.6284393Z Complete job name: build (17, 2.2.21)
2025-12-09T22:47:50.6942935Z ##[group]Run actions/checkout@08c6903cd8c0fde910a37f88322edcfb5dd907a8
2025-12-09T22:47:50.6944250Z with:
2025-12-09T22:47:50.6944637Z   ref: 2.x
2025-12-09T22:47:50.6945072Z   repository: FasterXML/jackson-module-kotlin
2025-12-09T22:47:50.6945758Z   token: ***
2025-12-09T22:47:50.6946151Z   ssh-strict: true
2025-12-09T22:47:50.6946539Z   ssh-user: git
2025-12-09T22:47:50.6946935Z   persist-credentials: true
2025-12-09T22:47:50.6947363Z   clean: true
2025-12-09T22:47:50.6947768Z   sparse-checkout-cone-mode: true
2025-12-09T22:47:50.6948245Z   fetch-depth: 1
2025-12-09T22:47:50.6948662Z   fetch-tags: false
2025-12-09T22:47:50.6949056Z   show-progress: true
2025-12-09T22:47:50.6949453Z   lfs: false
2025-12-09T22:47:50.6949822Z   submodules: false
2025-12-09T22:47:50.6950378Z   set-safe-directory: true
2025-12-09T22:47:50.6951058Z env:
2025-12-09T22:47:50.6951543Z   JAVA_OPTS: -XX:+TieredCompilation -XX:TieredStopAtLevel=1
2025-12-09T22:47:50.6952125Z ##[endgroup]
2025-12-09T22:47:50.7875397Z Syncing repository: FasterXML/jackson-module-kotlin
2025-12-09T22:47:50.7877378Z ##[group]Getting Git version info
2025-12-09T22:47:50.7878217Z Working directory is '/home/runner/work/jackson-module-kotlin/jackson-module-kotlin'
2025-12-09T22:47:50.7879339Z [command]/usr/bin/git version
2025-12-09T22:47:50.7919544Z git version 2.52.0
2025-12-09T22:47:50.7972070Z ##[endgroup]
2025-12-09T22:47:50.7985951Z Temporarily overriding HOME='/home/runner/work/_temp/2e3de6a6-2bce-46c7-a98a-58d50ab278c4' before making global git config changes
2025-12-09T22:47:50.7987771Z Adding repository directory to the temporary git global config as a safe directory
2025-12-09T22:47:50.7990872Z [command]/usr/bin/git config --global --add safe.directory /home/runner/work/jackson-module-kotlin/jackson-module-kotlin
2025-12-09T22:47:50.8030016Z Deleting the contents of '/home/runner/work/jackson-module-kotlin/jackson-module-kotlin'
2025-12-09T22:47:50.8033231Z ##[group]Initializing the repository
2025-12-09T22:47:50.8037810Z [command]/usr/bin/git init /home/runner/work/jackson-module-kotlin/jackson-module-kotlin
2025-12-09T22:47:50.8136276Z hint: Using 'master' as the name for the initial branch. This default branch name
2025-12-09T22:47:50.8138029Z hint: will change to "main" in Git 3.0. To configure the initial branch name
2025-12-09T22:47:50.8139137Z hint: to use in all of your new repositories, which will suppress this warning,
2025-12-09T22:47:50.8140609Z hint: call:
2025-12-09T22:47:50.8141193Z hint:
2025-12-09T22:47:50.8142031Z hint: 	git config --global init.defaultBranch <name>
2025-12-09T22:47:50.8143060Z hint:
2025-12-09T22:47:50.8144064Z hint: Names commonly chosen instead of 'master' are 'main', 'trunk' and
2025-12-09T22:47:50.8145673Z hint: 'development'. The just-created branch can be renamed via this command:
2025-12-09T22:47:50.8147002Z hint:
2025-12-09T22:47:50.8147645Z hint: 	git branch -m <name>
2025-12-09T22:47:50.8148369Z hint:
2025-12-09T22:47:50.8149359Z hint: Disable this message with "git config set advice.defaultBranchName false"
2025-12-09T22:47:50.8151695Z Initialized empty Git repository in /home/runner/work/jackson-module-kotlin/jackson-module-kotlin/.git/
2025-12-09T22:47:50.8154872Z [command]/usr/bin/git remote add origin https://github.com/FasterXML/jackson-module-kotlin
2025-12-09T22:47:50.8186374Z ##[endgroup]
2025-12-09T22:47:50.8187551Z ##[group]Disabling automatic garbage collection
2025-12-09T22:47:50.8190669Z [command]/usr/bin/git config --local gc.auto 0
2025-12-09T22:47:50.8218419Z ##[endgroup]
2025-12-09T22:47:50.8219606Z ##[group]Setting up auth
2025-12-09T22:47:50.8225552Z [command]/usr/bin/git config --local --name-only --get-regexp core\.sshCommand
2025-12-09T22:47:50.8256180Z [command]/usr/bin/git submodule foreach --recursive sh -c "git config --local --name-only --get-regexp 'core\.sshCommand' && git config --local --unset-all 'core.sshCommand' || :"
2025-12-09T22:47:50.8596549Z [command]/usr/bin/git config --local --name-only --get-regexp http\.https\:\/\/github\.com\/\.extraheader
2025-12-09T22:47:50.8626972Z [command]/usr/bin/git submodule foreach --recursive sh -c "git config --local --name-only --get-regexp 'http\.https\:\/\/github\.com\/\.extraheader' && git config --local --unset-all 'http.https://github.com/.extraheader' || :"
2025-12-09T22:47:50.8844782Z [command]/usr/bin/git config --local http.https://github.com/.extraheader AUTHORIZATION: basic ***
2025-12-09T22:47:50.8889252Z ##[endgroup]
2025-12-09T22:47:50.8890732Z ##[group]Fetching the repository
2025-12-09T22:47:50.8899455Z [command]/usr/bin/git -c protocol.version=2 fetch --no-tags --prune --no-recurse-submodules --depth=1 origin +refs/heads/2.x*:refs/remotes/origin/2.x* +refs/tags/2.x*:refs/tags/2.x*
2025-12-09T22:47:51.2514712Z From https://github.com/FasterXML/jackson-module-kotlin
2025-12-09T22:47:51.2516417Z  * [new branch]      2.x        -> origin/2.x
2025-12-09T22:47:51.2545330Z ##[endgroup]
2025-12-09T22:47:51.2546404Z ##[group]Determining the checkout info
2025-12-09T22:47:51.2555287Z [command]/usr/bin/git branch --list --remote origin/2.x
2025-12-09T22:47:51.2579375Z   origin/2.x
2025-12-09T22:47:51.2585968Z ##[endgroup]
2025-12-09T22:47:51.2590031Z [command]/usr/bin/git sparse-checkout disable
2025-12-09T22:47:51.2689355Z [command]/usr/bin/git config --local --unset-all extensions.worktreeConfig
2025-12-09T22:47:51.2715334Z ##[group]Checking out the ref
2025-12-09T22:47:51.2718425Z [command]/usr/bin/git checkout --progress --force -B 2.x refs/remotes/origin/2.x
2025-12-09T22:47:51.2984610Z Switched to a new branch '2.x'
2025-12-09T22:47:51.2986441Z branch '2.x' set up to track 'origin/2.x'.
2025-12-09T22:47:51.2994648Z ##[endgroup]
2025-12-09T22:47:51.3030784Z [command]/usr/bin/git log -1 --format=%H
2025-12-09T22:47:51.3054568Z bd1d8645117a7b7c2cb0febbc025720ca4112859
2025-12-09T22:47:51.3374953Z ##[group]Run actions/setup-java@dded0888837ed1f317902acf8a20df0ad188d165
2025-12-09T22:47:51.3376688Z with:
2025-12-09T22:47:51.3377439Z   distribution: temurin
2025-12-09T22:47:51.3378299Z   java-version: 17
2025-12-09T22:47:51.3379080Z   cache: maven
2025-12-09T22:47:51.3379975Z   java-package: jdk
2025-12-09T22:47:51.3380802Z   check-latest: false
2025-12-09T22:47:51.3381646Z   server-id: github
2025-12-09T22:47:51.3382701Z   server-username: GITHUB_ACTOR
2025-12-09T22:47:51.3383709Z   server-password: GITHUB_TOKEN
2025-12-09T22:47:51.3384700Z   overwrite-settings: true
2025-12-09T22:47:51.3385630Z   job-status: success
2025-12-09T22:47:51.3386725Z   token: ***
2025-12-09T22:47:51.3387447Z env:
2025-12-09T22:47:51.3388438Z   JAVA_OPTS: -XX:+TieredCompilation -XX:TieredStopAtLevel=1
2025-12-09T22:47:51.3389750Z ##[endgroup]
2025-12-09T22:47:51.4964107Z ##[group]Installed distributions
2025-12-09T22:47:51.5003766Z Resolved Java 17.0.17+10 from tool-cache
2025-12-09T22:47:51.5005700Z Setting Java 17.0.17+10 as the default
2025-12-09T22:47:51.5016962Z (node:2105) [DEP0040] DeprecationWarning: The `punycode` module is deprecated. Please use a userland alternative instead.
2025-12-09T22:47:51.5021266Z (Use `node --trace-deprecation ...` to show where the warning was created)
2025-12-09T22:47:51.5023957Z Creating toolchains.xml for JDK version 17 from temurin
2025-12-09T22:47:51.5097113Z Writing to /home/runner/.m2/toolchains.xml
2025-12-09T22:47:51.5098308Z 
2025-12-09T22:47:51.5098788Z Java configuration:
2025-12-09T22:47:51.5100257Z   Distribution: temurin
2025-12-09T22:47:51.5101478Z   Version: 17.0.17+10
2025-12-09T22:47:51.5103072Z   Path: /opt/hostedtoolcache/Java_Temurin-Hotspot_jdk/17.0.17-10/x64
2025-12-09T22:47:51.5104542Z 
2025-12-09T22:47:51.5105774Z ##[endgroup]
2025-12-09T22:47:51.5121924Z Creating settings.xml with server-id: github
2025-12-09T22:47:51.5124264Z Writing to /home/runner/.m2/settings.xml
2025-12-09T22:47:51.6898741Z Cache hit for: setup-java-Linux-x64-maven-adcdd1de1964f220310ed8cac42e97d8ef3be266f9468c4ba62f98269a1039e4
2025-12-09T22:47:51.7000668Z (node:2105) [DEP0169] DeprecationWarning: `url.parse()` behavior is not standardized and prone to errors that have security implications. Use the WHATWG URL API instead. CVEs are not issued for `url.parse()` vulnerabilities.
2025-12-09T22:47:52.7961027Z Received 134217728 of 146922042 (91.4%), 128.0 MBs/sec
2025-12-09T22:47:52.8984322Z Received 146922042 of 146922042 (100.0%), 127.0 MBs/sec
2025-12-09T22:47:52.8985130Z Cache Size: ~140 MB (146922042 B)
2025-12-09T22:47:52.9014931Z [command]/usr/bin/tar -xf /home/runner/work/_temp/6a16f369-5c70-40a0-93fb-6405361dc4d4/cache.tzst -P -C /home/runner/work/jackson-module-kotlin/jackson-module-kotlin --use-compress-program unzstd
2025-12-09T22:47:53.2677757Z Cache restored successfully
2025-12-09T22:47:53.2953708Z Cache restored from key: setup-java-Linux-x64-maven-adcdd1de1964f220310ed8cac42e97d8ef3be266f9468c4ba62f98269a1039e4
2025-12-09T22:47:53.3167697Z ##[group]Run ./mvnw -B -ff -ntp -Dversion.kotlin=2.2.21 clean verify
2025-12-09T22:47:53.3168271Z [36;1m./mvnw -B -ff -ntp -Dversion.kotlin=2.2.21 clean verify[0m
2025-12-09T22:47:53.3206975Z shell: /usr/bin/bash -e {0}
2025-12-09T22:47:53.3207277Z env:
2025-12-09T22:47:53.3207607Z   JAVA_OPTS: -XX:+TieredCompilation -XX:TieredStopAtLevel=1
2025-12-09T22:47:53.3208094Z   JAVA_HOME: /opt/hostedtoolcache/Java_Temurin-Hotspot_jdk/17.0.17-10/x64
2025-12-09T22:47:53.3208610Z   JAVA_HOME_17_X64: /opt/hostedtoolcache/Java_Temurin-Hotspot_jdk/17.0.17-10/x64
2025-12-09T22:47:53.3209001Z ##[endgroup]
2025-12-09T22:47:58.0937650Z [INFO] Scanning for projects...
2025-12-09T22:48:00.4471563Z [INFO] Inspecting build with total of 1 modules
2025-12-09T22:48:00.4603586Z [INFO] Installing Central Publishing features
2025-12-09T22:48:00.4671856Z [INFO] 
2025-12-09T22:48:00.4672974Z [INFO] ---------< com.fasterxml.jackson.module:jackson-module-kotlin >---------
2025-12-09T22:48:00.4680921Z [INFO] Building jackson-module-kotlin 2.21.0-SNAPSHOT
2025-12-09T22:48:00.4681695Z [INFO]   from pom.xml
2025-12-09T22:48:00.4682467Z [INFO] -------------------------------[ bundle ]-------------------------------
2025-12-09T22:48:06.4520267Z [INFO] 
2025-12-09T22:48:06.4521613Z [INFO] --- clean:3.5.0:clean (default-clean) @ jackson-module-kotlin ---
2025-12-09T22:48:06.4883856Z [INFO] 
2025-12-09T22:48:06.4891296Z [INFO] --- build-helper:3.6.0:regex-property (regex-property) @ jackson-module-kotlin ---
2025-12-09T22:48:06.5288081Z [INFO] 
2025-12-09T22:48:06.5292793Z [INFO] --- enforcer:3.6.2:enforce (enforce-java) @ jackson-module-kotlin ---
2025-12-09T22:48:06.6411776Z [INFO] Rule 0: org.apache.maven.enforcer.rules.version.RequireJavaVersion passed
2025-12-09T22:48:06.6413505Z [INFO] Rule 1: org.apache.maven.enforcer.rules.version.RequireMavenVersion passed
2025-12-09T22:48:06.6550161Z [INFO] Rule 2: org.apache.maven.enforcer.rules.RequirePluginVersions passed
2025-12-09T22:48:06.6552294Z [INFO] 
2025-12-09T22:48:06.6560042Z [INFO] --- build-helper:3.6.0:add-source (add-generated-sources) @ jackson-module-kotlin ---
2025-12-09T22:48:06.6583611Z [INFO] Source directory: /home/runner/work/jackson-module-kotlin/jackson-module-kotlin/target/generated-sources added.
2025-12-09T22:48:06.6590788Z [INFO] 
2025-12-09T22:48:06.6592681Z [INFO] --- build-helper:3.6.0:add-source (default) @ jackson-module-kotlin ---
2025-12-09T22:48:06.6616635Z [INFO] Source directory: /home/runner/work/jackson-module-kotlin/jackson-module-kotlin/src/main/kotlin added.
2025-12-09T22:48:06.6618820Z [INFO] 
2025-12-09T22:48:06.6620802Z [INFO] --- replacer:1.5.3:replace (process-packageVersion) @ jackson-module-kotlin ---
2025-12-09T22:48:06.7296822Z [INFO] Replacement run on 1 file.
2025-12-09T22:48:06.7305103Z [INFO] 
2025-12-09T22:48:06.7305711Z [INFO] --- kotlin:2.2.21:compile (compile) @ jackson-module-kotlin ---
2025-12-09T22:48:10.2372953Z [INFO] starting the daemon as: /usr/lib/jvm/temurin-17-jdk-amd64/bin/java -cp /home/runner/.m2/repository/org/jetbrains/kotlin/kotlin-build-tools-impl/2.2.21/kotlin-build-tools-impl-2.2.21.jar:/home/runner/.m2/repository/org/jetbrains/kotlin/kotlin-build-tools-api/2.2.21/kotlin-build-tools-api-2.2.21.jar:/home/runner/.m2/repository/org/jetbrains/kotlin/kotlin-stdlib/2.2.21/kotlin-stdlib-2.2.21.jar:/home/runner/.m2/repository/org/jetbrains/annotations/13.0/annotations-13.0.jar:/home/runner/.m2/repository/org/jetbrains/kotlin/kotlin-compiler-embeddable/2.2.21/kotlin-compiler-embeddable-2.2.21.jar:/home/runner/.m2/repository/org/jetbrains/kotlin/kotlin-script-runtime/2.2.21/kotlin-script-runtime-2.2.21.jar:/home/runner/.m2/repository/org/jetbrains/kotlin/kotlin-reflect/1.6.10/kotlin-reflect-1.6.10.jar:/home/runner/.m2/repository/org/jetbrains/kotlin/kotlin-daemon-embeddable/2.2.21/kotlin-daemon-embeddable-2.2.21.jar:/home/runner/.m2/repository/org/jetbrains/kotlinx/kotlinx-coroutines-core-jvm/1.8.0/kotlinx-coroutines-core-jvm-1.8.0.jar:/home/runner/.m2/repository/org/jetbrains/kotlin/kotlin-compiler-runner/2.2.21/kotlin-compiler-runner-2.2.21.jar:/home/runner/.m2/repository/org/jetbrains/kotlin/kotlin-daemon-client/2.2.21/kotlin-daemon-client-2.2.21.jar:/home/runner/.m2/repository/org/jetbrains/kotlin/kotlin-scripting-compiler-embeddable/2.2.21/kotlin-scripting-compiler-embeddable-2.2.21.jar:/home/runner/.m2/repository/org/jetbrains/kotlin/kotlin-scripting-common/2.2.21/kotlin-scripting-common-2.2.21.jar:/home/runner/.m2/repository/org/jetbrains/kotlin/kotlin-scripting-jvm/2.2.21/kotlin-scripting-jvm-2.2.21.jar:/home/runner/.m2/repository/org/jetbrains/kotlin/kotlin-scripting-compiler-impl-embeddable/2.2.21/kotlin-scripting-compiler-impl-embeddable-2.2.21.jar -Djava.awt.headless=true -Djava.rmi.server.hostname=127.0.0.1 -Xmx4000m -XX:ReservedCodeCacheSize=320m -ea -XX:+UseCodeCacheFlushing -XX:+UseParallelGC -Dkotlin.daemon.initiator.marker.file=/tmp/kotlin-compiler-client-9545919200089882574-is-running --add-exports java.base/sun.nio.ch=ALL-UNNAMED org.jetbrains.kotlin.daemon.KotlinCompileDaemon --daemon-runFilesPath /home/runner/.kotlin/daemon --daemon-autoshutdownIdleSeconds=7200 --daemon-shutdownDelayMilliseconds=1800000 --daemon-compilerClasspath /home/runner/.m2/repository/org/jetbrains/kotlin/kotlin-build-tools-impl/2.2.21/kotlin-build-tools-impl-2.2.21.jar:/home/runner/.m2/repository/org/jetbrains/kotlin/kotlin-build-tools-api/2.2.21/kotlin-build-tools-api-2.2.21.jar:/home/runner/.m2/repository/org/jetbrains/kotlin/kotlin-stdlib/2.2.21/kotlin-stdlib-2.2.21.jar:/home/runner/.m2/repository/org/jetbrains/annotations/13.0/annotations-13.0.jar:/home/runner/.m2/repository/org/jetbrains/kotlin/kotlin-compiler-embeddable/2.2.21/kotlin-compiler-embeddable-2.2.21.jar:/home/runner/.m2/repository/org/jetbrains/kotlin/kotlin-script-runtime/2.2.21/kotlin-script-runtime-2.2.21.jar:/home/runner/.m2/repository/org/jetbrains/kotlin/kotlin-reflect/1.6.10/kotlin-reflect-1.6.10.jar:/home/runner/.m2/repository/org/jetbrains/kotlin/kotlin-daemon-embeddable/2.2.21/kotlin-daemon-embeddable-2.2.21.jar:/home/runner/.m2/repository/org/jetbrains/kotlinx/kotlinx-coroutines-core-jvm/1.8.0/kotlinx-coroutines-core-jvm-1.8.0.jar:/home/runner/.m2/repository/org/jetbrains/kotlin/kotlin-compiler-runner/2.2.21/kotlin-compiler-runner-2.2.21.jar:/home/runner/.m2/repository/org/jetbrains/kotlin/kotlin-daemon-client/2.2.21/kotlin-daemon-client-2.2.21.jar:/home/runner/.m2/repository/org/jetbrains/kotlin/kotlin-scripting-compiler-embeddable/2.2.21/kotlin-scripting-compiler-embeddable-2.2.21.jar:/home/runner/.m2/repository/org/jetbrains/kotlin/kotlin-scripting-common/2.2.21/kotlin-scripting-common-2.2.21.jar:/home/runner/.m2/repository/org/jetbrains/kotlin/kotlin-scripting-jvm/2.2.21/kotlin-scripting-jvm-2.2.21.jar:/home/runner/.m2/repository/org/jetbrains/kotlin/kotlin-scripting-compiler-impl-embeddable/2.2.21/kotlin-scripting-compiler-impl-embeddable-2.2.21.jar
2025-12-09T22:48:10.2397826Z [INFO] #1 retrying connecting to the daemon 
2025-12-09T22:48:21.3789252Z [WARNING] file:///home/runner/work/jackson-module-kotlin/jackson-module-kotlin/src/main/kotlin/com/fasterxml/jackson/module/kotlin/Extensions.kt:109:62 'fun <T : Any!> readValue(p0: URL!, p1: TypeReference<T!>!): T!' is deprecated. Deprecated in Java.
2025-12-09T22:48:21.3812140Z [WARNING] file:///home/runner/work/jackson-module-kotlin/jackson-module-kotlin/src/main/kotlin/com/fasterxml/jackson/module/kotlin/KotlinModule.kt:49:36 'static enum entry NewStrictNullChecks: KotlinFeature' is deprecated. This option will be merged into StrictNullChecks in 2.23.
2025-12-09T22:48:21.3818643Z [WARNING] file:///home/runner/work/jackson-module-kotlin/jackson-module-kotlin/src/main/kotlin/com/fasterxml/jackson/module/kotlin/KotlinModule.kt:82:27 'static enum entry NewStrictNullChecks: KotlinFeature' is deprecated. This option will be merged into StrictNullChecks in 2.23.
2025-12-09T22:48:21.4043043Z [INFO] 
2025-12-09T22:48:21.4044439Z [INFO] --- build-helper:3.6.0:add-resource (add-resource) @ jackson-module-kotlin ---
2025-12-09T22:48:21.4069321Z [INFO] 
2025-12-09T22:48:21.4070670Z [INFO] --- resources:3.3.1:resources (default-resources) @ jackson-module-kotlin ---
2025-12-09T22:48:21.4475806Z [INFO] Copying 3 resources from src/main/resources to target/classes
2025-12-09T22:48:21.4506304Z [INFO] Copying 1 resource from  to target/classes/META-INF
2025-12-09T22:48:21.4508436Z [INFO] 
2025-12-09T22:48:21.4526329Z [INFO] --- compiler:3.14.1:compile (default-compile) @ jackson-module-kotlin ---
2025-12-09T22:48:21.5793121Z [INFO] Recompiling the module because of changed source code.
2025-12-09T22:48:21.5884630Z [INFO] Compiling 3 source files with javac [debug:lines,source,vars deprecation target 1.8] to target/classes
2025-12-09T22:48:22.3862134Z [WARNING] bootstrap class path not set in conjunction with -source 8
2025-12-09T22:48:22.3883384Z [INFO] /home/runner/work/jackson-module-kotlin/jackson-module-kotlin/src/main/java/com/fasterxml/jackson/module/kotlin/WrapsNullableValueClassDeserializer.java: /home/runner/work/jackson-module-kotlin/jackson-module-kotlin/src/main/java/com/fasterxml/jackson/module/kotlin/WrapsNullableValueClassDeserializer.java uses unchecked or unsafe operations.
2025-12-09T22:48:22.3887070Z [INFO] /home/runner/work/jackson-module-kotlin/jackson-module-kotlin/src/main/java/com/fasterxml/jackson/module/kotlin/WrapsNullableValueClassDeserializer.java: Recompile with -Xlint:unchecked for details.
2025-12-09T22:48:22.3888661Z [INFO] 
2025-12-09T22:48:22.3889184Z [INFO] --- bundle:5.1.9:manifest (bundle-manifest) @ jackson-module-kotlin ---
2025-12-09T22:48:22.3948311Z [INFO] No MANIFEST.MF file found, generating manifest.
2025-12-09T22:48:22.7353455Z [WARNING] Include-Resource: overriding META-INF/LICENSE=src/main/resources/META-INF/LICENSE,META-INF/NOTICE=src/main/resources/META-INF/NOTICE,META-INF/services/com.fasterxml.jackson.databind.Module=src/main/resources/META-INF/services/com.fasterxml.jackson.databind.Module,META-INF/LICENSE=LICENSE with src/main/resources/, META-INF=target/classes/META-INF (add {maven-resources} if you want to include the maven resources)
2025-12-09T22:48:23.9960935Z [WARNING] Manifest com.fasterxml.jackson.module:jackson-module-kotlin:bundle:2.21.0-SNAPSHOT : Unused Import-Package instructions: [kotlin.reflect.*] 
2025-12-09T22:48:23.9962201Z [INFO] Writing manifest: /home/runner/work/jackson-module-kotlin/jackson-module-kotlin/target/classes/META-INF/MANIFEST.MF
2025-12-09T22:48:23.9992608Z [INFO] 
2025-12-09T22:48:23.9995606Z [INFO] --- kotlin:2.2.21:test-compile (test-compile) @ jackson-module-kotlin ---
2025-12-09T22:48:59.7010456Z [WARNING] file:///home/runner/work/jackson-module-kotlin/jackson-module-kotlin/src/test/kotlin/com/fasterxml/jackson/module/kotlin/KotlinInvalidNullExceptionTest.kt:10:5 This annotation is currently applied to the value parameter only, but in the future it will also be applied to field.
2025-12-09T22:48:59.7045601Z - To opt in to applying to both value parameter and field, add '-Xannotation-default-target=param-property' to your compiler arguments.
2025-12-09T22:48:59.7046835Z - To keep applying to the value parameter only, use the '@param:' annotation target.
2025-12-09T22:48:59.7047376Z 
2025-12-09T22:48:59.7047720Z See https://youtrack.jetbrains.com/issue/KT-73255 for more details.
2025-12-09T22:48:59.7050387Z [WARNING] file:///home/runner/work/jackson-module-kotlin/jackson-module-kotlin/src/test/kotlin/com/fasterxml/jackson/module/kotlin/kogeraIntegration/deser/StrictNullChecksTest.kt:80:40 This annotation is currently applied to the value parameter only, but in the future it will also be applied to field.
2025-12-09T22:48:59.7061089Z - To opt in to applying to both value parameter and field, add '-Xannotation-default-target=param-property' to your compiler arguments.
2025-12-09T22:48:59.7062214Z - To keep applying to the value parameter only, use the '@param:' annotation target.
2025-12-09T22:48:59.7062719Z 
2025-12-09T22:48:59.7063002Z See https://youtrack.jetbrains.com/issue/KT-73255 for more details.
2025-12-09T22:48:59.7065526Z [WARNING] file:///home/runner/work/jackson-module-kotlin/jackson-module-kotlin/src/test/kotlin/com/fasterxml/jackson/module/kotlin/kogeraIntegration/deser/StrictNullChecksTest.kt:81:44 This annotation is currently applied to the value parameter only, but in the future it will also be applied to field.
2025-12-09T22:48:59.7068138Z - To opt in to applying to both value parameter and field, add '-Xannotation-default-target=param-property' to your compiler arguments.
2025-12-09T22:48:59.7069292Z - To keep applying to the value parameter only, use the '@param:' annotation target.
2025-12-09T22:48:59.7069844Z 
2025-12-09T22:48:59.7070398Z See https://youtrack.jetbrains.com/issue/KT-73255 for more details.
2025-12-09T22:48:59.7168875Z [WARNING] file:///home/runner/work/jackson-module-kotlin/jackson-module-kotlin/src/test/kotlin/com/fasterxml/jackson/module/kotlin/kogeraIntegration/deser/StrictNullChecksTest.kt:82:43 This annotation is currently applied to the value parameter only, but in the future it will also be applied to field.
2025-12-09T22:48:59.7171820Z - To opt in to applying to both value parameter and field, add '-Xannotation-default-target=param-property' to your compiler arguments.
2025-12-09T22:48:59.7173094Z - To keep applying to the value parameter only, use the '@param:' annotation target.
2025-12-09T22:48:59.7173612Z 
2025-12-09T22:48:59.7173937Z See https://youtrack.jetbrains.com/issue/KT-73255 for more details.
2025-12-09T22:48:59.7176234Z [WARNING] file:///home/runner/work/jackson-module-kotlin/jackson-module-kotlin/src/test/kotlin/com/fasterxml/jackson/module/kotlin/kogeraIntegration/deser/StrictNullChecksTest.kt:114:33 This annotation is currently applied to the value parameter only, but in the future it will also be applied to field.
2025-12-09T22:48:59.7179233Z - To opt in to applying to both value parameter and field, add '-Xannotation-default-target=param-property' to your compiler arguments.
2025-12-09T22:48:59.7180598Z - To keep applying to the value parameter only, use the '@param:' annotation target.
2025-12-09T22:48:59.7181105Z 
2025-12-09T22:48:59.7181433Z See https://youtrack.jetbrains.com/issue/KT-73255 for more details.
2025-12-09T22:48:59.7221265Z [WARNING] file:///home/runner/work/jackson-module-kotlin/jackson-module-kotlin/src/test/kotlin/com/fasterxml/jackson/module/kotlin/kogeraIntegration/deser/StrictNullChecksTest.kt:115:37 This annotation is currently applied to the value parameter only, but in the future it will also be applied to field.
2025-12-09T22:48:59.7241013Z - To opt in to applying to both value parameter and field, add '-Xannotation-default-target=param-property' to your compiler arguments.
2025-12-09T22:48:59.7242596Z - To keep applying to the value parameter only, use the '@param:' annotation target.
2025-12-09T22:48:59.7262004Z 
2025-12-09T22:48:59.7262784Z See https://youtrack.jetbrains.com/issue/KT-73255 for more details.
2025-12-09T22:48:59.7265076Z [WARNING] file:///home/runner/work/jackson-module-kotlin/jackson-module-kotlin/src/test/kotlin/com/fasterxml/jackson/module/kotlin/kogeraIntegration/deser/StrictNullChecksTest.kt:116:36 This annotation is currently applied to the value parameter only, but in the future it will also be applied to field.
2025-12-09T22:48:59.7267672Z - To opt in to applying to both value parameter and field, add '-Xannotation-default-target=param-property' to your compiler arguments.
2025-12-09T22:48:59.7268796Z - To keep applying to the value parameter only, use the '@param:' annotation target.
2025-12-09T22:48:59.7269352Z 
2025-12-09T22:48:59.7269639Z See https://youtrack.jetbrains.com/issue/KT-73255 for more details.
2025-12-09T22:48:59.7272528Z [WARNING] file:///home/runner/work/jackson-module-kotlin/jackson-module-kotlin/src/test/kotlin/com/fasterxml/jackson/module/kotlin/kogeraIntegration/deser/valueClass/mapKey/keyDeserializer/byAnnotation/SpecifiedForPropertyTest.kt:19:24 This annotation is currently applied to the value parameter only, but in the future it will also be applied to field.
2025-12-09T22:48:59.7275494Z - To opt in to applying to both value parameter and field, add '-Xannotation-default-target=param-property' to your compiler arguments.
2025-12-09T22:48:59.7276865Z - To keep applying to the value parameter only, use the '@param:' annotation target.
2025-12-09T22:48:59.7277390Z 
2025-12-09T22:48:59.7277732Z See https://youtrack.jetbrains.com/issue/KT-73255 for more details.
2025-12-09T22:48:59.7280415Z [WARNING] file:///home/runner/work/jackson-module-kotlin/jackson-module-kotlin/src/test/kotlin/com/fasterxml/jackson/module/kotlin/kogeraIntegration/ser/valueClass/serializer/byAnnotation/primitive/ByAnnotationTest.kt:21:9 This annotation is currently applied to the value parameter only, but in the future it will also be applied to field.
2025-12-09T22:48:59.7283229Z - To opt in to applying to both value parameter and field, add '-Xannotation-default-target=param-property' to your compiler arguments.
2025-12-09T22:48:59.7284516Z - To keep applying to the value parameter only, use the '@param:' annotation target.
2025-12-09T22:48:59.7285030Z 
2025-12-09T22:48:59.7285344Z See https://youtrack.jetbrains.com/issue/KT-73255 for more details.
2025-12-09T22:48:59.7287935Z [WARNING] file:///home/runner/work/jackson-module-kotlin/jackson-module-kotlin/src/test/kotlin/com/fasterxml/jackson/module/kotlin/kogeraIntegration/ser/valueClass/serializer/byAnnotation/primitive/ByAnnotationTest.kt:63:9 This annotation is currently applied to the value parameter only, but in the future it will also be applied to field.
2025-12-09T22:48:59.7322091Z - To opt in to applying to both value parameter and field, add '-Xannotation-default-target=param-property' to your compiler arguments.
2025-12-09T22:48:59.7323466Z - To keep applying to the value parameter only, use the '@param:' annotation target.
2025-12-09T22:48:59.7323972Z 
2025-12-09T22:48:59.7324262Z See https://youtrack.jetbrains.com/issue/KT-73255 for more details.
2025-12-09T22:48:59.7326190Z [WARNING] file:///home/runner/work/jackson-module-kotlin/jackson-module-kotlin/src/test/kotlin/com/fasterxml/jackson/module/kotlin/test/IteratorTests.kt:36:58 This annotation is currently applied to the value parameter only, but in the future it will also be applied to field.
2025-12-09T22:48:59.7328521Z - To opt in to applying to both value parameter and field, add '-Xannotation-default-target=param-property' to your compiler arguments.
2025-12-09T22:48:59.7329631Z - To keep applying to the value parameter only, use the '@param:' annotation target.
2025-12-09T22:48:59.7330312Z 
2025-12-09T22:48:59.7330609Z See https://youtrack.jetbrains.com/issue/KT-73255 for more details.
2025-12-09T22:48:59.7332633Z [WARNING] file:///home/runner/work/jackson-module-kotlin/jackson-module-kotlin/src/test/kotlin/com/fasterxml/jackson/module/kotlin/test/KotlinFeatures.kt:166:66 This annotation is currently applied to the value parameter only, but in the future it will also be applied to field.
2025-12-09T22:48:59.7334977Z - To opt in to applying to both value parameter and field, add '-Xannotation-default-target=param-property' to your compiler arguments.
2025-12-09T22:48:59.7336098Z - To keep applying to the value parameter only, use the '@param:' annotation target.
2025-12-09T22:48:59.7336598Z 
2025-12-09T22:48:59.7336879Z See https://youtrack.jetbrains.com/issue/KT-73255 for more details.
2025-12-09T22:48:59.7338873Z [WARNING] file:///home/runner/work/jackson-module-kotlin/jackson-module-kotlin/src/test/kotlin/com/fasterxml/jackson/module/kotlin/test/ParameterNameTests.kt:127:9 This annotation is currently applied to the value parameter only, but in the future it will also be applied to field.
2025-12-09T22:48:59.7341365Z - To opt in to applying to both value parameter and field, add '-Xannotation-default-target=param-property' to your compiler arguments.
2025-12-09T22:48:59.7342490Z - To keep applying to the value parameter only, use the '@param:' annotation target.
2025-12-09T22:48:59.7343001Z 
2025-12-09T22:48:59.7343300Z See https://youtrack.jetbrains.com/issue/KT-73255 for more details.
2025-12-09T22:48:59.7345641Z [WARNING] file:///home/runner/work/jackson-module-kotlin/jackson-module-kotlin/src/test/kotlin/com/fasterxml/jackson/module/kotlin/test/ParameterNameTests.kt:148:9 This annotation is currently applied to the value parameter only, but in the future it will also be applied to field.
2025-12-09T22:48:59.7348085Z - To opt in to applying to both value parameter and field, add '-Xannotation-default-target=param-property' to your compiler arguments.
2025-12-09T22:48:59.7349216Z - To keep applying to the value parameter only, use the '@param:' annotation target.
2025-12-09T22:48:59.7349718Z 
2025-12-09T22:48:59.7380276Z See https://youtrack.jetbrains.com/issue/KT-73255 for more details.
2025-12-09T22:48:59.7382423Z [WARNING] file:///home/runner/work/jackson-module-kotlin/jackson-module-kotlin/src/test/kotlin/com/fasterxml/jackson/module/kotlin/test/ParameterNameTests.kt:185:9 This annotation is currently applied to the value parameter only, but in the future it will also be applied to field.
2025-12-09T22:48:59.7384820Z - To opt in to applying to both value parameter and field, add '-Xannotation-default-target=param-property' to your compiler arguments.
2025-12-09T22:48:59.7385917Z - To keep applying to the value parameter only, use the '@param:' annotation target.
2025-12-09T22:48:59.7386373Z 
2025-12-09T22:48:59.7386666Z See https://youtrack.jetbrains.com/issue/KT-73255 for more details.
2025-12-09T22:48:59.7388731Z [WARNING] file:///home/runner/work/jackson-module-kotlin/jackson-module-kotlin/src/test/kotlin/com/fasterxml/jackson/module/kotlin/test/PropertyRequirednessTests.kt:89:13 This annotation is currently applied to the value parameter only, but in the future it will also be applied to field.
2025-12-09T22:48:59.7391536Z - To opt in to applying to both value parameter and field, add '-Xannotation-default-target=param-property' to your compiler arguments.
2025-12-09T22:48:59.7392660Z - To keep applying to the value parameter only, use the '@param:' annotation target.
2025-12-09T22:48:59.7393166Z 
2025-12-09T22:48:59.7393468Z See https://youtrack.jetbrains.com/issue/KT-73255 for more details.
2025-12-09T22:48:59.7395528Z [WARNING] file:///home/runner/work/jackson-module-kotlin/jackson-module-kotlin/src/test/kotlin/com/fasterxml/jackson/module/kotlin/test/SequenceSerdesTests.kt:53:9 This annotation is currently applied to the value parameter only, but in the future it will also be applied to field.
2025-12-09T22:48:59.7397950Z - To opt in to applying to both value parameter and field, add '-Xannotation-default-target=param-property' to your compiler arguments.
2025-12-09T22:48:59.7399135Z - To keep applying to the value parameter only, use the '@param:' annotation target.
2025-12-09T22:48:59.7399656Z 
2025-12-09T22:48:59.7400102Z See https://youtrack.jetbrains.com/issue/KT-73255 for more details.
2025-12-09T22:48:59.7402206Z [WARNING] file:///home/runner/work/jackson-module-kotlin/jackson-module-kotlin/src/test/kotlin/com/fasterxml/jackson/module/kotlin/test/SequenceSerdesTests.kt:57:9 This annotation is currently applied to the value parameter only, but in the future it will also be applied to field.
2025-12-09T22:48:59.7404609Z - To opt in to applying to both value parameter and field, add '-Xannotation-default-target=param-property' to your compiler arguments.
2025-12-09T22:48:59.7405723Z - To keep applying to the value parameter only, use the '@param:' annotation target.
2025-12-09T22:48:59.7406224Z 
2025-12-09T22:48:59.7406518Z See https://youtrack.jetbrains.com/issue/KT-73255 for more details.
2025-12-09T22:48:59.7408566Z [WARNING] file:///home/runner/work/jackson-module-kotlin/jackson-module-kotlin/src/test/kotlin/com/fasterxml/jackson/module/kotlin/test/github/GitHub338.kt:16:9 This annotation is currently applied to the value parameter only, but in the future it will also be applied to field.
2025-12-09T22:48:59.7441209Z - To opt in to applying to both value parameter and field, add '-Xannotation-default-target=param-property' to your compiler arguments.
2025-12-09T22:48:59.7442380Z - To keep applying to the value parameter only, use the '@param:' annotation target.
2025-12-09T22:48:59.7442897Z 
2025-12-09T22:48:59.7443441Z See https://youtrack.jetbrains.com/issue/KT-73255 for more details.
2025-12-09T22:48:59.7445561Z [WARNING] file:///home/runner/work/jackson-module-kotlin/jackson-module-kotlin/src/test/kotlin/com/fasterxml/jackson/module/kotlin/test/github/GitHub338.kt:18:9 This annotation is currently applied to the value parameter only, but in the future it will also be applied to field.
2025-12-09T22:48:59.7447966Z - To opt in to applying to both value parameter and field, add '-Xannotation-default-target=param-property' to your compiler arguments.
2025-12-09T22:48:59.7449133Z - To keep applying to the value parameter only, use the '@param:' annotation target.
2025-12-09T22:48:59.7449640Z 
2025-12-09T22:48:59.7450133Z See https://youtrack.jetbrains.com/issue/KT-73255 for more details.
2025-12-09T22:48:59.7452220Z [WARNING] file:///home/runner/work/jackson-module-kotlin/jackson-module-kotlin/src/test/kotlin/com/fasterxml/jackson/module/kotlin/test/github/GitHub338.kt:34:9 This annotation is currently applied to the value parameter only, but in the future it will also be applied to field.
2025-12-09T22:48:59.7454614Z - To opt in to applying to both value parameter and field, add '-Xannotation-default-target=param-property' to your compiler arguments.
2025-12-09T22:48:59.7455742Z - To keep applying to the value parameter only, use the '@param:' annotation target.
2025-12-09T22:48:59.7456248Z 
2025-12-09T22:48:59.7456545Z See https://youtrack.jetbrains.com/issue/KT-73255 for more details.
2025-12-09T22:48:59.7458795Z [WARNING] file:///home/runner/work/jackson-module-kotlin/jackson-module-kotlin/src/test/kotlin/com/fasterxml/jackson/module/kotlin/test/github/GitHub832.kt:14:9 This annotation is currently applied to the value parameter only, but in the future it will also be applied to field.
2025-12-09T22:48:59.7461254Z - To opt in to applying to both value parameter and field, add '-Xannotation-default-target=param-property' to your compiler arguments.
2025-12-09T22:48:59.7462365Z - To keep applying to the value parameter only, use the '@param:' annotation target.
2025-12-09T22:48:59.7462868Z 
2025-12-09T22:48:59.7463152Z See https://youtrack.jetbrains.com/issue/KT-73255 for more details.
2025-12-09T22:48:59.7465149Z [WARNING] file:///home/runner/work/jackson-module-kotlin/jackson-module-kotlin/src/test/kotlin/com/fasterxml/jackson/module/kotlin/test/github/GitHub841.kt:23:10 'fun setSerializationInclusion(p0: JsonInclude.Include!): ObjectMapper!' is deprecated. Deprecated in Java.
2025-12-09T22:48:59.7468476Z [WARNING] file:///home/runner/work/jackson-module-kotlin/jackson-module-kotlin/src/test/kotlin/com/fasterxml/jackson/module/kotlin/test/github/GitHub876.kt:15:9 This annotation is currently applied to the value parameter only, but in the future it will also be applied to field.
2025-12-09T22:48:59.7501127Z - To opt in to applying to both value parameter and field, add '-Xannotation-default-target=param-property' to your compiler arguments.
2025-12-09T22:48:59.7502280Z - To keep applying to the value parameter only, use the '@param:' annotation target.
2025-12-09T22:48:59.7502789Z 
2025-12-09T22:48:59.7503086Z See https://youtrack.jetbrains.com/issue/KT-73255 for more details.
2025-12-09T22:48:59.7505144Z [WARNING] file:///home/runner/work/jackson-module-kotlin/jackson-module-kotlin/src/test/kotlin/com/fasterxml/jackson/module/kotlin/test/github/GitHub876.kt:17:9 This annotation is currently applied to the value parameter only, but in the future it will also be applied to field.
2025-12-09T22:48:59.7507516Z - To opt in to applying to both value parameter and field, add '-Xannotation-default-target=param-property' to your compiler arguments.
2025-12-09T22:48:59.7508649Z - To keep applying to the value parameter only, use the '@param:' annotation target.
2025-12-09T22:48:59.7509151Z 
2025-12-09T22:48:59.7509448Z See https://youtrack.jetbrains.com/issue/KT-73255 for more details.
2025-12-09T22:48:59.7511925Z [WARNING] file:///home/runner/work/jackson-module-kotlin/jackson-module-kotlin/src/test/kotlin/com/fasterxml/jackson/module/kotlin/test/github/GitHub876.kt:19:9 This annotation is currently applied to the value parameter only, but in the future it will also be applied to field.
2025-12-09T22:48:59.7514337Z - To opt in to applying to both value parameter and field, add '-Xannotation-default-target=param-property' to your compiler arguments.
2025-12-09T22:48:59.7515445Z - To keep applying to the value parameter only, use the '@param:' annotation target.
2025-12-09T22:48:59.7515943Z 
2025-12-09T22:48:59.7516246Z See https://youtrack.jetbrains.com/issue/KT-73255 for more details.
2025-12-09T22:48:59.7518276Z [WARNING] file:///home/runner/work/jackson-module-kotlin/jackson-module-kotlin/src/test/kotlin/com/fasterxml/jackson/module/kotlin/test/github/GitHub876.kt:47:9 This annotation is currently applied to the value parameter only, but in the future it will also be applied to field.
2025-12-09T22:48:59.7520787Z - To opt in to applying to both value parameter and field, add '-Xannotation-default-target=param-property' to your compiler arguments.
2025-12-09T22:48:59.7521882Z - To keep applying to the value parameter only, use the '@param:' annotation target.
2025-12-09T22:48:59.7522364Z 
2025-12-09T22:48:59.7522647Z See https://youtrack.jetbrains.com/issue/KT-73255 for more details.
2025-12-09T22:48:59.7524628Z [WARNING] file:///home/runner/work/jackson-module-kotlin/jackson-module-kotlin/src/test/kotlin/com/fasterxml/jackson/module/kotlin/test/github/GitHub876.kt:49:9 This annotation is currently applied to the value parameter only, but in the future it will also be applied to field.
2025-12-09T22:48:59.7527134Z - To opt in to applying to both value parameter and field, add '-Xannotation-default-target=param-property' to your compiler arguments.
2025-12-09T22:48:59.7528204Z - To keep applying to the value parameter only, use the '@param:' annotation target.
2025-12-09T22:48:59.7528689Z 
2025-12-09T22:48:59.7528966Z See https://youtrack.jetbrains.com/issue/KT-73255 for more details.
2025-12-09T22:48:59.7561819Z [WARNING] file:///home/runner/work/jackson-module-kotlin/jackson-module-kotlin/src/test/kotlin/com/fasterxml/jackson/module/kotlin/test/github/GitHub876.kt:51:9 This annotation is currently applied to the value parameter only, but in the future it will also be applied to field.
2025-12-09T22:48:59.7564188Z - To opt in to applying to both value parameter and field, add '-Xannotation-default-target=param-property' to your compiler arguments.
2025-12-09T22:48:59.7565301Z - To keep applying to the value parameter only, use the '@param:' annotation target.
2025-12-09T22:48:59.7565814Z 
2025-12-09T22:48:59.7566112Z See https://youtrack.jetbrains.com/issue/KT-73255 for more details.
2025-12-09T22:48:59.7568162Z [WARNING] file:///home/runner/work/jackson-module-kotlin/jackson-module-kotlin/src/test/kotlin/com/fasterxml/jackson/module/kotlin/test/github/GitHub917.kt:16:40 'fun setSerializationInclusion(p0: JsonInclude.Include!): ObjectMapper!' is deprecated. Deprecated in Java.
2025-12-09T22:48:59.7571655Z [WARNING] file:///home/runner/work/jackson-module-kotlin/jackson-module-kotlin/src/test/kotlin/com/fasterxml/jackson/module/kotlin/test/github/GitHub917.kt:29:30 This annotation is currently applied to the value parameter only, but in the future it will also be applied to field.
2025-12-09T22:48:59.7573983Z - To opt in to applying to both value parameter and field, add '-Xannotation-default-target=param-property' to your compiler arguments.
2025-12-09T22:48:59.7575075Z - To keep applying to the value parameter only, use the '@param:' annotation target.
2025-12-09T22:48:59.7575583Z 
2025-12-09T22:48:59.7575870Z See https://youtrack.jetbrains.com/issue/KT-73255 for more details.
2025-12-09T22:48:59.7577885Z [WARNING] file:///home/runner/work/jackson-module-kotlin/jackson-module-kotlin/src/test/kotlin/com/fasterxml/jackson/module/kotlin/test/github/GitHub922.kt:46:9 This annotation is currently applied to the value parameter only, but in the future it will also be applied to field.
2025-12-09T22:48:59.7580582Z - To opt in to applying to both value parameter and field, add '-Xannotation-default-target=param-property' to your compiler arguments.
2025-12-09T22:48:59.7581731Z - To keep applying to the value parameter only, use the '@param:' annotation target.
2025-12-09T22:48:59.7582251Z 
2025-12-09T22:48:59.7582549Z See https://youtrack.jetbrains.com/issue/KT-73255 for more details.
2025-12-09T22:48:59.7584593Z [WARNING] file:///home/runner/work/jackson-module-kotlin/jackson-module-kotlin/src/test/kotlin/com/fasterxml/jackson/module/kotlin/test/github/GitHub922.kt:47:9 This annotation is currently applied to the value parameter only, but in the future it will also be applied to field.
2025-12-09T22:48:59.7586946Z - To opt in to applying to both value parameter and field, add '-Xannotation-default-target=param-property' to your compiler arguments.
2025-12-09T22:48:59.7588032Z - To keep applying to the value parameter only, use the '@param:' annotation target.
2025-12-09T22:48:59.7588533Z 
2025-12-09T22:48:59.7588834Z See https://youtrack.jetbrains.com/issue/KT-73255 for more details.
2025-12-09T22:48:59.7621037Z [WARNING] file:///home/runner/work/jackson-module-kotlin/jackson-module-kotlin/src/test/kotlin/com/fasterxml/jackson/module/kotlin/test/github/GitHub922.kt:51:9 This annotation is currently applied to the value parameter only, but in the future it will also be applied to field.
2025-12-09T22:48:59.7623329Z - To opt in to applying to both value parameter and field, add '-Xannotation-default-target=param-property' to your compiler arguments.
2025-12-09T22:48:59.7624586Z - To keep applying to the value parameter only, use the '@param:' annotation target.
2025-12-09T22:48:59.7625058Z 
2025-12-09T22:48:59.7625338Z See https://youtrack.jetbrains.com/issue/KT-73255 for more details.
2025-12-09T22:48:59.7627329Z [WARNING] file:///home/runner/work/jackson-module-kotlin/jackson-module-kotlin/src/test/kotlin/com/fasterxml/jackson/module/kotlin/test/github/GitHub922.kt:52:9 This annotation is currently applied to the value parameter only, but in the future it will also be applied to field.
2025-12-09T22:48:59.7629696Z - To opt in to applying to both value parameter and field, add '-Xannotation-default-target=param-property' to your compiler arguments.
2025-12-09T22:48:59.7630959Z - To keep applying to the value parameter only, use the '@param:' annotation target.
2025-12-09T22:48:59.7631460Z 
2025-12-09T22:48:59.7631760Z See https://youtrack.jetbrains.com/issue/KT-73255 for more details.
2025-12-09T22:48:59.7633837Z [WARNING] file:///home/runner/work/jackson-module-kotlin/jackson-module-kotlin/src/test/kotlin/com/fasterxml/jackson/module/kotlin/test/github/GitHub922.kt:135:9 This annotation is currently applied to the value parameter only, but in the future it will also be applied to field.
2025-12-09T22:48:59.7636197Z - To opt in to applying to both value parameter and field, add '-Xannotation-default-target=param-property' to your compiler arguments.
2025-12-09T22:48:59.7637301Z - To keep applying to the value parameter only, use the '@param:' annotation target.
2025-12-09T22:48:59.7637798Z 
2025-12-09T22:48:59.7638095Z See https://youtrack.jetbrains.com/issue/KT-73255 for more details.
2025-12-09T22:48:59.7640242Z [WARNING] file:///home/runner/work/jackson-module-kotlin/jackson-module-kotlin/src/test/kotlin/com/fasterxml/jackson/module/kotlin/test/github/GitHub922.kt:137:9 This annotation is currently applied to the value parameter only, but in the future it will also be applied to field.
2025-12-09T22:48:59.7642569Z - To opt in to applying to both value parameter and field, add '-Xannotation-default-target=param-property' to your compiler arguments.
2025-12-09T22:48:59.7643654Z - To keep applying to the value parameter only, use the '@param:' annotation target.
2025-12-09T22:48:59.7644225Z 
2025-12-09T22:48:59.7644529Z See https://youtrack.jetbrains.com/issue/KT-73255 for more details.
2025-12-09T22:48:59.7646823Z [WARNING] file:///home/runner/work/jackson-module-kotlin/jackson-module-kotlin/src/test/kotlin/com/fasterxml/jackson/module/kotlin/test/github/GitHub922.kt:139:9 This annotation is currently applied to the value parameter only, but in the future it will also be applied to field.
2025-12-09T22:48:59.7649186Z - To opt in to applying to both value parameter and field, add '-Xannotation-default-target=param-property' to your compiler arguments.
2025-12-09T22:48:59.7680631Z - To keep applying to the value parameter only, use the '@param:' annotation target.
2025-12-09T22:48:59.7681158Z 
2025-12-09T22:48:59.7681454Z See https://youtrack.jetbrains.com/issue/KT-73255 for more details.
2025-12-09T22:48:59.7683486Z [WARNING] file:///home/runner/work/jackson-module-kotlin/jackson-module-kotlin/src/test/kotlin/com/fasterxml/jackson/module/kotlin/test/github/GitHub922.kt:141:9 This annotation is currently applied to the value parameter only, but in the future it will also be applied to field.
2025-12-09T22:48:59.7685825Z - To opt in to applying to both value parameter and field, add '-Xannotation-default-target=param-property' to your compiler arguments.
2025-12-09T22:48:59.7686954Z - To keep applying to the value parameter only, use the '@param:' annotation target.
2025-12-09T22:48:59.7687461Z 
2025-12-09T22:48:59.7687755Z See https://youtrack.jetbrains.com/issue/KT-73255 for more details.
2025-12-09T22:48:59.7689780Z [WARNING] file:///home/runner/work/jackson-module-kotlin/jackson-module-kotlin/src/test/kotlin/com/fasterxml/jackson/module/kotlin/test/github/GitHub922.kt:143:9 This annotation is currently applied to the value parameter only, but in the future it will also be applied to field.
2025-12-09T22:48:59.7692513Z - To opt in to applying to both value parameter and field, add '-Xannotation-default-target=param-property' to your compiler arguments.
2025-12-09T22:48:59.7693620Z - To keep applying to the value parameter only, use the '@param:' annotation target.
2025-12-09T22:48:59.7694137Z 
2025-12-09T22:48:59.7694429Z See https://youtrack.jetbrains.com/issue/KT-73255 for more details.
2025-12-09T22:48:59.7696449Z [WARNING] file:///home/runner/work/jackson-module-kotlin/jackson-module-kotlin/src/test/kotlin/com/fasterxml/jackson/module/kotlin/test/github/GitHub922.kt:145:9 This annotation is currently applied to the value parameter only, but in the future it will also be applied to field.
2025-12-09T22:48:59.7698869Z - To opt in to applying to both value parameter and field, add '-Xannotation-default-target=param-property' to your compiler arguments.
2025-12-09T22:48:59.7700141Z - To keep applying to the value parameter only, use the '@param:' annotation target.
2025-12-09T22:48:59.7700651Z 
2025-12-09T22:48:59.7700948Z See https://youtrack.jetbrains.com/issue/KT-73255 for more details.
2025-12-09T22:48:59.7702963Z [WARNING] file:///home/runner/work/jackson-module-kotlin/jackson-module-kotlin/src/test/kotlin/com/fasterxml/jackson/module/kotlin/test/github/GitHub922.kt:147:9 This annotation is currently applied to the value parameter only, but in the future it will also be applied to field.
2025-12-09T22:48:59.7705315Z - To opt in to applying to both value parameter and field, add '-Xannotation-default-target=param-property' to your compiler arguments.
2025-12-09T22:48:59.7706427Z - To keep applying to the value parameter only, use the '@param:' annotation target.
2025-12-09T22:48:59.7706930Z 
2025-12-09T22:48:59.7707235Z See https://youtrack.jetbrains.com/issue/KT-73255 for more details.
2025-12-09T22:48:59.7709255Z [WARNING] file:///home/runner/work/jackson-module-kotlin/jackson-module-kotlin/src/test/kotlin/com/fasterxml/jackson/module/kotlin/test/github/GitHub922.kt:149:9 This annotation is currently applied to the value parameter only, but in the future it will also be applied to field.
2025-12-09T22:48:59.7741933Z - To opt in to applying to both value parameter and field, add '-Xannotation-default-target=param-property' to your compiler arguments.
2025-12-09T22:48:59.7743100Z - To keep applying to the value parameter only, use the '@param:' annotation target.
2025-12-09T22:48:59.7743615Z 
2025-12-09T22:48:59.7743975Z See https://youtrack.jetbrains.com/issue/KT-73255 for more details.
2025-12-09T22:48:59.7746263Z [WARNING] file:///home/runner/work/jackson-module-kotlin/jackson-module-kotlin/src/test/kotlin/com/fasterxml/jackson/module/kotlin/test/github/GitHub922.kt:153:9 This annotation is currently applied to the value parameter only, but in the future it will also be applied to field.
2025-12-09T22:48:59.7748696Z - To opt in to applying to both value parameter and field, add '-Xannotation-default-target=param-property' to your compiler arguments.
2025-12-09T22:48:59.7750009Z - To keep applying to the value parameter only, use the '@param:' annotation target.
2025-12-09T22:48:59.7750551Z 
2025-12-09T22:48:59.7750868Z See https://youtrack.jetbrains.com/issue/KT-73255 for more details.
2025-12-09T22:48:59.7752907Z [WARNING] file:///home/runner/work/jackson-module-kotlin/jackson-module-kotlin/src/test/kotlin/com/fasterxml/jackson/module/kotlin/test/github/GitHub922.kt:155:9 This annotation is currently applied to the value parameter only, but in the future it will also be applied to field.
2025-12-09T22:48:59.7755281Z - To opt in to applying to both value parameter and field, add '-Xannotation-default-target=param-property' to your compiler arguments.
2025-12-09T22:48:59.7756391Z - To keep applying to the value parameter only, use the '@param:' annotation target.
2025-12-09T22:48:59.7756905Z 
2025-12-09T22:48:59.7757200Z See https://youtrack.jetbrains.com/issue/KT-73255 for more details.
2025-12-09T22:48:59.7759268Z [WARNING] file:///home/runner/work/jackson-module-kotlin/jackson-module-kotlin/src/test/kotlin/com/fasterxml/jackson/module/kotlin/test/github/GitHub922.kt:157:9 This annotation is currently applied to the value parameter only, but in the future it will also be applied to field.
2025-12-09T22:48:59.7762042Z - To opt in to applying to both value parameter and field, add '-Xannotation-default-target=param-property' to your compiler arguments.
2025-12-09T22:48:59.7763145Z - To keep applying to the value parameter only, use the '@param:' annotation target.
2025-12-09T22:48:59.7763653Z 
2025-12-09T22:48:59.7763953Z See https://youtrack.jetbrains.com/issue/KT-73255 for more details.
2025-12-09T22:48:59.7766013Z [WARNING] file:///home/runner/work/jackson-module-kotlin/jackson-module-kotlin/src/test/kotlin/com/fasterxml/jackson/module/kotlin/test/github/GitHub922.kt:159:9 This annotation is currently applied to the value parameter only, but in the future it will also be applied to field.
2025-12-09T22:48:59.7768379Z - To opt in to applying to both value parameter and field, add '-Xannotation-default-target=param-property' to your compiler arguments.
2025-12-09T22:48:59.7769504Z - To keep applying to the value parameter only, use the '@param:' annotation target.
2025-12-09T22:48:59.7800298Z 
2025-12-09T22:48:59.7800637Z See https://youtrack.jetbrains.com/issue/KT-73255 for more details.
2025-12-09T22:48:59.7802735Z [WARNING] file:///home/runner/work/jackson-module-kotlin/jackson-module-kotlin/src/test/kotlin/com/fasterxml/jackson/module/kotlin/test/github/Github101.kt:23:45 This annotation is currently applied to the value parameter only, but in the future it will also be applied to field.
2025-12-09T22:48:59.7805223Z - To opt in to applying to both value parameter and field, add '-Xannotation-default-target=param-property' to your compiler arguments.
2025-12-09T22:48:59.7806436Z - To keep applying to the value parameter only, use the '@param:' annotation target.
2025-12-09T22:48:59.7806978Z 
2025-12-09T22:48:59.7807304Z See https://youtrack.jetbrains.com/issue/KT-73255 for more details.
2025-12-09T22:48:59.7809444Z [WARNING] file:///home/runner/work/jackson-module-kotlin/jackson-module-kotlin/src/test/kotlin/com/fasterxml/jackson/module/kotlin/test/github/Github124.kt:33:20 This annotation is currently applied to the value parameter only, but in the future it will also be applied to field.
2025-12-09T22:48:59.7812075Z - To opt in to applying to both value parameter and field, add '-Xannotation-default-target=param-property' to your compiler arguments.
2025-12-09T22:48:59.7813417Z - To keep applying to the value parameter only, use the '@param:' annotation target.
2025-12-09T22:48:59.7813923Z 
2025-12-09T22:48:59.7814229Z See https://youtrack.jetbrains.com/issue/KT-73255 for more details.
2025-12-09T22:48:59.7816261Z [WARNING] file:///home/runner/work/jackson-module-kotlin/jackson-module-kotlin/src/test/kotlin/com/fasterxml/jackson/module/kotlin/test/github/Github124.kt:35:20 This annotation is currently applied to the value parameter only, but in the future it will also be applied to field.
2025-12-09T22:48:59.7818641Z - To opt in to applying to both value parameter and field, add '-Xannotation-default-target=param-property' to your compiler arguments.
2025-12-09T22:48:59.7819758Z - To keep applying to the value parameter only, use the '@param:' annotation target.
2025-12-09T22:48:59.7820435Z 
2025-12-09T22:48:59.7820741Z See https://youtrack.jetbrains.com/issue/KT-73255 for more details.
2025-12-09T22:48:59.7822777Z [WARNING] file:///home/runner/work/jackson-module-kotlin/jackson-module-kotlin/src/test/kotlin/com/fasterxml/jackson/module/kotlin/test/github/Github145.kt:15:13 This annotation is currently applied to the value parameter only, but in the future it will also be applied to field.
2025-12-09T22:48:59.7825140Z - To opt in to applying to both value parameter and field, add '-Xannotation-default-target=param-property' to your compiler arguments.
2025-12-09T22:48:59.7826255Z - To keep applying to the value parameter only, use the '@param:' annotation target.
2025-12-09T22:48:59.7826926Z 
2025-12-09T22:48:59.7827230Z See https://youtrack.jetbrains.com/issue/KT-73255 for more details.
2025-12-09T22:48:59.7829252Z [WARNING] file:///home/runner/work/jackson-module-kotlin/jackson-module-kotlin/src/test/kotlin/com/fasterxml/jackson/module/kotlin/test/github/Github145.kt:16:13 This annotation is currently applied to the value parameter only, but in the future it will also be applied to field.
2025-12-09T22:48:59.7861995Z - To opt in to applying to both value parameter and field, add '-Xannotation-default-target=param-property' to your compiler arguments.
2025-12-09T22:48:59.7863170Z - To keep applying to the value parameter only, use the '@param:' annotation target.
2025-12-09T22:48:59.7863736Z 
2025-12-09T22:48:59.7864055Z See https://youtrack.jetbrains.com/issue/KT-73255 for more details.
2025-12-09T22:48:59.7866126Z [WARNING] file:///home/runner/work/jackson-module-kotlin/jackson-module-kotlin/src/test/kotlin/com/fasterxml/jackson/module/kotlin/test/github/Github145.kt:33:13 This annotation is currently applied to the value parameter only, but in the future it will also be applied to field.
2025-12-09T22:48:59.7868565Z - To opt in to applying to both value parameter and field, add '-Xannotation-default-target=param-property' to your compiler arguments.
2025-12-09T22:48:59.7869716Z - To keep applying to the value parameter only, use the '@param:' annotation target.
2025-12-09T22:48:59.7870386Z 
2025-12-09T22:48:59.7870701Z See https://youtrack.jetbrains.com/issue/KT-73255 for more details.
2025-12-09T22:48:59.7872785Z [WARNING] file:///home/runner/work/jackson-module-kotlin/jackson-module-kotlin/src/test/kotlin/com/fasterxml/jackson/module/kotlin/test/github/Github145.kt:34:13 This annotation is currently applied to the value parameter only, but in the future it will also be applied to field.
2025-12-09T22:48:59.7875176Z - To opt in to applying to both value parameter and field, add '-Xannotation-default-target=param-property' to your compiler arguments.
2025-12-09T22:48:59.7876339Z - To keep applying to the value parameter only, use the '@param:' annotation target.
2025-12-09T22:48:59.7876872Z 
2025-12-09T22:48:59.7877169Z See https://youtrack.jetbrains.com/issue/KT-73255 for more details.
2025-12-09T22:48:59.7879229Z [WARNING] file:///home/runner/work/jackson-module-kotlin/jackson-module-kotlin/src/test/kotlin/com/fasterxml/jackson/module/kotlin/test/github/Github145.kt:80:13 This annotation is currently applied to the value parameter only, but in the future it will also be applied to field.
2025-12-09T22:48:59.7881971Z - To opt in to applying to both value parameter and field, add '-Xannotation-default-target=param-property' to your compiler arguments.
2025-12-09T22:48:59.7883143Z - To keep applying to the value parameter only, use the '@param:' annotation target.
2025-12-09T22:48:59.7883658Z 
2025-12-09T22:48:59.7883949Z See https://youtrack.jetbrains.com/issue/KT-73255 for more details.
2025-12-09T22:48:59.7886020Z [WARNING] file:///home/runner/work/jackson-module-kotlin/jackson-module-kotlin/src/test/kotlin/com/fasterxml/jackson/module/kotlin/test/github/Github145.kt:81:13 This annotation is currently applied to the value parameter only, but in the future it will also be applied to field.
2025-12-09T22:48:59.7888410Z - To opt in to applying to both value parameter and field, add '-Xannotation-default-target=param-property' to your compiler arguments.
2025-12-09T22:48:59.7889516Z - To keep applying to the value parameter only, use the '@param:' annotation target.
2025-12-09T22:48:59.7920295Z 
2025-12-09T22:48:59.7920645Z See https://youtrack.jetbrains.com/issue/KT-73255 for more details.
2025-12-09T22:48:59.7922802Z [WARNING] file:///home/runner/work/jackson-module-kotlin/jackson-module-kotlin/src/test/kotlin/com/fasterxml/jackson/module/kotlin/test/github/Github153.kt:28:13 This annotation is currently applied to the value parameter only, but in the future it will also be applied to field.
2025-12-09T22:48:59.7925285Z - To opt in to applying to both value parameter and field, add '-Xannotation-default-target=param-property' to your compiler arguments.
2025-12-09T22:48:59.7926654Z - To keep applying to the value parameter only, use the '@param:' annotation target.
2025-12-09T22:48:59.7927160Z 
2025-12-09T22:48:59.7927471Z See https://youtrack.jetbrains.com/issue/KT-73255 for more details.
2025-12-09T22:48:59.7929561Z [WARNING] file:///home/runner/work/jackson-module-kotlin/jackson-module-kotlin/src/test/kotlin/com/fasterxml/jackson/module/kotlin/test/github/Github153.kt:29:13 This annotation is currently applied to the value parameter only, but in the future it will also be applied to field.
2025-12-09T22:48:59.7932446Z - To opt in to applying to both value parameter and field, add '-Xannotation-default-target=param-property' to your compiler arguments.
2025-12-09T22:48:59.7933614Z - To keep applying to the value parameter only, use the '@param:' annotation target.
2025-12-09T22:48:59.7934119Z 
2025-12-09T22:48:59.7934429Z See https://youtrack.jetbrains.com/issue/KT-73255 for more details.
2025-12-09T22:48:59.7936489Z [WARNING] file:///home/runner/work/jackson-module-kotlin/jackson-module-kotlin/src/test/kotlin/com/fasterxml/jackson/module/kotlin/test/github/Github153.kt:34:13 This annotation is currently applied to the value parameter only, but in the future it will also be applied to field.
2025-12-09T22:48:59.7938853Z - To opt in to applying to both value parameter and field, add '-Xannotation-default-target=param-property' to your compiler arguments.
2025-12-09T22:48:59.7940138Z - To keep applying to the value parameter only, use the '@param:' annotation target.
2025-12-09T22:48:59.7940646Z 
2025-12-09T22:48:59.7940942Z See https://youtrack.jetbrains.com/issue/KT-73255 for more details.
2025-12-09T22:48:59.7942956Z [WARNING] file:///home/runner/work/jackson-module-kotlin/jackson-module-kotlin/src/test/kotlin/com/fasterxml/jackson/module/kotlin/test/github/Github155.kt:10:9 This annotation is currently applied to the value parameter only, but in the future it will also be applied to field.
2025-12-09T22:48:59.7945374Z - To opt in to applying to both value parameter and field, add '-Xannotation-default-target=param-property' to your compiler arguments.
2025-12-09T22:48:59.7946482Z - To keep applying to the value parameter only, use the '@param:' annotation target.
2025-12-09T22:48:59.7946979Z 
2025-12-09T22:48:59.7947286Z See https://youtrack.jetbrains.com/issue/KT-73255 for more details.
2025-12-09T22:48:59.7949501Z [WARNING] file:///home/runner/work/jackson-module-kotlin/jackson-module-kotlin/src/test/kotlin/com/fasterxml/jackson/module/kotlin/test/github/Github155.kt:11:9 This annotation is currently applied to the value parameter only, but in the future it will also be applied to field.
2025-12-09T22:48:59.7982162Z - To opt in to applying to both value parameter and field, add '-Xannotation-default-target=param-property' to your compiler arguments.
2025-12-09T22:48:59.7983319Z - To keep applying to the value parameter only, use the '@param:' annotation target.
2025-12-09T22:48:59.7983836Z 
2025-12-09T22:48:59.7984159Z See https://youtrack.jetbrains.com/issue/KT-73255 for more details.
2025-12-09T22:48:59.7986211Z [WARNING] file:///home/runner/work/jackson-module-kotlin/jackson-module-kotlin/src/test/kotlin/com/fasterxml/jackson/module/kotlin/test/github/Github155.kt:12:9 This annotation is currently applied to the value parameter only, but in the future it will also be applied to field.
2025-12-09T22:48:59.7988612Z - To opt in to applying to both value parameter and field, add '-Xannotation-default-target=param-property' to your compiler arguments.
2025-12-09T22:48:59.7989785Z - To keep applying to the value parameter only, use the '@param:' annotation target.
2025-12-09T22:48:59.7990479Z 
2025-12-09T22:48:59.7990781Z See https://youtrack.jetbrains.com/issue/KT-73255 for more details.
2025-12-09T22:48:59.7992793Z [WARNING] file:///home/runner/work/jackson-module-kotlin/jackson-module-kotlin/src/test/kotlin/com/fasterxml/jackson/module/kotlin/test/github/Github155.kt:13:9 This annotation is currently applied to the value parameter only, but in the future it will also be applied to field.
2025-12-09T22:48:59.7995327Z - To opt in to applying to both value parameter and field, add '-Xannotation-default-target=param-property' to your compiler arguments.
2025-12-09T22:48:59.7996394Z - To keep applying to the value parameter only, use the '@param:' annotation target.
2025-12-09T22:48:59.7996882Z 
2025-12-09T22:48:59.7997178Z See https://youtrack.jetbrains.com/issue/KT-73255 for more details.
2025-12-09T22:48:59.7999264Z [WARNING] file:///home/runner/work/jackson-module-kotlin/jackson-module-kotlin/src/test/kotlin/com/fasterxml/jackson/module/kotlin/test/github/Github158.kt:19:32 This annotation is currently applied to the value parameter only, but in the future it will also be applied to field.
2025-12-09T22:48:59.8002028Z - To opt in to applying to both value parameter and field, add '-Xannotation-default-target=param-property' to your compiler arguments.
2025-12-09T22:48:59.8003131Z - To keep applying to the value parameter only, use the '@param:' annotation target.
2025-12-09T22:48:59.8003637Z 
2025-12-09T22:48:59.8003925Z See https://youtrack.jetbrains.com/issue/KT-73255 for more details.
2025-12-09T22:48:59.8005919Z [WARNING] file:///home/runner/work/jackson-module-kotlin/jackson-module-kotlin/src/test/kotlin/com/fasterxml/jackson/module/kotlin/test/github/Github165.kt:13:31 This annotation is currently applied to the value parameter only, but in the future it will also be applied to field.
2025-12-09T22:48:59.8008255Z - To opt in to applying to both value parameter and field, add '-Xannotation-default-target=param-property' to your compiler arguments.
2025-12-09T22:48:59.8009347Z - To keep applying to the value parameter only, use the '@param:' annotation target.
2025-12-09T22:48:59.8009841Z 
2025-12-09T22:48:59.8040430Z See https://youtrack.jetbrains.com/issue/KT-73255 for more details.
2025-12-09T22:48:59.8042538Z [WARNING] file:///home/runner/work/jackson-module-kotlin/jackson-module-kotlin/src/test/kotlin/com/fasterxml/jackson/module/kotlin/test/github/Github179.kt:33:36 This annotation is currently applied to the value parameter only, but in the future it will also be applied to field.
2025-12-09T22:48:59.8045035Z - To opt in to applying to both value parameter and field, add '-Xannotation-default-target=param-property' to your compiler arguments.
2025-12-09T22:48:59.8046194Z - To keep applying to the value parameter only, use the '@param:' annotation target.
2025-12-09T22:48:59.8046708Z 
2025-12-09T22:48:59.8047225Z See https://youtrack.jetbrains.com/issue/KT-73255 for more details.
2025-12-09T22:48:59.8049330Z [WARNING] file:///home/runner/work/jackson-module-kotlin/jackson-module-kotlin/src/test/kotlin/com/fasterxml/jackson/module/kotlin/test/github/Github179.kt:35:36 This annotation is currently applied to the value parameter only, but in the future it will also be applied to field.
2025-12-09T22:48:59.8051727Z - To opt in to applying to both value parameter and field, add '-Xannotation-default-target=param-property' to your compiler arguments.
2025-12-09T22:48:59.8052766Z - To keep applying to the value parameter only, use the '@param:' annotation target.
2025-12-09T22:48:59.8053230Z 
2025-12-09T22:48:59.8053500Z See https://youtrack.jetbrains.com/issue/KT-73255 for more details.
2025-12-09T22:48:59.8055367Z [WARNING] file:///home/runner/work/jackson-module-kotlin/jackson-module-kotlin/src/test/kotlin/com/fasterxml/jackson/module/kotlin/test/github/Github269.kt:16:13 This annotation is currently applied to the value parameter only, but in the future it will also be applied to field.
2025-12-09T22:48:59.8057539Z - To opt in to applying to both value parameter and field, add '-Xannotation-default-target=param-property' to your compiler arguments.
2025-12-09T22:48:59.8058566Z - To keep applying to the value parameter only, use the '@param:' annotation target.
2025-12-09T22:48:59.8059032Z 
2025-12-09T22:48:59.8059303Z See https://youtrack.jetbrains.com/issue/KT-73255 for more details.
2025-12-09T22:48:59.8061304Z [WARNING] file:///home/runner/work/jackson-module-kotlin/jackson-module-kotlin/src/test/kotlin/com/fasterxml/jackson/module/kotlin/test/github/Github269.kt:23:13 This annotation is currently applied to the value parameter only, but in the future it will also be applied to field.
2025-12-09T22:48:59.8063760Z - To opt in to applying to both value parameter and field, add '-Xannotation-default-target=param-property' to your compiler arguments.
2025-12-09T22:48:59.8064856Z - To keep applying to the value parameter only, use the '@param:' annotation target.
2025-12-09T22:48:59.8065350Z 
2025-12-09T22:48:59.8065637Z See https://youtrack.jetbrains.com/issue/KT-73255 for more details.
2025-12-09T22:48:59.8067643Z [WARNING] file:///home/runner/work/jackson-module-kotlin/jackson-module-kotlin/src/test/kotlin/com/fasterxml/jackson/module/kotlin/test/github/Github335.kt:19:9 This annotation is currently applied to the value parameter only, but in the future it will also be applied to field.
2025-12-09T22:48:59.8100213Z - To opt in to applying to both value parameter and field, add '-Xannotation-default-target=param-property' to your compiler arguments.
2025-12-09T22:48:59.8101412Z - To keep applying to the value parameter only, use the '@param:' annotation target.
2025-12-09T22:48:59.8101920Z 
2025-12-09T22:48:59.8102225Z See https://youtrack.jetbrains.com/issue/KT-73255 for more details.
2025-12-09T22:48:59.8104337Z [WARNING] file:///home/runner/work/jackson-module-kotlin/jackson-module-kotlin/src/test/kotlin/com/fasterxml/jackson/module/kotlin/test/github/Github335.kt:20:9 This annotation is currently applied to the value parameter only, but in the future it will also be applied to field.
2025-12-09T22:48:59.8106729Z - To opt in to applying to both value parameter and field, add '-Xannotation-default-target=param-property' to your compiler arguments.
2025-12-09T22:48:59.8107865Z - To keep applying to the value parameter only, use the '@param:' annotation target.
2025-12-09T22:48:59.8108376Z 
2025-12-09T22:48:59.8108682Z See https://youtrack.jetbrains.com/issue/KT-73255 for more details.
2025-12-09T22:48:59.8110854Z [WARNING] file:///home/runner/work/jackson-module-kotlin/jackson-module-kotlin/src/test/kotlin/com/fasterxml/jackson/module/kotlin/test/github/Github52.kt:13:17 This annotation is currently applied to the value parameter only, but in the future it will also be applied to field.
2025-12-09T22:48:59.8113160Z - To opt in to applying to both value parameter and field, add '-Xannotation-default-target=param-property' to your compiler arguments.
2025-12-09T22:48:59.8114458Z - To keep applying to the value parameter only, use the '@param:' annotation target.
2025-12-09T22:48:59.8114961Z 
2025-12-09T22:48:59.8115258Z See https://youtrack.jetbrains.com/issue/KT-73255 for more details.
2025-12-09T22:48:59.8117215Z [WARNING] file:///home/runner/work/jackson-module-kotlin/jackson-module-kotlin/src/test/kotlin/com/fasterxml/jackson/module/kotlin/test/github/Github52.kt:23:17 This annotation is currently applied to the value parameter only, but in the future it will also be applied to field.
2025-12-09T22:48:59.8119509Z - To opt in to applying to both value parameter and field, add '-Xannotation-default-target=param-property' to your compiler arguments.
2025-12-09T22:48:59.8120748Z - To keep applying to the value parameter only, use the '@param:' annotation target.
2025-12-09T22:48:59.8121231Z 
2025-12-09T22:48:59.8121527Z See https://youtrack.jetbrains.com/issue/KT-73255 for more details.
2025-12-09T22:48:59.8123492Z [WARNING] file:///home/runner/work/jackson-module-kotlin/jackson-module-kotlin/src/test/kotlin/com/fasterxml/jackson/module/kotlin/test/github/Github52.kt:33:17 This annotation is currently applied to the value parameter only, but in the future it will also be applied to field.
2025-12-09T22:48:59.8125746Z - To opt in to applying to both value parameter and field, add '-Xannotation-default-target=param-property' to your compiler arguments.
2025-12-09T22:48:59.8126801Z - To keep applying to the value parameter only, use the '@param:' annotation target.
2025-12-09T22:48:59.8127457Z 
2025-12-09T22:48:59.8127747Z See https://youtrack.jetbrains.com/issue/KT-73255 for more details.
2025-12-09T22:48:59.8129631Z [WARNING] file:///home/runner/work/jackson-module-kotlin/jackson-module-kotlin/src/test/kotlin/com/fasterxml/jackson/module/kotlin/test/github/Github526.kt:11:18 This annotation is currently applied to the value parameter only, but in the future it will also be applied to field.
2025-12-09T22:48:59.8162259Z - To opt in to applying to both value parameter and field, add '-Xannotation-default-target=param-property' to your compiler arguments.
2025-12-09T22:48:59.8163377Z - To keep applying to the value parameter only, use the '@param:' annotation target.
2025-12-09T22:48:59.8163883Z 
2025-12-09T22:48:59.8164174Z See https://youtrack.jetbrains.com/issue/KT-73255 for more details.
2025-12-09T22:48:59.8166197Z [WARNING] file:///home/runner/work/jackson-module-kotlin/jackson-module-kotlin/src/test/kotlin/com/fasterxml/jackson/module/kotlin/test/github/Github56.kt:14:13 This annotation is currently applied to the value parameter only, but in the future it will also be applied to field.
2025-12-09T22:48:59.8168575Z - To opt in to applying to both value parameter and field, add '-Xannotation-default-target=param-property' to your compiler arguments.
2025-12-09T22:48:59.8169657Z - To keep applying to the value parameter only, use the '@param:' annotation target.
2025-12-09T22:48:59.8170294Z 
2025-12-09T22:48:59.8170579Z See https://youtrack.jetbrains.com/issue/KT-73255 for more details.
2025-12-09T22:48:59.8172544Z [WARNING] file:///home/runner/work/jackson-module-kotlin/jackson-module-kotlin/src/test/kotlin/com/fasterxml/jackson/module/kotlin/test/github/Github630.kt:18:9 This annotation is currently applied to the value parameter only, but in the future it will also be applied to field.
2025-12-09T22:48:59.8174911Z - To opt in to applying to both value parameter and field, add '-Xannotation-default-target=param-property' to your compiler arguments.
2025-12-09T22:48:59.8176057Z - To keep applying to the value parameter only, use the '@param:' annotation target.
2025-12-09T22:48:59.8176578Z 
2025-12-09T22:48:59.8176882Z See https://youtrack.jetbrains.com/issue/KT-73255 for more details.
2025-12-09T22:48:59.8179179Z [WARNING] file:///home/runner/work/jackson-module-kotlin/jackson-module-kotlin/src/test/kotlin/com/fasterxml/jackson/module/kotlin/test/github/Github630.kt:20:9 This annotation is currently applied to the value parameter only, but in the future it will also be applied to field.
2025-12-09T22:48:59.8181735Z - To opt in to applying to both value parameter and field, add '-Xannotation-default-target=param-property' to your compiler arguments.
2025-12-09T22:48:59.8182870Z - To keep applying to the value parameter only, use the '@param:' annotation target.
2025-12-09T22:48:59.8183360Z 
2025-12-09T22:48:59.8183675Z See https://youtrack.jetbrains.com/issue/KT-73255 for more details.
2025-12-09T22:48:59.8185715Z [WARNING] file:///home/runner/work/jackson-module-kotlin/jackson-module-kotlin/src/test/kotlin/com/fasterxml/jackson/module/kotlin/test/github/Github722.kt:14:9 This annotation is currently applied to the value parameter only, but in the future it will also be applied to field.
2025-12-09T22:48:59.8188147Z - To opt in to applying to both value parameter and field, add '-Xannotation-default-target=param-property' to your compiler arguments.
2025-12-09T22:48:59.8189310Z - To keep applying to the value parameter only, use the '@param:' annotation target.
2025-12-09T22:48:59.8189836Z 
2025-12-09T22:48:59.8220514Z See https://youtrack.jetbrains.com/issue/KT-73255 for more details.
2025-12-09T22:48:59.8222663Z [WARNING] file:///home/runner/work/jackson-module-kotlin/jackson-module-kotlin/src/test/kotlin/com/fasterxml/jackson/module/kotlin/test/github/Github722.kt:15:9 This annotation is currently applied to the value parameter only, but in the future it will also be applied to field.
2025-12-09T22:48:59.8225128Z - To opt in to applying to both value parameter and field, add '-Xannotation-default-target=param-property' to your compiler arguments.
2025-12-09T22:48:59.8226536Z - To keep applying to the value parameter only, use the '@param:' annotation target.
2025-12-09T22:48:59.8227067Z 
2025-12-09T22:48:59.8227377Z See https://youtrack.jetbrains.com/issue/KT-73255 for more details.
2025-12-09T22:48:59.8229451Z [WARNING] file:///home/runner/work/jackson-module-kotlin/jackson-module-kotlin/src/test/kotlin/com/fasterxml/jackson/module/kotlin/test/github/Github722.kt:17:9 This annotation is currently applied to the value parameter only, but in the future it will also be applied to field.
2025-12-09T22:48:59.8231924Z - To opt in to applying to both value parameter and field, add '-Xannotation-default-target=param-property' to your compiler arguments.
2025-12-09T22:48:59.8233028Z - To keep applying to the value parameter only, use the '@param:' annotation target.
2025-12-09T22:48:59.8233546Z 
2025-12-09T22:48:59.8233846Z See https://youtrack.jetbrains.com/issue/KT-73255 for more details.
2025-12-09T22:48:59.8235914Z [WARNING] file:///home/runner/work/jackson-module-kotlin/jackson-module-kotlin/src/test/kotlin/com/fasterxml/jackson/module/kotlin/test/github/Github722.kt:18:9 This annotation is currently applied to the value parameter only, but in the future it will also be applied to field.
2025-12-09T22:48:59.8238272Z - To opt in to applying to both value parameter and field, add '-Xannotation-default-target=param-property' to your compiler arguments.
2025-12-09T22:48:59.8239394Z - To keep applying to the value parameter only, use the '@param:' annotation target.
2025-12-09T22:48:59.8240053Z 
2025-12-09T22:48:59.8240351Z See https://youtrack.jetbrains.com/issue/KT-73255 for more details.
2025-12-09T22:48:59.8242361Z [WARNING] file:///home/runner/work/jackson-module-kotlin/jackson-module-kotlin/src/test/kotlin/com/fasterxml/jackson/module/kotlin/test/github/Github722.kt:51:9 This annotation is currently applied to the value parameter only, but in the future it will also be applied to field.
2025-12-09T22:48:59.8244757Z - To opt in to applying to both value parameter and field, add '-Xannotation-default-target=param-property' to your compiler arguments.
2025-12-09T22:48:59.8245862Z - To keep applying to the value parameter only, use the '@param:' annotation target.
2025-12-09T22:48:59.8246362Z 
2025-12-09T22:48:59.8246663Z See https://youtrack.jetbrains.com/issue/KT-73255 for more details.
2025-12-09T22:48:59.8248922Z [WARNING] file:///home/runner/work/jackson-module-kotlin/jackson-module-kotlin/src/test/kotlin/com/fasterxml/jackson/module/kotlin/test/github/Github722.kt:53:9 This annotation is currently applied to the value parameter only, but in the future it will also be applied to field.
2025-12-09T22:48:59.8281634Z - To opt in to applying to both value parameter and field, add '-Xannotation-default-target=param-property' to your compiler arguments.
2025-12-09T22:48:59.8282816Z - To keep applying to the value parameter only, use the '@param:' annotation target.
2025-12-09T22:48:59.8283340Z 
2025-12-09T22:48:59.8283644Z See https://youtrack.jetbrains.com/issue/KT-73255 for more details.
2025-12-09T22:48:59.8285710Z [WARNING] file:///home/runner/work/jackson-module-kotlin/jackson-module-kotlin/src/test/kotlin/com/fasterxml/jackson/module/kotlin/test/github/Github738.kt:12:18 This annotation is currently applied to the value parameter only, but in the future it will also be applied to field.
2025-12-09T22:48:59.8288113Z - To opt in to applying to both value parameter and field, add '-Xannotation-default-target=param-property' to your compiler arguments.
2025-12-09T22:48:59.8289176Z - To keep applying to the value parameter only, use the '@param:' annotation target.
2025-12-09T22:48:59.8289648Z 
2025-12-09T22:48:59.8290094Z See https://youtrack.jetbrains.com/issue/KT-73255 for more details.
2025-12-09T22:48:59.8292056Z [WARNING] file:///home/runner/work/jackson-module-kotlin/jackson-module-kotlin/src/test/kotlin/com/fasterxml/jackson/module/kotlin/test/github/Github80.kt:31:34 This annotation is currently applied to the value parameter only, but in the future it will also be applied to field.
2025-12-09T22:48:59.8294537Z - To opt in to applying to both value parameter and field, add '-Xannotation-default-target=param-property' to your compiler arguments.
2025-12-09T22:48:59.8295608Z - To keep applying to the value parameter only, use the '@param:' annotation target.
2025-12-09T22:48:59.8296083Z 
2025-12-09T22:48:59.8296371Z See https://youtrack.jetbrains.com/issue/KT-73255 for more details.
2025-12-09T22:48:59.8298376Z [WARNING] file:///home/runner/work/jackson-module-kotlin/jackson-module-kotlin/src/test/kotlin/com/fasterxml/jackson/module/kotlin/test/github/GithubDatabind1328.kt:30:13 This annotation is currently applied to the value parameter only, but in the future it will also be applied to field.
2025-12-09T22:48:59.8300800Z - To opt in to applying to both value parameter and field, add '-Xannotation-default-target=param-property' to your compiler arguments.
2025-12-09T22:48:59.8301871Z - To keep applying to the value parameter only, use the '@param:' annotation target.
2025-12-09T22:48:59.8302348Z 
2025-12-09T22:48:59.8302624Z See https://youtrack.jetbrains.com/issue/KT-73255 for more details.
2025-12-09T22:48:59.8304624Z [WARNING] file:///home/runner/work/jackson-module-kotlin/jackson-module-kotlin/src/test/kotlin/com/fasterxml/jackson/module/kotlin/test/github/GithubDatabind1328.kt:31:13 This annotation is currently applied to the value parameter only, but in the future it will also be applied to field.
2025-12-09T22:48:59.8307306Z - To opt in to applying to both value parameter and field, add '-Xannotation-default-target=param-property' to your compiler arguments.
2025-12-09T22:48:59.8308600Z - To keep applying to the value parameter only, use the '@param:' annotation target.
2025-12-09T22:48:59.8309109Z 
2025-12-09T22:48:59.8309406Z See https://youtrack.jetbrains.com/issue/KT-73255 for more details.
2025-12-09T22:48:59.8341818Z [WARNING] file:///home/runner/work/jackson-module-kotlin/jackson-module-kotlin/src/test/kotlin/com/fasterxml/jackson/module/kotlin/test/github/failing/GitHub337.kt:18:10 'fun setSerializationInclusion(p0: JsonInclude.Include!): ObjectMapper!' is deprecated. Deprecated in Java.
2025-12-09T22:48:59.8345657Z [WARNING] file:///home/runner/work/jackson-module-kotlin/jackson-module-kotlin/src/test/kotlin/com/fasterxml/jackson/module/kotlin/test/github/failing/GitHub337.kt:40:13 This annotation is currently applied to the value parameter only, but in the future it will also be applied to field.
2025-12-09T22:48:59.8348114Z - To opt in to applying to both value parameter and field, add '-Xannotation-default-target=param-property' to your compiler arguments.
2025-12-09T22:48:59.8349258Z - To keep applying to the value parameter only, use the '@param:' annotation target.
2025-12-09T22:48:59.8349795Z 
2025-12-09T22:48:59.8350293Z See https://youtrack.jetbrains.com/issue/KT-73255 for more details.
2025-12-09T22:48:59.8352379Z [WARNING] file:///home/runner/work/jackson-module-kotlin/jackson-module-kotlin/src/test/kotlin/com/fasterxml/jackson/module/kotlin/test/github/failing/GitHub337.kt:41:13 This annotation is currently applied to the value parameter only, but in the future it will also be applied to field.
2025-12-09T22:48:59.8354786Z - To opt in to applying to both value parameter and field, add '-Xannotation-default-target=param-property' to your compiler arguments.
2025-12-09T22:48:59.8355980Z - To keep applying to the value parameter only, use the '@param:' annotation target.
2025-12-09T22:48:59.8356555Z 
2025-12-09T22:48:59.8356843Z See https://youtrack.jetbrains.com/issue/KT-73255 for more details.
2025-12-09T22:48:59.8358813Z [WARNING] file:///home/runner/work/jackson-module-kotlin/jackson-module-kotlin/src/test/kotlin/com/fasterxml/jackson/module/kotlin/test/github/failing/GitHub337.kt:56:13 This annotation is currently applied to the value parameter only, but in the future it will also be applied to field.
2025-12-09T22:48:59.8361253Z - To opt in to applying to both value parameter and field, add '-Xannotation-default-target=param-property' to your compiler arguments.
2025-12-09T22:48:59.8362524Z - To keep applying to the value parameter only, use the '@param:' annotation target.
2025-12-09T22:48:59.8362994Z 
2025-12-09T22:48:59.8363264Z See https://youtrack.jetbrains.com/issue/KT-73255 for more details.
2025-12-09T22:48:59.8365245Z [WARNING] file:///home/runner/work/jackson-module-kotlin/jackson-module-kotlin/src/test/kotlin/com/fasterxml/jackson/module/kotlin/test/github/failing/GitHub478.kt:14:9 'fun serializationInclusion(p0: JsonInclude.Include!): JsonMapper.Builder!' is deprecated. Deprecated in Java.
2025-12-09T22:48:59.8368489Z [WARNING] file:///home/runner/work/jackson-module-kotlin/jackson-module-kotlin/src/test/kotlin/com/fasterxml/jackson/module/kotlin/test/github/failing/Github138.kt:18:13 This annotation is currently applied to the value parameter only, but in the future it will also be applied to field.
2025-12-09T22:48:59.8401115Z - To opt in to applying to both value parameter and field, add '-Xannotation-default-target=param-property' to your compiler arguments.
2025-12-09T22:48:59.8402266Z - To keep applying to the value parameter only, use the '@param:' annotation target.
2025-12-09T22:48:59.8402768Z 
2025-12-09T22:48:59.8403066Z See https://youtrack.jetbrains.com/issue/KT-73255 for more details.
2025-12-09T22:48:59.8405133Z [WARNING] file:///home/runner/work/jackson-module-kotlin/jackson-module-kotlin/src/test/kotlin/com/fasterxml/jackson/module/kotlin/test/github/failing/Github138.kt:21:13 This annotation is currently applied to the value parameter only, but in the future it will also be applied to field.
2025-12-09T22:48:59.8407542Z - To opt in to applying to both value parameter and field, add '-Xannotation-default-target=param-property' to your compiler arguments.
2025-12-09T22:48:59.8408624Z - To keep applying to the value parameter only, use the '@param:' annotation target.
2025-12-09T22:48:59.8409106Z 
2025-12-09T22:48:59.8409409Z See https://youtrack.jetbrains.com/issue/KT-73255 for more details.
2025-12-09T22:48:59.8411654Z [WARNING] file:///home/runner/work/jackson-module-kotlin/jackson-module-kotlin/src/test/kotlin/com/fasterxml/jackson/module/kotlin/test/github/failing/Github474.kt:12:27 This annotation is currently applied to the value parameter only, but in the future it will also be applied to field.
2025-12-09T22:48:59.8414244Z - To opt in to applying to both value parameter and field, add '-Xannotation-default-target=param-property' to your compiler arguments.
2025-12-09T22:48:59.8415329Z - To keep applying to the value parameter only, use the '@param:' annotation target.
2025-12-09T22:48:59.8415817Z 
2025-12-09T22:48:59.8416090Z See https://youtrack.jetbrains.com/issue/KT-73255 for more details.
2025-12-09T22:48:59.8418103Z [WARNING] file:///home/runner/work/jackson-module-kotlin/jackson-module-kotlin/src/test/kotlin/com/fasterxml/jackson/module/kotlin/test/github/failing/Github474.kt:13:21 This annotation is currently applied to the value parameter only, but in the future it will also be applied to field.
2025-12-09T22:48:59.8420614Z - To opt in to applying to both value parameter and field, add '-Xannotation-default-target=param-property' to your compiler arguments.
2025-12-09T22:48:59.8421686Z - To keep applying to the value parameter only, use the '@param:' annotation target.
2025-12-09T22:48:59.8422170Z 
2025-12-09T22:48:59.8422450Z See https://youtrack.jetbrains.com/issue/KT-73255 for more details.
2025-12-09T22:48:59.8424479Z [WARNING] file:///home/runner/work/jackson-module-kotlin/jackson-module-kotlin/src/test/kotlin/com/fasterxml/jackson/module/kotlin/test/github/failing/Github611.kt:11:21 This annotation is currently applied to the value parameter only, but in the future it will also be applied to field.
2025-12-09T22:48:59.8426808Z - To opt in to applying to both value parameter and field, add '-Xannotation-default-target=param-property' to your compiler arguments.
2025-12-09T22:48:59.8427873Z - To keep applying to the value parameter only, use the '@param:' annotation target.
2025-12-09T22:48:59.8428545Z 
2025-12-09T22:48:59.8428823Z See https://youtrack.jetbrains.com/issue/KT-73255 for more details.
2025-12-09T22:48:59.8461096Z [WARNING] file:///home/runner/work/jackson-module-kotlin/jackson-module-kotlin/src/test/kotlin/com/fasterxml/jackson/module/kotlin/test/github/failing/GithubDatabind1329.kt:41:13 This annotation is currently applied to the value parameter only, but in the future it will also be applied to field.
2025-12-09T22:48:59.8463504Z - To opt in to applying to both value parameter and field, add '-Xannotation-default-target=param-property' to your compiler arguments.
2025-12-09T22:48:59.8464544Z - To keep applying to the value parameter only, use the '@param:' annotation target.
2025-12-09T22:48:59.8465022Z 
2025-12-09T22:48:59.8465302Z See https://youtrack.jetbrains.com/issue/KT-73255 for more details.
2025-12-09T22:48:59.8467319Z [WARNING] file:///home/runner/work/jackson-module-kotlin/jackson-module-kotlin/src/test/kotlin/com/fasterxml/jackson/module/kotlin/test/github/failing/GithubDatabind1329.kt:42:13 This annotation is currently applied to the value parameter only, but in the future it will also be applied to field.
2025-12-09T22:48:59.8469711Z - To opt in to applying to both value parameter and field, add '-Xannotation-default-target=param-property' to your compiler arguments.
2025-12-09T22:48:59.8470965Z - To keep applying to the value parameter only, use the '@param:' annotation target.
2025-12-09T22:48:59.8471458Z 
2025-12-09T22:48:59.8471754Z See https://youtrack.jetbrains.com/issue/KT-73255 for more details.
2025-12-09T22:48:59.8513405Z [INFO] 
2025-12-09T22:48:59.8514635Z [INFO] --- resources:3.3.1:testResources (default-testResources) @ jackson-module-kotlin ---
2025-12-09T22:48:59.8556111Z [INFO] skip non existing resourceDirectory /home/runner/work/jackson-module-kotlin/jackson-module-kotlin/src/test/resources
2025-12-09T22:48:59.8557073Z [INFO] 
2025-12-09T22:48:59.8561019Z [INFO] --- compiler:3.14.1:testCompile (default-testCompile) @ jackson-module-kotlin ---
2025-12-09T22:48:59.8748126Z [INFO] Recompiling the module because of changed dependency.
2025-12-09T22:48:59.9008829Z [INFO] Compiling 3 source files with javac [debug:lines,source,vars deprecation target 1.8] to target/test-classes
2025-12-09T22:49:00.0590323Z [WARNING] bootstrap class path not set in conjunction with -source 8
2025-12-09T22:49:00.0592126Z [INFO] 
2025-12-09T22:49:00.0594047Z [INFO] --- surefire:3.5.4:test (default-test) @ jackson-module-kotlin ---
2025-12-09T22:49:00.1836684Z [INFO] Using auto detected provider org.apache.maven.surefire.junitplatform.JUnitPlatformProvider
2025-12-09T22:49:00.2146583Z [INFO] 
2025-12-09T22:49:00.2148732Z [INFO] -------------------------------------------------------
2025-12-09T22:49:00.2150893Z [INFO]  T E S T S
2025-12-09T22:49:00.2152634Z [INFO] -------------------------------------------------------
2025-12-09T22:49:01.7451109Z [INFO] Running com.fasterxml.jackson.module.kotlin.DslTest
2025-12-09T22:49:01.9671686Z [INFO] Tests run: 6, Failures: 0, Errors: 0, Skipped: 0, Time elapsed: 0.200 s -- in com.fasterxml.jackson.module.kotlin.DslTest
2025-12-09T22:49:01.9674236Z [INFO] Running com.fasterxml.jackson.module.kotlin.kogeraIntegration.deser.valueClass.parameterSize.twoUnitPrimitive.DeserializeByConstructorWithDefaultArgumentsTest
2025-12-09T22:49:02.6456142Z [INFO] Tests run: 5, Failures: 0, Errors: 0, Skipped: 0, Time elapsed: 0.692 s -- in com.fasterxml.jackson.module.kotlin.kogeraIntegration.deser.valueClass.parameterSize.twoUnitPrimitive.DeserializeByConstructorWithDefaultArgumentsTest
2025-12-09T22:49:02.6461180Z [INFO] Running com.fasterxml.jackson.module.kotlin.kogeraIntegration.deser.valueClass.parameterSize.twoUnitPrimitive.DeserializeByConstructorWithoutDefaultArgumentsTest
2025-12-09T22:49:02.9371899Z [INFO] Tests run: 5, Failures: 0, Errors: 0, Skipped: 0, Time elapsed: 0.297 s -- in com.fasterxml.jackson.module.kotlin.kogeraIntegration.deser.valueClass.parameterSize.twoUnitPrimitive.DeserializeByConstructorWithoutDefaultArgumentsTest
2025-12-09T22:49:02.9414102Z [INFO] Running com.fasterxml.jackson.module.kotlin.kogeraIntegration.deser.valueClass.parameterSize.twoUnitPrimitive.DeserializeByFactoryWithDefaultArgumentsTest
2025-12-09T22:49:03.1256157Z [INFO] Tests run: 5, Failures: 0, Errors: 0, Skipped: 0, Time elapsed: 0.184 s -- in com.fasterxml.jackson.module.kotlin.kogeraIntegration.deser.valueClass.parameterSize.twoUnitPrimitive.DeserializeByFactoryWithDefaultArgumentsTest
2025-12-09T22:49:03.1301468Z [INFO] Running com.fasterxml.jackson.module.kotlin.kogeraIntegration.deser.valueClass.parameterSize.twoUnitPrimitive.DeserializeByFactoryWithoutDefaultArgumentsTest
2025-12-09T22:49:03.3447390Z [INFO] Tests run: 5, Failures: 0, Errors: 0, Skipped: 0, Time elapsed: 0.204 s -- in com.fasterxml.jackson.module.kotlin.kogeraIntegration.deser.valueClass.parameterSize.twoUnitPrimitive.DeserializeByFactoryWithoutDefaultArgumentsTest
2025-12-09T22:49:03.3451026Z [INFO] Running com.fasterxml.jackson.module.kotlin.kogeraIntegration.deser.valueClass.parameterSize.nullablePrimitive.DeserializeByConstructorWithDefaultArgumentsTest
2025-12-09T22:49:03.4892309Z [INFO] Tests run: 5, Failures: 0, Errors: 0, Skipped: 0, Time elapsed: 0.155 s -- in com.fasterxml.jackson.module.kotlin.kogeraIntegration.deser.valueClass.parameterSize.nullablePrimitive.DeserializeByConstructorWithDefaultArgumentsTest
2025-12-09T22:49:03.4895424Z [INFO] Running com.fasterxml.jackson.module.kotlin.kogeraIntegration.deser.valueClass.parameterSize.nullablePrimitive.DeserializeByConstructorWithoutDefaultArgumentsTest
2025-12-09T22:49:03.6586776Z [INFO] Tests run: 5, Failures: 0, Errors: 0, Skipped: 0, Time elapsed: 0.173 s -- in com.fasterxml.jackson.module.kotlin.kogeraIntegration.deser.valueClass.parameterSize.nullablePrimitive.DeserializeByConstructorWithoutDefaultArgumentsTest
2025-12-09T22:49:03.6590405Z [INFO] Running com.fasterxml.jackson.module.kotlin.kogeraIntegration.deser.valueClass.parameterSize.nullablePrimitive.DeserializeByFactoryWithDefaultArgumentsTest
2025-12-09T22:49:03.8403619Z [INFO] Tests run: 5, Failures: 0, Errors: 0, Skipped: 0, Time elapsed: 0.182 s -- in com.fasterxml.jackson.module.kotlin.kogeraIntegration.deser.valueClass.parameterSize.nullablePrimitive.DeserializeByFactoryWithDefaultArgumentsTest
2025-12-09T22:49:03.8407198Z [INFO] Running com.fasterxml.jackson.module.kotlin.kogeraIntegration.deser.valueClass.parameterSize.nullablePrimitive.DeserializeByFactoryWithoutDefaultArgumentsTest
2025-12-09T22:49:03.9955023Z [INFO] Tests run: 5, Failures: 0, Errors: 0, Skipped: 0, Time elapsed: 0.150 s -- in com.fasterxml.jackson.module.kotlin.kogeraIntegration.deser.valueClass.parameterSize.nullablePrimitive.DeserializeByFactoryWithoutDefaultArgumentsTest
2025-12-09T22:49:03.9958076Z [INFO] Running com.fasterxml.jackson.module.kotlin.kogeraIntegration.deser.valueClass.parameterSize.primitive.DeserializeByConstructorWithDefaultArgumentsTest
2025-12-09T22:49:04.0862233Z [INFO] Tests run: 5, Failures: 0, Errors: 0, Skipped: 0, Time elapsed: 0.082 s -- in com.fasterxml.jackson.module.kotlin.kogeraIntegration.deser.valueClass.parameterSize.primitive.DeserializeByConstructorWithDefaultArgumentsTest
2025-12-09T22:49:04.0865106Z [INFO] Running com.fasterxml.jackson.module.kotlin.kogeraIntegration.deser.valueClass.parameterSize.primitive.DeserializeByConstructorWithoutDefaultArgumentsTest
2025-12-09T22:49:04.1974619Z [INFO] Tests run: 5, Failures: 0, Errors: 0, Skipped: 0, Time elapsed: 0.120 s -- in com.fasterxml.jackson.module.kotlin.kogeraIntegration.deser.valueClass.parameterSize.primitive.DeserializeByConstructorWithoutDefaultArgumentsTest
2025-12-09T22:49:04.1977676Z [INFO] Running com.fasterxml.jackson.module.kotlin.kogeraIntegration.deser.valueClass.parameterSize.primitive.DeserializeByFactoryWithDefaultArgumentsTest
2025-12-09T22:49:04.3342261Z [INFO] Tests run: 5, Failures: 0, Errors: 0, Skipped: 0, Time elapsed: 0.135 s -- in com.fasterxml.jackson.module.kotlin.kogeraIntegration.deser.valueClass.parameterSize.primitive.DeserializeByFactoryWithDefaultArgumentsTest
2025-12-09T22:49:04.3345427Z [INFO] Running com.fasterxml.jackson.module.kotlin.kogeraIntegration.deser.valueClass.parameterSize.primitive.DeserializeByFactoryWithoutDefaultArgumentsTest
2025-12-09T22:49:04.5057348Z [INFO] Tests run: 5, Failures: 0, Errors: 0, Skipped: 0, Time elapsed: 0.174 s -- in com.fasterxml.jackson.module.kotlin.kogeraIntegration.deser.valueClass.parameterSize.primitive.DeserializeByFactoryWithoutDefaultArgumentsTest
2025-12-09T22:49:04.5062243Z [INFO] Running com.fasterxml.jackson.module.kotlin.kogeraIntegration.deser.valueClass.parameterSize.nullableObject.DeserializeByConstructorWithDefaultArgumentsTest
2025-12-09T22:49:04.6284426Z [INFO] Tests run: 5, Failures: 0, Errors: 0, Skipped: 0, Time elapsed: 0.117 s -- in com.fasterxml.jackson.module.kotlin.kogeraIntegration.deser.valueClass.parameterSize.nullableObject.DeserializeByConstructorWithDefaultArgumentsTest
2025-12-09T22:49:04.6288680Z [INFO] Running com.fasterxml.jackson.module.kotlin.kogeraIntegration.deser.valueClass.parameterSize.nullableObject.DeserializeByConstructorWithoutDefaultArgumentsTest
2025-12-09T22:49:04.7677866Z [INFO] Tests run: 5, Failures: 0, Errors: 0, Skipped: 0, Time elapsed: 0.144 s -- in com.fasterxml.jackson.module.kotlin.kogeraIntegration.deser.valueClass.parameterSize.nullableObject.DeserializeByConstructorWithoutDefaultArgumentsTest
2025-12-09T22:49:04.7681014Z [INFO] Running com.fasterxml.jackson.module.kotlin.kogeraIntegration.deser.valueClass.parameterSize.nullableObject.DeserializeByFactoryWithDefaultArgumentsTest
2025-12-09T22:49:04.9130980Z [INFO] Tests run: 5, Failures: 0, Errors: 0, Skipped: 0, Time elapsed: 0.143 s -- in com.fasterxml.jackson.module.kotlin.kogeraIntegration.deser.valueClass.parameterSize.nullableObject.DeserializeByFactoryWithDefaultArgumentsTest
2025-12-09T22:49:04.9135122Z [INFO] Running com.fasterxml.jackson.module.kotlin.kogeraIntegration.deser.valueClass.parameterSize.nullableObject.DeserializeByFactoryWithoutDefaultArgumentsTest
2025-12-09T22:49:05.0639480Z [INFO] Tests run: 5, Failures: 0, Errors: 0, Skipped: 0, Time elapsed: 0.154 s -- in com.fasterxml.jackson.module.kotlin.kogeraIntegration.deser.valueClass.parameterSize.nullableObject.DeserializeByFactoryWithoutDefaultArgumentsTest
2025-12-09T22:49:05.0644555Z [INFO] Running com.fasterxml.jackson.module.kotlin.kogeraIntegration.deser.valueClass.parameterSize.nonNullObject.DeserializeByConstructorWithDefaultArgumentsTest
2025-12-09T22:49:05.1537502Z [INFO] Tests run: 5, Failures: 0, Errors: 0, Skipped: 0, Time elapsed: 0.086 s -- in com.fasterxml.jackson.module.kotlin.kogeraIntegration.deser.valueClass.parameterSize.nonNullObject.DeserializeByConstructorWithDefaultArgumentsTest
2025-12-09T22:49:05.1542605Z [INFO] Running com.fasterxml.jackson.module.kotlin.kogeraIntegration.deser.valueClass.parameterSize.nonNullObject.DeserializeByConstructorWithoutDefaultArgumentsTest
2025-12-09T22:49:05.2990842Z [INFO] Tests run: 5, Failures: 0, Errors: 0, Skipped: 0, Time elapsed: 0.144 s -- in com.fasterxml.jackson.module.kotlin.kogeraIntegration.deser.valueClass.parameterSize.nonNullObject.DeserializeByConstructorWithoutDefaultArgumentsTest
2025-12-09T22:49:05.2994468Z [INFO] Running com.fasterxml.jackson.module.kotlin.kogeraIntegration.deser.valueClass.parameterSize.nonNullObject.DeserializeByFactoryWithDefaultArgumentsTest
2025-12-09T22:49:05.3917873Z [INFO] Tests run: 5, Failures: 0, Errors: 0, Skipped: 0, Time elapsed: 0.094 s -- in com.fasterxml.jackson.module.kotlin.kogeraIntegration.deser.valueClass.parameterSize.nonNullObject.DeserializeByFactoryWithDefaultArgumentsTest
2025-12-09T22:49:05.3928637Z [INFO] Running com.fasterxml.jackson.module.kotlin.kogeraIntegration.deser.valueClass.parameterSize.nonNullObject.DeserializeByFactoryWithoutDefaultArgumentsTest
2025-12-09T22:49:05.5212429Z [INFO] Tests run: 5, Failures: 0, Errors: 0, Skipped: 0, Time elapsed: 0.125 s -- in com.fasterxml.jackson.module.kotlin.kogeraIntegration.deser.valueClass.parameterSize.nonNullObject.DeserializeByFactoryWithoutDefaultArgumentsTest
2025-12-09T22:49:05.5220194Z [INFO] Running com.fasterxml.jackson.module.kotlin.kogeraIntegration.deser.valueClass.JacksonInjectTest
2025-12-09T22:49:05.5390256Z [INFO] Tests run: 2, Failures: 0, Errors: 0, Skipped: 0, Time elapsed: 0.017 s -- in com.fasterxml.jackson.module.kotlin.kogeraIntegration.deser.valueClass.JacksonInjectTest
2025-12-09T22:49:05.5400856Z [INFO] Running com.fasterxml.jackson.module.kotlin.kogeraIntegration.deser.valueClass.WithoutCustomDeserializeMethodTest
2025-12-09T22:49:05.5464459Z [INFO] Running com.fasterxml.jackson.module.kotlin.kogeraIntegration.deser.valueClass.WithoutCustomDeserializeMethodTest$DirectDeserializeTest
2025-12-09T22:49:05.5737123Z [INFO] Running com.fasterxml.jackson.module.kotlin.kogeraIntegration.deser.valueClass.WithoutCustomDeserializeMethodTest$DirectDeserializeTest$NullableObject_
2025-12-09T22:49:05.5787132Z [INFO] Tests run: 8, Failures: 0, Errors: 0, Skipped: 0, Time elapsed: 0.003 s -- in com.fasterxml.jackson.module.kotlin.kogeraIntegration.deser.valueClass.WithoutCustomDeserializeMethodTest$DirectDeserializeTest$NullableObject_
2025-12-09T22:49:05.5795826Z [INFO] Running com.fasterxml.jackson.module.kotlin.kogeraIntegration.deser.valueClass.WithoutCustomDeserializeMethodTest$DirectDeserializeTest$NullablePrimitive_
2025-12-09T22:49:05.5827243Z [INFO] Tests run: 2, Failures: 0, Errors: 0, Skipped: 0, Time elapsed: 0.003 s -- in com.fasterxml.jackson.module.kotlin.kogeraIntegration.deser.valueClass.WithoutCustomDeserializeMethodTest$DirectDeserializeTest$NullablePrimitive_
2025-12-09T22:49:05.5887099Z [INFO] Tests run: 0, Failures: 0, Errors: 0, Skipped: 0, Time elapsed: 0.033 s -- in com.fasterxml.jackson.module.kotlin.kogeraIntegration.deser.valueClass.WithoutCustomDeserializeMethodTest$DirectDeserializeTest
2025-12-09T22:49:05.5889662Z [INFO] Tests run: 0, Failures: 0, Errors: 0, Skipped: 0, Time elapsed: 0.049 s -- in com.fasterxml.jackson.module.kotlin.kogeraIntegration.deser.valueClass.WithoutCustomDeserializeMethodTest
2025-12-09T22:49:05.5892173Z [INFO] Running com.fasterxml.jackson.module.kotlin.kogeraIntegration.deser.valueClass.mapKey.keyDeserializer.SpecifiedForObjectMapperTest
2025-12-09T22:49:05.6201383Z [INFO] Running com.fasterxml.jackson.module.kotlin.kogeraIntegration.deser.valueClass.mapKey.keyDeserializer.SpecifiedForObjectMapperTest$DirectDeserialize
2025-12-09T22:49:05.6303778Z [INFO] Tests run: 6, Failures: 0, Errors: 0, Skipped: 0, Time elapsed: 0.008 s -- in com.fasterxml.jackson.module.kotlin.kogeraIntegration.deser.valueClass.mapKey.keyDeserializer.SpecifiedForObjectMapperTest$DirectDeserialize
2025-12-09T22:49:05.6381230Z [INFO] Tests run: 0, Failures: 0, Errors: 0, Skipped: 0, Time elapsed: 0.046 s -- in com.fasterxml.jackson.module.kotlin.kogeraIntegration.deser.valueClass.mapKey.keyDeserializer.SpecifiedForObjectMapperTest
2025-12-09T22:49:05.6383993Z [INFO] Running com.fasterxml.jackson.module.kotlin.kogeraIntegration.deser.valueClass.mapKey.keyDeserializer.byAnnotation.SpecifiedForClassTest
2025-12-09T22:49:05.6453635Z [INFO] Tests run: 2, Failures: 0, Errors: 0, Skipped: 0, Time elapsed: 0.014 s -- in com.fasterxml.jackson.module.kotlin.kogeraIntegration.deser.valueClass.mapKey.keyDeserializer.byAnnotation.SpecifiedForClassTest
2025-12-09T22:49:05.6456732Z [INFO] Running com.fasterxml.jackson.module.kotlin.kogeraIntegration.deser.valueClass.mapKey.keyDeserializer.byAnnotation.SpecifiedForPropertyTest
2025-12-09T22:49:05.6538353Z [INFO] Tests run: 1, Failures: 0, Errors: 0, Skipped: 0, Time elapsed: 0.009 s -- in com.fasterxml.jackson.module.kotlin.kogeraIntegration.deser.valueClass.mapKey.keyDeserializer.byAnnotation.SpecifiedForPropertyTest
2025-12-09T22:49:05.6588652Z [INFO] Running com.fasterxml.jackson.module.kotlin.kogeraIntegration.deser.valueClass.mapKey.WithoutCustomDeserializeMethodTest
2025-12-09T22:49:05.6800619Z [INFO] Running com.fasterxml.jackson.module.kotlin.kogeraIntegration.deser.valueClass.mapKey.WithoutCustomDeserializeMethodTest$DirectDeserialize
2025-12-09T22:49:05.6912556Z [INFO] Tests run: 8, Failures: 0, Errors: 0, Skipped: 0, Time elapsed: 0.007 s -- in com.fasterxml.jackson.module.kotlin.kogeraIntegration.deser.valueClass.mapKey.WithoutCustomDeserializeMethodTest$DirectDeserialize
2025-12-09T22:49:05.6967831Z [INFO] Tests run: 0, Failures: 0, Errors: 0, Skipped: 0, Time elapsed: 0.036 s -- in com.fasterxml.jackson.module.kotlin.kogeraIntegration.deser.valueClass.mapKey.WithoutCustomDeserializeMethodTest
2025-12-09T22:49:05.6970046Z [INFO] Running com.fasterxml.jackson.module.kotlin.kogeraIntegration.deser.valueClass.mapKey.PrivateConstructorTest
2025-12-09T22:49:05.7024310Z [INFO] Running com.fasterxml.jackson.module.kotlin.kogeraIntegration.deser.valueClass.mapKey.PrivateConstructorTest$DirectDeserialize
2025-12-09T22:49:05.7164013Z [INFO] Tests run: 6, Failures: 0, Errors: 0, Skipped: 0, Time elapsed: 0.009 s -- in com.fasterxml.jackson.module.kotlin.kogeraIntegration.deser.valueClass.mapKey.PrivateConstructorTest$DirectDeserialize
2025-12-09T22:49:05.7211665Z [INFO] Tests run: 0, Failures: 0, Errors: 0, Skipped: 0, Time elapsed: 0.025 s -- in com.fasterxml.jackson.module.kotlin.kogeraIntegration.deser.valueClass.mapKey.PrivateConstructorTest
2025-12-09T22:49:05.7216056Z [INFO] Running com.fasterxml.jackson.module.kotlin.kogeraIntegration.deser.valueClass.defaultArgument.NonNullObjectTest
2025-12-09T22:49:05.7280825Z [INFO] Tests run: 2, Failures: 0, Errors: 0, Skipped: 0, Time elapsed: 0.012 s -- in com.fasterxml.jackson.module.kotlin.kogeraIntegration.deser.valueClass.defaultArgument.NonNullObjectTest
2025-12-09T22:49:05.7285405Z [INFO] Running com.fasterxml.jackson.module.kotlin.kogeraIntegration.deser.valueClass.defaultArgument.PrimitiveTest
2025-12-09T22:49:05.7395687Z [INFO] Tests run: 2, Failures: 0, Errors: 0, Skipped: 0, Time elapsed: 0.011 s -- in com.fasterxml.jackson.module.kotlin.kogeraIntegration.deser.valueClass.defaultArgument.PrimitiveTest
2025-12-09T22:49:05.7400414Z [INFO] Running com.fasterxml.jackson.module.kotlin.kogeraIntegration.deser.valueClass.defaultArgument.NullablePrimitiveTest
2025-12-09T22:49:05.7662045Z [INFO] Tests run: 2, Failures: 0, Errors: 0, Skipped: 0, Time elapsed: 0.025 s -- in com.fasterxml.jackson.module.kotlin.kogeraIntegration.deser.valueClass.defaultArgument.NullablePrimitiveTest
2025-12-09T22:49:05.7683741Z [INFO] Running com.fasterxml.jackson.module.kotlin.kogeraIntegration.deser.valueClass.defaultArgument.NullableObjectTest
2025-12-09T22:49:05.7763928Z [INFO] Tests run: 2, Failures: 0, Errors: 0, Skipped: 0, Time elapsed: 0.012 s -- in com.fasterxml.jackson.module.kotlin.kogeraIntegration.deser.valueClass.defaultArgument.NullableObjectTest
2025-12-09T22:49:05.7771089Z [INFO] Running com.fasterxml.jackson.module.kotlin.kogeraIntegration.deser.valueClass.defaultArgument.TwoUnitPrimitiveTest
2025-12-09T22:49:05.7871000Z [INFO] Tests run: 2, Failures: 0, Errors: 0, Skipped: 0, Time elapsed: 0.009 s -- in com.fasterxml.jackson.module.kotlin.kogeraIntegration.deser.valueClass.defaultArgument.TwoUnitPrimitiveTest
2025-12-09T22:49:05.7877112Z [INFO] Running com.fasterxml.jackson.module.kotlin.kogeraIntegration.deser.valueClass.deserializer.SpecifiedForObjectMapperTest
2025-12-09T22:49:05.7993063Z [INFO] Running com.fasterxml.jackson.module.kotlin.kogeraIntegration.deser.valueClass.deserializer.SpecifiedForObjectMapperTest$DirectDeserialize
2025-12-09T22:49:05.8093487Z [INFO] Running com.fasterxml.jackson.module.kotlin.kogeraIntegration.deser.valueClass.deserializer.SpecifiedForObjectMapperTest$DirectDeserialize$NullableObject_
2025-12-09T22:49:05.8204605Z [INFO] Tests run: 7, Failures: 0, Errors: 0, Skipped: 0, Time elapsed: 0.007 s -- in com.fasterxml.jackson.module.kotlin.kogeraIntegration.deser.valueClass.deserializer.SpecifiedForObjectMapperTest$DirectDeserialize$NullableObject_
2025-12-09T22:49:05.8216675Z [INFO] Running com.fasterxml.jackson.module.kotlin.kogeraIntegration.deser.valueClass.deserializer.SpecifiedForObjectMapperTest$DirectDeserialize$NullablePrimitive_
2025-12-09T22:49:05.8277229Z [INFO] Tests run: 2, Failures: 0, Errors: 0, Skipped: 0, Time elapsed: 0.005 s -- in com.fasterxml.jackson.module.kotlin.kogeraIntegration.deser.valueClass.deserializer.SpecifiedForObjectMapperTest$DirectDeserialize$NullablePrimitive_
2025-12-09T22:49:05.8342153Z [INFO] Tests run: 0, Failures: 0, Errors: 0, Skipped: 0, Time elapsed: 0.023 s -- in com.fasterxml.jackson.module.kotlin.kogeraIntegration.deser.valueClass.deserializer.SpecifiedForObjectMapperTest$DirectDeserialize
2025-12-09T22:49:05.8361117Z [INFO] Tests run: 0, Failures: 0, Errors: 0, Skipped: 0, Time elapsed: 0.037 s -- in com.fasterxml.jackson.module.kotlin.kogeraIntegration.deser.valueClass.deserializer.SpecifiedForObjectMapperTest
2025-12-09T22:49:05.8470629Z [INFO] Running com.fasterxml.jackson.module.kotlin.kogeraIntegration.deser.valueClass.deserializer.byAnnotation.specifiedForProperty.NonNullObjectTest
2025-12-09T22:49:05.8473510Z [INFO] Running com.fasterxml.jackson.module.kotlin.kogeraIntegration.deser.valueClass.deserializer.byAnnotation.specifiedForProperty.NonNullObjectTest$NullableTest
2025-12-09T22:49:05.8476840Z [INFO] Tests run: 3, Failures: 0, Errors: 0, Skipped: 0, Time elapsed: 0.005 s -- in com.fasterxml.jackson.module.kotlin.kogeraIntegration.deser.valueClass.deserializer.byAnnotation.specifiedForProperty.NonNullObjectTest$NullableTest
2025-12-09T22:49:05.8548432Z [INFO] Tests run: 0, Failures: 0, Errors: 0, Skipped: 0, Time elapsed: 0.012 s -- in com.fasterxml.jackson.module.kotlin.kogeraIntegration.deser.valueClass.deserializer.byAnnotation.specifiedForProperty.NonNullObjectTest
2025-12-09T22:49:05.8556762Z [INFO] Running com.fasterxml.jackson.module.kotlin.kogeraIntegration.deser.valueClass.deserializer.byAnnotation.specifiedForProperty.PrimitiveTest
2025-12-09T22:49:05.8559535Z [INFO] Running com.fasterxml.jackson.module.kotlin.kogeraIntegration.deser.valueClass.deserializer.byAnnotation.specifiedForProperty.PrimitiveTest$NullableTest
2025-12-09T22:49:05.8564750Z [INFO] Tests run: 3, Failures: 0, Errors: 0, Skipped: 0, Time elapsed: 0.003 s -- in com.fasterxml.jackson.module.kotlin.kogeraIntegration.deser.valueClass.deserializer.byAnnotation.specifiedForProperty.PrimitiveTest$NullableTest
2025-12-09T22:49:05.8612849Z [INFO] Tests run: 0, Failures: 0, Errors: 0, Skipped: 0, Time elapsed: 0.011 s -- in com.fasterxml.jackson.module.kotlin.kogeraIntegration.deser.valueClass.deserializer.byAnnotation.specifiedForProperty.PrimitiveTest
2025-12-09T22:49:05.8619539Z [INFO] Running com.fasterxml.jackson.module.kotlin.kogeraIntegration.deser.valueClass.deserializer.byAnnotation.specifiedForProperty.NullablePrimitiveTest
2025-12-09T22:49:05.8625889Z [INFO] Running com.fasterxml.jackson.module.kotlin.kogeraIntegration.deser.valueClass.deserializer.byAnnotation.specifiedForProperty.NullablePrimitiveTest$NullableTest
2025-12-09T22:49:05.8726379Z [INFO] Tests run: 3, Failures: 0, Errors: 0, Skipped: 0, Time elapsed: 0.011 s -- in com.fasterxml.jackson.module.kotlin.kogeraIntegration.deser.valueClass.deserializer.byAnnotation.specifiedForProperty.NullablePrimitiveTest$NullableTest
2025-12-09T22:49:05.8790149Z [INFO] Tests run: 0, Failures: 0, Errors: 0, Skipped: 0, Time elapsed: 0.020 s -- in com.fasterxml.jackson.module.kotlin.kogeraIntegration.deser.valueClass.deserializer.byAnnotation.specifiedForProperty.NullablePrimitiveTest
2025-12-09T22:49:05.8795362Z [INFO] Running com.fasterxml.jackson.module.kotlin.kogeraIntegration.deser.valueClass.deserializer.byAnnotation.specifiedForProperty.NullableObjectTest
2025-12-09T22:49:05.8800071Z [INFO] Running com.fasterxml.jackson.module.kotlin.kogeraIntegration.deser.valueClass.deserializer.byAnnotation.specifiedForProperty.NullableObjectTest$NullableTest
2025-12-09T22:49:05.8818252Z [INFO] Tests run: 3, Failures: 0, Errors: 0, Skipped: 0, Time elapsed: 0.007 s -- in com.fasterxml.jackson.module.kotlin.kogeraIntegration.deser.valueClass.deserializer.byAnnotation.specifiedForProperty.NullableObjectTest$NullableTest
2025-12-09T22:49:05.8859038Z [INFO] Tests run: 0, Failures: 0, Errors: 0, Skipped: 0, Time elapsed: 0.014 s -- in com.fasterxml.jackson.module.kotlin.kogeraIntegration.deser.valueClass.deserializer.byAnnotation.specifiedForProperty.NullableObjectTest
2025-12-09T22:49:05.8862800Z [INFO] Running com.fasterxml.jackson.module.kotlin.kogeraIntegration.deser.valueClass.deserializer.byAnnotation.specifiedForProperty.TwoUnitPrimitiveTest
2025-12-09T22:49:05.8952523Z [INFO] Running com.fasterxml.jackson.module.kotlin.kogeraIntegration.deser.valueClass.deserializer.byAnnotation.specifiedForProperty.TwoUnitPrimitiveTest$NullableTest
2025-12-09T22:49:05.9072266Z [INFO] Tests run: 3, Failures: 0, Errors: 0, Skipped: 0, Time elapsed: 0.006 s -- in com.fasterxml.jackson.module.kotlin.kogeraIntegration.deser.valueClass.deserializer.byAnnotation.specifiedForProperty.TwoUnitPrimitiveTest$NullableTest
2025-12-09T22:49:05.9092206Z [INFO] Tests run: 0, Failures: 0, Errors: 0, Skipped: 0, Time elapsed: 0.023 s -- in com.fasterxml.jackson.module.kotlin.kogeraIntegration.deser.valueClass.deserializer.byAnnotation.specifiedForProperty.TwoUnitPrimitiveTest
2025-12-09T22:49:05.9097996Z [INFO] Running com.fasterxml.jackson.module.kotlin.kogeraIntegration.deser.valueClass.deserializer.byAnnotation.SpecifiedForClassTest
2025-12-09T22:49:05.9228905Z [INFO] Tests run: 2, Failures: 0, Errors: 0, Skipped: 0, Time elapsed: 0.015 s -- in com.fasterxml.jackson.module.kotlin.kogeraIntegration.deser.valueClass.deserializer.byAnnotation.SpecifiedForClassTest
2025-12-09T22:49:05.9233004Z [INFO] Running com.fasterxml.jackson.module.kotlin.kogeraIntegration.deser.valueClass.NullableObjectEdgeCases
2025-12-09T22:49:05.9406206Z [INFO] Tests run: 2, Failures: 0, Errors: 0, Skipped: 0, Time elapsed: 0.018 s -- in com.fasterxml.jackson.module.kotlin.kogeraIntegration.deser.valueClass.NullableObjectEdgeCases
2025-12-09T22:49:05.9407816Z [INFO] Running com.fasterxml.jackson.module.kotlin.kogeraIntegration.deser.valueClass.PrivateConstructorTest
2025-12-09T22:49:05.9528937Z [INFO] Running com.fasterxml.jackson.module.kotlin.kogeraIntegration.deser.valueClass.PrivateConstructorTest$DirectDeserializeTest
2025-12-09T22:49:05.9725904Z [INFO] Tests run: 6, Failures: 0, Errors: 0, Skipped: 0, Time elapsed: 0.014 s -- in com.fasterxml.jackson.module.kotlin.kogeraIntegration.deser.valueClass.PrivateConstructorTest$DirectDeserializeTest
2025-12-09T22:49:05.9739343Z [INFO] Tests run: 0, Failures: 0, Errors: 0, Skipped: 0, Time elapsed: 0.031 s -- in com.fasterxml.jackson.module.kotlin.kogeraIntegration.deser.valueClass.PrivateConstructorTest
2025-12-09T22:49:05.9742908Z [INFO] Running com.fasterxml.jackson.module.kotlin.kogeraIntegration.deser.valueClass.jsonCreator.InCreatorArgumentTest
2025-12-09T22:49:05.9891216Z [INFO] Tests run: 1, Failures: 0, Errors: 0, Skipped: 0, Time elapsed: 0.014 s -- in com.fasterxml.jackson.module.kotlin.kogeraIntegration.deser.valueClass.jsonCreator.InCreatorArgumentTest
2025-12-09T22:49:05.9895105Z [INFO] Running com.fasterxml.jackson.module.kotlin.kogeraIntegration.deser.valueClass.jsonCreator.HandledByJacksonTest
2025-12-09T22:49:06.0055483Z [INFO] Tests run: 2, Failures: 0, Errors: 0, Skipped: 0, Time elapsed: 0.016 s -- in com.fasterxml.jackson.module.kotlin.kogeraIntegration.deser.valueClass.jsonCreator.HandledByJacksonTest
2025-12-09T22:49:06.0061086Z [INFO] Running com.fasterxml.jackson.module.kotlin.kogeraIntegration.deser.valueClass.jsonCreator.HandledByKogeraTest
2025-12-09T22:49:06.0348929Z [INFO] Tests run: 3, Failures: 0, Errors: 0, Skipped: 0, Time elapsed: 0.030 s -- in com.fasterxml.jackson.module.kotlin.kogeraIntegration.deser.valueClass.jsonCreator.HandledByKogeraTest
2025-12-09T22:49:06.0353800Z [INFO] Running com.fasterxml.jackson.module.kotlin.kogeraIntegration.deser.StrictNullChecksTest
2025-12-09T22:49:06.0362328Z [INFO] Running com.fasterxml.jackson.module.kotlin.kogeraIntegration.deser.StrictNullChecksTest$AnnotatedNullInput
2025-12-09T22:49:06.0895553Z [INFO] Tests run: 3, Failures: 0, Errors: 0, Skipped: 0, Time elapsed: 0.047 s -- in com.fasterxml.jackson.module.kotlin.kogeraIntegration.deser.StrictNullChecksTest$AnnotatedNullInput
2025-12-09T22:49:06.0900063Z [INFO] Running com.fasterxml.jackson.module.kotlin.kogeraIntegration.deser.StrictNullChecksTest$CustomByAnnotationTest
2025-12-09T22:49:06.1163034Z [INFO] Tests run: 3, Failures: 0, Errors: 0, Skipped: 0, Time elapsed: 0.023 s -- in com.fasterxml.jackson.module.kotlin.kogeraIntegration.deser.StrictNullChecksTest$CustomByAnnotationTest
2025-12-09T22:49:06.1164843Z [INFO] Running com.fasterxml.jackson.module.kotlin.kogeraIntegration.deser.StrictNullChecksTest$NonNullInput
2025-12-09T22:49:06.1473223Z [INFO] Tests run: 3, Failures: 0, Errors: 0, Skipped: 0, Time elapsed: 0.032 s -- in com.fasterxml.jackson.module.kotlin.kogeraIntegration.deser.StrictNullChecksTest$NonNullInput
2025-12-09T22:49:06.1475241Z [INFO] Running com.fasterxml.jackson.module.kotlin.kogeraIntegration.deser.StrictNullChecksTest$NullInput
2025-12-09T22:49:06.1579603Z [INFO] Tests run: 3, Failures: 0, Errors: 0, Skipped: 0, Time elapsed: 0.014 s -- in com.fasterxml.jackson.module.kotlin.kogeraIntegration.deser.StrictNullChecksTest$NullInput
2025-12-09T22:49:06.1620822Z [INFO] Tests run: 0, Failures: 0, Errors: 0, Skipped: 0, Time elapsed: 0.120 s -- in com.fasterxml.jackson.module.kotlin.kogeraIntegration.deser.StrictNullChecksTest
2025-12-09T22:49:06.1625823Z [INFO] Running com.fasterxml.jackson.module.kotlin.kogeraIntegration.ser.valueClass.jsonValue.NonNullObjectTest
2025-12-09T22:49:06.1630678Z [INFO] Running com.fasterxml.jackson.module.kotlin.kogeraIntegration.ser.valueClass.jsonValue.NonNullObjectTest$NonNullTest
2025-12-09T22:49:06.1902086Z [INFO] Tests run: 2, Failures: 0, Errors: 0, Skipped: 0, Time elapsed: 0.014 s -- in com.fasterxml.jackson.module.kotlin.kogeraIntegration.ser.valueClass.jsonValue.NonNullObjectTest$NonNullTest
2025-12-09T22:49:06.1903951Z [INFO] Running com.fasterxml.jackson.module.kotlin.kogeraIntegration.ser.valueClass.jsonValue.NonNullObjectTest$NullableTest
2025-12-09T22:49:06.1905699Z [INFO] Running com.fasterxml.jackson.module.kotlin.kogeraIntegration.ser.valueClass.jsonValue.NonNullObjectTest$NullableTest$AsPropertyTest
2025-12-09T22:49:06.1907945Z [INFO] Tests run: 2, Failures: 0, Errors: 0, Skipped: 0, Time elapsed: 0.008 s -- in com.fasterxml.jackson.module.kotlin.kogeraIntegration.ser.valueClass.jsonValue.NonNullObjectTest$NullableTest$AsPropertyTest
2025-12-09T22:49:06.1910380Z [INFO] Running com.fasterxml.jackson.module.kotlin.kogeraIntegration.ser.valueClass.jsonValue.NonNullObjectTest$NullableTest$DirectTest
2025-12-09T22:49:06.1947151Z [INFO] Tests run: 2, Failures: 0, Errors: 0, Skipped: 0, Time elapsed: 0.002 s -- in com.fasterxml.jackson.module.kotlin.kogeraIntegration.ser.valueClass.jsonValue.NonNullObjectTest$NullableTest$DirectTest
2025-12-09T22:49:06.1992543Z [INFO] Tests run: 0, Failures: 0, Errors: 0, Skipped: 0, Time elapsed: 0.010 s -- in com.fasterxml.jackson.module.kotlin.kogeraIntegration.ser.valueClass.jsonValue.NonNullObjectTest$NullableTest
2025-12-09T22:49:06.2021384Z [INFO] Tests run: 0, Failures: 0, Errors: 0, Skipped: 0, Time elapsed: 0.031 s -- in com.fasterxml.jackson.module.kotlin.kogeraIntegration.ser.valueClass.jsonValue.NonNullObjectTest
2025-12-09T22:49:06.2023292Z [INFO] Running com.fasterxml.jackson.module.kotlin.kogeraIntegration.ser.valueClass.jsonValue.PrimitiveTest
2025-12-09T22:49:06.2024924Z [INFO] Running com.fasterxml.jackson.module.kotlin.kogeraIntegration.ser.valueClass.jsonValue.PrimitiveTest$NonNullTest
2025-12-09T22:49:06.2056516Z [INFO] Tests run: 2, Failures: 0, Errors: 0, Skipped: 0, Time elapsed: 0.008 s -- in com.fasterxml.jackson.module.kotlin.kogeraIntegration.ser.valueClass.jsonValue.PrimitiveTest$NonNullTest
2025-12-09T22:49:06.2058465Z [INFO] Running com.fasterxml.jackson.module.kotlin.kogeraIntegration.ser.valueClass.jsonValue.PrimitiveTest$NullableTest
2025-12-09T22:49:06.2060343Z [INFO] Running com.fasterxml.jackson.module.kotlin.kogeraIntegration.ser.valueClass.jsonValue.PrimitiveTest$NullableTest$AsPropertyTest
2025-12-09T22:49:06.2116721Z [INFO] Tests run: 2, Failures: 0, Errors: 0, Skipped: 0, Time elapsed: 0.012 s -- in com.fasterxml.jackson.module.kotlin.kogeraIntegration.ser.valueClass.jsonValue.PrimitiveTest$NullableTest$AsPropertyTest
2025-12-09T22:49:06.2119152Z [INFO] Running com.fasterxml.jackson.module.kotlin.kogeraIntegration.ser.valueClass.jsonValue.PrimitiveTest$NullableTest$DirectTest
2025-12-09T22:49:06.2182887Z [INFO] Tests run: 2, Failures: 0, Errors: 0, Skipped: 0, Time elapsed: 0.002 s -- in com.fasterxml.jackson.module.kotlin.kogeraIntegration.ser.valueClass.jsonValue.PrimitiveTest$NullableTest$DirectTest
2025-12-09T22:49:06.2205949Z [INFO] Tests run: 0, Failures: 0, Errors: 0, Skipped: 0, Time elapsed: 0.017 s -- in com.fasterxml.jackson.module.kotlin.kogeraIntegration.ser.valueClass.jsonValue.PrimitiveTest$NullableTest
2025-12-09T22:49:06.2240128Z [INFO] Tests run: 0, Failures: 0, Errors: 0, Skipped: 0, Time elapsed: 0.026 s -- in com.fasterxml.jackson.module.kotlin.kogeraIntegration.ser.valueClass.jsonValue.PrimitiveTest
2025-12-09T22:49:06.2243820Z [INFO] Running com.fasterxml.jackson.module.kotlin.kogeraIntegration.ser.valueClass.jsonValue.NullablePrimitiveTest
2025-12-09T22:49:06.2250221Z [INFO] Running com.fasterxml.jackson.module.kotlin.kogeraIntegration.ser.valueClass.jsonValue.NullablePrimitiveTest$AsPropertyTest
2025-12-09T22:49:06.2331784Z [INFO] Tests run: 2, Failures: 0, Errors: 0, Skipped: 0, Time elapsed: 0.006 s -- in com.fasterxml.jackson.module.kotlin.kogeraIntegration.ser.valueClass.jsonValue.NullablePrimitiveTest$AsPropertyTest
2025-12-09T22:49:06.2334116Z [INFO] Running com.fasterxml.jackson.module.kotlin.kogeraIntegration.ser.valueClass.jsonValue.NullablePrimitiveTest$DirectTest
2025-12-09T22:49:06.2336077Z [INFO] Tests run: 2, Failures: 0, Errors: 0, Skipped: 0, Time elapsed: 0.003 s -- in com.fasterxml.jackson.module.kotlin.kogeraIntegration.ser.valueClass.jsonValue.NullablePrimitiveTest$DirectTest
2025-12-09T22:49:06.2338340Z [INFO] Tests run: 0, Failures: 0, Errors: 0, Skipped: 0, Time elapsed: 0.010 s -- in com.fasterxml.jackson.module.kotlin.kogeraIntegration.ser.valueClass.jsonValue.NullablePrimitiveTest
2025-12-09T22:49:06.2340515Z [INFO] Running com.fasterxml.jackson.module.kotlin.kogeraIntegration.ser.valueClass.jsonValue.NullableObjectTest
2025-12-09T22:49:06.2367221Z [INFO] Running com.fasterxml.jackson.module.kotlin.kogeraIntegration.ser.valueClass.jsonValue.NullableObjectTest$AsPropertyTest
2025-12-09T22:49:06.2378207Z [INFO] Tests run: 2, Failures: 0, Errors: 0, Skipped: 0, Time elapsed: 0.009 s -- in com.fasterxml.jackson.module.kotlin.kogeraIntegration.ser.valueClass.jsonValue.NullableObjectTest$AsPropertyTest
2025-12-09T22:49:06.2380708Z [INFO] Running com.fasterxml.jackson.module.kotlin.kogeraIntegration.ser.valueClass.jsonValue.NullableObjectTest$DirectTest
2025-12-09T22:49:06.2433446Z [INFO] Tests run: 2, Failures: 0, Errors: 0, Skipped: 0, Time elapsed: 0.002 s -- in com.fasterxml.jackson.module.kotlin.kogeraIntegration.ser.valueClass.jsonValue.NullableObjectTest$DirectTest
2025-12-09T22:49:06.2460128Z [INFO] Tests run: 0, Failures: 0, Errors: 0, Skipped: 0, Time elapsed: 0.014 s -- in com.fasterxml.jackson.module.kotlin.kogeraIntegration.ser.valueClass.jsonValue.NullableObjectTest
2025-12-09T22:49:06.2462127Z [INFO] Running com.fasterxml.jackson.module.kotlin.kogeraIntegration.ser.valueClass.jsonValue.TwoUnitPrimitiveTest
2025-12-09T22:49:06.2463807Z [INFO] Running com.fasterxml.jackson.module.kotlin.kogeraIntegration.ser.valueClass.jsonValue.TwoUnitPrimitiveTest$NonNullTest
2025-12-09T22:49:06.2487940Z [INFO] Tests run: 2, Failures: 0, Errors: 0, Skipped: 0, Time elapsed: 0.006 s -- in com.fasterxml.jackson.module.kotlin.kogeraIntegration.ser.valueClass.jsonValue.TwoUnitPrimitiveTest$NonNullTest
2025-12-09T22:49:06.2490424Z [INFO] Running com.fasterxml.jackson.module.kotlin.kogeraIntegration.ser.valueClass.jsonValue.TwoUnitPrimitiveTest$NullableTest
2025-12-09T22:49:06.2492489Z [INFO] Running com.fasterxml.jackson.module.kotlin.kogeraIntegration.ser.valueClass.jsonValue.TwoUnitPrimitiveTest$NullableTest$AsPropertyTest
2025-12-09T22:49:06.2621870Z [INFO] Tests run: 2, Failures: 0, Errors: 0, Skipped: 0, Time elapsed: 0.008 s -- in com.fasterxml.jackson.module.kotlin.kogeraIntegration.ser.valueClass.jsonValue.TwoUnitPrimitiveTest$NullableTest$AsPropertyTest
2025-12-09T22:49:06.2624594Z [INFO] Running com.fasterxml.jackson.module.kotlin.kogeraIntegration.ser.valueClass.jsonValue.TwoUnitPrimitiveTest$NullableTest$DirectTest
2025-12-09T22:49:06.2652788Z [INFO] Tests run: 2, Failures: 0, Errors: 0, Skipped: 0, Time elapsed: 0.004 s -- in com.fasterxml.jackson.module.kotlin.kogeraIntegration.ser.valueClass.jsonValue.TwoUnitPrimitiveTest$NullableTest$DirectTest
2025-12-09T22:49:06.2681598Z [INFO] Tests run: 0, Failures: 0, Errors: 0, Skipped: 0, Time elapsed: 0.017 s -- in com.fasterxml.jackson.module.kotlin.kogeraIntegration.ser.valueClass.jsonValue.TwoUnitPrimitiveTest$NullableTest
2025-12-09T22:49:06.2708224Z [INFO] Tests run: 0, Failures: 0, Errors: 0, Skipped: 0, Time elapsed: 0.024 s -- in com.fasterxml.jackson.module.kotlin.kogeraIntegration.ser.valueClass.jsonValue.TwoUnitPrimitiveTest
2025-12-09T22:49:06.2715623Z [INFO] Running com.fasterxml.jackson.module.kotlin.kogeraIntegration.ser.valueClass.WithoutCustomSerializeMethodTest
2025-12-09T22:49:06.2803773Z [INFO] Running com.fasterxml.jackson.module.kotlin.kogeraIntegration.ser.valueClass.WithoutCustomSerializeMethodTest$DirectSerializeTest
2025-12-09T22:49:06.2848544Z [INFO] Running com.fasterxml.jackson.module.kotlin.kogeraIntegration.ser.valueClass.WithoutCustomSerializeMethodTest$DirectSerializeTest$NullableObject_
2025-12-09T22:49:06.2898970Z [INFO] Tests run: 8, Failures: 0, Errors: 0, Skipped: 0, Time elapsed: 0.003 s -- in com.fasterxml.jackson.module.kotlin.kogeraIntegration.ser.valueClass.WithoutCustomSerializeMethodTest$DirectSerializeTest$NullableObject_
2025-12-09T22:49:06.2923897Z [INFO] Running com.fasterxml.jackson.module.kotlin.kogeraIntegration.ser.valueClass.WithoutCustomSerializeMethodTest$DirectSerializeTest$NullablePrimitive_
2025-12-09T22:49:06.2958568Z [INFO] Tests run: 2, Failures: 0, Errors: 0, Skipped: 0, Time elapsed: 0.004 s -- in com.fasterxml.jackson.module.kotlin.kogeraIntegration.ser.valueClass.WithoutCustomSerializeMethodTest$DirectSerializeTest$NullablePrimitive_
2025-12-09T22:49:06.3008228Z [INFO] Tests run: 0, Failures: 0, Errors: 0, Skipped: 0, Time elapsed: 0.011 s -- in com.fasterxml.jackson.module.kotlin.kogeraIntegration.ser.valueClass.WithoutCustomSerializeMethodTest$DirectSerializeTest
2025-12-09T22:49:06.3056953Z [INFO] Tests run: 0, Failures: 0, Errors: 0, Skipped: 0, Time elapsed: 0.028 s -- in com.fasterxml.jackson.module.kotlin.kogeraIntegration.ser.valueClass.WithoutCustomSerializeMethodTest
2025-12-09T22:49:06.3059590Z [INFO] Running com.fasterxml.jackson.module.kotlin.kogeraIntegration.ser.valueClass.jsonKey.NonNullObjectTest
2025-12-09T22:49:06.3093997Z [INFO] Tests run: 2, Failures: 0, Errors: 0, Skipped: 0, Time elapsed: 0.006 s -- in com.fasterxml.jackson.module.kotlin.kogeraIntegration.ser.valueClass.jsonKey.NonNullObjectTest
2025-12-09T22:49:06.3100117Z [INFO] Running com.fasterxml.jackson.module.kotlin.kogeraIntegration.ser.valueClass.jsonKey.PrimitiveTest
2025-12-09T22:49:06.3107596Z [INFO] Tests run: 2, Failures: 0, Errors: 0, Skipped: 0, Time elapsed: 0.004 s -- in com.fasterxml.jackson.module.kotlin.kogeraIntegration.ser.valueClass.jsonKey.PrimitiveTest
2025-12-09T22:49:06.3113338Z [INFO] Running com.fasterxml.jackson.module.kotlin.kogeraIntegration.ser.valueClass.jsonKey.NullablePrimitiveTest
2025-12-09T22:49:06.3154840Z [INFO] Tests run: 1, Failures: 0, Errors: 0, Skipped: 0, Time elapsed: 0.001 s -- in com.fasterxml.jackson.module.kotlin.kogeraIntegration.ser.valueClass.jsonKey.NullablePrimitiveTest
2025-12-09T22:49:06.3158882Z [INFO] Running com.fasterxml.jackson.module.kotlin.kogeraIntegration.ser.valueClass.jsonKey.NullableObjectTest
2025-12-09T22:49:06.3168742Z [INFO] Tests run: 1, Failures: 0, Errors: 0, Skipped: 0, Time elapsed: 0.001 s -- in com.fasterxml.jackson.module.kotlin.kogeraIntegration.ser.valueClass.jsonKey.NullableObjectTest
2025-12-09T22:49:06.3182134Z [INFO] Running com.fasterxml.jackson.module.kotlin.kogeraIntegration.ser.valueClass.jsonKey.TwoUnitPrimitiveTest
2025-12-09T22:49:06.3185415Z [INFO] Tests run: 2, Failures: 0, Errors: 0, Skipped: 0, Time elapsed: 0.007 s -- in com.fasterxml.jackson.module.kotlin.kogeraIntegration.ser.valueClass.jsonKey.TwoUnitPrimitiveTest
2025-12-09T22:49:06.3188784Z [INFO] Running com.fasterxml.jackson.module.kotlin.kogeraIntegration.ser.valueClass.JsonKeyTest
2025-12-09T22:49:06.3247601Z [INFO] Tests run: 1, Failures: 0, Errors: 0, Skipped: 0, Time elapsed: 0.006 s -- in com.fasterxml.jackson.module.kotlin.kogeraIntegration.ser.valueClass.JsonKeyTest
2025-12-09T22:49:06.3281233Z [INFO] Running com.fasterxml.jackson.module.kotlin.kogeraIntegration.ser.valueClass.jsonInclude.JsonIncludeCustomTest
2025-12-09T22:49:06.3402328Z [INFO] Tests run: 1, Failures: 0, Errors: 0, Skipped: 0, Time elapsed: 0.011 s -- in com.fasterxml.jackson.module.kotlin.kogeraIntegration.ser.valueClass.jsonInclude.JsonIncludeCustomTest
2025-12-09T22:49:06.3404625Z [INFO] Running com.fasterxml.jackson.module.kotlin.kogeraIntegration.ser.valueClass.jsonInclude.JsonIncludeNonNullTest
2025-12-09T22:49:06.3459060Z [INFO] Tests run: 2, Failures: 0, Errors: 0, Skipped: 0, Time elapsed: 0.011 s -- in com.fasterxml.jackson.module.kotlin.kogeraIntegration.ser.valueClass.jsonInclude.JsonIncludeNonNullTest
2025-12-09T22:49:06.3465777Z [INFO] Running com.fasterxml.jackson.module.kotlin.kogeraIntegration.ser.valueClass.serializer.SpecifiedForObjectMapperTest
2025-12-09T22:49:06.3564000Z [INFO] Running com.fasterxml.jackson.module.kotlin.kogeraIntegration.ser.valueClass.serializer.SpecifiedForObjectMapperTest$DirectSerialize
2025-12-09T22:49:06.3607171Z [INFO] Running com.fasterxml.jackson.module.kotlin.kogeraIntegration.ser.valueClass.serializer.SpecifiedForObjectMapperTest$DirectSerialize$NullableObject_
2025-12-09T22:49:06.3652538Z [INFO] Tests run: 7, Failures: 0, Errors: 0, Skipped: 0, Time elapsed: 0.002 s -- in com.fasterxml.jackson.module.kotlin.kogeraIntegration.ser.valueClass.serializer.SpecifiedForObjectMapperTest$DirectSerialize$NullableObject_
2025-12-09T22:49:06.3682683Z [INFO] Running com.fasterxml.jackson.module.kotlin.kogeraIntegration.ser.valueClass.serializer.SpecifiedForObjectMapperTest$DirectSerialize$NullablePrimitive_
2025-12-09T22:49:06.3703220Z [INFO] Tests run: 2, Failures: 0, Errors: 0, Skipped: 0, Time elapsed: 0.002 s -- in com.fasterxml.jackson.module.kotlin.kogeraIntegration.ser.valueClass.serializer.SpecifiedForObjectMapperTest$DirectSerialize$NullablePrimitive_
2025-12-09T22:49:06.3749307Z [INFO] Tests run: 0, Failures: 0, Errors: 0, Skipped: 0, Time elapsed: 0.008 s -- in com.fasterxml.jackson.module.kotlin.kogeraIntegration.ser.valueClass.serializer.SpecifiedForObjectMapperTest$DirectSerialize
2025-12-09T22:49:06.3752204Z [INFO] Tests run: 0, Failures: 0, Errors: 0, Skipped: 0, Time elapsed: 0.018 s -- in com.fasterxml.jackson.module.kotlin.kogeraIntegration.ser.valueClass.serializer.SpecifiedForObjectMapperTest
2025-12-09T22:49:06.3754661Z [INFO] Running com.fasterxml.jackson.module.kotlin.kogeraIntegration.ser.valueClass.serializer.byAnnotation.twoUnitPrimitive.ByAnnotationTest
2025-12-09T22:49:06.3778506Z [INFO] Tests run: 3, Failures: 0, Errors: 0, Skipped: 0, Time elapsed: 0.007 s -- in com.fasterxml.jackson.module.kotlin.kogeraIntegration.ser.valueClass.serializer.byAnnotation.twoUnitPrimitive.ByAnnotationTest
2025-12-09T22:49:06.3787848Z [INFO] Running com.fasterxml.jackson.module.kotlin.kogeraIntegration.ser.valueClass.serializer.byAnnotation.nullablePrimitive.NullValueTest
2025-12-09T22:49:06.3813481Z [INFO] Tests run: 3, Failures: 0, Errors: 0, Skipped: 0, Time elapsed: 0.006 s -- in com.fasterxml.jackson.module.kotlin.kogeraIntegration.ser.valueClass.serializer.byAnnotation.nullablePrimitive.NullValueTest
2025-12-09T22:49:06.3819163Z [INFO] Running com.fasterxml.jackson.module.kotlin.kogeraIntegration.ser.valueClass.serializer.byAnnotation.nullablePrimitive.NonNullValueTest
2025-12-09T22:49:06.3863651Z [INFO] Tests run: 3, Failures: 0, Errors: 0, Skipped: 0, Time elapsed: 0.005 s -- in com.fasterxml.jackson.module.kotlin.kogeraIntegration.ser.valueClass.serializer.byAnnotation.nullablePrimitive.NonNullValueTest
2025-12-09T22:49:06.3866577Z [INFO] Running com.fasterxml.jackson.module.kotlin.kogeraIntegration.ser.valueClass.serializer.byAnnotation.primitive.ByAnnotationTest
2025-12-09T22:49:06.3970738Z [INFO] Tests run: 5, Failures: 0, Errors: 0, Skipped: 0, Time elapsed: 0.008 s -- in com.fasterxml.jackson.module.kotlin.kogeraIntegration.ser.valueClass.serializer.byAnnotation.primitive.ByAnnotationTest
2025-12-09T22:49:06.3973022Z [INFO] Running com.fasterxml.jackson.module.kotlin.kogeraIntegration.ser.valueClass.serializer.byAnnotation.nullableObject.NullValueTest
2025-12-09T22:49:06.4019816Z [INFO] Tests run: 3, Failures: 0, Errors: 0, Skipped: 0, Time elapsed: 0.006 s -- in com.fasterxml.jackson.module.kotlin.kogeraIntegration.ser.valueClass.serializer.byAnnotation.nullableObject.NullValueTest
2025-12-09T22:49:06.4022311Z [INFO] Running com.fasterxml.jackson.module.kotlin.kogeraIntegration.ser.valueClass.serializer.byAnnotation.nullableObject.NonNullValueTest
2025-12-09T22:49:06.4082422Z [INFO] Tests run: 3, Failures: 0, Errors: 0, Skipped: 0, Time elapsed: 0.006 s -- in com.fasterxml.jackson.module.kotlin.kogeraIntegration.ser.valueClass.serializer.byAnnotation.nullableObject.NonNullValueTest
2025-12-09T22:49:06.4089347Z [INFO] Running com.fasterxml.jackson.module.kotlin.kogeraIntegration.ser.valueClass.serializer.byAnnotation.nonNullObject.ByAnnotationTest
2025-12-09T22:49:06.4148650Z [INFO] Tests run: 3, Failures: 0, Errors: 0, Skipped: 0, Time elapsed: 0.006 s -- in com.fasterxml.jackson.module.kotlin.kogeraIntegration.ser.valueClass.serializer.byAnnotation.nonNullObject.ByAnnotationTest
2025-12-09T22:49:06.4151166Z [INFO] Running com.fasterxml.jackson.module.kotlin.ArgumentBucketTest
2025-12-09T22:49:06.4152059Z [INFO] Running com.fasterxml.jackson.module.kotlin.ArgumentBucketTest$Normal
2025-12-09T22:49:06.4251472Z [INFO] Tests run: 2, Failures: 0, Errors: 0, Skipped: 0, Time elapsed: 0.004 s -- in com.fasterxml.jackson.module.kotlin.ArgumentBucketTest$Normal
2025-12-09T22:49:06.4291784Z [INFO] Tests run: 0, Failures: 0, Errors: 0, Skipped: 0, Time elapsed: 0.006 s -- in com.fasterxml.jackson.module.kotlin.ArgumentBucketTest
2025-12-09T22:49:06.4292903Z [INFO] Running com.fasterxml.jackson.module.kotlin.KotlinInvalidNullExceptionTest
2025-12-09T22:49:06.4361510Z [INFO] Tests run: 2, Failures: 0, Errors: 0, Skipped: 0, Time elapsed: 0.012 s -- in com.fasterxml.jackson.module.kotlin.KotlinInvalidNullExceptionTest
2025-12-09T22:49:06.4363048Z [INFO] Running com.fasterxml.jackson.module.kotlin.KotlinInstantiatorsTest
2025-12-09T22:49:06.4430469Z [INFO] Tests run: 3, Failures: 0, Errors: 0, Skipped: 0, Time elapsed: 0.004 s -- in com.fasterxml.jackson.module.kotlin.KotlinInstantiatorsTest
2025-12-09T22:49:06.4431785Z [INFO] Running com.fasterxml.jackson.module.kotlin.ReadValuesTest
2025-12-09T22:49:06.4432815Z [INFO] Running com.fasterxml.jackson.module.kotlin.ReadValuesTest$CheckTypeMismatchTest
2025-12-09T22:49:06.4562537Z [INFO] Tests run: 3, Failures: 0, Errors: 0, Skipped: 0, Time elapsed: 0.014 s -- in com.fasterxml.jackson.module.kotlin.ReadValuesTest$CheckTypeMismatchTest
2025-12-09T22:49:06.4631623Z [INFO] Tests run: 0, Failures: 0, Errors: 0, Skipped: 0, Time elapsed: 0.015 s -- in com.fasterxml.jackson.module.kotlin.ReadValuesTest
2025-12-09T22:49:06.4632755Z [INFO] Running com.fasterxml.jackson.module.kotlin.test.TestM11Changes
2025-12-09T22:49:06.5181514Z [INFO] Tests run: 10, Failures: 0, Errors: 0, Skipped: 0, Time elapsed: 0.058 s -- in com.fasterxml.jackson.module.kotlin.test.TestM11Changes
2025-12-09T22:49:06.5182908Z [INFO] Running com.fasterxml.jackson.module.kotlin.test.FailNullForPrimitiveTest
2025-12-09T22:49:06.5242725Z [INFO] Tests run: 2, Failures: 0, Errors: 0, Skipped: 0, Time elapsed: 0.010 s -- in com.fasterxml.jackson.module.kotlin.test.FailNullForPrimitiveTest
2025-12-09T22:49:06.5243994Z [INFO] Running com.fasterxml.jackson.module.kotlin.test.VarargDeserTest
2025-12-09T22:49:06.5245253Z [INFO] Running com.fasterxml.jackson.module.kotlin.test.VarargDeserTest$HasDefaultVarargTest
2025-12-09T22:49:06.5317354Z [INFO] Tests run: 3, Failures: 0, Errors: 0, Skipped: 0, Time elapsed: 0.007 s -- in com.fasterxml.jackson.module.kotlin.test.VarargDeserTest$HasDefaultVarargTest
2025-12-09T22:49:06.5318933Z [INFO] Running com.fasterxml.jackson.module.kotlin.test.VarargDeserTest$HeadVarargTest
2025-12-09T22:49:06.5377125Z [INFO] Tests run: 3, Failures: 0, Errors: 0, Skipped: 0, Time elapsed: 0.005 s -- in com.fasterxml.jackson.module.kotlin.test.VarargDeserTest$HeadVarargTest
2025-12-09T22:49:06.5380071Z [INFO] Running com.fasterxml.jackson.module.kotlin.test.VarargDeserTest$OnlyVarargTest
2025-12-09T22:49:06.5492478Z [INFO] Tests run: 3, Failures: 0, Errors: 0, Skipped: 0, Time elapsed: 0.009 s -- in com.fasterxml.jackson.module.kotlin.test.VarargDeserTest$OnlyVarargTest
2025-12-09T22:49:06.5495644Z [INFO] Running com.fasterxml.jackson.module.kotlin.test.VarargDeserTest$TailVarargTest
2025-12-09T22:49:06.5546643Z [INFO] Tests run: 3, Failures: 0, Errors: 0, Skipped: 0, Time elapsed: 0.006 s -- in com.fasterxml.jackson.module.kotlin.test.VarargDeserTest$TailVarargTest
2025-12-09T22:49:06.5580154Z [INFO] Tests run: 0, Failures: 0, Errors: 0, Skipped: 0, Time elapsed: 0.029 s -- in com.fasterxml.jackson.module.kotlin.test.VarargDeserTest
2025-12-09T22:49:06.5584315Z [INFO] Running com.fasterxml.jackson.module.kotlin.test.parameterSize.DeserializeByConstructorWithDefaultArgumentsTest
2025-12-09T22:49:06.7188867Z [INFO] Tests run: 5, Failures: 0, Errors: 0, Skipped: 0, Time elapsed: 0.162 s -- in com.fasterxml.jackson.module.kotlin.test.parameterSize.DeserializeByConstructorWithDefaultArgumentsTest
2025-12-09T22:49:06.7193348Z [INFO] Running com.fasterxml.jackson.module.kotlin.test.parameterSize.DeserializeByConstructorWithoutDefaultArgumentsTest
2025-12-09T22:49:06.8647063Z [INFO] Tests run: 5, Failures: 0, Errors: 0, Skipped: 0, Time elapsed: 0.147 s -- in com.fasterxml.jackson.module.kotlin.test.parameterSize.DeserializeByConstructorWithoutDefaultArgumentsTest
2025-12-09T22:49:06.8671041Z [INFO] Running com.fasterxml.jackson.module.kotlin.test.parameterSize.DeserializeByFactoryWithDefaultArgumentsTest
2025-12-09T22:49:07.0143330Z [INFO] Tests run: 5, Failures: 0, Errors: 0, Skipped: 0, Time elapsed: 0.147 s -- in com.fasterxml.jackson.module.kotlin.test.parameterSize.DeserializeByFactoryWithDefaultArgumentsTest
2025-12-09T22:49:07.0149282Z [INFO] Running com.fasterxml.jackson.module.kotlin.test.parameterSize.DeserializeByFactoryWithoutDefaultArgumentsTest
2025-12-09T22:49:07.2145093Z [INFO] Tests run: 5, Failures: 0, Errors: 0, Skipped: 0, Time elapsed: 0.203 s -- in com.fasterxml.jackson.module.kotlin.test.parameterSize.DeserializeByFactoryWithoutDefaultArgumentsTest
2025-12-09T22:49:07.2153873Z [INFO] Running com.fasterxml.jackson.module.kotlin.test.TestJacksonWithKotlin
2025-12-09T22:49:07.4101762Z [INFO] Tests run: 14, Failures: 0, Errors: 0, Skipped: 0, Time elapsed: 0.191 s -- in com.fasterxml.jackson.module.kotlin.test.TestJacksonWithKotlin
2025-12-09T22:49:07.4105531Z [INFO] Running com.fasterxml.jackson.module.kotlin.test.TestNullToEmptyMap
2025-12-09T22:49:07.4148145Z [INFO] Tests run: 2, Failures: 0, Errors: 0, Skipped: 0, Time elapsed: 0.007 s -- in com.fasterxml.jackson.module.kotlin.test.TestNullToEmptyMap
2025-12-09T22:49:07.4172181Z [INFO] Running com.fasterxml.jackson.module.kotlin.test.TestHelpersTest
2025-12-09T22:49:07.4176297Z [INFO] Tests run: 3, Failures: 0, Errors: 0, Skipped: 0, Time elapsed: 0.003 s -- in com.fasterxml.jackson.module.kotlin.test.TestHelpersTest
2025-12-09T22:49:07.4191453Z [INFO] Running com.fasterxml.jackson.module.kotlin.test.TestPropertyRequiredness
2025-12-09T22:49:07.4514057Z [INFO] Tests run: 4, Failures: 0, Errors: 0, Skipped: 0, Time elapsed: 0.030 s -- in com.fasterxml.jackson.module.kotlin.test.TestPropertyRequiredness
2025-12-09T22:49:07.4515427Z [INFO] Running com.fasterxml.jackson.module.kotlin.test.TestExtensionMethods
2025-12-09T22:49:07.4829440Z [INFO] Tests run: 5, Failures: 0, Errors: 0, Skipped: 0, Time elapsed: 0.023 s -- in com.fasterxml.jackson.module.kotlin.test.TestExtensionMethods
2025-12-09T22:49:07.4835755Z [INFO] Running com.fasterxml.jackson.module.kotlin.test.UnsignedNumbersTests
2025-12-09T22:49:07.4967748Z [INFO] Tests run: 12, Failures: 0, Errors: 0, Skipped: 0, Time elapsed: 0.023 s -- in com.fasterxml.jackson.module.kotlin.test.UnsignedNumbersTests
2025-12-09T22:49:07.4973755Z [INFO] Running com.fasterxml.jackson.module.kotlin.test.github.TestGithub50
2025-12-09T22:49:07.5025771Z [INFO] Tests run: 1, Failures: 0, Errors: 0, Skipped: 0, Time elapsed: 0.007 s -- in com.fasterxml.jackson.module.kotlin.test.github.TestGithub50
2025-12-09T22:49:07.5051648Z [INFO] Running com.fasterxml.jackson.module.kotlin.test.github.TestGithub194
2025-12-09T22:49:07.5156490Z [INFO] Tests run: 2, Failures: 0, Errors: 0, Skipped: 0, Time elapsed: 0.009 s -- in com.fasterxml.jackson.module.kotlin.test.github.TestGithub194
2025-12-09T22:49:07.5196107Z [INFO] Running com.fasterxml.jackson.module.kotlin.test.github.Github710
2025-12-09T22:49:07.5197574Z [INFO] Tests run: 1, Failures: 0, Errors: 0, Skipped: 0, Time elapsed: 0.004 s -- in com.fasterxml.jackson.module.kotlin.test.github.Github710
2025-12-09T22:49:07.5198969Z [INFO] Running com.fasterxml.jackson.module.kotlin.test.github.GitHub618
2025-12-09T22:49:07.5250523Z [INFO] Tests run: 1, Failures: 0, Errors: 0, Skipped: 0, Time elapsed: 0.005 s -- in com.fasterxml.jackson.module.kotlin.test.github.GitHub618
2025-12-09T22:49:07.5280324Z [INFO] Running com.fasterxml.jackson.module.kotlin.test.github.TestGithub239
2025-12-09T22:49:07.5531479Z [INFO] Tests run: 2, Failures: 0, Errors: 0, Skipped: 0, Time elapsed: 0.022 s -- in com.fasterxml.jackson.module.kotlin.test.github.TestGithub239
2025-12-09T22:49:07.5533250Z [INFO] Running com.fasterxml.jackson.module.kotlin.test.github.TestGithubDatabind1328
2025-12-09T22:49:07.5637763Z [INFO] Tests run: 1, Failures: 0, Errors: 0, Skipped: 0, Time elapsed: 0.015 s -- in com.fasterxml.jackson.module.kotlin.test.github.TestGithubDatabind1328
2025-12-09T22:49:07.5643559Z [INFO] Running com.fasterxml.jackson.module.kotlin.test.github.failing.GithubDatabind1329
2025-12-09T22:49:07.5737389Z [INFO] Tests run: 1, Failures: 0, Errors: 0, Skipped: 0, Time elapsed: 0.009 s -- in com.fasterxml.jackson.module.kotlin.test.github.failing.GithubDatabind1329
2025-12-09T22:49:07.5770921Z [INFO] Running com.fasterxml.jackson.module.kotlin.test.github.failing.GitHub451
2025-12-09T22:49:07.5772788Z [INFO] Tests run: 1, Failures: 0, Errors: 0, Skipped: 0, Time elapsed: 0.004 s -- in com.fasterxml.jackson.module.kotlin.test.github.failing.GitHub451
2025-12-09T22:49:07.5777633Z [INFO] Running com.fasterxml.jackson.module.kotlin.test.github.failing.TestGithub71
2025-12-09T22:49:07.5852131Z [INFO] Tests run: 1, Failures: 0, Errors: 0, Skipped: 0, Time elapsed: 0.003 s -- in com.fasterxml.jackson.module.kotlin.test.github.failing.TestGithub71
2025-12-09T22:49:07.5856755Z [INFO] Running com.fasterxml.jackson.module.kotlin.test.github.failing.TestGithub138
2025-12-09T22:49:07.6471096Z [INFO] Tests run: 1, Failures: 0, Errors: 0, Skipped: 0, Time elapsed: 0.065 s -- in com.fasterxml.jackson.module.kotlin.test.github.failing.TestGithub138
2025-12-09T22:49:07.6472883Z [INFO] Running com.fasterxml.jackson.module.kotlin.test.github.failing.TestGithub160
2025-12-09T22:49:07.6502094Z [INFO] Tests run: 1, Failures: 0, Errors: 0, Skipped: 0, Time elapsed: 0.003 s -- in com.fasterxml.jackson.module.kotlin.test.github.failing.TestGithub160
2025-12-09T22:49:07.6503630Z [INFO] Running com.fasterxml.jackson.module.kotlin.test.github.failing.TestGithub611
2025-12-09T22:49:07.6561736Z [INFO] Tests run: 1, Failures: 0, Errors: 0, Skipped: 0, Time elapsed: 0.004 s -- in com.fasterxml.jackson.module.kotlin.test.github.failing.TestGithub611
2025-12-09T22:49:07.6563466Z [INFO] Running com.fasterxml.jackson.module.kotlin.test.github.failing.TestGithub474
2025-12-09T22:49:07.6587366Z [INFO] Tests run: 1, Failures: 0, Errors: 0, Skipped: 0, Time elapsed: 0.004 s -- in com.fasterxml.jackson.module.kotlin.test.github.failing.TestGithub474
2025-12-09T22:49:07.6589573Z [INFO] Running com.fasterxml.jackson.module.kotlin.test.github.failing.Github242
2025-12-09T22:49:07.6618591Z [INFO] Tests run: 1, Failures: 0, Errors: 0, Skipped: 0, Time elapsed: 0.003 s -- in com.fasterxml.jackson.module.kotlin.test.github.failing.Github242
2025-12-09T22:49:07.6661493Z [INFO] Running com.fasterxml.jackson.module.kotlin.test.github.failing.TestGithub271
2025-12-09T22:49:07.6663073Z [INFO] Tests run: 1, Failures: 0, Errors: 0, Skipped: 0, Time elapsed: 0.003 s -- in com.fasterxml.jackson.module.kotlin.test.github.failing.TestGithub271
2025-12-09T22:49:07.6664961Z [INFO] Running com.fasterxml.jackson.module.kotlin.test.github.failing.TestGithub54
2025-12-09T22:49:07.6775664Z [INFO] Tests run: 1, Failures: 0, Errors: 0, Skipped: 0, Time elapsed: 0.012 s -- in com.fasterxml.jackson.module.kotlin.test.github.failing.TestGithub54
2025-12-09T22:49:07.6778275Z [INFO] Running com.fasterxml.jackson.module.kotlin.test.github.failing.TestGitHub337
2025-12-09T22:49:07.7081664Z [INFO] Tests run: 3, Failures: 0, Errors: 0, Skipped: 0, Time elapsed: 0.029 s -- in com.fasterxml.jackson.module.kotlin.test.github.failing.TestGitHub337
2025-12-09T22:49:07.7083361Z [INFO] Running com.fasterxml.jackson.module.kotlin.test.github.failing.TestGithub518
2025-12-09T22:49:07.7123637Z [INFO] Tests run: 3, Failures: 0, Errors: 0, Skipped: 0, Time elapsed: 0.005 s -- in com.fasterxml.jackson.module.kotlin.test.github.failing.TestGithub518
2025-12-09T22:49:07.7129647Z [INFO] Running com.fasterxml.jackson.module.kotlin.test.github.failing.GitHub478Test
2025-12-09T22:49:07.7191516Z [INFO] Tests run: 3, Failures: 0, Errors: 0, Skipped: 0, Time elapsed: 0.005 s -- in com.fasterxml.jackson.module.kotlin.test.github.failing.GitHub478Test
2025-12-09T22:49:07.7197370Z [INFO] Running com.fasterxml.jackson.module.kotlin.test.github.TestGithub15
2025-12-09T22:49:07.7434274Z [INFO] Tests run: 3, Failures: 0, Errors: 0, Skipped: 0, Time elapsed: 0.025 s -- in com.fasterxml.jackson.module.kotlin.test.github.TestGithub15
2025-12-09T22:49:07.7440154Z [INFO] Running com.fasterxml.jackson.module.kotlin.test.github.TestGithub47
2025-12-09T22:49:07.7503295Z [INFO] Tests run: 1, Failures: 0, Errors: 0, Skipped: 0, Time elapsed: 0.005 s -- in com.fasterxml.jackson.module.kotlin.test.github.TestGithub47
2025-12-09T22:49:07.7515633Z [INFO] Running com.fasterxml.jackson.module.kotlin.test.github.OwnerRequestTest
2025-12-09T22:49:07.7591495Z [INFO] Tests run: 3, Failures: 0, Errors: 0, Skipped: 0, Time elapsed: 0.009 s -- in com.fasterxml.jackson.module.kotlin.test.github.OwnerRequestTest
2025-12-09T22:49:07.7601564Z [INFO] Running com.fasterxml.jackson.module.kotlin.test.github.TestGithub179
2025-12-09T22:49:07.7749792Z [INFO] Tests run: 3, Failures: 0, Errors: 0, Skipped: 0, Time elapsed: 0.015 s -- in com.fasterxml.jackson.module.kotlin.test.github.TestGithub179
2025-12-09T22:49:07.7755305Z [INFO] Running com.fasterxml.jackson.module.kotlin.test.github.TestGithub22
2025-12-09T22:49:07.7820229Z [INFO] Tests run: 2, Failures: 0, Errors: 0, Skipped: 0, Time elapsed: 0.006 s -- in com.fasterxml.jackson.module.kotlin.test.github.TestGithub22
2025-12-09T22:49:07.7826583Z [INFO] Running com.fasterxml.jackson.module.kotlin.test.github.TestGithub161
2025-12-09T22:49:07.7851716Z [INFO] Tests run: 1, Failures: 0, Errors: 0, Skipped: 0, Time elapsed: 0.002 s -- in com.fasterxml.jackson.module.kotlin.test.github.TestGithub161
2025-12-09T22:49:07.7853293Z [INFO] Running com.fasterxml.jackson.module.kotlin.test.github.TestGithub158
2025-12-09T22:49:07.7923841Z [INFO] Tests run: 1, Failures: 0, Errors: 0, Skipped: 0, Time elapsed: 0.006 s -- in com.fasterxml.jackson.module.kotlin.test.github.TestGithub158
2025-12-09T22:49:07.7940696Z [INFO] Running com.fasterxml.jackson.module.kotlin.test.github.TestGithub131
2025-12-09T22:49:07.7945651Z [INFO] Tests run: 1, Failures: 0, Errors: 0, Skipped: 0, Time elapsed: 0.002 s -- in com.fasterxml.jackson.module.kotlin.test.github.TestGithub131
2025-12-09T22:49:07.7961035Z [INFO] Running com.fasterxml.jackson.module.kotlin.test.github.TestGithub145
2025-12-09T22:49:07.8191646Z [INFO] Tests run: 6, Failures: 0, Errors: 0, Skipped: 0, Time elapsed: 0.022 s -- in com.fasterxml.jackson.module.kotlin.test.github.TestGithub145
2025-12-09T22:49:07.8193217Z [INFO] Running com.fasterxml.jackson.module.kotlin.test.github.TestGithub91
2025-12-09T22:49:07.8237227Z [INFO] Tests run: 1, Failures: 0, Errors: 0, Skipped: 0, Time elapsed: 0.008 s -- in com.fasterxml.jackson.module.kotlin.test.github.TestGithub91
2025-12-09T22:49:07.8238803Z [INFO] Running com.fasterxml.jackson.module.kotlin.test.github.TestGithub120
2025-12-09T22:49:07.8311464Z [INFO] Tests run: 1, Failures: 0, Errors: 0, Skipped: 0, Time elapsed: 0.004 s -- in com.fasterxml.jackson.module.kotlin.test.github.TestGithub120
2025-12-09T22:49:07.8312976Z [INFO] Running com.fasterxml.jackson.module.kotlin.test.github.GitHub832
2025-12-09T22:49:07.8391604Z [INFO] Tests run: 1, Failures: 0, Errors: 0, Skipped: 0, Time elapsed: 0.011 s -- in com.fasterxml.jackson.module.kotlin.test.github.GitHub832
2025-12-09T22:49:07.8396745Z [INFO] Running com.fasterxml.jackson.module.kotlin.test.github.TestGithub270
2025-12-09T22:49:07.8435648Z [INFO] Tests run: 1, Failures: 0, Errors: 0, Skipped: 0, Time elapsed: 0.004 s -- in com.fasterxml.jackson.module.kotlin.test.github.TestGithub270
2025-12-09T22:49:07.8441143Z [INFO] Running com.fasterxml.jackson.module.kotlin.test.github.TestGithub155
2025-12-09T22:49:07.8513992Z [INFO] Tests run: 1, Failures: 0, Errors: 0, Skipped: 0, Time elapsed: 0.003 s -- in com.fasterxml.jackson.module.kotlin.test.github.TestGithub155
2025-12-09T22:49:07.8530939Z [INFO] Running com.fasterxml.jackson.module.kotlin.test.github.TestGithub180
2025-12-09T22:49:07.8570787Z [INFO] Tests run: 1, Failures: 0, Errors: 0, Skipped: 0, Time elapsed: 0.003 s -- in com.fasterxml.jackson.module.kotlin.test.github.TestGithub180
2025-12-09T22:49:07.8575202Z [INFO] Running com.fasterxml.jackson.module.kotlin.test.github.GitHub1050Test
2025-12-09T22:49:07.8576937Z [INFO] Tests run: 1, Failures: 0, Errors: 0, Skipped: 0, Time elapsed: 0.002 s -- in com.fasterxml.jackson.module.kotlin.test.github.GitHub1050Test
2025-12-09T22:49:07.8578517Z [INFO] Running com.fasterxml.jackson.module.kotlin.test.github.TestCasesFromSlack1
2025-12-09T22:49:07.8692031Z [INFO] Tests run: 1, Failures: 0, Errors: 0, Skipped: 0, Time elapsed: 0.010 s -- in com.fasterxml.jackson.module.kotlin.test.github.TestCasesFromSlack1
2025-12-09T22:49:07.8721597Z [INFO] Running com.fasterxml.jackson.module.kotlin.test.github.GitHub922
2025-12-09T22:49:07.8798229Z [INFO] Tests run: 6, Failures: 0, Errors: 0, Skipped: 0, Time elapsed: 0.013 s -- in com.fasterxml.jackson.module.kotlin.test.github.GitHub922
2025-12-09T22:49:07.8800221Z [INFO] Running com.fasterxml.jackson.module.kotlin.test.github.TestGithub207
2025-12-09T22:49:07.8899002Z [INFO] Tests run: 4, Failures: 0, Errors: 0, Skipped: 0, Time elapsed: 0.010 s -- in com.fasterxml.jackson.module.kotlin.test.github.TestGithub207
2025-12-09T22:49:07.8903812Z [INFO] Running com.fasterxml.jackson.module.kotlin.test.github.Github738
2025-12-09T22:49:07.8955243Z [INFO] Tests run: 1, Failures: 0, Errors: 0, Skipped: 0, Time elapsed: 0.003 s -- in com.fasterxml.jackson.module.kotlin.test.github.Github738
2025-12-09T22:49:07.8960134Z [INFO] Running com.fasterxml.jackson.module.kotlin.test.github.TestGithub26
2025-12-09T22:49:07.8986640Z [INFO] Tests run: 1, Failures: 0, Errors: 0, Skipped: 0, Time elapsed: 0.004 s -- in com.fasterxml.jackson.module.kotlin.test.github.TestGithub26
2025-12-09T22:49:07.8991525Z [INFO] Running com.fasterxml.jackson.module.kotlin.test.github.GitHub524
2025-12-09T22:49:07.9178690Z [INFO] Tests run: 2, Failures: 0, Errors: 0, Skipped: 0, Time elapsed: 0.017 s -- in com.fasterxml.jackson.module.kotlin.test.github.GitHub524
2025-12-09T22:49:07.9182271Z [INFO] Running com.fasterxml.jackson.module.kotlin.test.github.TestGithub114
2025-12-09T22:49:07.9252492Z Foo(bar=default, baz=bazValue)
2025-12-09T22:49:07.9255028Z FooWithStaticCreator(bar=someDefaultValue, baz=bazValue)
2025-12-09T22:49:07.9353557Z [INFO] Tests run: 3, Failures: 0, Errors: 0, Skipped: 0, Time elapsed: 0.014 s -- in com.fasterxml.jackson.module.kotlin.test.github.TestGithub114
2025-12-09T22:49:07.9356389Z [INFO] Running com.fasterxml.jackson.module.kotlin.test.github.Github526
2025-12-09T22:49:07.9376843Z [INFO] Tests run: 1, Failures: 0, Errors: 0, Skipped: 0, Time elapsed: 0.002 s -- in com.fasterxml.jackson.module.kotlin.test.github.Github526
2025-12-09T22:49:07.9380463Z [INFO] Running com.fasterxml.jackson.module.kotlin.test.github.TestCasesFromSlack2
2025-12-09T22:49:07.9479234Z [INFO] Tests run: 1, Failures: 0, Errors: 0, Skipped: 0, Time elapsed: 0.012 s -- in com.fasterxml.jackson.module.kotlin.test.github.TestCasesFromSlack2
2025-12-09T22:49:07.9500936Z [INFO] Running com.fasterxml.jackson.module.kotlin.test.github.GitHub841
2025-12-09T22:49:07.9521576Z [INFO] Tests run: 1, Failures: 0, Errors: 0, Skipped: 0, Time elapsed: 0.002 s -- in com.fasterxml.jackson.module.kotlin.test.github.GitHub841
2025-12-09T22:49:07.9525696Z [INFO] Running com.fasterxml.jackson.module.kotlin.test.github.TestGithub27
2025-12-09T22:49:07.9631357Z [INFO] Tests run: 4, Failures: 0, Errors: 0, Skipped: 0, Time elapsed: 0.013 s -- in com.fasterxml.jackson.module.kotlin.test.github.TestGithub27
2025-12-09T22:49:07.9633035Z [INFO] Running com.fasterxml.jackson.module.kotlin.test.github.TestGithub148
2025-12-09T22:49:07.9634419Z [INFO] Running com.fasterxml.jackson.module.kotlin.test.github.TestGithub148$DemoApplicationTests
2025-12-09T22:49:07.9838286Z [INFO] Tests run: 2, Failures: 0, Errors: 0, Skipped: 0, Time elapsed: 0.022 s -- in com.fasterxml.jackson.module.kotlin.test.github.TestGithub148$DemoApplicationTests
2025-12-09T22:49:07.9882262Z [INFO] Tests run: 0, Failures: 0, Errors: 0, Skipped: 0, Time elapsed: 0.022 s -- in com.fasterxml.jackson.module.kotlin.test.github.TestGithub148
2025-12-09T22:49:07.9887128Z [INFO] Running com.fasterxml.jackson.module.kotlin.test.github.TestGithub168
2025-12-09T22:49:07.9959254Z [INFO] Tests run: 3, Failures: 0, Errors: 0, Skipped: 0, Time elapsed: 0.011 s -- in com.fasterxml.jackson.module.kotlin.test.github.TestGithub168
2025-12-09T22:49:07.9962301Z [INFO] Running com.fasterxml.jackson.module.kotlin.test.github.Github536
2025-12-09T22:49:08.0019261Z [INFO] Tests run: 1, Failures: 0, Errors: 0, Skipped: 0, Time elapsed: 0.002 s -- in com.fasterxml.jackson.module.kotlin.test.github.Github536
2025-12-09T22:49:08.0020999Z [INFO] Running com.fasterxml.jackson.module.kotlin.test.github.GitHub757
2025-12-09T22:49:08.0022607Z [INFO] Tests run: 1, Failures: 0, Errors: 0, Skipped: 0, Time elapsed: 0.002 s -- in com.fasterxml.jackson.module.kotlin.test.github.GitHub757
2025-12-09T22:49:08.0024040Z [INFO] Running com.fasterxml.jackson.module.kotlin.test.github.GitHub976
2025-12-09T22:49:08.0116330Z [INFO] Tests run: 1, Failures: 0, Errors: 0, Skipped: 0, Time elapsed: 0.009 s -- in com.fasterxml.jackson.module.kotlin.test.github.GitHub976
2025-12-09T22:49:08.0119263Z [INFO] Running com.fasterxml.jackson.module.kotlin.test.github.TestGithub46
2025-12-09T22:49:08.0375808Z [INFO] Tests run: 2, Failures: 0, Errors: 0, Skipped: 0, Time elapsed: 0.026 s -- in com.fasterxml.jackson.module.kotlin.test.github.TestGithub46
2025-12-09T22:49:08.0389625Z [INFO] Running com.fasterxml.jackson.module.kotlin.test.github.TestGithub104
2025-12-09T22:49:08.0410912Z [INFO] Tests run: 1, Failures: 0, Errors: 0, Skipped: 0, Time elapsed: 0.004 s -- in com.fasterxml.jackson.module.kotlin.test.github.TestGithub104
2025-12-09T22:49:08.0412531Z [INFO] Running com.fasterxml.jackson.module.kotlin.test.github.Github396
2025-12-09T22:49:08.0483943Z [INFO] Tests run: 1, Failures: 0, Errors: 0, Skipped: 0, Time elapsed: 0.006 s -- in com.fasterxml.jackson.module.kotlin.test.github.Github396
2025-12-09T22:49:08.0485612Z [INFO] Running com.fasterxml.jackson.module.kotlin.test.github.TestGithub80
2025-12-09T22:49:08.0545804Z [INFO] Tests run: 2, Failures: 0, Errors: 0, Skipped: 0, Time elapsed: 0.005 s -- in com.fasterxml.jackson.module.kotlin.test.github.TestGithub80
2025-12-09T22:49:08.0550291Z [INFO] Running com.fasterxml.jackson.module.kotlin.test.github.GitHub314
2025-12-09T22:49:08.0588583Z [INFO] Tests run: 1, Failures: 0, Errors: 0, Skipped: 0, Time elapsed: 0.004 s -- in com.fasterxml.jackson.module.kotlin.test.github.GitHub314
2025-12-09T22:49:08.0603938Z [INFO] Running com.fasterxml.jackson.module.kotlin.test.github.TestGithub32
2025-12-09T22:49:08.0719122Z [INFO] Tests run: 6, Failures: 0, Errors: 0, Skipped: 0, Time elapsed: 0.011 s -- in com.fasterxml.jackson.module.kotlin.test.github.TestGithub32
2025-12-09T22:49:08.0724075Z [INFO] Running com.fasterxml.jackson.module.kotlin.test.github.GitHub873
2025-12-09T22:49:08.0810417Z [INFO] Tests run: 2, Failures: 0, Errors: 0, Skipped: 0, Time elapsed: 0.009 s -- in com.fasterxml.jackson.module.kotlin.test.github.GitHub873
2025-12-09T22:49:08.0817344Z [INFO] Running com.fasterxml.jackson.module.kotlin.test.github.TestGithub29
2025-12-09T22:49:08.0923750Z [INFO] Tests run: 1, Failures: 0, Errors: 0, Skipped: 0, Time elapsed: 0.002 s -- in com.fasterxml.jackson.module.kotlin.test.github.TestGithub29
2025-12-09T22:49:08.0925240Z [INFO] Running com.fasterxml.jackson.module.kotlin.test.github.TestGithub153
2025-12-09T22:49:08.1063856Z [INFO] Tests run: 2, Failures: 0, Errors: 0, Skipped: 0, Time elapsed: 0.022 s -- in com.fasterxml.jackson.module.kotlin.test.github.TestGithub153
2025-12-09T22:49:08.1069750Z [INFO] Running com.fasterxml.jackson.module.kotlin.test.github.Github722
2025-12-09T22:49:08.1129081Z [INFO] Tests run: 3, Failures: 0, Errors: 0, Skipped: 0, Time elapsed: 0.007 s -- in com.fasterxml.jackson.module.kotlin.test.github.Github722
2025-12-09T22:49:08.1130736Z [INFO] Running com.fasterxml.jackson.module.kotlin.test.github.TestGithub308
2025-12-09T22:49:08.1171696Z [INFO] Tests run: 1, Failures: 0, Errors: 0, Skipped: 0, Time elapsed: 0.004 s -- in com.fasterxml.jackson.module.kotlin.test.github.TestGithub308
2025-12-09T22:49:08.1190853Z [INFO] Running com.fasterxml.jackson.module.kotlin.test.github.TestGithub149
2025-12-09T22:49:08.1342208Z [INFO] Tests run: 2, Failures: 0, Errors: 0, Skipped: 0, Time elapsed: 0.013 s -- in com.fasterxml.jackson.module.kotlin.test.github.TestGithub149
2025-12-09T22:49:08.1346006Z [INFO] Running com.fasterxml.jackson.module.kotlin.test.github.TestGithub356
2025-12-09T22:49:08.1432791Z [INFO] Tests run: 4, Failures: 0, Errors: 0, Skipped: 0, Time elapsed: 0.010 s -- in com.fasterxml.jackson.module.kotlin.test.github.TestGithub356
2025-12-09T22:49:08.1436994Z [INFO] Running com.fasterxml.jackson.module.kotlin.test.github.Github335Test
2025-12-09T22:49:08.1576125Z [INFO] Tests run: 1, Failures: 0, Errors: 0, Skipped: 0, Time elapsed: 0.004 s -- in com.fasterxml.jackson.module.kotlin.test.github.Github335Test
2025-12-09T22:49:08.1600802Z [INFO] Running com.fasterxml.jackson.module.kotlin.test.github.Github630
2025-12-09T22:49:08.1602342Z [INFO] Tests run: 1, Failures: 0, Errors: 0, Skipped: 0, Time elapsed: 0.005 s -- in com.fasterxml.jackson.module.kotlin.test.github.Github630
2025-12-09T22:49:08.1603781Z [INFO] Running com.fasterxml.jackson.module.kotlin.test.github.TestGithub167
2025-12-09T22:49:08.1615447Z [INFO] Tests run: 4, Failures: 0, Errors: 0, Skipped: 0, Time elapsed: 0.007 s -- in com.fasterxml.jackson.module.kotlin.test.github.TestGithub167
2025-12-09T22:49:08.1620998Z [INFO] Running com.fasterxml.jackson.module.kotlin.test.github.TestGithub101_JacksonInjectTest
2025-12-09T22:49:08.1841839Z [INFO] Tests run: 1, Failures: 0, Errors: 0, Skipped: 0, Time elapsed: 0.020 s -- in com.fasterxml.jackson.module.kotlin.test.github.TestGithub101_JacksonInjectTest
2025-12-09T22:49:08.1843585Z [INFO] Running com.fasterxml.jackson.module.kotlin.test.github.GitHub338
2025-12-09T22:49:08.1899045Z [INFO] Tests run: 1, Failures: 0, Errors: 0, Skipped: 0, Time elapsed: 0.010 s -- in com.fasterxml.jackson.module.kotlin.test.github.GitHub338
2025-12-09T22:49:08.1901018Z [INFO] Running com.fasterxml.jackson.module.kotlin.test.github.TestGithub57
2025-12-09T22:49:08.2021705Z [INFO] Tests run: 1, Failures: 0, Errors: 0, Skipped: 0, Time elapsed: 0.009 s -- in com.fasterxml.jackson.module.kotlin.test.github.TestGithub57
2025-12-09T22:49:08.2023198Z [INFO] Running com.fasterxml.jackson.module.kotlin.test.github.Github464
2025-12-09T22:49:08.2024424Z [INFO] Running com.fasterxml.jackson.module.kotlin.test.github.Github464$SerializerPriorityTest
2025-12-09T22:49:08.2025918Z [INFO] Tests run: 2, Failures: 0, Errors: 0, Skipped: 0, Time elapsed: 0.003 s -- in com.fasterxml.jackson.module.kotlin.test.github.Github464$SerializerPriorityTest
2025-12-09T22:49:08.2027379Z [INFO] Running com.fasterxml.jackson.module.kotlin.test.github.Github464$UnboxTest
2025-12-09T22:49:08.2187825Z [INFO] Tests run: 2, Failures: 0, Errors: 0, Skipped: 0, Time elapsed: 0.014 s -- in com.fasterxml.jackson.module.kotlin.test.github.Github464$UnboxTest
2025-12-09T22:49:08.2201033Z [INFO] Tests run: 0, Failures: 0, Errors: 0, Skipped: 0, Time elapsed: 0.018 s -- in com.fasterxml.jackson.module.kotlin.test.github.Github464
2025-12-09T22:49:08.2202460Z [INFO] Running com.fasterxml.jackson.module.kotlin.test.github.GitHub281
2025-12-09T22:49:08.2253291Z [INFO] Tests run: 2, Failures: 0, Errors: 0, Skipped: 0, Time elapsed: 0.009 s -- in com.fasterxml.jackson.module.kotlin.test.github.GitHub281
2025-12-09T22:49:08.2258769Z [INFO] Running com.fasterxml.jackson.module.kotlin.test.github.TestGithub269
2025-12-09T22:49:08.2696024Z [INFO] Tests run: 4, Failures: 0, Errors: 0, Skipped: 0, Time elapsed: 0.037 s -- in com.fasterxml.jackson.module.kotlin.test.github.TestGithub269
2025-12-09T22:49:08.2697334Z [INFO] Running com.fasterxml.jackson.module.kotlin.test.github.GitHub876
2025-12-09T22:49:08.2698361Z [INFO] Running com.fasterxml.jackson.module.kotlin.test.github.GitHub876$WithAnnotationWithDefaultTest
2025-12-09T22:49:08.2699843Z [INFO] Tests run: 2, Failures: 0, Errors: 0, Skipped: 0, Time elapsed: 0.005 s -- in com.fasterxml.jackson.module.kotlin.test.github.GitHub876$WithAnnotationWithDefaultTest
2025-12-09T22:49:08.2701516Z [INFO] Running com.fasterxml.jackson.module.kotlin.test.github.GitHub876$WithAnnotationWithoutDefaultTest
2025-12-09T22:49:08.2759099Z [INFO] Tests run: 2, Failures: 0, Errors: 0, Skipped: 0, Time elapsed: 0.005 s -- in com.fasterxml.jackson.module.kotlin.test.github.GitHub876$WithAnnotationWithoutDefaultTest
2025-12-09T22:49:08.2761243Z [INFO] Running com.fasterxml.jackson.module.kotlin.test.github.GitHub876$WithoutAnnotationWithDefaultTest
2025-12-09T22:49:08.2805470Z [INFO] Tests run: 2, Failures: 0, Errors: 0, Skipped: 0, Time elapsed: 0.006 s -- in com.fasterxml.jackson.module.kotlin.test.github.GitHub876$WithoutAnnotationWithDefaultTest
2025-12-09T22:49:08.2807229Z [INFO] Running com.fasterxml.jackson.module.kotlin.test.github.GitHub876$WithoutAnnotationWithoutDefaultTest
2025-12-09T22:49:08.2866345Z [INFO] Tests run: 2, Failures: 0, Errors: 0, Skipped: 0, Time elapsed: 0.005 s -- in com.fasterxml.jackson.module.kotlin.test.github.GitHub876$WithoutAnnotationWithoutDefaultTest
2025-12-09T22:49:08.2878641Z [INFO] Tests run: 0, Failures: 0, Errors: 0, Skipped: 0, Time elapsed: 0.023 s -- in com.fasterxml.jackson.module.kotlin.test.github.GitHub876
2025-12-09T22:49:08.2880080Z [INFO] Running com.fasterxml.jackson.module.kotlin.test.github.GitHub530
2025-12-09T22:49:08.3163352Z [INFO] Tests run: 10, Failures: 0, Errors: 0, Skipped: 0, Time elapsed: 0.029 s -- in com.fasterxml.jackson.module.kotlin.test.github.GitHub530
2025-12-09T22:49:08.3164515Z [INFO] Running com.fasterxml.jackson.module.kotlin.test.github.GitHub800
2025-12-09T22:49:08.3393154Z [INFO] Tests run: 4, Failures: 0, Errors: 0, Skipped: 0, Time elapsed: 0.014 s -- in com.fasterxml.jackson.module.kotlin.test.github.GitHub800
2025-12-09T22:49:08.3394495Z [INFO] Running com.fasterxml.jackson.module.kotlin.test.github.GitHub917
2025-12-09T22:49:08.3460720Z [INFO] Tests run: 2, Failures: 0, Errors: 0, Skipped: 0, Time elapsed: 0.006 s -- in com.fasterxml.jackson.module.kotlin.test.github.GitHub917
2025-12-09T22:49:08.3462230Z [INFO] Running com.fasterxml.jackson.module.kotlin.test.github.TestGithub56
2025-12-09T22:49:08.3612206Z [INFO] Tests run: 3, Failures: 0, Errors: 0, Skipped: 0, Time elapsed: 0.020 s -- in com.fasterxml.jackson.module.kotlin.test.github.TestGithub56
2025-12-09T22:49:08.3614449Z [INFO] Running com.fasterxml.jackson.module.kotlin.test.github.TestGithub181
2025-12-09T22:49:08.4515108Z [INFO] Tests run: 1, Failures: 0, Errors: 0, Skipped: 0, Time elapsed: 0.087 s -- in com.fasterxml.jackson.module.kotlin.test.github.TestGithub181
2025-12-09T22:49:08.4542121Z [INFO] Running com.fasterxml.jackson.module.kotlin.test.github.TestGithub165
2025-12-09T22:49:08.4556166Z [INFO] Tests run: 2, Failures: 0, Errors: 0, Skipped: 0, Time elapsed: 0.004 s -- in com.fasterxml.jackson.module.kotlin.test.github.TestGithub165
2025-12-09T22:49:08.4558501Z [INFO] Running com.fasterxml.jackson.module.kotlin.test.github.TestGithub25
2025-12-09T22:49:08.4676021Z [INFO] Tests run: 2, Failures: 0, Errors: 0, Skipped: 0, Time elapsed: 0.006 s -- in com.fasterxml.jackson.module.kotlin.test.github.TestGithub25
2025-12-09T22:49:08.4679438Z [INFO] Running com.fasterxml.jackson.module.kotlin.test.github.GitHub625
2025-12-09T22:49:08.4698669Z [INFO] Tests run: 2, Failures: 0, Errors: 0, Skipped: 0, Time elapsed: 0.008 s -- in com.fasterxml.jackson.module.kotlin.test.github.GitHub625
2025-12-09T22:49:08.4702076Z [INFO] Running com.fasterxml.jackson.module.kotlin.test.github.TestGithub42_FailOnNullForPrimitives
2025-12-09T22:49:08.4763612Z [INFO] Tests run: 3, Failures: 0, Errors: 0, Skipped: 0, Time elapsed: 0.006 s -- in com.fasterxml.jackson.module.kotlin.test.github.TestGithub42_FailOnNullForPrimitives
2025-12-09T22:49:08.4770903Z [INFO] Running com.fasterxml.jackson.module.kotlin.test.github.TestGithub88
2025-12-09T22:49:08.4912208Z [INFO] Tests run: 2, Failures: 0, Errors: 0, Skipped: 0, Time elapsed: 0.011 s -- in com.fasterxml.jackson.module.kotlin.test.github.TestGithub88
2025-12-09T22:49:08.4913952Z [INFO] Running com.fasterxml.jackson.module.kotlin.test.github.TestGithub124
2025-12-09T22:49:08.4939430Z Foo(name=foo, query=NonSerializable, rawQuery=bar)
2025-12-09T22:49:08.4940715Z {"name":"foo","query":"bar"}
2025-12-09T22:49:08.4966838Z [INFO] Tests run: 1, Failures: 0, Errors: 0, Skipped: 0, Time elapsed: 0.007 s -- in com.fasterxml.jackson.module.kotlin.test.github.TestGithub124
2025-12-09T22:49:08.4968604Z [INFO] Running com.fasterxml.jackson.module.kotlin.test.github.TestGithub196
2025-12-09T22:49:08.4987124Z [INFO] Tests run: 1, Failures: 0, Errors: 0, Skipped: 0, Time elapsed: 0.001 s -- in com.fasterxml.jackson.module.kotlin.test.github.TestGithub196
2025-12-09T22:49:08.5080113Z [INFO] Running com.fasterxml.jackson.module.kotlin.test.github.TestGithub52
2025-12-09T22:49:08.5081306Z [INFO] Tests run: 5, Failures: 0, Errors: 0, Skipped: 0, Time elapsed: 0.010 s -- in com.fasterxml.jackson.module.kotlin.test.github.TestGithub52
2025-12-09T22:49:08.5082503Z [INFO] Running com.fasterxml.jackson.module.kotlin.test.github.TestGithub210
2025-12-09T22:49:08.5154667Z [INFO] Tests run: 1, Failures: 0, Errors: 0, Skipped: 0, Time elapsed: 0.006 s -- in com.fasterxml.jackson.module.kotlin.test.github.TestGithub210
2025-12-09T22:49:08.5155830Z [INFO] Running com.fasterxml.jackson.module.kotlin.test.github.TestGithub62
2025-12-09T22:49:08.5176616Z [INFO] Tests run: 1, Failures: 0, Errors: 0, Skipped: 0, Time elapsed: 0.002 s -- in com.fasterxml.jackson.module.kotlin.test.github.TestGithub62
2025-12-09T22:49:08.5182504Z [INFO] Running com.fasterxml.jackson.module.kotlin.test.github.TestGithubDatabind1005
2025-12-09T22:49:08.5211601Z [INFO] Tests run: 1, Failures: 0, Errors: 0, Skipped: 0, Time elapsed: 0.001 s -- in com.fasterxml.jackson.module.kotlin.test.github.TestGithubDatabind1005
2025-12-09T22:49:08.5217479Z [INFO] Running com.fasterxml.jackson.module.kotlin.test.github.TestGithub490
2025-12-09T22:49:08.5258620Z [INFO] Tests run: 6, Failures: 0, Errors: 0, Skipped: 0, Time elapsed: 0.006 s -- in com.fasterxml.jackson.module.kotlin.test.github.TestGithub490
2025-12-09T22:49:08.5263478Z [INFO] Running com.fasterxml.jackson.module.kotlin.test.github.GitHub844
2025-12-09T22:49:08.5284903Z [INFO] Tests run: 1, Failures: 0, Errors: 0, Skipped: 0, Time elapsed: 0.002 s -- in com.fasterxml.jackson.module.kotlin.test.github.GitHub844
2025-12-09T22:49:08.5289658Z [INFO] Running com.fasterxml.jackson.module.kotlin.test.TestNullToDefault
2025-12-09T22:49:08.5472818Z [INFO] Tests run: 8, Failures: 0, Errors: 0, Skipped: 0, Time elapsed: 0.017 s -- in com.fasterxml.jackson.module.kotlin.test.TestNullToDefault
2025-12-09T22:49:08.5474053Z [INFO] Running com.fasterxml.jackson.module.kotlin.test.TestIteratorSubclass
2025-12-09T22:49:08.5597409Z [INFO] Tests run: 3, Failures: 0, Errors: 0, Skipped: 0, Time elapsed: 0.013 s -- in com.fasterxml.jackson.module.kotlin.test.TestIteratorSubclass
2025-12-09T22:49:08.5598766Z [INFO] Running com.fasterxml.jackson.module.kotlin.test.TestJacksonWithKotlinBuiltins
2025-12-09T22:49:08.5960135Z [INFO] Tests run: 6, Failures: 0, Errors: 0, Skipped: 0, Time elapsed: 0.036 s -- in com.fasterxml.jackson.module.kotlin.test.TestJacksonWithKotlinBuiltins
2025-12-09T22:49:08.5961486Z [INFO] Running com.fasterxml.jackson.module.kotlin.test.UnsignedNumbersOnKeyTest
2025-12-09T22:49:08.5964949Z [INFO] Running com.fasterxml.jackson.module.kotlin.test.UnsignedNumbersOnKeyTest$ForUByte
2025-12-09T22:49:08.6010816Z [INFO] Tests run: 3, Failures: 0, Errors: 0, Skipped: 0, Time elapsed: 0.005 s -- in com.fasterxml.jackson.module.kotlin.test.UnsignedNumbersOnKeyTest$ForUByte
2025-12-09T22:49:08.6012605Z [INFO] Running com.fasterxml.jackson.module.kotlin.test.UnsignedNumbersOnKeyTest$ForUInt
2025-12-09T22:49:08.6058513Z [INFO] Tests run: 3, Failures: 0, Errors: 0, Skipped: 0, Time elapsed: 0.004 s -- in com.fasterxml.jackson.module.kotlin.test.UnsignedNumbersOnKeyTest$ForUInt
2025-12-09T22:49:08.6063508Z [INFO] Running com.fasterxml.jackson.module.kotlin.test.UnsignedNumbersOnKeyTest$ForULong
2025-12-09T22:49:08.6099050Z [INFO] Tests run: 3, Failures: 0, Errors: 0, Skipped: 0, Time elapsed: 0.004 s -- in com.fasterxml.jackson.module.kotlin.test.UnsignedNumbersOnKeyTest$ForULong
2025-12-09T22:49:08.6103739Z [INFO] Running com.fasterxml.jackson.module.kotlin.test.UnsignedNumbersOnKeyTest$ForUShort
2025-12-09T22:49:08.6143857Z [INFO] Tests run: 3, Failures: 0, Errors: 0, Skipped: 0, Time elapsed: 0.003 s -- in com.fasterxml.jackson.module.kotlin.test.UnsignedNumbersOnKeyTest$ForUShort
2025-12-09T22:49:08.6162402Z [INFO] Tests run: 0, Failures: 0, Errors: 0, Skipped: 0, Time elapsed: 0.018 s -- in com.fasterxml.jackson.module.kotlin.test.UnsignedNumbersOnKeyTest
2025-12-09T22:49:08.6170382Z [INFO] Running com.fasterxml.jackson.module.kotlin.test.TestNullToEmptyCollection
2025-12-09T22:49:08.6218030Z [INFO] Tests run: 2, Failures: 0, Errors: 0, Skipped: 0, Time elapsed: 0.004 s -- in com.fasterxml.jackson.module.kotlin.test.TestNullToEmptyCollection
2025-12-09T22:49:08.6220930Z [INFO] Running com.fasterxml.jackson.module.kotlin.test.TestObjectSingleton
2025-12-09T22:49:08.6244553Z [INFO] Tests run: 3, Failures: 0, Errors: 0, Skipped: 0, Time elapsed: 0.005 s -- in com.fasterxml.jackson.module.kotlin.test.TestObjectSingleton
2025-12-09T22:49:08.6246750Z [INFO] Running com.fasterxml.jackson.module.kotlin.test.StrictNullChecksTest
2025-12-09T22:49:08.6481504Z [WARNING] Tests run: 15, Failures: 0, Errors: 0, Skipped: 3, Time elapsed: 0.023 s -- in com.fasterxml.jackson.module.kotlin.test.StrictNullChecksTest
2025-12-09T22:49:08.6483353Z [INFO] Running com.fasterxml.jackson.module.kotlin.test.DurationTests
2025-12-09T22:49:08.7171439Z [INFO] Tests run: 12, Failures: 0, Errors: 0, Skipped: 0, Time elapsed: 0.068 s -- in com.fasterxml.jackson.module.kotlin.test.DurationTests
2025-12-09T22:49:08.7172949Z [INFO] Running com.fasterxml.jackson.module.kotlin.test.KClassSerializerDeserializerTest
2025-12-09T22:49:08.7228754Z [INFO] Tests run: 2, Failures: 0, Errors: 0, Skipped: 0, Time elapsed: 0.006 s -- in com.fasterxml.jackson.module.kotlin.test.KClassSerializerDeserializerTest
2025-12-09T22:49:08.7239103Z [INFO] Running com.fasterxml.jackson.module.kotlin.test.TestSequenceDeserializer
2025-12-09T22:49:08.7344563Z [INFO] Tests run: 6, Failures: 0, Errors: 0, Skipped: 0, Time elapsed: 0.012 s -- in com.fasterxml.jackson.module.kotlin.test.TestSequenceDeserializer
2025-12-09T22:49:08.7346117Z [INFO] Running com.fasterxml.jackson.module.kotlin.test.SealedClassTest
2025-12-09T22:49:08.7438475Z [INFO] Tests run: 4, Failures: 0, Errors: 0, Skipped: 0, Time elapsed: 0.009 s -- in com.fasterxml.jackson.module.kotlin.test.SealedClassTest
2025-12-09T22:49:08.7440037Z [INFO] Running com.fasterxml.jackson.module.kotlin.ReadValueTest
2025-12-09T22:49:08.7441094Z [INFO] Running com.fasterxml.jackson.module.kotlin.ReadValueTest$CheckTypeMismatchTest
2025-12-09T22:49:08.7564132Z [INFO] Tests run: 9, Failures: 0, Errors: 0, Skipped: 0, Time elapsed: 0.010 s -- in com.fasterxml.jackson.module.kotlin.ReadValueTest$CheckTypeMismatchTest
2025-12-09T22:49:08.7572389Z [INFO] Tests run: 0, Failures: 0, Errors: 0, Skipped: 0, Time elapsed: 0.011 s -- in com.fasterxml.jackson.module.kotlin.ReadValueTest
2025-12-09T22:49:08.7573458Z [INFO] Running com.fasterxml.jackson.module.kotlin.ReflectionCacheTest
2025-12-09T22:49:08.7652468Z [INFO] Tests run: 2, Failures: 0, Errors: 0, Skipped: 0, Time elapsed: 0.009 s -- in com.fasterxml.jackson.module.kotlin.ReflectionCacheTest
2025-12-09T22:49:08.7653588Z [INFO] Running com.fasterxml.jackson.module.kotlin.KotlinModuleTest
2025-12-09T22:49:08.7774196Z [INFO] Tests run: 10, Failures: 0, Errors: 0, Skipped: 0, Time elapsed: 0.012 s -- in com.fasterxml.jackson.module.kotlin.KotlinModuleTest
2025-12-09T22:49:08.8173785Z [INFO] 
2025-12-09T22:49:08.8174193Z [INFO] Results:
2025-12-09T22:49:08.8174493Z [INFO] 
2025-12-09T22:49:08.8176742Z [WARNING] Tests run: 662, Failures: 0, Errors: 0, Skipped: 3
2025-12-09T22:49:08.8177290Z [INFO] 
2025-12-09T22:49:08.8196127Z [INFO] 
2025-12-09T22:49:08.8196609Z [INFO] --- bundle:5.1.9:bundle (default-bundle) @ jackson-module-kotlin ---
2025-12-09T22:49:08.8430487Z [WARNING] Include-Resource: overriding META-INF/LICENSE=src/main/resources/META-INF/LICENSE,META-INF/NOTICE=src/main/resources/META-INF/NOTICE,META-INF/services/com.fasterxml.jackson.databind.Module=src/main/resources/META-INF/services/com.fasterxml.jackson.databind.Module,META-INF/LICENSE=LICENSE with src/main/resources/, META-INF=target/classes/META-INF (add {maven-resources} if you want to include the maven resources)
2025-12-09T22:49:09.0985280Z [WARNING] Bundle com.fasterxml.jackson.module:jackson-module-kotlin:bundle:2.21.0-SNAPSHOT : Unused Import-Package instructions: [kotlin.reflect.*] 
2025-12-09T22:49:09.0988883Z [INFO] Building bundle: /home/runner/work/jackson-module-kotlin/jackson-module-kotlin/target/jackson-module-kotlin-2.21.0-SNAPSHOT.jar
2025-12-09T22:49:09.1456466Z [INFO] Writing manifest: /home/runner/work/jackson-module-kotlin/jackson-module-kotlin/target/classes/META-INF/MANIFEST.MF
2025-12-09T22:49:09.1464646Z [INFO] 
2025-12-09T22:49:09.1465269Z [INFO] --- moditect:1.3.0.Final:add-module-info (add-module-infos) @ jackson-module-kotlin ---
2025-12-09T22:49:09.4620240Z [INFO] 
2025-12-09T22:49:09.4621157Z [INFO] --- gradle-module-metadata:1.2:gmm (default) @ jackson-module-kotlin ---
2025-12-09T22:49:09.4909586Z [INFO] 
2025-12-09T22:49:09.4917800Z [INFO] --- cyclonedx:2.9.1:makeBom (default) @ jackson-module-kotlin ---
2025-12-09T22:49:09.5730824Z [INFO] CycloneDX: Resolving Dependencies
2025-12-09T22:49:10.6543703Z [INFO] CycloneDX: Creating BOM version 1.6 with 8 component(s)
2025-12-09T22:49:10.7747722Z [INFO] CycloneDX: Writing and validating BOM (XML): /home/runner/work/jackson-module-kotlin/jackson-module-kotlin/target/bom.xml
2025-12-09T22:49:11.3701144Z [INFO]            attaching as jackson-module-kotlin-2.21.0-SNAPSHOT-sbom-cyclonedx.xml
2025-12-09T22:49:11.3975141Z [INFO] CycloneDX: Writing and validating BOM (JSON): /home/runner/work/jackson-module-kotlin/jackson-module-kotlin/target/bom.json
2025-12-09T22:49:11.4902528Z [WARNING] Unknown keyword meta:enum - you should define your own Meta Schema. If the keyword is irrelevant for validation, just use a NonValidationKeyword or if it should generate annotations AnnotationKeyword
2025-12-09T22:49:11.4906942Z [WARNING] Unknown keyword deprecated - you should define your own Meta Schema. If the keyword is irrelevant for validation, just use a NonValidationKeyword or if it should generate annotations AnnotationKeyword
2025-12-09T22:49:11.5522371Z [INFO]            attaching as jackson-module-kotlin-2.21.0-SNAPSHOT-sbom-cyclonedx.json
2025-12-09T22:49:11.5524923Z [INFO] 
2025-12-09T22:49:11.5526678Z [INFO] --- site:4.0.0-M16:attach-descriptor (attach-descriptor) @ jackson-module-kotlin ---
2025-12-09T22:49:11.9606427Z [INFO] Skipping because packaging 'bundle' is not pom.
2025-12-09T22:49:11.9606907Z [INFO] 
2025-12-09T22:49:11.9607306Z [INFO] --- japicmp:0.23.1:cmp (default) @ jackson-module-kotlin ---
2025-12-09T22:49:12.6909097Z [INFO] Written file '/home/runner/work/jackson-module-kotlin/jackson-module-kotlin/target/japicmp/japicmp.diff'.
2025-12-09T22:49:12.8719168Z [INFO] Written file '/home/runner/work/jackson-module-kotlin/jackson-module-kotlin/target/japicmp/japicmp.md'.
2025-12-09T22:49:13.2743659Z [INFO] Written file '/home/runner/work/jackson-module-kotlin/jackson-module-kotlin/target/japicmp/japicmp.xml'.
2025-12-09T22:49:13.4978393Z [INFO] Written file '/home/runner/work/jackson-module-kotlin/jackson-module-kotlin/target/japicmp/japicmp.html'.
2025-12-09T22:49:13.5001903Z [INFO] ------------------------------------------------------------------------
2025-12-09T22:49:13.5002469Z [INFO] BUILD SUCCESS
2025-12-09T22:49:13.5002914Z [INFO] ------------------------------------------------------------------------
2025-12-09T22:49:13.5004090Z [INFO] Total time:  01:15 min
2025-12-09T22:49:13.5005441Z [INFO] Finished at: 2025-12-09T22:49:13Z
2025-12-09T22:49:13.5008384Z [INFO] ------------------------------------------------------------------------
2025-12-09T22:49:13.8550027Z Post job cleanup.
2025-12-09T22:49:13.9796653Z (node:2304) [DEP0040] DeprecationWarning: The `punycode` module is deprecated. Please use a userland alternative instead.
2025-12-09T22:49:13.9797450Z (Use `node --trace-deprecation ...` to show where the warning was created)
2025-12-09T22:49:13.9802542Z Cache hit occurred on the primary key setup-java-Linux-x64-maven-adcdd1de1964f220310ed8cac42e97d8ef3be266f9468c4ba62f98269a1039e4, not saving cache.
2025-12-09T22:49:13.9948166Z Post job cleanup.
2025-12-09T22:49:14.0755229Z [command]/usr/bin/git version
2025-12-09T22:49:14.0794036Z git version 2.52.0
2025-12-09T22:49:14.0833614Z Temporarily overriding HOME='/home/runner/work/_temp/44ebf345-5deb-4263-9bda-d21cbfc37f6d' before making global git config changes
2025-12-09T22:49:14.0835062Z Adding repository directory to the temporary git global config as a safe directory
2025-12-09T22:49:14.0839764Z [command]/usr/bin/git config --global --add safe.directory /home/runner/work/jackson-module-kotlin/jackson-module-kotlin
2025-12-09T22:49:14.0876121Z [command]/usr/bin/git config --local --name-only --get-regexp core\.sshCommand
2025-12-09T22:49:14.0910391Z [command]/usr/bin/git submodule foreach --recursive sh -c "git config --local --name-only --get-regexp 'core\.sshCommand' && git config --local --unset-all 'core.sshCommand' || :"
2025-12-09T22:49:14.1186485Z [command]/usr/bin/git config --local --name-only --get-regexp http\.https\:\/\/github\.com\/\.extraheader
2025-12-09T22:49:14.1210313Z http.https://github.com/.extraheader
2025-12-09T22:49:14.1220756Z [command]/usr/bin/git config --local --unset-all http.https://github.com/.extraheader
2025-12-09T22:49:14.1252279Z [command]/usr/bin/git submodule foreach --recursive sh -c "git config --local --name-only --get-regexp 'http\.https\:\/\/github\.com\/\.extraheader' && git config --local --unset-all 'http.https://github.com/.extraheader' || :"
2025-12-09T22:49:14.1629664Z Cleaning up orphan processes
2025-12-09T22:49:14.1936781Z Terminate orphan process: pid (2189) (java)
