2025-10-21T11:19:39.6418321Z Current runner version: '2.329.0'
2025-10-21T11:19:39.6443320Z ##[group]Runner Image Provisioner
2025-10-21T11:19:39.6444154Z Hosted Compute Agent
2025-10-21T11:19:39.6444659Z Version: 20250912.392
2025-10-21T11:19:39.6445295Z Commit: d921fda672a98b64f4f82364647e2f10b2267d0b
2025-10-21T11:19:39.6446132Z Build Date: 2025-09-12T15:23:14Z
2025-10-21T11:19:39.6446725Z ##[endgroup]
2025-10-21T11:19:39.6447324Z ##[group]Operating System
2025-10-21T11:19:39.6447862Z Ubuntu
2025-10-21T11:19:39.6448331Z 24.04.3
2025-10-21T11:19:39.6448740Z LTS
2025-10-21T11:19:39.6449256Z ##[endgroup]
2025-10-21T11:19:39.6449710Z ##[group]Runner Image
2025-10-21T11:19:39.6450258Z Image: ubuntu-24.04
2025-10-21T11:19:39.6450782Z Version: 20250929.60.1
2025-10-21T11:19:39.6451769Z Included Software: https://github.com/actions/runner-images/blob/ubuntu24/20250929.60/images/ubuntu/Ubuntu2404-Readme.md
2025-10-21T11:19:39.6453282Z Image Release: https://github.com/actions/runner-images/releases/tag/ubuntu24%2F20250929.60
2025-10-21T11:19:39.6454241Z ##[endgroup]
2025-10-21T11:19:39.6456989Z ##[group]GITHUB_TOKEN Permissions
2025-10-21T11:19:39.6458930Z Actions: read
2025-10-21T11:19:39.6459453Z Attestations: read
2025-10-21T11:19:39.6460076Z Checks: read
2025-10-21T11:19:39.6460513Z Contents: read
2025-10-21T11:19:39.6461036Z Deployments: read
2025-10-21T11:19:39.6461525Z Discussions: read
2025-10-21T11:19:39.6462036Z Issues: read
2025-10-21T11:19:39.6462516Z Metadata: read
2025-10-21T11:19:39.6462987Z Models: read
2025-10-21T11:19:39.6463498Z Packages: read
2025-10-21T11:19:39.6463992Z Pages: read
2025-10-21T11:19:39.6464495Z PullRequests: read
2025-10-21T11:19:39.6464996Z RepositoryProjects: read
2025-10-21T11:19:39.6465549Z SecurityEvents: read
2025-10-21T11:19:39.6466667Z Statuses: read
2025-10-21T11:19:39.6467165Z ##[endgroup]
2025-10-21T11:19:39.6469321Z Secret source: None
2025-10-21T11:19:39.6469991Z Prepare workflow directory
2025-10-21T11:19:39.6814813Z Prepare all required actions
2025-10-21T11:19:39.6871811Z Getting action download info
2025-10-21T11:19:40.1146981Z Download action repository 'actions/checkout@v4' (SHA:08eba0b27e820071cde6df949e0beb9ba4906955)
2025-10-21T11:19:40.2972448Z Download action repository 'actions/setup-node@v4' (SHA:49933ea5288caeca8642d1e84afbd3f7d6820020)
2025-10-21T11:19:40.4687679Z Complete job name: Code style and tests
2025-10-21T11:19:40.5369481Z ##[group]Run actions/checkout@v4
2025-10-21T11:19:40.5370313Z with:
2025-10-21T11:19:40.5370719Z   repository: TheAlgorithms/JavaScript
2025-10-21T11:19:40.5371394Z   token: ***
2025-10-21T11:19:40.5371767Z   ssh-strict: true
2025-10-21T11:19:40.5372152Z   ssh-user: git
2025-10-21T11:19:40.5372550Z   persist-credentials: true
2025-10-21T11:19:40.5373107Z   clean: true
2025-10-21T11:19:40.5373508Z   sparse-checkout-cone-mode: true
2025-10-21T11:19:40.5373990Z   fetch-depth: 1
2025-10-21T11:19:40.5374367Z   fetch-tags: false
2025-10-21T11:19:40.5374779Z   show-progress: true
2025-10-21T11:19:40.5375184Z   lfs: false
2025-10-21T11:19:40.5375544Z   submodules: false
2025-10-21T11:19:40.5376180Z   set-safe-directory: true
2025-10-21T11:19:40.5376879Z ##[endgroup]
2025-10-21T11:19:40.6504279Z Syncing repository: TheAlgorithms/JavaScript
2025-10-21T11:19:40.6506324Z ##[group]Getting Git version info
2025-10-21T11:19:40.6507143Z Working directory is '/home/runner/work/JavaScript/JavaScript'
2025-10-21T11:19:40.6508097Z [command]/usr/bin/git version
2025-10-21T11:19:40.6634858Z git version 2.51.0
2025-10-21T11:19:40.6664626Z ##[endgroup]
2025-10-21T11:19:40.6681439Z Temporarily overriding HOME='/home/runner/work/_temp/8a0f92f5-43f3-4f8f-9701-e1014a82e09b' before making global git config changes
2025-10-21T11:19:40.6683789Z Adding repository directory to the temporary git global config as a safe directory
2025-10-21T11:19:40.6688450Z [command]/usr/bin/git config --global --add safe.directory /home/runner/work/JavaScript/JavaScript
2025-10-21T11:19:40.6728171Z Deleting the contents of '/home/runner/work/JavaScript/JavaScript'
2025-10-21T11:19:40.6732427Z ##[group]Initializing the repository
2025-10-21T11:19:40.6737669Z [command]/usr/bin/git init /home/runner/work/JavaScript/JavaScript
2025-10-21T11:19:40.6912571Z hint: Using 'master' as the name for the initial branch. This default branch name
2025-10-21T11:19:40.6914084Z hint: is subject to change. To configure the initial branch name to use in all
2025-10-21T11:19:40.6915641Z hint: of your new repositories, which will suppress this warning, call:
2025-10-21T11:19:40.6917000Z hint:
2025-10-21T11:19:40.6917748Z hint: 	git config --global init.defaultBranch <name>
2025-10-21T11:19:40.6918697Z hint:
2025-10-21T11:19:40.6919373Z hint: Names commonly chosen instead of 'master' are 'main', 'trunk' and
2025-10-21T11:19:40.6920318Z hint: 'development'. The just-created branch can be renamed via this command:
2025-10-21T11:19:40.6921024Z hint:
2025-10-21T11:19:40.6921421Z hint: 	git branch -m <name>
2025-10-21T11:19:40.6921879Z hint:
2025-10-21T11:19:40.6922486Z hint: Disable this message with "git config set advice.defaultBranchName false"
2025-10-21T11:19:40.6923527Z Initialized empty Git repository in /home/runner/work/JavaScript/JavaScript/.git/
2025-10-21T11:19:40.6934670Z [command]/usr/bin/git remote add origin https://github.com/TheAlgorithms/JavaScript
2025-10-21T11:19:40.6981639Z ##[endgroup]
2025-10-21T11:19:40.6982437Z ##[group]Disabling automatic garbage collection
2025-10-21T11:19:40.6987988Z [command]/usr/bin/git config --local gc.auto 0
2025-10-21T11:19:40.7022798Z ##[endgroup]
2025-10-21T11:19:40.7023484Z ##[group]Setting up auth
2025-10-21T11:19:40.7032297Z [command]/usr/bin/git config --local --name-only --get-regexp core\.sshCommand
2025-10-21T11:19:40.7069870Z [command]/usr/bin/git submodule foreach --recursive sh -c "git config --local --name-only --get-regexp 'core\.sshCommand' && git config --local --unset-all 'core.sshCommand' || :"
2025-10-21T11:19:40.7473184Z [command]/usr/bin/git config --local --name-only --get-regexp http\.https\:\/\/github\.com\/\.extraheader
2025-10-21T11:19:40.7510532Z [command]/usr/bin/git submodule foreach --recursive sh -c "git config --local --name-only --get-regexp 'http\.https\:\/\/github\.com\/\.extraheader' && git config --local --unset-all 'http.https://github.com/.extraheader' || :"
2025-10-21T11:19:40.7743809Z [command]/usr/bin/git config --local http.https://github.com/.extraheader AUTHORIZATION: basic ***
2025-10-21T11:19:40.7780281Z ##[endgroup]
2025-10-21T11:19:40.7781004Z ##[group]Fetching the repository
2025-10-21T11:19:40.7789636Z [command]/usr/bin/git -c protocol.version=2 fetch --no-tags --prune --no-recurse-submodules --depth=1 origin +e28bdf0ba323d6c26e30c59747e23a56c84876b7:refs/remotes/pull/1845/merge
2025-10-21T11:19:41.4319275Z From https://github.com/TheAlgorithms/JavaScript
2025-10-21T11:19:41.4354488Z  * [new ref]         e28bdf0ba323d6c26e30c59747e23a56c84876b7 -> pull/1845/merge
2025-10-21T11:19:41.4358247Z ##[endgroup]
2025-10-21T11:19:41.4359743Z ##[group]Determining the checkout info
2025-10-21T11:19:41.4361324Z ##[endgroup]
2025-10-21T11:19:41.4364867Z [command]/usr/bin/git sparse-checkout disable
2025-10-21T11:19:41.4427458Z [command]/usr/bin/git config --local --unset-all extensions.worktreeConfig
2025-10-21T11:19:41.4458394Z ##[group]Checking out the ref
2025-10-21T11:19:41.4462812Z [command]/usr/bin/git checkout --progress --force refs/remotes/pull/1845/merge
2025-10-21T11:19:41.4793167Z Note: switching to 'refs/remotes/pull/1845/merge'.
2025-10-21T11:19:41.4794421Z 
2025-10-21T11:19:41.4795224Z You are in 'detached HEAD' state. You can look around, make experimental
2025-10-21T11:19:41.4797109Z changes and commit them, and you can discard any commits you make in this
2025-10-21T11:19:41.4798389Z state without impacting any branches by switching back to a branch.
2025-10-21T11:19:41.4799073Z 
2025-10-21T11:19:41.4799546Z If you want to create a new branch to retain commits you create, you may
2025-10-21T11:19:41.4801230Z do so (now or later) by using -c with the switch command. Example:
2025-10-21T11:19:41.4801937Z 
2025-10-21T11:19:41.4802261Z   git switch -c <new-branch-name>
2025-10-21T11:19:41.4803018Z 
2025-10-21T11:19:41.4803333Z Or undo this operation with:
2025-10-21T11:19:41.4803808Z 
2025-10-21T11:19:41.4804078Z   git switch -
2025-10-21T11:19:41.4804650Z 
2025-10-21T11:19:41.4805384Z Turn off this advice by setting config variable advice.detachedHead to false
2025-10-21T11:19:41.4806537Z 
2025-10-21T11:19:41.4807467Z HEAD is now at e28bdf0 Merge f0f6f2f402788d59e03f8e0497d4ced2036dd380 into 08d8c6b6749c06a36fab705a8cf16e9a04d46a8e
2025-10-21T11:19:41.4810884Z ##[endgroup]
2025-10-21T11:19:41.4840358Z [command]/usr/bin/git log -1 --format=%H
2025-10-21T11:19:41.4862613Z e28bdf0ba323d6c26e30c59747e23a56c84876b7
2025-10-21T11:19:41.5166869Z ##[group]Run actions/setup-node@v4
2025-10-21T11:19:41.5168012Z with:
2025-10-21T11:19:41.5168836Z   node-version: 22
2025-10-21T11:19:41.5169698Z   cache: npm
2025-10-21T11:19:41.5170539Z   always-auth: false
2025-10-21T11:19:41.5171453Z   check-latest: false
2025-10-21T11:19:41.5172624Z   token: ***
2025-10-21T11:19:41.5173495Z ##[endgroup]
2025-10-21T11:19:41.6965709Z Found in cache @ /opt/hostedtoolcache/node/22.20.0/x64
2025-10-21T11:19:41.6973107Z ##[group]Environment details
2025-10-21T11:19:44.4397092Z node: v22.20.0
2025-10-21T11:19:44.4397878Z npm: 10.9.3
2025-10-21T11:19:44.4398107Z yarn: 1.22.22
2025-10-21T11:19:44.4399031Z ##[endgroup]
2025-10-21T11:19:44.4426617Z [command]/opt/hostedtoolcache/node/22.20.0/x64/bin/npm config get cache
2025-10-21T11:19:44.8264775Z /home/runner/.npm
2025-10-21T11:19:45.0768672Z npm cache is not found
2025-10-21T11:19:45.0918349Z ##[group]Run npm ci
2025-10-21T11:19:45.0918633Z [36;1mnpm ci[0m
2025-10-21T11:19:45.1040774Z shell: /usr/bin/bash -e {0}
2025-10-21T11:19:45.1041034Z ##[endgroup]
2025-10-21T11:19:52.1425204Z 
2025-10-21T11:19:52.1431701Z > javascript@1.0.0 prepare
2025-10-21T11:19:52.1432074Z > husky install
2025-10-21T11:19:52.1432219Z 
2025-10-21T11:19:52.1744587Z husky - Git hooks installed
2025-10-21T11:19:52.1814141Z 
2025-10-21T11:19:52.1814705Z added 145 packages, and audited 146 packages in 7s
2025-10-21T11:19:52.1815202Z 
2025-10-21T11:19:52.1815472Z 34 packages are looking for funding
2025-10-21T11:19:52.1816092Z   run `npm fund` for details
2025-10-21T11:19:52.1975238Z 
2025-10-21T11:19:52.1976193Z 7 vulnerabilities (1 low, 4 moderate, 1 high, 1 critical)
2025-10-21T11:19:52.1976657Z 
2025-10-21T11:19:52.1976824Z To address all issues, run:
2025-10-21T11:19:52.1977127Z   npm audit fix
2025-10-21T11:19:52.1977282Z 
2025-10-21T11:19:52.1977434Z Run `npm audit` for details.
2025-10-21T11:19:52.2522843Z ##[group]Run npm run test
2025-10-21T11:19:52.2523145Z [36;1mnpm run test[0m
2025-10-21T11:19:52.2556951Z shell: /usr/bin/bash -e {0}
2025-10-21T11:19:52.2557196Z ##[endgroup]
2025-10-21T11:19:52.3552133Z 
2025-10-21T11:19:52.3552816Z > javascript@1.0.0 test
2025-10-21T11:19:52.3553327Z > vitest run
2025-10-21T11:19:52.3553545Z 
2025-10-21T11:19:52.7994102Z 
2025-10-21T11:19:52.7996142Z [7m[1m[36m RUN [39m[22m[27m [36mv1.2.1[39m [90m/home/runner/work/JavaScript/JavaScript[39m
2025-10-21T11:19:52.7996812Z 
2025-10-21T11:19:53.2931745Z  [32m✓[39m String/test/CheckAnagram.test.js [2m ([22m[2m38 tests[22m[2m)[22m[90m 13[2mms[22m[39m
2025-10-21T11:19:53.3058229Z  [32m✓[39m Data-Structures/Linked-List/test/SinglyLinkedList.test.js [2m ([22m[2m18 tests[22m[2m)[22m[90m 12[2mms[22m[39m
2025-10-21T11:19:53.6398682Z  [32m✓[39m Project-Euler/test/Problem008.test.js [2m ([22m[2m4 tests[22m[2m)[22m[90m 6[2mms[22m[39m
2025-10-21T11:19:53.6441935Z  [32m✓[39m Project-Euler/test/Problem013.test.js [2m ([22m[2m1 test[22m[2m)[22m[90m 2[2mms[22m[39m
2025-10-21T11:19:53.6712885Z  [32m✓[39m Maths/test/IsSquareFree.test.js [2m ([22m[2m2502 tests[22m[2m)[22m[33m 316[2mms[22m[39m
2025-10-21T11:19:54.0249786Z  [32m✓[39m Maths/test/DecimalExpansion.test.js [2m ([22m[2m29 tests[22m[2m)[22m[90m 17[2mms[22m[39m
2025-10-21T11:19:54.0427119Z  [32m✓[39m Cellular-Automata/test/Elementary.test.js [2m ([22m[2m23 tests[22m[2m)[22m[90m 10[2mms[22m[39m
2025-10-21T11:19:54.0615076Z  [32m✓[39m Maths/test/Area.test.js [2m ([22m[2m21 tests[22m[2m)[22m[90m 9[2mms[22m[39m
2025-10-21T11:19:54.4103767Z  [32m✓[39m Data-Structures/Linked-List/test/SinglyCircularLinkedList.test.js [2m ([22m[2m13 tests[22m[2m)[22m[90m 8[2mms[22m[39m
2025-10-21T11:19:54.4257489Z  [32m✓[39m Data-Structures/Vectors/test/Vector2.test.js [2m ([22m[2m11 tests[22m[2m)[22m[90m 9[2mms[22m[39m
2025-10-21T11:19:54.4339084Z  [32m✓[39m Maths/test/Fibonacci.test.js [2m ([22m[2m10 tests[22m[2m)[22m[90m 9[2mms[22m[39m
2025-10-21T11:19:54.7727157Z  [32m✓[39m Data-Structures/Heap/test/KeyPriorityQueue.test.js [2m ([22m[2m9 tests[22m[2m)[22m[90m 9[2mms[22m[39m
2025-10-21T11:19:54.7973174Z  [32m✓[39m Recursive/test/FloodFill.test.js [2m ([22m[2m10 tests[22m[2m)[22m[90m 11[2mms[22m[39m
2025-10-21T11:19:54.8438484Z  [32m✓[39m Sorts/test/BucketSort.test.js [2m ([22m[2m15 tests[22m[2m)[22m[90m 7[2mms[22m[39m
2025-10-21T11:19:55.1636294Z  [32m✓[39m Sorts/test/CombSort.test.js [2m ([22m[2m15 tests[22m[2m)[22m[90m 9[2mms[22m[39m
2025-10-21T11:19:55.1667732Z  [32m✓[39m Sorts/test/CycleSort.test.js [2m ([22m[2m15 tests[22m[2m)[22m[90m 9[2mms[22m[39m
2025-10-21T11:19:55.2177117Z  [32m✓[39m Conversions/test/TemperatureConversion.test.js [2m ([22m[2m16 tests[22m[2m)[22m[90m 5[2mms[22m[39m
2025-10-21T11:19:55.5659750Z  [32m✓[39m Backtracking/tests/RatInAMaze.test.js [2m ([22m[2m10 tests[22m[2m)[22m[90m 8[2mms[22m[39m
2025-10-21T11:19:55.6420399Z  [32m✓[39m Data-Structures/Linked-List/test/DoublyLinkedList.test.js [2m ([22m[2m11 tests[22m[2m)[22m[90m 8[2mms[22m[39m
2025-10-21T11:19:55.9824887Z  [32m✓[39m Cache/test/Memoize.test.js [2m ([22m[2m6 tests[22m[2m)[22m[90m 7[2mms[22m[39m
2025-10-21T11:19:56.0188200Z  [32m✓[39m Dynamic-Programming/tests/MaxProductOfThree.test.js [2m ([22m[2m5003 tests[22m[2m)[22m[33m 351[2mms[22m[39m
2025-10-21T11:19:56.0205429Z  [32m✓[39m Data-Structures/Heap/test/BinaryHeap.test.js [2m ([22m[2m7 tests[22m[2m)[22m[90m 8[2mms[22m[39m
2025-10-21T11:19:56.3794441Z  [32m✓[39m Conversions/test/TitleCaseConversion.test.js [2m ([22m[2m12 tests[22m[2m)[22m[90m 7[2mms[22m[39m
2025-10-21T11:19:56.3940667Z  [32m✓[39m String/test/ValidateCreditCard.test.js [2m ([22m[2m6 tests[22m[2m)[22m[90m 8[2mms[22m[39m
2025-10-21T11:19:56.4150597Z  [32m✓[39m Data-Structures/Array/test/QuickSelect.test.js [2m ([22m[2m6 tests[22m[2m)[22m[90m 8[2mms[22m[39m
2025-10-21T11:19:56.7615506Z  [32m✓[39m String/test/CheckPangram.test.js [2m ([22m[2m12 tests[22m[2m)[22m[90m 8[2mms[22m[39m
2025-10-21T11:19:56.7704625Z  [32m✓[39m Cache/test/LFUCache.test.js [2m ([22m[2m2 tests[22m[2m)[22m[90m 9[2mms[22m[39m
2025-10-21T11:19:56.7912884Z  [32m✓[39m Maths/test/Coordinate.test.js [2m ([22m[2m6 tests[22m[2m)[22m[90m 6[2mms[22m[39m
2025-10-21T11:19:57.1371108Z  [32m✓[39m Maths/test/ArithmeticGeometricMean.test.js [2m ([22m[2m8 tests[22m[2m)[22m[90m 8[2mms[22m[39m
2025-10-21T11:19:57.1423512Z  [32m✓[39m Project-Euler/test/Problem011.test.js [2m ([22m[2m1 test[22m[2m)[22m[90m 5[2mms[22m[39m
2025-10-21T11:19:57.1972285Z  [32m✓[39m Data-Structures/Tree/test/AVLTree.test.js [2m ([22m[2m9 tests[22m[2m)[22m[90m 9[2mms[22m[39m
2025-10-21T11:19:57.4697911Z  [32m✓[39m Conversions/test/ArbitraryBase.test.js [2m ([22m[2m10 tests[22m[2m)[22m[90m 6[2mms[22m[39m
2025-10-21T11:19:57.4936436Z  [32m✓[39m Maths/test/RowEchelon.test.js [2m ([22m[2m5 tests[22m[2m)[22m[90m 9[2mms[22m[39m
2025-10-21T11:19:57.6268004Z  [32m✓[39m Conversions/test/RgbHsvConversion.test.js [2m ([22m[2m2 tests[22m[2m)[22m[90m 6[2mms[22m[39m
2025-10-21T11:19:57.8361855Z  [32m✓[39m Conversions/test/UpperCaseConverstion.test.js [2m ([22m[2m10 tests[22m[2m)[22m[90m 7[2mms[22m[39m
2025-10-21T11:19:57.8625003Z  [32m✓[39m Maths/test/AverageMean.test.js [2m ([22m[2m14 tests[22m[2m)[22m[90m 9[2mms[22m[39m
2025-10-21T11:19:58.0133648Z  [32m✓[39m String/test/CheckExceeding.test.js [2m ([22m[2m5 tests[22m[2m)[22m[90m 7[2mms[22m[39m
2025-10-21T11:19:58.2318286Z  [32m✓[39m String/test/CountVowels.test.js [2m ([22m[2m11 tests[22m[2m)[22m[90m 7[2mms[22m[39m
2025-10-21T11:19:58.2744640Z  [32m✓[39m Data-Structures/Array/test/NumberOfLocalMaximumPoints.test.js [2m ([22m[2m7 tests[22m[2m)[22m[90m 5[2mms[22m[39m
2025-10-21T11:19:58.3993513Z  [32m✓[39m Cache/test/LRUCache.test.js [2m ([22m[2m3 tests[22m[2m)[22m[90m 7[2mms[22m[39m
2025-10-21T11:19:58.5918224Z  [32m✓[39m Data-Structures/Graph/test/Graph3.test.js [2m ([22m[2m6 tests[22m[2m)[22m[90m 5[2mms[22m[39m
2025-10-21T11:19:58.6366786Z  [32m✓[39m Search/test/Minesweeper.test.js [2m ([22m[2m5 tests[22m[2m)[22m[90m 4[2mms[22m[39m
2025-10-21T11:19:58.7946742Z  [32m✓[39m Dynamic-Programming/tests/LongestCommonSubsequence.test.js [2m ([22m[2m4 tests[22m[2m)[22m[90m 6[2mms[22m[39m
2025-10-21T11:19:58.9731106Z  [32m✓[39m Conversions/test/LengthConversion.test.js [2m ([22m[2m9 tests[22m[2m)[22m[90m 7[2mms[22m[39m
2025-10-21T11:19:58.9978757Z  [32m✓[39m Maths/test/FigurateNumber.test.js [2m ([22m[2m14 tests[22m[2m)[22m[90m 5[2mms[22m[39m
2025-10-21T11:19:59.1783209Z  [32m✓[39m Maths/test/FindMinIterator.test.js [2m ([22m[2m7 tests[22m[2m)[22m[90m 6[2mms[22m[39m
2025-10-21T11:19:59.3757677Z  [32m✓[39m String/test/CountSubstrings.test.js [2m ([22m[2m7 tests[22m[2m)[22m[90m 5[2mms[22m[39m
2025-10-21T11:19:59.3759367Z  [32m✓[39m Data-Structures/Heap/test/MinPriorityQueue.test.js [2m ([22m[2m4 tests[22m[2m)[22m[90m 8[2mms[22m[39m
2025-10-21T11:19:59.5264874Z  [32m✓[39m Data-Structures/Tree/test/BinarySearchTree.test.js [2m ([22m[2m8 tests[22m[2m)[22m[90m 6[2mms[22m[39m
2025-10-21T11:19:59.7341841Z  [32m✓[39m Maths/test/FindMaxRecursion.test.js [2m ([22m[2m5 tests[22m[2m)[22m[90m 5[2mms[22m[39m
2025-10-21T11:19:59.7606518Z  [32m✓[39m Search/test/UnionFind.test.js [2m ([22m[2m6 tests[22m[2m)[22m[90m 4[2mms[22m[39m
2025-10-21T11:19:59.9247570Z  [32m✓[39m Search/test/TernarySearch.test.js [2m ([22m[2m7 tests[22m[2m)[22m[90m 3[2mms[22m[39m
2025-10-21T11:20:00.1071110Z  [32m✓[39m Trees/test/DepthFirstSearch.test.js [2m ([22m[2m4 tests[22m[2m)[22m[90m 6[2mms[22m[39m
2025-10-21T11:20:00.1173184Z  [32m✓[39m String/test/ReverseString.test.js [2m ([22m[2m10 tests[22m[2m)[22m[90m 8[2mms[22m[39m
2025-10-21T11:20:00.3279181Z  [32m✓[39m Backtracking/tests/Sudoku.test.js [2m ([22m[2m3 tests[22m[2m)[22m[90m 10[2mms[22m[39m
2025-10-21T11:20:00.4538795Z  [32m✓[39m Maths/test/Polynomial.test.js [2m ([22m[2m8 tests[22m[2m)[22m[90m 6[2mms[22m[39m
2025-10-21T11:20:00.4630972Z  [32m✓[39m Sorts/test/AlphaNumericalSort.test.js [2m ([22m[2m6 tests[22m[2m)[22m[90m 23[2mms[22m[39m
2025-10-21T11:20:00.7780020Z  [32m✓[39m Graphs/test/LCABinaryLifting.test.js [2m ([22m[2m2 tests[22m[2m)[22m[90m 5[2mms[22m[39m
2025-10-21T11:20:00.8445395Z  [32m✓[39m Graphs/test/BinaryLifting.test.js [2m ([22m[2m2 tests[22m[2m)[22m[90m 4[2mms[22m[39m
2025-10-21T11:20:00.8967929Z  [32m✓[39m Conversions/test/DateDayDiffernce.test.js [2m ([22m[2m16 tests[22m[2m)[22m[90m 9[2mms[22m[39m
2025-10-21T11:20:01.1651282Z  [32m✓[39m Maths/test/FindLcm.test.js [2m ([22m[2m8 tests[22m[2m)[22m[90m 5[2mms[22m[39m
2025-10-21T11:20:01.2812517Z  [32m✓[39m Sorts/test/BubbleSort.test.js [2m ([22m[2m2 tests[22m[2m)[22m[90m 4[2mms[22m[39m
2025-10-21T11:20:01.2918007Z  [32m✓[39m String/test/IsPalindrome.test.js [2m ([22m[2m5 tests[22m[2m)[22m[90m 9[2mms[22m[39m
2025-10-21T11:20:01.6575494Z  [32m✓[39m Maths/test/ModularArithmetic.test.js [2m ([22m[2m8 tests[22m[2m)[22m[90m 6[2mms[22m[39m
2025-10-21T11:20:01.6879133Z  [32m✓[39m Maths/test/Volume.test.js [2m ([22m[2m9 tests[22m[2m)[22m[90m 6[2mms[22m[39m
2025-10-21T11:20:01.7128628Z  [32m✓[39m Dynamic-Programming/tests/CoinChange.test.js [2m ([22m[2m7 tests[22m[2m)[22m[90m 6[2mms[22m[39m
2025-10-21T11:20:02.1279007Z  [32m✓[39m Maths/test/isPalindromeIntegerNumber.test.js [2m ([22m[2m6 tests[22m[2m)[22m[90m 12[2mms[22m[39m
2025-10-21T11:20:02.1408686Z  [32m✓[39m Ciphers/test/AffineCipher.test.js [2m ([22m[2m3 tests[22m[2m)[22m[90m 8[2mms[22m[39m
2025-10-21T11:20:02.1619553Z  [32m✓[39m Advanced-Techniques/tests/MoAlgorithm.test.js [2m ([22m[2m2 tests[22m[2m)[22m[90m 4[2mms[22m[39m
2025-10-21T11:20:02.5992649Z  [32m✓[39m Maths/test/Abs.test.js [2m ([22m[2m7 tests[22m[2m)[22m[90m 5[2mms[22m[39m
2025-10-21T11:20:02.6184151Z  [32m✓[39m Maths/test/BisectionMethod.test.js [2m ([22m[2m5 tests[22m[2m)[22m[90m 5[2mms[22m[39m
2025-10-21T11:20:02.9358375Z  [32m✓[39m Backtracking/tests/GeneratePermutations.test.js [2m ([22m[2m4 tests[22m[2m)[22m[33m 319[2mms[22m[39m
2025-10-21T11:20:03.0153736Z  [32m✓[39m Sorts/test/QuickSortRecursive.test.js [2m ([22m[2m3 tests[22m[2m)[22m[90m 6[2mms[22m[39m
2025-10-21T11:20:03.0157027Z  [32m✓[39m Maths/test/Pow.test.js [2m ([22m[2m9 tests[22m[2m)[22m[90m 6[2mms[22m[39m
2025-10-21T11:20:03.4244918Z  [32m✓[39m Dynamic-Programming/tests/Abbreviation.test.js [2m ([22m[2m2 tests[22m[2m)[22m[90m 4[2mms[22m[39m
2025-10-21T11:20:03.4456903Z  [32m✓[39m String/test/CheckWordOcurrence.test.js [2m ([22m[2m4 tests[22m[2m)[22m[90m 6[2mms[22m[39m
2025-10-21T11:20:03.4633346Z  [32m✓[39m Hashes/tests/MD5.test.js [2m ([22m[2m3 tests[22m[2m)[22m[90m 5[2mms[22m[39m
2025-10-21T11:20:03.8430607Z  [32m✓[39m Maths/test/Determinant.test.js [2m ([22m[2m7 tests[22m[2m)[22m[90m 7[2mms[22m[39m
2025-10-21T11:20:03.8472390Z  [32m✓[39m Conversions/test/HexToBinary.test.js [2m ([22m[2m6 tests[22m[2m)[22m[90m 7[2mms[22m[39m
2025-10-21T11:20:03.9567385Z  [32m✓[39m String/test/PatternMatching.test.js [2m ([22m[2m4 tests[22m[2m)[22m[90m 12[2mms[22m[39m
2025-10-21T11:20:04.2516418Z  [32m✓[39m String/test/LevenshteinDistance.test.js [2m ([22m[2m1 test[22m[2m)[22m[90m 4[2mms[22m[39m
2025-10-21T11:20:04.2719378Z  [32m✓[39m Conversions/test/Base64ToArrayBuffer.test.js [2m ([22m[2m3 tests[22m[2m)[22m[90m 4[2mms[22m[39m
2025-10-21T11:20:04.4835601Z  [32m✓[39m Sorts/test/StoogeSort.test.js [2m ([22m[2m5 tests[22m[2m)[22m[90m 5[2mms[22m[39m
2025-10-21T11:20:04.6974426Z  [32m✓[39m Data-Structures/Queue/test/Queue.test.js [2m ([22m[2m7 tests[22m[2m)[22m[90m 5[2mms[22m[39m
2025-10-21T11:20:04.7307870Z  [32m✓[39m Data-Structures/Linked-List/test/MergeTwoSortedLinkedLists.test.js [2m ([22m[2m3 tests[22m[2m)[22m[90m 6[2mms[22m[39m
2025-10-21T11:20:04.8903112Z  [32m✓[39m String/test/LengthofLongestSubstringWithoutRepetition.test.js [2m ([22m[2m4 tests[22m[2m)[22m[90m 4[2mms[22m[39m
2025-10-21T11:20:05.1378029Z  [32m✓[39m Maths/test/ParityOutlier.test.js [2m ([22m[2m4 tests[22m[2m)[22m[90m 8[2mms[22m[39m
2025-10-21T11:20:05.1966851Z  [32m✓[39m Trees/test/BreadthFirstTreeTraversal.test.js [2m ([22m[2m3 tests[22m[2m)[22m[90m 5[2mms[22m[39m
2025-10-21T11:20:05.3432537Z  [32m✓[39m Maths/test/BinomialCoefficient.test.js [2m ([22m[2m6 tests[22m[2m)[22m[90m 8[2mms[22m[39m
2025-10-21T11:20:05.5638769Z  [32m✓[39m Search/test/BinarySearch.test.js [2m ([22m[2m8 tests[22m[2m)[22m[90m 7[2mms[22m[39m
2025-10-21T11:20:05.6580719Z  [32m✓[39m Timing-Functions/test/ParseDate.test.js [2m ([22m[2m18 tests[22m[2m)[22m[90m 12[2mms[22m[39m
2025-10-21T11:20:05.7815530Z  [32m✓[39m Dynamic-Programming/tests/UniquePaths2.test.js [2m ([22m[2m3 tests[22m[2m)[22m[90m 5[2mms[22m[39m
2025-10-21T11:20:05.9971157Z  [32m✓[39m Data-Structures/Linked-List/test/CycleDetection.test.js [2m ([22m[2m2 tests[22m[2m)[22m[90m 9[2mms[22m[39m
2025-10-21T11:20:06.1922552Z  [32m✓[39m Data-Structures/Array/test/LocalMaximumPoint.test.js [2m ([22m[2m5 tests[22m[2m)[22m[90m 9[2mms[22m[39m
2025-10-21T11:20:06.2017035Z  [32m✓[39m String/test/CountLetters.test.js [2m ([22m[2m6 tests[22m[2m)[22m[90m 10[2mms[22m[39m
2025-10-21T11:20:06.4540130Z  [32m✓[39m Hashes/tests/SHA256.test.js [2m ([22m[2m6 tests[22m[2m)[22m[90m 11[2mms[22m[39m
2025-10-21T11:20:06.6537464Z  [32m✓[39m Sorts/test/FlashSort.test.js [2m ([22m[2m4 tests[22m[2m)[22m[90m 5[2mms[22m[39m
2025-10-21T11:20:06.6850779Z  [32m✓[39m Maths/test/LiouvilleFunction.test.js [2m ([22m[2m102 tests[22m[2m)[22m[90m 15[2mms[22m[39m
2025-10-21T11:20:06.8766609Z  [32m✓[39m Recursive/test/LetterCombination.test.js [2m ([22m[2m3 tests[22m[2m)[22m[90m 8[2mms[22m[39m
2025-10-21T11:20:07.1198538Z  [32m✓[39m Data-Structures/Linked-List/test/CycleDetectionII.test.js [2m ([22m[2m4 tests[22m[2m)[22m[90m 5[2mms[22m[39m
2025-10-21T11:20:07.1266213Z  [32m✓[39m Bit-Manipulation/test/BinaryCountSetBits.test.js [2m ([22m[2m8 tests[22m[2m)[22m[90m 6[2mms[22m[39m
2025-10-21T11:20:07.5259421Z  [32m✓[39m Recursive/test/BinarySearch.test.js [2m ([22m[2m5 tests[22m[2m)[22m[90m 4[2mms[22m[39m
2025-10-21T11:20:07.5675447Z  [32m✓[39m Sorts/test/SelectionSort.test.js [2m ([22m[2m3 tests[22m[2m)[22m[90m 6[2mms[22m[39m
2025-10-21T11:20:07.9897705Z  [32m✓[39m Maths/test/MobiusFunction.test.js [2m ([22m[2m102 tests[22m[2m)[22m[90m 15[2mms[22m[39m
2025-10-21T11:20:08.0024691Z  [32m✓[39m Conversions/test/ArrayBufferToBase64.test.js [2m ([22m[2m3 tests[22m[2m)[22m[90m 3[2mms[22m[39m
2025-10-21T11:20:08.3697927Z  [32m✓[39m Graphs/test/BellmanFord.test.js [2m ([22m[2m3 tests[22m[2m)[22m[90m 3[2mms[22m[39m
2025-10-21T11:20:08.4006158Z  [32m✓[39m Data-Structures/Graph/test/Graph2.test.js [2m ([22m[2m1 test[22m[2m)[22m[90m 4[2mms[22m[39m
2025-10-21T11:20:08.7669271Z  [32m✓[39m Geometry/Test/ConvexHullGraham.test.js [2m ([22m[2m2 tests[22m[2m)[22m[90m 4[2mms[22m[39m
2025-10-21T11:20:08.8036221Z  [32m✓[39m Sorts/test/CountingSort.test.js [2m ([22m[2m4 tests[22m[2m)[22m[90m 5[2mms[22m[39m
2025-10-21T11:20:09.1668199Z  [32m✓[39m String/test/AlphaNumericPalindrome.test.js [2m ([22m[2m3 tests[22m[2m)[22m[90m 4[2mms[22m[39m
2025-10-21T11:20:09.2097898Z  [32m✓[39m Maths/test/Palindrome.test.js [2m ([22m[2m8 tests[22m[2m)[22m[90m 5[2mms[22m[39m
2025-10-21T11:20:09.5648039Z  [32m✓[39m Sorts/test/InsertionSort.test.js [2m ([22m[2m3 tests[22m[2m)[22m[90m 8[2mms[22m[39m
2025-10-21T11:20:09.6135186Z  [32m✓[39m Conversions/test/RgbHslConversion.test.js [2m ([22m[2m10 tests[22m[2m)[22m[90m 7[2mms[22m[39m
2025-10-21T11:20:09.9615016Z  [32m✓[39m Maths/test/ExtendedEuclideanGCD.test.js [2m ([22m[2m3 tests[22m[2m)[22m[90m 5[2mms[22m[39m
2025-10-21T11:20:10.0424912Z  [32m✓[39m String/test/KMPPatternSearching.test.js [2m ([22m[2m4 tests[22m[2m)[22m[90m 7[2mms[22m[39m
2025-10-21T11:20:10.3738063Z  [32m✓[39m Sorts/test/FisherYatesShuffle.test.js [2m ([22m[2m2 tests[22m[2m)[22m[90m 6[2mms[22m[39m
2025-10-21T11:20:10.4107461Z  [32m✓[39m Dynamic-Programming/tests/ZeroOneKnapsack.test.js [2m ([22m[2m3 tests[22m[2m)[22m[90m 3[2mms[22m[39m
2025-10-21T11:20:10.7160015Z  [32m✓[39m Maths/test/IsDivisible.test.js [2m ([22m[2m20 tests[22m[2m)[22m[90m 7[2mms[22m[39m
2025-10-21T11:20:10.7420925Z  [32m✓[39m String/test/PermutateString.test.js [2m ([22m[2m4 tests[22m[2m)[22m[90m 6[2mms[22m[39m
2025-10-21T11:20:10.7504697Z  [32m✓[39m Project-Euler/test/Problem023.test.js [2m ([22m[2m5 tests[22m[2m)[22m[33m 3511[2mms[22m[39m
2025-10-21T11:20:11.1012218Z  [32m✓[39m Bit-Manipulation/test/GenerateSubSets.test.js [2m ([22m[2m1 test[22m[2m)[22m[90m 5[2mms[22m[39m
2025-10-21T11:20:11.1245234Z  [32m✓[39m Hashes/tests/SHA1.test.js [2m ([22m[2m7 tests[22m[2m)[22m[90m 8[2mms[22m[39m
2025-10-21T11:20:11.1448924Z  [32m✓[39m Project-Euler/test/Problem025.test.js [2m ([22m[2m6 tests[22m[2m)[22m[90m 26[2mms[22m[39m
2025-10-21T11:20:11.4896992Z  [32m✓[39m Maths/test/MidpointIntegration.test.js [2m ([22m[2m3 tests[22m[2m)[22m[90m 13[2mms[22m[39m
2025-10-21T11:20:11.4947339Z  [32m✓[39m Maths/test/IntToBase.test.js [2m ([22m[2m5 tests[22m[2m)[22m[90m 10[2mms[22m[39m
2025-10-21T11:20:11.5334674Z  [32m✓[39m Maths/test/SieveOfEratosthenes.test.js [2m ([22m[2m6 tests[22m[2m)[22m[90m 5[2mms[22m[39m
2025-10-21T11:20:11.8248288Z  [32m✓[39m Maths/test/SimpsonIntegration.test.js [2m ([22m[2m3 tests[22m[2m)[22m[90m 4[2mms[22m[39m
2025-10-21T11:20:11.8570709Z  [32m✓[39m Search/test/RabinKarp.test.js [2m ([22m[2m3 tests[22m[2m)[22m[90m 10[2mms[22m[39m
2025-10-21T11:20:11.9254905Z  [32m✓[39m Timing-Functions/test/GetMonthDays.test.js [2m ([22m[2m25 tests[22m[2m)[22m[90m 6[2mms[22m[39m
2025-10-21T11:20:12.1911335Z  [32m✓[39m Sorts/test/PancakeSort.test.js [2m ([22m[2m3 tests[22m[2m)[22m[90m 5[2mms[22m[39m
2025-10-21T11:20:12.2579223Z  [32m✓[39m Maths/test/AutomorphicNumber.test.js [2m ([22m[2m10 tests[22m[2m)[22m[90m 7[2mms[22m[39m
2025-10-21T11:20:12.2792000Z  [32m✓[39m Sliding-Windows/test/LongestSubarrayWithSumAtMost.test.js [2m ([22m[2m3 tests[22m[2m)[22m[90m 4[2mms[22m[39m
2025-10-21T11:20:12.5347701Z  [32m✓[39m Conversions/test/RailwayTimeConversion.test.js [2m ([22m[2m5 tests[22m[2m)[22m[90m 6[2mms[22m[39m
2025-10-21T11:20:12.6354516Z  [32m✓[39m Recursive/test/Factorial.test.js [2m ([22m[2m3 tests[22m[2m)[22m[90m 12[2mms[22m[39m
2025-10-21T11:20:12.6751910Z  [32m✓[39m Ciphers/test/CaesarCipher.test.js [2m ([22m[2m2 tests[22m[2m)[22m[90m 7[2mms[22m[39m
2025-10-21T11:20:12.8785214Z  [32m✓[39m Maths/test/SquareRoot.test.js [2m ([22m[2m7 tests[22m[2m)[22m[90m 4[2mms[22m[39m
2025-10-21T11:20:13.0339451Z  [32m✓[39m Maths/test/EulerMethod.test.js [2m ([22m[2m2 tests[22m[2m)[22m[90m 7[2mms[22m[39m
2025-10-21T11:20:13.0482626Z  [32m✓[39m Sorts/test/SecondLargestElement.test.js [2m ([22m[2m4 tests[22m[2m)[22m[90m 3[2mms[22m[39m
2025-10-21T11:20:13.3802706Z  [32m✓[39m Maths/test/CoPrimeCheck.test.js [2m ([22m[2m14 tests[22m[2m)[22m[90m 6[2mms[22m[39m
2025-10-21T11:20:13.3964096Z  [32m✓[39m String/test/ValidateEmail.test.js [2m ([22m[2m5 tests[22m[2m)[22m[90m 6[2mms[22m[39m
2025-10-21T11:20:13.7128276Z  [32m✓[39m Maths/test/Mandelbrot.test.js [2m ([22m[2m3 tests[22m[2m)[22m[33m 467[2mms[22m[39m
2025-10-21T11:20:13.7224568Z  [32m✓[39m Recursive/test/Partition.test.js [2m ([22m[2m4 tests[22m[2m)[22m[90m 5[2mms[22m[39m
2025-10-21T11:20:13.9348130Z  [32m✓[39m Maths/test/ShorsAlgorithm.test.js [2m ([22m[2m10 tests[22m[2m)[22m[90m 218[2mms[22m[39m
2025-10-21T11:20:14.0434808Z  [32m✓[39m Search/test/FibonacciSearch.test.js [2m ([22m[2m3 tests[22m[2m)[22m[90m 3[2mms[22m[39m
2025-10-21T11:20:14.0616472Z  [32m✓[39m Sorts/test/SimplifiedWiggleSort.test.js [2m ([22m[2m4 tests[22m[2m)[22m[90m 8[2mms[22m[39m
2025-10-21T11:20:14.2738510Z  [32m✓[39m Maths/test/CountNumbersDivisible.test.js [2m ([22m[2m7 tests[22m[2m)[22m[90m 4[2mms[22m[39m
2025-10-21T11:20:14.4498465Z  [32m✓[39m Graphs/test/BreadthFirstShortestPath.test.js [2m ([22m[2m1 test[22m[2m)[22m[90m 5[2mms[22m[39m
2025-10-21T11:20:14.4560182Z  [32m✓[39m Sorts/test/MergeSort.test.js [2m ([22m[2m3 tests[22m[2m)[22m[90m 6[2mms[22m[39m
2025-10-21T11:20:14.6463941Z  [32m✓[39m Ciphers/test/ROT13.test.js [2m ([22m[2m2 tests[22m[2m)[22m[90m 5[2mms[22m[39m
2025-10-21T11:20:14.8263310Z  [32m✓[39m Maths/test/EuclideanDistance.test.js [2m ([22m[2m4 tests[22m[2m)[22m[90m 4[2mms[22m[39m
2025-10-21T11:20:14.8564754Z  [32m✓[39m Conversions/test/DateToDay.test.js [2m ([22m[2m14 tests[22m[2m)[22m[90m 8[2mms[22m[39m
2025-10-21T11:20:15.1838720Z  [32m✓[39m String/test/CheckFlatCase.test.js [2m ([22m[2m4 tests[22m[2m)[22m[90m 3[2mms[22m[39m
2025-10-21T11:20:15.1848894Z  [32m✓[39m Sorts/test/HeapSort.test.js [2m ([22m[2m4 tests[22m[2m)[22m[90m 5[2mms[22m[39m
2025-10-21T11:20:15.5025227Z  [32m✓[39m Recursive/test/Palindrome.test.js [2m ([22m[2m4 tests[22m[2m)[22m[90m 6[2mms[22m[39m
2025-10-21T11:20:15.5216043Z  [32m✓[39m Maths/test/BInaryConvert.test.js [2m ([22m[2m6 tests[22m[2m)[22m[90m 4[2mms[22m[39m
2025-10-21T11:20:15.8137668Z  [32m✓[39m Maths/test/TwoSum.test.js [2m ([22m[2m7 tests[22m[2m)[22m[90m 7[2mms[22m[39m
2025-10-21T11:20:15.8719985Z  [32m✓[39m Maths/test/FermatPrimalityTest.test.js [2m ([22m[2m2 tests[22m[2m)[22m[90m 4[2mms[22m[39m
2025-10-21T11:20:16.0893773Z  [32m✓[39m Backtracking/tests/KnightTour.test.js [2m ([22m[2m2 tests[22m[2m)[22m[33m 1087[2mms[22m[39m
2025-10-21T11:20:16.1643363Z  [32m✓[39m Sorts/test/OddEvenSort.test.js [2m ([22m[2m4 tests[22m[2m)[22m[90m 5[2mms[22m[39m
2025-10-21T11:20:16.2364346Z  [32m✓[39m Dynamic-Programming/tests/LongestIncreasingSubsequence.test.js [2m ([22m[2m16 tests[22m[2m)[22m[90m 8[2mms[22m[39m
2025-10-21T11:20:16.4423284Z  [32m✓[39m Recursive/test/KochSnowflake.test.js [2m ([22m[2m1 test[22m[2m)[22m[90m 4[2mms[22m[39m
2025-10-21T11:20:16.5288075Z  [32m✓[39m Sorts/test/ShellSort.test.js [2m ([22m[2m4 tests[22m[2m)[22m[90m 5[2mms[22m[39m
2025-10-21T11:20:16.5945496Z  [32m✓[39m Conversions/test/LowerCaseConversion.test.js [2m ([22m[2m5 tests[22m[2m)[22m[90m 7[2mms[22m[39m
2025-10-21T11:20:16.8474804Z  [32m✓[39m Maths/test/HexagonalNumber.test.js [2m ([22m[2m24 tests[22m[2m)[22m[90m 12[2mms[22m[39m
2025-10-21T11:20:16.8967976Z  [32m✓[39m Ciphers/test/MorseCode.test.js [2m ([22m[2m3 tests[22m[2m)[22m[90m 5[2mms[22m[39m
2025-10-21T11:20:16.9502409Z  [32m✓[39m Sorts/test/TimSort.test.js [2m ([22m[2m4 tests[22m[2m)[22m[90m 5[2mms[22m[39m
2025-10-21T11:20:17.2041842Z  [32m✓[39m Data-Structures/Stack/test/EvaluateExpression.test.js [2m ([22m[2m3 tests[22m[2m)[22m[90m 4[2mms[22m[39m
2025-10-21T11:20:17.2451895Z  [32m✓[39m Ciphers/test/XORCipher.test.js [2m ([22m[2m2 tests[22m[2m)[22m[90m 4[2mms[22m[39m
2025-10-21T11:20:17.3375075Z  [32m✓[39m Maths/test/IsEven.test.js [2m ([22m[2m4 tests[22m[2m)[22m[90m 5[2mms[22m[39m
2025-10-21T11:20:17.5711114Z  [32m✓[39m Sorts/test/BogoSort.test.js [2m ([22m[2m5 tests[22m[2m)[22m[90m 6[2mms[22m[39m
2025-10-21T11:20:17.6157858Z  [32m✓[39m Maths/test/MeanSquareError.test.js [2m ([22m[2m3 tests[22m[2m)[22m[90m 5[2mms[22m[39m
2025-10-21T11:20:17.7342674Z  [32m✓[39m Sliding-Windows/test/MaxSumSubarrayFixed.test.js [2m ([22m[2m3 tests[22m[2m)[22m[90m 4[2mms[22m[39m
2025-10-21T11:20:17.9637404Z  [32m✓[39m String/test/CheckCamelCase.test.js [2m ([22m[2m4 tests[22m[2m)[22m[90m 6[2mms[22m[39m
2025-10-21T11:20:17.9784416Z  [32m✓[39m String/test/FormatPhoneNumber.test.js [2m ([22m[2m2 tests[22m[2m)[22m[90m 7[2mms[22m[39m
2025-10-21T11:20:18.0693651Z  [32m✓[39m Graphs/test/BreadthFirstSearch.test.js [2m ([22m[2m1 test[22m[2m)[22m[90m 4[2mms[22m[39m
2025-10-21T11:20:18.3007749Z  [32m✓[39m Maths/test/GridGet.test.js [2m ([22m[2m4 tests[22m[2m)[22m[90m 5[2mms[22m[39m
2025-10-21T11:20:18.3550653Z  [32m✓[39m Maths/test/IsOdd.test.js [2m ([22m[2m4 tests[22m[2m)[22m[90m 4[2mms[22m[39m
2025-10-21T11:20:18.4684752Z  [32m✓[39m Search/test/LinearSearch.test.js [2m ([22m[2m3 tests[22m[2m)[22m[90m 4[2mms[22m[39m
2025-10-21T11:20:18.6803573Z  [32m✓[39m String/test/ReverseWords.test.js [2m ([22m[2m5 tests[22m[2m)[22m[90m 6[2mms[22m[39m
2025-10-21T11:20:18.7078124Z  [32m✓[39m Conversions/test/OctToDecimal.test.js [2m ([22m[2m5 tests[22m[2m)[22m[90m 4[2mms[22m[39m
2025-10-21T11:20:18.8476449Z  [32m✓[39m String/test/DiceCoefficient.test.js [2m ([22m[2m1 test[22m[2m)[22m[90m 4[2mms[22m[39m
2025-10-21T11:20:19.0637177Z  [32m✓[39m Data-Structures/Linked-List/test/AddTwoNumbers.test.js [2m ([22m[2m1 test[22m[2m)[22m[90m 4[2mms[22m[39m
2025-10-21T11:20:19.0703712Z  [32m✓[39m Maths/test/CircularArc.test.js [2m ([22m[2m2 tests[22m[2m)[22m[90m 3[2mms[22m[39m
2025-10-21T11:20:19.2347028Z  [32m✓[39m Maths/test/GetEuclidGCD.test.js [2m ([22m[2m18 tests[22m[2m)[22m[90m 14[2mms[22m[39m
2025-10-21T11:20:19.4389431Z  [32m✓[39m Project-Euler/test/Problem001.test.js [2m ([22m[2m4 tests[22m[2m)[22m[90m 6[2mms[22m[39m
2025-10-21T11:20:19.4490253Z  [32m✓[39m Dynamic-Programming/tests/LongestPalindromicSubsequence.test.js [2m ([22m[2m4 tests[22m[2m)[22m[90m 4[2mms[22m[39m
2025-10-21T11:20:19.6190061Z  [32m✓[39m Maths/test/AverageMedian.test.js [2m ([22m[2m4 tests[22m[2m)[22m[90m 4[2mms[22m[39m
2025-10-21T11:20:19.8031744Z  [32m✓[39m Maths/test/FindHcf.test.js [2m ([22m[2m4 tests[22m[2m)[22m[90m 4[2mms[22m[39m
2025-10-21T11:20:19.8190173Z  [32m✓[39m String/test/CheckRearrangePalindrome.test.js [2m ([22m[2m4 tests[22m[2m)[22m[90m 4[2mms[22m[39m
2025-10-21T11:20:19.9827585Z  [32m✓[39m Maths/test/Factorial.test.js [2m ([22m[2m4 tests[22m[2m)[22m[90m 4[2mms[22m[39m
2025-10-21T11:20:20.1836285Z  [32m✓[39m String/test/AlternativeStringArrange.test.js [2m ([22m[2m3 tests[22m[2m)[22m[90m 3[2mms[22m[39m
2025-10-21T11:20:20.1860176Z  [32m✓[39m Conversions/test/DecimalToBinary.test.js [2m ([22m[2m5 tests[22m[2m)[22m[90m 4[2mms[22m[39m
2025-10-21T11:20:20.3654683Z  [32m✓[39m Maths/test/LeapYear.test.js [2m ([22m[2m6 tests[22m[2m)[22m[90m 5[2mms[22m[39m
2025-10-21T11:20:20.5394355Z  [32m✓[39m Graphs/test/PrimMST.test.js [2m ([22m[2m1 test[22m[2m)[22m[90m 4[2mms[22m[39m
2025-10-21T11:20:20.5508590Z  [32m✓[39m Maths/test/JugglerSequence.test.js [2m ([22m[2m3 tests[22m[2m)[22m[90m 5[2mms[22m[39m
2025-10-21T11:20:20.7450364Z  [32m✓[39m Conversions/test/BinaryToHex.test.js [2m ([22m[2m4 tests[22m[2m)[22m[90m 3[2mms[22m[39m
2025-10-21T11:20:20.8863898Z  [32m✓[39m Trees/test/FenwickTree.test.js [2m ([22m[2m2 tests[22m[2m)[22m[90m 6[2mms[22m[39m
2025-10-21T11:20:20.9316426Z  [32m✓[39m Dynamic-Programming/tests/NumberOfSubsetEqualToGivenSum.test.js [2m ([22m[2m12 tests[22m[2m)[22m[90m 7[2mms[22m[39m
2025-10-21T11:20:21.1236473Z  [32m✓[39m String/test/HammingDistance.test.js [2m ([22m[2m4 tests[22m[2m)[22m[90m 6[2mms[22m[39m
2025-10-21T11:20:21.2820357Z  [32m✓[39m String/test/MaxCharacter.test.js [2m ([22m[2m2 tests[22m[2m)[22m[90m 11[2mms[22m[39m
2025-10-21T11:20:21.2968915Z  [32m✓[39m Dynamic-Programming/tests/SieveOfEratosthenes.test.js [2m ([22m[2m5 tests[22m[2m)[22m[90m 4[2mms[22m[39m
2025-10-21T11:20:21.6192158Z  [32m✓[39m Project-Euler/test/Problem028.test.js [2m ([22m[2m4 tests[22m[2m)[22m[90m 5[2mms[22m[39m
2025-10-21T11:20:21.6495458Z  [32m✓[39m Dynamic-Programming/tests/LongestValidParentheses.test.js [2m ([22m[2m4 tests[22m[2m)[22m[90m 5[2mms[22m[39m
2025-10-21T11:20:21.9815103Z  [32m✓[39m Maths/test/PascalTriangle.test.js [2m ([22m[2m6 tests[22m[2m)[22m[90m 5[2mms[22m[39m
2025-10-21T11:20:22.0107164Z  [32m✓[39m Project-Euler/test/Problem035.test.js [2m ([22m[2m4 tests[22m[2m)[22m[90m 64[2mms[22m[39m
2025-10-21T11:20:22.2811670Z  [32m✓[39m Graphs/test/NumberOfIslands.test.js [2m ([22m[2m3 tests[22m[2m)[22m[90m 4[2mms[22m[39m
2025-10-21T11:20:22.3456374Z  [32m✓[39m String/test/CheckPascalCase.test.js [2m ([22m[2m4 tests[22m[2m)[22m[90m 6[2mms[22m[39m
2025-10-21T11:20:22.6078167Z  [32m✓[39m String/test/PercentageOfLetters.test.js [2m ([22m[2m3 tests[22m[2m)[22m[90m 5[2mms[22m[39m
2025-10-21T11:20:22.6800410Z  [32m✓[39m Dynamic-Programming/Sliding-Window/test/LongestSubstringWithoutRepeatingCharacters.test.js [2m ([22m[2m1 test[22m[2m)[22m[90m 3[2mms[22m[39m
2025-10-21T11:20:22.9261501Z  [32m✓[39m Sorts/test/PigeonHoleSort.test.js [2m ([22m[2m3 tests[22m[2m)[22m[90m 3[2mms[22m[39m
2025-10-21T11:20:22.9908174Z  [32m✓[39m Dynamic-Programming/Sliding-Window/test/HouseRobber.test.js [2m ([22m[2m4 tests[22m[2m)[22m[90m 6[2mms[22m[39m
2025-10-21T11:20:23.2285231Z  [32m✓[39m Conversions/test/DecimalToOctal.test.js [2m ([22m[2m5 tests[22m[2m)[22m[90m 4[2mms[22m[39m
2025-10-21T11:20:23.3082315Z  [32m✓[39m Sorts/test/GnomeSort.test.js [2m ([22m[2m3 tests[22m[2m)[22m[90m 4[2mms[22m[39m
2025-10-21T11:20:23.5427848Z  [32m✓[39m Dynamic-Programming/tests/LevenshteinDistance.test.js [2m ([22m[2m3 tests[22m[2m)[22m[90m 4[2mms[22m[39m
2025-10-21T11:20:23.6219510Z  [32m✓[39m Maths/test/NumberOfDigits.test.js [2m ([22m[2m6 tests[22m[2m)[22m[90m 3[2mms[22m[39m
2025-10-21T11:20:23.8332794Z  [32m✓[39m Bit-Manipulation/test/IsPowerOfTwo.test.js [2m ([22m[2m5 tests[22m[2m)[22m[90m 3[2mms[22m[39m
2025-10-21T11:20:23.9561526Z  [32m✓[39m Ciphers/test/Atbash.test.js [2m ([22m[2m2 tests[22m[2m)[22m[90m 9[2mms[22m[39m
2025-10-21T11:20:24.1388662Z  [32m✓[39m Dynamic-Programming/tests/EditDistance.test.js [2m ([22m[2m3 tests[22m[2m)[22m[90m 3[2mms[22m[39m
2025-10-21T11:20:24.2727316Z  [32m✓[39m Maths/test/ZellersCongruenceAlgorithm.test.js [2m ([22m[2m5 tests[22m[2m)[22m[90m 4[2mms[22m[39m
2025-10-21T11:20:24.4493894Z  [32m✓[39m String/test/BoyerMoore.test.js [2m ([22m[2m2 tests[22m[2m)[22m[90m 3[2mms[22m[39m
2025-10-21T11:20:24.5846361Z  [32m✓[39m Search/test/ExponentialSearch.test.js [2m ([22m[2m2 tests[22m[2m)[22m[90m 4[2mms[22m[39m
2025-10-21T11:20:24.7523612Z  [32m✓[39m Conversions/test/RGBToHex.test.js [2m ([22m[2m4 tests[22m[2m)[22m[90m 3[2mms[22m[39m
2025-10-21T11:20:24.9039810Z  [32m✓[39m String/test/CheckSnakeCase.test.js [2m ([22m[2m3 tests[22m[2m)[22m[90m 4[2mms[22m[39m
2025-10-21T11:20:25.0658680Z  [32m✓[39m Search/test/jumpSearch.test.js [2m ([22m[2m3 tests[22m[2m)[22m[90m 4[2mms[22m[39m
2025-10-21T11:20:25.2524184Z  [32m✓[39m String/test/CheckPalindrome.test.js [2m ([22m[2m3 tests[22m[2m)[22m[90m 4[2mms[22m[39m
2025-10-21T11:20:25.4104385Z  [32m✓[39m Dynamic-Programming/tests/FibonacciNumber.test.js [2m ([22m[2m5 tests[22m[2m)[22m[90m 4[2mms[22m[39m
2025-10-21T11:20:25.5729348Z  [32m✓[39m Maths/test/DegreeToRadian.test.js [2m ([22m[2m4 tests[22m[2m)[22m[90m 4[2mms[22m[39m
2025-10-21T11:20:25.7350672Z  [32m✓[39m Maths/test/RadianToDegree.test.js [2m ([22m[2m4 tests[22m[2m)[22m[90m 3[2mms[22m[39m
2025-10-21T11:20:25.9320290Z  [32m✓[39m Sorts/test/SwapSort.test.js [2m ([22m[2m3 tests[22m[2m)[22m[90m 3[2mms[22m[39m
2025-10-21T11:20:26.2378336Z  [32m✓[39m Data-Structures/Linked-List/test/ReverseSinglyLinkedList.test.js [2m ([22m[2m1 test[22m[2m)[22m[90m 3[2mms[22m[39m
2025-10-21T11:20:26.3106514Z  [32m✓[39m Maths/test/IsPronic.test.js [2m ([22m[2m2501 tests[22m[2m)[22m[90m 186[2mms[22m[39m
2025-10-21T11:20:26.5389470Z  [32m✓[39m String/test/Lower.test.js [2m ([22m[2m3 tests[22m[2m)[22m[90m 6[2mms[22m[39m
2025-10-21T11:20:26.6167989Z  [32m✓[39m Graphs/test/Kosaraju.test.js [2m ([22m[2m2 tests[22m[2m)[22m[90m 5[2mms[22m[39m
2025-10-21T11:20:26.8614046Z  [32m✓[39m Backtracking/tests/NQueens.test.js [2m ([22m[2m3 tests[22m[2m)[22m[90m 14[2mms[22m[39m
2025-10-21T11:20:26.9191673Z  [32m✓[39m Project-Euler/test/Problem007.test.js [2m ([22m[2m4 tests[22m[2m)[22m[90m 10[2mms[22m[39m
2025-10-21T11:20:27.1979000Z  [32m✓[39m Conversions/test/HexToRGB.test.js [2m ([22m[2m3 tests[22m[2m)[22m[90m 4[2mms[22m[39m
2025-10-21T11:20:27.2312145Z  [32m✓[39m Project-Euler/test/Problem010.test.js [2m ([22m[2m3 tests[22m[2m)[22m[90m 4[2mms[22m[39m
2025-10-21T11:20:27.5063230Z  [32m✓[39m Maths/test/MeanAbsoluteDeviation.test.js [2m ([22m[2m3 tests[22m[2m)[22m[90m 3[2mms[22m[39m
2025-10-21T11:20:27.5381142Z  [32m✓[39m Backtracking/tests/AllCombinationsOfSizeK.test.js [2m ([22m[2m2 tests[22m[2m)[22m[90m 3[2mms[22m[39m
2025-10-21T11:20:27.8337477Z  [32m✓[39m Sorts/test/RadixSort.test.js [2m ([22m[2m3 tests[22m[2m)[22m[90m 3[2mms[22m[39m
2025-10-21T11:20:27.8345010Z  [32m✓[39m Project-Euler/test/Problem017.test.js [2m ([22m[2m5 tests[22m[2m)[22m[90m 5[2mms[22m[39m
2025-10-21T11:20:28.1636571Z  [32m✓[39m Dynamic-Programming/Sliding-Window/test/MaxConsecutiveOnes.test.js [2m ([22m[2m4 tests[22m[2m)[22m[90m 4[2mms[22m[39m
2025-10-21T11:20:28.1742615Z  [32m✓[39m Conversions/test/HexToDecimal.test.js [2m ([22m[2m16 tests[22m[2m)[22m[90m 5[2mms[22m[39m
2025-10-21T11:20:28.4660602Z  [32m✓[39m Search/test/SlidingWindow.test.js [2m ([22m[2m3 tests[22m[2m)[22m[90m 3[2mms[22m[39m
2025-10-21T11:20:28.4737394Z  [32m✓[39m Maths/test/QuadraticRoots.test.js [2m ([22m[2m3 tests[22m[2m)[22m[90m 4[2mms[22m[39m
2025-10-21T11:20:28.7832393Z  [32m✓[39m Dynamic-Programming/tests/FastFibonacciNumber.test.js [2m ([22m[2m8 tests[22m[2m)[22m[90m 6[2mms[22m[39m
2025-10-21T11:20:28.8083489Z  [32m✓[39m Maths/test/CheckKishnamurthyNumber.test.js [2m ([22m[2m13 tests[22m[2m)[22m[90m 5[2mms[22m[39m
2025-10-21T11:20:29.1081809Z  [32m✓[39m Sorts/test/HeapSortV2.test.js [2m ([22m[2m3 tests[22m[2m)[22m[90m 3[2mms[22m[39m
2025-10-21T11:20:29.1250202Z  [32m✓[39m Bit-Manipulation/test/GrayCodes.test.js [2m ([22m[2m5 tests[22m[2m)[22m[90m 5[2mms[22m[39m
2025-10-21T11:20:29.4312413Z  [32m✓[39m Backtracking/tests/MColoringProblem.test.js [2m ([22m[2m2 tests[22m[2m)[22m[90m 4[2mms[22m[39m
2025-10-21T11:20:29.4449411Z  [32m✓[39m Recursive/test/BinaryEquivalent.test.js [2m ([22m[2m4 tests[22m[2m)[22m[90m 3[2mms[22m[39m
2025-10-21T11:20:29.7549528Z  [32m✓[39m Maths/test/ExponentialFunction.test.js [2m ([22m[2m3 tests[22m[2m)[22m[90m 4[2mms[22m[39m
2025-10-21T11:20:29.8404188Z  [32m✓[39m Maths/test/LinearSieve.test.js [2m ([22m[2m2 tests[22m[2m)[22m[90m 103[2mms[22m[39m
2025-10-21T11:20:30.0770697Z  [32m✓[39m Maths/test/SumOfGeometricProgression.test.js [2m ([22m[2m3 tests[22m[2m)[22m[90m 5[2mms[22m[39m
2025-10-21T11:20:30.1472958Z  [32m✓[39m Dynamic-Programming/tests/CatalanNumbers.test.js [2m ([22m[2m1 test[22m[2m)[22m[90m 5[2mms[22m[39m
2025-10-21T11:20:30.4534614Z  [32m✓[39m Conversions/test/DecimalToHex.test.js [2m ([22m[2m3 tests[22m[2m)[22m[90m 4[2mms[22m[39m
2025-10-21T11:20:30.4936190Z  [32m✓[39m Project-Euler/test/Problem021.test.js [2m ([22m[2m3 tests[22m[2m)[22m[90m 95[2mms[22m[39m
2025-10-21T11:20:30.7574518Z  [32m✓[39m Sorts/test/CocktailShakerSort.test.js [2m ([22m[2m2 tests[22m[2m)[22m[90m 5[2mms[22m[39m
2025-10-21T11:20:30.8124224Z  [32m✓[39m Maths/test/SquareRootLogarithmic.test.js [2m ([22m[2m2 tests[22m[2m)[22m[90m 5[2mms[22m[39m
2025-10-21T11:20:31.0704065Z  [32m✓[39m Project-Euler/test/Problem002.test.js [2m ([22m[2m3 tests[22m[2m)[22m[90m 4[2mms[22m[39m
2025-10-21T11:20:31.1290317Z  [32m✓[39m Conversions/test/BinaryToDecimal.test.js [2m ([22m[2m3 tests[22m[2m)[22m[90m 3[2mms[22m[39m
2025-10-21T11:20:31.3927870Z  [32m✓[39m String/test/CreatePermutations.test.js [2m ([22m[2m2 tests[22m[2m)[22m[90m 4[2mms[22m[39m
2025-10-21T11:20:31.4393676Z  [32m✓[39m String/test/CheckKebabCase.test.js [2m ([22m[2m3 tests[22m[2m)[22m[90m 4[2mms[22m[39m
2025-10-21T11:20:31.6957605Z  [32m✓[39m Project-Euler/test/Problem006.test.js [2m ([22m[2m2 tests[22m[2m)[22m[90m 4[2mms[22m[39m
2025-10-21T11:20:31.7488973Z  [32m✓[39m Search/test/InterpolationSearch.test.js [2m ([22m[2m2 tests[22m[2m)[22m[90m 4[2mms[22m[39m
2025-10-21T11:20:32.0023122Z  [32m✓[39m Maths/test/SumOfDigits.test.js [2m ([22m[2m3 tests[22m[2m)[22m[90m 3[2mms[22m[39m
2025-10-21T11:20:32.0654336Z  [32m✓[39m Maths/test/FareyApproximation.test.js [2m ([22m[2m2 tests[22m[2m)[22m[90m 4[2mms[22m[39m
2025-10-21T11:20:32.3181981Z  [32m✓[39m Dynamic-Programming/tests/TribonacciNumber.test.js [2m ([22m[2m5 tests[22m[2m)[22m[90m 5[2mms[22m[39m
2025-10-21T11:20:32.3864354Z  [32m✓[39m Dynamic-Programming/tests/RodCutting.test.js [2m ([22m[2m5 tests[22m[2m)[22m[90m 3[2mms[22m[39m
2025-10-21T11:20:32.6244640Z  [32m✓[39m Conversions/test/DecimalToRoman.test.js [2m ([22m[2m3 tests[22m[2m)[22m[90m 3[2mms[22m[39m
2025-10-21T11:20:32.6961259Z  [32m✓[39m Bit-Manipulation/test/SetBit.test.js [2m ([22m[2m4 tests[22m[2m)[22m[90m 3[2mms[22m[39m
2025-10-21T11:20:32.9427308Z  [32m✓[39m Maths/test/FindMin.test.js [2m ([22m[2m3 tests[22m[2m)[22m[90m 6[2mms[22m[39m
2025-10-21T11:20:33.0257575Z  [32m✓[39m Dynamic-Programming/Sliding-Window/test/MaxConsecutiveOnesIII.test.js [2m ([22m[2m3 tests[22m[2m)[22m[90m 4[2mms[22m[39m
2025-10-21T11:20:33.2624143Z  [32m✓[39m Ciphers/test/KeywordShiftedAlphabet.test.js [2m ([22m[2m2 tests[22m[2m)[22m[90m 3[2mms[22m[39m
2025-10-21T11:20:33.3468244Z  [32m✓[39m Sorts/test/QuickSort.test.js [2m ([22m[2m2 tests[22m[2m)[22m[90m 4[2mms[22m[39m
2025-10-21T11:20:33.5546241Z  [32m✓[39m Dynamic-Programming/Sliding-Window/test/PermutationinString.test.js [2m ([22m[2m1 test[22m[2m)[22m[90m 3[2mms[22m[39m
2025-10-21T11:20:33.6849343Z  [32m✓[39m Project-Euler/test/Problem020.test.js [2m ([22m[2m3 tests[22m[2m)[22m[90m 23[2mms[22m[39m
2025-10-21T11:20:33.8696888Z  [32m✓[39m Sorts/test/FindSecondLargestElement.test.js [2m ([22m[2m2 tests[22m[2m)[22m[90m 3[2mms[22m[39m
2025-10-21T11:20:33.9777434Z  [32m✓[39m Compression/test/RLE.test.js [2m ([22m[2m2 tests[22m[2m)[22m[90m 4[2mms[22m[39m
2025-10-21T11:20:34.1816291Z  [32m✓[39m String/test/ScrambleStrings.test.js [2m ([22m[2m3 tests[22m[2m)[22m[90m 4[2mms[22m[39m
2025-10-21T11:20:34.2971401Z  [32m✓[39m Bit-Manipulation/test/NextPowerOfTwo.test.js [2m ([22m[2m8 tests[22m[2m)[22m[90m 7[2mms[22m[39m
2025-10-21T11:20:34.5042815Z  [32m✓[39m Ciphers/test/VigenereCipher.test.js [2m ([22m[2m2 tests[22m[2m)[22m[90m 5[2mms[22m[39m
2025-10-21T11:20:34.6454152Z  [32m✓[39m Navigation/test/Haversine.test.js [2m ([22m[2m2 tests[22m[2m)[22m[90m 4[2mms[22m[39m
2025-10-21T11:20:34.8150477Z  [32m✓[39m Maths/test/ArmstrongNumber.test.js [2m ([22m[2m3 tests[22m[2m)[22m[90m 4[2mms[22m[39m
2025-10-21T11:20:34.9784750Z  [32m✓[39m Maths/test/PermutationAndCombination.test.js [2m ([22m[2m3 tests[22m[2m)[22m[90m 3[2mms[22m[39m
2025-10-21T11:20:35.2233909Z  [32m✓[39m Project-Euler/test/Problem016.test.js [2m ([22m[2m3 tests[22m[2m)[22m[90m 77[2mms[22m[39m
2025-10-21T11:20:35.2669180Z  [32m✓[39m Maths/test/PrimeCheck.test.js [2m ([22m[2m3 tests[22m[2m)[22m[90m 2[2mms[22m[39m
2025-10-21T11:20:35.5601835Z  [32m✓[39m Maths/test/PowLogarithmic.test.js [2m ([22m[2m3 tests[22m[2m)[22m[90m 2[2mms[22m[39m
2025-10-21T11:20:35.5720441Z  [32m✓[39m Maths/test/Softmax.test.js [2m ([22m[2m2 tests[22m[2m)[22m[90m 3[2mms[22m[39m
2025-10-21T11:20:35.8516949Z  [32m✓[39m Sorts/test/BeadSort.test.js [2m ([22m[2m2 tests[22m[2m)[22m[90m 4[2mms[22m[39m
2025-10-21T11:20:35.8910443Z  [32m✓[39m Backtracking/tests/SumOfSubset.test.js [2m ([22m[2m1 test[22m[2m)[22m[90m 3[2mms[22m[39m
2025-10-21T11:20:36.1531001Z  [32m✓[39m Recursive/test/PalindromePartitioning.test.js [2m ([22m[2m1 test[22m[2m)[22m[90m 3[2mms[22m[39m
2025-10-21T11:20:36.2099620Z  [32m✓[39m Sorts/test/DutchNationalFlagSort.test.js [2m ([22m[2m1 test[22m[2m)[22m[90m 3[2mms[22m[39m
2025-10-21T11:20:36.4371838Z  [32m✓[39m Dynamic-Programming/tests/ClimbingStairs.test.js [2m ([22m[2m4 tests[22m[2m)[22m[90m 5[2mms[22m[39m
2025-10-21T11:20:36.5389589Z  [32m✓[39m Recursive/test/FibonacciNumberRecursive.test.js [2m ([22m[2m4 tests[22m[2m)[22m[90m 3[2mms[22m[39m
2025-10-21T11:20:36.7495462Z  [32m✓[39m Geometry/Test/Pyramid.test.js [2m ([22m[2m2 tests[22m[2m)[22m[90m 4[2mms[22m[39m
2025-10-21T11:20:36.8608156Z  [32m✓[39m Geometry/Test/Sphere.test.js [2m ([22m[2m2 tests[22m[2m)[22m[90m 4[2mms[22m[39m
2025-10-21T11:20:37.0533086Z  [32m✓[39m Maths/test/BinaryExponentiationIterative.test.js [2m ([22m[2m3 tests[22m[2m)[22m[90m 3[2mms[22m[39m
2025-10-21T11:20:37.2247983Z  [32m✓[39m Maths/test/ReverseNumber.test.js [2m ([22m[2m5 tests[22m[2m)[22m[90m 5[2mms[22m[39m
2025-10-21T11:20:37.3931230Z  [32m✓[39m Maths/test/PerfectCube.test.js [2m ([22m[2m2 tests[22m[2m)[22m[90m 2[2mms[22m[39m
2025-10-21T11:20:37.5536566Z  [32m✓[39m Geometry/Test/Cone.test.js [2m ([22m[2m2 tests[22m[2m)[22m[90m 3[2mms[22m[39m
2025-10-21T11:20:37.8520497Z  [32m✓[39m Maths/test/LucasSeries.test.js [2m ([22m[2m3 tests[22m[2m)[22m[90m 3[2mms[22m[39m
2025-10-21T11:20:38.1121244Z  [32m✓[39m Maths/test/BinaryExponentiationRecursive.test.js [2m ([22m[2m2 tests[22m[2m)[22m[90m 3[2mms[22m[39m
2025-10-21T11:20:38.3762082Z  [32m✓[39m Data-Structures/Tree/test/SegmentTree.test.js [2m ([22m[2m2 tests[22m[2m)[22m[90m 3[2mms[22m[39m
2025-10-21T11:20:38.6410816Z  [32m✓[39m String/test/MaxWord.test.js [2m ([22m[2m2 tests[22m[2m)[22m[90m 3[2mms[22m[39m
2025-10-21T11:20:38.9154604Z  [32m✓[39m Project-Euler/test/Problem003.test.js [2m ([22m[2m2 tests[22m[2m)[22m[90m 3[2mms[22m[39m
2025-10-21T11:20:39.1722760Z  [32m✓[39m Maths/test/ReversePolishNotation.test.js [2m ([22m[2m2 tests[22m[2m)[22m[90m 3[2mms[22m[39m
2025-10-21T11:20:39.4421307Z  [32m✓[39m Maths/test/EulersTotientFunction.test.js [2m ([22m[2m2 tests[22m[2m)[22m[90m 4[2mms[22m[39m
2025-10-21T11:20:39.6977171Z  [32m✓[39m Maths/test/PerfectSquare.test.js [2m ([22m[2m2 tests[22m[2m)[22m[90m 3[2mms[22m[39m
2025-10-21T11:20:39.9609430Z  [32m✓[39m Conversions/test/MeterToFeetConversion.test.js [2m ([22m[2m2 tests[22m[2m)[22m[90m 3[2mms[22m[39m
2025-10-21T11:20:40.1428968Z  [32m✓[39m Project-Euler/test/Problem014.test.js [2m ([22m[2m3 tests[22m[2m)[22m[33m 2427[2mms[22m[39m
2025-10-21T11:20:40.2439030Z  [32m✓[39m Cellular-Automata/test/ConwaysGameOfLife.test.js [2m ([22m[2m1 test[22m[2m)[22m[90m 3[2mms[22m[39m
2025-10-21T11:20:40.4621943Z  [32m✓[39m Maths/test/Signum.test.js [2m ([22m[2m4 tests[22m[2m)[22m[90m 4[2mms[22m[39m
2025-10-21T11:20:40.7472697Z  [32m✓[39m Dynamic-Programming/tests/TrappingRainWater.test.js [2m ([22m[2m2 tests[22m[2m)[22m[90m 3[2mms[22m[39m
2025-10-21T11:20:41.0209130Z  [32m✓[39m Maths/test/PrimeFactors.test.js [2m ([22m[2m2 tests[22m[2m)[22m[90m 3[2mms[22m[39m
2025-10-21T11:20:41.2911627Z  [32m✓[39m Dynamic-Programming/tests/KadaneAlgo.test.js [2m ([22m[2m2 tests[22m[2m)[22m[90m 2[2mms[22m[39m
2025-10-21T11:20:41.5640582Z  [32m✓[39m String/test/FirstUniqueCharacter.test.js [2m ([22m[2m1 test[22m[2m)[22m[90m 2[2mms[22m[39m
2025-10-21T11:20:41.8372176Z  [32m✓[39m Geometry/Test/Circle.test.js [2m ([22m[2m2 tests[22m[2m)[22m[90m 3[2mms[22m[39m
2025-10-21T11:20:42.1270047Z  [32m✓[39m Bit-Manipulation/test/IsPowerOfFour.test.js [2m ([22m[2m6 tests[22m[2m)[22m[90m 4[2mms[22m[39m
2025-10-21T11:20:42.4008611Z  [32m✓[39m Conversions/test/RomanToDecimal.test.js [2m ([22m[2m3 tests[22m[2m)[22m[90m 3[2mms[22m[39m
2025-10-21T11:20:42.6813220Z  [32m✓[39m Data-Structures/Queue/test/QueueUsing2Stacks.test.js [2m ([22m[2m1 test[22m[2m)[22m[90m 3[2mms[22m[39m
2025-10-21T11:20:42.9653572Z  [32m✓[39m Bit-Manipulation/test/UniqueElementInAnArray.test.js [2m ([22m[2m2 tests[22m[2m)[22m[90m 4[2mms[22m[39m
2025-10-21T11:20:43.2430345Z  [32m✓[39m Maths/test/EulersTotient.test.js [2m ([22m[2m2 tests[22m[2m)[22m[90m 3[2mms[22m[39m
2025-10-21T11:20:43.5151793Z  [32m✓[39m Maths/test/AliquotSum.test.js [2m ([22m[2m3 tests[22m[2m)[22m[90m 3[2mms[22m[39m
2025-10-21T11:20:43.7945748Z  [32m✓[39m Project-Euler/test/Problem004.test.js [2m ([22m[2m2 tests[22m[2m)[22m[90m 8[2mms[22m[39m
2025-10-21T11:20:44.0685627Z  [32m✓[39m Sorts/test/BinaryInsertionSort.test.js [2m ([22m[2m1 test[22m[2m)[22m[90m 4[2mms[22m[39m
2025-10-21T11:20:44.2015509Z  [32m✓[39m Project-Euler/test/Problem005.test.js [2m ([22m[2m3 tests[22m[2m)[22m[33m 3626[2mms[22m[39m
2025-10-21T11:20:44.3704085Z  [32m✓[39m Maths/test/PerfectNumber.test.js [2m ([22m[2m2 tests[22m[2m)[22m[90m 3[2mms[22m[39m
2025-10-21T11:20:44.4567877Z  [32m✓[39m Project-Euler/test/Problem044.test.js [2m ([22m[2m4 tests[22m[2m)[22m[33m 22956[2mms[22m[39m
2025-10-21T11:20:44.7146249Z  [32m✓[39m Project-Euler/test/Problem018.test.js [2m ([22m[2m2 tests[22m[2m)[22m[90m 5[2mms[22m[39m
2025-10-21T11:20:44.7889977Z  [32m✓[39m Dynamic-Programming/tests/UniquePaths.test.js [2m ([22m[2m2 tests[22m[2m)[22m[90m 3[2mms[22m[39m
2025-10-21T11:20:45.0285338Z  [32m✓[39m Project-Euler/test/Problem009.test.js [2m ([22m[2m1 test[22m[2m)[22m[33m 479[2mms[22m[39m
2025-10-21T11:20:45.0448319Z  [32m✓[39m Data-Structures/Array/test/Reverse.test.js [2m ([22m[2m3 tests[22m[2m)[22m[90m 4[2mms[22m[39m
2025-10-21T11:20:45.0926706Z  [32m✓[39m Maths/test/WhileLoopFactorial.test.js [2m ([22m[2m4 tests[22m[2m)[22m[90m 4[2mms[22m[39m
2025-10-21T11:20:45.4150578Z  [32m✓[39m Maths/test/PiApproximationMonteCarlo.test.js [2m ([22m[2m1 test[22m[2m)[22m[90m 8[2mms[22m[39m
2025-10-21T11:20:45.4622319Z  [32m✓[39m String/test/ZFunction.test.js [2m ([22m[2m1 test[22m[2m)[22m[90m 3[2mms[22m[39m
2025-10-21T11:20:45.7162652Z  [32m✓[39m Maths/test/CollatzSequence.test.js [2m ([22m[2m1 test[22m[2m)[22m[90m 7[2mms[22m[39m
2025-10-21T11:20:45.7750359Z  [32m✓[39m String/test/Upper.test.js [2m ([22m[2m1 test[22m[2m)[22m[90m 2[2mms[22m[39m
2025-10-21T11:20:46.0282146Z  [32m✓[39m Maths/test/ModularBinaryExponentiationRecursive.test.js [2m ([22m[2m1 test[22m[2m)[22m[90m 3[2mms[22m[39m
2025-10-21T11:20:46.0860434Z  [32m✓[39m Maths/test/Factors.test.js [2m ([22m[2m6 tests[22m[2m)[22m[90m 3[2mms[22m[39m
2025-10-21T11:20:46.3193704Z  [32m✓[39m Project-Euler/test/Problem012.test.js [2m ([22m[2m1 test[22m[2m)[22m[33m 909[2mms[22m[39m
2025-10-21T11:20:46.3324830Z  [32m✓[39m Backtracking/tests/GenerateParentheses.test.js [2m ([22m[2m1 test[22m[2m)[22m[90m 4[2mms[22m[39m
2025-10-21T11:20:46.3781079Z  [32m✓[39m Project-Euler/test/Problem019.test.js [2m ([22m[2m1 test[22m[2m)[22m[90m 2[2mms[22m[39m
2025-10-21T11:20:46.7070456Z  [32m✓[39m Conversions/test/LitersToImperialGallons.test.js [2m ([22m[2m1 test[22m[2m)[22m[90m 2[2mms[22m[39m
2025-10-21T11:20:46.7075129Z  [32m✓[39m Conversions/test/LitersToUSGallons.test.js [2m ([22m[2m1 test[22m[2m)[22m[90m 2[2mms[22m[39m
2025-10-21T11:20:46.7290747Z  [32m✓[39m Conversions/test/OuncesToKilogram.test.js [2m ([22m[2m1 test[22m[2m)[22m[90m 3[2mms[22m[39m
2025-10-21T11:20:47.0161133Z  [32m✓[39m Bit-Manipulation/test/LogTwo.test.js [2m ([22m[2m99 tests[22m[2m)[22m[90m 7[2mms[22m[39m
2025-10-21T11:20:47.0258670Z 
2025-10-21T11:20:47.0331727Z [2m Test Files [22m [1m[32m347 passed[39m[22m[90m (347)[39m
2025-10-21T11:20:47.0361329Z [2m      Tests [22m [1m[32m11972 passed[39m[22m[90m (11972)[39m
2025-10-21T11:20:47.0364403Z [2m   Start at [22m 11:19:52
2025-10-21T11:20:47.0369133Z [2m   Duration [22m 54.23s[2m (transform 1.83s, setup 34ms, collect 3.89s, tests 39.02s, environment 102ms, prepare 46.15s)[22m
2025-10-21T11:20:47.0369822Z 
2025-10-21T11:20:47.0804159Z ##[group]Run npm run check-style
2025-10-21T11:20:47.0804442Z [36;1mnpm run check-style[0m
2025-10-21T11:20:47.0838005Z shell: /usr/bin/bash -e {0}
2025-10-21T11:20:47.0838226Z ##[endgroup]
2025-10-21T11:20:47.1772037Z 
2025-10-21T11:20:47.1772544Z > javascript@1.0.0 check-style
2025-10-21T11:20:47.1772894Z > npx prettier . --check
2025-10-21T11:20:47.1773039Z 
2025-10-21T11:20:47.6313038Z Checking formatting...
2025-10-21T11:20:51.0394674Z All matched files use Prettier code style!
2025-10-21T11:20:51.0843198Z Post job cleanup.
2025-10-21T11:20:51.2585430Z [command]/usr/bin/tar --posix -cf cache.tzst --exclude cache.tzst -P -C /home/runner/work/JavaScript/JavaScript --files-from manifest.txt --use-compress-program zstdmt
2025-10-21T11:20:52.7273371Z Sent 6225920 of 19462292 (32.0%), 5.9 MBs/sec
2025-10-21T11:20:53.7273282Z Sent 13303808 of 19462292 (68.4%), 6.3 MBs/sec
2025-10-21T11:20:54.7277891Z Sent 19462292 of 19462292 (100.0%), 6.2 MBs/sec
2025-10-21T11:20:55.0211045Z Cache saved with the key: node-cache-Linux-x64-npm-b27240193284184632db5c66017fb0cffd9487f8092581a11004afaefef3fdee
2025-10-21T11:20:55.0335693Z Post job cleanup.
2025-10-21T11:20:55.1279819Z [command]/usr/bin/git version
2025-10-21T11:20:55.1325124Z git version 2.51.0
2025-10-21T11:20:55.1369550Z Temporarily overriding HOME='/home/runner/work/_temp/9e5d9a30-fb88-4757-a704-c8259af97f67' before making global git config changes
2025-10-21T11:20:55.1371000Z Adding repository directory to the temporary git global config as a safe directory
2025-10-21T11:20:55.1375617Z [command]/usr/bin/git config --global --add safe.directory /home/runner/work/JavaScript/JavaScript
2025-10-21T11:20:55.1410257Z [command]/usr/bin/git config --local --name-only --get-regexp core\.sshCommand
2025-10-21T11:20:55.1442158Z [command]/usr/bin/git submodule foreach --recursive sh -c "git config --local --name-only --get-regexp 'core\.sshCommand' && git config --local --unset-all 'core.sshCommand' || :"
2025-10-21T11:20:55.1677919Z [command]/usr/bin/git config --local --name-only --get-regexp http\.https\:\/\/github\.com\/\.extraheader
2025-10-21T11:20:55.1699229Z http.https://github.com/.extraheader
2025-10-21T11:20:55.1711487Z [command]/usr/bin/git config --local --unset-all http.https://github.com/.extraheader
2025-10-21T11:20:55.1741816Z [command]/usr/bin/git submodule foreach --recursive sh -c "git config --local --name-only --get-regexp 'http\.https\:\/\/github\.com\/\.extraheader' && git config --local --unset-all 'http.https://github.com/.extraheader' || :"
2025-10-21T11:20:55.2066559Z Cleaning up orphan processes
