2025-10-16T14:37:52.4360489Z Current runner version: '2.328.0'
2025-10-16T14:37:52.4381741Z ##[group]Runner Image Provisioner
2025-10-16T14:37:52.4382535Z Hosted Compute Agent
2025-10-16T14:37:52.4383183Z Version: 20250912.392
2025-10-16T14:37:52.4383800Z Commit: d921fda672a98b64f4f82364647e2f10b2267d0b
2025-10-16T14:37:52.4384508Z Build Date: 2025-09-12T15:23:14Z
2025-10-16T14:37:52.4385422Z ##[endgroup]
2025-10-16T14:37:52.4385918Z ##[group]Operating System
2025-10-16T14:37:52.4386489Z Ubuntu
2025-10-16T14:37:52.4386979Z 24.04.3
2025-10-16T14:37:52.4387482Z LTS
2025-10-16T14:37:52.4387983Z ##[endgroup]
2025-10-16T14:37:52.4388488Z ##[group]Runner Image
2025-10-16T14:37:52.4389049Z Image: ubuntu-24.04
2025-10-16T14:37:52.4389525Z Version: 20250929.60.1
2025-10-16T14:37:52.4390593Z Included Software: https://github.com/actions/runner-images/blob/ubuntu24/20250929.60/images/ubuntu/Ubuntu2404-Readme.md
2025-10-16T14:37:52.4392198Z Image Release: https://github.com/actions/runner-images/releases/tag/ubuntu24%2F20250929.60
2025-10-16T14:37:52.4393279Z ##[endgroup]
2025-10-16T14:37:52.4394221Z ##[group]GITHUB_TOKEN Permissions
2025-10-16T14:37:52.4396404Z Contents: read
2025-10-16T14:37:52.4397072Z Metadata: read
2025-10-16T14:37:52.4397573Z ##[endgroup]
2025-10-16T14:37:52.4399563Z Secret source: None
2025-10-16T14:37:52.4400321Z Prepare workflow directory
2025-10-16T14:37:52.4768723Z Prepare all required actions
2025-10-16T14:37:52.4806249Z Getting action download info
2025-10-16T14:37:52.9062752Z Download action repository 'actions/checkout@11bd71901bbe5b1630ceea73d27597364c9af683' (SHA:11bd71901bbe5b1630ceea73d27597364c9af683)
2025-10-16T14:37:53.0985226Z Download action repository 'actions/setup-node@49933ea5288caeca8642d1e84afbd3f7d6820020' (SHA:49933ea5288caeca8642d1e84afbd3f7d6820020)
2025-10-16T14:37:53.1876784Z Download action repository 'SimenB/github-actions-cpu-cores@97ba232459a8e02ff6121db9362b09661c875ab8' (SHA:97ba232459a8e02ff6121db9362b09661c875ab8)
2025-10-16T14:37:53.6938013Z Download action repository 'nick-fields/retry@ce71cc2ab81d554ebbe88c79ab5975992d79ba08' (SHA:ce71cc2ab81d554ebbe88c79ab5975992d79ba08)
2025-10-16T14:37:54.3454053Z Uses: jestjs/jest/.github/workflows/test.yml@refs/pull/15867/merge (7d884d10e4e001f22fc29cfb63838ad3acfc269e)
2025-10-16T14:37:54.3459789Z ##[group] Inputs
2025-10-16T14:37:54.3460730Z   os: ubuntu-latest
2025-10-16T14:37:54.3461571Z   shard: 1/4
2025-10-16T14:37:54.3462371Z ##[endgroup]
2025-10-16T14:37:54.3463370Z Complete job name: Ubuntu with shard 1/4 / Node v20.x
2025-10-16T14:37:54.4220542Z ##[group]Run actions/checkout@11bd71901bbe5b1630ceea73d27597364c9af683
2025-10-16T14:37:54.4222250Z with:
2025-10-16T14:37:54.4223024Z   persist-credentials: false
2025-10-16T14:37:54.4223982Z   repository: jestjs/jest
2025-10-16T14:37:54.4225465Z   token: ***
2025-10-16T14:37:54.4226258Z   ssh-strict: true
2025-10-16T14:37:54.4227072Z   ssh-user: git
2025-10-16T14:37:54.4227836Z   clean: true
2025-10-16T14:37:54.4228642Z   sparse-checkout-cone-mode: true
2025-10-16T14:37:54.4229670Z   fetch-depth: 1
2025-10-16T14:37:54.4230481Z   fetch-tags: false
2025-10-16T14:37:54.4231281Z   show-progress: true
2025-10-16T14:37:54.4232086Z   lfs: false
2025-10-16T14:37:54.4232820Z   submodules: false
2025-10-16T14:37:54.4233631Z   set-safe-directory: true
2025-10-16T14:37:54.4235041Z ##[endgroup]
2025-10-16T14:37:54.5352368Z Syncing repository: jestjs/jest
2025-10-16T14:37:54.5356412Z ##[group]Getting Git version info
2025-10-16T14:37:54.5358531Z Working directory is '/home/runner/work/jest/jest'
2025-10-16T14:37:54.5361593Z [command]/usr/bin/git version
2025-10-16T14:37:54.5394441Z git version 2.51.0
2025-10-16T14:37:54.5421791Z ##[endgroup]
2025-10-16T14:37:54.5436364Z Temporarily overriding HOME='/home/runner/work/_temp/70ab8c1a-9335-4564-805a-2a5c87f2a499' before making global git config changes
2025-10-16T14:37:54.5441246Z Adding repository directory to the temporary git global config as a safe directory
2025-10-16T14:37:54.5445181Z [command]/usr/bin/git config --global --add safe.directory /home/runner/work/jest/jest
2025-10-16T14:37:54.5479297Z Deleting the contents of '/home/runner/work/jest/jest'
2025-10-16T14:37:54.5483622Z ##[group]Initializing the repository
2025-10-16T14:37:54.5487731Z [command]/usr/bin/git init /home/runner/work/jest/jest
2025-10-16T14:37:54.5586242Z hint: Using 'master' as the name for the initial branch. This default branch name
2025-10-16T14:37:54.5589615Z hint: is subject to change. To configure the initial branch name to use in all
2025-10-16T14:37:54.5592858Z hint: of your new repositories, which will suppress this warning, call:
2025-10-16T14:37:54.5595487Z hint:
2025-10-16T14:37:54.5597151Z hint: 	git config --global init.defaultBranch <name>
2025-10-16T14:37:54.5599159Z hint:
2025-10-16T14:37:54.5601028Z hint: Names commonly chosen instead of 'master' are 'main', 'trunk' and
2025-10-16T14:37:54.5604230Z hint: 'development'. The just-created branch can be renamed via this command:
2025-10-16T14:37:54.5607006Z hint:
2025-10-16T14:37:54.5608356Z hint: 	git branch -m <name>
2025-10-16T14:37:54.5609987Z hint:
2025-10-16T14:37:54.5612124Z hint: Disable this message with "git config set advice.defaultBranchName false"
2025-10-16T14:37:54.5615717Z Initialized empty Git repository in /home/runner/work/jest/jest/.git/
2025-10-16T14:37:54.5620790Z [command]/usr/bin/git remote add origin https://github.com/jestjs/jest
2025-10-16T14:37:54.5647416Z ##[endgroup]
2025-10-16T14:37:54.5650213Z ##[group]Disabling automatic garbage collection
2025-10-16T14:37:54.5652729Z [command]/usr/bin/git config --local gc.auto 0
2025-10-16T14:37:54.5677829Z ##[endgroup]
2025-10-16T14:37:54.5680481Z ##[group]Setting up auth
2025-10-16T14:37:54.5683144Z [command]/usr/bin/git config --local --name-only --get-regexp core\.sshCommand
2025-10-16T14:37:54.5714833Z [command]/usr/bin/git submodule foreach --recursive sh -c "git config --local --name-only --get-regexp 'core\.sshCommand' && git config --local --unset-all 'core.sshCommand' || :"
2025-10-16T14:37:54.6046649Z [command]/usr/bin/git config --local --name-only --get-regexp http\.https\:\/\/github\.com\/\.extraheader
2025-10-16T14:37:54.6076999Z [command]/usr/bin/git submodule foreach --recursive sh -c "git config --local --name-only --get-regexp 'http\.https\:\/\/github\.com\/\.extraheader' && git config --local --unset-all 'http.https://github.com/.extraheader' || :"
2025-10-16T14:37:54.6305260Z [command]/usr/bin/git config --local http.https://github.com/.extraheader AUTHORIZATION: basic ***
2025-10-16T14:37:54.6338746Z ##[endgroup]
2025-10-16T14:37:54.6347307Z ##[group]Fetching the repository
2025-10-16T14:37:54.6350021Z [command]/usr/bin/git -c protocol.version=2 fetch --no-tags --prune --no-recurse-submodules --depth=1 origin +7d884d10e4e001f22fc29cfb63838ad3acfc269e:refs/remotes/pull/15867/merge
2025-10-16T14:37:57.3511535Z From https://github.com/jestjs/jest
2025-10-16T14:37:57.3516248Z  * [new ref]         7d884d10e4e001f22fc29cfb63838ad3acfc269e -> pull/15867/merge
2025-10-16T14:37:57.3542778Z ##[endgroup]
2025-10-16T14:37:57.3544961Z ##[group]Determining the checkout info
2025-10-16T14:37:57.3545731Z ##[endgroup]
2025-10-16T14:37:57.3550755Z [command]/usr/bin/git sparse-checkout disable
2025-10-16T14:37:57.3589561Z [command]/usr/bin/git config --local --unset-all extensions.worktreeConfig
2025-10-16T14:37:57.3616086Z ##[group]Checking out the ref
2025-10-16T14:37:57.3619664Z [command]/usr/bin/git checkout --progress --force refs/remotes/pull/15867/merge
2025-10-16T14:37:57.6290365Z Note: switching to 'refs/remotes/pull/15867/merge'.
2025-10-16T14:37:57.6290844Z 
2025-10-16T14:37:57.6291184Z You are in 'detached HEAD' state. You can look around, make experimental
2025-10-16T14:37:57.6291946Z changes and commit them, and you can discard any commits you make in this
2025-10-16T14:37:57.6292697Z state without impacting any branches by switching back to a branch.
2025-10-16T14:37:57.6293174Z 
2025-10-16T14:37:57.6293503Z If you want to create a new branch to retain commits you create, you may
2025-10-16T14:37:57.6294166Z do so (now or later) by using -c with the switch command. Example:
2025-10-16T14:37:57.6295034Z 
2025-10-16T14:37:57.6295201Z   git switch -c <new-branch-name>
2025-10-16T14:37:57.6295518Z 
2025-10-16T14:37:57.6295686Z Or undo this operation with:
2025-10-16T14:37:57.6295940Z 
2025-10-16T14:37:57.6296067Z   git switch -
2025-10-16T14:37:57.6296271Z 
2025-10-16T14:37:57.6296618Z Turn off this advice by setting config variable advice.detachedHead to false
2025-10-16T14:37:57.6297091Z 
2025-10-16T14:37:57.6297661Z HEAD is now at 7d884d1 Merge 579c4b228471e1da9eb81d26760251b0201767cd into 7cf3b8d24ae3753522a28728eacd034cd6381b0b
2025-10-16T14:37:57.6309383Z ##[endgroup]
2025-10-16T14:37:57.6346321Z [command]/usr/bin/git log -1 --format=%H
2025-10-16T14:37:57.6368967Z 7d884d10e4e001f22fc29cfb63838ad3acfc269e
2025-10-16T14:37:57.6378931Z ##[group]Removing auth
2025-10-16T14:37:57.6382280Z [command]/usr/bin/git config --local --name-only --get-regexp core\.sshCommand
2025-10-16T14:37:57.6410175Z [command]/usr/bin/git submodule foreach --recursive sh -c "git config --local --name-only --get-regexp 'core\.sshCommand' && git config --local --unset-all 'core.sshCommand' || :"
2025-10-16T14:37:57.6639493Z [command]/usr/bin/git config --local --name-only --get-regexp http\.https\:\/\/github\.com\/\.extraheader
2025-10-16T14:37:57.6660349Z http.https://github.com/.extraheader
2025-10-16T14:37:57.6669241Z [command]/usr/bin/git config --local --unset-all http.https://github.com/.extraheader
2025-10-16T14:37:57.6701670Z [command]/usr/bin/git submodule foreach --recursive sh -c "git config --local --name-only --get-regexp 'http\.https\:\/\/github\.com\/\.extraheader' && git config --local --unset-all 'http.https://github.com/.extraheader' || :"
2025-10-16T14:37:57.6934859Z ##[endgroup]
2025-10-16T14:37:57.7141880Z ##[group]Run actions/setup-node@49933ea5288caeca8642d1e84afbd3f7d6820020
2025-10-16T14:37:57.7142240Z with:
2025-10-16T14:37:57.7142408Z   node-version: 20.x
2025-10-16T14:37:57.7142586Z   cache: yarn
2025-10-16T14:37:57.7142754Z   always-auth: false
2025-10-16T14:37:57.7142950Z   check-latest: false
2025-10-16T14:37:57.7143265Z   token: ***
2025-10-16T14:37:57.7143430Z ##[endgroup]
2025-10-16T14:37:57.8850893Z Found in cache @ /opt/hostedtoolcache/node/20.19.5/x64
2025-10-16T14:37:57.8857151Z ##[group]Environment details
2025-10-16T14:37:58.4740098Z node: v20.19.5
2025-10-16T14:37:58.4740450Z npm: 10.8.2
2025-10-16T14:37:58.4740726Z yarn: 4.10.3
2025-10-16T14:37:58.4741990Z ##[endgroup]
2025-10-16T14:37:58.4767593Z [command]/usr/local/bin/yarn --version
2025-10-16T14:37:58.7948644Z 4.10.3
2025-10-16T14:37:58.8250165Z [command]/usr/local/bin/yarn config get cacheFolder
2025-10-16T14:37:59.1399453Z /home/runner/.yarn/berry/cache
2025-10-16T14:37:59.1862487Z [command]/usr/local/bin/yarn config get enableGlobalCache
2025-10-16T14:37:59.5019689Z [33mtrue[39m
2025-10-16T14:37:59.7548285Z Cache hit for: node-cache-Linux-x64-yarn-5b8d3e7a37c4f7bcc7ca81b7d525e741cc68415e60aaca16c525750d4c67286c
2025-10-16T14:38:00.9625823Z Received 50331648 of 155181360 (32.4%), 48.0 MBs/sec
2025-10-16T14:38:01.9365834Z Received 155181360 of 155181360 (100.0%), 74.9 MBs/sec
2025-10-16T14:38:01.9367141Z Cache Size: ~148 MB (155181360 B)
2025-10-16T14:38:01.9419492Z [command]/usr/bin/tar -xf /home/runner/work/_temp/721baa97-654b-4485-80b6-ae24a07a0c3d/cache.tzst -P -C /home/runner/work/jest/jest --use-compress-program unzstd
2025-10-16T14:38:02.2175817Z Cache restored successfully
2025-10-16T14:38:02.2505103Z Cache restored from key: node-cache-Linux-x64-yarn-5b8d3e7a37c4f7bcc7ca81b7d525e741cc68415e60aaca16c525750d4c67286c
2025-10-16T14:38:02.2647857Z ##[group]Run yarn --immutable
2025-10-16T14:38:02.2648169Z [36;1myarn --immutable[0m
2025-10-16T14:38:02.2690274Z shell: /usr/bin/bash -e {0}
2025-10-16T14:38:02.2690537Z ##[endgroup]
2025-10-16T14:38:02.7934018Z [93m➤[39m YN0000: Yarn detected that the current workflow is executed from a public pull request. For safety the hardened mode has been enabled.
2025-10-16T14:38:02.7936858Z [93m➤[39m YN0000: It will prevent malicious lockfile manipulations, in exchange for a slower install time. You can opt-out if necessary; check our documentation for more details.
2025-10-16T14:38:02.7938303Z 
2025-10-16T14:38:02.7938698Z [94m➤[39m YN0000: · Yarn 4.10.3
2025-10-16T14:38:02.8077550Z [94m➤[39m [90mYN0000[39m: ┌ Resolution step
2025-10-16T14:38:02.8078401Z ##[group]Resolution step
2025-10-16T14:38:13.3314427Z ##[endgroup]
2025-10-16T14:38:13.3322914Z [94m➤[39m [90mYN0000[39m: └ Completed in 10s 524ms
2025-10-16T14:38:13.3367621Z [94m➤[39m [90mYN0000[39m: ┌ Post-resolution validation
2025-10-16T14:38:13.3368477Z ##[group]Post-resolution validation
2025-10-16T14:38:13.3371101Z [93m➤[39m YN0060: │ [38;5;166m@babel/[39m[38;5;173mcore[39m is listed by your project with version [38;5;111m7.28.4[39m ([38;5;111mpf247de[39m), which doesn't satisfy what [38;5;166m@babel/[39m[38;5;173mpreset-react[39m and other dependencies request ([91mbut they have non-overlapping ranges![39m).
2025-10-16T14:38:13.3374534Z [93m➤[39m YN0060: │ [38;5;173mreact[39m is listed by your project with version [38;5;111m18.3.1[39m ([38;5;111mp4a9fd3[39m), which doesn't satisfy what [38;5;173mreact-native[39m and other dependencies request ([91mbut they have non-overlapping ranges![39m).
2025-10-16T14:38:13.3378421Z [93m➤[39m YN0002: │ [38;5;166m@jest/[39m[38;5;173mdiff-sequences[39m[38;5;111m@[39m[38;5;111mworkspace:packages/diff-sequences[39m doesn't provide [38;5;166m@jest/[39m[38;5;173mglobals[39m ([38;5;111mp03fd70[39m), requested by [38;5;166m@fast-check/[39m[38;5;173mjest[39m.
2025-10-16T14:38:13.3381734Z [93m➤[39m YN0002: │ [38;5;173mbabel-preset-jest[39m[38;5;111m@[39m[38;5;111mworkspace:packages/babel-preset-jest[39m doesn't provide [38;5;166m@babel/[39m[38;5;173mcore[39m ([38;5;111mpa5adb7[39m), requested by [38;5;173mbabel-preset-current-node-syntax[39m.
2025-10-16T14:38:13.3384900Z [93m➤[39m YN0002: │ [38;5;173mcreate-jest[39m[38;5;111m@[39m[38;5;111mworkspace:packages/create-jest[39m doesn't provide [38;5;166m@types/[39m[38;5;173mnode[39m ([38;5;111mp9c2ade[39m), requested by [38;5;173mjest-config[39m.
2025-10-16T14:38:13.3388396Z [93m➤[39m YN0002: │ [38;5;173mexample-react-testing-library[39m[38;5;111m@[39m[38;5;111mworkspace:examples/react-testing-library[39m doesn't provide [38;5;166m@testing-library/[39m[38;5;173mdom[39m ([38;5;111mp31adb2[39m), requested by [38;5;166m@testing-library/[39m[38;5;173mreact[39m.
2025-10-16T14:38:13.3391677Z [93m➤[39m YN0002: │ [38;5;173mexample-snapshot[39m[38;5;111m@[39m[38;5;111mworkspace:examples/snapshot[39m doesn't provide [38;5;173mreact-dom[39m ([38;5;111mp491d75[39m), requested by [38;5;166m@testing-library/[39m[38;5;173mreact[39m.
2025-10-16T14:38:13.3394844Z [93m➤[39m YN0002: │ [38;5;173mexpect[39m[38;5;111m@[39m[38;5;111mworkspace:packages/expect[39m doesn't provide [38;5;166m@jest/[39m[38;5;173mglobals[39m ([38;5;111mp9fb730[39m), requested by [38;5;166m@fast-check/[39m[38;5;173mjest[39m.
2025-10-16T14:38:13.3397719Z [93m➤[39m YN0002: │ [38;5;173mjest-cli[39m[38;5;111m@[39m[38;5;111mworkspace:packages/jest-cli [023ef][39m doesn't provide [38;5;166m@types/[39m[38;5;173mnode[39m ([38;5;111mpdec1f7[39m), requested by [38;5;173mjest-config[39m.
2025-10-16T14:38:13.3400511Z [93m➤[39m YN0002: │ [38;5;173mjest-cli[39m[38;5;111m@[39m[38;5;111mworkspace:packages/jest-cli [e9642][39m doesn't provide [38;5;166m@types/[39m[38;5;173mnode[39m ([38;5;111mp725258[39m), requested by [38;5;173mjest-config[39m.
2025-10-16T14:38:13.3403603Z [93m➤[39m YN0002: │ [38;5;173mjest-cli[39m[38;5;111m@[39m[38;5;111mworkspace:packages/jest-cli[39m doesn't provide [38;5;166m@types/[39m[38;5;173mnode[39m ([38;5;111mpdd7483[39m), requested by [38;5;173mjest-config[39m.
2025-10-16T14:38:13.3406519Z [93m➤[39m YN0002: │ [38;5;173mjest-config[39m[38;5;111m@[39m[38;5;111mworkspace:packages/jest-config[39m doesn't provide [38;5;166m@types/[39m[38;5;173mnode[39m ([38;5;111mp4a73ba[39m), requested by [38;5;173mts-node[39m.
2025-10-16T14:38:13.3409534Z [93m➤[39m YN0002: │ [38;5;173mjest-website[39m[38;5;111m@[39m[38;5;111mworkspace:website[39m doesn't provide [38;5;166m@mdx-js/[39m[38;5;173mreact[39m ([38;5;111mp1a83d4[39m), requested by [38;5;166m@docusaurus/[39m[38;5;173mcore[39m.
2025-10-16T14:38:13.3412302Z [93m➤[39m YN0086: │ Some peer dependencies are incorrectly met by your project; run [38;5;111myarn explain peer-requirements <hash>[39m for details, where [38;5;111m<hash>[39m is the six-letter p-prefixed code.
2025-10-16T14:38:13.3414499Z [93m➤[39m YN0086: │ Some peer dependencies are incorrectly met by dependencies; run [38;5;111myarn explain peer-requirements[39m for details.
2025-10-16T14:38:13.3417330Z [93m➤[39m YN0068: │ [38;5;166m@react-native/[39m[38;5;173mmetro-babel-transformer[39m ➤ [38;5;111mpeerDependencies[39m ➤ [38;5;166m@babel/[39m[38;5;173mpreset-env[39m: No matching package in the dependency tree; you may not need this rule anymore.
2025-10-16T14:38:13.4455730Z ##[endgroup]
2025-10-16T14:38:13.4456911Z [94m➤[39m [90mYN0000[39m: └ Completed
2025-10-16T14:38:13.4457758Z [94m➤[39m [90mYN0000[39m: ┌ Fetch step
2025-10-16T14:38:13.4458662Z ##[group]Fetch step
2025-10-16T14:38:14.0640270Z ##[endgroup]
2025-10-16T14:38:14.0641107Z [94m➤[39m [90mYN0000[39m: └ Completed in 0s 625ms
2025-10-16T14:38:14.1337391Z [94m➤[39m [90mYN0000[39m: ┌ Link step
2025-10-16T14:38:14.1338263Z ##[group]Link step
2025-10-16T14:38:30.7296822Z [94m➤[39m YN0007: │ [38;5;173munrs-resolver[39m[38;5;111m@[39m[38;5;111mnpm:1.7.11[39m must be built because it never has been before or the last one failed
2025-10-16T14:38:30.7305155Z [94m➤[39m YN0007: │ [38;5;173mesbuild[39m[38;5;111m@[39m[38;5;111mnpm:0.25.5[39m must be built because it never has been before or the last one failed
2025-10-16T14:38:30.7307868Z [94m➤[39m YN0007: │ [38;5;173mcore-js[39m[38;5;111m@[39m[38;5;111mnpm:3.46.0[39m must be built because it never has been before or the last one failed
2025-10-16T14:38:30.7310681Z [94m➤[39m YN0007: │ [38;5;173mcore-js-pure[39m[38;5;111m@[39m[38;5;111mnpm:3.46.0[39m must be built because it never has been before or the last one failed
2025-10-16T14:38:31.0775855Z ##[endgroup]
2025-10-16T14:38:31.0776751Z [94m➤[39m [90mYN0000[39m: └ Completed in 16s 944ms
2025-10-16T14:38:31.2583039Z [93m➤[39m YN0000: · Done with warnings in 28s 466ms
2025-10-16T14:38:31.3806537Z ##[group]Run yarn build:js
2025-10-16T14:38:31.3806818Z [36;1myarn build:js[0m
2025-10-16T14:38:31.3839358Z shell: /usr/bin/bash -e {0}
2025-10-16T14:38:31.3839627Z ##[endgroup]
2025-10-16T14:38:32.3166980Z  Bundling packages 
2025-10-16T14:38:38.5390731Z  DONE 
2025-10-16T14:38:38.6048684Z ##[group]Run SimenB/github-actions-cpu-cores@97ba232459a8e02ff6121db9362b09661c875ab8
2025-10-16T14:38:38.6049120Z ##[endgroup]
2025-10-16T14:38:38.6435896Z ##[group]Run yarn workspace jest-environment-node test
2025-10-16T14:38:38.6436285Z [36;1myarn workspace jest-environment-node test[0m
2025-10-16T14:38:38.6468124Z shell: /usr/bin/bash -e {0}
2025-10-16T14:38:38.6468358Z ##[endgroup]
2025-10-16T14:38:40.5024556Z GLOBALS_CLEANUP=off
2025-10-16T14:38:42.5937102Z PASS packages/jest-environment-node/src/__tests__/node_environment.test.ts
2025-10-16T14:38:42.6078059Z   ● Console
2025-10-16T14:38:42.6078296Z 
2025-10-16T14:38:42.6078431Z     console.warn
2025-10-16T14:38:42.6079005Z       [jest-util] garbage collection deletion mode already initialized, ignoring new mode
2025-10-16T14:38:42.6079529Z         Current: 'off'
2025-10-16T14:38:42.6079784Z         Given: 'soft'
2025-10-16T14:38:42.6079944Z 
2025-10-16T14:38:42.6080150Z       at warn (packages/jest-util/build/index.js:430:13)
2025-10-16T14:38:42.6080424Z 
2025-10-16T14:38:42.6080522Z     console.warn
2025-10-16T14:38:42.6081103Z       [jest-util] garbage collection deletion mode already initialized, ignoring new mode
2025-10-16T14:38:42.6081604Z         Current: 'off'
2025-10-16T14:38:42.6081854Z         Given: 'soft'
2025-10-16T14:38:42.6082284Z 
2025-10-16T14:38:42.6082479Z       at warn (packages/jest-util/build/index.js:430:13)
2025-10-16T14:38:42.6082740Z 
2025-10-16T14:38:42.6082840Z     console.warn
2025-10-16T14:38:42.6083322Z       [jest-util] garbage collection deletion mode already initialized, ignoring new mode
2025-10-16T14:38:42.6083814Z         Current: 'off'
2025-10-16T14:38:42.6084061Z         Given: 'soft'
2025-10-16T14:38:42.6084211Z 
2025-10-16T14:38:42.6084398Z       at warn (packages/jest-util/build/index.js:430:13)
2025-10-16T14:38:42.6084851Z 
2025-10-16T14:38:42.6084956Z     console.warn
2025-10-16T14:38:42.6085445Z       [jest-util] garbage collection deletion mode already initialized, ignoring new mode
2025-10-16T14:38:42.6085934Z         Current: 'off'
2025-10-16T14:38:42.6086185Z         Given: 'soft'
2025-10-16T14:38:42.6086334Z 
2025-10-16T14:38:42.6086539Z       at warn (packages/jest-util/build/index.js:430:13)
2025-10-16T14:38:42.6086793Z 
2025-10-16T14:38:42.6086903Z     console.warn
2025-10-16T14:38:42.6087377Z       [jest-util] garbage collection deletion mode already initialized, ignoring new mode
2025-10-16T14:38:42.6087872Z         Current: 'off'
2025-10-16T14:38:42.6088114Z         Given: 'soft'
2025-10-16T14:38:42.6088264Z 
2025-10-16T14:38:42.6088447Z       at warn (packages/jest-util/build/index.js:430:13)
2025-10-16T14:38:42.6088699Z 
2025-10-16T14:38:42.6088801Z     console.warn
2025-10-16T14:38:42.6089366Z       [jest-util] garbage collection deletion mode already initialized, ignoring new mode
2025-10-16T14:38:42.6089851Z         Current: 'off'
2025-10-16T14:38:42.6090095Z         Given: 'soft'
2025-10-16T14:38:42.6090244Z 
2025-10-16T14:38:42.6090438Z       at warn (packages/jest-util/build/index.js:430:13)
2025-10-16T14:38:42.6090699Z 
2025-10-16T14:38:42.7058268Z PASS packages/jest-environment-node/src/__tests__/globals_cleanup_2.test.ts
2025-10-16T14:38:42.7945701Z PASS packages/jest-environment-node/src/__tests__/globals_cleanup_1.test.ts
2025-10-16T14:38:42.8647252Z PASS packages/jest-environment-node/src/__tests__/globals_cleanup_3.test.ts
2025-10-16T14:38:42.8679768Z 
2025-10-16T14:38:42.8688568Z Test Suites: 4 passed, 4 total
2025-10-16T14:38:42.8689128Z Tests:       13 passed, 13 total
2025-10-16T14:38:42.8689583Z Snapshots:   0 total
2025-10-16T14:38:42.8689957Z Time:        1.23 s
2025-10-16T14:38:42.8690659Z Ran all test suites matching packages/jest-environment-node/src/__tests__.
2025-10-16T14:38:44.0945415Z GLOBALS_CLEANUP=soft
2025-10-16T14:38:46.0773020Z PASS packages/jest-environment-node/src/__tests__/node_environment.test.ts
2025-10-16T14:38:46.1760663Z PASS packages/jest-environment-node/src/__tests__/globals_cleanup_2.test.ts
2025-10-16T14:38:46.2613941Z PASS packages/jest-environment-node/src/__tests__/globals_cleanup_1.test.ts
2025-10-16T14:38:46.3308380Z PASS packages/jest-environment-node/src/__tests__/globals_cleanup_3.test.ts
2025-10-16T14:38:46.3340970Z 
2025-10-16T14:38:46.3349462Z Test Suites: 4 passed, 4 total
2025-10-16T14:38:46.3349994Z Tests:       13 passed, 13 total
2025-10-16T14:38:46.3350469Z Snapshots:   0 total
2025-10-16T14:38:46.3350855Z Time:        1.229 s
2025-10-16T14:38:46.3351575Z Ran all test suites matching packages/jest-environment-node/src/__tests__.
2025-10-16T14:38:47.5509213Z GLOBALS_CLEANUP=on
2025-10-16T14:38:49.5617389Z PASS packages/jest-environment-node/src/__tests__/node_environment.test.ts
2025-10-16T14:38:49.5761320Z   ● Console
2025-10-16T14:38:49.5761518Z 
2025-10-16T14:38:49.5761651Z     console.warn
2025-10-16T14:38:49.5762319Z       [jest-util] garbage collection deletion mode already initialized, ignoring new mode
2025-10-16T14:38:49.5762962Z         Current: 'on'
2025-10-16T14:38:49.5763287Z         Given: 'soft'
2025-10-16T14:38:49.5763488Z 
2025-10-16T14:38:49.5763758Z       at warn (packages/jest-util/build/index.js:430:13)
2025-10-16T14:38:49.5764098Z 
2025-10-16T14:38:49.5764279Z     console.warn
2025-10-16T14:38:49.5764974Z       [jest-util] garbage collection deletion mode already initialized, ignoring new mode
2025-10-16T14:38:49.5765708Z         Current: 'on'
2025-10-16T14:38:49.5765915Z         Given: 'soft'
2025-10-16T14:38:49.5766043Z 
2025-10-16T14:38:49.5766214Z       at warn (packages/jest-util/build/index.js:430:13)
2025-10-16T14:38:49.5766429Z 
2025-10-16T14:38:49.5766514Z     console.warn
2025-10-16T14:38:49.5766914Z       [jest-util] garbage collection deletion mode already initialized, ignoring new mode
2025-10-16T14:38:49.5767310Z         Current: 'on'
2025-10-16T14:38:49.5767507Z         Given: 'soft'
2025-10-16T14:38:49.5767630Z 
2025-10-16T14:38:49.5767784Z       at warn (packages/jest-util/build/index.js:430:13)
2025-10-16T14:38:49.5768004Z 
2025-10-16T14:38:49.5768087Z     console.warn
2025-10-16T14:38:49.5768490Z       [jest-util] garbage collection deletion mode already initialized, ignoring new mode
2025-10-16T14:38:49.5768888Z         Current: 'on'
2025-10-16T14:38:49.5769084Z         Given: 'soft'
2025-10-16T14:38:49.5769206Z 
2025-10-16T14:38:49.5769363Z       at warn (packages/jest-util/build/index.js:430:13)
2025-10-16T14:38:49.5769576Z 
2025-10-16T14:38:49.5769657Z     console.warn
2025-10-16T14:38:49.5770040Z       [jest-util] garbage collection deletion mode already initialized, ignoring new mode
2025-10-16T14:38:49.5770430Z         Current: 'on'
2025-10-16T14:38:49.5770625Z         Given: 'soft'
2025-10-16T14:38:49.5770768Z 
2025-10-16T14:38:49.5770926Z       at warn (packages/jest-util/build/index.js:430:13)
2025-10-16T14:38:49.5771137Z 
2025-10-16T14:38:49.5771218Z     console.warn
2025-10-16T14:38:49.5771606Z       [jest-util] garbage collection deletion mode already initialized, ignoring new mode
2025-10-16T14:38:49.5772000Z         Current: 'on'
2025-10-16T14:38:49.5772197Z         Given: 'soft'
2025-10-16T14:38:49.5772322Z 
2025-10-16T14:38:49.5772472Z       at warn (packages/jest-util/build/index.js:430:13)
2025-10-16T14:38:49.5772689Z 
2025-10-16T14:38:49.6692482Z PASS packages/jest-environment-node/src/__tests__/globals_cleanup_2.test.ts
2025-10-16T14:38:49.7559843Z PASS packages/jest-environment-node/src/__tests__/globals_cleanup_1.test.ts
2025-10-16T14:38:49.8277125Z PASS packages/jest-environment-node/src/__tests__/globals_cleanup_3.test.ts
2025-10-16T14:38:49.8323547Z 
2025-10-16T14:38:49.8331597Z Test Suites: 4 passed, 4 total
2025-10-16T14:38:49.8332081Z Tests:       13 passed, 13 total
2025-10-16T14:38:49.8332479Z Snapshots:   0 total
2025-10-16T14:38:49.8332814Z Time:        1.254 s
2025-10-16T14:38:49.8333468Z Ran all test suites matching packages/jest-environment-node/src/__tests__.
2025-10-16T14:38:50.0193133Z ##[group]Run nick-fields/retry@ce71cc2ab81d554ebbe88c79ab5975992d79ba08
2025-10-16T14:38:50.0193497Z with:
2025-10-16T14:38:50.0193668Z   timeout_minutes: 10
2025-10-16T14:38:50.0193850Z   max_attempts: 3
2025-10-16T14:38:50.0194031Z   retry_on: error
2025-10-16T14:38:50.0194307Z   command: yarn test-ci-partial:parallel --max-workers 4 --shard=1/4
2025-10-16T14:38:50.0194781Z   retry_wait_seconds: 10
2025-10-16T14:38:50.0194995Z   polling_interval_seconds: 1
2025-10-16T14:38:50.0195223Z   warning_on_retry: true
2025-10-16T14:38:50.0195411Z   continue_on_error: false
2025-10-16T14:38:50.0195611Z ##[endgroup]
2025-10-16T14:38:50.0866043Z ##[group]Attempt 1
2025-10-16T14:38:59.0083063Z ....................[33m[jest-util] garbage collection deletion mode already initialized, ignoring new mode[39m
2025-10-16T14:38:59.0084885Z [33m  Current: 'on'[39m
2025-10-16T14:38:59.0085710Z [33m  Given: 'soft'[39m
2025-10-16T14:38:59.0087088Z [33m[jest-util] garbage collection deletion mode already initialized, ignoring new mode[39m
2025-10-16T14:38:59.0088221Z [33m  Current: 'on'[39m
2025-10-16T14:38:59.0088889Z [33m  Given: 'soft'[39m
2025-10-16T14:38:59.0090010Z [33m[jest-util] garbage collection deletion mode already initialized, ignoring new mode[39m
2025-10-16T14:38:59.0091057Z [33m  Current: 'on'[39m
2025-10-16T14:38:59.0091712Z [33m  Given: 'soft'[39m
2025-10-16T14:38:59.0092888Z [33m[jest-util] garbage collection deletion mode already initialized, ignoring new mode[39m
2025-10-16T14:38:59.0094328Z [33m  Current: 'on'[39m
2025-10-16T14:38:59.0095163Z [33m  Given: 'soft'[39m
2025-10-16T14:38:59.0096374Z [33m[jest-util] garbage collection deletion mode already initialized, ignoring new mode[39m
2025-10-16T14:38:59.0097349Z [33m  Current: 'on'[39m
2025-10-16T14:38:59.0097977Z [33m  Given: 'soft'[39m
2025-10-16T14:38:59.0099074Z [33m[jest-util] garbage collection deletion mode already initialized, ignoring new mode[39m
2025-10-16T14:38:59.0100031Z [33m  Current: 'on'[39m
2025-10-16T14:38:59.0100630Z [33m  Given: 'soft'[39m
2025-10-16T14:39:05.9205040Z .....[33m[jest-util] garbage collection deletion mode already initialized, ignoring new mode[39m
2025-10-16T14:39:05.9216946Z [33m  Current: 'on'[39m
2025-10-16T14:39:05.9218125Z [33m  Given: 'soft'[39m
2025-10-16T14:39:05.9232039Z [33m[jest-util] garbage collection deletion mode already initialized, ignoring new mode[39m
2025-10-16T14:39:05.9233405Z [33m  Current: 'on'[39m
2025-10-16T14:39:05.9234259Z [33m  Given: 'soft'[39m
2025-10-16T14:39:05.9235678Z [33m[jest-util] garbage collection deletion mode already initialized, ignoring new mode[39m
2025-10-16T14:39:05.9236694Z [33m  Current: 'on'[39m
2025-10-16T14:39:05.9237316Z [33m  Given: 'soft'[39m
2025-10-16T14:39:05.9238489Z [33m[jest-util] garbage collection deletion mode already initialized, ignoring new mode[39m
2025-10-16T14:39:05.9239660Z [33m  Current: 'on'[39m
2025-10-16T14:39:05.9240396Z [33m  Given: 'soft'[39m
2025-10-16T14:39:05.9241666Z [33m[jest-util] garbage collection deletion mode already initialized, ignoring new mode[39m
2025-10-16T14:39:05.9242888Z [33m  Current: 'on'[39m
2025-10-16T14:39:05.9243627Z [33m  Given: 'soft'[39m
2025-10-16T14:39:05.9245049Z [33m[jest-util] garbage collection deletion mode already initialized, ignoring new mode[39m
2025-10-16T14:39:05.9252214Z [33m  Current: 'on'[39m
2025-10-16T14:39:05.9252933Z [33m  Given: 'soft'[39m
2025-10-16T14:39:05.9254119Z [33m[jest-util] garbage collection deletion mode already initialized, ignoring new mode[39m
2025-10-16T14:39:05.9255403Z [33m  Current: 'on'[39m
2025-10-16T14:39:05.9321015Z [33m  Given: 'soft'[39m
2025-10-16T14:39:26.2694815Z ..............[33m[jest-util] garbage collection deletion mode already initialized, ignoring new mode[39m
2025-10-16T14:39:26.2696253Z [33m  Current: 'on'[39m
2025-10-16T14:39:26.2696957Z [33m  Given: 'soft'[39m
2025-10-16T14:39:26.2698662Z [33m[jest-util] garbage collection deletion mode already initialized, ignoring new mode[39m
2025-10-16T14:39:26.2699899Z [33m  Current: 'on'[39m
2025-10-16T14:39:26.2700559Z [33m  Given: 'soft'[39m
2025-10-16T14:39:26.2701790Z [33m[jest-util] garbage collection deletion mode already initialized, ignoring new mode[39m
2025-10-16T14:39:26.2702875Z [33m  Current: 'on'[39m
2025-10-16T14:39:26.2703547Z [33m  Given: 'soft'[39m
2025-10-16T14:39:30.3921065Z ..[33m[jest-util] garbage collection deletion mode already initialized, ignoring new mode[39m
2025-10-16T14:39:30.3922512Z [33m  Current: 'on'[39m
2025-10-16T14:39:30.3936484Z [33m  Given: 'soft'[39m
2025-10-16T14:39:30.3937903Z [33m[jest-util] garbage collection deletion mode already initialized, ignoring new mode[39m
2025-10-16T14:39:30.3938706Z [33m  Current: 'on'[39m
2025-10-16T14:39:30.3939134Z [33m  Given: 'soft'[39m
2025-10-16T14:39:30.3940045Z [33m[jest-util] garbage collection deletion mode already initialized, ignoring new mode[39m
2025-10-16T14:39:30.3940806Z [33m  Current: 'on'[39m
2025-10-16T14:39:30.3941237Z [33m  Given: 'soft'[39m
2025-10-16T14:39:30.3942144Z [33m[jest-util] garbage collection deletion mode already initialized, ignoring new mode[39m
2025-10-16T14:39:30.3942994Z [33m  Current: 'on'[39m
2025-10-16T14:39:30.3943428Z [33m  Given: 'soft'[39m
2025-10-16T14:39:43.0811002Z ......[33m[jest-util] garbage collection deletion mode already initialized, ignoring new mode[39m
2025-10-16T14:39:43.0812255Z [33m  Current: 'on'[39m
2025-10-16T14:39:43.0813028Z [33m  Given: 'soft'[39m
2025-10-16T14:40:00.6305608Z ........................Warning: ReactDOMTestUtils is deprecated and will be removed in a future major release, because it exposes internal implementation details that are highly likely to change between releases. Upgrade to a modern testing library, such as @testing-library/react. See https://react.dev/warnings/react-dom-test-utils for more info.
2025-10-16T14:40:00.6309672Z Warning: ReactDOM.render is no longer supported in React 18. Use createRoot instead. Until you switch to the new API, your app will behave as if it's running React 17. Learn more: https://reactjs.org/link/switch-to-createroot
2025-10-16T14:40:09.9291079Z ...........[SKIP] Does not work on jest-circus
2025-10-16T14:40:11.7690231Z ..[SKIP] Does not work on jest-circus
2025-10-16T14:40:13.4370061Z ...[SKIP] Does not work on jest-circus
2025-10-16T14:40:21.5675271Z ...........[33m[jest-util] garbage collection deletion mode already initialized, ignoring new mode[39m
2025-10-16T14:40:21.5676620Z [33m  Current: 'on'[39m
2025-10-16T14:40:21.5677270Z [33m  Given: 'soft'[39m
2025-10-16T14:40:28.6113106Z ................[33m[jest-util] garbage collection deletion mode already initialized, ignoring new mode[39m
2025-10-16T14:40:28.6114878Z [33m  Current: 'on'[39m
2025-10-16T14:40:28.6115735Z [33m  Given: 'soft'[39m
2025-10-16T14:40:28.9398769Z ..[33m[jest-util] garbage collection deletion mode already initialized, ignoring new mode[39m
2025-10-16T14:40:28.9403688Z [33m  Current: 'on'[39m
2025-10-16T14:40:28.9408227Z [33m  Given: 'soft'[39m
2025-10-16T14:40:29.4844986Z .....
2025-10-16T14:40:29.4846256Z 
2025-10-16T14:40:29.4846269Z 
2025-10-16T14:40:29.4853729Z [1mTest Suites: [22m[1m[32m121 passed[39m[22m, 121 total
2025-10-16T14:40:29.4856065Z [1mTests:       [22m[1m[33m8 skipped[39m[22m, [1m[32m1233 passed[39m[22m, 1241 total
2025-10-16T14:40:29.4858044Z [1mSnapshots:   [22m[1m[32m290 passed[39m[22m, 290 total
2025-10-16T14:40:29.4858741Z [1mTime:[22m        97.698 s
2025-10-16T14:40:29.4859543Z [2mRan all test suites[22m[2m in [22m7[2m projects[22m[2m.[22m
2025-10-16T14:40:30.2406071Z Command completed after 1 attempt(s).
2025-10-16T14:40:30.2406999Z ##[endgroup]
2025-10-16T14:40:30.2488222Z Post job cleanup.
2025-10-16T14:40:30.3984331Z Cache hit occurred on the primary key node-cache-Linux-x64-yarn-5b8d3e7a37c4f7bcc7ca81b7d525e741cc68415e60aaca16c525750d4c67286c, not saving cache.
2025-10-16T14:40:30.4085859Z Post job cleanup.
2025-10-16T14:40:30.5017408Z [command]/usr/bin/git version
2025-10-16T14:40:30.5060854Z git version 2.51.0
2025-10-16T14:40:30.5103567Z Temporarily overriding HOME='/home/runner/work/_temp/ada2708a-0cc1-4c35-b9dc-70aa3e50ccd3' before making global git config changes
2025-10-16T14:40:30.5105272Z Adding repository directory to the temporary git global config as a safe directory
2025-10-16T14:40:30.5109733Z [command]/usr/bin/git config --global --add safe.directory /home/runner/work/jest/jest
2025-10-16T14:40:30.5142300Z [command]/usr/bin/git config --local --name-only --get-regexp core\.sshCommand
2025-10-16T14:40:30.5174410Z [command]/usr/bin/git submodule foreach --recursive sh -c "git config --local --name-only --get-regexp 'core\.sshCommand' && git config --local --unset-all 'core.sshCommand' || :"
2025-10-16T14:40:30.5398623Z [command]/usr/bin/git config --local --name-only --get-regexp http\.https\:\/\/github\.com\/\.extraheader
2025-10-16T14:40:30.5429875Z [command]/usr/bin/git submodule foreach --recursive sh -c "git config --local --name-only --get-regexp 'http\.https\:\/\/github\.com\/\.extraheader' && git config --local --unset-all 'http.https://github.com/.extraheader' || :"
2025-10-16T14:40:30.5801160Z Cleaning up orphan processes
