2025-10-01T06:47:57.8464360Z Current runner version: '2.328.0'
2025-10-01T06:47:57.8491275Z ##[group]Runner Image Provisioner
2025-10-01T06:47:57.8492200Z Hosted Compute Agent
2025-10-01T06:47:57.8492791Z Version: 20250912.392
2025-10-01T06:47:57.8493355Z Commit: d921fda672a98b64f4f82364647e2f10b2267d0b
2025-10-01T06:47:57.8494086Z Build Date: 2025-09-12T15:23:14Z
2025-10-01T06:47:57.8494670Z ##[endgroup]
2025-10-01T06:47:57.8495226Z ##[group]Operating System
2025-10-01T06:47:57.8495833Z Ubuntu
2025-10-01T06:47:57.8496300Z 24.04.3
2025-10-01T06:47:57.8496767Z LTS
2025-10-01T06:47:57.8497177Z ##[endgroup]
2025-10-01T06:47:57.8497738Z ##[group]Runner Image
2025-10-01T06:47:57.8498274Z Image: ubuntu-24.04
2025-10-01T06:47:57.8498765Z Version: 20250922.53.1
2025-10-01T06:47:57.8499984Z Included Software: https://github.com/actions/runner-images/blob/ubuntu24/20250922.53/images/ubuntu/Ubuntu2404-Readme.md
2025-10-01T06:47:57.8501543Z Image Release: https://github.com/actions/runner-images/releases/tag/ubuntu24%2F20250922.53
2025-10-01T06:47:57.8502747Z ##[endgroup]
2025-10-01T06:47:57.8503816Z ##[group]GITHUB_TOKEN Permissions
2025-10-01T06:47:57.8505959Z Contents: read
2025-10-01T06:47:57.8506485Z Metadata: read
2025-10-01T06:47:57.8506975Z Packages: read
2025-10-01T06:47:57.8507567Z ##[endgroup]
2025-10-01T06:47:57.8509960Z Secret source: Dependabot
2025-10-01T06:47:57.8511106Z Prepare workflow directory
2025-10-01T06:47:57.9040843Z Prepare all required actions
2025-10-01T06:47:57.9079922Z Getting action download info
2025-10-01T06:47:58.2120082Z Download action repository 'actions/checkout@v5' (SHA:08c6903cd8c0fde910a37f88322edcfb5dd907a8)
2025-10-01T06:47:58.3981281Z Download action repository 'actions/upload-artifact@v4' (SHA:ea165f8d65b6e75b540449e92b4886f43607fa02)
2025-10-01T06:47:58.5780856Z Complete job name: linux (amd64)
2025-10-01T06:47:58.6379401Z ##[group]Run actions/checkout@v5
2025-10-01T06:47:58.6380265Z with:
2025-10-01T06:47:58.6380648Z   submodules: true
2025-10-01T06:47:58.6381060Z   repository: jqlang/jq
2025-10-01T06:47:58.6381659Z   token: ***
2025-10-01T06:47:58.6382029Z   ssh-strict: true
2025-10-01T06:47:58.6382413Z   ssh-user: git
2025-10-01T06:47:58.6382801Z   persist-credentials: true
2025-10-01T06:47:58.6383241Z   clean: true
2025-10-01T06:47:58.6383626Z   sparse-checkout-cone-mode: true
2025-10-01T06:47:58.6384099Z   fetch-depth: 1
2025-10-01T06:47:58.6384483Z   fetch-tags: false
2025-10-01T06:47:58.6384873Z   show-progress: true
2025-10-01T06:47:58.6385276Z   lfs: false
2025-10-01T06:47:58.6385640Z   set-safe-directory: true
2025-10-01T06:47:58.6386270Z env:
2025-10-01T06:47:58.6386639Z   AR: x86_64-linux-gnu-ar
2025-10-01T06:47:58.6387079Z   CHOST: x86_64-linux-gnu
2025-10-01T06:47:58.6387505Z   CC: x86_64-linux-gnu-gcc
2025-10-01T06:47:58.6387938Z   CPP: x86_64-linux-gnu-cpp
2025-10-01T06:47:58.6388402Z   LDFLAGS: -s
2025-10-01T06:47:58.6388775Z   SUFFIX: linux-amd64
2025-10-01T06:47:58.6389398Z ##[endgroup]
2025-10-01T06:47:58.7318718Z Syncing repository: jqlang/jq
2025-10-01T06:47:58.7320781Z ##[group]Getting Git version info
2025-10-01T06:47:58.7321494Z Working directory is '/home/runner/work/jq/jq'
2025-10-01T06:47:58.7322343Z [command]/usr/bin/git version
2025-10-01T06:47:58.7391522Z git version 2.51.0
2025-10-01T06:47:58.7412157Z ##[endgroup]
2025-10-01T06:47:58.7427893Z Temporarily overriding HOME='/home/runner/work/_temp/d84fc968-52eb-4b8e-a9de-e802e0c4bf1c' before making global git config changes
2025-10-01T06:47:58.7430441Z Adding repository directory to the temporary git global config as a safe directory
2025-10-01T06:47:58.7433628Z [command]/usr/bin/git config --global --add safe.directory /home/runner/work/jq/jq
2025-10-01T06:47:58.7470117Z Deleting the contents of '/home/runner/work/jq/jq'
2025-10-01T06:47:58.7473708Z ##[group]Initializing the repository
2025-10-01T06:47:58.7478305Z [command]/usr/bin/git init /home/runner/work/jq/jq
2025-10-01T06:47:58.7575945Z hint: Using 'master' as the name for the initial branch. This default branch name
2025-10-01T06:47:58.7577384Z hint: is subject to change. To configure the initial branch name to use in all
2025-10-01T06:47:58.7579469Z hint: of your new repositories, which will suppress this warning, call:
2025-10-01T06:47:58.7580606Z hint:
2025-10-01T06:47:58.7581336Z hint: 	git config --global init.defaultBranch <name>
2025-10-01T06:47:58.7582286Z hint:
2025-10-01T06:47:58.7582867Z hint: Names commonly chosen instead of 'master' are 'main', 'trunk' and
2025-10-01T06:47:58.7583775Z hint: 'development'. The just-created branch can be renamed via this command:
2025-10-01T06:47:58.7584474Z hint:
2025-10-01T06:47:58.7584847Z hint: 	git branch -m <name>
2025-10-01T06:47:58.7585298Z hint:
2025-10-01T06:47:58.7585868Z hint: Disable this message with "git config set advice.defaultBranchName false"
2025-10-01T06:47:58.7586908Z Initialized empty Git repository in /home/runner/work/jq/jq/.git/
2025-10-01T06:47:58.7592122Z [command]/usr/bin/git remote add origin https://github.com/jqlang/jq
2025-10-01T06:47:58.7627843Z ##[endgroup]
2025-10-01T06:47:58.7628555Z ##[group]Disabling automatic garbage collection
2025-10-01T06:47:58.7631581Z [command]/usr/bin/git config --local gc.auto 0
2025-10-01T06:47:58.7658632Z ##[endgroup]
2025-10-01T06:47:58.7659514Z ##[group]Setting up auth
2025-10-01T06:47:58.7664813Z [command]/usr/bin/git config --local --name-only --get-regexp core\.sshCommand
2025-10-01T06:47:58.7694562Z [command]/usr/bin/git submodule foreach --recursive sh -c "git config --local --name-only --get-regexp 'core\.sshCommand' && git config --local --unset-all 'core.sshCommand' || :"
2025-10-01T06:47:58.8036318Z [command]/usr/bin/git config --local --name-only --get-regexp http\.https\:\/\/github\.com\/\.extraheader
2025-10-01T06:47:58.8066154Z [command]/usr/bin/git submodule foreach --recursive sh -c "git config --local --name-only --get-regexp 'http\.https\:\/\/github\.com\/\.extraheader' && git config --local --unset-all 'http.https://github.com/.extraheader' || :"
2025-10-01T06:47:58.8294493Z [command]/usr/bin/git config --local http.https://github.com/.extraheader AUTHORIZATION: basic ***
2025-10-01T06:47:58.8329350Z ##[endgroup]
2025-10-01T06:47:58.8337746Z ##[group]Fetching the repository
2025-10-01T06:47:58.8339307Z [command]/usr/bin/git -c protocol.version=2 fetch --no-tags --prune --no-recurse-submodules --depth=1 origin +c9c96b3cdd4f74ea5f2f2efa7d3357bb1f9024cf:refs/remotes/origin/master
2025-10-01T06:47:59.1316119Z From https://github.com/jqlang/jq
2025-10-01T06:47:59.1317407Z  * [new ref]         c9c96b3cdd4f74ea5f2f2efa7d3357bb1f9024cf -> origin/master
2025-10-01T06:47:59.1347575Z ##[endgroup]
2025-10-01T06:47:59.1348638Z ##[group]Determining the checkout info
2025-10-01T06:47:59.1349990Z ##[endgroup]
2025-10-01T06:47:59.1354823Z [command]/usr/bin/git sparse-checkout disable
2025-10-01T06:47:59.1394992Z [command]/usr/bin/git config --local --unset-all extensions.worktreeConfig
2025-10-01T06:47:59.1423965Z ##[group]Checking out the ref
2025-10-01T06:47:59.1424827Z [command]/usr/bin/git checkout --progress --force -B master refs/remotes/origin/master
2025-10-01T06:47:59.1753534Z Reset branch 'master'
2025-10-01T06:47:59.1755241Z branch 'master' set up to track 'origin/master'.
2025-10-01T06:47:59.1763369Z ##[endgroup]
2025-10-01T06:47:59.1764451Z ##[group]Setting up auth for fetching submodules
2025-10-01T06:47:59.1768489Z [command]/usr/bin/git config --global http.https://github.com/.extraheader AUTHORIZATION: basic ***
2025-10-01T06:47:59.1803357Z [command]/usr/bin/git config --global --unset-all url.https://github.com/.insteadOf
2025-10-01T06:47:59.1832890Z [command]/usr/bin/git config --global --add url.https://github.com/.insteadOf git@github.com:
2025-10-01T06:47:59.1862633Z [command]/usr/bin/git config --global --add url.https://github.com/.insteadOf org-104800540@github.com:
2025-10-01T06:47:59.1895086Z ##[endgroup]
2025-10-01T06:47:59.1896221Z ##[group]Fetching submodules
2025-10-01T06:47:59.1899760Z [command]/usr/bin/git submodule sync
2025-10-01T06:47:59.2124493Z [command]/usr/bin/git -c protocol.version=2 submodule update --init --force --depth=1
2025-10-01T06:47:59.2337924Z Submodule 'vendor/oniguruma' (https://github.com/kkos/oniguruma.git) registered for path 'vendor/oniguruma'
2025-10-01T06:47:59.2362591Z Cloning into '/home/runner/work/jq/jq/vendor/oniguruma'...
2025-10-01T06:48:00.0570886Z From https://github.com/kkos/oniguruma
2025-10-01T06:48:00.0572903Z  * branch            4ef89209a239c1aea328cf13c05a2807e5c146d1 -> FETCH_HEAD
2025-10-01T06:48:00.0823716Z Submodule path 'vendor/oniguruma': checked out '4ef89209a239c1aea328cf13c05a2807e5c146d1'
2025-10-01T06:48:00.0837357Z [command]/usr/bin/git submodule foreach git config --local gc.auto 0
2025-10-01T06:48:00.1047509Z Entering 'vendor/oniguruma'
2025-10-01T06:48:00.1078846Z ##[endgroup]
2025-10-01T06:48:00.1080851Z ##[group]Persisting credentials for submodules
2025-10-01T06:48:00.1087991Z [command]/usr/bin/git submodule foreach --recursive sh -c "git config --local --name-only --get-regexp 'url\.https\:\/\/github\.com\/\.insteadOf' && git config --local --unset-all 'url.https://github.com/.insteadOf' || :"
2025-10-01T06:48:00.1292652Z Entering 'vendor/oniguruma'
2025-10-01T06:48:00.1347577Z [command]/usr/bin/git submodule foreach sh -c "git config --local 'http.https://github.com/.extraheader' 'AUTHORIZATION: basic ***' && git config --local --show-origin --name-only --get-regexp remote.origin.url"
2025-10-01T06:48:00.1550253Z Entering 'vendor/oniguruma'
2025-10-01T06:48:00.1589879Z file:/home/runner/work/jq/jq/.git/modules/vendor/oniguruma/config	remote.origin.url
2025-10-01T06:48:00.1615039Z [command]/usr/bin/git submodule foreach git config --local --add 'url.https://github.com/.insteadOf' 'git@github.com:'
2025-10-01T06:48:00.1825878Z Entering 'vendor/oniguruma'
2025-10-01T06:48:00.1862430Z [command]/usr/bin/git submodule foreach git config --local --add 'url.https://github.com/.insteadOf' 'org-104800540@github.com:'
2025-10-01T06:48:00.2068168Z Entering 'vendor/oniguruma'
2025-10-01T06:48:00.2100378Z ##[endgroup]
2025-10-01T06:48:00.2134098Z [command]/usr/bin/git log -1 --format=%H
2025-10-01T06:48:00.2156981Z c9c96b3cdd4f74ea5f2f2efa7d3357bb1f9024cf
2025-10-01T06:48:00.2363933Z ##[group]Run sudo apt-get update
2025-10-01T06:48:00.2365130Z [36;1msudo apt-get update[0m
2025-10-01T06:48:00.2366769Z [36;1msudo apt-get install -y automake autoconf libtool crossbuild-essential-amd64[0m
2025-10-01T06:48:00.2404802Z shell: /usr/bin/bash -e {0}
2025-10-01T06:48:00.2405752Z env:
2025-10-01T06:48:00.2406448Z   AR: x86_64-linux-gnu-ar
2025-10-01T06:48:00.2407322Z   CHOST: x86_64-linux-gnu
2025-10-01T06:48:00.2408209Z   CC: x86_64-linux-gnu-gcc
2025-10-01T06:48:00.2409367Z   CPP: x86_64-linux-gnu-cpp
2025-10-01T06:48:00.2410284Z   LDFLAGS: -s
2025-10-01T06:48:00.2411040Z   SUFFIX: linux-amd64
2025-10-01T06:48:00.2411862Z ##[endgroup]
2025-10-01T06:48:00.3132442Z Get:1 file:/etc/apt/apt-mirrors.txt Mirrorlist [144 B]
2025-10-01T06:48:00.3577826Z Hit:6 https://packages.microsoft.com/repos/azure-cli noble InRelease
2025-10-01T06:48:00.3581585Z Hit:2 http://azure.archive.ubuntu.com/ubuntu noble InRelease
2025-10-01T06:48:00.3584891Z Get:7 https://packages.microsoft.com/ubuntu/24.04/prod noble InRelease [3600 B]
2025-10-01T06:48:00.3625959Z Get:3 http://azure.archive.ubuntu.com/ubuntu noble-updates InRelease [126 kB]
2025-10-01T06:48:00.3682713Z Get:4 http://azure.archive.ubuntu.com/ubuntu noble-backports InRelease [126 kB]
2025-10-01T06:48:00.3713073Z Get:5 http://azure.archive.ubuntu.com/ubuntu noble-security InRelease [126 kB]
2025-10-01T06:48:00.5264437Z Get:8 https://packages.microsoft.com/ubuntu/24.04/prod noble/main arm64 Packages [39.7 kB]
2025-10-01T06:48:00.5384090Z Get:9 https://packages.microsoft.com/ubuntu/24.04/prod noble/main amd64 Packages [57.4 kB]
2025-10-01T06:48:00.5762722Z Get:10 http://azure.archive.ubuntu.com/ubuntu noble-updates/main amd64 Packages [1475 kB]
2025-10-01T06:48:00.5871664Z Get:11 http://azure.archive.ubuntu.com/ubuntu noble-updates/main Translation-en [285 kB]
2025-10-01T06:48:00.5897206Z Get:12 http://azure.archive.ubuntu.com/ubuntu noble-updates/main amd64 Components [175 kB]
2025-10-01T06:48:00.5923493Z Get:13 http://azure.archive.ubuntu.com/ubuntu noble-updates/main amd64 c-n-f Metadata [15.3 kB]
2025-10-01T06:48:00.5936156Z Get:14 http://azure.archive.ubuntu.com/ubuntu noble-updates/universe amd64 Packages [1486 kB]
2025-10-01T06:48:00.6033559Z Get:15 http://azure.archive.ubuntu.com/ubuntu noble-updates/universe Translation-en [300 kB]
2025-10-01T06:48:00.6061977Z Get:16 http://azure.archive.ubuntu.com/ubuntu noble-updates/universe amd64 Components [377 kB]
2025-10-01T06:48:00.6095271Z Get:17 http://azure.archive.ubuntu.com/ubuntu noble-updates/universe amd64 c-n-f Metadata [31.1 kB]
2025-10-01T06:48:00.6111425Z Get:18 http://azure.archive.ubuntu.com/ubuntu noble-updates/restricted amd64 Packages [2034 kB]
2025-10-01T06:48:00.6224848Z Get:19 http://azure.archive.ubuntu.com/ubuntu noble-updates/restricted Translation-en [458 kB]
2025-10-01T06:48:00.6691266Z Get:20 http://azure.archive.ubuntu.com/ubuntu noble-updates/restricted amd64 Components [212 B]
2025-10-01T06:48:00.6706698Z Get:21 http://azure.archive.ubuntu.com/ubuntu noble-updates/multiverse Translation-en [6116 B]
2025-10-01T06:48:00.6719186Z Get:22 http://azure.archive.ubuntu.com/ubuntu noble-updates/multiverse amd64 Components [940 B]
2025-10-01T06:48:00.6776279Z Get:23 http://azure.archive.ubuntu.com/ubuntu noble-backports/main amd64 Packages [40.4 kB]
2025-10-01T06:48:00.6831152Z Get:24 http://azure.archive.ubuntu.com/ubuntu noble-backports/main Translation-en [9208 B]
2025-10-01T06:48:00.6832429Z Get:25 http://azure.archive.ubuntu.com/ubuntu noble-backports/main amd64 Components [7144 B]
2025-10-01T06:48:00.6885138Z Get:26 http://azure.archive.ubuntu.com/ubuntu noble-backports/main amd64 c-n-f Metadata [368 B]
2025-10-01T06:48:00.6900644Z Get:27 http://azure.archive.ubuntu.com/ubuntu noble-backports/universe amd64 Packages [28.9 kB]
2025-10-01T06:48:00.6915616Z Get:28 http://azure.archive.ubuntu.com/ubuntu noble-backports/universe Translation-en [17.5 kB]
2025-10-01T06:48:00.6929647Z Get:29 http://azure.archive.ubuntu.com/ubuntu noble-backports/universe amd64 Components [11.0 kB]
2025-10-01T06:48:00.6945594Z Get:30 http://azure.archive.ubuntu.com/ubuntu noble-backports/universe amd64 c-n-f Metadata [1444 B]
2025-10-01T06:48:00.6958871Z Get:31 http://azure.archive.ubuntu.com/ubuntu noble-backports/restricted amd64 Components [216 B]
2025-10-01T06:48:00.6977692Z Get:32 http://azure.archive.ubuntu.com/ubuntu noble-backports/multiverse amd64 Components [212 B]
2025-10-01T06:48:00.6992302Z Get:33 http://azure.archive.ubuntu.com/ubuntu noble-security/main amd64 Packages [1171 kB]
2025-10-01T06:48:00.7491603Z Get:34 http://azure.archive.ubuntu.com/ubuntu noble-security/main Translation-en [198 kB]
2025-10-01T06:48:00.7518441Z Get:35 http://azure.archive.ubuntu.com/ubuntu noble-security/main amd64 Components [21.6 kB]
2025-10-01T06:48:00.7532447Z Get:36 http://azure.archive.ubuntu.com/ubuntu noble-security/main amd64 c-n-f Metadata [8744 B]
2025-10-01T06:48:00.7545128Z Get:37 http://azure.archive.ubuntu.com/ubuntu noble-security/universe amd64 Packages [880 kB]
2025-10-01T06:48:00.7614958Z Get:38 http://azure.archive.ubuntu.com/ubuntu noble-security/universe Translation-en [195 kB]
2025-10-01T06:48:00.7642397Z Get:39 http://azure.archive.ubuntu.com/ubuntu noble-security/universe amd64 Components [52.2 kB]
2025-10-01T06:48:00.7656889Z Get:40 http://azure.archive.ubuntu.com/ubuntu noble-security/universe amd64 c-n-f Metadata [18.0 kB]
2025-10-01T06:48:00.7672694Z Get:41 http://azure.archive.ubuntu.com/ubuntu noble-security/restricted amd64 Packages [1872 kB]
2025-10-01T06:48:00.7795004Z Get:42 http://azure.archive.ubuntu.com/ubuntu noble-security/restricted Translation-en [423 kB]
2025-10-01T06:48:00.7830340Z Get:43 http://azure.archive.ubuntu.com/ubuntu noble-security/restricted amd64 Components [208 B]
2025-10-01T06:48:00.7844718Z Get:44 http://azure.archive.ubuntu.com/ubuntu noble-security/multiverse amd64 Components [212 B]
2025-10-01T06:48:09.3424619Z Fetched 12.1 MB in 1s (8211 kB/s)
2025-10-01T06:48:10.0893922Z Reading package lists...
2025-10-01T06:48:10.1220271Z Reading package lists...
2025-10-01T06:48:10.3145743Z Building dependency tree...
2025-10-01T06:48:10.3153081Z Reading state information...
2025-10-01T06:48:10.4856407Z automake is already the newest version (1:1.16.5-1.3ubuntu1).
2025-10-01T06:48:10.4857188Z autoconf is already the newest version (2.71-3).
2025-10-01T06:48:10.4857734Z libtool is already the newest version (2.4.7-7build1).
2025-10-01T06:48:10.4858282Z The following additional packages will be installed:
2025-10-01T06:48:10.4859563Z   cross-config dpkg-cross libconfig-auto-perl libconfig-inifiles-perl
2025-10-01T06:48:10.4860357Z   libdebian-dpkgcross-perl libfile-homedir-perl libfile-which-perl
2025-10-01T06:48:10.4867309Z   libio-string-perl libxml-simple-perl libyaml-libyaml-perl libyaml-perl
2025-10-01T06:48:10.4874386Z Suggested packages:
2025-10-01T06:48:10.4874762Z   binutils-multiarch libyaml-shell-perl
2025-10-01T06:48:10.5090103Z The following NEW packages will be installed:
2025-10-01T06:48:10.5091548Z   cross-config crossbuild-essential-amd64 dpkg-cross libconfig-auto-perl
2025-10-01T06:48:10.5092560Z   libconfig-inifiles-perl libdebian-dpkgcross-perl libfile-homedir-perl
2025-10-01T06:48:10.5096309Z   libfile-which-perl libio-string-perl libxml-simple-perl libyaml-libyaml-perl
2025-10-01T06:48:10.5099298Z   libyaml-perl
2025-10-01T06:48:10.5284198Z 0 upgraded, 12 newly installed, 0 to remove and 27 not upgraded.
2025-10-01T06:48:10.5284842Z Need to get 336 kB of archives.
2025-10-01T06:48:10.5285388Z After this operation, 978 kB of additional disk space will be used.
2025-10-01T06:48:10.5286029Z Get:1 file:/etc/apt/apt-mirrors.txt Mirrorlist [144 B]
2025-10-01T06:48:10.5633114Z Get:2 http://azure.archive.ubuntu.com/ubuntu noble/main amd64 libconfig-inifiles-perl all 3.000003-2 [39.4 kB]
2025-10-01T06:48:10.5801901Z Get:3 http://azure.archive.ubuntu.com/ubuntu noble/main amd64 libio-string-perl all 1.08-4 [11.1 kB]
2025-10-01T06:48:10.5989984Z Get:4 http://azure.archive.ubuntu.com/ubuntu noble/main amd64 libxml-simple-perl all 2.25-2 [64.1 kB]
2025-10-01T06:48:10.6162217Z Get:5 http://azure.archive.ubuntu.com/ubuntu noble/main amd64 libyaml-perl all 1.31-1 [65.7 kB]
2025-10-01T06:48:10.6322794Z Get:6 http://azure.archive.ubuntu.com/ubuntu noble/main amd64 libconfig-auto-perl all 0.44-2 [17.1 kB]
2025-10-01T06:48:10.6475936Z Get:7 http://azure.archive.ubuntu.com/ubuntu noble/main amd64 libfile-which-perl all 1.27-2 [12.5 kB]
2025-10-01T06:48:10.6629174Z Get:8 http://azure.archive.ubuntu.com/ubuntu noble/main amd64 libfile-homedir-perl all 1.006-2 [37.0 kB]
2025-10-01T06:48:10.6785873Z Get:9 http://azure.archive.ubuntu.com/ubuntu noble/main amd64 libdebian-dpkgcross-perl all 2.6.20 [15.6 kB]
2025-10-01T06:48:10.6955421Z Get:10 http://azure.archive.ubuntu.com/ubuntu noble/main amd64 cross-config all 2.6.20 [16.5 kB]
2025-10-01T06:48:10.7110259Z Get:11 http://azure.archive.ubuntu.com/ubuntu noble/main amd64 dpkg-cross all 2.6.20 [22.2 kB]
2025-10-01T06:48:10.7281436Z Get:12 http://azure.archive.ubuntu.com/ubuntu noble/universe amd64 crossbuild-essential-amd64 all 12.10ubuntu1 [3872 B]
2025-10-01T06:48:10.7433208Z Get:13 http://azure.archive.ubuntu.com/ubuntu noble-updates/main amd64 libyaml-libyaml-perl amd64 0.89+ds-1ubuntu0.24.04.1 [30.7 kB]
2025-10-01T06:48:11.0040359Z Fetched 336 kB in 0s (1483 kB/s)
2025-10-01T06:48:11.0270618Z Selecting previously unselected package libconfig-inifiles-perl.
2025-10-01T06:48:11.0647298Z (Reading database ... 
2025-10-01T06:48:11.0647773Z (Reading database ... 5%
2025-10-01T06:48:11.0648047Z (Reading database ... 10%
2025-10-01T06:48:11.0648311Z (Reading database ... 15%
2025-10-01T06:48:11.0648546Z (Reading database ... 20%
2025-10-01T06:48:11.0648781Z (Reading database ... 25%
2025-10-01T06:48:11.0649274Z (Reading database ... 30%
2025-10-01T06:48:11.0649526Z (Reading database ... 35%
2025-10-01T06:48:11.0649822Z (Reading database ... 40%
2025-10-01T06:48:11.0650056Z (Reading database ... 45%
2025-10-01T06:48:11.0650280Z (Reading database ... 50%
2025-10-01T06:48:11.1096903Z (Reading database ... 55%
2025-10-01T06:48:11.3506028Z (Reading database ... 60%
2025-10-01T06:48:11.5297108Z (Reading database ... 65%
2025-10-01T06:48:11.7524198Z (Reading database ... 70%
2025-10-01T06:48:11.9297307Z (Reading database ... 75%
2025-10-01T06:48:12.1545940Z (Reading database ... 80%
2025-10-01T06:48:12.4100264Z (Reading database ... 85%
2025-10-01T06:48:12.6489400Z (Reading database ... 90%
2025-10-01T06:48:12.9065140Z (Reading database ... 95%
2025-10-01T06:48:12.9065479Z (Reading database ... 100%
2025-10-01T06:48:12.9065876Z (Reading database ... 214164 files and directories currently installed.)
2025-10-01T06:48:12.9112781Z Preparing to unpack .../00-libconfig-inifiles-perl_3.000003-2_all.deb ...
2025-10-01T06:48:12.9140406Z Unpacking libconfig-inifiles-perl (3.000003-2) ...
2025-10-01T06:48:12.9547558Z Selecting previously unselected package libio-string-perl.
2025-10-01T06:48:12.9680385Z Preparing to unpack .../01-libio-string-perl_1.08-4_all.deb ...
2025-10-01T06:48:12.9696670Z Unpacking libio-string-perl (1.08-4) ...
2025-10-01T06:48:13.0046285Z Selecting previously unselected package libxml-simple-perl.
2025-10-01T06:48:13.0182408Z Preparing to unpack .../02-libxml-simple-perl_2.25-2_all.deb ...
2025-10-01T06:48:13.0199151Z Unpacking libxml-simple-perl (2.25-2) ...
2025-10-01T06:48:13.0727642Z Selecting previously unselected package libyaml-perl.
2025-10-01T06:48:13.0861540Z Preparing to unpack .../03-libyaml-perl_1.31-1_all.deb ...
2025-10-01T06:48:13.0873279Z Unpacking libyaml-perl (1.31-1) ...
2025-10-01T06:48:13.1469426Z Selecting previously unselected package libconfig-auto-perl.
2025-10-01T06:48:13.1604816Z Preparing to unpack .../04-libconfig-auto-perl_0.44-2_all.deb ...
2025-10-01T06:48:13.1633460Z Unpacking libconfig-auto-perl (0.44-2) ...
2025-10-01T06:48:13.1868070Z Selecting previously unselected package libfile-which-perl.
2025-10-01T06:48:13.2005089Z Preparing to unpack .../05-libfile-which-perl_1.27-2_all.deb ...
2025-10-01T06:48:13.2017578Z Unpacking libfile-which-perl (1.27-2) ...
2025-10-01T06:48:13.2248907Z Selecting previously unselected package libfile-homedir-perl.
2025-10-01T06:48:13.2385864Z Preparing to unpack .../06-libfile-homedir-perl_1.006-2_all.deb ...
2025-10-01T06:48:13.2401272Z Unpacking libfile-homedir-perl (1.006-2) ...
2025-10-01T06:48:13.2771930Z Selecting previously unselected package libdebian-dpkgcross-perl.
2025-10-01T06:48:13.2910085Z Preparing to unpack .../07-libdebian-dpkgcross-perl_2.6.20_all.deb ...
2025-10-01T06:48:13.2922606Z Unpacking libdebian-dpkgcross-perl (2.6.20) ...
2025-10-01T06:48:13.3163396Z Selecting previously unselected package cross-config.
2025-10-01T06:48:13.3299676Z Preparing to unpack .../08-cross-config_2.6.20_all.deb ...
2025-10-01T06:48:13.3313143Z Unpacking cross-config (2.6.20) ...
2025-10-01T06:48:13.3594852Z Selecting previously unselected package dpkg-cross.
2025-10-01T06:48:13.3734595Z Preparing to unpack .../09-dpkg-cross_2.6.20_all.deb ...
2025-10-01T06:48:13.3746323Z Unpacking dpkg-cross (2.6.20) ...
2025-10-01T06:48:13.4011875Z Selecting previously unselected package crossbuild-essential-amd64.
2025-10-01T06:48:13.4148284Z Preparing to unpack .../10-crossbuild-essential-amd64_12.10ubuntu1_all.deb ...
2025-10-01T06:48:13.4162790Z Unpacking crossbuild-essential-amd64 (12.10ubuntu1) ...
2025-10-01T06:48:13.4379986Z Selecting previously unselected package libyaml-libyaml-perl.
2025-10-01T06:48:13.4520199Z Preparing to unpack .../11-libyaml-libyaml-perl_0.89+ds-1ubuntu0.24.04.1_amd64.deb ...
2025-10-01T06:48:13.4534915Z Unpacking libyaml-libyaml-perl (0.89+ds-1ubuntu0.24.04.1) ...
2025-10-01T06:48:13.4978098Z Setting up libconfig-inifiles-perl (3.000003-2) ...
2025-10-01T06:48:13.5035137Z Setting up libfile-which-perl (1.27-2) ...
2025-10-01T06:48:13.5067402Z Setting up libyaml-libyaml-perl (0.89+ds-1ubuntu0.24.04.1) ...
2025-10-01T06:48:13.5099632Z Setting up libyaml-perl (1.31-1) ...
2025-10-01T06:48:13.5132037Z Setting up libio-string-perl (1.08-4) ...
2025-10-01T06:48:13.5160630Z Setting up cross-config (2.6.20) ...
2025-10-01T06:48:13.5474215Z Setting up libxml-simple-perl (2.25-2) ...
2025-10-01T06:48:13.5506641Z Setting up libfile-homedir-perl (1.006-2) ...
2025-10-01T06:48:13.5534751Z Setting up libconfig-auto-perl (0.44-2) ...
2025-10-01T06:48:13.5565315Z Setting up libdebian-dpkgcross-perl (2.6.20) ...
2025-10-01T06:48:13.5615067Z Setting up dpkg-cross (2.6.20) ...
2025-10-01T06:48:13.5673403Z Setting up crossbuild-essential-amd64 (12.10ubuntu1) ...
2025-10-01T06:48:13.5716812Z Processing triggers for man-db (2.12.0-4build2) ...
2025-10-01T06:48:28.2621921Z 
2025-10-01T06:48:28.2622728Z Running kernel seems to be up-to-date.
2025-10-01T06:48:28.2623172Z 
2025-10-01T06:48:28.2623348Z Restarting services...
2025-10-01T06:48:28.2691824Z 
2025-10-01T06:48:28.2692134Z Service restarts being deferred:
2025-10-01T06:48:28.2695314Z  systemctl restart hosted-compute-agent.service
2025-10-01T06:48:28.2695540Z 
2025-10-01T06:48:28.2695977Z No containers need to be restarted.
2025-10-01T06:48:28.2696284Z 
2025-10-01T06:48:28.2696507Z No user sessions are running outdated binaries.
2025-10-01T06:48:28.2696841Z 
2025-10-01T06:48:28.2697127Z No VM guests are running outdated hypervisor (qemu) binaries on this host.
2025-10-01T06:48:29.1813561Z ##[group]Run autoreconf -i
2025-10-01T06:48:29.1813860Z [36;1mautoreconf -i[0m
2025-10-01T06:48:29.1814080Z [36;1m./configure \[0m
2025-10-01T06:48:29.1814337Z [36;1m  --host=x86_64-linux-gnu \[0m
2025-10-01T06:48:29.1814594Z [36;1m  --disable-docs \[0m
2025-10-01T06:48:29.1814829Z [36;1m  --with-oniguruma=builtin \[0m
2025-10-01T06:48:29.1815086Z [36;1m  --enable-static \[0m
2025-10-01T06:48:29.1815315Z [36;1m  --enable-all-static \[0m
2025-10-01T06:48:29.1815609Z [36;1m  CFLAGS="-O2 -pthread -fstack-protector-all"[0m
2025-10-01T06:48:29.1815908Z [36;1mmake -j"$(nproc)"[0m
2025-10-01T06:48:29.1816138Z [36;1mfile ./jq[0m
2025-10-01T06:48:29.1816347Z [36;1mcp ./jq jq-linux-amd64[0m
2025-10-01T06:48:29.1850416Z shell: /usr/bin/bash -e {0}
2025-10-01T06:48:29.1850655Z env:
2025-10-01T06:48:29.1850847Z   AR: x86_64-linux-gnu-ar
2025-10-01T06:48:29.1851070Z   CHOST: x86_64-linux-gnu
2025-10-01T06:48:29.1851280Z   CC: x86_64-linux-gnu-gcc
2025-10-01T06:48:29.1851535Z   CPP: x86_64-linux-gnu-cpp
2025-10-01T06:48:29.1851746Z   LDFLAGS: -s
2025-10-01T06:48:29.1851935Z   SUFFIX: linux-amd64
2025-10-01T06:48:29.1852128Z ##[endgroup]
2025-10-01T06:48:34.3291107Z libtoolize: putting auxiliary files in '.'.
2025-10-01T06:48:34.3291643Z libtoolize: copying file './ltmain.sh'
2025-10-01T06:48:34.3466128Z libtoolize: putting macros in AC_CONFIG_MACRO_DIRS, 'm4'.
2025-10-01T06:48:34.3466700Z libtoolize: copying file 'm4/libtool.m4'
2025-10-01T06:48:34.3631710Z libtoolize: copying file 'm4/ltoptions.m4'
2025-10-01T06:48:34.3807308Z libtoolize: copying file 'm4/ltsugar.m4'
2025-10-01T06:48:34.3979343Z libtoolize: copying file 'm4/ltversion.m4'
2025-10-01T06:48:34.4152055Z libtoolize: copying file 'm4/lt~obsolete.m4'
2025-10-01T06:48:36.3528441Z libtoolize: putting auxiliary files in AC_CONFIG_AUX_DIR, 'config'.
2025-10-01T06:48:36.3529294Z libtoolize: copying file 'config/ltmain.sh'
2025-10-01T06:48:36.3651101Z libtoolize: putting macros in AC_CONFIG_MACRO_DIRS, 'config/m4'.
2025-10-01T06:48:36.3651742Z libtoolize: copying file 'config/m4/libtool.m4'
2025-10-01T06:48:36.3993537Z libtoolize: copying file 'config/m4/ltoptions.m4'
2025-10-01T06:48:36.4337368Z libtoolize: copying file 'config/m4/ltsugar.m4'
2025-10-01T06:48:36.4680202Z libtoolize: copying file 'config/m4/ltversion.m4'
2025-10-01T06:48:36.5024737Z libtoolize: copying file 'config/m4/lt~obsolete.m4'
2025-10-01T06:48:38.4554225Z configure.ac:11: installing 'config/ar-lib'
2025-10-01T06:48:38.4623413Z configure.ac:8: installing 'config/compile'
2025-10-01T06:48:38.4755589Z configure.ac:19: installing 'config/config.guess'
2025-10-01T06:48:38.4830455Z configure.ac:19: installing 'config/config.sub'
2025-10-01T06:48:38.4912501Z configure.ac:9: installing 'config/install-sh'
2025-10-01T06:48:38.4978173Z configure.ac:9: installing 'config/missing'
2025-10-01T06:48:38.5248004Z Makefile.am: installing 'config/depcomp'
2025-10-01T06:48:38.5425870Z configure.ac: installing 'config/ylwrap'
2025-10-01T06:48:38.5762993Z parallel-tests: installing 'config/test-driver'
2025-10-01T06:48:38.7391999Z checking for x86_64-linux-gnu-gcc... x86_64-linux-gnu-gcc
2025-10-01T06:48:40.0487324Z checking whether the C compiler works... yes
2025-10-01T06:48:40.0487922Z checking for C compiler default output file name... a.out
2025-10-01T06:48:40.0794165Z checking for suffix of executables... 
2025-10-01T06:48:40.3260518Z checking whether we are cross compiling... no
2025-10-01T06:48:40.3441572Z checking for suffix of object files... o
2025-10-01T06:48:40.3597637Z checking whether the compiler supports GNU C... yes
2025-10-01T06:48:40.3741815Z checking whether x86_64-linux-gnu-gcc accepts -g... yes
2025-10-01T06:48:40.4790442Z checking for x86_64-linux-gnu-gcc option to enable C11 features... none needed
2025-10-01T06:48:40.5041214Z checking whether x86_64-linux-gnu-gcc understands -c and -o together... yes
2025-10-01T06:48:40.5197081Z checking for stdio.h... yes
2025-10-01T06:48:40.7068689Z checking for stdlib.h... yes
2025-10-01T06:48:40.7661831Z checking for string.h... yes
2025-10-01T06:48:40.8285750Z checking for inttypes.h... yes
2025-10-01T06:48:40.8498602Z checking for stdint.h... yes
2025-10-01T06:48:40.8713757Z checking for strings.h... yes
2025-10-01T06:48:40.9096600Z checking for sys/stat.h... yes
2025-10-01T06:48:40.9309821Z checking for sys/types.h... yes
2025-10-01T06:48:41.0055437Z checking for unistd.h... yes
2025-10-01T06:48:41.0612409Z checking for wchar.h... yes
2025-10-01T06:48:41.0952908Z checking for minix/config.h... no
2025-10-01T06:48:41.1263304Z checking whether it is safe to define __EXTENSIONS__... yes
2025-10-01T06:48:41.1474815Z checking whether _XOPEN_SOURCE should be defined... no
2025-10-01T06:48:41.1679785Z checking for a BSD-compatible install... /usr/bin/install -c
2025-10-01T06:48:41.1707383Z checking whether build environment is sane... yes
2025-10-01T06:48:41.1782832Z checking for a race-free mkdir -p... /usr/bin/mkdir -p
2025-10-01T06:48:41.1786298Z checking for gawk... gawk
2025-10-01T06:48:41.1874302Z checking whether make sets $(MAKE)... yes
2025-10-01T06:48:41.1970600Z checking whether make supports the include directive... yes (GNU style)
2025-10-01T06:48:41.1993383Z checking whether make supports nested variables... yes
2025-10-01T06:48:41.2268654Z checking dependency style of x86_64-linux-gnu-gcc... gcc3
2025-10-01T06:48:41.2294508Z checking whether make supports nested variables... (cached) yes
2025-10-01T06:48:41.2296112Z checking for x86_64-linux-gnu-ar... x86_64-linux-gnu-ar
2025-10-01T06:48:49.6355885Z checking the archiver (x86_64-linux-gnu-ar) interface... ar
2025-10-01T06:48:49.6356660Z checking whether to enable maintainer-specific portions of Makefiles... no
2025-10-01T06:48:49.6357995Z checking for x86_64-linux-gnu-gcc... (cached) x86_64-linux-gnu-gcc
2025-10-01T06:48:49.6590673Z checking whether the compiler supports GNU C... (cached) yes
2025-10-01T06:48:49.6591936Z checking whether x86_64-linux-gnu-gcc accepts -g... (cached) yes
2025-10-01T06:48:49.6594063Z checking for x86_64-linux-gnu-gcc option to enable C11 features... (cached) none needed
2025-10-01T06:48:49.6596825Z checking whether x86_64-linux-gnu-gcc understands -c and -o together... (cached) yes
2025-10-01T06:48:49.6598684Z checking how to run the C preprocessor... x86_64-linux-gnu-cpp
2025-10-01T06:48:49.8294396Z checking for bison... bison -y
2025-10-01T06:48:49.8632309Z checking build system type... x86_64-pc-linux-gnu
2025-10-01T06:48:49.8678251Z checking host system type... x86_64-pc-linux-gnu
2025-10-01T06:48:49.8696377Z checking how to print strings... printf
2025-10-01T06:48:49.8731842Z checking for a sed that does not truncate output... /usr/bin/sed
2025-10-01T06:48:49.8760499Z checking for grep that handles long lines and -e... /usr/bin/grep
2025-10-01T06:48:49.8774757Z checking for egrep... /usr/bin/grep -E
2025-10-01T06:48:49.8788679Z checking for fgrep... /usr/bin/grep -F
2025-10-01T06:48:49.8834609Z checking for ld used by x86_64-linux-gnu-gcc... /usr/bin/ld
2025-10-01T06:48:49.8858312Z checking if the linker (/usr/bin/ld) is GNU ld... yes
2025-10-01T06:48:49.8970512Z checking for BSD- or MS-compatible name lister (nm)... /usr/bin/x86_64-linux-gnu-nm -B
2025-10-01T06:48:49.9484149Z checking the name lister (/usr/bin/x86_64-linux-gnu-nm -B) interface... BSD nm
2025-10-01T06:48:49.9484820Z checking whether ln -s works... yes
2025-10-01T06:48:49.9626396Z checking the maximum length of command line arguments... 3145728
2025-10-01T06:48:49.9651854Z checking how to convert x86_64-pc-linux-gnu file names to x86_64-pc-linux-gnu format... func_convert_file_noop
2025-10-01T06:48:49.9652907Z checking how to convert x86_64-pc-linux-gnu file names to toolchain format... func_convert_file_noop
2025-10-01T06:48:49.9653749Z checking for /usr/bin/ld option to reload object files... -r
2025-10-01T06:48:49.9657874Z checking for x86_64-linux-gnu-file... no
2025-10-01T06:48:49.9661872Z checking for file... file
2025-10-01T06:48:49.9665487Z checking for x86_64-linux-gnu-objdump... x86_64-linux-gnu-objdump
2025-10-01T06:48:49.9669311Z checking how to recognize dependent libraries... pass_all
2025-10-01T06:48:49.9673512Z checking for x86_64-linux-gnu-dlltool... no
2025-10-01T06:48:49.9677390Z checking for dlltool... no
2025-10-01T06:48:49.9678839Z checking how to associate runtime and link libraries... printf %s\n
2025-10-01T06:48:49.9680778Z checking for x86_64-linux-gnu-ar... (cached) x86_64-linux-gnu-ar
2025-10-01T06:48:50.0257725Z checking for archiver @FILE support... @
2025-10-01T06:48:50.0261464Z checking for x86_64-linux-gnu-strip... x86_64-linux-gnu-strip
2025-10-01T06:48:50.0265785Z checking for x86_64-linux-gnu-ranlib... x86_64-linux-gnu-ranlib
2025-10-01T06:48:50.1179739Z checking command to parse /usr/bin/x86_64-linux-gnu-nm -B output from x86_64-linux-gnu-gcc object... ok
2025-10-01T06:48:50.1194527Z checking for sysroot... no
2025-10-01T06:48:50.1240752Z checking for a working dd... /usr/bin/dd
2025-10-01T06:48:50.1276811Z checking how to truncate binary pipes... /usr/bin/dd bs=4096 count=1
2025-10-01T06:48:50.1825543Z checking for x86_64-linux-gnu-mt... no
2025-10-01T06:48:50.1828924Z checking for mt... mt
2025-10-01T06:48:50.2188598Z checking if mt is a manifest tool... no
2025-10-01T06:48:50.3717103Z checking for dlfcn.h... yes
2025-10-01T06:48:50.3752895Z checking for objdir... .libs
2025-10-01T06:48:50.4394385Z checking if x86_64-linux-gnu-gcc supports -fno-rtti -fno-exceptions... no
2025-10-01T06:48:50.4395095Z checking for x86_64-linux-gnu-gcc option to produce PIC... -fPIC -DPIC
2025-10-01T06:48:50.4542913Z checking if x86_64-linux-gnu-gcc PIC flag -fPIC -DPIC works... yes
2025-10-01T06:48:51.7143442Z checking if x86_64-linux-gnu-gcc static flag -static works... yes
2025-10-01T06:48:51.7366323Z checking if x86_64-linux-gnu-gcc supports -c -o file.o... yes
2025-10-01T06:48:51.7366986Z checking if x86_64-linux-gnu-gcc supports -c -o file.o... (cached) yes
2025-10-01T06:48:51.7514983Z checking whether the x86_64-linux-gnu-gcc linker (/usr/bin/ld -m elf_x86_64) supports shared libraries... yes
2025-10-01T06:48:51.7723971Z checking whether -lc should be explicitly linked in... no
2025-10-01T06:48:52.0014475Z checking dynamic linker characteristics... GNU/Linux ld.so
2025-10-01T06:48:52.0015368Z checking how to hardcode library paths into programs... immediate
2025-10-01T06:48:52.0629783Z checking whether stripping libraries is possible... yes
2025-10-01T06:48:52.0630650Z checking if libtool supports shared libraries... yes
2025-10-01T06:48:52.0631130Z checking whether to build shared libraries... yes
2025-10-01T06:48:52.0631562Z checking whether to build static libraries... yes
2025-10-01T06:48:52.0639935Z checking for special C compiler options needed for large files... no
2025-10-01T06:48:52.0831274Z checking for _FILE_OFFSET_BITS value needed for large files... no
2025-10-01T06:48:52.1175901Z checking for memmem... yes
2025-10-01T06:48:52.1508279Z checking for sys/cygwin.h... no
2025-10-01T06:48:52.1837356Z checking for shlwapi.h... no
2025-10-01T06:48:52.1842836Z checking for pipenv... no
2025-10-01T06:48:52.1923311Z checking whether x86_64-linux-gnu-gcc is Clang... no
2025-10-01T06:48:52.3102108Z checking whether pthreads work with "-pthread" and "-lpthread"... yes
2025-10-01T06:48:52.3462398Z checking for joinable pthread attribute... PTHREAD_CREATE_JOINABLE
2025-10-01T06:48:52.3462972Z checking whether more special flags are required for pthreads... no
2025-10-01T06:48:52.3830697Z checking for PTHREAD_PRIO_INHERIT... yes
2025-10-01T06:48:52.4482497Z checking for size_t... yes
2025-10-01T06:48:52.4817421Z checking for working alloca.h... yes
2025-10-01T06:48:52.4818175Z checking for alloca... yes
2025-10-01T06:48:52.5224832Z checking for isatty... yes
2025-10-01T06:48:52.5548650Z checking for _isatty... no
2025-10-01T06:48:52.5919753Z checking for strptime... yes
2025-10-01T06:48:52.6326008Z checking for strftime... yes
2025-10-01T06:48:52.6773740Z checking for setenv... yes
2025-10-01T06:48:52.7153674Z checking for timegm... yes
2025-10-01T06:48:52.7532895Z checking for gmtime_r... yes
2025-10-01T06:48:52.7909554Z checking for gmtime... yes
2025-10-01T06:48:52.8286875Z checking for localtime_r... yes
2025-10-01T06:48:52.8661431Z checking for localtime... yes
2025-10-01T06:48:52.9125525Z checking for gettimeofday... yes
2025-10-01T06:48:52.9317846Z checking for struct tm.tm_gmtoff... yes
2025-10-01T06:48:52.9693168Z checking for struct tm.__tm_gmtoff... no
2025-10-01T06:48:53.0162165Z checking for setlocale... yes
2025-10-01T06:48:53.0591427Z checking for pthread_key_create... yes
2025-10-01T06:48:53.1021887Z checking for pthread_once... yes
2025-10-01T06:48:53.1469829Z checking for atexit... yes
2025-10-01T06:48:53.2300777Z checking for acos in -lm... yes
2025-10-01T06:48:53.2709357Z checking for acosh in -lm... yes
2025-10-01T06:48:53.3115953Z checking for asin in -lm... yes
2025-10-01T06:48:53.3515883Z checking for asinh in -lm... yes
2025-10-01T06:48:53.3919148Z checking for atan2 in -lm... yes
2025-10-01T06:48:53.4327320Z checking for atan in -lm... yes
2025-10-01T06:48:53.4727643Z checking for atanh in -lm... yes
2025-10-01T06:48:53.5135263Z checking for cbrt in -lm... yes
2025-10-01T06:48:53.5533640Z checking for ceil in -lm... yes
2025-10-01T06:48:53.5938474Z checking for copysign in -lm... yes
2025-10-01T06:48:53.6325695Z checking for cos in -lm... yes
2025-10-01T06:48:53.6726336Z checking for cosh in -lm... yes
2025-10-01T06:48:53.7123250Z checking for drem in -lm... yes
2025-10-01T06:48:53.7522727Z checking for erf in -lm... yes
2025-10-01T06:48:53.7919942Z checking for erfc in -lm... yes
2025-10-01T06:48:53.8319763Z checking for exp10 in -lm... yes
2025-10-01T06:48:53.8706556Z checking for __exp10 in -lm... no
2025-10-01T06:48:53.9131594Z checking for exp2 in -lm... yes
2025-10-01T06:48:53.9521358Z checking for exp in -lm... yes
2025-10-01T06:48:53.9927276Z checking for expm1 in -lm... yes
2025-10-01T06:48:54.0329132Z checking for fabs in -lm... yes
2025-10-01T06:48:54.0733440Z checking for fdim in -lm... yes
2025-10-01T06:48:54.1130802Z checking for floor in -lm... yes
2025-10-01T06:48:54.1546247Z checking for fma in -lm... yes
2025-10-01T06:48:54.1950705Z checking for fmax in -lm... yes
2025-10-01T06:48:54.2351434Z checking for fmin in -lm... yes
2025-10-01T06:48:54.2754241Z checking for fmod in -lm... yes
2025-10-01T06:48:54.3151542Z checking for frexp in -lm... yes
2025-10-01T06:48:54.3554218Z checking for gamma in -lm... yes
2025-10-01T06:48:54.3945487Z checking for hypot in -lm... yes
2025-10-01T06:48:54.4341651Z checking for j0 in -lm... yes
2025-10-01T06:48:54.4751186Z checking for j1 in -lm... yes
2025-10-01T06:48:54.5155545Z checking for jn in -lm... yes
2025-10-01T06:48:54.5557623Z checking for ldexp in -lm... yes
2025-10-01T06:48:54.5960754Z checking for lgamma in -lm... yes
2025-10-01T06:48:54.6355157Z checking for log10 in -lm... yes
2025-10-01T06:48:54.6756793Z checking for log1p in -lm... yes
2025-10-01T06:48:54.7165210Z checking for log2 in -lm... yes
2025-10-01T06:48:54.7570575Z checking for log in -lm... yes
2025-10-01T06:48:54.7970341Z checking for logb in -lm... yes
2025-10-01T06:48:54.8379265Z checking for modf in -lm... yes
2025-10-01T06:48:54.8783093Z checking for lgamma_r in -lm... yes
2025-10-01T06:48:54.9194502Z checking for nearbyint in -lm... yes
2025-10-01T06:48:54.9597174Z checking for nextafter in -lm... yes
2025-10-01T06:48:54.9989406Z checking for nexttoward in -lm... yes
2025-10-01T06:48:55.0394727Z checking for pow in -lm... yes
2025-10-01T06:48:55.0789892Z checking for remainder in -lm... yes
2025-10-01T06:48:55.1198952Z checking for rint in -lm... yes
2025-10-01T06:48:55.1603402Z checking for round in -lm... yes
2025-10-01T06:48:55.2005734Z checking for scalb in -lm... yes
2025-10-01T06:48:55.2415862Z checking for scalbln in -lm... yes
2025-10-01T06:48:55.2816423Z checking for significand in -lm... yes
2025-10-01T06:48:55.3215950Z checking for scalbn in -lm... yes
2025-10-01T06:48:55.3616153Z checking for ilogb in -lm... yes
2025-10-01T06:48:55.4003744Z checking for sin in -lm... yes
2025-10-01T06:48:55.4413007Z checking for sinh in -lm... yes
2025-10-01T06:48:55.4811412Z checking for sqrt in -lm... yes
2025-10-01T06:48:55.5217119Z checking for tan in -lm... yes
2025-10-01T06:48:55.5621018Z checking for tanh in -lm... yes
2025-10-01T06:48:55.6021343Z checking for tgamma in -lm... yes
2025-10-01T06:48:55.6424826Z checking for trunc in -lm... yes
2025-10-01T06:48:55.6831164Z checking for y0 in -lm... yes
2025-10-01T06:48:55.7235656Z checking for y1 in -lm... yes
2025-10-01T06:48:55.7640009Z checking for yn in -lm... yes
2025-10-01T06:48:55.7962516Z checking for thread-local storage... yes
2025-10-01T06:48:56.0132837Z checking whether byte ordering is bigendian... no
2025-10-01T06:48:56.0367147Z checking that generated files are newer than configure... done
2025-10-01T06:48:56.0369841Z configure: creating ./config.status
2025-10-01T06:48:56.4179668Z config.status: creating Makefile
2025-10-01T06:48:56.4294420Z config.status: creating libjq.pc
2025-10-01T06:48:56.4394755Z config.status: executing depfiles commands
2025-10-01T06:48:56.5301729Z config.status: executing libtool commands
2025-10-01T06:48:56.5398005Z === configuring in vendor/oniguruma (/home/runner/work/jq/jq/vendor/oniguruma)
2025-10-01T06:48:56.5437192Z configure: running /bin/bash ./configure --disable-option-checking '--prefix=/usr/local'  '--host=x86_64-linux-gnu' '--disable-docs' '--with-oniguruma=builtin' '--enable-static' '--enable-all-static' 'CFLAGS=-O2 -pthread -fstack-protector-all' 'host_alias=x86_64-linux-gnu' 'CC=x86_64-linux-gnu-gcc' 'LDFLAGS=-s' 'CPP=x86_64-linux-gnu-cpp' --cache-file=/dev/null --srcdir=.
2025-10-01T06:48:56.6385018Z checking for a BSD-compatible install... /usr/bin/install -c
2025-10-01T06:48:56.6411511Z checking whether build environment is sane... yes
2025-10-01T06:48:56.6474231Z checking for x86_64-linux-gnu-strip... x86_64-linux-gnu-strip
2025-10-01T06:48:56.6493746Z checking for a race-free mkdir -p... /usr/bin/mkdir -p
2025-10-01T06:48:56.6497165Z checking for gawk... gawk
2025-10-01T06:48:56.6557414Z checking whether make sets $(MAKE)... yes
2025-10-01T06:48:56.6607806Z checking whether make supports nested variables... yes
2025-10-01T06:48:56.6648482Z checking for x86_64-linux-gnu-gcc... x86_64-linux-gnu-gcc
2025-10-01T06:48:56.7197238Z checking whether the C compiler works... yes
2025-10-01T06:48:56.7197872Z checking for C compiler default output file name... a.out
2025-10-01T06:48:56.7498527Z checking for suffix of executables... 
2025-10-01T06:48:56.7887037Z checking whether we are cross compiling... no
2025-10-01T06:48:56.8069552Z checking for suffix of object files... o
2025-10-01T06:48:56.8226063Z checking whether the compiler supports GNU C... yes
2025-10-01T06:48:56.8372676Z checking whether x86_64-linux-gnu-gcc accepts -g... yes
2025-10-01T06:48:56.8747555Z checking for x86_64-linux-gnu-gcc option to enable C11 features... none needed
2025-10-01T06:48:56.9000345Z checking whether x86_64-linux-gnu-gcc understands -c and -o together... yes
2025-10-01T06:48:56.9071715Z checking whether make supports the include directive... yes (GNU style)
2025-10-01T06:48:56.9328824Z checking dependency style of x86_64-linux-gnu-gcc... gcc3
2025-10-01T06:48:56.9683700Z checking build system type... x86_64-pc-linux-gnu
2025-10-01T06:48:56.9729182Z checking host system type... x86_64-pc-linux-gnu
2025-10-01T06:48:56.9746553Z checking how to print strings... printf
2025-10-01T06:48:56.9781708Z checking for a sed that does not truncate output... /usr/bin/sed
2025-10-01T06:48:56.9810321Z checking for grep that handles long lines and -e... /usr/bin/grep
2025-10-01T06:48:56.9824264Z checking for egrep... /usr/bin/grep -E
2025-10-01T06:48:56.9838253Z checking for fgrep... /usr/bin/grep -F
2025-10-01T06:48:56.9882671Z checking for ld used by x86_64-linux-gnu-gcc... /usr/bin/ld
2025-10-01T06:48:56.9905145Z checking if the linker (/usr/bin/ld) is GNU ld... yes
2025-10-01T06:48:56.9925882Z checking for BSD- or MS-compatible name lister (nm)... /usr/bin/x86_64-linux-gnu-nm -B
2025-10-01T06:48:57.0438103Z checking the name lister (/usr/bin/x86_64-linux-gnu-nm -B) interface... BSD nm
2025-10-01T06:48:57.0438764Z checking whether ln -s works... yes
2025-10-01T06:48:57.0478953Z checking the maximum length of command line arguments... 3145728
2025-10-01T06:48:57.0504278Z checking how to convert x86_64-pc-linux-gnu file names to x86_64-pc-linux-gnu format... func_convert_file_noop
2025-10-01T06:48:57.0505514Z checking how to convert x86_64-pc-linux-gnu file names to toolchain format... func_convert_file_noop
2025-10-01T06:48:57.0506524Z checking for /usr/bin/ld option to reload object files... -r
2025-10-01T06:48:57.0511085Z checking for x86_64-linux-gnu-file... no
2025-10-01T06:48:57.0514825Z checking for file... file
2025-10-01T06:48:57.0518580Z checking for x86_64-linux-gnu-objdump... x86_64-linux-gnu-objdump
2025-10-01T06:48:57.0522873Z checking how to recognize dependent libraries... pass_all
2025-10-01T06:48:57.0527120Z checking for x86_64-linux-gnu-dlltool... no
2025-10-01T06:48:57.0532372Z checking for dlltool... no
2025-10-01T06:48:57.0533848Z checking how to associate runtime and link libraries... printf %s\n
2025-10-01T06:48:57.0535781Z checking for x86_64-linux-gnu-ar... x86_64-linux-gnu-ar
2025-10-01T06:48:57.1111578Z checking for archiver @FILE support... @
2025-10-01T06:48:57.1112614Z checking for x86_64-linux-gnu-strip... (cached) x86_64-linux-gnu-strip
2025-10-01T06:48:57.1117729Z checking for x86_64-linux-gnu-ranlib... x86_64-linux-gnu-ranlib
2025-10-01T06:48:57.2034642Z checking command to parse /usr/bin/x86_64-linux-gnu-nm -B output from x86_64-linux-gnu-gcc object... ok
2025-10-01T06:48:57.2049666Z checking for sysroot... no
2025-10-01T06:48:57.2090029Z checking for a working dd... /usr/bin/dd
2025-10-01T06:48:57.2127670Z checking how to truncate binary pipes... /usr/bin/dd bs=4096 count=1
2025-10-01T06:48:57.2243383Z checking for x86_64-linux-gnu-mt... no
2025-10-01T06:48:57.2246697Z checking for mt... mt
2025-10-01T06:48:57.2285518Z checking if mt is a manifest tool... no
2025-10-01T06:48:57.2455400Z checking for stdio.h... yes
2025-10-01T06:48:57.2646965Z checking for stdlib.h... yes
2025-10-01T06:48:57.2859391Z checking for string.h... yes
2025-10-01T06:48:57.3074988Z checking for inttypes.h... yes
2025-10-01T06:48:57.3289173Z checking for stdint.h... yes
2025-10-01T06:48:57.3499763Z checking for strings.h... yes
2025-10-01T06:48:57.3714162Z checking for sys/stat.h... yes
2025-10-01T06:48:57.3928815Z checking for sys/types.h... yes
2025-10-01T06:48:57.4185673Z checking for unistd.h... yes
2025-10-01T06:48:57.4446772Z checking for dlfcn.h... yes
2025-10-01T06:48:57.4480806Z checking for objdir... .libs
2025-10-01T06:48:57.5105903Z checking if x86_64-linux-gnu-gcc supports -fno-rtti -fno-exceptions... no
2025-10-01T06:48:57.5107586Z checking for x86_64-linux-gnu-gcc option to produce PIC... -fPIC -DPIC
2025-10-01T06:48:57.5254072Z checking if x86_64-linux-gnu-gcc PIC flag -fPIC -DPIC works... yes
2025-10-01T06:48:57.5772668Z checking if x86_64-linux-gnu-gcc static flag -static works... yes
2025-10-01T06:48:57.5995314Z checking if x86_64-linux-gnu-gcc supports -c -o file.o... yes
2025-10-01T06:48:57.5995914Z checking if x86_64-linux-gnu-gcc supports -c -o file.o... (cached) yes
2025-10-01T06:48:57.6083355Z checking whether the x86_64-linux-gnu-gcc linker (/usr/bin/ld -m elf_x86_64) supports shared libraries... yes
2025-10-01T06:48:57.6295505Z checking whether -lc should be explicitly linked in... no
2025-10-01T06:48:57.6802063Z checking dynamic linker characteristics... GNU/Linux ld.so
2025-10-01T06:48:57.6802622Z checking how to hardcode library paths into programs... immediate
2025-10-01T06:48:57.6818278Z checking whether stripping libraries is possible... yes
2025-10-01T06:48:57.6818726Z checking if libtool supports shared libraries... yes
2025-10-01T06:48:57.6819440Z checking whether to build shared libraries... yes
2025-10-01T06:48:57.6819897Z checking whether to build static libraries... yes
2025-10-01T06:48:57.6848849Z checking whether make sets $(MAKE)... (cached) yes
2025-10-01T06:48:57.7114907Z checking for sys/time.h... yes
2025-10-01T06:48:57.7116604Z checking for unistd.h... (cached) yes
2025-10-01T06:48:57.7521002Z checking for sys/times.h... yes
2025-10-01T06:48:57.8083880Z checking size of int... 4
2025-10-01T06:48:57.8585267Z checking size of long... 8
2025-10-01T06:48:57.9084927Z checking size of long long... 8
2025-10-01T06:48:57.9588267Z checking size of void*... 8
2025-10-01T06:48:58.0175423Z checking for size_t... yes
2025-10-01T06:48:58.0506463Z checking for working alloca.h... yes
2025-10-01T06:48:58.0507627Z checking for alloca... yes
2025-10-01T06:48:58.0688954Z checking that generated files are newer than configure... done
2025-10-01T06:48:58.0690243Z configure: creating ./config.status
2025-10-01T06:48:58.4546777Z config.status: creating Makefile
2025-10-01T06:48:58.4650601Z config.status: creating src/Makefile
2025-10-01T06:48:58.4788224Z config.status: creating test/Makefile
2025-10-01T06:48:58.4927133Z config.status: creating sample/Makefile
2025-10-01T06:48:58.5067414Z config.status: creating onig-config
2025-10-01T06:48:58.5172663Z config.status: creating src/config.h
2025-10-01T06:48:58.5290178Z config.status: executing depfiles commands
2025-10-01T06:48:58.8056429Z config.status: executing libtool commands
2025-10-01T06:48:58.8138808Z config.status: executing default commands
2025-10-01T06:48:58.8826058Z mkdir -p src
2025-10-01T06:48:58.8827719Z mkdir -p src
2025-10-01T06:48:58.8861951Z   GEN      src/builtin.inc
2025-10-01T06:48:58.8870245Z   GEN      src/config_opts.inc
2025-10-01T06:48:58.9130371Z mkdir -p src
2025-10-01T06:48:58.9161946Z   GEN      src/version.h
2025-10-01T06:48:58.9279324Z make  all-recursive
2025-10-01T06:48:58.9312495Z make[1]: Entering directory '/home/runner/work/jq/jq'
2025-10-01T06:48:58.9346720Z Making all in vendor/oniguruma
2025-10-01T06:48:58.9365178Z make[2]: Entering directory '/home/runner/work/jq/jq/vendor/oniguruma'
2025-10-01T06:48:58.9400085Z Making all in src
2025-10-01T06:48:58.9426074Z make[3]: Entering directory '/home/runner/work/jq/jq/vendor/oniguruma/src'
2025-10-01T06:48:58.9450786Z make  all-am
2025-10-01T06:48:58.9484914Z make[4]: Entering directory '/home/runner/work/jq/jq/vendor/oniguruma/src'
2025-10-01T06:48:58.9486558Z /bin/bash ../libtool  --tag=CC   --mode=compile x86_64-linux-gnu-gcc -DHAVE_CONFIG_H -I.  -I..  -Wall   -O2 -pthread -fstack-protector-all -MT regparse.lo -MD -MP -MF .deps/regparse.Tpo -c -o regparse.lo regparse.c
2025-10-01T06:48:58.9489293Z /bin/bash ../libtool  --tag=CC   --mode=compile x86_64-linux-gnu-gcc -DHAVE_CONFIG_H -I.  -I..  -Wall   -O2 -pthread -fstack-protector-all -MT regcomp.lo -MD -MP -MF .deps/regcomp.Tpo -c -o regcomp.lo regcomp.c
2025-10-01T06:48:58.9501082Z /bin/bash ../libtool  --tag=CC   --mode=compile x86_64-linux-gnu-gcc -DHAVE_CONFIG_H -I.  -I..  -Wall   -O2 -pthread -fstack-protector-all -MT regexec.lo -MD -MP -MF .deps/regexec.Tpo -c -o regexec.lo regexec.c
2025-10-01T06:48:58.9506398Z /bin/bash ../libtool  --tag=CC   --mode=compile x86_64-linux-gnu-gcc -DHAVE_CONFIG_H -I.  -I..  -Wall   -O2 -pthread -fstack-protector-all -MT regenc.lo -MD -MP -MF .deps/regenc.Tpo -c -o regenc.lo regenc.c
2025-10-01T06:48:59.0010137Z libtool: compile:  x86_64-linux-gnu-gcc -DHAVE_CONFIG_H -I. -I.. -Wall -O2 -pthread -fstack-protector-all -MT regcomp.lo -MD -MP -MF .deps/regcomp.Tpo -c regcomp.c  -fPIC -DPIC -o .libs/regcomp.o
2025-10-01T06:48:59.0012577Z libtool: compile:  x86_64-linux-gnu-gcc -DHAVE_CONFIG_H -I. -I.. -Wall -O2 -pthread -fstack-protector-all -MT regexec.lo -MD -MP -MF .deps/regexec.Tpo -c regexec.c  -fPIC -DPIC -o .libs/regexec.o
2025-10-01T06:48:59.0030885Z libtool: compile:  x86_64-linux-gnu-gcc -DHAVE_CONFIG_H -I. -I.. -Wall -O2 -pthread -fstack-protector-all -MT regparse.lo -MD -MP -MF .deps/regparse.Tpo -c regparse.c  -fPIC -DPIC -o .libs/regparse.o
2025-10-01T06:48:59.0047680Z libtool: compile:  x86_64-linux-gnu-gcc -DHAVE_CONFIG_H -I. -I.. -Wall -O2 -pthread -fstack-protector-all -MT regenc.lo -MD -MP -MF .deps/regenc.Tpo -c regenc.c  -fPIC -DPIC -o .libs/regenc.o
2025-10-01T06:48:59.2813481Z libtool: compile:  x86_64-linux-gnu-gcc -DHAVE_CONFIG_H -I. -I.. -Wall -O2 -pthread -fstack-protector-all -MT regenc.lo -MD -MP -MF .deps/regenc.Tpo -c regenc.c -o regenc.o >/dev/null 2>&1
2025-10-01T06:48:59.5470157Z mv -f .deps/regenc.Tpo .deps/regenc.Plo
2025-10-01T06:48:59.5484273Z /bin/bash ../libtool  --tag=CC   --mode=compile x86_64-linux-gnu-gcc -DHAVE_CONFIG_H -I.  -I..  -Wall   -O2 -pthread -fstack-protector-all -MT regerror.lo -MD -MP -MF .deps/regerror.Tpo -c -o regerror.lo regerror.c
2025-10-01T06:48:59.6030989Z libtool: compile:  x86_64-linux-gnu-gcc -DHAVE_CONFIG_H -I. -I.. -Wall -O2 -pthread -fstack-protector-all -MT regerror.lo -MD -MP -MF .deps/regerror.Tpo -c regerror.c  -fPIC -DPIC -o .libs/regerror.o
2025-10-01T06:48:59.7361417Z libtool: compile:  x86_64-linux-gnu-gcc -DHAVE_CONFIG_H -I. -I.. -Wall -O2 -pthread -fstack-protector-all -MT regerror.lo -MD -MP -MF .deps/regerror.Tpo -c regerror.c -o regerror.o >/dev/null 2>&1
2025-10-01T06:48:59.8619234Z mv -f .deps/regerror.Tpo .deps/regerror.Plo
2025-10-01T06:48:59.8662129Z /bin/bash ../libtool  --tag=CC   --mode=compile x86_64-linux-gnu-gcc -DHAVE_CONFIG_H -I.  -I..  -Wall   -O2 -pthread -fstack-protector-all -MT regext.lo -MD -MP -MF .deps/regext.Tpo -c -o regext.lo regext.c
2025-10-01T06:48:59.9180915Z libtool: compile:  x86_64-linux-gnu-gcc -DHAVE_CONFIG_H -I. -I.. -Wall -O2 -pthread -fstack-protector-all -MT regext.lo -MD -MP -MF .deps/regext.Tpo -c regext.c  -fPIC -DPIC -o .libs/regext.o
2025-10-01T06:48:59.9690656Z libtool: compile:  x86_64-linux-gnu-gcc -DHAVE_CONFIG_H -I. -I.. -Wall -O2 -pthread -fstack-protector-all -MT regext.lo -MD -MP -MF .deps/regext.Tpo -c regext.c -o regext.o >/dev/null 2>&1
2025-10-01T06:49:00.0164871Z mv -f .deps/regext.Tpo .deps/regext.Plo
2025-10-01T06:49:00.0208045Z /bin/bash ../libtool  --tag=CC   --mode=compile x86_64-linux-gnu-gcc -DHAVE_CONFIG_H -I.  -I..  -Wall   -O2 -pthread -fstack-protector-all -MT regsyntax.lo -MD -MP -MF .deps/regsyntax.Tpo -c -o regsyntax.lo regsyntax.c
2025-10-01T06:49:00.0726782Z libtool: compile:  x86_64-linux-gnu-gcc -DHAVE_CONFIG_H -I. -I.. -Wall -O2 -pthread -fstack-protector-all -MT regsyntax.lo -MD -MP -MF .deps/regsyntax.Tpo -c regsyntax.c  -fPIC -DPIC -o .libs/regsyntax.o
2025-10-01T06:49:00.1359243Z libtool: compile:  x86_64-linux-gnu-gcc -DHAVE_CONFIG_H -I. -I.. -Wall -O2 -pthread -fstack-protector-all -MT regsyntax.lo -MD -MP -MF .deps/regsyntax.Tpo -c regsyntax.c -o regsyntax.o >/dev/null 2>&1
2025-10-01T06:49:00.2014492Z mv -f .deps/regsyntax.Tpo .deps/regsyntax.Plo
2025-10-01T06:49:00.2057299Z /bin/bash ../libtool  --tag=CC   --mode=compile x86_64-linux-gnu-gcc -DHAVE_CONFIG_H -I.  -I..  -Wall   -O2 -pthread -fstack-protector-all -MT regtrav.lo -MD -MP -MF .deps/regtrav.Tpo -c -o regtrav.lo regtrav.c
2025-10-01T06:49:00.2619666Z libtool: compile:  x86_64-linux-gnu-gcc -DHAVE_CONFIG_H -I. -I.. -Wall -O2 -pthread -fstack-protector-all -MT regtrav.lo -MD -MP -MF .deps/regtrav.Tpo -c regtrav.c  -fPIC -DPIC -o .libs/regtrav.o
2025-10-01T06:49:00.3167479Z libtool: compile:  x86_64-linux-gnu-gcc -DHAVE_CONFIG_H -I. -I.. -Wall -O2 -pthread -fstack-protector-all -MT regtrav.lo -MD -MP -MF .deps/regtrav.Tpo -c regtrav.c -o regtrav.o >/dev/null 2>&1
2025-10-01T06:49:00.3715423Z mv -f .deps/regtrav.Tpo .deps/regtrav.Plo
2025-10-01T06:49:00.3753930Z /bin/bash ../libtool  --tag=CC   --mode=compile x86_64-linux-gnu-gcc -DHAVE_CONFIG_H -I.  -I..  -Wall   -O2 -pthread -fstack-protector-all -MT regversion.lo -MD -MP -MF .deps/regversion.Tpo -c -o regversion.lo regversion.c
2025-10-01T06:49:00.4281421Z libtool: compile:  x86_64-linux-gnu-gcc -DHAVE_CONFIG_H -I. -I.. -Wall -O2 -pthread -fstack-protector-all -MT regversion.lo -MD -MP -MF .deps/regversion.Tpo -c regversion.c  -fPIC -DPIC -o .libs/regversion.o
2025-10-01T06:49:00.4800969Z libtool: compile:  x86_64-linux-gnu-gcc -DHAVE_CONFIG_H -I. -I.. -Wall -O2 -pthread -fstack-protector-all -MT regversion.lo -MD -MP -MF .deps/regversion.Tpo -c regversion.c -o regversion.o >/dev/null 2>&1
2025-10-01T06:49:00.5317085Z mv -f .deps/regversion.Tpo .deps/regversion.Plo
2025-10-01T06:49:00.5357897Z /bin/bash ../libtool  --tag=CC   --mode=compile x86_64-linux-gnu-gcc -DHAVE_CONFIG_H -I.  -I..  -Wall   -O2 -pthread -fstack-protector-all -MT st.lo -MD -MP -MF .deps/st.Tpo -c -o st.lo st.c
2025-10-01T06:49:00.5882863Z libtool: compile:  x86_64-linux-gnu-gcc -DHAVE_CONFIG_H -I. -I.. -Wall -O2 -pthread -fstack-protector-all -MT st.lo -MD -MP -MF .deps/st.Tpo -c st.c  -fPIC -DPIC -o .libs/st.o
2025-10-01T06:49:00.7640898Z libtool: compile:  x86_64-linux-gnu-gcc -DHAVE_CONFIG_H -I. -I.. -Wall -O2 -pthread -fstack-protector-all -MT st.lo -MD -MP -MF .deps/st.Tpo -c st.c -o st.o >/dev/null 2>&1
2025-10-01T06:49:00.8323494Z libtool: compile:  x86_64-linux-gnu-gcc -DHAVE_CONFIG_H -I. -I.. -Wall -O2 -pthread -fstack-protector-all -MT regcomp.lo -MD -MP -MF .deps/regcomp.Tpo -c regcomp.c -o regcomp.o >/dev/null 2>&1
2025-10-01T06:49:00.9451956Z mv -f .deps/st.Tpo .deps/st.Plo
2025-10-01T06:49:00.9514505Z /bin/bash ../libtool  --tag=CC   --mode=compile x86_64-linux-gnu-gcc -DHAVE_CONFIG_H -I.  -I..  -Wall   -O2 -pthread -fstack-protector-all -MT reggnu.lo -MD -MP -MF .deps/reggnu.Tpo -c -o reggnu.lo reggnu.c
2025-10-01T06:49:00.9547268Z libtool: compile:  x86_64-linux-gnu-gcc -DHAVE_CONFIG_H -I. -I.. -Wall -O2 -pthread -fstack-protector-all -MT regexec.lo -MD -MP -MF .deps/regexec.Tpo -c regexec.c -o regexec.o >/dev/null 2>&1
2025-10-01T06:49:01.0747802Z libtool: compile:  x86_64-linux-gnu-gcc -DHAVE_CONFIG_H -I. -I.. -Wall -O2 -pthread -fstack-protector-all -MT reggnu.lo -MD -MP -MF .deps/reggnu.Tpo -c reggnu.c  -fPIC -DPIC -o .libs/reggnu.o
2025-10-01T06:49:01.2194464Z libtool: compile:  x86_64-linux-gnu-gcc -DHAVE_CONFIG_H -I. -I.. -Wall -O2 -pthread -fstack-protector-all -MT reggnu.lo -MD -MP -MF .deps/reggnu.Tpo -c reggnu.c -o reggnu.o >/dev/null 2>&1
2025-10-01T06:49:01.3061311Z mv -f .deps/reggnu.Tpo .deps/reggnu.Plo
2025-10-01T06:49:01.3098266Z /bin/bash ../libtool  --tag=CC   --mode=compile x86_64-linux-gnu-gcc -DHAVE_CONFIG_H -I.  -I..  -Wall   -O2 -pthread -fstack-protector-all -MT unicode.lo -MD -MP -MF .deps/unicode.Tpo -c -o unicode.lo unicode.c
2025-10-01T06:49:01.3622866Z libtool: compile:  x86_64-linux-gnu-gcc -DHAVE_CONFIG_H -I. -I.. -Wall -O2 -pthread -fstack-protector-all -MT unicode.lo -MD -MP -MF .deps/unicode.Tpo -c unicode.c  -fPIC -DPIC -o .libs/unicode.o
2025-10-01T06:49:01.5573844Z libtool: compile:  x86_64-linux-gnu-gcc -DHAVE_CONFIG_H -I. -I.. -Wall -O2 -pthread -fstack-protector-all -MT regparse.lo -MD -MP -MF .deps/regparse.Tpo -c regparse.c -o regparse.o >/dev/null 2>&1
2025-10-01T06:49:01.9836538Z libtool: compile:  x86_64-linux-gnu-gcc -DHAVE_CONFIG_H -I. -I.. -Wall -O2 -pthread -fstack-protector-all -MT unicode.lo -MD -MP -MF .deps/unicode.Tpo -c unicode.c -o unicode.o >/dev/null 2>&1
2025-10-01T06:49:02.7610245Z mv -f .deps/unicode.Tpo .deps/unicode.Plo
2025-10-01T06:49:02.7649749Z /bin/bash ../libtool  --tag=CC   --mode=compile x86_64-linux-gnu-gcc -DHAVE_CONFIG_H -I.  -I..  -Wall   -O2 -pthread -fstack-protector-all -MT unicode_unfold_key.lo -MD -MP -MF .deps/unicode_unfold_key.Tpo -c -o unicode_unfold_key.lo unicode_unfold_key.c
2025-10-01T06:49:02.8871157Z libtool: compile:  x86_64-linux-gnu-gcc -DHAVE_CONFIG_H -I. -I.. -Wall -O2 -pthread -fstack-protector-all -MT unicode_unfold_key.lo -MD -MP -MF .deps/unicode_unfold_key.Tpo -c unicode_unfold_key.c  -fPIC -DPIC -o .libs/unicode_unfold_key.o
2025-10-01T06:49:02.8905151Z mv -f .deps/regcomp.Tpo .deps/regcomp.Plo
2025-10-01T06:49:02.8995749Z /bin/bash ../libtool  --tag=CC   --mode=compile x86_64-linux-gnu-gcc -DHAVE_CONFIG_H -I.  -I..  -Wall   -O2 -pthread -fstack-protector-all -MT unicode_fold1_key.lo -MD -MP -MF .deps/unicode_fold1_key.Tpo -c -o unicode_fold1_key.lo unicode_fold1_key.c
2025-10-01T06:49:02.9797830Z libtool: compile:  x86_64-linux-gnu-gcc -DHAVE_CONFIG_H -I. -I.. -Wall -O2 -pthread -fstack-protector-all -MT unicode_unfold_key.lo -MD -MP -MF .deps/unicode_unfold_key.Tpo -c unicode_unfold_key.c -o unicode_unfold_key.o >/dev/null 2>&1
2025-10-01T06:49:03.0282144Z libtool: compile:  x86_64-linux-gnu-gcc -DHAVE_CONFIG_H -I. -I.. -Wall -O2 -pthread -fstack-protector-all -MT unicode_fold1_key.lo -MD -MP -MF .deps/unicode_fold1_key.Tpo -c unicode_fold1_key.c  -fPIC -DPIC -o .libs/unicode_fold1_key.o
2025-10-01T06:49:03.0846650Z mv -f .deps/regexec.Tpo .deps/regexec.Plo
2025-10-01T06:49:03.0890549Z libtool: compile:  x86_64-linux-gnu-gcc -DHAVE_CONFIG_H -I. -I.. -Wall -O2 -pthread -fstack-protector-all -MT unicode_fold1_key.lo -MD -MP -MF .deps/unicode_fold1_key.Tpo -c unicode_fold1_key.c -o unicode_fold1_key.o >/dev/null 2>&1
2025-10-01T06:49:03.0892422Z mv -f .deps/unicode_unfold_key.Tpo .deps/unicode_unfold_key.Plo
2025-10-01T06:49:03.0929424Z /bin/bash ../libtool  --tag=CC   --mode=compile x86_64-linux-gnu-gcc -DHAVE_CONFIG_H -I.  -I..  -Wall   -O2 -pthread -fstack-protector-all -MT unicode_fold2_key.lo -MD -MP -MF .deps/unicode_fold2_key.Tpo -c -o unicode_fold2_key.lo unicode_fold2_key.c
2025-10-01T06:49:03.0945005Z /bin/bash ../libtool  --tag=CC   --mode=compile x86_64-linux-gnu-gcc -DHAVE_CONFIG_H -I.  -I..  -Wall   -O2 -pthread -fstack-protector-all -MT unicode_fold3_key.lo -MD -MP -MF .deps/unicode_fold3_key.Tpo -c -o unicode_fold3_key.lo unicode_fold3_key.c
2025-10-01T06:49:03.1465846Z mv -f .deps/unicode_fold1_key.Tpo .deps/unicode_fold1_key.Plo
2025-10-01T06:49:03.1507071Z /bin/bash ../libtool  --tag=CC   --mode=compile x86_64-linux-gnu-gcc -DHAVE_CONFIG_H -I.  -I..  -Wall   -O2 -pthread -fstack-protector-all -MT ascii.lo -MD -MP -MF .deps/ascii.Tpo -c -o ascii.lo ascii.c
2025-10-01T06:49:03.1562838Z libtool: compile:  x86_64-linux-gnu-gcc -DHAVE_CONFIG_H -I. -I.. -Wall -O2 -pthread -fstack-protector-all -MT unicode_fold2_key.lo -MD -MP -MF .deps/unicode_fold2_key.Tpo -c unicode_fold2_key.c  -fPIC -DPIC -o .libs/unicode_fold2_key.o
2025-10-01T06:49:03.1950458Z libtool: compile:  x86_64-linux-gnu-gcc -DHAVE_CONFIG_H -I. -I.. -Wall -O2 -pthread -fstack-protector-all -MT unicode_fold3_key.lo -MD -MP -MF .deps/unicode_fold3_key.Tpo -c unicode_fold3_key.c  -fPIC -DPIC -o .libs/unicode_fold3_key.o
2025-10-01T06:49:03.2074284Z libtool: compile:  x86_64-linux-gnu-gcc -DHAVE_CONFIG_H -I. -I.. -Wall -O2 -pthread -fstack-protector-all -MT unicode_fold2_key.lo -MD -MP -MF .deps/unicode_fold2_key.Tpo -c unicode_fold2_key.c -o unicode_fold2_key.o >/dev/null 2>&1
2025-10-01T06:49:03.2467069Z libtool: compile:  x86_64-linux-gnu-gcc -DHAVE_CONFIG_H -I. -I.. -Wall -O2 -pthread -fstack-protector-all -MT ascii.lo -MD -MP -MF .deps/ascii.Tpo -c ascii.c  -fPIC -DPIC -o .libs/ascii.o
2025-10-01T06:49:03.2484982Z libtool: compile:  x86_64-linux-gnu-gcc -DHAVE_CONFIG_H -I. -I.. -Wall -O2 -pthread -fstack-protector-all -MT unicode_fold3_key.lo -MD -MP -MF .deps/unicode_fold3_key.Tpo -c unicode_fold3_key.c -o unicode_fold3_key.o >/dev/null 2>&1
2025-10-01T06:49:03.2598563Z mv -f .deps/unicode_fold2_key.Tpo .deps/unicode_fold2_key.Plo
2025-10-01T06:49:03.2661667Z /bin/bash ../libtool  --tag=CC   --mode=compile x86_64-linux-gnu-gcc -DHAVE_CONFIG_H -I.  -I..  -Wall   -O2 -pthread -fstack-protector-all -MT utf8.lo -MD -MP -MF .deps/utf8.Tpo -c -o utf8.lo utf8.c
2025-10-01T06:49:03.3048002Z mv -f .deps/unicode_fold3_key.Tpo .deps/unicode_fold3_key.Plo
2025-10-01T06:49:03.3117220Z /bin/bash ../libtool  --tag=CC   --mode=compile x86_64-linux-gnu-gcc -DHAVE_CONFIG_H -I.  -I..  -Wall   -O2 -pthread -fstack-protector-all -MT utf16_be.lo -MD -MP -MF .deps/utf16_be.Tpo -c -o utf16_be.lo utf16_be.c
2025-10-01T06:49:03.3183162Z libtool: compile:  x86_64-linux-gnu-gcc -DHAVE_CONFIG_H -I. -I.. -Wall -O2 -pthread -fstack-protector-all -MT ascii.lo -MD -MP -MF .deps/ascii.Tpo -c ascii.c -o ascii.o >/dev/null 2>&1
2025-10-01T06:49:03.3593046Z libtool: compile:  x86_64-linux-gnu-gcc -DHAVE_CONFIG_H -I. -I.. -Wall -O2 -pthread -fstack-protector-all -MT utf8.lo -MD -MP -MF .deps/utf8.Tpo -c utf8.c  -fPIC -DPIC -o .libs/utf8.o
2025-10-01T06:49:03.3804645Z libtool: compile:  x86_64-linux-gnu-gcc -DHAVE_CONFIG_H -I. -I.. -Wall -O2 -pthread -fstack-protector-all -MT utf16_be.lo -MD -MP -MF .deps/utf16_be.Tpo -c utf16_be.c  -fPIC -DPIC -o .libs/utf16_be.o
2025-10-01T06:49:03.3972621Z mv -f .deps/ascii.Tpo .deps/ascii.Plo
2025-10-01T06:49:03.4043470Z /bin/bash ../libtool  --tag=CC   --mode=compile x86_64-linux-gnu-gcc -DHAVE_CONFIG_H -I.  -I..  -Wall   -O2 -pthread -fstack-protector-all -MT utf16_le.lo -MD -MP -MF .deps/utf16_le.Tpo -c -o utf16_le.lo utf16_le.c
2025-10-01T06:49:03.4348849Z libtool: compile:  x86_64-linux-gnu-gcc -DHAVE_CONFIG_H -I. -I.. -Wall -O2 -pthread -fstack-protector-all -MT utf8.lo -MD -MP -MF .deps/utf8.Tpo -c utf8.c -o utf8.o >/dev/null 2>&1
2025-10-01T06:49:03.4900864Z libtool: compile:  x86_64-linux-gnu-gcc -DHAVE_CONFIG_H -I. -I.. -Wall -O2 -pthread -fstack-protector-all -MT utf16_be.lo -MD -MP -MF .deps/utf16_be.Tpo -c utf16_be.c -o utf16_be.o >/dev/null 2>&1
2025-10-01T06:49:03.4959874Z libtool: compile:  x86_64-linux-gnu-gcc -DHAVE_CONFIG_H -I. -I.. -Wall -O2 -pthread -fstack-protector-all -MT utf16_le.lo -MD -MP -MF .deps/utf16_le.Tpo -c utf16_le.c  -fPIC -DPIC -o .libs/utf16_le.o
2025-10-01T06:49:03.5184594Z mv -f .deps/utf8.Tpo .deps/utf8.Plo
2025-10-01T06:49:03.5223892Z /bin/bash ../libtool  --tag=CC   --mode=compile x86_64-linux-gnu-gcc -DHAVE_CONFIG_H -I.  -I..  -Wall   -O2 -pthread -fstack-protector-all -MT utf32_be.lo -MD -MP -MF .deps/utf32_be.Tpo -c -o utf32_be.lo utf32_be.c
2025-10-01T06:49:03.5801216Z libtool: compile:  x86_64-linux-gnu-gcc -DHAVE_CONFIG_H -I. -I.. -Wall -O2 -pthread -fstack-protector-all -MT utf32_be.lo -MD -MP -MF .deps/utf32_be.Tpo -c utf32_be.c  -fPIC -DPIC -o .libs/utf32_be.o
2025-10-01T06:49:03.6120942Z mv -f .deps/utf16_be.Tpo .deps/utf16_be.Plo
2025-10-01T06:49:03.6200758Z /bin/bash ../libtool  --tag=CC   --mode=compile x86_64-linux-gnu-gcc -DHAVE_CONFIG_H -I.  -I..  -Wall   -O2 -pthread -fstack-protector-all -MT utf32_le.lo -MD -MP -MF .deps/utf32_le.Tpo -c -o utf32_le.lo utf32_le.c
2025-10-01T06:49:03.6327309Z libtool: compile:  x86_64-linux-gnu-gcc -DHAVE_CONFIG_H -I. -I.. -Wall -O2 -pthread -fstack-protector-all -MT utf32_be.lo -MD -MP -MF .deps/utf32_be.Tpo -c utf32_be.c -o utf32_be.o >/dev/null 2>&1
2025-10-01T06:49:03.6457773Z libtool: compile:  x86_64-linux-gnu-gcc -DHAVE_CONFIG_H -I. -I.. -Wall -O2 -pthread -fstack-protector-all -MT utf16_le.lo -MD -MP -MF .deps/utf16_le.Tpo -c utf16_le.c -o utf16_le.o >/dev/null 2>&1
2025-10-01T06:49:03.7041955Z mv -f .deps/utf32_be.Tpo .deps/utf32_be.Plo
2025-10-01T06:49:03.7056759Z libtool: compile:  x86_64-linux-gnu-gcc -DHAVE_CONFIG_H -I. -I.. -Wall -O2 -pthread -fstack-protector-all -MT utf32_le.lo -MD -MP -MF .deps/utf32_le.Tpo -c utf32_le.c  -fPIC -DPIC -o .libs/utf32_le.o
2025-10-01T06:49:03.7082002Z /bin/bash ../libtool  --tag=CC   --mode=compile x86_64-linux-gnu-gcc -DHAVE_CONFIG_H -I.  -I..  -Wall   -O2 -pthread -fstack-protector-all -MT euc_jp.lo -MD -MP -MF .deps/euc_jp.Tpo -c -o euc_jp.lo euc_jp.c
2025-10-01T06:49:03.7422896Z mv -f .deps/utf16_le.Tpo .deps/utf16_le.Plo
2025-10-01T06:49:03.7462594Z /bin/bash ../libtool  --tag=CC   --mode=compile x86_64-linux-gnu-gcc -DHAVE_CONFIG_H -I.  -I..  -Wall   -O2 -pthread -fstack-protector-all -MT euc_jp_prop.lo -MD -MP -MF .deps/euc_jp_prop.Tpo -c -o euc_jp_prop.lo euc_jp_prop.c
2025-10-01T06:49:03.7545454Z libtool: compile:  x86_64-linux-gnu-gcc -DHAVE_CONFIG_H -I. -I.. -Wall -O2 -pthread -fstack-protector-all -MT utf32_le.lo -MD -MP -MF .deps/utf32_le.Tpo -c utf32_le.c -o utf32_le.o >/dev/null 2>&1
2025-10-01T06:49:03.7615766Z libtool: compile:  x86_64-linux-gnu-gcc -DHAVE_CONFIG_H -I. -I.. -Wall -O2 -pthread -fstack-protector-all -MT euc_jp.lo -MD -MP -MF .deps/euc_jp.Tpo -c euc_jp.c  -fPIC -DPIC -o .libs/euc_jp.o
2025-10-01T06:49:03.8009373Z libtool: compile:  x86_64-linux-gnu-gcc -DHAVE_CONFIG_H -I. -I.. -Wall -O2 -pthread -fstack-protector-all -MT euc_jp_prop.lo -MD -MP -MF .deps/euc_jp_prop.Tpo -c euc_jp_prop.c  -fPIC -DPIC -o .libs/euc_jp_prop.o
2025-10-01T06:49:03.8091188Z mv -f .deps/utf32_le.Tpo .deps/utf32_le.Plo
2025-10-01T06:49:03.8129165Z /bin/bash ../libtool  --tag=CC   --mode=compile x86_64-linux-gnu-gcc -DHAVE_CONFIG_H -I.  -I..  -Wall   -O2 -pthread -fstack-protector-all -MT sjis.lo -MD -MP -MF .deps/sjis.Tpo -c -o sjis.lo sjis.c
2025-10-01T06:49:03.8521308Z libtool: compile:  x86_64-linux-gnu-gcc -DHAVE_CONFIG_H -I. -I.. -Wall -O2 -pthread -fstack-protector-all -MT euc_jp_prop.lo -MD -MP -MF .deps/euc_jp_prop.Tpo -c euc_jp_prop.c -o euc_jp_prop.o >/dev/null 2>&1
2025-10-01T06:49:03.8673430Z libtool: compile:  x86_64-linux-gnu-gcc -DHAVE_CONFIG_H -I. -I.. -Wall -O2 -pthread -fstack-protector-all -MT sjis.lo -MD -MP -MF .deps/sjis.Tpo -c sjis.c  -fPIC -DPIC -o .libs/sjis.o
2025-10-01T06:49:03.8678796Z libtool: compile:  x86_64-linux-gnu-gcc -DHAVE_CONFIG_H -I. -I.. -Wall -O2 -pthread -fstack-protector-all -MT euc_jp.lo -MD -MP -MF .deps/euc_jp.Tpo -c euc_jp.c -o euc_jp.o >/dev/null 2>&1
2025-10-01T06:49:03.9014579Z mv -f .deps/euc_jp_prop.Tpo .deps/euc_jp_prop.Plo
2025-10-01T06:49:03.9051899Z /bin/bash ../libtool  --tag=CC   --mode=compile x86_64-linux-gnu-gcc -DHAVE_CONFIG_H -I.  -I..  -Wall   -O2 -pthread -fstack-protector-all -MT sjis_prop.lo -MD -MP -MF .deps/sjis_prop.Tpo -c -o sjis_prop.lo sjis_prop.c
2025-10-01T06:49:03.9598421Z libtool: compile:  x86_64-linux-gnu-gcc -DHAVE_CONFIG_H -I. -I.. -Wall -O2 -pthread -fstack-protector-all -MT sjis_prop.lo -MD -MP -MF .deps/sjis_prop.Tpo -c sjis_prop.c  -fPIC -DPIC -o .libs/sjis_prop.o
2025-10-01T06:49:03.9682090Z libtool: compile:  x86_64-linux-gnu-gcc -DHAVE_CONFIG_H -I. -I.. -Wall -O2 -pthread -fstack-protector-all -MT sjis.lo -MD -MP -MF .deps/sjis.Tpo -c sjis.c -o sjis.o >/dev/null 2>&1
2025-10-01T06:49:03.9726729Z mv -f .deps/euc_jp.Tpo .deps/euc_jp.Plo
2025-10-01T06:49:03.9764751Z /bin/bash ../libtool  --tag=CC   --mode=compile x86_64-linux-gnu-gcc -DHAVE_CONFIG_H -I.  -I..  -Wall   -O2 -pthread -fstack-protector-all -MT iso8859_1.lo -MD -MP -MF .deps/iso8859_1.Tpo -c -o iso8859_1.lo iso8859_1.c
2025-10-01T06:49:04.0081793Z libtool: compile:  x86_64-linux-gnu-gcc -DHAVE_CONFIG_H -I. -I.. -Wall -O2 -pthread -fstack-protector-all -MT sjis_prop.lo -MD -MP -MF .deps/sjis_prop.Tpo -c sjis_prop.c -o sjis_prop.o >/dev/null 2>&1
2025-10-01T06:49:04.0308381Z libtool: compile:  x86_64-linux-gnu-gcc -DHAVE_CONFIG_H -I. -I.. -Wall -O2 -pthread -fstack-protector-all -MT iso8859_1.lo -MD -MP -MF .deps/iso8859_1.Tpo -c iso8859_1.c  -fPIC -DPIC -o .libs/iso8859_1.o
2025-10-01T06:49:04.0555084Z mv -f .deps/sjis_prop.Tpo .deps/sjis_prop.Plo
2025-10-01T06:49:04.0594236Z /bin/bash ../libtool  --tag=CC   --mode=compile x86_64-linux-gnu-gcc -DHAVE_CONFIG_H -I.  -I..  -Wall   -O2 -pthread -fstack-protector-all -MT iso8859_2.lo -MD -MP -MF .deps/iso8859_2.Tpo -c -o iso8859_2.lo iso8859_2.c
2025-10-01T06:49:04.0721032Z mv -f .deps/sjis.Tpo .deps/sjis.Plo
2025-10-01T06:49:04.0757758Z /bin/bash ../libtool  --tag=CC   --mode=compile x86_64-linux-gnu-gcc -DHAVE_CONFIG_H -I.  -I..  -Wall   -O2 -pthread -fstack-protector-all -MT iso8859_3.lo -MD -MP -MF .deps/iso8859_3.Tpo -c -o iso8859_3.lo iso8859_3.c
2025-10-01T06:49:04.0954853Z libtool: compile:  x86_64-linux-gnu-gcc -DHAVE_CONFIG_H -I. -I.. -Wall -O2 -pthread -fstack-protector-all -MT iso8859_1.lo -MD -MP -MF .deps/iso8859_1.Tpo -c iso8859_1.c -o iso8859_1.o >/dev/null 2>&1
2025-10-01T06:49:04.1163976Z libtool: compile:  x86_64-linux-gnu-gcc -DHAVE_CONFIG_H -I. -I.. -Wall -O2 -pthread -fstack-protector-all -MT iso8859_2.lo -MD -MP -MF .deps/iso8859_2.Tpo -c iso8859_2.c  -fPIC -DPIC -o .libs/iso8859_2.o
2025-10-01T06:49:04.1291720Z libtool: compile:  x86_64-linux-gnu-gcc -DHAVE_CONFIG_H -I. -I.. -Wall -O2 -pthread -fstack-protector-all -MT iso8859_3.lo -MD -MP -MF .deps/iso8859_3.Tpo -c iso8859_3.c  -fPIC -DPIC -o .libs/iso8859_3.o
2025-10-01T06:49:04.1568631Z libtool: compile:  x86_64-linux-gnu-gcc -DHAVE_CONFIG_H -I. -I.. -Wall -O2 -pthread -fstack-protector-all -MT iso8859_2.lo -MD -MP -MF .deps/iso8859_2.Tpo -c iso8859_2.c -o iso8859_2.o >/dev/null 2>&1
2025-10-01T06:49:04.1597794Z mv -f .deps/iso8859_1.Tpo .deps/iso8859_1.Plo
2025-10-01T06:49:04.1633104Z /bin/bash ../libtool  --tag=CC   --mode=compile x86_64-linux-gnu-gcc -DHAVE_CONFIG_H -I.  -I..  -Wall   -O2 -pthread -fstack-protector-all -MT iso8859_4.lo -MD -MP -MF .deps/iso8859_4.Tpo -c -o iso8859_4.lo iso8859_4.c
2025-10-01T06:49:04.1698611Z libtool: compile:  x86_64-linux-gnu-gcc -DHAVE_CONFIG_H -I. -I.. -Wall -O2 -pthread -fstack-protector-all -MT iso8859_3.lo -MD -MP -MF .deps/iso8859_3.Tpo -c iso8859_3.c -o iso8859_3.o >/dev/null 2>&1
2025-10-01T06:49:04.1781933Z mv -f .deps/regparse.Tpo .deps/regparse.Plo
2025-10-01T06:49:04.1820629Z /bin/bash ../libtool  --tag=CC   --mode=compile x86_64-linux-gnu-gcc -DHAVE_CONFIG_H -I.  -I..  -Wall   -O2 -pthread -fstack-protector-all -MT iso8859_5.lo -MD -MP -MF .deps/iso8859_5.Tpo -c -o iso8859_5.lo iso8859_5.c
2025-10-01T06:49:04.1977604Z mv -f .deps/iso8859_2.Tpo .deps/iso8859_2.Plo
2025-10-01T06:49:04.2013838Z /bin/bash ../libtool  --tag=CC   --mode=compile x86_64-linux-gnu-gcc -DHAVE_CONFIG_H -I.  -I..  -Wall   -O2 -pthread -fstack-protector-all -MT iso8859_6.lo -MD -MP -MF .deps/iso8859_6.Tpo -c -o iso8859_6.lo iso8859_6.c
2025-10-01T06:49:04.2096231Z mv -f .deps/iso8859_3.Tpo .deps/iso8859_3.Plo
2025-10-01T06:49:04.2132462Z /bin/bash ../libtool  --tag=CC   --mode=compile x86_64-linux-gnu-gcc -DHAVE_CONFIG_H -I.  -I..  -Wall   -O2 -pthread -fstack-protector-all -MT iso8859_7.lo -MD -MP -MF .deps/iso8859_7.Tpo -c -o iso8859_7.lo iso8859_7.c
2025-10-01T06:49:04.2161428Z libtool: compile:  x86_64-linux-gnu-gcc -DHAVE_CONFIG_H -I. -I.. -Wall -O2 -pthread -fstack-protector-all -MT iso8859_4.lo -MD -MP -MF .deps/iso8859_4.Tpo -c iso8859_4.c  -fPIC -DPIC -o .libs/iso8859_4.o
2025-10-01T06:49:04.2340555Z libtool: compile:  x86_64-linux-gnu-gcc -DHAVE_CONFIG_H -I. -I.. -Wall -O2 -pthread -fstack-protector-all -MT iso8859_5.lo -MD -MP -MF .deps/iso8859_5.Tpo -c iso8859_5.c  -fPIC -DPIC -o .libs/iso8859_5.o
2025-10-01T06:49:04.2533600Z libtool: compile:  x86_64-linux-gnu-gcc -DHAVE_CONFIG_H -I. -I.. -Wall -O2 -pthread -fstack-protector-all -MT iso8859_6.lo -MD -MP -MF .deps/iso8859_6.Tpo -c iso8859_6.c  -fPIC -DPIC -o .libs/iso8859_6.o
2025-10-01T06:49:04.2571066Z libtool: compile:  x86_64-linux-gnu-gcc -DHAVE_CONFIG_H -I. -I.. -Wall -O2 -pthread -fstack-protector-all -MT iso8859_4.lo -MD -MP -MF .deps/iso8859_4.Tpo -c iso8859_4.c -o iso8859_4.o >/dev/null 2>&1
2025-10-01T06:49:04.2673819Z libtool: compile:  x86_64-linux-gnu-gcc -DHAVE_CONFIG_H -I. -I.. -Wall -O2 -pthread -fstack-protector-all -MT iso8859_7.lo -MD -MP -MF .deps/iso8859_7.Tpo -c iso8859_7.c  -fPIC -DPIC -o .libs/iso8859_7.o
2025-10-01T06:49:04.2720582Z libtool: compile:  x86_64-linux-gnu-gcc -DHAVE_CONFIG_H -I. -I.. -Wall -O2 -pthread -fstack-protector-all -MT iso8859_5.lo -MD -MP -MF .deps/iso8859_5.Tpo -c iso8859_5.c -o iso8859_5.o >/dev/null 2>&1
2025-10-01T06:49:04.2825258Z libtool: compile:  x86_64-linux-gnu-gcc -DHAVE_CONFIG_H -I. -I.. -Wall -O2 -pthread -fstack-protector-all -MT iso8859_6.lo -MD -MP -MF .deps/iso8859_6.Tpo -c iso8859_6.c -o iso8859_6.o >/dev/null 2>&1
2025-10-01T06:49:04.2976906Z mv -f .deps/iso8859_4.Tpo .deps/iso8859_4.Plo
2025-10-01T06:49:04.3016842Z /bin/bash ../libtool  --tag=CC   --mode=compile x86_64-linux-gnu-gcc -DHAVE_CONFIG_H -I.  -I..  -Wall   -O2 -pthread -fstack-protector-all -MT iso8859_8.lo -MD -MP -MF .deps/iso8859_8.Tpo -c -o iso8859_8.lo iso8859_8.c
2025-10-01T06:49:04.3052244Z libtool: compile:  x86_64-linux-gnu-gcc -DHAVE_CONFIG_H -I. -I.. -Wall -O2 -pthread -fstack-protector-all -MT iso8859_7.lo -MD -MP -MF .deps/iso8859_7.Tpo -c iso8859_7.c -o iso8859_7.o >/dev/null 2>&1
2025-10-01T06:49:04.3088019Z mv -f .deps/iso8859_5.Tpo .deps/iso8859_5.Plo
2025-10-01T06:49:04.3112074Z mv -f .deps/iso8859_6.Tpo .deps/iso8859_6.Plo
2025-10-01T06:49:04.3126545Z /bin/bash ../libtool  --tag=CC   --mode=compile x86_64-linux-gnu-gcc -DHAVE_CONFIG_H -I.  -I..  -Wall   -O2 -pthread -fstack-protector-all -MT iso8859_9.lo -MD -MP -MF .deps/iso8859_9.Tpo -c -o iso8859_9.lo iso8859_9.c
2025-10-01T06:49:04.3152695Z /bin/bash ../libtool  --tag=CC   --mode=compile x86_64-linux-gnu-gcc -DHAVE_CONFIG_H -I.  -I..  -Wall   -O2 -pthread -fstack-protector-all -MT iso8859_10.lo -MD -MP -MF .deps/iso8859_10.Tpo -c -o iso8859_10.lo iso8859_10.c
2025-10-01T06:49:04.3443226Z mv -f .deps/iso8859_7.Tpo .deps/iso8859_7.Plo
2025-10-01T06:49:04.3480330Z /bin/bash ../libtool  --tag=CC   --mode=compile x86_64-linux-gnu-gcc -DHAVE_CONFIG_H -I.  -I..  -Wall   -O2 -pthread -fstack-protector-all -MT iso8859_11.lo -MD -MP -MF .deps/iso8859_11.Tpo -c -o iso8859_11.lo iso8859_11.c
2025-10-01T06:49:04.3541681Z libtool: compile:  x86_64-linux-gnu-gcc -DHAVE_CONFIG_H -I. -I.. -Wall -O2 -pthread -fstack-protector-all -MT iso8859_8.lo -MD -MP -MF .deps/iso8859_8.Tpo -c iso8859_8.c  -fPIC -DPIC -o .libs/iso8859_8.o
2025-10-01T06:49:04.3643921Z libtool: compile:  x86_64-linux-gnu-gcc -DHAVE_CONFIG_H -I. -I.. -Wall -O2 -pthread -fstack-protector-all -MT iso8859_9.lo -MD -MP -MF .deps/iso8859_9.Tpo -c iso8859_9.c  -fPIC -DPIC -o .libs/iso8859_9.o
2025-10-01T06:49:04.3671281Z libtool: compile:  x86_64-linux-gnu-gcc -DHAVE_CONFIG_H -I. -I.. -Wall -O2 -pthread -fstack-protector-all -MT iso8859_10.lo -MD -MP -MF .deps/iso8859_10.Tpo -c iso8859_10.c  -fPIC -DPIC -o .libs/iso8859_10.o
2025-10-01T06:49:04.3833144Z libtool: compile:  x86_64-linux-gnu-gcc -DHAVE_CONFIG_H -I. -I.. -Wall -O2 -pthread -fstack-protector-all -MT iso8859_8.lo -MD -MP -MF .deps/iso8859_8.Tpo -c iso8859_8.c -o iso8859_8.o >/dev/null 2>&1
2025-10-01T06:49:04.4022365Z libtool: compile:  x86_64-linux-gnu-gcc -DHAVE_CONFIG_H -I. -I.. -Wall -O2 -pthread -fstack-protector-all -MT iso8859_11.lo -MD -MP -MF .deps/iso8859_11.Tpo -c iso8859_11.c  -fPIC -DPIC -o .libs/iso8859_11.o
2025-10-01T06:49:04.4073172Z libtool: compile:  x86_64-linux-gnu-gcc -DHAVE_CONFIG_H -I. -I.. -Wall -O2 -pthread -fstack-protector-all -MT iso8859_10.lo -MD -MP -MF .deps/iso8859_10.Tpo -c iso8859_10.c -o iso8859_10.o >/dev/null 2>&1
2025-10-01T06:49:04.4093666Z libtool: compile:  x86_64-linux-gnu-gcc -DHAVE_CONFIG_H -I. -I.. -Wall -O2 -pthread -fstack-protector-all -MT iso8859_9.lo -MD -MP -MF .deps/iso8859_9.Tpo -c iso8859_9.c -o iso8859_9.o >/dev/null 2>&1
2025-10-01T06:49:04.4119628Z mv -f .deps/iso8859_8.Tpo .deps/iso8859_8.Plo
2025-10-01T06:49:04.4153678Z /bin/bash ../libtool  --tag=CC   --mode=compile x86_64-linux-gnu-gcc -DHAVE_CONFIG_H -I.  -I..  -Wall   -O2 -pthread -fstack-protector-all -MT iso8859_13.lo -MD -MP -MF .deps/iso8859_13.Tpo -c -o iso8859_13.lo iso8859_13.c
2025-10-01T06:49:04.4325552Z libtool: compile:  x86_64-linux-gnu-gcc -DHAVE_CONFIG_H -I. -I.. -Wall -O2 -pthread -fstack-protector-all -MT iso8859_11.lo -MD -MP -MF .deps/iso8859_11.Tpo -c iso8859_11.c -o iso8859_11.o >/dev/null 2>&1
2025-10-01T06:49:04.4474726Z mv -f .deps/iso8859_10.Tpo .deps/iso8859_10.Plo
2025-10-01T06:49:04.4478622Z mv -f .deps/iso8859_9.Tpo .deps/iso8859_9.Plo
2025-10-01T06:49:04.4510452Z /bin/bash ../libtool  --tag=CC   --mode=compile x86_64-linux-gnu-gcc -DHAVE_CONFIG_H -I.  -I..  -Wall   -O2 -pthread -fstack-protector-all -MT iso8859_14.lo -MD -MP -MF .deps/iso8859_14.Tpo -c -o iso8859_14.lo iso8859_14.c
2025-10-01T06:49:04.4525933Z /bin/bash ../libtool  --tag=CC   --mode=compile x86_64-linux-gnu-gcc -DHAVE_CONFIG_H -I.  -I..  -Wall   -O2 -pthread -fstack-protector-all -MT iso8859_15.lo -MD -MP -MF .deps/iso8859_15.Tpo -c -o iso8859_15.lo iso8859_15.c
2025-10-01T06:49:04.4616395Z mv -f .deps/iso8859_11.Tpo .deps/iso8859_11.Plo
2025-10-01T06:49:04.4661915Z /bin/bash ../libtool  --tag=CC   --mode=compile x86_64-linux-gnu-gcc -DHAVE_CONFIG_H -I.  -I..  -Wall   -O2 -pthread -fstack-protector-all -MT iso8859_16.lo -MD -MP -MF .deps/iso8859_16.Tpo -c -o iso8859_16.lo iso8859_16.c
2025-10-01T06:49:04.4700493Z libtool: compile:  x86_64-linux-gnu-gcc -DHAVE_CONFIG_H -I. -I.. -Wall -O2 -pthread -fstack-protector-all -MT iso8859_13.lo -MD -MP -MF .deps/iso8859_13.Tpo -c iso8859_13.c  -fPIC -DPIC -o .libs/iso8859_13.o
2025-10-01T06:49:04.5033357Z libtool: compile:  x86_64-linux-gnu-gcc -DHAVE_CONFIG_H -I. -I.. -Wall -O2 -pthread -fstack-protector-all -MT iso8859_15.lo -MD -MP -MF .deps/iso8859_15.Tpo -c iso8859_15.c  -fPIC -DPIC -o .libs/iso8859_15.o
2025-10-01T06:49:04.5044378Z libtool: compile:  x86_64-linux-gnu-gcc -DHAVE_CONFIG_H -I. -I.. -Wall -O2 -pthread -fstack-protector-all -MT iso8859_14.lo -MD -MP -MF .deps/iso8859_14.Tpo -c iso8859_14.c  -fPIC -DPIC -o .libs/iso8859_14.o
2025-10-01T06:49:04.5110655Z libtool: compile:  x86_64-linux-gnu-gcc -DHAVE_CONFIG_H -I. -I.. -Wall -O2 -pthread -fstack-protector-all -MT iso8859_13.lo -MD -MP -MF .deps/iso8859_13.Tpo -c iso8859_13.c -o iso8859_13.o >/dev/null 2>&1
2025-10-01T06:49:04.5188732Z libtool: compile:  x86_64-linux-gnu-gcc -DHAVE_CONFIG_H -I. -I.. -Wall -O2 -pthread -fstack-protector-all -MT iso8859_16.lo -MD -MP -MF .deps/iso8859_16.Tpo -c iso8859_16.c  -fPIC -DPIC -o .libs/iso8859_16.o
2025-10-01T06:49:04.5454019Z libtool: compile:  x86_64-linux-gnu-gcc -DHAVE_CONFIG_H -I. -I.. -Wall -O2 -pthread -fstack-protector-all -MT iso8859_15.lo -MD -MP -MF .deps/iso8859_15.Tpo -c iso8859_15.c -o iso8859_15.o >/dev/null 2>&1
2025-10-01T06:49:04.5500823Z libtool: compile:  x86_64-linux-gnu-gcc -DHAVE_CONFIG_H -I. -I.. -Wall -O2 -pthread -fstack-protector-all -MT iso8859_14.lo -MD -MP -MF .deps/iso8859_14.Tpo -c iso8859_14.c -o iso8859_14.o >/dev/null 2>&1
2025-10-01T06:49:04.5527080Z mv -f .deps/iso8859_13.Tpo .deps/iso8859_13.Plo
2025-10-01T06:49:04.5566084Z /bin/bash ../libtool  --tag=CC   --mode=compile x86_64-linux-gnu-gcc -DHAVE_CONFIG_H -I.  -I..  -Wall   -O2 -pthread -fstack-protector-all -MT euc_tw.lo -MD -MP -MF .deps/euc_tw.Tpo -c -o euc_tw.lo euc_tw.c
2025-10-01T06:49:04.5609968Z libtool: compile:  x86_64-linux-gnu-gcc -DHAVE_CONFIG_H -I. -I.. -Wall -O2 -pthread -fstack-protector-all -MT iso8859_16.lo -MD -MP -MF .deps/iso8859_16.Tpo -c iso8859_16.c -o iso8859_16.o >/dev/null 2>&1
2025-10-01T06:49:04.5868197Z mv -f .deps/iso8859_15.Tpo .deps/iso8859_15.Plo
2025-10-01T06:49:04.5872261Z mv -f .deps/iso8859_14.Tpo .deps/iso8859_14.Plo
2025-10-01T06:49:04.5902390Z /bin/bash ../libtool  --tag=CC   --mode=compile x86_64-linux-gnu-gcc -DHAVE_CONFIG_H -I.  -I..  -Wall   -O2 -pthread -fstack-protector-all -MT euc_kr.lo -MD -MP -MF .deps/euc_kr.Tpo -c -o euc_kr.lo euc_kr.c
2025-10-01T06:49:04.5910860Z /bin/bash ../libtool  --tag=CC   --mode=compile x86_64-linux-gnu-gcc -DHAVE_CONFIG_H -I.  -I..  -Wall   -O2 -pthread -fstack-protector-all -MT big5.lo -MD -MP -MF .deps/big5.Tpo -c -o big5.lo big5.c
2025-10-01T06:49:04.6035556Z mv -f .deps/iso8859_16.Tpo .deps/iso8859_16.Plo
2025-10-01T06:49:04.6070449Z /bin/bash ../libtool  --tag=CC   --mode=compile x86_64-linux-gnu-gcc -DHAVE_CONFIG_H -I.  -I..  -Wall   -O2 -pthread -fstack-protector-all -MT gb18030.lo -MD -MP -MF .deps/gb18030.Tpo -c -o gb18030.lo gb18030.c
2025-10-01T06:49:04.6103387Z libtool: compile:  x86_64-linux-gnu-gcc -DHAVE_CONFIG_H -I. -I.. -Wall -O2 -pthread -fstack-protector-all -MT euc_tw.lo -MD -MP -MF .deps/euc_tw.Tpo -c euc_tw.c  -fPIC -DPIC -o .libs/euc_tw.o
2025-10-01T06:49:04.6430312Z libtool: compile:  x86_64-linux-gnu-gcc -DHAVE_CONFIG_H -I. -I.. -Wall -O2 -pthread -fstack-protector-all -MT euc_kr.lo -MD -MP -MF .deps/euc_kr.Tpo -c euc_kr.c  -fPIC -DPIC -o .libs/euc_kr.o
2025-10-01T06:49:04.6436111Z libtool: compile:  x86_64-linux-gnu-gcc -DHAVE_CONFIG_H -I. -I.. -Wall -O2 -pthread -fstack-protector-all -MT big5.lo -MD -MP -MF .deps/big5.Tpo -c big5.c  -fPIC -DPIC -o .libs/big5.o
2025-10-01T06:49:04.6618455Z libtool: compile:  x86_64-linux-gnu-gcc -DHAVE_CONFIG_H -I. -I.. -Wall -O2 -pthread -fstack-protector-all -MT gb18030.lo -MD -MP -MF .deps/gb18030.Tpo -c gb18030.c  -fPIC -DPIC -o .libs/gb18030.o
2025-10-01T06:49:04.6729385Z libtool: compile:  x86_64-linux-gnu-gcc -DHAVE_CONFIG_H -I. -I.. -Wall -O2 -pthread -fstack-protector-all -MT euc_tw.lo -MD -MP -MF .deps/euc_tw.Tpo -c euc_tw.c -o euc_tw.o >/dev/null 2>&1
2025-10-01T06:49:04.7023973Z libtool: compile:  x86_64-linux-gnu-gcc -DHAVE_CONFIG_H -I. -I.. -Wall -O2 -pthread -fstack-protector-all -MT euc_kr.lo -MD -MP -MF .deps/euc_kr.Tpo -c euc_kr.c -o euc_kr.o >/dev/null 2>&1
2025-10-01T06:49:04.7070695Z libtool: compile:  x86_64-linux-gnu-gcc -DHAVE_CONFIG_H -I. -I.. -Wall -O2 -pthread -fstack-protector-all -MT big5.lo -MD -MP -MF .deps/big5.Tpo -c big5.c -o big5.o >/dev/null 2>&1
2025-10-01T06:49:04.7361147Z mv -f .deps/euc_tw.Tpo .deps/euc_tw.Plo
2025-10-01T06:49:04.7401225Z /bin/bash ../libtool  --tag=CC   --mode=compile x86_64-linux-gnu-gcc -DHAVE_CONFIG_H -I.  -I..  -Wall   -O2 -pthread -fstack-protector-all -MT koi8_r.lo -MD -MP -MF .deps/koi8_r.Tpo -c -o koi8_r.lo koi8_r.c
2025-10-01T06:49:04.7590585Z mv -f .deps/big5.Tpo .deps/big5.Plo
2025-10-01T06:49:04.7598393Z libtool: compile:  x86_64-linux-gnu-gcc -DHAVE_CONFIG_H -I. -I.. -Wall -O2 -pthread -fstack-protector-all -MT gb18030.lo -MD -MP -MF .deps/gb18030.Tpo -c gb18030.c -o gb18030.o >/dev/null 2>&1
2025-10-01T06:49:04.7602678Z mv -f .deps/euc_kr.Tpo .deps/euc_kr.Plo
2025-10-01T06:49:04.7622870Z /bin/bash ../libtool  --tag=CC   --mode=compile x86_64-linux-gnu-gcc -DHAVE_CONFIG_H -I.  -I..  -Wall   -O2 -pthread -fstack-protector-all -MT cp1251.lo -MD -MP -MF .deps/cp1251.Tpo -c -o cp1251.lo cp1251.c
2025-10-01T06:49:04.7638825Z /bin/bash ../libtool  --tag=CC   --mode=compile x86_64-linux-gnu-gcc -DHAVE_CONFIG_H -I.  -I..  -Wall   -O2 -pthread -fstack-protector-all -MT onig_init.lo -MD -MP -MF .deps/onig_init.Tpo -c -o onig_init.lo onig_init.c
2025-10-01T06:49:04.7948709Z libtool: compile:  x86_64-linux-gnu-gcc -DHAVE_CONFIG_H -I. -I.. -Wall -O2 -pthread -fstack-protector-all -MT koi8_r.lo -MD -MP -MF .deps/koi8_r.Tpo -c koi8_r.c  -fPIC -DPIC -o .libs/koi8_r.o
2025-10-01T06:49:04.8141911Z libtool: compile:  x86_64-linux-gnu-gcc -DHAVE_CONFIG_H -I. -I.. -Wall -O2 -pthread -fstack-protector-all -MT cp1251.lo -MD -MP -MF .deps/cp1251.Tpo -c cp1251.c  -fPIC -DPIC -o .libs/cp1251.o
2025-10-01T06:49:04.8147637Z libtool: compile:  x86_64-linux-gnu-gcc -DHAVE_CONFIG_H -I. -I.. -Wall -O2 -pthread -fstack-protector-all -MT onig_init.lo -MD -MP -MF .deps/onig_init.Tpo -c onig_init.c  -fPIC -DPIC -o .libs/onig_init.o
2025-10-01T06:49:04.8352691Z libtool: compile:  x86_64-linux-gnu-gcc -DHAVE_CONFIG_H -I. -I.. -Wall -O2 -pthread -fstack-protector-all -MT koi8_r.lo -MD -MP -MF .deps/koi8_r.Tpo -c koi8_r.c -o koi8_r.o >/dev/null 2>&1
2025-10-01T06:49:04.8531861Z libtool: compile:  x86_64-linux-gnu-gcc -DHAVE_CONFIG_H -I. -I.. -Wall -O2 -pthread -fstack-protector-all -MT cp1251.lo -MD -MP -MF .deps/cp1251.Tpo -c cp1251.c -o cp1251.o >/dev/null 2>&1
2025-10-01T06:49:04.8561760Z libtool: compile:  x86_64-linux-gnu-gcc -DHAVE_CONFIG_H -I. -I.. -Wall -O2 -pthread -fstack-protector-all -MT onig_init.lo -MD -MP -MF .deps/onig_init.Tpo -c onig_init.c -o onig_init.o >/dev/null 2>&1
2025-10-01T06:49:04.8593663Z mv -f .deps/gb18030.Tpo .deps/gb18030.Plo
2025-10-01T06:49:04.8733793Z mv -f .deps/koi8_r.Tpo .deps/koi8_r.Plo
2025-10-01T06:49:04.8905695Z mv -f .deps/cp1251.Tpo .deps/cp1251.Plo
2025-10-01T06:49:04.8937087Z mv -f .deps/onig_init.Tpo .deps/onig_init.Plo
2025-10-01T06:49:04.8962802Z /bin/bash ../libtool  --tag=CC   --mode=link x86_64-linux-gnu-gcc -Wall   -O2 -pthread -fstack-protector-all  -version-info 10:0:5  -s -o libonig.la -rpath /usr/local/lib regparse.lo regcomp.lo regexec.lo regenc.lo regerror.lo regext.lo regsyntax.lo regtrav.lo regversion.lo st.lo reggnu.lo  unicode.lo unicode_unfold_key.lo unicode_fold1_key.lo unicode_fold2_key.lo unicode_fold3_key.lo ascii.lo utf8.lo utf16_be.lo utf16_le.lo utf32_be.lo utf32_le.lo euc_jp.lo euc_jp_prop.lo sjis.lo sjis_prop.lo iso8859_1.lo iso8859_2.lo iso8859_3.lo iso8859_4.lo iso8859_5.lo iso8859_6.lo iso8859_7.lo iso8859_8.lo iso8859_9.lo iso8859_10.lo iso8859_11.lo iso8859_13.lo iso8859_14.lo iso8859_15.lo iso8859_16.lo euc_tw.lo euc_kr.lo big5.lo gb18030.lo koi8_r.lo cp1251.lo onig_init.lo  
2025-10-01T06:49:05.0620477Z libtool: link: x86_64-linux-gnu-gcc -shared  -fPIC -DPIC  .libs/regparse.o .libs/regcomp.o .libs/regexec.o .libs/regenc.o .libs/regerror.o .libs/regext.o .libs/regsyntax.o .libs/regtrav.o .libs/regversion.o .libs/st.o .libs/reggnu.o .libs/unicode.o .libs/unicode_unfold_key.o .libs/unicode_fold1_key.o .libs/unicode_fold2_key.o .libs/unicode_fold3_key.o .libs/ascii.o .libs/utf8.o .libs/utf16_be.o .libs/utf16_le.o .libs/utf32_be.o .libs/utf32_le.o .libs/euc_jp.o .libs/euc_jp_prop.o .libs/sjis.o .libs/sjis_prop.o .libs/iso8859_1.o .libs/iso8859_2.o .libs/iso8859_3.o .libs/iso8859_4.o .libs/iso8859_5.o .libs/iso8859_6.o .libs/iso8859_7.o .libs/iso8859_8.o .libs/iso8859_9.o .libs/iso8859_10.o .libs/iso8859_11.o .libs/iso8859_13.o .libs/iso8859_14.o .libs/iso8859_15.o .libs/iso8859_16.o .libs/euc_tw.o .libs/euc_kr.o .libs/big5.o .libs/gb18030.o .libs/koi8_r.o .libs/cp1251.o .libs/onig_init.o    -O2 -fstack-protector-all   -pthread -Wl,-soname -Wl,libonig.so.5 -o .libs/libonig.so.5.5.0
2025-10-01T06:49:05.0886466Z libtool: link: (cd ".libs" && rm -f "libonig.so.5" && ln -s "libonig.so.5.5.0" "libonig.so.5")
2025-10-01T06:49:05.0930652Z libtool: link: (cd ".libs" && rm -f "libonig.so" && ln -s "libonig.so.5.5.0" "libonig.so")
2025-10-01T06:49:05.1935216Z libtool: link: x86_64-linux-gnu-ar cr .libs/libonig.a  regparse.o regcomp.o regexec.o regenc.o regerror.o regext.o regsyntax.o regtrav.o regversion.o st.o reggnu.o unicode.o unicode_unfold_key.o unicode_fold1_key.o unicode_fold2_key.o unicode_fold3_key.o ascii.o utf8.o utf16_be.o utf16_le.o utf32_be.o utf32_le.o euc_jp.o euc_jp_prop.o sjis.o sjis_prop.o iso8859_1.o iso8859_2.o iso8859_3.o iso8859_4.o iso8859_5.o iso8859_6.o iso8859_7.o iso8859_8.o iso8859_9.o iso8859_10.o iso8859_11.o iso8859_13.o iso8859_14.o iso8859_15.o iso8859_16.o euc_tw.o euc_kr.o big5.o gb18030.o koi8_r.o cp1251.o onig_init.o
2025-10-01T06:49:05.2524829Z libtool: link: x86_64-linux-gnu-ranlib .libs/libonig.a
2025-10-01T06:49:05.3633154Z libtool: link: ( cd ".libs" && rm -f "libonig.la" && ln -s "../libonig.la" "libonig.la" )
2025-10-01T06:49:05.3660645Z make[4]: Leaving directory '/home/runner/work/jq/jq/vendor/oniguruma/src'
2025-10-01T06:49:05.3663286Z make[3]: Leaving directory '/home/runner/work/jq/jq/vendor/oniguruma/src'
2025-10-01T06:49:05.3665627Z Making all in test
2025-10-01T06:49:05.3687738Z make[3]: Entering directory '/home/runner/work/jq/jq/vendor/oniguruma/test'
2025-10-01T06:49:05.3688367Z make[3]: Nothing to be done for 'all'.
2025-10-01T06:49:05.3688900Z make[3]: Leaving directory '/home/runner/work/jq/jq/vendor/oniguruma/test'
2025-10-01T06:49:05.3689756Z Making all in sample
2025-10-01T06:49:05.3711996Z make[3]: Entering directory '/home/runner/work/jq/jq/vendor/oniguruma/sample'
2025-10-01T06:49:05.3712617Z make[3]: Nothing to be done for 'all'.
2025-10-01T06:49:05.3713096Z make[3]: Leaving directory '/home/runner/work/jq/jq/vendor/oniguruma/sample'
2025-10-01T06:49:05.3730633Z make[3]: Entering directory '/home/runner/work/jq/jq/vendor/oniguruma'
2025-10-01T06:49:05.3732179Z sed -e 's,[@]datadir[@],/usr/local/share,g' -e 's,[@]datarootdir[@],/usr/local/share,g' -e 's,[@]PACKAGE_VERSION[@],6.9.10,g' -e 's,[@]prefix[@],/usr/local,g' -e 's,[@]exec_prefix[@],/usr/local,g' -e 's,[@]libdir[@],/usr/local/lib,g' -e 's,[@]includedir[@],/usr/local/include,g' < ./oniguruma.pc.in > oniguruma.pc
2025-10-01T06:49:05.3761190Z make[3]: Leaving directory '/home/runner/work/jq/jq/vendor/oniguruma'
2025-10-01T06:49:05.3765400Z make[2]: Leaving directory '/home/runner/work/jq/jq/vendor/oniguruma'
2025-10-01T06:49:05.3791533Z make[2]: Entering directory '/home/runner/work/jq/jq'
2025-10-01T06:49:05.3868544Z   GEN      jq.1
2025-10-01T06:49:05.3881050Z   CC       src/builtin.lo
2025-10-01T06:49:05.3898516Z   CC       src/bytecode.lo
2025-10-01T06:49:05.3904947Z   CC       src/compile.lo
2025-10-01T06:49:05.4006468Z   CC       src/execute.lo
2025-10-01T06:49:05.7357132Z   CC       src/jq_test.lo
2025-10-01T06:49:06.5599242Z   CC       src/jv.lo
2025-10-01T06:49:06.5985807Z   CC       src/jv_alloc.lo
2025-10-01T06:49:06.8944980Z   CC       src/jv_aux.lo
2025-10-01T06:49:07.0428784Z   CC       src/jv_dtoa.lo
2025-10-01T06:49:07.9247121Z   CC       src/jv_file.lo
2025-10-01T06:49:08.0857741Z   CC       src/jv_parse.lo
2025-10-01T06:49:08.2709983Z   CC       src/jv_print.lo
2025-10-01T06:49:08.4046156Z   CC       src/jv_unicode.lo
2025-10-01T06:49:08.6984369Z   CC       src/linker.lo
2025-10-01T06:49:08.9526716Z   CC       src/locfile.lo
2025-10-01T06:49:09.0031066Z   CC       src/util.lo
2025-10-01T06:49:09.0549843Z   CC       src/jv_dtoa_tsd.lo
2025-10-01T06:49:09.2513704Z   CC       vendor/decNumber/decContext.lo
2025-10-01T06:49:09.2915935Z   CC       vendor/decNumber/decNumber.lo
2025-10-01T06:49:09.3062259Z   CC       src/lexer.lo
2025-10-01T06:49:09.4612017Z   CC       src/parser.lo
2025-10-01T06:49:09.6148770Z   CC       src/main.o
2025-10-01T06:49:12.3107801Z   CCLD     libjq.la
2025-10-01T06:49:12.6938449Z   CCLD     jq
2025-10-01T06:49:13.6647132Z make[2]: Leaving directory '/home/runner/work/jq/jq'
2025-10-01T06:49:13.6651784Z make[1]: Leaving directory '/home/runner/work/jq/jq'
2025-10-01T06:49:13.6706355Z ./jq: ELF 64-bit LSB executable, x86-64, version 1 (SYSV), statically linked, BuildID[sha1]=6894fd581a6842f2ab0aba6814c1c1d5683660f0, for GNU/Linux 3.2.0, stripped
2025-10-01T06:49:13.6781393Z ##[group]Run make check VERBOSE=yes
2025-10-01T06:49:13.6781699Z [36;1mmake check VERBOSE=yes[0m
2025-10-01T06:49:13.6781933Z [36;1mgit diff --exit-code[0m
2025-10-01T06:49:13.6815348Z shell: /usr/bin/bash -e {0}
2025-10-01T06:49:13.6815585Z env:
2025-10-01T06:49:13.6815752Z   AR: x86_64-linux-gnu-ar
2025-10-01T06:49:13.6815959Z   CHOST: x86_64-linux-gnu
2025-10-01T06:49:13.6816151Z   CC: x86_64-linux-gnu-gcc
2025-10-01T06:49:13.6832847Z   CPP: x86_64-linux-gnu-cpp
2025-10-01T06:49:13.6833134Z   LDFLAGS: -s
2025-10-01T06:49:13.6833312Z   SUFFIX: linux-amd64
2025-10-01T06:49:13.6833506Z ##[endgroup]
2025-10-01T06:49:13.7092096Z make  check-recursive
2025-10-01T06:49:13.7163276Z make[1]: Entering directory '/home/runner/work/jq/jq'
2025-10-01T06:49:13.7198506Z Making check in vendor/oniguruma
2025-10-01T06:49:13.7216945Z make[2]: Entering directory '/home/runner/work/jq/jq/vendor/oniguruma'
2025-10-01T06:49:13.7252468Z Making check in src
2025-10-01T06:49:13.7316182Z make[3]: Entering directory '/home/runner/work/jq/jq/vendor/oniguruma/src'
2025-10-01T06:49:13.7502492Z make[3]: Leaving directory '/home/runner/work/jq/jq/vendor/oniguruma/src'
2025-10-01T06:49:13.7504942Z Making check in test
2025-10-01T06:49:13.7526092Z make[3]: Entering directory '/home/runner/work/jq/jq/vendor/oniguruma/test'
2025-10-01T06:49:13.7526873Z make  test_utf8 test_syntax test_options testc testcu test_regset test_back
2025-10-01T06:49:13.7555230Z make[4]: Entering directory '/home/runner/work/jq/jq/vendor/oniguruma/test'
2025-10-01T06:49:13.7556349Z x86_64-linux-gnu-gcc -DHAVE_CONFIG_H -I. -I../src  -I../src  -Wall -Wno-invalid-source-encoding -O2 -pthread -fstack-protector-all -MT test_utf8.o -MD -MP -MF .deps/test_utf8.Tpo -c -o test_utf8.o test_utf8.c
2025-10-01T06:49:14.6425967Z mv -f .deps/test_utf8.Tpo .deps/test_utf8.Po
2025-10-01T06:49:14.6473727Z /bin/bash ../libtool  --tag=CC   --mode=link x86_64-linux-gnu-gcc -Wall -Wno-invalid-source-encoding -O2 -pthread -fstack-protector-all -L/usr/local/lib -s -o test_utf8 test_utf8.o ../src/libonig.la 
2025-10-01T06:49:14.7269779Z libtool: link: x86_64-linux-gnu-gcc -Wall -Wno-invalid-source-encoding -O2 -fstack-protector-all -s -o .libs/test_utf8 test_utf8.o  -L/usr/local/lib ../src/.libs/libonig.so -pthread
2025-10-01T06:49:14.7482420Z x86_64-linux-gnu-gcc -DHAVE_CONFIG_H -I. -I../src  -I../src  -Wall -Wno-invalid-source-encoding -O2 -pthread -fstack-protector-all -MT test_syntax.o -MD -MP -MF .deps/test_syntax.Tpo -c -o test_syntax.o test_syntax.c
2025-10-01T06:49:14.8378531Z mv -f .deps/test_syntax.Tpo .deps/test_syntax.Po
2025-10-01T06:49:14.8423656Z /bin/bash ../libtool  --tag=CC   --mode=link x86_64-linux-gnu-gcc -Wall -Wno-invalid-source-encoding -O2 -pthread -fstack-protector-all -L/usr/local/lib -s -o test_syntax test_syntax.o ../src/libonig.la 
2025-10-01T06:49:14.9203073Z libtool: link: x86_64-linux-gnu-gcc -Wall -Wno-invalid-source-encoding -O2 -fstack-protector-all -s -o .libs/test_syntax test_syntax.o  -L/usr/local/lib ../src/.libs/libonig.so -pthread
2025-10-01T06:49:14.9405001Z x86_64-linux-gnu-gcc -DHAVE_CONFIG_H -I. -I../src  -I../src  -Wall -Wno-invalid-source-encoding -O2 -pthread -fstack-protector-all -MT test_options.o -MD -MP -MF .deps/test_options.Tpo -c -o test_options.o test_options.c
2025-10-01T06:49:14.9924219Z mv -f .deps/test_options.Tpo .deps/test_options.Po
2025-10-01T06:49:14.9968901Z /bin/bash ../libtool  --tag=CC   --mode=link x86_64-linux-gnu-gcc -Wall -Wno-invalid-source-encoding -O2 -pthread -fstack-protector-all -L/usr/local/lib -s -o test_options test_options.o ../src/libonig.la 
2025-10-01T06:49:15.0740774Z libtool: link: x86_64-linux-gnu-gcc -Wall -Wno-invalid-source-encoding -O2 -fstack-protector-all -s -o .libs/test_options test_options.o  -L/usr/local/lib ../src/.libs/libonig.so -pthread
2025-10-01T06:49:15.0939705Z x86_64-linux-gnu-gcc -DHAVE_CONFIG_H -I. -I../src  -I../src  -Wall -Wno-invalid-source-encoding -O2 -pthread -fstack-protector-all -MT testc.o -MD -MP -MF .deps/testc.Tpo -c -o testc.o testc.c
2025-10-01T06:49:15.3088675Z mv -f .deps/testc.Tpo .deps/testc.Po
2025-10-01T06:49:15.3133937Z /bin/bash ../libtool  --tag=CC   --mode=link x86_64-linux-gnu-gcc -Wall -Wno-invalid-source-encoding -O2 -pthread -fstack-protector-all -L/usr/local/lib -s -o testc testc.o ../src/libonig.la 
2025-10-01T06:49:15.3919523Z libtool: link: x86_64-linux-gnu-gcc -Wall -Wno-invalid-source-encoding -O2 -fstack-protector-all -s -o .libs/testc testc.o  -L/usr/local/lib ../src/.libs/libonig.so -pthread
2025-10-01T06:49:15.4126542Z x86_64-linux-gnu-gcc -DHAVE_CONFIG_H -I. -I../src  -I../src  -Wall -Wno-invalid-source-encoding -O2 -pthread -fstack-protector-all -MT testu.o -MD -MP -MF .deps/testu.Tpo -c -o testu.o testu.c
2025-10-01T06:49:15.6208397Z mv -f .deps/testu.Tpo .deps/testu.Po
2025-10-01T06:49:15.6254190Z /bin/bash ../libtool  --tag=CC   --mode=link x86_64-linux-gnu-gcc -Wall -Wno-invalid-source-encoding -O2 -pthread -fstack-protector-all -L/usr/local/lib -s -o testcu testu.o ../src/libonig.la 
2025-10-01T06:49:15.7041160Z libtool: link: x86_64-linux-gnu-gcc -Wall -Wno-invalid-source-encoding -O2 -fstack-protector-all -s -o .libs/testcu testu.o  -L/usr/local/lib ../src/.libs/libonig.so -pthread
2025-10-01T06:49:15.7241534Z x86_64-linux-gnu-gcc -DHAVE_CONFIG_H -I. -I../src  -I../src  -Wall -Wno-invalid-source-encoding -O2 -pthread -fstack-protector-all -MT test_regset.o -MD -MP -MF .deps/test_regset.Tpo -c -o test_regset.o test_regset.c
2025-10-01T06:49:15.8073975Z mv -f .deps/test_regset.Tpo .deps/test_regset.Po
2025-10-01T06:49:15.8121347Z /bin/bash ../libtool  --tag=CC   --mode=link x86_64-linux-gnu-gcc -Wall -Wno-invalid-source-encoding -O2 -pthread -fstack-protector-all -L/usr/local/lib -s -o test_regset test_regset.o ../src/libonig.la 
2025-10-01T06:49:15.8912619Z libtool: link: x86_64-linux-gnu-gcc -Wall -Wno-invalid-source-encoding -O2 -fstack-protector-all -s -o .libs/test_regset test_regset.o  -L/usr/local/lib ../src/.libs/libonig.so -pthread
2025-10-01T06:49:15.9111823Z x86_64-linux-gnu-gcc -DHAVE_CONFIG_H -I. -I../src  -I../src  -Wall -Wno-invalid-source-encoding -O2 -pthread -fstack-protector-all -MT test_back.o -MD -MP -MF .deps/test_back.Tpo -c -o test_back.o test_back.c
2025-10-01T06:49:16.5455551Z mv -f .deps/test_back.Tpo .deps/test_back.Po
2025-10-01T06:49:16.5503644Z /bin/bash ../libtool  --tag=CC   --mode=link x86_64-linux-gnu-gcc -Wall -Wno-invalid-source-encoding -O2 -pthread -fstack-protector-all -L/usr/local/lib -s -o test_back test_back.o ../src/libonig.la 
2025-10-01T06:49:16.6290924Z libtool: link: x86_64-linux-gnu-gcc -Wall -Wno-invalid-source-encoding -O2 -fstack-protector-all -s -o .libs/test_back test_back.o  -L/usr/local/lib ../src/.libs/libonig.so -pthread
2025-10-01T06:49:16.6505695Z make[4]: Leaving directory '/home/runner/work/jq/jq/vendor/oniguruma/test'
2025-10-01T06:49:16.6507307Z make  check-TESTS
2025-10-01T06:49:16.6573788Z make[4]: Entering directory '/home/runner/work/jq/jq/vendor/oniguruma/test'
2025-10-01T06:49:16.6731603Z make[5]: Entering directory '/home/runner/work/jq/jq/vendor/oniguruma/test'
2025-10-01T06:49:16.6948595Z PASS: test_utf8
2025-10-01T06:49:16.7098812Z PASS: test_syntax
2025-10-01T06:49:16.7245185Z PASS: test_options
2025-10-01T06:49:16.7412012Z PASS: testc
2025-10-01T06:49:16.7586454Z PASS: testcu
2025-10-01T06:49:16.7743633Z PASS: test_regset
2025-10-01T06:49:16.7942187Z PASS: test_back
2025-10-01T06:49:16.8314360Z ============================================================================
2025-10-01T06:49:16.8314925Z Testsuite summary for onig 6.9.10
2025-10-01T06:49:16.8315356Z ============================================================================
2025-10-01T06:49:16.8315837Z # TOTAL: 7
2025-10-01T06:49:16.8316131Z # PASS:  7
2025-10-01T06:49:16.8316415Z # SKIP:  0
2025-10-01T06:49:16.8316687Z # XFAIL: 0
2025-10-01T06:49:16.8316952Z # FAIL:  0
2025-10-01T06:49:16.8317215Z # XPASS: 0
2025-10-01T06:49:16.8317475Z # ERROR: 0
2025-10-01T06:49:16.8317765Z ============================================================================
2025-10-01T06:49:16.8320758Z make[5]: Leaving directory '/home/runner/work/jq/jq/vendor/oniguruma/test'
2025-10-01T06:49:16.8325123Z make[4]: Leaving directory '/home/runner/work/jq/jq/vendor/oniguruma/test'
2025-10-01T06:49:16.8327406Z make[3]: Leaving directory '/home/runner/work/jq/jq/vendor/oniguruma/test'
2025-10-01T06:49:16.8330006Z Making check in sample
2025-10-01T06:49:16.8352393Z make[3]: Entering directory '/home/runner/work/jq/jq/vendor/oniguruma/sample'
2025-10-01T06:49:16.8353422Z make  encode listcap names simple sql syntax user_property callout echo count bug_fix regset scan callback_each_match
2025-10-01T06:49:16.8383736Z make[4]: Entering directory '/home/runner/work/jq/jq/vendor/oniguruma/sample'
2025-10-01T06:49:16.8384856Z x86_64-linux-gnu-gcc -DHAVE_CONFIG_H -I. -I../src  -I../src  -Wall -O2 -pthread -fstack-protector-all -MT encode.o -MD -MP -MF .deps/encode.Tpo -c -o encode.o encode.c
2025-10-01T06:49:16.8811666Z mv -f .deps/encode.Tpo .deps/encode.Po
2025-10-01T06:49:16.8858525Z /bin/bash ../libtool  --tag=CC   --mode=link x86_64-linux-gnu-gcc -Wall -O2 -pthread -fstack-protector-all -L/usr/local/lib -s -o encode encode.o ../src/libonig.la 
2025-10-01T06:49:16.9644290Z libtool: link: x86_64-linux-gnu-gcc -Wall -O2 -fstack-protector-all -s -o .libs/encode encode.o  -L/usr/local/lib ../src/.libs/libonig.so -pthread
2025-10-01T06:49:16.9842523Z x86_64-linux-gnu-gcc -DHAVE_CONFIG_H -I. -I../src  -I../src  -Wall -O2 -pthread -fstack-protector-all -MT listcap.o -MD -MP -MF .deps/listcap.Tpo -c -o listcap.o listcap.c
2025-10-01T06:49:17.0241756Z mv -f .deps/listcap.Tpo .deps/listcap.Po
2025-10-01T06:49:17.0286390Z /bin/bash ../libtool  --tag=CC   --mode=link x86_64-linux-gnu-gcc -Wall -O2 -pthread -fstack-protector-all -L/usr/local/lib -s -o listcap listcap.o ../src/libonig.la 
2025-10-01T06:49:17.1063355Z libtool: link: x86_64-linux-gnu-gcc -Wall -O2 -fstack-protector-all -s -o .libs/listcap listcap.o  -L/usr/local/lib ../src/.libs/libonig.so -pthread
2025-10-01T06:49:17.1259346Z x86_64-linux-gnu-gcc -DHAVE_CONFIG_H -I. -I../src  -I../src  -Wall -O2 -pthread -fstack-protector-all -MT names.o -MD -MP -MF .deps/names.Tpo -c -o names.o names.c
2025-10-01T06:49:17.1613763Z mv -f .deps/names.Tpo .deps/names.Po
2025-10-01T06:49:17.1658415Z /bin/bash ../libtool  --tag=CC   --mode=link x86_64-linux-gnu-gcc -Wall -O2 -pthread -fstack-protector-all -L/usr/local/lib -s -o names names.o ../src/libonig.la 
2025-10-01T06:49:17.2435394Z libtool: link: x86_64-linux-gnu-gcc -Wall -O2 -fstack-protector-all -s -o .libs/names names.o  -L/usr/local/lib ../src/.libs/libonig.so -pthread
2025-10-01T06:49:17.2634581Z x86_64-linux-gnu-gcc -DHAVE_CONFIG_H -I. -I../src  -I../src  -Wall -O2 -pthread -fstack-protector-all -MT simple.o -MD -MP -MF .deps/simple.Tpo -c -o simple.o simple.c
2025-10-01T06:49:17.2952230Z mv -f .deps/simple.Tpo .deps/simple.Po
2025-10-01T06:49:17.2997910Z /bin/bash ../libtool  --tag=CC   --mode=link x86_64-linux-gnu-gcc -Wall -O2 -pthread -fstack-protector-all -L/usr/local/lib -s -o simple simple.o ../src/libonig.la 
2025-10-01T06:49:17.3766712Z libtool: link: x86_64-linux-gnu-gcc -Wall -O2 -fstack-protector-all -s -o .libs/simple simple.o  -L/usr/local/lib ../src/.libs/libonig.so -pthread
2025-10-01T06:49:17.3963522Z x86_64-linux-gnu-gcc -DHAVE_CONFIG_H -I. -I../src  -I../src  -Wall -O2 -pthread -fstack-protector-all -MT sql.o -MD -MP -MF .deps/sql.Tpo -c -o sql.o sql.c
2025-10-01T06:49:17.4291841Z mv -f .deps/sql.Tpo .deps/sql.Po
2025-10-01T06:49:17.4336964Z /bin/bash ../libtool  --tag=CC   --mode=link x86_64-linux-gnu-gcc -Wall -O2 -pthread -fstack-protector-all -L/usr/local/lib -s -o sql sql.o ../src/libonig.la 
2025-10-01T06:49:17.5112683Z libtool: link: x86_64-linux-gnu-gcc -Wall -O2 -fstack-protector-all -s -o .libs/sql sql.o  -L/usr/local/lib ../src/.libs/libonig.so -pthread
2025-10-01T06:49:17.5314963Z x86_64-linux-gnu-gcc -DHAVE_CONFIG_H -I. -I../src  -I../src  -Wall -O2 -pthread -fstack-protector-all -MT syntax.o -MD -MP -MF .deps/syntax.Tpo -c -o syntax.o syntax.c
2025-10-01T06:49:17.5655114Z mv -f .deps/syntax.Tpo .deps/syntax.Po
2025-10-01T06:49:17.5700413Z /bin/bash ../libtool  --tag=CC   --mode=link x86_64-linux-gnu-gcc -Wall -O2 -pthread -fstack-protector-all -L/usr/local/lib -s -o syntax syntax.o ../src/libonig.la 
2025-10-01T06:49:17.6471648Z libtool: link: x86_64-linux-gnu-gcc -Wall -O2 -fstack-protector-all -s -o .libs/syntax syntax.o  -L/usr/local/lib ../src/.libs/libonig.so -pthread
2025-10-01T06:49:17.6671770Z x86_64-linux-gnu-gcc -DHAVE_CONFIG_H -I. -I../src  -I../src  -Wall -O2 -pthread -fstack-protector-all -MT user_property.o -MD -MP -MF .deps/user_property.Tpo -c -o user_property.o user_property.c
2025-10-01T06:49:17.7014342Z mv -f .deps/user_property.Tpo .deps/user_property.Po
2025-10-01T06:49:17.7059236Z /bin/bash ../libtool  --tag=CC   --mode=link x86_64-linux-gnu-gcc -Wall -O2 -pthread -fstack-protector-all -L/usr/local/lib -s -o user_property user_property.o ../src/libonig.la 
2025-10-01T06:49:17.7837976Z libtool: link: x86_64-linux-gnu-gcc -Wall -O2 -fstack-protector-all -s -o .libs/user_property user_property.o  -L/usr/local/lib ../src/.libs/libonig.so -pthread
2025-10-01T06:49:17.8039451Z x86_64-linux-gnu-gcc -DHAVE_CONFIG_H -I. -I../src  -I../src  -Wall -O2 -pthread -fstack-protector-all -MT callout.o -MD -MP -MF .deps/callout.Tpo -c -o callout.o callout.c
2025-10-01T06:49:17.8699283Z mv -f .deps/callout.Tpo .deps/callout.Po
2025-10-01T06:49:17.8745506Z /bin/bash ../libtool  --tag=CC   --mode=link x86_64-linux-gnu-gcc -Wall -O2 -pthread -fstack-protector-all -L/usr/local/lib -s -o callout callout.o ../src/libonig.la 
2025-10-01T06:49:17.9521179Z libtool: link: x86_64-linux-gnu-gcc -Wall -O2 -fstack-protector-all -s -o .libs/callout callout.o  -L/usr/local/lib ../src/.libs/libonig.so -pthread
2025-10-01T06:49:17.9718672Z x86_64-linux-gnu-gcc -DHAVE_CONFIG_H -I. -I../src  -I../src  -Wall -O2 -pthread -fstack-protector-all -MT echo.o -MD -MP -MF .deps/echo.Tpo -c -o echo.o echo.c
2025-10-01T06:49:18.0170787Z mv -f .deps/echo.Tpo .deps/echo.Po
2025-10-01T06:49:18.0216249Z /bin/bash ../libtool  --tag=CC   --mode=link x86_64-linux-gnu-gcc -Wall -O2 -pthread -fstack-protector-all -L/usr/local/lib -s -o echo echo.o ../src/libonig.la 
2025-10-01T06:49:18.0987189Z libtool: link: x86_64-linux-gnu-gcc -Wall -O2 -fstack-protector-all -s -o .libs/echo echo.o  -L/usr/local/lib ../src/.libs/libonig.so -pthread
2025-10-01T06:49:18.1186952Z x86_64-linux-gnu-gcc -DHAVE_CONFIG_H -I. -I../src  -I../src  -Wall -O2 -pthread -fstack-protector-all -MT count.o -MD -MP -MF .deps/count.Tpo -c -o count.o count.c
2025-10-01T06:49:18.1597840Z mv -f .deps/count.Tpo .deps/count.Po
2025-10-01T06:49:18.1643488Z /bin/bash ../libtool  --tag=CC   --mode=link x86_64-linux-gnu-gcc -Wall -O2 -pthread -fstack-protector-all -L/usr/local/lib -s -o count count.o ../src/libonig.la 
2025-10-01T06:49:18.2436238Z libtool: link: x86_64-linux-gnu-gcc -Wall -O2 -fstack-protector-all -s -o .libs/count count.o  -L/usr/local/lib ../src/.libs/libonig.so -pthread
2025-10-01T06:49:18.2640506Z x86_64-linux-gnu-gcc -DHAVE_CONFIG_H -I. -I../src  -I../src  -Wall -O2 -pthread -fstack-protector-all -MT bug_fix.o -MD -MP -MF .deps/bug_fix.Tpo -c -o bug_fix.o bug_fix.c
2025-10-01T06:49:18.2981760Z mv -f .deps/bug_fix.Tpo .deps/bug_fix.Po
2025-10-01T06:49:18.3027865Z /bin/bash ../libtool  --tag=CC   --mode=link x86_64-linux-gnu-gcc -Wall -O2 -pthread -fstack-protector-all -L/usr/local/lib -s -o bug_fix bug_fix.o ../src/libonig.la 
2025-10-01T06:49:18.3809914Z libtool: link: x86_64-linux-gnu-gcc -Wall -O2 -fstack-protector-all -s -o .libs/bug_fix bug_fix.o  -L/usr/local/lib ../src/.libs/libonig.so -pthread
2025-10-01T06:49:18.4012529Z x86_64-linux-gnu-gcc -DHAVE_CONFIG_H -I. -I../src  -I../src  -Wall -O2 -pthread -fstack-protector-all -MT regset.o -MD -MP -MF .deps/regset.Tpo -c -o regset.o regset.c
2025-10-01T06:49:18.4373485Z mv -f .deps/regset.Tpo .deps/regset.Po
2025-10-01T06:49:18.4419231Z /bin/bash ../libtool  --tag=CC   --mode=link x86_64-linux-gnu-gcc -Wall -O2 -pthread -fstack-protector-all -L/usr/local/lib -s -o regset regset.o ../src/libonig.la 
2025-10-01T06:49:18.5200960Z libtool: link: x86_64-linux-gnu-gcc -Wall -O2 -fstack-protector-all -s -o .libs/regset regset.o  -L/usr/local/lib ../src/.libs/libonig.so -pthread
2025-10-01T06:49:18.5403278Z x86_64-linux-gnu-gcc -DHAVE_CONFIG_H -I. -I../src  -I../src  -Wall -O2 -pthread -fstack-protector-all -MT scan.o -MD -MP -MF .deps/scan.Tpo -c -o scan.o scan.c
2025-10-01T06:49:18.5800895Z mv -f .deps/scan.Tpo .deps/scan.Po
2025-10-01T06:49:18.5846550Z /bin/bash ../libtool  --tag=CC   --mode=link x86_64-linux-gnu-gcc -Wall -O2 -pthread -fstack-protector-all -L/usr/local/lib -s -o scan scan.o ../src/libonig.la 
2025-10-01T06:49:18.6630688Z libtool: link: x86_64-linux-gnu-gcc -Wall -O2 -fstack-protector-all -s -o .libs/scan scan.o  -L/usr/local/lib ../src/.libs/libonig.so -pthread
2025-10-01T06:49:18.6832354Z x86_64-linux-gnu-gcc -DHAVE_CONFIG_H -I. -I../src  -I../src  -Wall -O2 -pthread -fstack-protector-all -MT callback_each_match.o -MD -MP -MF .deps/callback_each_match.Tpo -c -o callback_each_match.o callback_each_match.c
2025-10-01T06:49:18.7257158Z mv -f .deps/callback_each_match.Tpo .deps/callback_each_match.Po
2025-10-01T06:49:18.7304591Z /bin/bash ../libtool  --tag=CC   --mode=link x86_64-linux-gnu-gcc -Wall -O2 -pthread -fstack-protector-all -L/usr/local/lib -s -o callback_each_match callback_each_match.o ../src/libonig.la 
2025-10-01T06:49:18.8093116Z libtool: link: x86_64-linux-gnu-gcc -Wall -O2 -fstack-protector-all -s -o .libs/callback_each_match callback_each_match.o  -L/usr/local/lib ../src/.libs/libonig.so -pthread
2025-10-01T06:49:18.8292517Z make[4]: Leaving directory '/home/runner/work/jq/jq/vendor/oniguruma/sample'
2025-10-01T06:49:18.8294110Z make  check-TESTS
2025-10-01T06:49:18.8368113Z make[4]: Entering directory '/home/runner/work/jq/jq/vendor/oniguruma/sample'
2025-10-01T06:49:18.8529486Z make[5]: Entering directory '/home/runner/work/jq/jq/vendor/oniguruma/sample'
2025-10-01T06:49:18.8679850Z PASS: encode
2025-10-01T06:49:18.8831020Z PASS: listcap
2025-10-01T06:49:18.8976908Z PASS: names
2025-10-01T06:49:18.9123256Z PASS: simple
2025-10-01T06:49:18.9269343Z PASS: sql
2025-10-01T06:49:18.9418058Z PASS: syntax
2025-10-01T06:49:18.9562737Z PASS: user_property
2025-10-01T06:49:18.9721296Z PASS: callout
2025-10-01T06:49:18.9865387Z PASS: echo
2025-10-01T06:49:19.0009226Z PASS: count
2025-10-01T06:49:19.0152542Z PASS: bug_fix
2025-10-01T06:49:19.0295968Z PASS: regset
2025-10-01T06:49:19.0440617Z PASS: scan
2025-10-01T06:49:19.0584390Z PASS: callback_each_match
2025-10-01T06:49:19.0867738Z ============================================================================
2025-10-01T06:49:19.0868242Z Testsuite summary for onig 6.9.10
2025-10-01T06:49:19.0868644Z ============================================================================
2025-10-01T06:49:19.0869217Z # TOTAL: 14
2025-10-01T06:49:19.0869501Z # PASS:  14
2025-10-01T06:49:19.0869763Z # SKIP:  0
2025-10-01T06:49:19.0870020Z # XFAIL: 0
2025-10-01T06:49:19.0870279Z # FAIL:  0
2025-10-01T06:49:19.0870528Z # XPASS: 0
2025-10-01T06:49:19.0870792Z # ERROR: 0
2025-10-01T06:49:19.0871112Z ============================================================================
2025-10-01T06:49:19.0873734Z make[5]: Leaving directory '/home/runner/work/jq/jq/vendor/oniguruma/sample'
2025-10-01T06:49:19.0878621Z make[4]: Leaving directory '/home/runner/work/jq/jq/vendor/oniguruma/sample'
2025-10-01T06:49:19.0881320Z make[3]: Leaving directory '/home/runner/work/jq/jq/vendor/oniguruma/sample'
2025-10-01T06:49:19.0900172Z make[3]: Entering directory '/home/runner/work/jq/jq/vendor/oniguruma'
2025-10-01T06:49:19.0900772Z make[3]: Nothing to be done for 'check-am'.
2025-10-01T06:49:19.0901261Z make[3]: Leaving directory '/home/runner/work/jq/jq/vendor/oniguruma'
2025-10-01T06:49:19.0904564Z make[2]: Leaving directory '/home/runner/work/jq/jq/vendor/oniguruma'
2025-10-01T06:49:19.0968462Z make[2]: Entering directory '/home/runner/work/jq/jq'
2025-10-01T06:49:19.1241844Z make  tests/man.test
2025-10-01T06:49:19.1311502Z make[3]: Entering directory '/home/runner/work/jq/jq'
2025-10-01T06:49:19.1312179Z make[3]: 'tests/man.test' is up to date.
2025-10-01T06:49:19.1312549Z make[3]: Leaving directory '/home/runner/work/jq/jq'
2025-10-01T06:49:19.1313513Z make  check-TESTS
2025-10-01T06:49:19.1383328Z make[3]: Entering directory '/home/runner/work/jq/jq'
2025-10-01T06:49:19.1557768Z make[4]: Entering directory '/home/runner/work/jq/jq'
2025-10-01T06:49:19.3575692Z PASS: tests/mantest
2025-10-01T06:49:19.8447605Z PASS: tests/jqtest
2025-10-01T06:49:21.3471122Z PASS: tests/shtest
2025-10-01T06:49:21.3596534Z PASS: tests/utf8test
2025-10-01T06:49:21.3826718Z PASS: tests/base64test
2025-10-01T06:49:21.4033857Z PASS: tests/uritest
2025-10-01T06:49:21.4208555Z PASS: tests/optionaltest
2025-10-01T06:49:21.4848289Z PASS: tests/onigtest
2025-10-01T06:49:21.5182387Z PASS: tests/manonigtest
2025-10-01T06:49:21.5469305Z ============================================================================
2025-10-01T06:49:21.5469875Z Testsuite summary for jq master-c9c96b3
2025-10-01T06:49:21.5470360Z ============================================================================
2025-10-01T06:49:21.5470790Z # TOTAL: 9
2025-10-01T06:49:21.5471059Z # PASS:  9
2025-10-01T06:49:21.5471330Z # SKIP:  0
2025-10-01T06:49:21.5471588Z # XFAIL: 0
2025-10-01T06:49:21.5471840Z # FAIL:  0
2025-10-01T06:49:21.5472404Z # XPASS: 0
2025-10-01T06:49:21.5472660Z # ERROR: 0
2025-10-01T06:49:21.5472952Z ============================================================================
2025-10-01T06:49:21.5475118Z make[4]: Leaving directory '/home/runner/work/jq/jq'
2025-10-01T06:49:21.5480408Z make[3]: Leaving directory '/home/runner/work/jq/jq'
2025-10-01T06:49:21.5482797Z make[2]: Leaving directory '/home/runner/work/jq/jq'
2025-10-01T06:49:21.5488339Z make[1]: Leaving directory '/home/runner/work/jq/jq'
2025-10-01T06:49:21.5605149Z ##[group]Run actions/upload-artifact@v4
2025-10-01T06:49:21.5605430Z with:
2025-10-01T06:49:21.5605601Z   name: jq-linux-amd64
2025-10-01T06:49:21.5605805Z   path: jq-linux-amd64
2025-10-01T06:49:21.5605999Z   if-no-files-found: error
2025-10-01T06:49:21.5606198Z   retention-days: 7
2025-10-01T06:49:21.5606370Z   compression-level: 6
2025-10-01T06:49:21.5606553Z   overwrite: false
2025-10-01T06:49:21.5606744Z   include-hidden-files: false
2025-10-01T06:49:21.5607130Z env:
2025-10-01T06:49:21.5607288Z   AR: x86_64-linux-gnu-ar
2025-10-01T06:49:21.5607477Z   CHOST: x86_64-linux-gnu
2025-10-01T06:49:21.5607671Z   CC: x86_64-linux-gnu-gcc
2025-10-01T06:49:21.5607864Z   CPP: x86_64-linux-gnu-cpp
2025-10-01T06:49:21.5608070Z   LDFLAGS: -s
2025-10-01T06:49:21.5608235Z   SUFFIX: linux-amd64
2025-10-01T06:49:21.5608413Z ##[endgroup]
2025-10-01T06:49:21.7716156Z With the provided path, there will be 1 file uploaded
2025-10-01T06:49:21.7721447Z Artifact name is valid!
2025-10-01T06:49:21.7722203Z Root directory input is valid!
2025-10-01T06:49:21.8778068Z Beginning upload of artifact content to blob storage
2025-10-01T06:49:22.0496959Z Uploaded bytes 1019095
2025-10-01T06:49:22.0686390Z Finished uploading artifact content to blob storage!
2025-10-01T06:49:22.0689436Z SHA256 digest of uploaded artifact zip is 2654fafdfadf58b4600288b82475920774a281c7c78a88a310aaefbeb3f08b95
2025-10-01T06:49:22.0691428Z Finalizing artifact upload
2025-10-01T06:49:22.1480519Z Artifact jq-linux-amd64.zip successfully finalized. Artifact ID 4151409579
2025-10-01T06:49:22.1481395Z Artifact jq-linux-amd64 has been successfully uploaded! Final size is 1019095 bytes. Artifact ID is 4151409579
2025-10-01T06:49:22.1488031Z Artifact download URL: https://github.com/jqlang/jq/actions/runs/18153748658/artifacts/4151409579
2025-10-01T06:49:22.1641084Z Post job cleanup.
2025-10-01T06:49:22.2413338Z [command]/usr/bin/git version
2025-10-01T06:49:22.2450205Z git version 2.51.0
2025-10-01T06:49:22.2487610Z Temporarily overriding HOME='/home/runner/work/_temp/3f825981-22c7-42c8-8d8e-ab5549512a38' before making global git config changes
2025-10-01T06:49:22.2488869Z Adding repository directory to the temporary git global config as a safe directory
2025-10-01T06:49:22.2493785Z [command]/usr/bin/git config --global --add safe.directory /home/runner/work/jq/jq
2025-10-01T06:49:22.2529779Z [command]/usr/bin/git config --local --name-only --get-regexp core\.sshCommand
2025-10-01T06:49:22.2562552Z [command]/usr/bin/git submodule foreach --recursive sh -c "git config --local --name-only --get-regexp 'core\.sshCommand' && git config --local --unset-all 'core.sshCommand' || :"
2025-10-01T06:49:22.2773465Z Entering 'vendor/oniguruma'
2025-10-01T06:49:22.2831607Z [command]/usr/bin/git config --local --name-only --get-regexp http\.https\:\/\/github\.com\/\.extraheader
2025-10-01T06:49:22.2854389Z http.https://github.com/.extraheader
2025-10-01T06:49:22.2864200Z [command]/usr/bin/git config --local --unset-all http.https://github.com/.extraheader
2025-10-01T06:49:22.2895310Z [command]/usr/bin/git submodule foreach --recursive sh -c "git config --local --name-only --get-regexp 'http\.https\:\/\/github\.com\/\.extraheader' && git config --local --unset-all 'http.https://github.com/.extraheader' || :"
2025-10-01T06:49:22.3105824Z Entering 'vendor/oniguruma'
2025-10-01T06:49:22.3128740Z http.https://github.com/.extraheader
2025-10-01T06:49:22.3293244Z Cleaning up orphan processes
