2025-09-22T22:02:10.6151948Z Current runner version: '2.328.0'
2025-09-22T22:02:10.6185341Z ##[group]Runner Image Provisioner
2025-09-22T22:02:10.6186628Z Hosted Compute Agent
2025-09-22T22:02:10.6187609Z Version: 20250829.383
2025-09-22T22:02:10.6188600Z Commit: 27cb235aab5b0e52e153a26cd86b4742e89dac5d
2025-09-22T22:02:10.6189781Z Build Date: 2025-08-29T13:48:48Z
2025-09-22T22:02:10.6191186Z ##[endgroup]
2025-09-22T22:02:10.6192127Z ##[group]Operating System
2025-09-22T22:02:10.6193646Z Ubuntu
2025-09-22T22:02:10.6194704Z 24.04.3
2025-09-22T22:02:10.6195545Z LTS
2025-09-22T22:02:10.6196332Z ##[endgroup]
2025-09-22T22:02:10.6197233Z ##[group]Runner Image
2025-09-22T22:02:10.6198200Z Image: ubuntu-24.04
2025-09-22T22:02:10.6199191Z Version: 20250907.24.1
2025-09-22T22:02:10.6201357Z Included Software: https://github.com/actions/runner-images/blob/ubuntu24/20250907.24/images/ubuntu/Ubuntu2404-Readme.md
2025-09-22T22:02:10.6204378Z Image Release: https://github.com/actions/runner-images/releases/tag/ubuntu24%2F20250907.24
2025-09-22T22:02:10.6206128Z ##[endgroup]
2025-09-22T22:02:10.6211060Z ##[group]GITHUB_TOKEN Permissions
2025-09-22T22:02:10.6214115Z Actions: write
2025-09-22T22:02:10.6214912Z Attestations: write
2025-09-22T22:02:10.6215904Z Checks: write
2025-09-22T22:02:10.6216708Z Contents: write
2025-09-22T22:02:10.6217604Z Deployments: write
2025-09-22T22:02:10.6218562Z Discussions: write
2025-09-22T22:02:10.6219489Z Issues: write
2025-09-22T22:02:10.6220460Z Metadata: read
2025-09-22T22:02:10.6221574Z Models: read
2025-09-22T22:02:10.6222441Z Packages: write
2025-09-22T22:02:10.6223358Z Pages: write
2025-09-22T22:02:10.6224250Z PullRequests: write
2025-09-22T22:02:10.6225128Z RepositoryProjects: write
2025-09-22T22:02:10.6226169Z SecurityEvents: write
2025-09-22T22:02:10.6227195Z Statuses: write
2025-09-22T22:02:10.6227964Z ##[endgroup]
2025-09-22T22:02:10.6231723Z Secret source: Actions
2025-09-22T22:02:10.6233520Z Prepare workflow directory
2025-09-22T22:02:10.6700361Z Prepare all required actions
2025-09-22T22:02:10.6755280Z Getting action download info
2025-09-22T22:02:10.9494627Z Download action repository 'actions/checkout@v4' (SHA:08eba0b27e820071cde6df949e0beb9ba4906955)
2025-09-22T22:02:11.0132224Z Download action repository 'lukka/run-vcpkg@v11' (SHA:7d259227a1fb6471a0253dd5ab7419835228f7d7)
2025-09-22T22:02:11.3508444Z Download action repository 'actions/cache@v4' (SHA:0400d5f644dc74513175e3cd8d07132dd4860809)
2025-09-22T22:02:11.4917661Z Download action repository 'ashutoshvarma/action-cmake-build@master' (SHA:ade188313bc7eaa6f14349569a64d8bc716342ff)
2025-09-22T22:02:11.8952339Z Complete job name: ubuntu-latest-x86_64
2025-09-22T22:02:11.9665987Z ##[group]Run actions/checkout@v4
2025-09-22T22:02:11.9666878Z with:
2025-09-22T22:02:11.9667296Z   submodules: recursive
2025-09-22T22:02:11.9667768Z   repository: ompl/ompl
2025-09-22T22:02:11.9668380Z   token: ***
2025-09-22T22:02:11.9668778Z   ssh-strict: true
2025-09-22T22:02:11.9669186Z   ssh-user: git
2025-09-22T22:02:11.9669603Z   persist-credentials: true
2025-09-22T22:02:11.9670091Z   clean: true
2025-09-22T22:02:11.9670516Z   sparse-checkout-cone-mode: true
2025-09-22T22:02:11.9671184Z   fetch-depth: 1
2025-09-22T22:02:11.9671597Z   fetch-tags: false
2025-09-22T22:02:11.9672014Z   show-progress: true
2025-09-22T22:02:11.9672452Z   lfs: false
2025-09-22T22:02:11.9672867Z   set-safe-directory: true
2025-09-22T22:02:11.9673589Z ##[endgroup]
2025-09-22T22:02:12.0718931Z Syncing repository: ompl/ompl
2025-09-22T22:02:12.0720938Z ##[group]Getting Git version info
2025-09-22T22:02:12.0721629Z Working directory is '/home/runner/work/ompl/ompl'
2025-09-22T22:02:12.0722686Z [command]/usr/bin/git version
2025-09-22T22:02:12.0748557Z git version 2.51.0
2025-09-22T22:02:12.0774894Z ##[endgroup]
2025-09-22T22:02:12.0789197Z Temporarily overriding HOME='/home/runner/work/_temp/172d8ce7-0c09-4f15-b841-225b6af1bbac' before making global git config changes
2025-09-22T22:02:12.0790847Z Adding repository directory to the temporary git global config as a safe directory
2025-09-22T22:02:12.0801745Z [command]/usr/bin/git config --global --add safe.directory /home/runner/work/ompl/ompl
2025-09-22T22:02:12.0834790Z Deleting the contents of '/home/runner/work/ompl/ompl'
2025-09-22T22:02:12.0838362Z ##[group]Initializing the repository
2025-09-22T22:02:12.0842373Z [command]/usr/bin/git init /home/runner/work/ompl/ompl
2025-09-22T22:02:12.0895178Z hint: Using 'master' as the name for the initial branch. This default branch name
2025-09-22T22:02:12.0897076Z hint: is subject to change. To configure the initial branch name to use in all
2025-09-22T22:02:12.0898767Z hint: of your new repositories, which will suppress this warning, call:
2025-09-22T22:02:12.0899832Z hint:
2025-09-22T22:02:12.0900353Z hint: 	git config --global init.defaultBranch <name>
2025-09-22T22:02:12.0901225Z hint:
2025-09-22T22:02:12.0901799Z hint: Names commonly chosen instead of 'master' are 'main', 'trunk' and
2025-09-22T22:02:12.0902710Z hint: 'development'. The just-created branch can be renamed via this command:
2025-09-22T22:02:12.0903512Z hint:
2025-09-22T22:02:12.0904184Z hint: 	git branch -m <name>
2025-09-22T22:02:12.0904817Z hint:
2025-09-22T22:02:12.0905436Z hint: Disable this message with "git config set advice.defaultBranchName false"
2025-09-22T22:02:12.0906418Z Initialized empty Git repository in /home/runner/work/ompl/ompl/.git/
2025-09-22T22:02:12.0909160Z [command]/usr/bin/git remote add origin https://github.com/ompl/ompl
2025-09-22T22:02:12.0940459Z ##[endgroup]
2025-09-22T22:02:12.0941727Z ##[group]Disabling automatic garbage collection
2025-09-22T22:02:12.0944457Z [command]/usr/bin/git config --local gc.auto 0
2025-09-22T22:02:12.0971710Z ##[endgroup]
2025-09-22T22:02:12.0972415Z ##[group]Setting up auth
2025-09-22T22:02:12.0978100Z [command]/usr/bin/git config --local --name-only --get-regexp core\.sshCommand
2025-09-22T22:02:12.1007347Z [command]/usr/bin/git submodule foreach --recursive sh -c "git config --local --name-only --get-regexp 'core\.sshCommand' && git config --local --unset-all 'core.sshCommand' || :"
2025-09-22T22:02:12.1253636Z [command]/usr/bin/git config --local --name-only --get-regexp http\.https\:\/\/github\.com\/\.extraheader
2025-09-22T22:02:12.1281672Z [command]/usr/bin/git submodule foreach --recursive sh -c "git config --local --name-only --get-regexp 'http\.https\:\/\/github\.com\/\.extraheader' && git config --local --unset-all 'http.https://github.com/.extraheader' || :"
2025-09-22T22:02:12.1499313Z [command]/usr/bin/git config --local http.https://github.com/.extraheader AUTHORIZATION: basic ***
2025-09-22T22:02:12.1533731Z ##[endgroup]
2025-09-22T22:02:12.1549341Z ##[group]Fetching the repository
2025-09-22T22:02:12.1550994Z [command]/usr/bin/git -c protocol.version=2 fetch --no-tags --prune --no-recurse-submodules --depth=1 origin +1fc36e7e38ed0a00aa887ea22fe29ded79513525:refs/remotes/origin/vamprelease
2025-09-22T22:02:14.5406287Z From https://github.com/ompl/ompl
2025-09-22T22:02:14.5408158Z  * [new ref]         1fc36e7e38ed0a00aa887ea22fe29ded79513525 -> origin/vamprelease
2025-09-22T22:02:14.5435691Z ##[endgroup]
2025-09-22T22:02:14.5436240Z ##[group]Determining the checkout info
2025-09-22T22:02:14.5437974Z ##[endgroup]
2025-09-22T22:02:14.5443082Z [command]/usr/bin/git sparse-checkout disable
2025-09-22T22:02:14.5478732Z [command]/usr/bin/git config --local --unset-all extensions.worktreeConfig
2025-09-22T22:02:14.5505913Z ##[group]Checking out the ref
2025-09-22T22:02:14.5509441Z [command]/usr/bin/git checkout --progress --force -B vamprelease refs/remotes/origin/vamprelease
2025-09-22T22:02:14.9194643Z Switched to a new branch 'vamprelease'
2025-09-22T22:02:14.9195535Z branch 'vamprelease' set up to track 'origin/vamprelease'.
2025-09-22T22:02:14.9226871Z ##[endgroup]
2025-09-22T22:02:14.9227590Z ##[group]Setting up auth for fetching submodules
2025-09-22T22:02:14.9232968Z [command]/usr/bin/git config --global http.https://github.com/.extraheader AUTHORIZATION: basic ***
2025-09-22T22:02:14.9274996Z [command]/usr/bin/git config --global --unset-all url.https://github.com/.insteadOf
2025-09-22T22:02:14.9302357Z [command]/usr/bin/git config --global --add url.https://github.com/.insteadOf git@github.com:
2025-09-22T22:02:14.9331770Z [command]/usr/bin/git config --global --add url.https://github.com/.insteadOf org-7645596@github.com:
2025-09-22T22:02:14.9355880Z ##[endgroup]
2025-09-22T22:02:14.9356411Z ##[group]Fetching submodules
2025-09-22T22:02:14.9359518Z [command]/usr/bin/git submodule sync --recursive
2025-09-22T22:02:14.9578514Z [command]/usr/bin/git -c protocol.version=2 submodule update --init --force --depth=1 --recursive
2025-09-22T22:02:14.9787965Z Submodule 'external/vamp' (https://github.com/KavrakiLab/vamp) registered for path 'external/vamp'
2025-09-22T22:02:14.9815142Z Cloning into '/home/runner/work/ompl/ompl/external/vamp'...
2025-09-22T22:02:17.1827772Z From https://github.com/KavrakiLab/vamp
2025-09-22T22:02:17.1828505Z  * branch            227f928e1ff3e2058051ea6ff4c4584d1a092e01 -> FETCH_HEAD
2025-09-22T22:02:17.6554782Z Submodule path 'external/vamp': checked out '227f928e1ff3e2058051ea6ff4c4584d1a092e01'
2025-09-22T22:02:17.6587378Z [command]/usr/bin/git submodule foreach --recursive git config --local gc.auto 0
2025-09-22T22:02:17.6800571Z Entering 'external/vamp'
2025-09-22T22:02:17.6848323Z ##[endgroup]
2025-09-22T22:02:17.6849006Z ##[group]Persisting credentials for submodules
2025-09-22T22:02:17.6854546Z [command]/usr/bin/git submodule foreach --recursive sh -c "git config --local --name-only --get-regexp 'url\.https\:\/\/github\.com\/\.insteadOf' && git config --local --unset-all 'url.https://github.com/.insteadOf' || :"
2025-09-22T22:02:17.7076547Z Entering 'external/vamp'
2025-09-22T22:02:17.7132095Z [command]/usr/bin/git submodule foreach --recursive sh -c "git config --local 'http.https://github.com/.extraheader' 'AUTHORIZATION: basic ***' && git config --local --show-origin --name-only --get-regexp remote.origin.url"
2025-09-22T22:02:17.7344576Z Entering 'external/vamp'
2025-09-22T22:02:17.7380965Z file:/home/runner/work/ompl/ompl/.git/modules/external/vamp/config	remote.origin.url
2025-09-22T22:02:17.7418739Z [command]/usr/bin/git submodule foreach --recursive git config --local --add 'url.https://github.com/.insteadOf' 'git@github.com:'
2025-09-22T22:02:17.7623567Z Entering 'external/vamp'
2025-09-22T22:02:17.7671874Z [command]/usr/bin/git submodule foreach --recursive git config --local --add 'url.https://github.com/.insteadOf' 'org-7645596@github.com:'
2025-09-22T22:02:17.7877383Z Entering 'external/vamp'
2025-09-22T22:02:17.7923145Z ##[endgroup]
2025-09-22T22:02:17.7964549Z [command]/usr/bin/git log -1 --format=%H
2025-09-22T22:02:17.7987557Z 1fc36e7e38ed0a00aa887ea22fe29ded79513525
2025-09-22T22:02:17.8175292Z ##[group]Run sudo apt-get update -y -qq &&
2025-09-22T22:02:17.8175646Z [36;1msudo apt-get update -y -qq &&[0m
2025-09-22T22:02:17.8175915Z [36;1msudo apt-get install -y -qq \[0m
2025-09-22T22:02:17.8176177Z [36;1mlibboost-program-options-dev \[0m
2025-09-22T22:02:17.8176443Z [36;1mlibboost-serialization-dev \[0m
2025-09-22T22:02:17.8176695Z [36;1mlibboost-test-dev \[0m
2025-09-22T22:02:17.8176932Z [36;1mlibeigen3-dev \[0m
2025-09-22T22:02:17.8177128Z [36;1mlibflann-dev \[0m
2025-09-22T22:02:17.8177325Z [36;1mlibtriangle-dev \[0m
2025-09-22T22:02:17.8177566Z [36;1mlibyaml-cpp-dev[0m
2025-09-22T22:02:17.8225874Z shell: /usr/bin/bash -e {0}
2025-09-22T22:02:17.8226113Z ##[endgroup]
2025-09-22T22:02:27.6622806Z Selecting previously unselected package libaec0:amd64.
2025-09-22T22:02:27.6790227Z (Reading database ... 
2025-09-22T22:02:27.6790979Z (Reading database ... 5%
2025-09-22T22:02:27.6791366Z (Reading database ... 10%
2025-09-22T22:02:27.6791966Z (Reading database ... 15%
2025-09-22T22:02:27.6792298Z (Reading database ... 20%
2025-09-22T22:02:27.6792579Z (Reading database ... 25%
2025-09-22T22:02:27.6792774Z (Reading database ... 30%
2025-09-22T22:02:27.6792976Z (Reading database ... 35%
2025-09-22T22:02:27.6793165Z (Reading database ... 40%
2025-09-22T22:02:27.6793362Z (Reading database ... 45%
2025-09-22T22:02:27.6793552Z (Reading database ... 50%
2025-09-22T22:02:27.6909935Z (Reading database ... 55%
2025-09-22T22:02:27.7029309Z (Reading database ... 60%
2025-09-22T22:02:27.7147932Z (Reading database ... 65%
2025-09-22T22:02:27.7271327Z (Reading database ... 70%
2025-09-22T22:02:27.7381654Z (Reading database ... 75%
2025-09-22T22:02:27.7495991Z (Reading database ... 80%
2025-09-22T22:02:27.7760434Z (Reading database ... 85%
2025-09-22T22:02:27.8116958Z (Reading database ... 90%
2025-09-22T22:02:27.8278586Z (Reading database ... 95%
2025-09-22T22:02:27.8278966Z (Reading database ... 100%
2025-09-22T22:02:27.8279477Z (Reading database ... 218657 files and directories currently installed.)
2025-09-22T22:02:27.8321768Z Preparing to unpack .../00-libaec0_1.1.2-1build1_amd64.deb ...
2025-09-22T22:02:27.8356827Z Unpacking libaec0:amd64 (1.1.2-1build1) ...
2025-09-22T22:02:27.8586290Z Selecting previously unselected package libamd-comgr2:amd64.
2025-09-22T22:02:27.8718645Z Preparing to unpack .../01-libamd-comgr2_6.0+git20231212.4510c28+dfsg-3build2_amd64.deb ...
2025-09-22T22:02:27.8728500Z Unpacking libamd-comgr2:amd64 (6.0+git20231212.4510c28+dfsg-3build2) ...
2025-09-22T22:02:28.0928086Z Selecting previously unselected package libhsakmt1:amd64.
2025-09-22T22:02:28.1060856Z Preparing to unpack .../02-libhsakmt1_5.7.0-1build1_amd64.deb ...
2025-09-22T22:02:28.1073314Z Unpacking libhsakmt1:amd64 (5.7.0-1build1) ...
2025-09-22T22:02:28.1293917Z Selecting previously unselected package libhsa-runtime64-1.
2025-09-22T22:02:28.1424911Z Preparing to unpack .../03-libhsa-runtime64-1_5.7.1-2build1_amd64.deb ...
2025-09-22T22:02:28.1436140Z Unpacking libhsa-runtime64-1 (5.7.1-2build1) ...
2025-09-22T22:02:28.1737613Z Selecting previously unselected package libamdhip64-5.
2025-09-22T22:02:28.1868964Z Preparing to unpack .../04-libamdhip64-5_5.7.1-3_amd64.deb ...
2025-09-22T22:02:28.1878711Z Unpacking libamdhip64-5 (5.7.1-3) ...
2025-09-22T22:02:28.3049876Z Selecting previously unselected package libboost1.83-dev:amd64.
2025-09-22T22:02:28.3181587Z Preparing to unpack .../05-libboost1.83-dev_1.83.0-2.1ubuntu3.1_amd64.deb ...
2025-09-22T22:02:28.3191422Z Unpacking libboost1.83-dev:amd64 (1.83.0-2.1ubuntu3.1) ...
2025-09-22T22:02:30.9427733Z Selecting previously unselected package libboost-dev:amd64.
2025-09-22T22:02:30.9620892Z Preparing to unpack .../06-libboost-dev_1.83.0.1ubuntu2_amd64.deb ...
2025-09-22T22:02:30.9629746Z Unpacking libboost-dev:amd64 (1.83.0.1ubuntu2) ...
2025-09-22T22:02:30.9832380Z Selecting previously unselected package libboost-program-options1.83.0:amd64.
2025-09-22T22:02:30.9973815Z Preparing to unpack .../07-libboost-program-options1.83.0_1.83.0-2.1ubuntu3.1_amd64.deb ...
2025-09-22T22:02:30.9982282Z Unpacking libboost-program-options1.83.0:amd64 (1.83.0-2.1ubuntu3.1) ...
2025-09-22T22:02:31.0267685Z Selecting previously unselected package libboost-program-options1.83-dev:amd64.
2025-09-22T22:02:31.0409883Z Preparing to unpack .../08-libboost-program-options1.83-dev_1.83.0-2.1ubuntu3.1_amd64.deb ...
2025-09-22T22:02:31.0539111Z Unpacking libboost-program-options1.83-dev:amd64 (1.83.0-2.1ubuntu3.1) ...
2025-09-22T22:02:31.0875691Z Selecting previously unselected package libboost-program-options-dev:amd64.
2025-09-22T22:02:31.1048624Z Preparing to unpack .../09-libboost-program-options-dev_1.83.0.1ubuntu2_amd64.deb ...
2025-09-22T22:02:31.1059316Z Unpacking libboost-program-options-dev:amd64 (1.83.0.1ubuntu2) ...
2025-09-22T22:02:31.1263928Z Selecting previously unselected package libboost-serialization1.83.0:amd64.
2025-09-22T22:02:31.1407333Z Preparing to unpack .../10-libboost-serialization1.83.0_1.83.0-2.1ubuntu3.1_amd64.deb ...
2025-09-22T22:02:31.1416137Z Unpacking libboost-serialization1.83.0:amd64 (1.83.0-2.1ubuntu3.1) ...
2025-09-22T22:02:31.1712678Z Selecting previously unselected package libboost-serialization1.83-dev:amd64.
2025-09-22T22:02:31.1856520Z Preparing to unpack .../11-libboost-serialization1.83-dev_1.83.0-2.1ubuntu3.1_amd64.deb ...
2025-09-22T22:02:31.1868303Z Unpacking libboost-serialization1.83-dev:amd64 (1.83.0-2.1ubuntu3.1) ...
2025-09-22T22:02:31.2216127Z Selecting previously unselected package libboost-serialization-dev:amd64.
2025-09-22T22:02:31.2359362Z Preparing to unpack .../12-libboost-serialization-dev_1.83.0.1ubuntu2_amd64.deb ...
2025-09-22T22:02:31.2368850Z Unpacking libboost-serialization-dev:amd64 (1.83.0.1ubuntu2) ...
2025-09-22T22:02:31.2571810Z Selecting previously unselected package libboost-test1.83.0:amd64.
2025-09-22T22:02:31.2713812Z Preparing to unpack .../13-libboost-test1.83.0_1.83.0-2.1ubuntu3.1_amd64.deb ...
2025-09-22T22:02:31.2723725Z Unpacking libboost-test1.83.0:amd64 (1.83.0-2.1ubuntu3.1) ...
2025-09-22T22:02:31.3021666Z Selecting previously unselected package libboost-test1.83-dev:amd64.
2025-09-22T22:02:31.3165945Z Preparing to unpack .../14-libboost-test1.83-dev_1.83.0-2.1ubuntu3.1_amd64.deb ...
2025-09-22T22:02:31.3174982Z Unpacking libboost-test1.83-dev:amd64 (1.83.0-2.1ubuntu3.1) ...
2025-09-22T22:02:31.3611879Z Selecting previously unselected package libboost-test-dev:amd64.
2025-09-22T22:02:31.3756739Z Preparing to unpack .../15-libboost-test-dev_1.83.0.1ubuntu2_amd64.deb ...
2025-09-22T22:02:31.3766924Z Unpacking libboost-test-dev:amd64 (1.83.0.1ubuntu2) ...
2025-09-22T22:02:31.3987471Z Selecting previously unselected package libpsm-infinipath1.
2025-09-22T22:02:31.4132998Z Preparing to unpack .../16-libpsm-infinipath1_3.3+20.604758e7-6.3build1_amd64.deb ...
2025-09-22T22:02:31.4142511Z Unpacking libpsm-infinipath1 (3.3+20.604758e7-6.3build1) ...
2025-09-22T22:02:31.4385140Z Selecting previously unselected package libpsm2-2.
2025-09-22T22:02:31.4529079Z Preparing to unpack .../17-libpsm2-2_11.2.185-2build1_amd64.deb ...
2025-09-22T22:02:31.4538884Z Unpacking libpsm2-2 (11.2.185-2build1) ...
2025-09-22T22:02:31.4782496Z Selecting previously unselected package librdmacm1t64:amd64.
2025-09-22T22:02:31.4925481Z Preparing to unpack .../18-librdmacm1t64_50.0-2ubuntu0.2_amd64.deb ...
2025-09-22T22:02:31.4934736Z Unpacking librdmacm1t64:amd64 (50.0-2ubuntu0.2) ...
2025-09-22T22:02:31.5168603Z Selecting previously unselected package libfabric1:amd64.
2025-09-22T22:02:31.5314542Z Preparing to unpack .../19-libfabric1_1.17.0-3build2_amd64.deb ...
2025-09-22T22:02:31.5323694Z Unpacking libfabric1:amd64 (1.17.0-3build2) ...
2025-09-22T22:02:31.5607929Z Selecting previously unselected package libhwloc15:amd64.
2025-09-22T22:02:31.5753333Z Preparing to unpack .../20-libhwloc15_2.10.0-1build1_amd64.deb ...
2025-09-22T22:02:31.5763986Z Unpacking libhwloc15:amd64 (2.10.0-1build1) ...
2025-09-22T22:02:31.6005967Z Selecting previously unselected package libmunge2:amd64.
2025-09-22T22:02:31.6150884Z Preparing to unpack .../21-libmunge2_0.5.15-4build1_amd64.deb ...
2025-09-22T22:02:31.6160228Z Unpacking libmunge2:amd64 (0.5.15-4build1) ...
2025-09-22T22:02:31.6375409Z Selecting previously unselected package libxnvctrl0:amd64.
2025-09-22T22:02:31.6518068Z Preparing to unpack .../22-libxnvctrl0_510.47.03-0ubuntu4_amd64.deb ...
2025-09-22T22:02:31.6527455Z Unpacking libxnvctrl0:amd64 (510.47.03-0ubuntu4) ...
2025-09-22T22:02:31.6741242Z Selecting previously unselected package ocl-icd-libopencl1:amd64.
2025-09-22T22:02:31.6881983Z Preparing to unpack .../23-ocl-icd-libopencl1_2.3.2-1build1_amd64.deb ...
2025-09-22T22:02:31.6892194Z Unpacking ocl-icd-libopencl1:amd64 (2.3.2-1build1) ...
2025-09-22T22:02:31.7124225Z Selecting previously unselected package libhwloc-plugins:amd64.
2025-09-22T22:02:31.7265955Z Preparing to unpack .../24-libhwloc-plugins_2.10.0-1build1_amd64.deb ...
2025-09-22T22:02:31.7275467Z Unpacking libhwloc-plugins:amd64 (2.10.0-1build1) ...
2025-09-22T22:02:31.7492464Z Selecting previously unselected package libpmix2t64:amd64.
2025-09-22T22:02:31.7633374Z Preparing to unpack .../25-libpmix2t64_5.0.1-4.1build1_amd64.deb ...
2025-09-22T22:02:31.7643477Z Unpacking libpmix2t64:amd64 (5.0.1-4.1build1) ...
2025-09-22T22:02:31.7992202Z Selecting previously unselected package libucx0:amd64.
2025-09-22T22:02:31.8135516Z Preparing to unpack .../26-libucx0_1.16.0+ds-5ubuntu1_amd64.deb ...
2025-09-22T22:02:31.8144160Z Unpacking libucx0:amd64 (1.16.0+ds-5ubuntu1) ...
2025-09-22T22:02:31.8501180Z Selecting previously unselected package libopenmpi3t64:amd64.
2025-09-22T22:02:31.8643012Z Preparing to unpack .../27-libopenmpi3t64_4.1.6-7ubuntu2_amd64.deb ...
2025-09-22T22:02:31.8652638Z Unpacking libopenmpi3t64:amd64 (4.1.6-7ubuntu2) ...
2025-09-22T22:02:31.9406843Z Selecting previously unselected package libcaf-openmpi-3t64:amd64.
2025-09-22T22:02:31.9551440Z Preparing to unpack .../28-libcaf-openmpi-3t64_2.10.2+ds-2.1build2_amd64.deb ...
2025-09-22T22:02:31.9566865Z Unpacking libcaf-openmpi-3t64:amd64 (2.10.2+ds-2.1build2) ...
2025-09-22T22:02:31.9776932Z Selecting previously unselected package libcoarrays-dev:amd64.
2025-09-22T22:02:31.9918200Z Preparing to unpack .../29-libcoarrays-dev_2.10.2+ds-2.1build2_amd64.deb ...
2025-09-22T22:02:32.0124479Z Unpacking libcoarrays-dev:amd64 (2.10.2+ds-2.1build2) ...
2025-09-22T22:02:32.0349410Z Selecting previously unselected package openmpi-common.
2025-09-22T22:02:32.0493952Z Preparing to unpack .../30-openmpi-common_4.1.6-7ubuntu2_all.deb ...
2025-09-22T22:02:32.0501474Z Unpacking openmpi-common (4.1.6-7ubuntu2) ...
2025-09-22T22:02:32.0890509Z Selecting previously unselected package openmpi-bin.
2025-09-22T22:02:32.1036270Z Preparing to unpack .../31-openmpi-bin_4.1.6-7ubuntu2_amd64.deb ...
2025-09-22T22:02:32.1044683Z Unpacking openmpi-bin (4.1.6-7ubuntu2) ...
2025-09-22T22:02:32.2040268Z Selecting previously unselected package libcoarrays-openmpi-dev:amd64.
2025-09-22T22:02:32.2186052Z Preparing to unpack .../32-libcoarrays-openmpi-dev_2.10.2+ds-2.1build2_amd64.deb ...
2025-09-22T22:02:32.2193619Z Unpacking libcoarrays-openmpi-dev:amd64 (2.10.2+ds-2.1build2) ...
2025-09-22T22:02:32.2620283Z Selecting previously unselected package libcurl4-openssl-dev:amd64.
2025-09-22T22:02:32.2766230Z Preparing to unpack .../33-libcurl4-openssl-dev_8.5.0-2ubuntu10.6_amd64.deb ...
2025-09-22T22:02:32.2773500Z Unpacking libcurl4-openssl-dev:amd64 (8.5.0-2ubuntu10.6) ...
2025-09-22T22:02:32.3163647Z Selecting previously unselected package libevent-2.1-7t64:amd64.
2025-09-22T22:02:32.3307480Z Preparing to unpack .../34-libevent-2.1-7t64_2.1.12-stable-9ubuntu2_amd64.deb ...
2025-09-22T22:02:32.3315074Z Unpacking libevent-2.1-7t64:amd64 (2.1.12-stable-9ubuntu2) ...
2025-09-22T22:02:32.3534958Z Selecting previously unselected package libevent-extra-2.1-7t64:amd64.
2025-09-22T22:02:32.3677924Z Preparing to unpack .../35-libevent-extra-2.1-7t64_2.1.12-stable-9ubuntu2_amd64.deb ...
2025-09-22T22:02:32.3685683Z Unpacking libevent-extra-2.1-7t64:amd64 (2.1.12-stable-9ubuntu2) ...
2025-09-22T22:02:32.3899170Z Selecting previously unselected package libevent-openssl-2.1-7t64:amd64.
2025-09-22T22:02:32.4041129Z Preparing to unpack .../36-libevent-openssl-2.1-7t64_2.1.12-stable-9ubuntu2_amd64.deb ...
2025-09-22T22:02:32.4048674Z Unpacking libevent-openssl-2.1-7t64:amd64 (2.1.12-stable-9ubuntu2) ...
2025-09-22T22:02:32.4242168Z Selecting previously unselected package libevent-dev.
2025-09-22T22:02:32.4379170Z Preparing to unpack .../37-libevent-dev_2.1.12-stable-9ubuntu2_amd64.deb ...
2025-09-22T22:02:32.4386845Z Unpacking libevent-dev (2.1.12-stable-9ubuntu2) ...
2025-09-22T22:02:32.4719368Z Selecting previously unselected package libflann1.9:amd64.
2025-09-22T22:02:32.4859120Z Preparing to unpack .../38-libflann1.9_1.9.2+dfsg-2build1_amd64.deb ...
2025-09-22T22:02:32.4866882Z Unpacking libflann1.9:amd64 (1.9.2+dfsg-2build1) ...
2025-09-22T22:02:32.5228099Z Selecting previously unselected package libsz2:amd64.
2025-09-22T22:02:32.5369078Z Preparing to unpack .../39-libsz2_1.1.2-1build1_amd64.deb ...
2025-09-22T22:02:32.5376915Z Unpacking libsz2:amd64 (1.1.2-1build1) ...
2025-09-22T22:02:32.5578650Z Selecting previously unselected package libhdf5-openmpi-103-1t64:amd64.
2025-09-22T22:02:32.5719614Z Preparing to unpack .../40-libhdf5-openmpi-103-1t64_1.10.10+repack-3.1ubuntu4_amd64.deb ...
2025-09-22T22:02:32.5726914Z Unpacking libhdf5-openmpi-103-1t64:amd64 (1.10.10+repack-3.1ubuntu4) ...
2025-09-22T22:02:32.6091678Z Selecting previously unselected package libhdf5-openmpi-fortran-102t64:amd64.
2025-09-22T22:02:32.6233315Z Preparing to unpack .../41-libhdf5-openmpi-fortran-102t64_1.10.10+repack-3.1ubuntu4_amd64.deb ...
2025-09-22T22:02:32.6241211Z Unpacking libhdf5-openmpi-fortran-102t64:amd64 (1.10.10+repack-3.1ubuntu4) ...
2025-09-22T22:02:32.6466647Z Selecting previously unselected package libhdf5-openmpi-hl-100t64:amd64.
2025-09-22T22:02:32.6608825Z Preparing to unpack .../42-libhdf5-openmpi-hl-100t64_1.10.10+repack-3.1ubuntu4_amd64.deb ...
2025-09-22T22:02:32.6616729Z Unpacking libhdf5-openmpi-hl-100t64:amd64 (1.10.10+repack-3.1ubuntu4) ...
2025-09-22T22:02:32.6828910Z Selecting previously unselected package libhdf5-openmpi-hl-fortran-100t64:amd64.
2025-09-22T22:02:32.6968568Z Preparing to unpack .../43-libhdf5-openmpi-hl-fortran-100t64_1.10.10+repack-3.1ubuntu4_amd64.deb ...
2025-09-22T22:02:32.6976069Z Unpacking libhdf5-openmpi-hl-fortran-100t64:amd64 (1.10.10+repack-3.1ubuntu4) ...
2025-09-22T22:02:32.7186013Z Selecting previously unselected package libhdf5-openmpi-cpp-103-1t64:amd64.
2025-09-22T22:02:32.7325560Z Preparing to unpack .../44-libhdf5-openmpi-cpp-103-1t64_1.10.10+repack-3.1ubuntu4_amd64.deb ...
2025-09-22T22:02:32.7333480Z Unpacking libhdf5-openmpi-cpp-103-1t64:amd64 (1.10.10+repack-3.1ubuntu4) ...
2025-09-22T22:02:32.7560251Z Selecting previously unselected package libhdf5-openmpi-hl-cpp-100t64:amd64.
2025-09-22T22:02:32.7704075Z Preparing to unpack .../45-libhdf5-openmpi-hl-cpp-100t64_1.10.10+repack-3.1ubuntu4_amd64.deb ...
2025-09-22T22:02:32.7711769Z Unpacking libhdf5-openmpi-hl-cpp-100t64:amd64 (1.10.10+repack-3.1ubuntu4) ...
2025-09-22T22:02:32.7903174Z Selecting previously unselected package libaec-dev:amd64.
2025-09-22T22:02:32.8042820Z Preparing to unpack .../46-libaec-dev_1.1.2-1build1_amd64.deb ...
2025-09-22T22:02:32.8050130Z Unpacking libaec-dev:amd64 (1.1.2-1build1) ...
2025-09-22T22:02:32.8247474Z Selecting previously unselected package libjpeg-turbo8-dev:amd64.
2025-09-22T22:02:32.8385510Z Preparing to unpack .../47-libjpeg-turbo8-dev_2.1.5-2ubuntu2_amd64.deb ...
2025-09-22T22:02:32.8392946Z Unpacking libjpeg-turbo8-dev:amd64 (2.1.5-2ubuntu2) ...
2025-09-22T22:02:32.8653346Z Selecting previously unselected package libjpeg8-dev:amd64.
2025-09-22T22:02:32.8794122Z Preparing to unpack .../48-libjpeg8-dev_8c-2ubuntu11_amd64.deb ...
2025-09-22T22:02:32.8802607Z Unpacking libjpeg8-dev:amd64 (8c-2ubuntu11) ...
2025-09-22T22:02:32.8989085Z Selecting previously unselected package libjpeg-dev:amd64.
2025-09-22T22:02:32.9128553Z Preparing to unpack .../49-libjpeg-dev_8c-2ubuntu11_amd64.deb ...
2025-09-22T22:02:32.9136698Z Unpacking libjpeg-dev:amd64 (8c-2ubuntu11) ...
2025-09-22T22:02:32.9321860Z Selecting previously unselected package libnl-3-dev:amd64.
2025-09-22T22:02:32.9461270Z Preparing to unpack .../50-libnl-3-dev_3.7.0-0.3build1.1_amd64.deb ...
2025-09-22T22:02:32.9468059Z Unpacking libnl-3-dev:amd64 (3.7.0-0.3build1.1) ...
2025-09-22T22:02:32.9865371Z Selecting previously unselected package libnl-route-3-dev:amd64.
2025-09-22T22:02:33.0005946Z Preparing to unpack .../51-libnl-route-3-dev_3.7.0-0.3build1.1_amd64.deb ...
2025-09-22T22:02:33.0013977Z Unpacking libnl-route-3-dev:amd64 (3.7.0-0.3build1.1) ...
2025-09-22T22:02:33.0250460Z Selecting previously unselected package libibverbs-dev:amd64.
2025-09-22T22:02:33.0391926Z Preparing to unpack .../52-libibverbs-dev_50.0-2ubuntu0.2_amd64.deb ...
2025-09-22T22:02:33.0399464Z Unpacking libibverbs-dev:amd64 (50.0-2ubuntu0.2) ...
2025-09-22T22:02:33.1363707Z Selecting previously unselected package libnuma-dev:amd64.
2025-09-22T22:02:33.1509244Z Preparing to unpack .../53-libnuma-dev_2.0.18-1build1_amd64.deb ...
2025-09-22T22:02:33.1516736Z Unpacking libnuma-dev:amd64 (2.0.18-1build1) ...
2025-09-22T22:02:33.1750376Z Selecting previously unselected package libltdl-dev:amd64.
2025-09-22T22:02:33.1894032Z Preparing to unpack .../54-libltdl-dev_2.4.7-7build1_amd64.deb ...
2025-09-22T22:02:33.1901022Z Unpacking libltdl-dev:amd64 (2.4.7-7build1) ...
2025-09-22T22:02:33.2229526Z Selecting previously unselected package libhwloc-dev:amd64.
2025-09-22T22:02:33.2374192Z Preparing to unpack .../55-libhwloc-dev_2.10.0-1build1_amd64.deb ...
2025-09-22T22:02:33.2381922Z Unpacking libhwloc-dev:amd64 (2.10.0-1build1) ...
2025-09-22T22:02:33.2658681Z Selecting previously unselected package libpmix-dev:amd64.
2025-09-22T22:02:33.2802125Z Preparing to unpack .../56-libpmix-dev_5.0.1-4.1build1_amd64.deb ...
2025-09-22T22:02:33.2809272Z Unpacking libpmix-dev:amd64 (5.0.1-4.1build1) ...
2025-09-22T22:02:33.3975737Z Selecting previously unselected package libjs-jquery-ui.
2025-09-22T22:02:33.4123500Z Preparing to unpack .../57-libjs-jquery-ui_1.13.2+dfsg-1_all.deb ...
2025-09-22T22:02:33.4130725Z Unpacking libjs-jquery-ui (1.13.2+dfsg-1) ...
2025-09-22T22:02:33.5109451Z Selecting previously unselected package libopenmpi-dev:amd64.
2025-09-22T22:02:33.5255948Z Preparing to unpack .../58-libopenmpi-dev_4.1.6-7ubuntu2_amd64.deb ...
2025-09-22T22:02:33.5415094Z Unpacking libopenmpi-dev:amd64 (4.1.6-7ubuntu2) ...
2025-09-22T22:02:33.7875770Z Selecting previously unselected package libhdf5-openmpi-dev.
2025-09-22T22:02:33.8028350Z Preparing to unpack .../59-libhdf5-openmpi-dev_1.10.10+repack-3.1ubuntu4_amd64.deb ...
2025-09-22T22:02:33.8035123Z Unpacking libhdf5-openmpi-dev (1.10.10+repack-3.1ubuntu4) ...
2025-09-22T22:02:33.8952194Z Selecting previously unselected package mpi-default-dev.
2025-09-22T22:02:33.9098631Z Preparing to unpack .../60-mpi-default-dev_1.15build1_amd64.deb ...
2025-09-22T22:02:33.9106358Z Unpacking mpi-default-dev (1.15build1) ...
2025-09-22T22:02:33.9304195Z Selecting previously unselected package libhdf5-mpi-dev.
2025-09-22T22:02:33.9451954Z Preparing to unpack .../61-libhdf5-mpi-dev_1.10.10+repack-3.1ubuntu4_amd64.deb ...
2025-09-22T22:02:33.9458982Z Unpacking libhdf5-mpi-dev (1.10.10+repack-3.1ubuntu4) ...
2025-09-22T22:02:33.9649136Z Selecting previously unselected package libflann-dev:amd64.
2025-09-22T22:02:33.9794526Z Preparing to unpack .../62-libflann-dev_1.9.2+dfsg-2build1_amd64.deb ...
2025-09-22T22:02:33.9802123Z Unpacking libflann-dev:amd64 (1.9.2+dfsg-2build1) ...
2025-09-22T22:02:34.0442054Z Selecting previously unselected package libyaml-cpp0.8:amd64.
2025-09-22T22:02:34.0589863Z Preparing to unpack .../63-libyaml-cpp0.8_0.8.0+dfsg-6build1_amd64.deb ...
2025-09-22T22:02:34.0598944Z Unpacking libyaml-cpp0.8:amd64 (0.8.0+dfsg-6build1) ...
2025-09-22T22:02:34.0811918Z Selecting previously unselected package libyaml-cpp-dev:amd64.
2025-09-22T22:02:34.0958267Z Preparing to unpack .../64-libyaml-cpp-dev_0.8.0+dfsg-6build1_amd64.deb ...
2025-09-22T22:02:34.0966209Z Unpacking libyaml-cpp-dev:amd64 (0.8.0+dfsg-6build1) ...
2025-09-22T22:02:34.1266368Z Selecting previously unselected package libeigen3-dev.
2025-09-22T22:02:34.1411782Z Preparing to unpack .../65-libeigen3-dev_3.4.0-4build0.1_all.deb ...
2025-09-22T22:02:34.1421070Z Unpacking libeigen3-dev (3.4.0-4build0.1) ...
2025-09-22T22:02:34.2759293Z Selecting previously unselected package libtriangle-1.6.
2025-09-22T22:02:34.2907443Z Preparing to unpack .../66-libtriangle-1.6_1.6-6_amd64.deb ...
2025-09-22T22:02:34.2915609Z Unpacking libtriangle-1.6 (1.6-6) ...
2025-09-22T22:02:34.3122027Z Selecting previously unselected package libtriangle-dev.
2025-09-22T22:02:34.3268823Z Preparing to unpack .../67-libtriangle-dev_1.6-6_amd64.deb ...
2025-09-22T22:02:34.3281432Z Unpacking libtriangle-dev (1.6-6) ...
2025-09-22T22:02:34.3727476Z Setting up libboost-program-options1.83.0:amd64 (1.83.0-2.1ubuntu3.1) ...
2025-09-22T22:02:34.3749705Z Setting up libjpeg-turbo8-dev:amd64 (2.1.5-2ubuntu2) ...
2025-09-22T22:02:34.3776726Z Setting up libboost1.83-dev:amd64 (1.83.0-2.1ubuntu3.1) ...
2025-09-22T22:02:34.3793927Z Setting up libcoarrays-dev:amd64 (2.10.2+ds-2.1build2) ...
2025-09-22T22:02:34.3811241Z Setting up libyaml-cpp0.8:amd64 (0.8.0+dfsg-6build1) ...
2025-09-22T22:02:34.3829766Z Setting up libevent-openssl-2.1-7t64:amd64 (2.1.12-stable-9ubuntu2) ...
2025-09-22T22:02:34.3847273Z Setting up libyaml-cpp-dev:amd64 (0.8.0+dfsg-6build1) ...
2025-09-22T22:02:34.3865195Z Setting up libboost-program-options1.83-dev:amd64 (1.83.0-2.1ubuntu3.1) ...
2025-09-22T22:02:34.3884011Z Setting up libevent-2.1-7t64:amd64 (2.1.12-stable-9ubuntu2) ...
2025-09-22T22:02:34.3905227Z Setting up libaec0:amd64 (1.1.2-1build1) ...
2025-09-22T22:02:34.3925742Z Setting up libnuma-dev:amd64 (2.0.18-1build1) ...
2025-09-22T22:02:34.3944897Z Setting up libxnvctrl0:amd64 (510.47.03-0ubuntu4) ...
2025-09-22T22:02:34.3962734Z Setting up libboost-serialization1.83.0:amd64 (1.83.0-2.1ubuntu3.1) ...
2025-09-22T22:02:34.3980946Z Setting up libltdl-dev:amd64 (2.4.7-7build1) ...
2025-09-22T22:02:34.4000845Z Setting up libjs-jquery-ui (1.13.2+dfsg-1) ...
2025-09-22T22:02:34.4020382Z Setting up libmunge2:amd64 (0.5.15-4build1) ...
2025-09-22T22:02:34.4041475Z Setting up libboost-program-options-dev:amd64 (1.83.0.1ubuntu2) ...
2025-09-22T22:02:34.4064916Z Setting up libcurl4-openssl-dev:amd64 (8.5.0-2ubuntu10.6) ...
2025-09-22T22:02:34.4085091Z Setting up libhwloc15:amd64 (2.10.0-1build1) ...
2025-09-22T22:02:34.4106732Z Setting up libeigen3-dev (3.4.0-4build0.1) ...
2025-09-22T22:02:34.4125257Z Setting up libflann1.9:amd64 (1.9.2+dfsg-2build1) ...
2025-09-22T22:02:34.4143381Z Setting up libboost-test1.83.0:amd64 (1.83.0-2.1ubuntu3.1) ...
2025-09-22T22:02:34.4163211Z Setting up libevent-extra-2.1-7t64:amd64 (2.1.12-stable-9ubuntu2) ...
2025-09-22T22:02:34.4182769Z Setting up libnl-3-dev:amd64 (3.7.0-0.3build1.1) ...
2025-09-22T22:02:34.4204820Z Setting up ocl-icd-libopencl1:amd64 (2.3.2-1build1) ...
2025-09-22T22:02:34.4223521Z Setting up libpsm2-2 (11.2.185-2build1) ...
2025-09-22T22:02:34.4242935Z Setting up openmpi-common (4.1.6-7ubuntu2) ...
2025-09-22T22:02:34.4263020Z Setting up librdmacm1t64:amd64 (50.0-2ubuntu0.2) ...
2025-09-22T22:02:34.4282137Z Setting up libhwloc-dev:amd64 (2.10.0-1build1) ...
2025-09-22T22:02:34.4301488Z Setting up libboost-dev:amd64 (1.83.0.1ubuntu2) ...
2025-09-22T22:02:34.4322848Z Setting up libamd-comgr2:amd64 (6.0+git20231212.4510c28+dfsg-3build2) ...
2025-09-22T22:02:34.4341991Z Setting up libpsm-infinipath1 (3.3+20.604758e7-6.3build1) ...
2025-09-22T22:02:34.4403649Z update-alternatives: using /usr/lib/libpsm1/libpsm_infinipath.so.1.16 to provide /usr/lib/x86_64-linux-gnu/libpsm_infinipath.so.1 (libpsm_infinipath.so.1) in auto mode
2025-09-22T22:02:34.4420288Z Setting up libtriangle-1.6 (1.6-6) ...
2025-09-22T22:02:34.4438347Z Setting up libjpeg8-dev:amd64 (8c-2ubuntu11) ...
2025-09-22T22:02:34.4455881Z Setting up libhsakmt1:amd64 (5.7.0-1build1) ...
2025-09-22T22:02:34.4474328Z Setting up libsz2:amd64 (1.1.2-1build1) ...
2025-09-22T22:02:34.4496342Z Setting up libfabric1:amd64 (1.17.0-3build2) ...
2025-09-22T22:02:34.4514573Z Setting up libtriangle-dev (1.6-6) ...
2025-09-22T22:02:34.4531824Z Setting up libaec-dev:amd64 (1.1.2-1build1) ...
2025-09-22T22:02:34.4550816Z Setting up libboost-serialization1.83-dev:amd64 (1.83.0-2.1ubuntu3.1) ...
2025-09-22T22:02:34.4568763Z Setting up libjpeg-dev:amd64 (8c-2ubuntu11) ...
2025-09-22T22:02:34.4587624Z Setting up libboost-test1.83-dev:amd64 (1.83.0-2.1ubuntu3.1) ...
2025-09-22T22:02:34.4605878Z Setting up libhwloc-plugins:amd64 (2.10.0-1build1) ...
2025-09-22T22:02:34.4624168Z Setting up libboost-test-dev:amd64 (1.83.0.1ubuntu2) ...
2025-09-22T22:02:34.4643833Z Setting up libnl-route-3-dev:amd64 (3.7.0-0.3build1.1) ...
2025-09-22T22:02:34.4663962Z Setting up libevent-dev (2.1.12-stable-9ubuntu2) ...
2025-09-22T22:02:34.4682548Z Setting up libboost-serialization-dev:amd64 (1.83.0.1ubuntu2) ...
2025-09-22T22:02:34.4707391Z Setting up libpmix2t64:amd64 (5.0.1-4.1build1) ...
2025-09-22T22:02:34.4728453Z Setting up libhsa-runtime64-1 (5.7.1-2build1) ...
2025-09-22T22:02:34.4749983Z Setting up libpmix-dev:amd64 (5.0.1-4.1build1) ...
2025-09-22T22:02:34.4772577Z Setting up libibverbs-dev:amd64 (50.0-2ubuntu0.2) ...
2025-09-22T22:02:34.4793693Z Setting up libamdhip64-5 (5.7.1-3) ...
2025-09-22T22:02:34.4812676Z Setting up libucx0:amd64 (1.16.0+ds-5ubuntu1) ...
2025-09-22T22:02:34.4836346Z Setting up libopenmpi3t64:amd64 (4.1.6-7ubuntu2) ...
2025-09-22T22:02:34.4855997Z Setting up openmpi-bin (4.1.6-7ubuntu2) ...
2025-09-22T22:02:34.4936521Z update-alternatives: using /usr/bin/mpirun.openmpi to provide /usr/bin/mpirun (mpirun) in auto mode
2025-09-22T22:02:34.5056598Z update-alternatives: using /usr/bin/mpicc.openmpi to provide /usr/bin/mpicc (mpi) in auto mode
2025-09-22T22:02:34.5136456Z Setting up libhdf5-openmpi-103-1t64:amd64 (1.10.10+repack-3.1ubuntu4) ...
2025-09-22T22:02:34.5162154Z Setting up libcaf-openmpi-3t64:amd64 (2.10.2+ds-2.1build2) ...
2025-09-22T22:02:34.5181501Z Setting up libhdf5-openmpi-fortran-102t64:amd64 (1.10.10+repack-3.1ubuntu4) ...
2025-09-22T22:02:34.5204644Z Setting up libhdf5-openmpi-cpp-103-1t64:amd64 (1.10.10+repack-3.1ubuntu4) ...
2025-09-22T22:02:34.5228663Z Setting up libopenmpi-dev:amd64 (4.1.6-7ubuntu2) ...
2025-09-22T22:02:34.5285564Z update-alternatives: using /usr/lib/x86_64-linux-gnu/openmpi/include to provide /usr/include/x86_64-linux-gnu/mpi (mpi-x86_64-linux-gnu) in auto mode
2025-09-22T22:02:34.5309341Z Setting up libhdf5-openmpi-hl-100t64:amd64 (1.10.10+repack-3.1ubuntu4) ...
2025-09-22T22:02:34.5332691Z Setting up libcoarrays-openmpi-dev:amd64 (2.10.2+ds-2.1build2) ...
2025-09-22T22:02:34.5390881Z update-alternatives: using /usr/lib/x86_64-linux-gnu/open-coarrays/openmpi/bin/caf to provide /usr/bin/caf.openmpi (caf-openmpi) in auto mode
2025-09-22T22:02:34.5434817Z update-alternatives: using /usr/bin/caf.openmpi to provide /usr/bin/caf (caf) in auto mode
2025-09-22T22:02:34.5452762Z Setting up libhdf5-openmpi-hl-fortran-100t64:amd64 (1.10.10+repack-3.1ubuntu4) ...
2025-09-22T22:02:34.5476818Z Setting up mpi-default-dev (1.15build1) ...
2025-09-22T22:02:34.5500318Z Setting up libhdf5-openmpi-hl-cpp-100t64:amd64 (1.10.10+repack-3.1ubuntu4) ...
2025-09-22T22:02:34.5519959Z Setting up libhdf5-openmpi-dev (1.10.10+repack-3.1ubuntu4) ...
2025-09-22T22:02:34.5585859Z update-alternatives: using /usr/bin/h5pcc.openmpi to provide /usr/bin/h5pcc (h5pcc) in auto mode
2025-09-22T22:02:34.5639698Z update-alternatives: using /usr/lib/x86_64-linux-gnu/pkgconfig/hdf5-openmpi.pc to provide /usr/lib/x86_64-linux-gnu/pkgconfig/hdf5.pc (hdf5.pc) in auto mode
2025-09-22T22:02:34.5810793Z update-alternatives: updating alternative /usr/bin/mpicc.openmpi because link group mpi has changed slave links
2025-09-22T22:02:34.5868864Z update-alternatives: using /usr/lib/x86_64-linux-gnu/pkgconfig/hdf5-mpi.pc to provide /usr/lib/x86_64-linux-gnu/pkgconfig/hdf5.pc (hdf5.pc) in auto mode
2025-09-22T22:02:34.5886195Z Setting up libhdf5-mpi-dev (1.10.10+repack-3.1ubuntu4) ...
2025-09-22T22:02:34.5907869Z Setting up libflann-dev:amd64 (1.9.2+dfsg-2build1) ...
2025-09-22T22:02:34.5933247Z Processing triggers for libc-bin (2.39-0ubuntu8.5) ...
2025-09-22T22:02:34.6671006Z Processing triggers for man-db (2.12.0-4build2) ...
2025-09-22T22:03:24.5592932Z 
2025-09-22T22:03:24.5593415Z Running kernel seems to be up-to-date.
2025-09-22T22:03:24.5593757Z 
2025-09-22T22:03:24.5662796Z Restarting services...
2025-09-22T22:03:24.5663010Z 
2025-09-22T22:03:24.5663107Z Service restarts being deferred:
2025-09-22T22:03:24.5665745Z  systemctl restart hosted-compute-agent.service
2025-09-22T22:03:24.5665975Z 
2025-09-22T22:03:24.5666242Z No containers need to be restarted.
2025-09-22T22:03:24.5666523Z 
2025-09-22T22:03:24.5666645Z No user sessions are running outdated binaries.
2025-09-22T22:03:24.5666843Z 
2025-09-22T22:03:24.5667032Z No VM guests are running outdated hypervisor (qemu) binaries on this host.
2025-09-22T22:03:25.5857562Z ##[group]Run actions/cache@v4
2025-09-22T22:03:25.5857816Z with:
2025-09-22T22:03:25.5858004Z   path: /home/runner/work/ompl/build

2025-09-22T22:03:25.5858243Z   key: Linux-X64-build-
2025-09-22T22:03:25.5858453Z   enableCrossOsArchive: false
2025-09-22T22:03:25.5858678Z   fail-on-cache-miss: false
2025-09-22T22:03:25.5858877Z   lookup-only: false
2025-09-22T22:03:25.5859051Z   save-always: false
2025-09-22T22:03:25.5859229Z ##[endgroup]
2025-09-22T22:03:25.8124353Z Cache not found for input keys: Linux-X64-build-
2025-09-22T22:03:25.8225165Z ##[group]Run ashutoshvarma/action-cmake-build@master
2025-09-22T22:03:25.8225473Z with:
2025-09-22T22:03:25.8225668Z   build-dir: /home/runner/work/ompl/build
2025-09-22T22:03:25.8225911Z   build-type: Release
2025-09-22T22:03:25.8226630Z   configure-options: -DOMPL_REGISTRATION=OFF -DOMPL_BUILD_DEMOS=OFF -DVAMP_PORTABLE_BUILD=ON -DCMAKE_INSTALL_PREFIX=/home/runner/work/ompl/install -DOMPL_PYTHON_INSTALL_DIR=/home/runner/work/ompl/install/python
2025-09-22T22:03:25.8227374Z   run-test: true
2025-09-22T22:03:25.8227562Z   ctest-options: --output-on-failure
2025-09-22T22:03:25.8227794Z   install-build: true
2025-09-22T22:03:25.8227997Z   source-dir: /home/runner/work/ompl/ompl
2025-09-22T22:03:25.8228236Z   parallel: 4
2025-09-22T22:03:25.8228412Z   submodule-update: false
2025-09-22T22:03:25.8228605Z ##[endgroup]
2025-09-22T22:03:25.8505923Z ##[group]Fixing Path
2025-09-22T22:03:25.8531112Z /snap/bin:/home/runner/.local/bin:/opt/pipx_bin:/home/runner/.cargo/bin:/home/runner/.config/composer/vendor/bin:/usr/local/.ghcup/bin:/home/runner/.dotnet/tools:/usr/local/sbin:/usr/local/bin:/usr/sbin:/usr/bin:/sbin:/bin:/usr/games:/usr/local/games:/snap/bin
2025-09-22T22:03:25.8532923Z ##[endgroup]
2025-09-22T22:03:25.8533678Z ##[group]Configure CMake
2025-09-22T22:03:25.8564587Z [command]/usr/local/bin/cmake -DOMPL_REGISTRATION=OFF -DOMPL_BUILD_DEMOS=OFF -DVAMP_PORTABLE_BUILD=ON -DCMAKE_INSTALL_PREFIX=/home/runner/work/ompl/install -DOMPL_PYTHON_INSTALL_DIR=/home/runner/work/ompl/install/python -DCMAKE_BUILD_TYPE=Release -S/home/runner/work/ompl/ompl -B/home/runner/work/ompl/build
2025-09-22T22:03:28.0017945Z -- The CXX compiler identification is GNU 13.3.0
2025-09-22T22:03:28.1693133Z -- Detecting CXX compiler ABI info
2025-09-22T22:03:28.3270042Z -- Detecting CXX compiler ABI info - done
2025-09-22T22:03:28.3444099Z -- Check for working CXX compiler: /usr/bin/c++ - skipped
2025-09-22T22:03:28.3482694Z -- Detecting CXX compile features
2025-09-22T22:03:28.3890495Z -- Detecting CXX compile features - done
2025-09-22T22:03:28.4029580Z -- Build type: Release
2025-09-22T22:03:28.4479044Z -- Found Boost: /usr/lib/x86_64-linux-gnu/cmake/Boost-1.83.0/BoostConfig.cmake (found suitable version "1.83.0", minimum required is "1.68") found components: serialization program_options
2025-09-22T22:03:28.9293958Z CMake Warning at CMakeModules/FindPython.cmake:197 (message):
2025-09-22T22:03:28.9295258Z   Failed to find matching Boost.Python library! Python bindings probably
2025-09-22T22:03:28.9295969Z   won't work.
2025-09-22T22:03:28.9296327Z Call Stack (most recent call first):
2025-09-22T22:03:28.9296644Z   CMakeLists.txt:81 (find_boost_python)
2025-09-22T22:03:28.9296851Z 
2025-09-22T22:03:28.9296857Z 
2025-09-22T22:03:28.9650089Z -- Found PkgConfig: /usr/bin/pkg-config (found version "1.8.1")
2025-09-22T22:03:28.9657593Z -- Checking for module 'libspot'
2025-09-22T22:03:29.1011076Z --   Package 'libspot', required by 'virtual:world', not found
2025-09-22T22:03:29.1016076Z -- Could NOT find spot (missing: SPOT_LIBRARIES SPOT_INCLUDE_DIRS) 
2025-09-22T22:03:29.1195632Z -- Could NOT find Doxygen (missing: DOXYGEN_EXECUTABLE) 
2025-09-22T22:03:29.2203283Z -- Could NOT find PY_numpy (missing: PY_NUMPY) 
2025-09-22T22:03:29.3969399Z CMake Warning at CMakeModules/FindPython.cmake:197 (message):
2025-09-22T22:03:29.3970335Z   Failed to find matching Boost.Python library! Python bindings probably
2025-09-22T22:03:29.3971212Z   won't work.
2025-09-22T22:03:29.3971588Z Call Stack (most recent call first):
2025-09-22T22:03:29.3972247Z   CMakeModules/PythonBindingsUtils.cmake:5 (find_boost_python)
2025-09-22T22:03:29.3972950Z   py-bindings/CMakeLists.txt:1 (include)
2025-09-22T22:03:29.3973270Z 
2025-09-22T22:03:29.3973277Z 
2025-09-22T22:03:29.5030862Z -- Could NOT find PY_pyplusplus (missing: PY_PYPLUSPLUS) 
2025-09-22T22:03:29.6091822Z -- Could NOT find PY_pygccxml (missing: PY_PYGCCXML) 
2025-09-22T22:03:29.6107294Z -- Could NOT find castxml (missing: CASTXML) 
2025-09-22T22:03:29.6112109Z -- VAMP: Using portable build mode for distribution
2025-09-22T22:03:29.6112832Z -- VAMP: Python bindings disabled (C++ only)
2025-09-22T22:03:29.6124798Z -- Configuring VAMP integration...
2025-09-22T22:03:29.6125326Z -- VAMP: Using portable SIMD flags for x86_64 (with BMI2)
2025-09-22T22:03:30.2117605Z -- The C compiler identification is GNU 13.3.0
2025-09-22T22:03:30.2303712Z -- Detecting C compiler ABI info
2025-09-22T22:03:30.3038145Z -- Detecting C compiler ABI info - done
2025-09-22T22:03:30.3211197Z -- Check for working C compiler: /usr/bin/cc - skipped
2025-09-22T22:03:30.3215371Z -- Detecting C compile features
2025-09-22T22:03:30.3220288Z -- Detecting C compile features - done
2025-09-22T22:03:30.6240122Z -- CPM: Adding package nigh@0 (97130999440647c204e0265d05a997dbd8da4e70)
2025-09-22T22:03:31.1127666Z -- CPM: Adding package pdqsort@0 (b1ef26a55cdb60d236a5cb199c4234c704f46726)
2025-09-22T22:03:31.4172195Z -- CPM: Adding package SIMDxorshift@0 (857c1a01df53cf1ee1ae8db3238f0ef42ef8e490)
2025-09-22T22:03:31.7306875Z -- VAMP build configuration:
2025-09-22T22:03:31.7307377Z --   - C++ library: ON
2025-09-22T22:03:31.7307698Z --   - Install C++ library: ON
2025-09-22T22:03:31.7308056Z --   - Python bindings: OFF
2025-09-22T22:03:31.7308407Z --   - C++ demos: OFF
2025-09-22T22:03:31.7308745Z --   - OMPL demos: OFF
2025-09-22T22:03:31.7309067Z -- VAMP C++ library target configured
2025-09-22T22:03:31.7309353Z -- VAMP: Using portable build mode for distribution
2025-09-22T22:03:31.7309656Z -- VAMP integration configured successfully
2025-09-22T22:03:31.7309958Z -- VAMP integration enabled via OMPL_BUILD_VAMP=ON
2025-09-22T22:03:31.7400900Z -- VAMP integration test configured with vamp_cpp target and SIMD flags
2025-09-22T22:03:31.7833056Z -- The following features have been enabled:
2025-09-22T22:03:31.7833622Z 
2025-09-22T22:03:31.7833943Z  * OMPL_VERSIONED_INSTALL, Whether to install header files in
2025-09-22T22:03:31.7834685Z    <prefix>/include/ompl-X.Y/ompl, where X and Y are the major and minor
2025-09-22T22:03:31.7835291Z    version numbers
2025-09-22T22:03:31.7835687Z  * OMPL_BUILD_TESTS, Whether to build the unit tests.
2025-09-22T22:03:31.7836038Z 
2025-09-22T22:03:31.7836233Z -- The following OPTIONAL packages have been found:
2025-09-22T22:03:31.7836578Z 
2025-09-22T22:03:31.7836824Z  * Threads, <https://en.wikipedia.org/wiki/POSIX_Threads>
2025-09-22T22:03:31.7837426Z    Pthreads is sometimes needed, depending on OS / compiler.
2025-09-22T22:03:31.7838027Z  * Triangle, <http://www.cs.cmu.edu/~quake/triangle.html>
2025-09-22T22:03:31.7838675Z    Used to create triangular decompositions of polygonal 2D environments.
2025-09-22T22:03:31.7839423Z  * flann (required version >= 1.9.2), <https://github.com/mariusmuja/flann>
2025-09-22T22:03:31.7840153Z    If detetected, FLANN can be used for nearest neighbor queries by OMPL.
2025-09-22T22:03:31.7841164Z  * PkgConfig, <https://www.freedesktop.org/wiki/Software/pkg-config/>
2025-09-22T22:03:31.7841801Z    Used to find (compilation flags for) dependencies.
2025-09-22T22:03:31.7842339Z  * Python, <https://www.python.org>
2025-09-22T22:03:31.7842750Z    Used for python bindings.
2025-09-22T22:03:31.7843082Z  * Git
2025-09-22T22:03:31.7843438Z  * boost_unit_test_framework (required version == 1.83.0)
2025-09-22T22:03:31.7843798Z 
2025-09-22T22:03:31.7843987Z -- The following REQUIRED packages have been found:
2025-09-22T22:03:31.7844337Z 
2025-09-22T22:03:31.7844511Z  * boost_serialization (required version == 1.83.0)
2025-09-22T22:03:31.7845024Z  * boost_program_options (required version == 1.83.0)
2025-09-22T22:03:31.7845543Z  * yaml-cpp, <https://github.com/jbeder/yaml-cpp>
2025-09-22T22:03:31.7846157Z    Used for parsing YAML configuration files, required for VAMP demos.
2025-09-22T22:03:31.7846736Z  * Eigen3, <http://eigen.tuxfamily.org>
2025-09-22T22:03:31.7847198Z    A linear algebra library used throughout OMPL.
2025-09-22T22:03:31.7847668Z  * boost_headers (required version == 1.83.0)
2025-09-22T22:03:31.7848290Z  * Boost (required version >= 1.68), <https://www.boost.org>
2025-09-22T22:03:31.7849721Z    Used throughout OMPL for data serialization, graphs, etc.
2025-09-22T22:03:31.7850109Z 
2025-09-22T22:03:31.7850267Z -- The following features have been disabled:
2025-09-22T22:03:31.7850557Z 
2025-09-22T22:03:31.7850975Z  * OMPL_BUILD_PYBINDINGS, Whether to build the Python bindings.
2025-09-22T22:03:31.7851659Z  * OMPL_BUILD_PYTESTS, Whether to build/run the python binding unit tests.
2025-09-22T22:03:31.7852326Z  * OMPL_BUILD_DEMOS, Whether to build the OMPL demo programs.
2025-09-22T22:03:31.7852681Z 
2025-09-22T22:03:31.7852883Z -- The following OPTIONAL packages have not been found:
2025-09-22T22:03:31.7853252Z 
2025-09-22T22:03:31.7853400Z  * pypy, <https://pypy.org>
2025-09-22T22:03:31.7853846Z    Used to speed up the generation of python bindings.
2025-09-22T22:03:31.7854324Z  * spot, <http://spot.lrde.epita.fr>
2025-09-22T22:03:31.7854802Z    Used for constructing finite automata from LTL formulae.
2025-09-22T22:03:31.7855283Z  * Doxygen, <http://doxygen.org>
2025-09-22T22:03:31.7855849Z    Used to create the OMPL documentation (i.e., https://ompl.kavrakilab.org).
2025-09-22T22:03:31.7856467Z  * boost_python-py312 (required version == 1.83.0)
2025-09-22T22:03:31.7856925Z  * boost_python (required version == 1.83.0)
2025-09-22T22:03:31.7857378Z  * castxml, <https://github.com/CastXML/CastXML>
2025-09-22T22:03:31.7857812Z    Used to generate Python bindings.
2025-09-22T22:03:31.7858198Z  * nigh (required version >= 0)
2025-09-22T22:03:31.7858564Z  * pdqsort (required version >= 0)
2025-09-22T22:03:31.7858973Z  * SIMDxorshift (required version >= 0)
2025-09-22T22:03:31.7859260Z 
2025-09-22T22:03:31.7859431Z -- The following Python modules were NOT found:
2025-09-22T22:03:31.7859757Z 
2025-09-22T22:03:31.7859896Z  * numpy pyplusplus pygccxml
2025-09-22T22:03:31.7860130Z 
2025-09-22T22:03:31.7860274Z -- Configuring done (5.1s)
2025-09-22T22:03:31.8920910Z -- Generating done (0.1s)
2025-09-22T22:03:31.8921292Z CMake Warning:
2025-09-22T22:03:31.8921743Z   Manually-specified variables were not used by the project:
2025-09-22T22:03:31.8922167Z 
2025-09-22T22:03:31.8922299Z     OMPL_PYTHON_INSTALL_DIR
2025-09-22T22:03:31.8922529Z 
2025-09-22T22:03:31.8922534Z 
2025-09-22T22:03:31.8926190Z -- Build files have been written to: /home/runner/work/ompl/build
2025-09-22T22:03:31.9007605Z ##[endgroup]
2025-09-22T22:03:31.9008074Z ##[group]Building Project
2025-09-22T22:03:31.9021018Z [command]/usr/local/bin/cmake --build /home/runner/work/ompl/build --config Release --parallel 4
2025-09-22T22:03:31.9202076Z [  0%] Building C object external/vamp/CMakeFiles/simdxorshift.dir/__/__/_deps/simdxorshift-src/src/simdxorshift128plus.c.o
2025-09-22T22:03:31.9205871Z [  1%] Building C object external/vamp/CMakeFiles/simdxorshift.dir/__/__/_deps/simdxorshift-src/src/xorshift128plus.c.o
2025-09-22T22:03:31.9329214Z [  1%] Building CXX object src/ompl/CMakeFiles/ompl.dir/base/goals/src/GoalLazySamples.cpp.o
2025-09-22T22:03:31.9343440Z [  1%] Building CXX object src/ompl/CMakeFiles/ompl.dir/base/goals/src/GoalRegion.cpp.o
2025-09-22T22:03:32.1452603Z [  2%] Building CXX object src/ompl/CMakeFiles/ompl.dir/base/goals/src/GoalSpace.cpp.o
2025-09-22T22:03:32.6338902Z [  2%] Linking C static library libsimdxorshift.a
2025-09-22T22:03:34.7966725Z [  2%] Building CXX object src/ompl/CMakeFiles/ompl.dir/base/goals/src/GoalState.cpp.o
2025-09-22T22:03:34.8438105Z [  2%] Building CXX object src/ompl/CMakeFiles/ompl.dir/base/goals/src/GoalStates.cpp.o
2025-09-22T22:03:35.2635085Z [  3%] Building CXX object src/ompl/CMakeFiles/ompl.dir/base/objectives/src/ControlDurationObjective.cpp.o
2025-09-22T22:03:37.0354246Z [  3%] Building CXX object src/ompl/CMakeFiles/ompl.dir/base/objectives/src/MaximizeMinClearanceObjective.cpp.o
2025-09-22T22:03:37.1278121Z [  3%] Building CXX object src/ompl/CMakeFiles/ompl.dir/base/objectives/src/MechanicalWorkOptimizationObjective.cpp.o
2025-09-22T22:03:37.2355721Z [  4%] Building CXX object src/ompl/CMakeFiles/ompl.dir/base/objectives/src/MinimaxObjective.cpp.o
2025-09-22T22:03:39.0017977Z [  4%] Building CXX object src/ompl/CMakeFiles/ompl.dir/base/objectives/src/MinimizeArrivalTime.cpp.o
2025-09-22T22:03:39.4715618Z [  4%] Building CXX object src/ompl/CMakeFiles/ompl.dir/base/objectives/src/PathLengthOptimizationObjective.cpp.o
2025-09-22T22:03:39.5907080Z [  5%] Building CXX object src/ompl/CMakeFiles/ompl.dir/base/objectives/src/StateCostIntegralObjective.cpp.o
2025-09-22T22:03:40.6148708Z [  5%] Building CXX object src/ompl/CMakeFiles/ompl.dir/base/samplers/deterministic/src/HaltonSequence.cpp.o
2025-09-22T22:03:40.6490007Z [  5%] Built target simdxorshift
2025-09-22T22:03:40.6524010Z [  5%] Building CXX object src/ompl/CMakeFiles/ompl.dir/base/samplers/deterministic/src/PrecomputedSequence.cpp.o
2025-09-22T22:03:41.6342025Z [  6%] Building CXX object src/ompl/CMakeFiles/ompl.dir/base/samplers/informed/src/OrderedInfSampler.cpp.o
2025-09-22T22:03:41.7172798Z [  6%] Building CXX object src/ompl/CMakeFiles/ompl.dir/base/samplers/informed/src/PathLengthDirectInfSampler.cpp.o
2025-09-22T22:03:41.9823672Z [  6%] Building CXX object src/ompl/CMakeFiles/ompl.dir/base/samplers/informed/src/RejectionInfSampler.cpp.o
2025-09-22T22:03:42.0924978Z [  7%] Building CXX object src/ompl/CMakeFiles/ompl.dir/base/samplers/src/BridgeTestValidStateSampler.cpp.o
2025-09-22T22:03:44.4234934Z [  7%] Building CXX object src/ompl/CMakeFiles/ompl.dir/base/samplers/src/ConditionalStateSampler.cpp.o
2025-09-22T22:03:44.4942066Z [  7%] Building CXX object src/ompl/CMakeFiles/ompl.dir/base/samplers/src/DeterministicStateSampler.cpp.o
2025-09-22T22:03:44.7947576Z [  8%] Building CXX object src/ompl/CMakeFiles/ompl.dir/base/samplers/src/GaussianValidStateSampler.cpp.o
2025-09-22T22:03:44.8627535Z [  8%] Building CXX object src/ompl/CMakeFiles/ompl.dir/base/samplers/src/InformedStateSampler.cpp.o
2025-09-22T22:03:47.0332914Z [  8%] Building CXX object src/ompl/CMakeFiles/ompl.dir/base/samplers/src/MaximizeClearanceValidStateSampler.cpp.o
2025-09-22T22:03:47.4933711Z [  9%] Building CXX object src/ompl/CMakeFiles/ompl.dir/base/samplers/src/MinimumClearanceValidStateSampler.cpp.o
2025-09-22T22:03:47.5562426Z [  9%] Building CXX object src/ompl/CMakeFiles/ompl.dir/base/samplers/src/ObstacleBasedValidStateSampler.cpp.o
2025-09-22T22:03:47.7215369Z [  9%] Building CXX object src/ompl/CMakeFiles/ompl.dir/base/samplers/src/UniformValidStateSampler.cpp.o
2025-09-22T22:03:49.8934980Z [ 10%] Building CXX object src/ompl/CMakeFiles/ompl.dir/base/spaces/constraint/src/AtlasChart.cpp.o
2025-09-22T22:03:50.0969786Z [ 10%] Building CXX object src/ompl/CMakeFiles/ompl.dir/base/spaces/constraint/src/AtlasStateSpace.cpp.o
2025-09-22T22:03:50.1721671Z [ 10%] Building CXX object src/ompl/CMakeFiles/ompl.dir/base/spaces/constraint/src/ConstrainedStateSpace.cpp.o
2025-09-22T22:03:50.2242429Z [ 11%] Building CXX object src/ompl/CMakeFiles/ompl.dir/base/spaces/constraint/src/ProjectedStateSpace.cpp.o
2025-09-22T22:03:53.6203818Z [ 11%] Building CXX object src/ompl/CMakeFiles/ompl.dir/base/spaces/constraint/src/TangentBundleStateSpace.cpp.o
2025-09-22T22:03:53.9972204Z [ 11%] Building CXX object src/ompl/CMakeFiles/ompl.dir/base/spaces/special/src/KleinBottleStateSpace.cpp.o
2025-09-22T22:03:57.2680890Z [ 12%] Building CXX object src/ompl/CMakeFiles/ompl.dir/base/spaces/special/src/MobiusStateSpace.cpp.o
2025-09-22T22:03:57.6825685Z [ 12%] Building CXX object src/ompl/CMakeFiles/ompl.dir/base/spaces/special/src/SphereStateSpace.cpp.o
2025-09-22T22:03:57.9583754Z [ 12%] Building CXX object src/ompl/CMakeFiles/ompl.dir/base/spaces/special/src/TorusStateSpace.cpp.o
2025-09-22T22:04:00.9218299Z [ 13%] Building CXX object src/ompl/CMakeFiles/ompl.dir/base/spaces/src/DiscreteStateSpace.cpp.o
2025-09-22T22:04:01.2775031Z [ 13%] Building CXX object src/ompl/CMakeFiles/ompl.dir/base/spaces/src/DubinsStateSpace.cpp.o
2025-09-22T22:04:01.2825962Z [ 13%] Building CXX object src/ompl/CMakeFiles/ompl.dir/base/spaces/src/HybridStateSpace.cpp.o
2025-09-22T22:04:03.6626033Z [ 14%] Building CXX object src/ompl/CMakeFiles/ompl.dir/base/spaces/src/HybridTimeStateSpace.cpp.o
2025-09-22T22:04:03.8263991Z [ 14%] Building CXX object src/ompl/CMakeFiles/ompl.dir/base/spaces/src/OwenStateSpace.cpp.o
2025-09-22T22:04:05.0042109Z [ 14%] Building CXX object src/ompl/CMakeFiles/ompl.dir/base/spaces/src/RealVectorBounds.cpp.o
2025-09-22T22:04:05.5233958Z [ 15%] Building CXX object src/ompl/CMakeFiles/ompl.dir/base/spaces/src/RealVectorStateProjections.cpp.o
2025-09-22T22:04:06.3624135Z [ 15%] Building CXX object src/ompl/CMakeFiles/ompl.dir/base/spaces/src/RealVectorStateSpace.cpp.o
2025-09-22T22:04:07.2444489Z [ 15%] Building CXX object src/ompl/CMakeFiles/ompl.dir/base/spaces/src/ReedsSheppStateSpace.cpp.o
2025-09-22T22:04:08.5008104Z [ 16%] Building CXX object src/ompl/CMakeFiles/ompl.dir/base/spaces/src/SE2StateSpace.cpp.o
2025-09-22T22:04:08.5081837Z [ 16%] Building CXX object src/ompl/CMakeFiles/ompl.dir/base/spaces/src/SE3StateSpace.cpp.o
2025-09-22T22:04:09.7517973Z [ 16%] Building CXX object src/ompl/CMakeFiles/ompl.dir/base/spaces/src/SO2StateSpace.cpp.o
2025-09-22T22:04:11.0798127Z [ 17%] Building CXX object src/ompl/CMakeFiles/ompl.dir/base/spaces/src/SO3StateSpace.cpp.o
2025-09-22T22:04:11.1161643Z [ 17%] Building CXX object src/ompl/CMakeFiles/ompl.dir/base/spaces/src/SpaceTimeStateSpace.cpp.o
2025-09-22T22:04:11.2429461Z [ 17%] Building CXX object src/ompl/CMakeFiles/ompl.dir/base/spaces/src/TimeStateSpace.cpp.o
2025-09-22T22:04:13.0517070Z [ 18%] Building CXX object src/ompl/CMakeFiles/ompl.dir/base/spaces/src/TrochoidStateSpace.cpp.o
2025-09-22T22:04:13.6774496Z [ 18%] Building CXX object src/ompl/CMakeFiles/ompl.dir/base/spaces/src/VanaOwenStateSpace.cpp.o
2025-09-22T22:04:13.9272026Z [ 18%] Building CXX object src/ompl/CMakeFiles/ompl.dir/base/spaces/src/VanaStateSpace.cpp.o
2025-09-22T22:04:14.3933531Z [ 19%] Building CXX object src/ompl/CMakeFiles/ompl.dir/base/spaces/src/WrapperStateSpace.cpp.o
2025-09-22T22:04:16.8032021Z [ 19%] Building CXX object src/ompl/CMakeFiles/ompl.dir/base/src/Constraint.cpp.o
2025-09-22T22:04:18.0355883Z [ 19%] Building CXX object src/ompl/CMakeFiles/ompl.dir/base/src/Cost.cpp.o
2025-09-22T22:04:18.0796230Z [ 20%] Building CXX object src/ompl/CMakeFiles/ompl.dir/base/src/DiscreteMotionValidator.cpp.o
2025-09-22T22:04:18.3833364Z [ 20%] Building CXX object src/ompl/CMakeFiles/ompl.dir/base/src/GenericParam.cpp.o
2025-09-22T22:04:18.4631853Z [ 20%] Building CXX object src/ompl/CMakeFiles/ompl.dir/base/src/Goal.cpp.o
2025-09-22T22:04:19.8714602Z [ 21%] Building CXX object src/ompl/CMakeFiles/ompl.dir/base/src/OptimizationObjective.cpp.o
2025-09-22T22:04:20.6742229Z [ 21%] Building CXX object src/ompl/CMakeFiles/ompl.dir/base/src/Planner.cpp.o
2025-09-22T22:04:20.8950319Z [ 21%] Building CXX object src/ompl/CMakeFiles/ompl.dir/base/src/PlannerData.cpp.o
2025-09-22T22:04:22.9298363Z [ 22%] Building CXX object src/ompl/CMakeFiles/ompl.dir/base/src/PlannerDataStorage.cpp.o
2025-09-22T22:04:23.9463805Z [ 22%] Building CXX object src/ompl/CMakeFiles/ompl.dir/base/src/PlannerStatus.cpp.o
2025-09-22T22:04:24.3063829Z [ 22%] Building CXX object src/ompl/CMakeFiles/ompl.dir/base/src/PlannerTerminationCondition.cpp.o
2025-09-22T22:04:27.1713903Z [ 23%] Building CXX object src/ompl/CMakeFiles/ompl.dir/base/src/PrecomputedStateSampler.cpp.o
2025-09-22T22:04:28.1764178Z [ 23%] Building CXX object src/ompl/CMakeFiles/ompl.dir/base/src/ProblemDefinition.cpp.o
2025-09-22T22:04:29.7329133Z [ 23%] Building CXX object src/ompl/CMakeFiles/ompl.dir/base/src/ProjectionEvaluator.cpp.o
2025-09-22T22:04:30.2132177Z [ 24%] Building CXX object src/ompl/CMakeFiles/ompl.dir/base/src/SpaceInformation.cpp.o
2025-09-22T22:04:32.6653687Z [ 24%] Building CXX object src/ompl/CMakeFiles/ompl.dir/base/src/StateSampler.cpp.o
2025-09-22T22:04:34.2742865Z [ 24%] Building CXX object src/ompl/CMakeFiles/ompl.dir/base/src/StateSpace.cpp.o
2025-09-22T22:04:35.3087592Z [ 25%] Building CXX object src/ompl/CMakeFiles/ompl.dir/base/src/StateStorage.cpp.o
2025-09-22T22:04:35.4076562Z [ 25%] Building CXX object src/ompl/CMakeFiles/ompl.dir/base/src/ValidStateSampler.cpp.o
2025-09-22T22:04:36.6432667Z [ 26%] Building CXX object src/ompl/CMakeFiles/ompl.dir/base/terminationconditions/src/CostConvergenceTerminationCondition.cpp.o
2025-09-22T22:04:39.3603756Z [ 26%] Building CXX object src/ompl/CMakeFiles/ompl.dir/base/terminationconditions/src/IterationTerminationCondition.cpp.o
2025-09-22T22:04:39.6354245Z [ 26%] Building CXX object src/ompl/CMakeFiles/ompl.dir/control/planners/est/src/EST.cpp.o
2025-09-22T22:04:40.8056797Z [ 27%] Building CXX object src/ompl/CMakeFiles/ompl.dir/control/planners/kpiece/src/KPIECE1.cpp.o
2025-09-22T22:04:41.9538541Z [ 27%] Building CXX object src/ompl/CMakeFiles/ompl.dir/control/planners/ltl/src/Automaton.cpp.o
2025-09-22T22:04:43.0721478Z [ 27%] Building CXX object src/ompl/CMakeFiles/ompl.dir/control/planners/ltl/src/LTLPlanner.cpp.o
2025-09-22T22:04:44.5464733Z [ 28%] Building CXX object src/ompl/CMakeFiles/ompl.dir/control/planners/ltl/src/LTLProblemDefinition.cpp.o
2025-09-22T22:04:45.0327605Z [ 28%] Building CXX object src/ompl/CMakeFiles/ompl.dir/control/planners/ltl/src/LTLSpaceInformation.cpp.o
2025-09-22T22:04:47.2612138Z [ 28%] Building CXX object src/ompl/CMakeFiles/ompl.dir/control/planners/ltl/src/ProductGraph.cpp.o
2025-09-22T22:04:48.4393641Z [ 29%] Building CXX object src/ompl/CMakeFiles/ompl.dir/control/planners/ltl/src/PropositionalDecomposition.cpp.o
2025-09-22T22:04:48.7872298Z [ 29%] Building CXX object src/ompl/CMakeFiles/ompl.dir/control/planners/ltl/src/World.cpp.o
2025-09-22T22:04:49.5484190Z [ 29%] Building CXX object src/ompl/CMakeFiles/ompl.dir/control/planners/pdst/src/PDST.cpp.o
2025-09-22T22:04:49.5553191Z [ 30%] Building CXX object src/ompl/CMakeFiles/ompl.dir/control/planners/rrt/src/HyRRT.cpp.o
2025-09-22T22:04:49.8575065Z [ 30%] Building CXX object src/ompl/CMakeFiles/ompl.dir/control/planners/rrt/src/RRT.cpp.o
2025-09-22T22:04:51.3924457Z [ 30%] Building CXX object src/ompl/CMakeFiles/ompl.dir/control/planners/sst/src/HySST.cpp.o
2025-09-22T22:04:54.2787994Z [ 31%] Building CXX object src/ompl/CMakeFiles/ompl.dir/control/planners/sst/src/SST.cpp.o
2025-09-22T22:04:56.0491650Z [ 31%] Building CXX object src/ompl/CMakeFiles/ompl.dir/control/planners/syclop/src/GridDecomposition.cpp.o
2025-09-22T22:04:56.4147476Z [ 31%] Building CXX object src/ompl/CMakeFiles/ompl.dir/control/planners/syclop/src/Syclop.cpp.o
2025-09-22T22:04:57.5127849Z [ 32%] Building CXX object src/ompl/CMakeFiles/ompl.dir/control/planners/syclop/src/SyclopEST.cpp.o
2025-09-22T22:04:58.3832137Z [ 32%] Building CXX object src/ompl/CMakeFiles/ompl.dir/control/planners/syclop/src/SyclopRRT.cpp.o
2025-09-22T22:05:01.3008796Z [ 32%] Building CXX object src/ompl/CMakeFiles/ompl.dir/control/spaces/src/DiscreteControlSpace.cpp.o
2025-09-22T22:05:02.5933347Z [ 33%] Building CXX object src/ompl/CMakeFiles/ompl.dir/control/spaces/src/RealVectorControlSpace.cpp.o
2025-09-22T22:05:03.6564326Z [ 33%] Building CXX object src/ompl/CMakeFiles/ompl.dir/control/src/ControlSampler.cpp.o
2025-09-22T22:05:03.9527214Z [ 33%] Building CXX object src/ompl/CMakeFiles/ompl.dir/control/src/ControlSpace.cpp.o
2025-09-22T22:05:05.3035939Z [ 34%] Building CXX object src/ompl/CMakeFiles/ompl.dir/control/src/PathControl.cpp.o
2025-09-22T22:05:06.2704758Z [ 34%] Building CXX object src/ompl/CMakeFiles/ompl.dir/control/src/PlannerData.cpp.o
2025-09-22T22:05:06.2837496Z [ 34%] Building CXX object src/ompl/CMakeFiles/ompl.dir/control/src/PlannerDataStorage.cpp.o
2025-09-22T22:05:07.1322157Z [ 35%] Building CXX object src/ompl/CMakeFiles/ompl.dir/control/src/SimpleDirectedControlSampler.cpp.o
2025-09-22T22:05:08.6135109Z [ 35%] Building CXX object src/ompl/CMakeFiles/ompl.dir/control/src/SimpleSetup.cpp.o
2025-09-22T22:05:08.9738160Z [ 35%] Building CXX object src/ompl/CMakeFiles/ompl.dir/control/src/SpaceInformation.cpp.o
2025-09-22T22:05:09.6321262Z [ 36%] Building CXX object src/ompl/CMakeFiles/ompl.dir/datastructures/src/AdjacencyList.cpp.o
2025-09-22T22:05:11.7023613Z [ 36%] Building CXX object src/ompl/CMakeFiles/ompl.dir/geometric/planners/AnytimePathShortening.cpp.o
2025-09-22T22:05:12.1187116Z [ 36%] Building CXX object src/ompl/CMakeFiles/ompl.dir/geometric/planners/cforest/src/CForest.cpp.o
2025-09-22T22:05:12.4834001Z [ 37%] Building CXX object src/ompl/CMakeFiles/ompl.dir/geometric/planners/cforest/src/CForestStateSampler.cpp.o
2025-09-22T22:05:13.9032464Z [ 37%] Building CXX object src/ompl/CMakeFiles/ompl.dir/geometric/planners/cforest/src/CForestStateSpaceWrapper.cpp.o
2025-09-22T22:05:15.0182284Z [ 37%] Building CXX object src/ompl/CMakeFiles/ompl.dir/geometric/planners/est/src/BiEST.cpp.o
2025-09-22T22:05:17.0764174Z [ 38%] Building CXX object src/ompl/CMakeFiles/ompl.dir/geometric/planners/est/src/EST.cpp.o
2025-09-22T22:05:17.9872082Z [ 38%] Building CXX object src/ompl/CMakeFiles/ompl.dir/geometric/planners/est/src/ProjEST.cpp.o
2025-09-22T22:05:21.1367880Z [ 38%] Building CXX object src/ompl/CMakeFiles/ompl.dir/geometric/planners/experience/src/LightningRetrieveRepair.cpp.o
2025-09-22T22:05:21.6762379Z [ 39%] Building CXX object src/ompl/CMakeFiles/ompl.dir/geometric/planners/experience/src/ThunderRetrieveRepair.cpp.o
2025-09-22T22:05:23.2531908Z [ 39%] Building CXX object src/ompl/CMakeFiles/ompl.dir/geometric/planners/fmt/src/BFMT.cpp.o
2025-09-22T22:05:23.6186072Z [ 39%] Building CXX object src/ompl/CMakeFiles/ompl.dir/geometric/planners/fmt/src/FMT.cpp.o
2025-09-22T22:05:26.8770039Z [ 40%] Building CXX object src/ompl/CMakeFiles/ompl.dir/geometric/planners/informedtrees/aitstar/src/Edge.cpp.o
2025-09-22T22:05:27.2731514Z [ 40%] Building CXX object src/ompl/CMakeFiles/ompl.dir/geometric/planners/informedtrees/aitstar/src/ImplicitGraph.cpp.o
2025-09-22T22:05:29.3358891Z [ 40%] Building CXX object src/ompl/CMakeFiles/ompl.dir/geometric/planners/informedtrees/aitstar/src/Vertex.cpp.o
2025-09-22T22:05:33.2662237Z [ 41%] Building CXX object src/ompl/CMakeFiles/ompl.dir/geometric/planners/informedtrees/bitstar/src/ImplicitGraph.cpp.o
2025-09-22T22:05:33.7445836Z [ 41%] Building CXX object src/ompl/CMakeFiles/ompl.dir/geometric/planners/informedtrees/bitstar/src/SearchQueue.cpp.o
2025-09-22T22:05:36.0180536Z [ 41%] Building CXX object src/ompl/CMakeFiles/ompl.dir/geometric/planners/informedtrees/bitstar/src/Vertex.cpp.o
2025-09-22T22:05:36.1862977Z [ 42%] Building CXX object src/ompl/CMakeFiles/ompl.dir/geometric/planners/informedtrees/eitstar/src/Edge.cpp.o
2025-09-22T22:05:36.5733711Z [ 42%] Building CXX object src/ompl/CMakeFiles/ompl.dir/geometric/planners/informedtrees/eitstar/src/ForwardQueue.cpp.o
2025-09-22T22:05:37.9574701Z [ 42%] Building CXX object src/ompl/CMakeFiles/ompl.dir/geometric/planners/informedtrees/eitstar/src/RandomGeometricGraph.cpp.o
2025-09-22T22:05:39.6600056Z [ 43%] Building CXX object src/ompl/CMakeFiles/ompl.dir/geometric/planners/informedtrees/eitstar/src/ReverseQueue.cpp.o
2025-09-22T22:05:39.7316550Z [ 43%] Building CXX object src/ompl/CMakeFiles/ompl.dir/geometric/planners/informedtrees/eitstar/src/State.cpp.o
2025-09-22T22:05:40.6059583Z [ 43%] Building CXX object src/ompl/CMakeFiles/ompl.dir/geometric/planners/informedtrees/eitstar/src/Vertex.cpp.o
2025-09-22T22:05:42.8850551Z [ 44%] Building CXX object src/ompl/CMakeFiles/ompl.dir/geometric/planners/informedtrees/src/ABITstar.cpp.o
2025-09-22T22:05:43.0114437Z [ 44%] Building CXX object src/ompl/CMakeFiles/ompl.dir/geometric/planners/informedtrees/src/AITstar.cpp.o
2025-09-22T22:05:43.5663121Z [ 44%] Building CXX object src/ompl/CMakeFiles/ompl.dir/geometric/planners/informedtrees/src/BITstar.cpp.o
2025-09-22T22:05:44.7165252Z [ 45%] Building CXX object src/ompl/CMakeFiles/ompl.dir/geometric/planners/informedtrees/src/EIRMstar.cpp.o
2025-09-22T22:05:46.1322072Z [ 45%] Building CXX object src/ompl/CMakeFiles/ompl.dir/geometric/planners/informedtrees/src/EITstar.cpp.o
2025-09-22T22:05:48.0992101Z [ 45%] Building CXX object src/ompl/CMakeFiles/ompl.dir/geometric/planners/kpiece/src/BKPIECE1.cpp.o
2025-09-22T22:05:49.4645123Z [ 46%] Building CXX object src/ompl/CMakeFiles/ompl.dir/geometric/planners/kpiece/src/KPIECE1.cpp.o
2025-09-22T22:05:50.7761536Z [ 46%] Building CXX object src/ompl/CMakeFiles/ompl.dir/geometric/planners/kpiece/src/LBKPIECE1.cpp.o
2025-09-22T22:05:53.9563151Z [ 46%] Building CXX object src/ompl/CMakeFiles/ompl.dir/geometric/planners/pdst/src/PDST.cpp.o
2025-09-22T22:05:54.2950056Z [ 47%] Building CXX object src/ompl/CMakeFiles/ompl.dir/geometric/planners/prm/src/LazyPRM.cpp.o
2025-09-22T22:05:55.5723066Z [ 47%] Building CXX object src/ompl/CMakeFiles/ompl.dir/geometric/planners/prm/src/LazyPRMstar.cpp.o
2025-09-22T22:05:57.0438512Z [ 47%] Building CXX object src/ompl/CMakeFiles/ompl.dir/geometric/planners/prm/src/PRM.cpp.o
2025-09-22T22:05:58.3312455Z [ 48%] Building CXX object src/ompl/CMakeFiles/ompl.dir/geometric/planners/prm/src/PRMstar.cpp.o
2025-09-22T22:05:59.5261704Z [ 48%] Building CXX object src/ompl/CMakeFiles/ompl.dir/geometric/planners/prm/src/SPARS.cpp.o
2025-09-22T22:06:02.2544501Z [ 48%] Building CXX object src/ompl/CMakeFiles/ompl.dir/geometric/planners/prm/src/SPARStwo.cpp.o
2025-09-22T22:06:05.5797595Z [ 49%] Building CXX object src/ompl/CMakeFiles/ompl.dir/geometric/planners/rlrt/src/BiRLRT.cpp.o
2025-09-22T22:06:08.5978590Z [ 49%] Building CXX object src/ompl/CMakeFiles/ompl.dir/geometric/planners/rlrt/src/RLRT.cpp.o
2025-09-22T22:06:09.6359752Z [ 49%] Building CXX object src/ompl/CMakeFiles/ompl.dir/geometric/planners/rrt/src/BiTRRT.cpp.o
2025-09-22T22:06:12.0209350Z [ 50%] Building CXX object src/ompl/CMakeFiles/ompl.dir/geometric/planners/rrt/src/InformedRRTstar.cpp.o
2025-09-22T22:06:12.5693487Z [ 50%] Building CXX object src/ompl/CMakeFiles/ompl.dir/geometric/planners/rrt/src/LBTRRT.cpp.o
2025-09-22T22:06:13.4219167Z [ 51%] Building CXX object src/ompl/CMakeFiles/ompl.dir/geometric/planners/rrt/src/LazyLBTRRT.cpp.o
2025-09-22T22:06:14.6496536Z [ 51%] Building CXX object src/ompl/CMakeFiles/ompl.dir/geometric/planners/rrt/src/LazyRRT.cpp.o
2025-09-22T22:06:16.2692969Z [ 51%] Building CXX object src/ompl/CMakeFiles/ompl.dir/geometric/planners/rrt/src/RRT.cpp.o
2025-09-22T22:06:21.1294281Z [ 52%] Building CXX object src/ompl/CMakeFiles/ompl.dir/geometric/planners/rrt/src/RRTConnect.cpp.o
2025-09-22T22:06:21.8386705Z [ 52%] Building CXX object src/ompl/CMakeFiles/ompl.dir/geometric/planners/rrt/src/RRTXstatic.cpp.o
2025-09-22T22:06:22.4591393Z [ 52%] Building CXX object src/ompl/CMakeFiles/ompl.dir/geometric/planners/rrt/src/RRTsharp.cpp.o
2025-09-22T22:06:22.9553850Z [ 53%] Building CXX object src/ompl/CMakeFiles/ompl.dir/geometric/planners/rrt/src/RRTstar.cpp.o
2025-09-22T22:06:25.1237845Z [ 53%] Building CXX object src/ompl/CMakeFiles/ompl.dir/geometric/planners/rrt/src/SORRTstar.cpp.o
2025-09-22T22:06:27.9102473Z [ 53%] Building CXX object src/ompl/CMakeFiles/ompl.dir/geometric/planners/rrt/src/STRRTstar.cpp.o
2025-09-22T22:06:27.9822449Z [ 54%] Building CXX object src/ompl/CMakeFiles/ompl.dir/geometric/planners/rrt/src/TRRT.cpp.o
2025-09-22T22:06:30.3694124Z [ 54%] Building CXX object src/ompl/CMakeFiles/ompl.dir/geometric/planners/rrt/src/TSRRT.cpp.o
2025-09-22T22:06:31.8648651Z [ 54%] Building CXX object src/ompl/CMakeFiles/ompl.dir/geometric/planners/rrt/src/VFRRT.cpp.o
2025-09-22T22:06:34.2183622Z [ 55%] Building CXX object src/ompl/CMakeFiles/ompl.dir/geometric/planners/rrt/src/pRRT.cpp.o
2025-09-22T22:06:34.5306817Z [ 55%] Building CXX object src/ompl/CMakeFiles/ompl.dir/geometric/planners/sbl/src/SBL.cpp.o
2025-09-22T22:06:35.3119625Z [ 55%] Building CXX object src/ompl/CMakeFiles/ompl.dir/geometric/planners/sbl/src/pSBL.cpp.o
2025-09-22T22:06:36.8968005Z [ 56%] Building CXX object src/ompl/CMakeFiles/ompl.dir/geometric/planners/sst/src/SST.cpp.o
2025-09-22T22:06:40.1621078Z [ 56%] Building CXX object src/ompl/CMakeFiles/ompl.dir/geometric/planners/stride/src/STRIDE.cpp.o
2025-09-22T22:06:40.9407992Z [ 56%] Building CXX object src/ompl/CMakeFiles/ompl.dir/geometric/planners/xxl/src/XXL.cpp.o
2025-09-22T22:06:41.6163766Z [ 57%] Building CXX object src/ompl/CMakeFiles/ompl.dir/geometric/planners/xxl/src/XXLPlanarDecomposition.cpp.o
2025-09-22T22:06:43.4931938Z [ 57%] Building CXX object src/ompl/CMakeFiles/ompl.dir/geometric/planners/xxl/src/XXLPositionDecomposition.cpp.o
2025-09-22T22:06:43.8431574Z [ 57%] Building CXX object src/ompl/CMakeFiles/ompl.dir/geometric/src/GeneticSearch.cpp.o
2025-09-22T22:06:44.9751400Z [ 58%] Building CXX object src/ompl/CMakeFiles/ompl.dir/geometric/src/HillClimbing.cpp.o
2025-09-22T22:06:46.8377415Z [ 58%] Building CXX object src/ompl/CMakeFiles/ompl.dir/geometric/src/PathGeometric.cpp.o
2025-09-22T22:06:47.0890304Z [ 58%] Building CXX object src/ompl/CMakeFiles/ompl.dir/geometric/src/PathHybridization.cpp.o
2025-09-22T22:06:47.4152261Z [ 59%] Building CXX object src/ompl/CMakeFiles/ompl.dir/geometric/src/PathSimplifier.cpp.o
2025-09-22T22:06:48.8076052Z [ 59%] Building CXX object src/ompl/CMakeFiles/ompl.dir/geometric/src/SimpleSetup.cpp.o
2025-09-22T22:06:50.6974681Z [ 59%] Building CXX object src/ompl/CMakeFiles/ompl.dir/multilevel/datastructures/graphsampler/src/GraphSampler.cpp.o
2025-09-22T22:06:52.2337400Z [ 60%] Building CXX object src/ompl/CMakeFiles/ompl.dir/multilevel/datastructures/graphsampler/src/RandomDegreeVertex.cpp.o
2025-09-22T22:06:52.4948498Z [ 60%] Building CXX object src/ompl/CMakeFiles/ompl.dir/multilevel/datastructures/graphsampler/src/RandomEdge.cpp.o
2025-09-22T22:06:52.9555768Z [ 60%] Building CXX object src/ompl/CMakeFiles/ompl.dir/multilevel/datastructures/graphsampler/src/RandomVertex.cpp.o
2025-09-22T22:06:55.0684231Z [ 61%] Building CXX object src/ompl/CMakeFiles/ompl.dir/multilevel/datastructures/importance/src/Exponential.cpp.o
2025-09-22T22:06:56.8657485Z [ 61%] Building CXX object src/ompl/CMakeFiles/ompl.dir/multilevel/datastructures/importance/src/Greedy.cpp.o
2025-09-22T22:06:57.1391453Z [ 61%] Building CXX object src/ompl/CMakeFiles/ompl.dir/multilevel/datastructures/importance/src/Uniform.cpp.o
2025-09-22T22:06:57.3372190Z [ 62%] Building CXX object src/ompl/CMakeFiles/ompl.dir/multilevel/datastructures/metrics/src/BundleSpaceMetric.cpp.o
2025-09-22T22:06:59.3269915Z [ 62%] Building CXX object src/ompl/CMakeFiles/ompl.dir/multilevel/datastructures/metrics/src/Geodesic.cpp.o
2025-09-22T22:07:01.1313736Z [ 62%] Building CXX object src/ompl/CMakeFiles/ompl.dir/multilevel/datastructures/pathrestriction/src/FindSection.cpp.o
2025-09-22T22:07:01.3830974Z [ 63%] Building CXX object src/ompl/CMakeFiles/ompl.dir/multilevel/datastructures/pathrestriction/src/FindSectionSideStep.cpp.o
2025-09-22T22:07:01.5622379Z [ 63%] Building CXX object src/ompl/CMakeFiles/ompl.dir/multilevel/datastructures/pathrestriction/src/Head.cpp.o
2025-09-22T22:07:03.6415182Z [ 63%] Building CXX object src/ompl/CMakeFiles/ompl.dir/multilevel/datastructures/pathrestriction/src/PathRestriction.cpp.o
2025-09-22T22:07:05.6534812Z [ 64%] Building CXX object src/ompl/CMakeFiles/ompl.dir/multilevel/datastructures/pathrestriction/src/PathSection.cpp.o
2025-09-22T22:07:05.8474828Z [ 64%] Building CXX object src/ompl/CMakeFiles/ompl.dir/multilevel/datastructures/projections/src/EmptySet.cpp.o
2025-09-22T22:07:05.9938440Z [ 64%] Building CXX object src/ompl/CMakeFiles/ompl.dir/multilevel/datastructures/projections/src/FiberedProjection.cpp.o
2025-09-22T22:07:08.3964446Z [ 65%] Building CXX object src/ompl/CMakeFiles/ompl.dir/multilevel/datastructures/projections/src/Identity.cpp.o
2025-09-22T22:07:08.4527743Z [ 65%] Building CXX object src/ompl/CMakeFiles/ompl.dir/multilevel/datastructures/projections/src/None.cpp.o
2025-09-22T22:07:08.6220572Z [ 65%] Building CXX object src/ompl/CMakeFiles/ompl.dir/multilevel/datastructures/projections/src/RNSO2_RN.cpp.o
2025-09-22T22:07:10.7544128Z [ 66%] Building CXX object src/ompl/CMakeFiles/ompl.dir/multilevel/datastructures/projections/src/RN_RM.cpp.o
2025-09-22T22:07:10.9390069Z [ 66%] Building CXX object src/ompl/CMakeFiles/ompl.dir/multilevel/datastructures/projections/src/Relaxation.cpp.o
2025-09-22T22:07:11.2139212Z [ 66%] Building CXX object src/ompl/CMakeFiles/ompl.dir/multilevel/datastructures/projections/src/SE2RN_R2.cpp.o
2025-09-22T22:07:11.2188465Z [ 67%] Building CXX object src/ompl/CMakeFiles/ompl.dir/multilevel/datastructures/projections/src/SE2_R2.cpp.o
2025-09-22T22:07:13.4524068Z [ 67%] Building CXX object src/ompl/CMakeFiles/ompl.dir/multilevel/datastructures/projections/src/SE3RN_R3.cpp.o
2025-09-22T22:07:13.7171942Z [ 67%] Building CXX object src/ompl/CMakeFiles/ompl.dir/multilevel/datastructures/projections/src/SE3_R3.cpp.o
2025-09-22T22:07:13.8325903Z [ 68%] Building CXX object src/ompl/CMakeFiles/ompl.dir/multilevel/datastructures/projections/src/SO2N_SO2M.cpp.o
2025-09-22T22:07:14.2144491Z [ 68%] Building CXX object src/ompl/CMakeFiles/ompl.dir/multilevel/datastructures/projections/src/XRN_X.cpp.o
2025-09-22T22:07:16.3407401Z [ 68%] Building CXX object src/ompl/CMakeFiles/ompl.dir/multilevel/datastructures/projections/src/XRN_XRM.cpp.o
2025-09-22T22:07:16.4457600Z [ 69%] Building CXX object src/ompl/CMakeFiles/ompl.dir/multilevel/datastructures/projections/src/XRN_XRM_SE2.cpp.o
2025-09-22T22:07:16.5040457Z [ 69%] Building CXX object src/ompl/CMakeFiles/ompl.dir/multilevel/datastructures/projections/src/XRN_XRM_SE3.cpp.o
2025-09-22T22:07:17.0480304Z [ 69%] Building CXX object src/ompl/CMakeFiles/ompl.dir/multilevel/datastructures/projections/src/XRN_XRM_SO2.cpp.o
2025-09-22T22:07:19.0132417Z [ 70%] Building CXX object src/ompl/CMakeFiles/ompl.dir/multilevel/datastructures/projections/src/XRN_XRM_SO3.cpp.o
2025-09-22T22:07:19.0724741Z [ 70%] Building CXX object src/ompl/CMakeFiles/ompl.dir/multilevel/datastructures/projections/src/XRN_X_SE2.cpp.o
2025-09-22T22:07:19.3014065Z [ 70%] Building CXX object src/ompl/CMakeFiles/ompl.dir/multilevel/datastructures/projections/src/XRN_X_SE3.cpp.o
2025-09-22T22:07:19.6472439Z [ 71%] Building CXX object src/ompl/CMakeFiles/ompl.dir/multilevel/datastructures/projections/src/XRN_X_SO2.cpp.o
2025-09-22T22:07:21.5464367Z [ 71%] Building CXX object src/ompl/CMakeFiles/ompl.dir/multilevel/datastructures/projections/src/XRN_X_SO3.cpp.o
2025-09-22T22:07:21.6265798Z [ 71%] Building CXX object src/ompl/CMakeFiles/ompl.dir/multilevel/datastructures/propagators/src/BundleSpacePropagator.cpp.o
2025-09-22T22:07:21.8546881Z [ 72%] Building CXX object src/ompl/CMakeFiles/ompl.dir/multilevel/datastructures/propagators/src/Geometric.cpp.o
2025-09-22T22:07:22.1763444Z [ 72%] Building CXX object src/ompl/CMakeFiles/ompl.dir/multilevel/datastructures/src/BundleSpace.cpp.o
2025-09-22T22:07:24.1141930Z [ 72%] Building CXX object src/ompl/CMakeFiles/ompl.dir/multilevel/datastructures/src/BundleSpaceGraph.cpp.o
2025-09-22T22:07:25.5713526Z [ 73%] Building CXX object src/ompl/CMakeFiles/ompl.dir/multilevel/datastructures/src/PlannerDataVertexAnnotated.cpp.o
2025-09-22T22:07:25.9062946Z [ 73%] Building CXX object src/ompl/CMakeFiles/ompl.dir/multilevel/datastructures/src/PlannerMultiLevel.cpp.o
2025-09-22T22:07:26.1402472Z [ 73%] Building CXX object src/ompl/CMakeFiles/ompl.dir/multilevel/datastructures/src/Projection.cpp.o
2025-09-22T22:07:28.0993486Z [ 74%] Building CXX object src/ompl/CMakeFiles/ompl.dir/multilevel/datastructures/src/ProjectionFactory.cpp.o
2025-09-22T22:07:29.0263346Z [ 74%] Building CXX object src/ompl/CMakeFiles/ompl.dir/multilevel/planners/qmp/src/QMPImpl.cpp.o
2025-09-22T22:07:29.0396784Z [ 74%] Building CXX object src/ompl/CMakeFiles/ompl.dir/multilevel/planners/qmp/src/QMPStarImpl.cpp.o
2025-09-22T22:07:32.8037917Z [ 75%] Building CXX object src/ompl/CMakeFiles/ompl.dir/multilevel/planners/qrrt/src/QRRTImpl.cpp.o
2025-09-22T22:07:33.5909125Z [ 75%] Building CXX object src/ompl/CMakeFiles/ompl.dir/multilevel/planners/qrrt/src/QRRTStarImpl.cpp.o
2025-09-22T22:07:33.6964362Z [ 76%] Building CXX object src/ompl/CMakeFiles/ompl.dir/tools/benchmark/src/Benchmark.cpp.o
2025-09-22T22:07:37.2349377Z [ 76%] Building CXX object src/ompl/CMakeFiles/ompl.dir/tools/benchmark/src/MachineSpecs.cpp.o
2025-09-22T22:07:37.8153595Z [ 76%] Building CXX object src/ompl/CMakeFiles/ompl.dir/tools/config/src/SelfConfig.cpp.o
2025-09-22T22:07:38.9563977Z [ 77%] Building CXX object src/ompl/CMakeFiles/ompl.dir/tools/debug/src/PlannerMonitor.cpp.o
2025-09-22T22:07:38.9919700Z [ 77%] Building CXX object src/ompl/CMakeFiles/ompl.dir/tools/debug/src/Profiler.cpp.o
2025-09-22T22:07:39.4214865Z [ 77%] Building CXX object src/ompl/CMakeFiles/ompl.dir/tools/experience/src/ExperienceSetup.cpp.o
2025-09-22T22:07:40.1331400Z [ 78%] Building CXX object src/ompl/CMakeFiles/ompl.dir/tools/lightning/src/DynamicTimeWarp.cpp.o
2025-09-22T22:07:41.6855338Z [ 78%] Building CXX object src/ompl/CMakeFiles/ompl.dir/tools/lightning/src/Lightning.cpp.o
2025-09-22T22:07:41.7129358Z [ 78%] Building CXX object src/ompl/CMakeFiles/ompl.dir/tools/lightning/src/LightningDB.cpp.o
2025-09-22T22:07:42.2348926Z [ 79%] Building CXX object src/ompl/CMakeFiles/ompl.dir/tools/multiplan/src/OptimizePlan.cpp.o
2025-09-22T22:07:42.6437381Z [ 79%] Building CXX object src/ompl/CMakeFiles/ompl.dir/tools/multiplan/src/ParallelPlan.cpp.o
2025-09-22T22:07:45.1652024Z [ 79%] Building CXX object src/ompl/CMakeFiles/ompl.dir/tools/thunder/src/SPARSdb.cpp.o
2025-09-22T22:07:46.8291954Z [ 80%] Building CXX object src/ompl/CMakeFiles/ompl.dir/tools/thunder/src/Thunder.cpp.o
2025-09-22T22:07:46.9805440Z [ 80%] Building CXX object src/ompl/CMakeFiles/ompl.dir/tools/thunder/src/ThunderDB.cpp.o
2025-09-22T22:07:47.6304155Z [ 80%] Building CXX object src/ompl/CMakeFiles/ompl.dir/util/src/Console.cpp.o
2025-09-22T22:07:48.1282357Z [ 81%] Building CXX object src/ompl/CMakeFiles/ompl.dir/util/src/GeometricEquations.cpp.o
2025-09-22T22:07:49.3312049Z [ 81%] Building CXX object src/ompl/CMakeFiles/ompl.dir/util/src/PPM.cpp.o
2025-09-22T22:07:49.8383556Z [ 81%] Building CXX object src/ompl/CMakeFiles/ompl.dir/util/src/ProlateHyperspheroid.cpp.o
2025-09-22T22:07:54.3261997Z [ 82%] Building CXX object src/ompl/CMakeFiles/ompl.dir/util/src/RandomNumbers.cpp.o
2025-09-22T22:07:54.5319867Z [ 82%] Building CXX object src/ompl/CMakeFiles/ompl.dir/util/src/String.cpp.o
2025-09-22T22:07:55.0852563Z [ 82%] Building CXX object src/ompl/CMakeFiles/ompl.dir/util/src/Time.cpp.o
2025-09-22T22:07:55.5611458Z [ 83%] Building CXX object src/ompl/CMakeFiles/ompl.dir/extensions/triangle/src/PropositionalTriangularDecomposition.cpp.o
2025-09-22T22:07:56.4684981Z [ 83%] Building CXX object src/ompl/CMakeFiles/ompl.dir/extensions/triangle/src/TriangularDecomposition.cpp.o
2025-09-22T22:07:58.0676004Z [ 83%] Linking CXX shared library libompl.so
2025-09-22T22:07:58.4267617Z [ 83%] Built target ompl
2025-09-22T22:07:58.4369471Z [ 84%] Building CXX object tests/CMakeFiles/test_heap.dir/datastructures/heap.cpp.o
2025-09-22T22:07:58.4371011Z [ 85%] Building CXX object tests/CMakeFiles/test_adjacency_list.dir/datastructures/adjacency_list.cpp.o
2025-09-22T22:07:58.4375333Z [ 86%] Building CXX object tests/CMakeFiles/test_grid.dir/datastructures/grid.cpp.o
2025-09-22T22:07:58.4376745Z [ 86%] Building CXX object tests/CMakeFiles/test_gridb.dir/datastructures/gridb.cpp.o
2025-09-22T22:08:00.5219723Z [ 86%] Linking CXX executable test_heap
2025-09-22T22:08:00.6057881Z [ 86%] Built target test_heap
2025-09-22T22:08:00.6134884Z [ 86%] Building CXX object tests/CMakeFiles/test_nearestneighbors.dir/datastructures/nearestneighbors.cpp.o
2025-09-22T22:08:02.2455918Z [ 86%] Linking CXX executable test_adjacency_list
2025-09-22T22:08:02.3502033Z [ 86%] Built target test_adjacency_list
2025-09-22T22:08:02.3561955Z [ 86%] Building CXX object tests/CMakeFiles/test_pdf.dir/datastructures/pdf.cpp.o
2025-09-22T22:08:03.6718454Z [ 87%] Linking CXX executable test_gridb
2025-09-22T22:08:03.7343453Z [ 87%] Linking CXX executable test_grid
2025-09-22T22:08:03.7583243Z [ 87%] Built target test_gridb
2025-09-22T22:08:03.7694053Z [ 88%] Building CXX object tests/CMakeFiles/test_random.dir/util/random/random.cpp.o
2025-09-22T22:08:03.8261730Z [ 88%] Built target test_grid
2025-09-22T22:08:03.8355595Z [ 88%] Building CXX object tests/CMakeFiles/test_halton_sampling.dir/base/halton_deterministic_sampling.cpp.o
2025-09-22T22:08:05.1132015Z [ 88%] Linking CXX executable test_pdf
2025-09-22T22:08:05.2214166Z [ 88%] Built target test_pdf
2025-09-22T22:08:05.2310808Z [ 88%] Building CXX object tests/CMakeFiles/test_state_operations.dir/base/state_operations.cpp.o
2025-09-22T22:08:07.0891799Z [ 88%] Linking CXX executable test_halton_sampling
2025-09-22T22:08:07.1935875Z [ 88%] Built target test_halton_sampling
2025-09-22T22:08:07.2042967Z [ 89%] Building CXX object tests/CMakeFiles/test_state_spaces.dir/base/state_spaces.cpp.o
2025-09-22T22:08:07.5578160Z [ 89%] Linking CXX executable test_random
2025-09-22T22:08:07.6682548Z [ 89%] Built target test_random
2025-09-22T22:08:07.6749345Z [ 89%] Building CXX object tests/CMakeFiles/test_state_storage.dir/base/state_storage.cpp.o
2025-09-22T22:08:09.1198830Z [ 90%] Linking CXX executable test_nearestneighbors
2025-09-22T22:08:09.2396314Z [ 90%] Built target test_nearestneighbors
2025-09-22T22:08:09.2503950Z [ 91%] Building CXX object tests/CMakeFiles/test_planner_data.dir/base/planner_data.cpp.o
2025-09-22T22:08:11.3963964Z [ 91%] Linking CXX executable test_state_operations
2025-09-22T22:08:11.5067946Z [ 91%] Built target test_state_operations
2025-09-22T22:08:11.5153715Z [ 91%] Building CXX object tests/CMakeFiles/test_ptc.dir/base/ptc.cpp.o
2025-09-22T22:08:12.5035079Z [ 92%] Linking CXX executable test_state_storage
2025-09-22T22:08:12.6113763Z [ 92%] Built target test_state_storage
2025-09-22T22:08:12.6199793Z [ 93%] Building CXX object tests/CMakeFiles/test_2dmap_geometric_simple.dir/geometric/2d/2dmap_simple.cpp.o
2025-09-22T22:08:15.9566603Z [ 93%] Linking CXX executable test_state_spaces
2025-09-22T22:08:16.0635622Z [ 93%] Built target test_state_spaces
2025-09-22T22:08:16.0721889Z [ 93%] Building CXX object tests/CMakeFiles/test_2dmap_ik.dir/geometric/2d/2dmap_ik.cpp.o
2025-09-22T22:08:16.3324015Z [ 93%] Linking CXX executable test_ptc
2025-09-22T22:08:16.4345451Z [ 93%] Built target test_ptc
2025-09-22T22:08:16.4459846Z [ 93%] Building CXX object tests/CMakeFiles/test_2dcircles_opt_geometric.dir/geometric/2d/2dcircles_optimize.cpp.o
2025-09-22T22:08:17.1595935Z [ 93%] Linking CXX executable test_planner_data
2025-09-22T22:08:17.2790538Z [ 93%] Built target test_planner_data
2025-09-22T22:08:17.2878116Z [ 93%] Building CXX object tests/CMakeFiles/test_2dpath_simplifying.dir/geometric/2d/2dpath_simplifying.cpp.o
2025-09-22T22:08:17.6303988Z [ 93%] Linking CXX executable test_2dmap_geometric_simple
2025-09-22T22:08:17.7284982Z [ 93%] Built target test_2dmap_geometric_simple
2025-09-22T22:08:17.7378102Z [ 93%] Building CXX object tests/CMakeFiles/test_constraint_sphere.dir/geometric/constraint/test_sphere.cpp.o
2025-09-22T22:08:20.9992175Z [ 94%] Linking CXX executable test_2dmap_ik
2025-09-22T22:08:21.1181693Z [ 94%] Built target test_2dmap_ik
2025-09-22T22:08:21.1256566Z [ 94%] Building CXX object tests/CMakeFiles/test_spacetime_STRRTstar.dir/geometric/spacetime/STRRTstar_test.cpp.o
2025-09-22T22:08:26.9254068Z [ 95%] Linking CXX executable test_spacetime_STRRTstar
2025-09-22T22:08:27.0042825Z [ 96%] Linking CXX executable test_constraint_sphere
2025-09-22T22:08:27.0046916Z [ 96%] Linking CXX executable test_2dpath_simplifying
2025-09-22T22:08:27.0274733Z [ 96%] Built target test_spacetime_STRRTstar
2025-09-22T22:08:27.0375690Z [ 96%] Building CXX object tests/CMakeFiles/test_2dmap_control.dir/control/2dmap/2dmap.cpp.o
2025-09-22T22:08:27.1154714Z [ 96%] Built target test_2dpath_simplifying
2025-09-22T22:08:27.1240351Z [ 96%] Building CXX object tests/CMakeFiles/test_planner_data_control.dir/control/planner_data.cpp.o
2025-09-22T22:08:27.1299091Z [ 96%] Built target test_constraint_sphere
2025-09-22T22:08:27.1385482Z [ 96%] Building CXX object tests/CMakeFiles/test_experience_planning.dir/tools/test_experience_planning.cpp.o
2025-09-22T22:08:28.1186372Z [ 97%] Linking CXX executable test_2dcircles_opt_geometric
2025-09-22T22:08:28.2243029Z [ 97%] Built target test_2dcircles_opt_geometric
2025-09-22T22:08:28.2315334Z [ 97%] Building CXX object tests/CMakeFiles/test_vamp_integration.dir/util/test_vamp_integration.cpp.o
2025-09-22T22:08:29.6852036Z In file included from /home/runner/work/ompl/ompl/external/vamp/src/impl/vamp/vector.hh:4,
2025-09-22T22:08:29.6853503Z                  from /home/runner/work/ompl/ompl/external/vamp/src/impl/vamp/robots/panda.hh:3,
2025-09-22T22:08:29.6873075Z                  from /home/runner/work/ompl/ompl/tests/util/test_vamp_integration.cpp:9:
2025-09-22T22:08:29.6932982Z /home/runner/work/ompl/ompl/external/vamp/src/impl/vamp/vector/interface.hh: In constructor ‘constexpr vamp::Vector<SimdT, num_rows, num_scalars_per_row>::Vector(const typename S::ScalarT*, bool)’:
2025-09-22T22:08:29.6935717Z /home/runner/work/ompl/ompl/external/vamp/src/impl/vamp/vector/interface.hh:839:28: warning: expected ‘template’ keyword before dependent template name [-Wmissing-template-keyword]
2025-09-22T22:08:29.6937195Z   839 |                 Interface::pack<false>(scalar_data);
2025-09-22T22:08:29.6937685Z       |                            ^~~~
2025-09-22T22:08:29.6938087Z       |                            template
2025-09-22T22:08:30.2463440Z In file included from /home/runner/work/ompl/ompl/external/vamp/src/impl/vamp/vector.hh:7:
2025-09-22T22:08:30.2466694Z /home/runner/work/ompl/ompl/external/vamp/src/impl/vamp/vector/avx.hh: At global scope:
2025-09-22T22:08:30.2469509Z /home/runner/work/ompl/ompl/external/vamp/src/impl/vamp/vector/avx.hh:15:30: warning: ignoring attributes on template argument ‘__m256i’ [-Wignored-attributes]
2025-09-22T22:08:30.2492720Z    15 |     struct SIMDVector<__m256i>
2025-09-22T22:08:30.2493551Z       |                              ^
2025-09-22T22:08:30.2495058Z /home/runner/work/ompl/ompl/external/vamp/src/impl/vamp/vector/avx.hh:231:29: warning: ignoring attributes on template argument ‘__m256’ [-Wignored-attributes]
2025-09-22T22:08:30.2496252Z   231 |     struct SIMDVector<__m256>
2025-09-22T22:08:30.2496661Z       |                             ^
2025-09-22T22:08:30.2498601Z /home/runner/work/ompl/ompl/external/vamp/src/impl/vamp/vector/avx.hh: In static member function ‘static constexpr vamp::SIMDVector<__vector(8) float>::VectorT vamp::SIMDVector<__vector(8) float>::sin(VectorT)’:
2025-09-22T22:08:30.2501260Z /home/runner/work/ompl/ompl/external/vamp/src/impl/vamp/vector/avx.hh:458:49: warning: ignoring attributes on template argument ‘__m256i’ [-Wignored-attributes]
2025-09-22T22:08:30.2502609Z   458 |             using IntVector = SIMDVector<__m256i>;
2025-09-22T22:08:30.2503058Z       |                                                 ^
2025-09-22T22:08:30.2505112Z /home/runner/work/ompl/ompl/external/vamp/src/impl/vamp/vector/avx.hh: In static member function ‘static constexpr vamp::SIMDVector<__vector(8) float>::VectorT vamp::SIMDVector<__vector(8) float>::log(VectorT)’:
2025-09-22T22:08:30.2507488Z /home/runner/work/ompl/ompl/external/vamp/src/impl/vamp/vector/avx.hh:555:49: warning: ignoring attributes on template argument ‘__m256i’ [-Wignored-attributes]
2025-09-22T22:08:30.2508640Z   555 |             using IntVector = SIMDVector<__m256i>;
2025-09-22T22:08:30.2509098Z       |                                                 ^
2025-09-22T22:08:30.2509789Z /home/runner/work/ompl/ompl/external/vamp/src/impl/vamp/vector.hh: At global scope:
2025-09-22T22:08:30.2511930Z /home/runner/work/ompl/ompl/external/vamp/src/impl/vamp/vector.hh:24:74: warning: ignoring attributes on template argument ‘vamp::SimdFloatT’ {aka ‘__m256’} [-Wignored-attributes]
2025-09-22T22:08:30.2513507Z    24 |     static constexpr std::size_t FloatVectorWidth = SIMDVector<SimdFloatT>::VectorWidth;
2025-09-22T22:08:30.2514205Z       |                                                                          ^
2025-09-22T22:08:30.2515942Z /home/runner/work/ompl/ompl/external/vamp/src/impl/vamp/vector.hh:28:53: warning: ignoring attributes on template argument ‘vamp::SimdFloatT’ {aka ‘__m256’} [-Wignored-attributes]
2025-09-22T22:08:30.2517538Z    28 |     using FloatVector = Vector<SIMDVector<SimdFloatT>, num_rows, scalars_per_row>;
2025-09-22T22:08:30.2518209Z       |                                                     ^
2025-09-22T22:08:30.2519922Z /home/runner/work/ompl/ompl/external/vamp/src/impl/vamp/vector.hh:31:49: warning: ignoring attributes on template argument ‘vamp::SimdIntT’ {aka ‘__m256i’} [-Wignored-attributes]
2025-09-22T22:08:30.2522059Z    31 |     using IntVector = Vector<SIMDVector<SimdIntT>, num_rows, scalars_per_row>;
2025-09-22T22:08:30.2522963Z       |                                                 ^
2025-09-22T22:08:31.0445460Z In file included from /home/runner/work/ompl/ompl/external/vamp/src/impl/vamp/collision/environment.hh:9,
2025-09-22T22:08:31.0446644Z                  from /home/runner/work/ompl/ompl/external/vamp/src/impl/vamp/robots/panda.hh:5:
2025-09-22T22:08:31.0449537Z /home/runner/work/ompl/ompl/external/vamp/src/impl/vamp/collision/capt.hh:94:12: warning: ‘vamp::collision::CAPT’ has a field ‘std::vector<float, vamp::collision::{anonymous}::AlignedAllocator<float> > vamp::collision::CAPT::tests’ whose type has internal linkage [-Wsubobject-linkage]
2025-09-22T22:08:31.0451724Z    94 |     struct CAPT
2025-09-22T22:08:31.0452055Z       |            ^~~~
2025-09-22T22:08:31.0454514Z /home/runner/work/ompl/ompl/external/vamp/src/impl/vamp/collision/capt.hh:94:12: warning: ‘vamp::collision::CAPT’ has a field ‘std::vector<unsigned int, vamp::collision::{anonymous}::AlignedAllocator<unsigned int> > vamp::collision::CAPT::aff_starts’ whose type has internal linkage [-Wsubobject-linkage]
2025-09-22T22:08:31.0485767Z /home/runner/work/ompl/ompl/external/vamp/src/impl/vamp/vector/interface.hh: In instantiation of ‘struct vamp::VectorSignature<vamp::SIMDVector<__vector(8) float>, 1, 8>’:
2025-09-22T22:08:31.0488793Z /home/runner/work/ompl/ompl/external/vamp/src/impl/vamp/vector/interface.hh:55:15:   required from ‘struct vamp::VectorInterface<vamp::Vector<vamp::SIMDVector<__vector(8) float>, 1, 8>, vamp::VectorSignature<vamp::SIMDVector<__vector(8) float>, 1, 8> >’
2025-09-22T22:08:31.0504890Z /home/runner/work/ompl/ompl/external/vamp/src/impl/vamp/vector/interface.hh:808:12:   required from ‘struct vamp::Vector<vamp::SIMDVector<__vector(8) float>, 1, 8>’
2025-09-22T22:08:31.0506523Z /home/runner/work/ompl/ompl/external/vamp/src/impl/vamp/collision/capt.hh:175:47:   required from here
2025-09-22T22:08:31.0508936Z /home/runner/work/ompl/ompl/external/vamp/src/impl/vamp/vector/interface.hh:48:15: warning: ignoring attributes on template argument ‘vamp::SIMDVector<__vector(8) float>::VectorT’ {aka ‘__m256’} [-Wignored-attributes]
2025-09-22T22:08:31.0510805Z    48 |         using DataT = std::array<typename S::VectorT, num_vectors>;
2025-09-22T22:08:31.0511341Z       |               ^~~~~
2025-09-22T22:08:31.0629466Z /home/runner/work/ompl/ompl/external/vamp/src/impl/vamp/collision/capt.hh: In member function ‘bool vamp::collision::CAPT::collides_simd(const std::array<vamp::Vector<vamp::SIMDVector<__vector(8) float>, 1, 8>, 3>&, FVectorT) const’:
2025-09-22T22:08:31.0632380Z /home/runner/work/ompl/ompl/external/vamp/src/impl/vamp/collision/capt.hh:461:36: warning: suggest parentheses around comparison in operand of ‘&’ [-Wparentheses]
2025-09-22T22:08:31.0633869Z   461 |                 centers[0] + radii >= aabb_top.lower[0] & (centers[0] - radii <= aabb_top.upper[0]);
2025-09-22T22:08:31.0641723Z /home/runner/work/ompl/ompl/external/vamp/src/impl/vamp/vector/interface.hh: In instantiation of ‘struct vamp::VectorSignature<vamp::SIMDVector<__vector(4) long long int>, 1, 8>’:
2025-09-22T22:08:31.0644897Z /home/runner/work/ompl/ompl/external/vamp/src/impl/vamp/vector/interface.hh:55:15:   required from ‘struct vamp::VectorInterface<vamp::Vector<vamp::SIMDVector<__vector(4) long long int>, 1, 8>, vamp::VectorSignature<vamp::SIMDVector<__vector(4) long long int>, 1, 8> >’
2025-09-22T22:08:31.0647758Z /home/runner/work/ompl/ompl/external/vamp/src/impl/vamp/vector/interface.hh:808:12:   required from ‘struct vamp::Vector<vamp::SIMDVector<__vector(4) long long int>, 1, 8>’
2025-09-22T22:08:31.0649405Z /home/runner/work/ompl/ompl/external/vamp/src/impl/vamp/collision/capt.hh:476:67:   required from here
2025-09-22T22:08:31.0651957Z /home/runner/work/ompl/ompl/external/vamp/src/impl/vamp/vector/interface.hh:48:15: warning: ignoring attributes on template argument ‘vamp::SIMDVector<__vector(4) long long int>::VectorT’ {aka ‘__m256i’} [-Wignored-attributes]
2025-09-22T22:08:31.0654045Z    48 |         using DataT = std::array<typename S::VectorT, num_vectors>;
2025-09-22T22:08:31.0654790Z       |               ^~~~~
2025-09-22T22:08:31.0736542Z /home/runner/work/ompl/ompl/external/vamp/src/impl/vamp/vector/avx.hh: In instantiation of ‘static constexpr OtherVectorT vamp::SIMDVector<__vector(8) float>::as(VectorT) [with OtherVectorT = __vector(4) long long int; VectorT = __m256]’:
2025-09-22T22:08:31.0741311Z /home/runner/work/ompl/ompl/external/vamp/src/impl/vamp/vector/interface.hh:655:77:   required from ‘constexpr OtherT vamp::VectorInterface<DerivedT, Sig>::as() const [with OtherT = vamp::Vector<vamp::SIMDVector<__vector(4) long long int>, 1, 8>; typename std::enable_if<(! is_same_v<OtherT, DerivedT>), bool>::type <anonymous> = true; DerivedT = vamp::Vector<vamp::SIMDVector<__vector(8) float>, 1, 8>; Sig = vamp::VectorSignature<vamp::SIMDVector<__vector(8) float>, 1, 8>]’
2025-09-22T22:08:31.0744578Z /home/runner/work/ompl/ompl/external/vamp/src/impl/vamp/collision/capt.hh:518:61:   required from here
2025-09-22T22:08:31.0746583Z /home/runner/work/ompl/ompl/external/vamp/src/impl/vamp/vector/avx.hh:658:32: warning: ignoring attributes on template argument ‘__m256i’ [-Wignored-attributes]
2025-09-22T22:08:31.0747816Z   658 |             if constexpr (std::is_same_v<OtherVectorT, __m256i>)
2025-09-22T22:08:31.0748250Z       |                           ~~~~~^~~~~~~~~~~~~~~~~~~~~~~~~~~~~~~~
2025-09-22T22:08:31.1121008Z /home/runner/work/ompl/ompl/external/vamp/src/impl/vamp/robots/panda.hh: At global scope:
2025-09-22T22:08:31.1123198Z /home/runner/work/ompl/ompl/external/vamp/src/impl/vamp/robots/panda.hh:13:39: warning: ISO C++ forbids converting a string constant to ‘char*’ [-Wwrite-strings]
2025-09-22T22:08:31.1124419Z    13 |         static constexpr char *name = "panda";
2025-09-22T22:08:31.1124894Z       |                                       ^~~~~~~
2025-09-22T22:08:31.1134907Z /home/runner/work/ompl/ompl/external/vamp/src/impl/vamp/robots/panda.hh:28:47: warning: ISO C++ forbids converting a string constant to ‘char*’ [-Wwrite-strings]
2025-09-22T22:08:31.1136252Z    28 |         static constexpr char *end_effector = "panda_grasptarget";
2025-09-22T22:08:31.1136858Z       |                                               ^~~~~~~~~~~~~~~~~~~
2025-09-22T22:08:31.1138671Z /home/runner/work/ompl/ompl/external/vamp/src/impl/vamp/vector/interface.hh: In instantiation of ‘struct vamp::VectorSignature<vamp::SIMDVector<__vector(8) float>, 1, 7>’:
2025-09-22T22:08:31.1142684Z /home/runner/work/ompl/ompl/external/vamp/src/impl/vamp/vector/interface.hh:55:15:   required from ‘struct vamp::VectorInterface<vamp::Vector<vamp::SIMDVector<__vector(8) float>, 1, 7>, vamp::VectorSignature<vamp::SIMDVector<__vector(8) float>, 1, 7> >’
2025-09-22T22:08:31.1145418Z /home/runner/work/ompl/ompl/external/vamp/src/impl/vamp/vector/interface.hh:808:12:   required from ‘struct vamp::Vector<vamp::SIMDVector<__vector(8) float>, 1, 7>’
2025-09-22T22:08:31.1146976Z /home/runner/work/ompl/ompl/external/vamp/src/impl/vamp/robots/panda.hh:34:44:   required from here
2025-09-22T22:08:31.1149283Z /home/runner/work/ompl/ompl/external/vamp/src/impl/vamp/vector/interface.hh:48:15: warning: ignoring attributes on template argument ‘vamp::SIMDVector<__vector(8) float>::VectorT’ {aka ‘__m256’} [-Wignored-attributes]
2025-09-22T22:08:31.1151150Z    48 |         using DataT = std::array<typename S::VectorT, num_vectors>;
2025-09-22T22:08:31.1151748Z       |               ^~~~~
2025-09-22T22:08:31.5460571Z /home/runner/work/ompl/ompl/tests/util/test_vamp_integration.cpp: In member function ‘void VampStateConversionPandaTest::test_method()’:
2025-09-22T22:08:31.5462806Z /home/runner/work/ompl/ompl/tests/util/test_vamp_integration.cpp:60:14: warning: variable ‘vampConfig’ set but not used [-Wunused-but-set-variable]
2025-09-22T22:08:31.5464101Z    60 |         auto vampConfig = vamp_ompl::conversion::ompl_to_vamp<Robot>(omplState.get());
2025-09-22T22:08:31.5464725Z       |              ^~~~~~~~~~
2025-09-22T22:08:31.5554983Z /home/runner/work/ompl/ompl/tests/util/test_vamp_integration.cpp: In member function ‘void VampStateConversionPrecisionTest::test_method()’:
2025-09-22T22:08:31.5557278Z /home/runner/work/ompl/ompl/tests/util/test_vamp_integration.cpp:131:14: warning: variable ‘vampConfig’ set but not used [-Wunused-but-set-variable]
2025-09-22T22:08:31.5558708Z   131 |         auto vampConfig = vamp_ompl::conversion::ompl_to_vamp<Robot>(omplState.get());
2025-09-22T22:08:31.5591296Z       |              ^~~~~~~~~~
2025-09-22T22:08:32.8556188Z /home/runner/work/ompl/ompl/tests/tools/test_experience_planning.cpp: In static member function ‘static void ExperienceBasedPlannerTest<ExpPlannerT, PlannerT, ReplannerT>::runTest() [with ExpPlannerT = ompl::tools::Lightning; PlannerT = void; ReplannerT = void]’:
2025-09-22T22:08:32.8560508Z /home/runner/work/ompl/ompl/tests/tools/test_experience_planning.cpp:104:16: warning: ignoring return value of ‘int mkstemp(char*)’ declared with attribute ‘warn_unused_result’ [-Wunused-result]
2025-09-22T22:08:32.8563428Z   104 |         mkstemp(const_cast<char*>(temp_path.c_str()));
2025-09-22T22:08:32.8564641Z       |         ~~~~~~~^~~~~~~~~~~~~~~~~~~~~~~~~~~~~~~~~~~~~~
2025-09-22T22:08:32.8834038Z /home/runner/work/ompl/ompl/tests/tools/test_experience_planning.cpp: In static member function ‘static void ExperienceBasedPlannerTest<ExpPlannerT, PlannerT, ReplannerT>::runTest() [with ExpPlannerT = ompl::tools::Lightning; PlannerT = ompl::geometric::RRTConnect; ReplannerT = ompl::geometric::RRTConnect]’:
2025-09-22T22:08:32.8838390Z /home/runner/work/ompl/ompl/tests/tools/test_experience_planning.cpp:104:16: warning: ignoring return value of ‘int mkstemp(char*)’ declared with attribute ‘warn_unused_result’ [-Wunused-result]
2025-09-22T22:08:32.8844192Z /home/runner/work/ompl/ompl/tests/tools/test_experience_planning.cpp: In static member function ‘static void ExperienceBasedPlannerTest<ExpPlannerT, PlannerT, ReplannerT>::runTest() [with ExpPlannerT = ompl::tools::Lightning; PlannerT = ompl::geometric::KPIECE1; ReplannerT = ompl::geometric::KPIECE1]’:
2025-09-22T22:08:32.8847603Z /home/runner/work/ompl/ompl/tests/tools/test_experience_planning.cpp:104:16: warning: ignoring return value of ‘int mkstemp(char*)’ declared with attribute ‘warn_unused_result’ [-Wunused-result]
2025-09-22T22:08:32.8876273Z /home/runner/work/ompl/ompl/tests/tools/test_experience_planning.cpp: In static member function ‘static void ExperienceBasedPlannerTest<ExpPlannerT, PlannerT, ReplannerT>::runTest() [with ExpPlannerT = ompl::tools::Lightning; PlannerT = ompl::geometric::KPIECE1; ReplannerT = ompl::geometric::RRTConnect]’:
2025-09-22T22:08:32.8879793Z /home/runner/work/ompl/ompl/tests/tools/test_experience_planning.cpp:104:16: warning: ignoring return value of ‘int mkstemp(char*)’ declared with attribute ‘warn_unused_result’ [-Wunused-result]
2025-09-22T22:08:32.8898716Z /home/runner/work/ompl/ompl/tests/tools/test_experience_planning.cpp: In static member function ‘static void ExperienceBasedPlannerTest<ExpPlannerT, PlannerT, ReplannerT>::runTest() [with ExpPlannerT = ompl::tools::Lightning; PlannerT = ompl::geometric::RRTConnect; ReplannerT = ompl::geometric::KPIECE1]’:
2025-09-22T22:08:32.8902374Z /home/runner/work/ompl/ompl/tests/tools/test_experience_planning.cpp:104:16: warning: ignoring return value of ‘int mkstemp(char*)’ declared with attribute ‘warn_unused_result’ [-Wunused-result]
2025-09-22T22:08:33.9433709Z [ 98%] Linking CXX executable test_vamp_integration
2025-09-22T22:08:34.0480375Z [ 98%] Built target test_vamp_integration
2025-09-22T22:08:34.0560337Z [ 99%] Building CXX object tests/regression_tests/CMakeFiles/regression_test.dir/RegressionTest.cpp.o
2025-09-22T22:08:35.4814096Z [100%] Linking CXX executable test_planner_data_control
2025-09-22T22:08:35.5039492Z [100%] Linking CXX executable test_experience_planning
2025-09-22T22:08:35.6217958Z [100%] Built target test_experience_planning
2025-09-22T22:08:35.6268102Z [100%] Built target test_planner_data_control
2025-09-22T22:08:36.2342390Z [100%] Linking CXX executable test_2dmap_control
2025-09-22T22:08:36.3088706Z [100%] Built target test_2dmap_control
2025-09-22T22:08:36.9424873Z In file included from /home/runner/work/ompl/ompl/src/ompl/datastructures/GridN.h:40,
2025-09-22T22:08:36.9425842Z                  from /home/runner/work/ompl/ompl/src/ompl/datastructures/GridB.h:40,
2025-09-22T22:08:36.9426447Z                  from /home/runner/work/ompl/ompl/src/ompl/geometric/planners/kpiece/Discretization.h:41,
2025-09-22T22:08:36.9427043Z                  from /home/runner/work/ompl/ompl/src/ompl/geometric/planners/kpiece/LBKPIECE1.h:41,
2025-09-22T22:08:36.9427605Z                  from /home/runner/work/ompl/ompl/tests/regression_tests/RegressionTest.cpp:56:
2025-09-22T22:08:36.9429637Z /home/runner/work/ompl/ompl/src/ompl/datastructures/GridB.h: In instantiation of ‘class ompl::GridB<ompl::geometric::Discretization<ompl::geometric::LBKPIECE1::Motion>::CellData*, ompl::geometric::Discretization<ompl::geometric::LBKPIECE1::Motion>::OrderCellsByImportance, ompl::geometric::Discretization<ompl::geometric::LBKPIECE1::Motion>::OrderCellsByImportance>’:
2025-09-22T22:08:36.9431882Z /home/runner/work/ompl/ompl/src/ompl/geometric/planners/kpiece/Discretization.h:107:19:   required from ‘class ompl::geometric::Discretization<ompl::geometric::LBKPIECE1::Motion>’
2025-09-22T22:08:36.9432892Z /home/runner/work/ompl/ompl/src/ompl/geometric/planners/kpiece/LBKPIECE1.h:215:36:   required from here
2025-09-22T22:08:36.9434168Z /home/runner/work/ompl/ompl/src/ompl/datastructures/Grid.h:246:22: warning: ‘void ompl::Grid<_T>::add(Cell*) [with _T = ompl::geometric::Discretization<ompl::geometric::LBKPIECE1::Motion>::CellData*]’ was hidden [-Woverloaded-virtual=]
2025-09-22T22:08:36.9435037Z   246 |         virtual void add(Cell *cell)
2025-09-22T22:08:36.9435274Z       |                      ^~~
2025-09-22T22:08:36.9437454Z /home/runner/work/ompl/ompl/src/ompl/datastructures/GridB.h:211:22: note:   by ‘void ompl::GridB<_T, LessThanExternal, LessThanInternal>::add(Cell*) [with _T = ompl::geometric::Discretization<ompl::geometric::LBKPIECE1::Motion>::CellData*; LessThanExternal = ompl::geometric::Discretization<ompl::geometric::LBKPIECE1::Motion>::OrderCellsByImportance; LessThanInternal = ompl::geometric::Discretization<ompl::geometric::LBKPIECE1::Motion>::OrderCellsByImportance; Cell = ompl::GridN<ompl::geometric::Discretization<ompl::geometric::LBKPIECE1::Motion>::CellData*>::Cell]’
2025-09-22T22:08:36.9439300Z   211 |         virtual void add(Cell *cell)
2025-09-22T22:08:36.9439542Z       |                      ^~~
2025-09-22T22:08:36.9544489Z /home/runner/work/ompl/ompl/src/ompl/datastructures/GridB.h: In instantiation of ‘class ompl::GridB<ompl::geometric::Discretization<ompl::geometric::BKPIECE1::Motion>::CellData*, ompl::geometric::Discretization<ompl::geometric::BKPIECE1::Motion>::OrderCellsByImportance, ompl::geometric::Discretization<ompl::geometric::BKPIECE1::Motion>::OrderCellsByImportance>’:
2025-09-22T22:08:36.9546970Z /home/runner/work/ompl/ompl/src/ompl/geometric/planners/kpiece/Discretization.h:107:19:   required from ‘class ompl::geometric::Discretization<ompl::geometric::BKPIECE1::Motion>’
2025-09-22T22:08:36.9548237Z /home/runner/work/ompl/ompl/src/ompl/geometric/planners/kpiece/BKPIECE1.h:210:36:   required from here
2025-09-22T22:08:36.9549793Z /home/runner/work/ompl/ompl/src/ompl/datastructures/Grid.h:246:22: warning: ‘void ompl::Grid<_T>::add(Cell*) [with _T = ompl::geometric::Discretization<ompl::geometric::BKPIECE1::Motion>::CellData*]’ was hidden [-Woverloaded-virtual=]
2025-09-22T22:08:36.9551024Z   246 |         virtual void add(Cell *cell)
2025-09-22T22:08:36.9551314Z       |                      ^~~
2025-09-22T22:08:36.9554301Z /home/runner/work/ompl/ompl/src/ompl/datastructures/GridB.h:211:22: note:   by ‘void ompl::GridB<_T, LessThanExternal, LessThanInternal>::add(Cell*) [with _T = ompl::geometric::Discretization<ompl::geometric::BKPIECE1::Motion>::CellData*; LessThanExternal = ompl::geometric::Discretization<ompl::geometric::BKPIECE1::Motion>::OrderCellsByImportance; LessThanInternal = ompl::geometric::Discretization<ompl::geometric::BKPIECE1::Motion>::OrderCellsByImportance; Cell = ompl::GridN<ompl::geometric::Discretization<ompl::geometric::BKPIECE1::Motion>::CellData*>::Cell]’
2025-09-22T22:08:36.9556274Z   211 |         virtual void add(Cell *cell)
2025-09-22T22:08:36.9556500Z       |                      ^~~
2025-09-22T22:08:36.9641505Z /home/runner/work/ompl/ompl/src/ompl/datastructures/GridB.h: In instantiation of ‘class ompl::GridB<ompl::geometric::Discretization<ompl::geometric::KPIECE1::Motion>::CellData*, ompl::geometric::Discretization<ompl::geometric::KPIECE1::Motion>::OrderCellsByImportance, ompl::geometric::Discretization<ompl::geometric::KPIECE1::Motion>::OrderCellsByImportance>’:
2025-09-22T22:08:36.9643944Z /home/runner/work/ompl/ompl/src/ompl/geometric/planners/kpiece/Discretization.h:107:19:   required from ‘class ompl::geometric::Discretization<ompl::geometric::KPIECE1::Motion>’
2025-09-22T22:08:36.9645112Z /home/runner/work/ompl/ompl/src/ompl/geometric/planners/kpiece/KPIECE1.h:222:36:   required from here
2025-09-22T22:08:36.9646393Z /home/runner/work/ompl/ompl/src/ompl/datastructures/Grid.h:246:22: warning: ‘void ompl::Grid<_T>::add(Cell*) [with _T = ompl::geometric::Discretization<ompl::geometric::KPIECE1::Motion>::CellData*]’ was hidden [-Woverloaded-virtual=]
2025-09-22T22:08:36.9647245Z   246 |         virtual void add(Cell *cell)
2025-09-22T22:08:36.9647483Z       |                      ^~~
2025-09-22T22:08:36.9649707Z /home/runner/work/ompl/ompl/src/ompl/datastructures/GridB.h:211:22: note:   by ‘void ompl::GridB<_T, LessThanExternal, LessThanInternal>::add(Cell*) [with _T = ompl::geometric::Discretization<ompl::geometric::KPIECE1::Motion>::CellData*; LessThanExternal = ompl::geometric::Discretization<ompl::geometric::KPIECE1::Motion>::OrderCellsByImportance; LessThanInternal = ompl::geometric::Discretization<ompl::geometric::KPIECE1::Motion>::OrderCellsByImportance; Cell = ompl::GridN<ompl::geometric::Discretization<ompl::geometric::KPIECE1::Motion>::CellData*>::Cell]’
2025-09-22T22:08:36.9651708Z   211 |         virtual void add(Cell *cell)
2025-09-22T22:08:36.9651940Z       |                      ^~~
2025-09-22T22:08:40.6301309Z [100%] Linking CXX executable regression_test
2025-09-22T22:08:40.7005152Z [100%] Built target regression_test
2025-09-22T22:08:40.7065672Z ##[endgroup]
2025-09-22T22:08:40.7066055Z ##[group]Installing Build
2025-09-22T22:08:40.7079215Z [command]/usr/local/bin/cmake --install /home/runner/work/ompl/build
2025-09-22T22:08:40.7106615Z -- Install configuration: "Release"
2025-09-22T22:08:40.7108536Z -- Installing: /home/runner/work/ompl/install/lib/pkgconfig/ompl.pc
2025-09-22T22:08:40.7111843Z -- Installing: /home/runner/work/ompl/install/share/ompl/cmake/omplConfig.cmake
2025-09-22T22:08:40.7113366Z -- Installing: /home/runner/work/ompl/install/share/ompl/cmake/omplConfigVersion.cmake
2025-09-22T22:08:40.7115481Z -- Up-to-date: /home/runner/work/ompl/install/share/ompl/cmake
2025-09-22T22:08:40.7116685Z -- Installing: /home/runner/work/ompl/install/share/ompl/cmake/Findcastxml.cmake
2025-09-22T22:08:40.7117900Z -- Installing: /home/runner/work/ompl/install/share/ompl/cmake/Findyaml-cpp.cmake
2025-09-22T22:08:40.7119865Z -- Installing: /home/runner/work/ompl/install/share/ompl/cmake/Findspot.cmake
2025-09-22T22:08:40.7121707Z -- Installing: /home/runner/work/ompl/install/share/ompl/cmake/Findpypy.cmake
2025-09-22T22:08:40.7123522Z -- Installing: /home/runner/work/ompl/install/share/ompl/cmake/FindPython.cmake
2025-09-22T22:08:40.7125253Z -- Installing: /home/runner/work/ompl/install/share/ompl/cmake/FindTriangle.cmake
2025-09-22T22:08:40.7127680Z -- Installing: /home/runner/work/ompl/install/lib/libompl.so.2.0.0-beta
2025-09-22T22:08:40.7248466Z -- Installing: /home/runner/work/ompl/install/lib/libompl.so.19
2025-09-22T22:08:40.7251118Z -- Set non-toolchain portion of runtime path of "/home/runner/work/ompl/install/lib/libompl.so.2.0.0-beta" to "/home/runner/work/ompl/install/lib"
2025-09-22T22:08:40.7252209Z -- Installing: /home/runner/work/ompl/install/lib/libompl.so
2025-09-22T22:08:40.7253923Z -- Installing: /home/runner/work/ompl/install/share/ompl/cmake/omplExport.cmake
2025-09-22T22:08:40.7255940Z -- Installing: /home/runner/work/ompl/install/share/ompl/cmake/omplExport-release.cmake
2025-09-22T22:08:40.7257733Z -- Installing: /home/runner/work/ompl/install/share/ompl/package.xml
2025-09-22T22:08:40.7260987Z -- Installing: /home/runner/work/ompl/install/share/ament_index/resource_index/packages/ompl
2025-09-22T22:08:40.7264260Z -- Installing: /home/runner/work/ompl/install/include/ompl-2.0/ompl
2025-09-22T22:08:40.7266179Z -- Installing: /home/runner/work/ompl/install/include/ompl-2.0/ompl/extensions
2025-09-22T22:08:40.7267332Z -- Installing: /home/runner/work/ompl/install/include/ompl-2.0/ompl/extensions/triangle
2025-09-22T22:08:40.7268931Z -- Installing: /home/runner/work/ompl/install/include/ompl-2.0/ompl/extensions/triangle/PropositionalTriangularDecomposition.h
2025-09-22T22:08:40.7270931Z -- Installing: /home/runner/work/ompl/install/include/ompl-2.0/ompl/extensions/triangle/TriangularDecomposition.h
2025-09-22T22:08:40.7272736Z -- Installing: /home/runner/work/ompl/install/include/ompl-2.0/ompl/base
2025-09-22T22:08:40.7274058Z -- Installing: /home/runner/work/ompl/install/include/ompl-2.0/ompl/base/StateStorage.h
2025-09-22T22:08:40.7276097Z -- Installing: /home/runner/work/ompl/install/include/ompl-2.0/ompl/base/objectives
2025-09-22T22:08:40.7277365Z -- Installing: /home/runner/work/ompl/install/include/ompl-2.0/ompl/base/objectives/MinimaxObjective.h
2025-09-22T22:08:40.7279557Z -- Installing: /home/runner/work/ompl/install/include/ompl-2.0/ompl/base/objectives/VFMechanicalWorkOptimizationObjective.h
2025-09-22T22:08:40.7281254Z -- Installing: /home/runner/work/ompl/install/include/ompl-2.0/ompl/base/objectives/StateCostIntegralObjective.h
2025-09-22T22:08:40.7283229Z -- Installing: /home/runner/work/ompl/install/include/ompl-2.0/ompl/base/objectives/MechanicalWorkOptimizationObjective.h
2025-09-22T22:08:40.7284910Z -- Installing: /home/runner/work/ompl/install/include/ompl-2.0/ompl/base/objectives/PathLengthOptimizationObjective.h
2025-09-22T22:08:40.7286542Z -- Installing: /home/runner/work/ompl/install/include/ompl-2.0/ompl/base/objectives/MinimizeArrivalTime.h
2025-09-22T22:08:40.7288554Z -- Installing: /home/runner/work/ompl/install/include/ompl-2.0/ompl/base/objectives/MaximizeMinClearanceObjective.h
2025-09-22T22:08:40.7290258Z -- Installing: /home/runner/work/ompl/install/include/ompl-2.0/ompl/base/objectives/VFUpstreamCriterionOptimizationObjective.h
2025-09-22T22:08:40.7292195Z -- Installing: /home/runner/work/ompl/install/include/ompl-2.0/ompl/base/objectives/ControlDurationObjective.h
2025-09-22T22:08:40.7293699Z -- Installing: /home/runner/work/ompl/install/include/ompl-2.0/ompl/base/spaces
2025-09-22T22:08:40.7295159Z -- Installing: /home/runner/work/ompl/install/include/ompl-2.0/ompl/base/spaces/VanaStateSpace.h
2025-09-22T22:08:40.7297235Z -- Installing: /home/runner/work/ompl/install/include/ompl-2.0/ompl/base/spaces/SpaceTimeStateSpace.h
2025-09-22T22:08:40.7298952Z -- Installing: /home/runner/work/ompl/install/include/ompl-2.0/ompl/base/spaces/RealVectorStateProjections.h
2025-09-22T22:08:40.7301099Z -- Installing: /home/runner/work/ompl/install/include/ompl-2.0/ompl/base/spaces/SE3StateSpace.h
2025-09-22T22:08:40.7303335Z -- Installing: /home/runner/work/ompl/install/include/ompl-2.0/ompl/base/spaces/RealVectorBounds.h
2025-09-22T22:08:40.7304944Z -- Installing: /home/runner/work/ompl/install/include/ompl-2.0/ompl/base/spaces/OwenStateSpace.h
2025-09-22T22:08:40.7306928Z -- Installing: /home/runner/work/ompl/install/include/ompl-2.0/ompl/base/spaces/VanaOwenStateSpace.h
2025-09-22T22:08:40.7308627Z -- Installing: /home/runner/work/ompl/install/include/ompl-2.0/ompl/base/spaces/RealVectorStateSpace.h
2025-09-22T22:08:40.7310849Z -- Installing: /home/runner/work/ompl/install/include/ompl-2.0/ompl/base/spaces/EmptyStateSpace.h
2025-09-22T22:08:40.7312404Z -- Installing: /home/runner/work/ompl/install/include/ompl-2.0/ompl/base/spaces/SO3StateSpace.h
2025-09-22T22:08:40.7314471Z -- Installing: /home/runner/work/ompl/install/include/ompl-2.0/ompl/base/spaces/DiscreteStateSpace.h
2025-09-22T22:08:40.7316033Z -- Installing: /home/runner/work/ompl/install/include/ompl-2.0/ompl/base/spaces/HybridTimeStateSpace.h
2025-09-22T22:08:40.7318076Z -- Installing: /home/runner/work/ompl/install/include/ompl-2.0/ompl/base/spaces/DubinsStateSpace.h
2025-09-22T22:08:40.7319710Z -- Installing: /home/runner/work/ompl/install/include/ompl-2.0/ompl/base/spaces/TrochoidStateSpace.h
2025-09-22T22:08:40.7321887Z -- Installing: /home/runner/work/ompl/install/include/ompl-2.0/ompl/base/spaces/Dubins3DMotionValidator.h
2025-09-22T22:08:40.7324032Z -- Installing: /home/runner/work/ompl/install/include/ompl-2.0/ompl/base/spaces/TimeStateSpace.h
2025-09-22T22:08:40.7325428Z -- Installing: /home/runner/work/ompl/install/include/ompl-2.0/ompl/base/spaces/SO2StateSpace.h
2025-09-22T22:08:40.7327484Z -- Installing: /home/runner/work/ompl/install/include/ompl-2.0/ompl/base/spaces/HybridStateSpace.h
2025-09-22T22:08:40.7329176Z -- Installing: /home/runner/work/ompl/install/include/ompl-2.0/ompl/base/spaces/DubinsMotionValidator.h
2025-09-22T22:08:40.7331027Z -- Installing: /home/runner/work/ompl/install/include/ompl-2.0/ompl/base/spaces/special
2025-09-22T22:08:40.7332434Z -- Installing: /home/runner/work/ompl/install/include/ompl-2.0/ompl/base/spaces/special/KleinBottleStateSpace.h
2025-09-22T22:08:40.7334281Z -- Installing: /home/runner/work/ompl/install/include/ompl-2.0/ompl/base/spaces/special/MobiusStateSpace.h
2025-09-22T22:08:40.7336186Z -- Installing: /home/runner/work/ompl/install/include/ompl-2.0/ompl/base/spaces/special/TorusStateSpace.h
2025-09-22T22:08:40.7338011Z -- Installing: /home/runner/work/ompl/install/include/ompl-2.0/ompl/base/spaces/special/SphereStateSpace.h
2025-09-22T22:08:40.7339688Z -- Installing: /home/runner/work/ompl/install/include/ompl-2.0/ompl/base/spaces/constraint
2025-09-22T22:08:40.7341310Z -- Installing: /home/runner/work/ompl/install/include/ompl-2.0/ompl/base/spaces/constraint/ProjectedStateSpace.h
2025-09-22T22:08:40.7343553Z -- Installing: /home/runner/work/ompl/install/include/ompl-2.0/ompl/base/spaces/constraint/ConstrainedStateSpace.h
2025-09-22T22:08:40.7345509Z -- Installing: /home/runner/work/ompl/install/include/ompl-2.0/ompl/base/spaces/constraint/AtlasChart.h
2025-09-22T22:08:40.7354375Z -- Installing: /home/runner/work/ompl/install/include/ompl-2.0/ompl/base/spaces/constraint/TangentBundleStateSpace.h
2025-09-22T22:08:40.7355702Z -- Installing: /home/runner/work/ompl/install/include/ompl-2.0/ompl/base/spaces/constraint/AtlasStateSpace.h
2025-09-22T22:08:40.7356819Z -- Installing: /home/runner/work/ompl/install/include/ompl-2.0/ompl/base/spaces/SE2StateSpace.h
2025-09-22T22:08:40.7357628Z -- Installing: /home/runner/work/ompl/install/include/ompl-2.0/ompl/base/spaces/ReedsSheppStateSpace.h
2025-09-22T22:08:40.7358658Z -- Installing: /home/runner/work/ompl/install/include/ompl-2.0/ompl/base/spaces/WrapperStateSpace.h
2025-09-22T22:08:40.7359705Z -- Installing: /home/runner/work/ompl/install/include/ompl-2.0/ompl/base/MotionValidator.h
2025-09-22T22:08:40.7360909Z -- Installing: /home/runner/work/ompl/install/include/ompl-2.0/ompl/base/TypedStateValidityChecker.h
2025-09-22T22:08:40.7361894Z -- Installing: /home/runner/work/ompl/install/include/ompl-2.0/ompl/base/State.h
2025-09-22T22:08:40.7362844Z -- Installing: /home/runner/work/ompl/install/include/ompl-2.0/ompl/base/StateSampler.h
2025-09-22T22:08:40.7364364Z -- Installing: /home/runner/work/ompl/install/include/ompl-2.0/ompl/base/GoalTypes.h
2025-09-22T22:08:40.7366250Z -- Installing: /home/runner/work/ompl/install/include/ompl-2.0/ompl/base/PlannerDataStorage.h
2025-09-22T22:08:40.7368108Z -- Installing: /home/runner/work/ompl/install/include/ompl-2.0/ompl/base/ProjectionEvaluator.h
2025-09-22T22:08:40.7369857Z -- Installing: /home/runner/work/ompl/install/include/ompl-2.0/ompl/base/goals
2025-09-22T22:08:40.7371257Z -- Installing: /home/runner/work/ompl/install/include/ompl-2.0/ompl/base/goals/GoalSpace.h
2025-09-22T22:08:40.7373184Z -- Installing: /home/runner/work/ompl/install/include/ompl-2.0/ompl/base/goals/GoalState.h
2025-09-22T22:08:40.7374792Z -- Installing: /home/runner/work/ompl/install/include/ompl-2.0/ompl/base/goals/GoalRegion.h
2025-09-22T22:08:40.7376710Z -- Installing: /home/runner/work/ompl/install/include/ompl-2.0/ompl/base/goals/GoalSampleableRegion.h
2025-09-22T22:08:40.7378241Z -- Installing: /home/runner/work/ompl/install/include/ompl-2.0/ompl/base/goals/GoalStates.h
2025-09-22T22:08:40.7380126Z -- Installing: /home/runner/work/ompl/install/include/ompl-2.0/ompl/base/goals/GoalLazySamples.h
2025-09-22T22:08:40.7381993Z -- Installing: /home/runner/work/ompl/install/include/ompl-2.0/ompl/base/PlannerStatus.h
2025-09-22T22:08:40.7384018Z -- Installing: /home/runner/work/ompl/install/include/ompl-2.0/ompl/base/ConstrainedSpaceInformation.h
2025-09-22T22:08:40.7385541Z -- Installing: /home/runner/work/ompl/install/include/ompl-2.0/ompl/base/Path.h
2025-09-22T22:08:40.7387478Z -- Installing: /home/runner/work/ompl/install/include/ompl-2.0/ompl/base/PlannerDataGraph.h
2025-09-22T22:08:40.7389087Z -- Installing: /home/runner/work/ompl/install/include/ompl-2.0/ompl/base/Planner.h
2025-09-22T22:08:40.7391321Z -- Installing: /home/runner/work/ompl/install/include/ompl-2.0/ompl/base/GenericParam.h
2025-09-22T22:08:40.7393334Z -- Installing: /home/runner/work/ompl/install/include/ompl-2.0/ompl/base/StateSpace.h
2025-09-22T22:08:40.7395479Z -- Installing: /home/runner/work/ompl/install/include/ompl-2.0/ompl/base/Constraint.h
2025-09-22T22:08:40.7397397Z -- Installing: /home/runner/work/ompl/install/include/ompl-2.0/ompl/base/StateValidityChecker.h
2025-09-22T22:08:40.7399258Z -- Installing: /home/runner/work/ompl/install/include/ompl-2.0/ompl/base/PrecomputedStateSampler.h
2025-09-22T22:08:40.7400910Z -- Installing: /home/runner/work/ompl/install/include/ompl-2.0/ompl/base/Cost.h
2025-09-22T22:08:40.7402904Z -- Installing: /home/runner/work/ompl/install/include/ompl-2.0/ompl/base/OptimizationObjective.h
2025-09-22T22:08:40.7404812Z -- Installing: /home/runner/work/ompl/install/include/ompl-2.0/ompl/base/SolutionNonExistenceProof.h
2025-09-22T22:08:40.7406305Z -- Installing: /home/runner/work/ompl/install/include/ompl-2.0/ompl/base/Goal.h
2025-09-22T22:08:40.7408274Z -- Installing: /home/runner/work/ompl/install/include/ompl-2.0/ompl/base/ScopedState.h
2025-09-22T22:08:40.7410570Z -- Installing: /home/runner/work/ompl/install/include/ompl-2.0/ompl/base/DiscreteMotionValidator.h
2025-09-22T22:08:40.7412583Z -- Installing: /home/runner/work/ompl/install/include/ompl-2.0/ompl/base/TypedSpaceInformation.h
2025-09-22T22:08:40.7414350Z -- Installing: /home/runner/work/ompl/install/include/ompl-2.0/ompl/base/PlannerData.h
2025-09-22T22:08:40.7416372Z -- Installing: /home/runner/work/ompl/install/include/ompl-2.0/ompl/base/ValidStateSampler.h
2025-09-22T22:08:40.7418163Z -- Installing: /home/runner/work/ompl/install/include/ompl-2.0/ompl/base/SpaceInformation.h
2025-09-22T22:08:40.7420198Z -- Installing: /home/runner/work/ompl/install/include/ompl-2.0/ompl/base/ProblemDefinition.h
2025-09-22T22:08:40.7422251Z -- Installing: /home/runner/work/ompl/install/include/ompl-2.0/ompl/base/StateSamplerArray.h
2025-09-22T22:08:40.7423945Z -- Installing: /home/runner/work/ompl/install/include/ompl-2.0/ompl/base/samplers
2025-09-22T22:08:40.7425352Z -- Installing: /home/runner/work/ompl/install/include/ompl-2.0/ompl/base/samplers/ConditionalStateSampler.h
2025-09-22T22:08:40.7427425Z -- Installing: /home/runner/work/ompl/install/include/ompl-2.0/ompl/base/samplers/GaussianValidStateSampler.h
2025-09-22T22:08:40.7429043Z -- Installing: /home/runner/work/ompl/install/include/ompl-2.0/ompl/base/samplers/MaximizeClearanceValidStateSampler.h
2025-09-22T22:08:40.7430950Z -- Installing: /home/runner/work/ompl/install/include/ompl-2.0/ompl/base/samplers/MinimumClearanceValidStateSampler.h
2025-09-22T22:08:40.7432745Z -- Installing: /home/runner/work/ompl/install/include/ompl-2.0/ompl/base/samplers/DeterministicStateSampler.h
2025-09-22T22:08:40.7434772Z -- Installing: /home/runner/work/ompl/install/include/ompl-2.0/ompl/base/samplers/ObstacleBasedValidStateSampler.h
2025-09-22T22:08:40.7436384Z -- Installing: /home/runner/work/ompl/install/include/ompl-2.0/ompl/base/samplers/UniformValidStateSampler.h
2025-09-22T22:08:40.7437962Z -- Installing: /home/runner/work/ompl/install/include/ompl-2.0/ompl/base/samplers/informed
2025-09-22T22:08:40.7439380Z -- Installing: /home/runner/work/ompl/install/include/ompl-2.0/ompl/base/samplers/informed/OrderedInfSampler.h
2025-09-22T22:08:40.7441582Z -- Installing: /home/runner/work/ompl/install/include/ompl-2.0/ompl/base/samplers/informed/PathLengthDirectInfSampler.h
2025-09-22T22:08:40.7443321Z -- Installing: /home/runner/work/ompl/install/include/ompl-2.0/ompl/base/samplers/informed/RejectionInfSampler.h
2025-09-22T22:08:40.7445223Z -- Installing: /home/runner/work/ompl/install/include/ompl-2.0/ompl/base/samplers/deterministic
2025-09-22T22:08:40.7446525Z -- Installing: /home/runner/work/ompl/install/include/ompl-2.0/ompl/base/samplers/deterministic/DeterministicSequence.h
2025-09-22T22:08:40.7448231Z -- Installing: /home/runner/work/ompl/install/include/ompl-2.0/ompl/base/samplers/deterministic/HaltonSequence.h
2025-09-22T22:08:40.7450322Z -- Installing: /home/runner/work/ompl/install/include/ompl-2.0/ompl/base/samplers/deterministic/PrecomputedSequence.h
2025-09-22T22:08:40.7451994Z -- Installing: /home/runner/work/ompl/install/include/ompl-2.0/ompl/base/samplers/InformedStateSampler.h
2025-09-22T22:08:40.7454000Z -- Installing: /home/runner/work/ompl/install/include/ompl-2.0/ompl/base/samplers/BridgeTestValidStateSampler.h
2025-09-22T22:08:40.7455549Z -- Installing: /home/runner/work/ompl/install/include/ompl-2.0/ompl/base/StateSpaceTypes.h
2025-09-22T22:08:40.7457529Z -- Installing: /home/runner/work/ompl/install/include/ompl-2.0/ompl/base/PlannerTerminationCondition.h
2025-09-22T22:08:40.7459773Z -- Installing: /home/runner/work/ompl/install/include/ompl-2.0/ompl/base/terminationconditions
2025-09-22T22:08:40.7461225Z -- Installing: /home/runner/work/ompl/install/include/ompl-2.0/ompl/base/terminationconditions/IterationTerminationCondition.h
2025-09-22T22:08:40.7463025Z -- Installing: /home/runner/work/ompl/install/include/ompl-2.0/ompl/base/terminationconditions/CostConvergenceTerminationCondition.h
2025-09-22T22:08:40.7464348Z -- Installing: /home/runner/work/ompl/install/include/ompl-2.0/ompl/tools
2025-09-22T22:08:40.7465603Z -- Installing: /home/runner/work/ompl/install/include/ompl-2.0/ompl/tools/multiplan
2025-09-22T22:08:40.7466934Z -- Installing: /home/runner/work/ompl/install/include/ompl-2.0/ompl/tools/multiplan/OptimizePlan.h
2025-09-22T22:08:40.7468981Z -- Installing: /home/runner/work/ompl/install/include/ompl-2.0/ompl/tools/multiplan/ParallelPlan.h
2025-09-22T22:08:40.7470406Z -- Installing: /home/runner/work/ompl/install/include/ompl-2.0/ompl/tools/experience
2025-09-22T22:08:40.7472225Z -- Installing: /home/runner/work/ompl/install/include/ompl-2.0/ompl/tools/experience/ExperienceSetup.h
2025-09-22T22:08:40.7474086Z -- Installing: /home/runner/work/ompl/install/include/ompl-2.0/ompl/tools/config
2025-09-22T22:08:40.7475214Z -- Installing: /home/runner/work/ompl/install/include/ompl-2.0/ompl/tools/config/MagicConstants.h
2025-09-22T22:08:40.7477180Z -- Installing: /home/runner/work/ompl/install/include/ompl-2.0/ompl/tools/config/SelfConfig.h
2025-09-22T22:08:40.7478919Z -- Installing: /home/runner/work/ompl/install/include/ompl-2.0/ompl/tools/debug
2025-09-22T22:08:40.7480138Z -- Installing: /home/runner/work/ompl/install/include/ompl-2.0/ompl/tools/debug/Profiler.h
2025-09-22T22:08:40.7482440Z -- Installing: /home/runner/work/ompl/install/include/ompl-2.0/ompl/tools/debug/PlannerMonitor.h
2025-09-22T22:08:40.7483969Z -- Installing: /home/runner/work/ompl/install/include/ompl-2.0/ompl/tools/benchmark
2025-09-22T22:08:40.7485311Z -- Installing: /home/runner/work/ompl/install/include/ompl-2.0/ompl/tools/benchmark/MachineSpecs.h
2025-09-22T22:08:40.7487368Z -- Installing: /home/runner/work/ompl/install/include/ompl-2.0/ompl/tools/benchmark/Benchmark.h
2025-09-22T22:08:40.7488851Z -- Installing: /home/runner/work/ompl/install/include/ompl-2.0/ompl/tools/thunder
2025-09-22T22:08:40.7490119Z -- Installing: /home/runner/work/ompl/install/include/ompl-2.0/ompl/tools/thunder/ThunderDB.h
2025-09-22T22:08:40.7492310Z -- Installing: /home/runner/work/ompl/install/include/ompl-2.0/ompl/tools/thunder/SPARSdb.h
2025-09-22T22:08:40.7494346Z -- Installing: /home/runner/work/ompl/install/include/ompl-2.0/ompl/tools/thunder/Thunder.h
2025-09-22T22:08:40.7496130Z -- Installing: /home/runner/work/ompl/install/include/ompl-2.0/ompl/tools/lightning
2025-09-22T22:08:40.7497347Z -- Installing: /home/runner/work/ompl/install/include/ompl-2.0/ompl/tools/lightning/LightningDB.h
2025-09-22T22:08:40.7499356Z -- Installing: /home/runner/work/ompl/install/include/ompl-2.0/ompl/tools/lightning/DynamicTimeWarp.h
2025-09-22T22:08:40.7501305Z -- Installing: /home/runner/work/ompl/install/include/ompl-2.0/ompl/tools/lightning/Lightning.h
2025-09-22T22:08:40.7503082Z -- Installing: /home/runner/work/ompl/install/include/ompl-2.0/ompl/multilevel
2025-09-22T22:08:40.7504221Z -- Installing: /home/runner/work/ompl/install/include/ompl-2.0/ompl/multilevel/planners
2025-09-22T22:08:40.7505391Z -- Installing: /home/runner/work/ompl/install/include/ompl-2.0/ompl/multilevel/planners/qmp
2025-09-22T22:08:40.7506716Z -- Installing: /home/runner/work/ompl/install/include/ompl-2.0/ompl/multilevel/planners/qmp/QMP.h
2025-09-22T22:08:40.7508715Z -- Installing: /home/runner/work/ompl/install/include/ompl-2.0/ompl/multilevel/planners/qmp/QMPImpl.h
2025-09-22T22:08:40.7510358Z -- Installing: /home/runner/work/ompl/install/include/ompl-2.0/ompl/multilevel/planners/qmp/QMPStarImpl.h
2025-09-22T22:08:40.7512717Z -- Installing: /home/runner/work/ompl/install/include/ompl-2.0/ompl/multilevel/planners/qmp/QMPStar.h
2025-09-22T22:08:40.7514303Z -- Installing: /home/runner/work/ompl/install/include/ompl-2.0/ompl/multilevel/planners/qrrt
2025-09-22T22:08:40.7515685Z -- Installing: /home/runner/work/ompl/install/include/ompl-2.0/ompl/multilevel/planners/qrrt/QRRTImpl.h
2025-09-22T22:08:40.7517666Z -- Installing: /home/runner/work/ompl/install/include/ompl-2.0/ompl/multilevel/planners/qrrt/QRRTStar.h
2025-09-22T22:08:40.7519368Z -- Installing: /home/runner/work/ompl/install/include/ompl-2.0/ompl/multilevel/planners/qrrt/QRRTStarImpl.h
2025-09-22T22:08:40.7521758Z -- Installing: /home/runner/work/ompl/install/include/ompl-2.0/ompl/multilevel/planners/qrrt/QRRT.h
2025-09-22T22:08:40.7523587Z -- Installing: /home/runner/work/ompl/install/include/ompl-2.0/ompl/multilevel/datastructures
2025-09-22T22:08:40.7524794Z -- Installing: /home/runner/work/ompl/install/include/ompl-2.0/ompl/multilevel/datastructures/importance
2025-09-22T22:08:40.7526226Z -- Installing: /home/runner/work/ompl/install/include/ompl-2.0/ompl/multilevel/datastructures/importance/BundleSpaceImportance.h
2025-09-22T22:08:40.7528009Z -- Installing: /home/runner/work/ompl/install/include/ompl-2.0/ompl/multilevel/datastructures/importance/Uniform.h
2025-09-22T22:08:40.7529791Z -- Installing: /home/runner/work/ompl/install/include/ompl-2.0/ompl/multilevel/datastructures/importance/Greedy.h
2025-09-22T22:08:40.7531797Z -- Installing: /home/runner/work/ompl/install/include/ompl-2.0/ompl/multilevel/datastructures/importance/Exponential.h
2025-09-22T22:08:40.7533595Z -- Installing: /home/runner/work/ompl/install/include/ompl-2.0/ompl/multilevel/datastructures/PlannerMultiLevel.h
2025-09-22T22:08:40.7535407Z -- Installing: /home/runner/work/ompl/install/include/ompl-2.0/ompl/multilevel/datastructures/BundleSpaceSequence.h
2025-09-22T22:08:40.7537320Z -- Installing: /home/runner/work/ompl/install/include/ompl-2.0/ompl/multilevel/datastructures/projections
2025-09-22T22:08:40.7538727Z -- Installing: /home/runner/work/ompl/install/include/ompl-2.0/ompl/multilevel/datastructures/projections/XRN_X_SO3.h
2025-09-22T22:08:40.7540901Z -- Installing: /home/runner/work/ompl/install/include/ompl-2.0/ompl/multilevel/datastructures/projections/SO2N_SO2M.h
2025-09-22T22:08:40.7542604Z -- Installing: /home/runner/work/ompl/install/include/ompl-2.0/ompl/multilevel/datastructures/projections/SE2_R2.h
2025-09-22T22:08:40.7544347Z -- Installing: /home/runner/work/ompl/install/include/ompl-2.0/ompl/multilevel/datastructures/projections/XRN_X_SO2.h
2025-09-22T22:08:40.7546177Z -- Installing: /home/runner/work/ompl/install/include/ompl-2.0/ompl/multilevel/datastructures/projections/Relaxation.h
2025-09-22T22:08:40.7547978Z -- Installing: /home/runner/work/ompl/install/include/ompl-2.0/ompl/multilevel/datastructures/projections/RNSO2_RN.h
2025-09-22T22:08:40.7549996Z -- Installing: /home/runner/work/ompl/install/include/ompl-2.0/ompl/multilevel/datastructures/projections/XRN_XRM.h
2025-09-22T22:08:40.7551707Z -- Installing: /home/runner/work/ompl/install/include/ompl-2.0/ompl/multilevel/datastructures/projections/SE3RN_R3.h
2025-09-22T22:08:40.7553607Z -- Installing: /home/runner/work/ompl/install/include/ompl-2.0/ompl/multilevel/datastructures/projections/XRN_XRM_SE2.h
2025-09-22T22:08:40.7555371Z -- Installing: /home/runner/work/ompl/install/include/ompl-2.0/ompl/multilevel/datastructures/projections/SE3_R3.h
2025-09-22T22:08:40.7557194Z -- Installing: /home/runner/work/ompl/install/include/ompl-2.0/ompl/multilevel/datastructures/projections/XRN_X_SE2.h
2025-09-22T22:08:40.7559052Z -- Installing: /home/runner/work/ompl/install/include/ompl-2.0/ompl/multilevel/datastructures/projections/XRN_XRM_SO2.h
2025-09-22T22:08:40.7561005Z -- Installing: /home/runner/work/ompl/install/include/ompl-2.0/ompl/multilevel/datastructures/projections/XRN_XRM_SO3.h
2025-09-22T22:08:40.7563167Z -- Installing: /home/runner/work/ompl/install/include/ompl-2.0/ompl/multilevel/datastructures/projections/FiberedProjection.h
2025-09-22T22:08:40.7564862Z -- Installing: /home/runner/work/ompl/install/include/ompl-2.0/ompl/multilevel/datastructures/projections/EmptySet.h
2025-09-22T22:08:40.7566900Z -- Installing: /home/runner/work/ompl/install/include/ompl-2.0/ompl/multilevel/datastructures/projections/None.h
2025-09-22T22:08:40.7568601Z -- Installing: /home/runner/work/ompl/install/include/ompl-2.0/ompl/multilevel/datastructures/projections/XRN_X_SE3.h
2025-09-22T22:08:40.7570387Z -- Installing: /home/runner/work/ompl/install/include/ompl-2.0/ompl/multilevel/datastructures/projections/Identity.h
2025-09-22T22:08:40.7572580Z -- Installing: /home/runner/work/ompl/install/include/ompl-2.0/ompl/multilevel/datastructures/projections/RN_RM.h
2025-09-22T22:08:40.7574253Z -- Installing: /home/runner/work/ompl/install/include/ompl-2.0/ompl/multilevel/datastructures/projections/XRN_X.h
2025-09-22T22:08:40.7576278Z -- Installing: /home/runner/work/ompl/install/include/ompl-2.0/ompl/multilevel/datastructures/projections/SE2RN_R2.h
2025-09-22T22:08:40.7577968Z -- Installing: /home/runner/work/ompl/install/include/ompl-2.0/ompl/multilevel/datastructures/projections/XRN_XRM_SE3.h
2025-09-22T22:08:40.7579890Z -- Installing: /home/runner/work/ompl/install/include/ompl-2.0/ompl/multilevel/datastructures/BundleSpace.h
2025-09-22T22:08:40.7581743Z -- Installing: /home/runner/work/ompl/install/include/ompl-2.0/ompl/multilevel/datastructures/graphsampler
2025-09-22T22:08:40.7583156Z -- Installing: /home/runner/work/ompl/install/include/ompl-2.0/ompl/multilevel/datastructures/graphsampler/RandomVertex.h
2025-09-22T22:08:40.7585028Z -- Installing: /home/runner/work/ompl/install/include/ompl-2.0/ompl/multilevel/datastructures/graphsampler/RandomDegreeVertex.h
2025-09-22T22:08:40.7586824Z -- Installing: /home/runner/work/ompl/install/include/ompl-2.0/ompl/multilevel/datastructures/graphsampler/GraphSampler.h
2025-09-22T22:08:40.7588668Z -- Installing: /home/runner/work/ompl/install/include/ompl-2.0/ompl/multilevel/datastructures/graphsampler/RandomEdge.h
2025-09-22T22:08:40.7590347Z -- Installing: /home/runner/work/ompl/install/include/ompl-2.0/ompl/multilevel/datastructures/propagators
2025-09-22T22:08:40.7592216Z -- Installing: /home/runner/work/ompl/install/include/ompl-2.0/ompl/multilevel/datastructures/propagators/BundleSpacePropagator.h
2025-09-22T22:08:40.7593758Z -- Installing: /home/runner/work/ompl/install/include/ompl-2.0/ompl/multilevel/datastructures/propagators/Geometric.h
2025-09-22T22:08:40.7595550Z -- Installing: /home/runner/work/ompl/install/include/ompl-2.0/ompl/multilevel/datastructures/BundleSpaceGraph.h
2025-09-22T22:08:40.7597740Z -- Installing: /home/runner/work/ompl/install/include/ompl-2.0/ompl/multilevel/datastructures/PlannerDataVertexAnnotated.h
2025-09-22T22:08:40.7599375Z -- Installing: /home/runner/work/ompl/install/include/ompl-2.0/ompl/multilevel/datastructures/ParameterSmoothStep.h
2025-09-22T22:08:40.7601151Z -- Installing: /home/runner/work/ompl/install/include/ompl-2.0/ompl/multilevel/datastructures/metrics
2025-09-22T22:08:40.7602577Z -- Installing: /home/runner/work/ompl/install/include/ompl-2.0/ompl/multilevel/datastructures/metrics/Geodesic.h
2025-09-22T22:08:40.7604719Z -- Installing: /home/runner/work/ompl/install/include/ompl-2.0/ompl/multilevel/datastructures/metrics/BundleSpaceMetric.h
2025-09-22T22:08:40.7606192Z -- Installing: /home/runner/work/ompl/install/include/ompl-2.0/ompl/multilevel/datastructures/Parameter.h
2025-09-22T22:08:40.7608254Z -- Installing: /home/runner/work/ompl/install/include/ompl-2.0/ompl/multilevel/datastructures/ProjectionFactory.h
2025-09-22T22:08:40.7610062Z -- Installing: /home/runner/work/ompl/install/include/ompl-2.0/ompl/multilevel/datastructures/BundleSpaceSequenceImpl.h
2025-09-22T22:08:40.7612269Z -- Installing: /home/runner/work/ompl/install/include/ompl-2.0/ompl/multilevel/datastructures/ProjectionTypes.h
2025-09-22T22:08:40.7613909Z -- Installing: /home/runner/work/ompl/install/include/ompl-2.0/ompl/multilevel/datastructures/pathrestriction
2025-09-22T22:08:40.7615406Z -- Installing: /home/runner/work/ompl/install/include/ompl-2.0/ompl/multilevel/datastructures/pathrestriction/HeadAnalyzer.h
2025-09-22T22:08:40.7617316Z -- Installing: /home/runner/work/ompl/install/include/ompl-2.0/ompl/multilevel/datastructures/pathrestriction/PathRestriction.h
2025-09-22T22:08:40.7619138Z -- Installing: /home/runner/work/ompl/install/include/ompl-2.0/ompl/multilevel/datastructures/pathrestriction/PathSection.h
2025-09-22T22:08:40.7621327Z -- Installing: /home/runner/work/ompl/install/include/ompl-2.0/ompl/multilevel/datastructures/pathrestriction/Head.h
2025-09-22T22:08:40.7623499Z -- Installing: /home/runner/work/ompl/install/include/ompl-2.0/ompl/multilevel/datastructures/pathrestriction/FindSectionSideStep.h
2025-09-22T22:08:40.7625155Z -- Installing: /home/runner/work/ompl/install/include/ompl-2.0/ompl/multilevel/datastructures/pathrestriction/FindSectionTypes.h
2025-09-22T22:08:40.7626921Z -- Installing: /home/runner/work/ompl/install/include/ompl-2.0/ompl/multilevel/datastructures/pathrestriction/FindSection.h
2025-09-22T22:08:40.7628752Z -- Installing: /home/runner/work/ompl/install/include/ompl-2.0/ompl/multilevel/datastructures/ParameterExponentialDecay.h
2025-09-22T22:08:40.7630490Z -- Installing: /home/runner/work/ompl/install/include/ompl-2.0/ompl/multilevel/datastructures/Projection.h
2025-09-22T22:08:40.7632606Z -- Installing: /home/runner/work/ompl/install/include/ompl-2.0/ompl/datastructures
2025-09-22T22:08:40.7633928Z -- Installing: /home/runner/work/ompl/install/include/ompl-2.0/ompl/datastructures/NearestNeighbors.h
2025-09-22T22:08:40.7636024Z -- Installing: /home/runner/work/ompl/install/include/ompl-2.0/ompl/datastructures/AdjacencyList.h
2025-09-22T22:08:40.7637571Z -- Installing: /home/runner/work/ompl/install/include/ompl-2.0/ompl/datastructures/DynamicSSSP.h
2025-09-22T22:08:40.7639497Z -- Installing: /home/runner/work/ompl/install/include/ompl-2.0/ompl/datastructures/Grid.h
2025-09-22T22:08:40.7641749Z -- Installing: /home/runner/work/ompl/install/include/ompl-2.0/ompl/datastructures/NearestNeighborsSqrtApprox.h
2025-09-22T22:08:40.7643377Z -- Installing: /home/runner/work/ompl/install/include/ompl-2.0/ompl/datastructures/GridB.h
2025-09-22T22:08:40.7645636Z -- Installing: /home/runner/work/ompl/install/include/ompl-2.0/ompl/datastructures/NearestNeighborsGNAT.h
2025-09-22T22:08:40.7647614Z -- Installing: /home/runner/work/ompl/install/include/ompl-2.0/ompl/datastructures/NearestNeighborsLinear.h
2025-09-22T22:08:40.7649261Z -- Installing: /home/runner/work/ompl/install/include/ompl-2.0/ompl/datastructures/GridN.h
2025-09-22T22:08:40.7651512Z -- Installing: /home/runner/work/ompl/install/include/ompl-2.0/ompl/datastructures/NearestNeighborsGNATNoThreadSafety.h
2025-09-22T22:08:40.7653570Z -- Installing: /home/runner/work/ompl/install/include/ompl-2.0/ompl/datastructures/Permutation.h
2025-09-22T22:08:40.7655443Z -- Installing: /home/runner/work/ompl/install/include/ompl-2.0/ompl/datastructures/GreedyKCenters.h
2025-09-22T22:08:40.7657621Z -- Installing: /home/runner/work/ompl/install/include/ompl-2.0/ompl/datastructures/PDF.h
2025-09-22T22:08:40.7659454Z -- Installing: /home/runner/work/ompl/install/include/ompl-2.0/ompl/datastructures/LPAstarOnGraph.h
2025-09-22T22:08:40.7661719Z -- Installing: /home/runner/work/ompl/install/include/ompl-2.0/ompl/datastructures/NearestNeighborsFLANN.h
2025-09-22T22:08:40.7663353Z -- Installing: /home/runner/work/ompl/install/include/ompl-2.0/ompl/datastructures/BinaryHeap.h
2025-09-22T22:08:40.7665212Z -- Installing: /home/runner/work/ompl/install/include/ompl-2.0/ompl/geometric
2025-09-22T22:08:40.7666462Z -- Installing: /home/runner/work/ompl/install/include/ompl-2.0/ompl/geometric/SimpleSetup.h
2025-09-22T22:08:40.7668517Z -- Installing: /home/runner/work/ompl/install/include/ompl-2.0/ompl/geometric/HillClimbing.h
2025-09-22T22:08:40.7670111Z -- Installing: /home/runner/work/ompl/install/include/ompl-2.0/ompl/geometric/planners
2025-09-22T22:08:40.7671612Z -- Installing: /home/runner/work/ompl/install/include/ompl-2.0/ompl/geometric/planners/prm
2025-09-22T22:08:40.7673025Z -- Installing: /home/runner/work/ompl/install/include/ompl-2.0/ompl/geometric/planners/prm/LazyPRMstar.h
2025-09-22T22:08:40.7675002Z -- Installing: /home/runner/work/ompl/install/include/ompl-2.0/ompl/geometric/planners/prm/LazyPRM.h
2025-09-22T22:08:40.7677011Z -- Installing: /home/runner/work/ompl/install/include/ompl-2.0/ompl/geometric/planners/prm/SPARStwo.h
2025-09-22T22:08:40.7678978Z -- Installing: /home/runner/work/ompl/install/include/ompl-2.0/ompl/geometric/planners/prm/PRM.h
2025-09-22T22:08:40.7681177Z -- Installing: /home/runner/work/ompl/install/include/ompl-2.0/ompl/geometric/planners/prm/ConnectionStrategy.h
2025-09-22T22:08:40.7682901Z -- Installing: /home/runner/work/ompl/install/include/ompl-2.0/ompl/geometric/planners/prm/PRMstar.h
2025-09-22T22:08:40.7684895Z -- Installing: /home/runner/work/ompl/install/include/ompl-2.0/ompl/geometric/planners/prm/SPARS.h
2025-09-22T22:08:40.7686888Z -- Installing: /home/runner/work/ompl/install/include/ompl-2.0/ompl/geometric/planners/rrt
2025-09-22T22:08:40.7688203Z -- Installing: /home/runner/work/ompl/install/include/ompl-2.0/ompl/geometric/planners/rrt/SORRTstar.h
2025-09-22T22:08:40.7690292Z -- Installing: /home/runner/work/ompl/install/include/ompl-2.0/ompl/geometric/planners/rrt/InformedRRTstar.h
2025-09-22T22:08:40.7692127Z -- Installing: /home/runner/work/ompl/install/include/ompl-2.0/ompl/geometric/planners/rrt/VFRRT.h
2025-09-22T22:08:40.7694129Z -- Installing: /home/runner/work/ompl/install/include/ompl-2.0/ompl/geometric/planners/rrt/RRTXstatic.h
2025-09-22T22:08:40.7696160Z -- Installing: /home/runner/work/ompl/install/include/ompl-2.0/ompl/geometric/planners/rrt/TSRRT.h
2025-09-22T22:08:40.7698064Z -- Installing: /home/runner/work/ompl/install/include/ompl-2.0/ompl/geometric/planners/rrt/RRT.h
2025-09-22T22:08:40.7699764Z -- Installing: /home/runner/work/ompl/install/include/ompl-2.0/ompl/geometric/planners/rrt/LazyRRT.h
2025-09-22T22:08:40.7702110Z -- Installing: /home/runner/work/ompl/install/include/ompl-2.0/ompl/geometric/planners/rrt/LazyLBTRRT.h
2025-09-22T22:08:40.7704037Z -- Installing: /home/runner/work/ompl/install/include/ompl-2.0/ompl/geometric/planners/rrt/pRRT.h
2025-09-22T22:08:40.7706037Z -- Installing: /home/runner/work/ompl/install/include/ompl-2.0/ompl/geometric/planners/rrt/RRTsharp.h
2025-09-22T22:08:40.7707614Z -- Installing: /home/runner/work/ompl/install/include/ompl-2.0/ompl/geometric/planners/rrt/BiTRRT.h
2025-09-22T22:08:40.7709679Z -- Installing: /home/runner/work/ompl/install/include/ompl-2.0/ompl/geometric/planners/rrt/RRTConnect.h
2025-09-22T22:08:40.7711746Z -- Installing: /home/runner/work/ompl/install/include/ompl-2.0/ompl/geometric/planners/rrt/TRRT.h
2025-09-22T22:08:40.7713803Z -- Installing: /home/runner/work/ompl/install/include/ompl-2.0/ompl/geometric/planners/rrt/STRRTstar.h
2025-09-22T22:08:40.7715798Z -- Installing: /home/runner/work/ompl/install/include/ompl-2.0/ompl/geometric/planners/rrt/RRTstar.h
2025-09-22T22:08:40.7717873Z -- Installing: /home/runner/work/ompl/install/include/ompl-2.0/ompl/geometric/planners/rrt/LBTRRT.h
2025-09-22T22:08:40.7719943Z -- Installing: /home/runner/work/ompl/install/include/ompl-2.0/ompl/geometric/planners/AnytimePathShortening.h
2025-09-22T22:08:40.7721691Z -- Installing: /home/runner/work/ompl/install/include/ompl-2.0/ompl/geometric/planners/informedtrees
2025-09-22T22:08:40.7723139Z -- Installing: /home/runner/work/ompl/install/include/ompl-2.0/ompl/geometric/planners/informedtrees/AITstar.h
2025-09-22T22:08:40.7725265Z -- Installing: /home/runner/work/ompl/install/include/ompl-2.0/ompl/geometric/planners/informedtrees/aitstar
2025-09-22T22:08:40.7726577Z -- Installing: /home/runner/work/ompl/install/include/ompl-2.0/ompl/geometric/planners/informedtrees/aitstar/ImplicitGraph.h
2025-09-22T22:08:40.7728553Z -- Installing: /home/runner/work/ompl/install/include/ompl-2.0/ompl/geometric/planners/informedtrees/aitstar/Edge.h
2025-09-22T22:08:40.7730346Z -- Installing: /home/runner/work/ompl/install/include/ompl-2.0/ompl/geometric/planners/informedtrees/aitstar/Vertex.h
2025-09-22T22:08:40.7732683Z -- Installing: /home/runner/work/ompl/install/include/ompl-2.0/ompl/geometric/planners/informedtrees/aitstar/Queuetypes.h
2025-09-22T22:08:40.7734290Z -- Installing: /home/runner/work/ompl/install/include/ompl-2.0/ompl/geometric/planners/informedtrees/ABITstar.h
2025-09-22T22:08:40.7736358Z -- Installing: /home/runner/work/ompl/install/include/ompl-2.0/ompl/geometric/planners/informedtrees/EITstar.h
2025-09-22T22:08:40.7738371Z -- Installing: /home/runner/work/ompl/install/include/ompl-2.0/ompl/geometric/planners/informedtrees/BITstar.h
2025-09-22T22:08:40.7740424Z -- Installing: /home/runner/work/ompl/install/include/ompl-2.0/ompl/geometric/planners/informedtrees/bitstar
2025-09-22T22:08:40.7741899Z -- Installing: /home/runner/work/ompl/install/include/ompl-2.0/ompl/geometric/planners/informedtrees/bitstar/ImplicitGraph.h
2025-09-22T22:08:40.7744179Z -- Installing: /home/runner/work/ompl/install/include/ompl-2.0/ompl/geometric/planners/informedtrees/bitstar/HelperFunctions.h
2025-09-22T22:08:40.7745924Z -- Installing: /home/runner/work/ompl/install/include/ompl-2.0/ompl/geometric/planners/informedtrees/bitstar/CostHelper.h
2025-09-22T22:08:40.7748068Z -- Installing: /home/runner/work/ompl/install/include/ompl-2.0/ompl/geometric/planners/informedtrees/bitstar/SearchQueue.h
2025-09-22T22:08:40.7749939Z -- Installing: /home/runner/work/ompl/install/include/ompl-2.0/ompl/geometric/planners/informedtrees/bitstar/Vertex.h
2025-09-22T22:08:40.7752250Z -- Installing: /home/runner/work/ompl/install/include/ompl-2.0/ompl/geometric/planners/informedtrees/bitstar/IdGenerator.h
2025-09-22T22:08:40.7753762Z -- Installing: /home/runner/work/ompl/install/include/ompl-2.0/ompl/geometric/planners/informedtrees/eitstar
2025-09-22T22:08:40.7755247Z -- Installing: /home/runner/work/ompl/install/include/ompl-2.0/ompl/geometric/planners/informedtrees/eitstar/ForwardQueue.h
2025-09-22T22:08:40.7757100Z -- Installing: /home/runner/work/ompl/install/include/ompl-2.0/ompl/geometric/planners/informedtrees/eitstar/State.h
2025-09-22T22:08:40.7759325Z -- Installing: /home/runner/work/ompl/install/include/ompl-2.0/ompl/geometric/planners/informedtrees/eitstar/RandomGeometricGraph.h
2025-09-22T22:08:40.7761378Z -- Installing: /home/runner/work/ompl/install/include/ompl-2.0/ompl/geometric/planners/informedtrees/eitstar/Edge.h
2025-09-22T22:08:40.7763277Z -- Installing: /home/runner/work/ompl/install/include/ompl-2.0/ompl/geometric/planners/informedtrees/eitstar/ReverseQueue.h
2025-09-22T22:08:40.7765030Z -- Installing: /home/runner/work/ompl/install/include/ompl-2.0/ompl/geometric/planners/informedtrees/eitstar/Vertex.h
2025-09-22T22:08:40.7767178Z -- Installing: /home/runner/work/ompl/install/include/ompl-2.0/ompl/geometric/planners/informedtrees/eitstar/Direction.h
2025-09-22T22:08:40.7768831Z -- Installing: /home/runner/work/ompl/install/include/ompl-2.0/ompl/geometric/planners/informedtrees/EIRMstar.h
2025-09-22T22:08:40.7770826Z -- Installing: /home/runner/work/ompl/install/include/ompl-2.0/ompl/geometric/planners/experience
2025-09-22T22:08:40.7772238Z -- Installing: /home/runner/work/ompl/install/include/ompl-2.0/ompl/geometric/planners/experience/LightningRetrieveRepair.h
2025-09-22T22:08:40.7774281Z -- Installing: /home/runner/work/ompl/install/include/ompl-2.0/ompl/geometric/planners/experience/ThunderRetrieveRepair.h
2025-09-22T22:08:40.7775912Z -- Installing: /home/runner/work/ompl/install/include/ompl-2.0/ompl/geometric/planners/rlrt
2025-09-22T22:08:40.7777202Z -- Installing: /home/runner/work/ompl/install/include/ompl-2.0/ompl/geometric/planners/rlrt/BiRLRT.h
2025-09-22T22:08:40.7779320Z -- Installing: /home/runner/work/ompl/install/include/ompl-2.0/ompl/geometric/planners/rlrt/RLRT.h
2025-09-22T22:08:40.7781070Z -- Installing: /home/runner/work/ompl/install/include/ompl-2.0/ompl/geometric/planners/sbl
2025-09-22T22:08:40.7782453Z -- Installing: /home/runner/work/ompl/install/include/ompl-2.0/ompl/geometric/planners/sbl/SBL.h
2025-09-22T22:08:40.7784517Z -- Installing: /home/runner/work/ompl/install/include/ompl-2.0/ompl/geometric/planners/sbl/pSBL.h
2025-09-22T22:08:40.7786378Z -- Installing: /home/runner/work/ompl/install/include/ompl-2.0/ompl/geometric/planners/fmt
2025-09-22T22:08:40.7787578Z -- Installing: /home/runner/work/ompl/install/include/ompl-2.0/ompl/geometric/planners/fmt/BFMT.h
2025-09-22T22:08:40.7789792Z -- Installing: /home/runner/work/ompl/install/include/ompl-2.0/ompl/geometric/planners/fmt/FMT.h
2025-09-22T22:08:40.7792153Z -- Installing: /home/runner/work/ompl/install/include/ompl-2.0/ompl/geometric/planners/PlannerIncludes.h
2025-09-22T22:08:40.7793674Z -- Installing: /home/runner/work/ompl/install/include/ompl-2.0/ompl/geometric/planners/cforest
2025-09-22T22:08:40.7795211Z -- Installing: /home/runner/work/ompl/install/include/ompl-2.0/ompl/geometric/planners/cforest/CForestStateSampler.h
2025-09-22T22:08:40.7797202Z -- Installing: /home/runner/work/ompl/install/include/ompl-2.0/ompl/geometric/planners/cforest/CForest.h
2025-09-22T22:08:40.7799191Z -- Installing: /home/runner/work/ompl/install/include/ompl-2.0/ompl/geometric/planners/cforest/CForestStateSpaceWrapper.h
2025-09-22T22:08:40.7800843Z -- Installing: /home/runner/work/ompl/install/include/ompl-2.0/ompl/geometric/planners/xxl
2025-09-22T22:08:40.7802543Z -- Installing: /home/runner/work/ompl/install/include/ompl-2.0/ompl/geometric/planners/xxl/XXLPlanarDecomposition.h
2025-09-22T22:08:40.7804523Z -- Installing: /home/runner/work/ompl/install/include/ompl-2.0/ompl/geometric/planners/xxl/XXLPositionDecomposition.h
2025-09-22T22:08:40.7806133Z -- Installing: /home/runner/work/ompl/install/include/ompl-2.0/ompl/geometric/planners/xxl/XXL.h
2025-09-22T22:08:40.7808379Z -- Installing: /home/runner/work/ompl/install/include/ompl-2.0/ompl/geometric/planners/xxl/XXLDecomposition.h
2025-09-22T22:08:40.7809948Z -- Installing: /home/runner/work/ompl/install/include/ompl-2.0/ompl/geometric/planners/pdst
2025-09-22T22:08:40.7811644Z -- Installing: /home/runner/work/ompl/install/include/ompl-2.0/ompl/geometric/planners/pdst/PDST.h
2025-09-22T22:08:40.7813886Z -- Installing: /home/runner/work/ompl/install/include/ompl-2.0/ompl/geometric/planners/est
2025-09-22T22:08:40.7815153Z -- Installing: /home/runner/work/ompl/install/include/ompl-2.0/ompl/geometric/planners/est/BiEST.h
2025-09-22T22:08:40.7817274Z -- Installing: /home/runner/work/ompl/install/include/ompl-2.0/ompl/geometric/planners/est/EST.h
2025-09-22T22:08:40.7818878Z -- Installing: /home/runner/work/ompl/install/include/ompl-2.0/ompl/geometric/planners/est/ProjEST.h
2025-09-22T22:08:40.7821106Z -- Installing: /home/runner/work/ompl/install/include/ompl-2.0/ompl/geometric/planners/kpiece
2025-09-22T22:08:40.7822451Z -- Installing: /home/runner/work/ompl/install/include/ompl-2.0/ompl/geometric/planners/kpiece/LBKPIECE1.h
2025-09-22T22:08:40.7824595Z -- Installing: /home/runner/work/ompl/install/include/ompl-2.0/ompl/geometric/planners/kpiece/Discretization.h
2025-09-22T22:08:40.7826255Z -- Installing: /home/runner/work/ompl/install/include/ompl-2.0/ompl/geometric/planners/kpiece/KPIECE1.h
2025-09-22T22:08:40.7828303Z -- Installing: /home/runner/work/ompl/install/include/ompl-2.0/ompl/geometric/planners/kpiece/BKPIECE1.h
2025-09-22T22:08:40.7830133Z -- Installing: /home/runner/work/ompl/install/include/ompl-2.0/ompl/geometric/planners/stride
2025-09-22T22:08:40.7831663Z -- Installing: /home/runner/work/ompl/install/include/ompl-2.0/ompl/geometric/planners/stride/STRIDE.h
2025-09-22T22:08:40.7833596Z -- Installing: /home/runner/work/ompl/install/include/ompl-2.0/ompl/geometric/planners/sst
2025-09-22T22:08:40.7834789Z -- Installing: /home/runner/work/ompl/install/include/ompl-2.0/ompl/geometric/planners/sst/SST.h
2025-09-22T22:08:40.7836819Z -- Installing: /home/runner/work/ompl/install/include/ompl-2.0/ompl/geometric/PathSimplifier.h
2025-09-22T22:08:40.7838744Z -- Installing: /home/runner/work/ompl/install/include/ompl-2.0/ompl/geometric/GeneticSearch.h
2025-09-22T22:08:40.7840792Z -- Installing: /home/runner/work/ompl/install/include/ompl-2.0/ompl/geometric/PathHybridization.h
2025-09-22T22:08:40.7842716Z -- Installing: /home/runner/work/ompl/install/include/ompl-2.0/ompl/geometric/PathGeometric.h
2025-09-22T22:08:40.7844439Z -- Installing: /home/runner/work/ompl/install/include/ompl-2.0/ompl/control
2025-09-22T22:08:40.7845725Z -- Installing: /home/runner/work/ompl/install/include/ompl-2.0/ompl/control/ODESolver.h
2025-09-22T22:08:40.7847937Z -- Installing: /home/runner/work/ompl/install/include/ompl-2.0/ompl/control/DirectedControlSampler.h
2025-09-22T22:08:40.7849555Z -- Installing: /home/runner/work/ompl/install/include/ompl-2.0/ompl/control/SimpleSetup.h
2025-09-22T22:08:40.7851661Z -- Installing: /home/runner/work/ompl/install/include/ompl-2.0/ompl/control/spaces
2025-09-22T22:08:40.7853028Z -- Installing: /home/runner/work/ompl/install/include/ompl-2.0/ompl/control/spaces/RealVectorControlSpace.h
2025-09-22T22:08:40.7855044Z -- Installing: /home/runner/work/ompl/install/include/ompl-2.0/ompl/control/spaces/DiscreteControlSpace.h
2025-09-22T22:08:40.7856666Z -- Installing: /home/runner/work/ompl/install/include/ompl-2.0/ompl/control/SteeredControlSampler.h
2025-09-22T22:08:40.7858566Z -- Installing: /home/runner/work/ompl/install/include/ompl-2.0/ompl/control/SimpleDirectedControlSampler.h
2025-09-22T22:08:40.7860120Z -- Installing: /home/runner/work/ompl/install/include/ompl-2.0/ompl/control/planners
2025-09-22T22:08:40.7861545Z -- Installing: /home/runner/work/ompl/install/include/ompl-2.0/ompl/control/planners/rrt
2025-09-22T22:08:40.7862862Z -- Installing: /home/runner/work/ompl/install/include/ompl-2.0/ompl/control/planners/rrt/RRT.h
2025-09-22T22:08:40.7864953Z -- Installing: /home/runner/work/ompl/install/include/ompl-2.0/ompl/control/planners/rrt/HyRRT.h
2025-09-22T22:08:40.7866842Z -- Installing: /home/runner/work/ompl/install/include/ompl-2.0/ompl/control/planners/ltl
2025-09-22T22:08:40.7868119Z -- Installing: /home/runner/work/ompl/install/include/ompl-2.0/ompl/control/planners/ltl/LTLPlanner.h
2025-09-22T22:08:40.7870095Z -- Installing: /home/runner/work/ompl/install/include/ompl-2.0/ompl/control/planners/ltl/World.h
2025-09-22T22:08:40.7872390Z -- Installing: /home/runner/work/ompl/install/include/ompl-2.0/ompl/control/planners/ltl/LTLSpaceInformation.h
2025-09-22T22:08:40.7874074Z -- Installing: /home/runner/work/ompl/install/include/ompl-2.0/ompl/control/planners/ltl/ProductGraph.h
2025-09-22T22:08:40.7875880Z -- Installing: /home/runner/work/ompl/install/include/ompl-2.0/ompl/control/planners/ltl/PropositionalDecomposition.h
2025-09-22T22:08:40.7877837Z -- Installing: /home/runner/work/ompl/install/include/ompl-2.0/ompl/control/planners/ltl/LTLProblemDefinition.h
2025-09-22T22:08:40.7879407Z -- Installing: /home/runner/work/ompl/install/include/ompl-2.0/ompl/control/planners/ltl/Automaton.h
2025-09-22T22:08:40.7881801Z -- Installing: /home/runner/work/ompl/install/include/ompl-2.0/ompl/control/planners/PlannerIncludes.h
2025-09-22T22:08:40.7883209Z -- Installing: /home/runner/work/ompl/install/include/ompl-2.0/ompl/control/planners/syclop
2025-09-22T22:08:40.7884616Z -- Installing: /home/runner/work/ompl/install/include/ompl-2.0/ompl/control/planners/syclop/GridDecomposition.h
2025-09-22T22:08:40.7886666Z -- Installing: /home/runner/work/ompl/install/include/ompl-2.0/ompl/control/planners/syclop/Decomposition.h
2025-09-22T22:08:40.7888335Z -- Installing: /home/runner/work/ompl/install/include/ompl-2.0/ompl/control/planners/syclop/SyclopEST.h
2025-09-22T22:08:40.7890359Z -- Installing: /home/runner/work/ompl/install/include/ompl-2.0/ompl/control/planners/syclop/Syclop.h
2025-09-22T22:08:40.7892598Z -- Installing: /home/runner/work/ompl/install/include/ompl-2.0/ompl/control/planners/syclop/SyclopRRT.h
2025-09-22T22:08:40.7894442Z -- Installing: /home/runner/work/ompl/install/include/ompl-2.0/ompl/control/planners/pdst
2025-09-22T22:08:40.7895574Z -- Installing: /home/runner/work/ompl/install/include/ompl-2.0/ompl/control/planners/pdst/PDST.h
2025-09-22T22:08:40.7897651Z -- Installing: /home/runner/work/ompl/install/include/ompl-2.0/ompl/control/planners/est
2025-09-22T22:08:40.7898877Z -- Installing: /home/runner/work/ompl/install/include/ompl-2.0/ompl/control/planners/est/EST.h
2025-09-22T22:08:40.7901007Z -- Installing: /home/runner/work/ompl/install/include/ompl-2.0/ompl/control/planners/kpiece
2025-09-22T22:08:40.7902316Z -- Installing: /home/runner/work/ompl/install/include/ompl-2.0/ompl/control/planners/kpiece/KPIECE1.h
2025-09-22T22:08:40.7904319Z -- Installing: /home/runner/work/ompl/install/include/ompl-2.0/ompl/control/planners/sst
2025-09-22T22:08:40.7905601Z -- Installing: /home/runner/work/ompl/install/include/ompl-2.0/ompl/control/planners/sst/SST.h
2025-09-22T22:08:40.7907677Z -- Installing: /home/runner/work/ompl/install/include/ompl-2.0/ompl/control/planners/sst/HySST.h
2025-09-22T22:08:40.7909686Z -- Installing: /home/runner/work/ompl/install/include/ompl-2.0/ompl/control/PathControl.h
2025-09-22T22:08:40.7911737Z -- Installing: /home/runner/work/ompl/install/include/ompl-2.0/ompl/control/PlannerDataStorage.h
2025-09-22T22:08:40.7913655Z -- Installing: /home/runner/work/ompl/install/include/ompl-2.0/ompl/control/ControlSpace.h
2025-09-22T22:08:40.7915592Z -- Installing: /home/runner/work/ompl/install/include/ompl-2.0/ompl/control/ControlSampler.h
2025-09-22T22:08:40.7917243Z -- Installing: /home/runner/work/ompl/install/include/ompl-2.0/ompl/control/PlannerData.h
2025-09-22T22:08:40.7919293Z -- Installing: /home/runner/work/ompl/install/include/ompl-2.0/ompl/control/SpaceInformation.h
2025-09-22T22:08:40.7921213Z -- Installing: /home/runner/work/ompl/install/include/ompl-2.0/ompl/control/ControlSpaceTypes.h
2025-09-22T22:08:40.7923438Z -- Installing: /home/runner/work/ompl/install/include/ompl-2.0/ompl/control/StatePropagator.h
2025-09-22T22:08:40.7925082Z -- Installing: /home/runner/work/ompl/install/include/ompl-2.0/ompl/control/Control.h
2025-09-22T22:08:40.7926908Z -- Installing: /home/runner/work/ompl/install/include/ompl-2.0/ompl/util
2025-09-22T22:08:40.7928192Z -- Installing: /home/runner/work/ompl/install/include/ompl-2.0/ompl/util/GeometricEquations.h
2025-09-22T22:08:40.7930003Z -- Installing: /home/runner/work/ompl/install/include/ompl-2.0/ompl/util/Time.h
2025-09-22T22:08:40.7932178Z -- Installing: /home/runner/work/ompl/install/include/ompl-2.0/ompl/util/DisableCompilerWarning.h
2025-09-22T22:08:40.7933719Z -- Installing: /home/runner/work/ompl/install/include/ompl-2.0/ompl/util/PPM.h
2025-09-22T22:08:40.7935526Z -- Installing: /home/runner/work/ompl/install/include/ompl-2.0/ompl/util/Console.h
2025-09-22T22:08:40.7937255Z -- Installing: /home/runner/work/ompl/install/include/ompl-2.0/ompl/util/ClassForward.h
2025-09-22T22:08:40.7939030Z -- Installing: /home/runner/work/ompl/install/include/ompl-2.0/ompl/util/Exception.h
2025-09-22T22:08:40.7940987Z -- Installing: /home/runner/work/ompl/install/include/ompl-2.0/ompl/util/String.h
2025-09-22T22:08:40.7942880Z -- Installing: /home/runner/work/ompl/install/include/ompl-2.0/ompl/util/ProlateHyperspheroid.h
2025-09-22T22:08:40.7944622Z -- Installing: /home/runner/work/ompl/install/include/ompl-2.0/ompl/util/RandomNumbers.h
2025-09-22T22:08:40.7946517Z -- Installing: /home/runner/work/ompl/install/include/ompl-2.0/ompl/util/Hash.h
2025-09-22T22:08:40.7950250Z -- Installing: /home/runner/work/ompl/install/include/ompl-2.0/ompl/config.h
2025-09-22T22:08:40.7958078Z -- Installing: /home/runner/work/ompl/install/lib/cmake/nigh/nighTargets.cmake
2025-09-22T22:08:40.7960941Z -- Installing: /home/runner/work/ompl/install/lib/cmake/pdqsort/pdqsortTargets.cmake
2025-09-22T22:08:40.7963099Z -- Installing: /home/runner/work/ompl/install/lib/libsimdxorshift.a
2025-09-22T22:08:40.7965157Z -- Installing: /home/runner/work/ompl/install/include/ompl-2.0/vamp
2025-09-22T22:08:40.7966337Z -- Installing: /home/runner/work/ompl/install/include/ompl-2.0/vamp/utils.hh
2025-09-22T22:08:40.7968305Z -- Installing: /home/runner/work/ompl/install/include/ompl-2.0/vamp/vector.hh
2025-09-22T22:08:40.7970099Z -- Installing: /home/runner/work/ompl/install/include/ompl-2.0/vamp/collision
2025-09-22T22:08:40.7971659Z -- Installing: /home/runner/work/ompl/install/include/ompl-2.0/vamp/collision/validity.hh
2025-09-22T22:08:40.7973773Z -- Installing: /home/runner/work/ompl/install/include/ompl-2.0/vamp/collision/sphere_heightfield.hh
2025-09-22T22:08:40.7975347Z -- Installing: /home/runner/work/ompl/install/include/ompl-2.0/vamp/collision/factory.hh
2025-09-22T22:08:40.7977382Z -- Installing: /home/runner/work/ompl/install/include/ompl-2.0/vamp/collision/sphere_cuboid.hh
2025-09-22T22:08:40.7978962Z -- Installing: /home/runner/work/ompl/install/include/ompl-2.0/vamp/collision/filter.hh
2025-09-22T22:08:40.7981196Z -- Installing: /home/runner/work/ompl/install/include/ompl-2.0/vamp/collision/shapes_iostream.hh
2025-09-22T22:08:40.7983510Z -- Installing: /home/runner/work/ompl/install/include/ompl-2.0/vamp/collision/sphere_capsule.hh
2025-09-22T22:08:40.7985169Z -- Installing: /home/runner/work/ompl/install/include/ompl-2.0/vamp/collision/sphere_sphere.hh
2025-09-22T22:08:40.7987063Z -- Installing: /home/runner/work/ompl/install/include/ompl-2.0/vamp/collision/attachments.hh
2025-09-22T22:08:40.7988679Z -- Installing: /home/runner/work/ompl/install/include/ompl-2.0/vamp/collision/capt.hh
2025-09-22T22:08:40.7990938Z -- Installing: /home/runner/work/ompl/install/include/ompl-2.0/vamp/collision/environment.hh
2025-09-22T22:08:40.7992693Z -- Installing: /home/runner/work/ompl/install/include/ompl-2.0/vamp/collision/shapes.hh
2025-09-22T22:08:40.7994536Z -- Installing: /home/runner/work/ompl/install/include/ompl-2.0/vamp/collision/math.hh
2025-09-22T22:08:40.7996208Z -- Installing: /home/runner/work/ompl/install/include/ompl-2.0/vamp/random
2025-09-22T22:08:40.7997454Z -- Installing: /home/runner/work/ompl/install/include/ompl-2.0/vamp/random/halton.hh
2025-09-22T22:08:40.7999354Z -- Installing: /home/runner/work/ompl/install/include/ompl-2.0/vamp/random/distribution.hh
2025-09-22T22:08:40.8001316Z -- Installing: /home/runner/work/ompl/install/include/ompl-2.0/vamp/random/xorshift.hh
2025-09-22T22:08:40.8003120Z -- Installing: /home/runner/work/ompl/install/include/ompl-2.0/vamp/random/rng.hh
2025-09-22T22:08:40.8004769Z -- Installing: /home/runner/work/ompl/install/include/ompl-2.0/vamp/bindings
2025-09-22T22:08:40.8006179Z -- Installing: /home/runner/work/ompl/install/include/ompl-2.0/vamp/bindings/robot_helper.hh
2025-09-22T22:08:40.8008378Z -- Installing: /home/runner/work/ompl/install/include/ompl-2.0/vamp/planning
2025-09-22T22:08:40.8009529Z -- Installing: /home/runner/work/ompl/install/include/ompl-2.0/vamp/planning/utils.hh
2025-09-22T22:08:40.8011593Z -- Installing: /home/runner/work/ompl/install/include/ompl-2.0/vamp/planning/aox_nn.hh
2025-09-22T22:08:40.8013736Z -- Installing: /home/runner/work/ompl/install/include/ompl-2.0/vamp/planning/rrtc_settings.hh
2025-09-22T22:08:40.8015320Z -- Installing: /home/runner/work/ompl/install/include/ompl-2.0/vamp/planning/rrtc.hh
2025-09-22T22:08:40.8018857Z -- Installing: /home/runner/work/ompl/install/include/ompl-2.0/vamp/planning/simplify_settings.hh
2025-09-22T22:08:40.8020883Z -- Installing: /home/runner/work/ompl/install/include/ompl-2.0/vamp/planning/prm.hh
2025-09-22T22:08:40.8021994Z -- Installing: /home/runner/work/ompl/install/include/ompl-2.0/vamp/planning/fcit.hh
2025-09-22T22:08:40.8024112Z -- Installing: /home/runner/work/ompl/install/include/ompl-2.0/vamp/planning/aorrtc.hh
2025-09-22T22:08:40.8026312Z -- Installing: /home/runner/work/ompl/install/include/ompl-2.0/vamp/planning/roadmap.hh
2025-09-22T22:08:40.8028434Z -- Installing: /home/runner/work/ompl/install/include/ompl-2.0/vamp/planning/simplify.hh
2025-09-22T22:08:40.8029909Z -- Installing: /home/runner/work/ompl/install/include/ompl-2.0/vamp/planning/nn.hh
2025-09-22T22:08:40.8032311Z -- Installing: /home/runner/work/ompl/install/include/ompl-2.0/vamp/planning/aorrtc_settings.hh
2025-09-22T22:08:40.8033637Z -- Installing: /home/runner/work/ompl/install/include/ompl-2.0/vamp/planning/plan.hh
2025-09-22T22:08:40.8035497Z -- Installing: /home/runner/work/ompl/install/include/ompl-2.0/vamp/planning/validate.hh
2025-09-22T22:08:40.8037151Z -- Installing: /home/runner/work/ompl/install/include/ompl-2.0/vamp/planning/phs.hh
2025-09-22T22:08:40.8038899Z -- Installing: /home/runner/work/ompl/install/include/ompl-2.0/vamp/robots
2025-09-22T22:08:40.8039913Z -- Installing: /home/runner/work/ompl/install/include/ompl-2.0/vamp/robots/fetch.hh
2025-09-22T22:08:40.8061562Z -- Installing: /home/runner/work/ompl/install/include/ompl-2.0/vamp/robots/panda.hh
2025-09-22T22:08:40.8069582Z -- Installing: /home/runner/work/ompl/install/include/ompl-2.0/vamp/robots/sphere.hh
2025-09-22T22:08:40.8071221Z -- Installing: /home/runner/work/ompl/install/include/ompl-2.0/vamp/robots/baxter.hh
2025-09-22T22:08:40.8089355Z -- Installing: /home/runner/work/ompl/install/include/ompl-2.0/vamp/robots/ur5.hh
2025-09-22T22:08:40.8095354Z -- Installing: /home/runner/work/ompl/install/include/ompl-2.0/vamp/constants.hh
2025-09-22T22:08:40.8096626Z -- Installing: /home/runner/work/ompl/install/include/ompl-2.0/vamp/vector
2025-09-22T22:08:40.8097925Z -- Installing: /home/runner/work/ompl/install/include/ompl-2.0/vamp/vector/utils.hh
2025-09-22T22:08:40.8099893Z -- Installing: /home/runner/work/ompl/install/include/ompl-2.0/vamp/vector/eigen.hh
2025-09-22T22:08:40.8101995Z -- Installing: /home/runner/work/ompl/install/include/ompl-2.0/vamp/vector/neon.hh
2025-09-22T22:08:40.8103602Z -- Installing: /home/runner/work/ompl/install/include/ompl-2.0/vamp/vector/avx.hh
2025-09-22T22:08:40.8105707Z -- Installing: /home/runner/work/ompl/install/include/ompl-2.0/vamp/vector/interface.hh
2025-09-22T22:08:40.8107880Z -- Installing: /home/runner/work/ompl/install/include/ompl-2.0/vamp/vector/math.hh
2025-09-22T22:08:40.8110989Z -- Installing: /home/runner/work/ompl/install/share/cmake/vamp/vampConfig.cmake
2025-09-22T22:08:40.8112886Z -- Installing: /home/runner/work/ompl/install/share/cmake/vamp/vampConfigVersion.cmake
2025-09-22T22:08:40.8115294Z -- Installing: /home/runner/work/ompl/install/share/cmake/vamp/vamp_cppTargets.cmake
2025-09-22T22:08:40.8117622Z -- Installing: /home/runner/work/ompl/install/share/cmake/vamp/vamp_cppTargets-release.cmake
2025-09-22T22:08:40.8126313Z -- Installing: /home/runner/work/ompl/install/share/ompl/demos/DubinsAirplane.py
2025-09-22T22:08:40.8128635Z -- Installing: /home/runner/work/ompl/install/share/ompl/demos/DubinsAirplanePlot.py
2025-09-22T22:08:40.8130792Z -- Installing: /home/runner/work/ompl/install/share/ompl/demos/KinematicChainPathPlot.py
2025-09-22T22:08:40.8133002Z -- Installing: /home/runner/work/ompl/install/share/ompl/demos/OptimalPlanning.py
2025-09-22T22:08:40.8135199Z -- Installing: /home/runner/work/ompl/install/share/ompl/demos/PlannerData.py
2025-09-22T22:08:40.8137389Z -- Installing: /home/runner/work/ompl/install/share/ompl/demos/Point2DPlanning.py
2025-09-22T22:08:40.8139507Z -- Installing: /home/runner/work/ompl/install/share/ompl/demos/RandomWalkPlanner.py
2025-09-22T22:08:40.8141724Z -- Installing: /home/runner/work/ompl/install/share/ompl/demos/RigidBodyPlanning.py
2025-09-22T22:08:40.8144118Z -- Installing: /home/runner/work/ompl/install/share/ompl/demos/RigidBodyPlanningWithControls.py
2025-09-22T22:08:40.8148555Z -- Installing: /home/runner/work/ompl/install/share/ompl/demos/RigidBodyPlanningWithODESolverAndControls.py
2025-09-22T22:08:40.8149720Z -- Installing: /home/runner/work/ompl/install/share/ompl/demos/SpaceTimePlanning.py
2025-09-22T22:08:40.8151500Z -- Installing: /home/runner/work/ompl/install/share/ompl/demos/StateSampling.py
2025-09-22T22:08:40.8153841Z -- Installing: /home/runner/work/ompl/install/share/ompl/demos/BouncingBallPlanning.cpp
2025-09-22T22:08:40.8155537Z -- Installing: /home/runner/work/ompl/install/share/ompl/demos/CForestCircleGridBenchmark.cpp
2025-09-22T22:08:40.8157352Z -- Installing: /home/runner/work/ompl/install/share/ompl/demos/Diagonal.cpp
2025-09-22T22:08:40.8159163Z -- Installing: /home/runner/work/ompl/install/share/ompl/demos/DubinsAirplane.cpp
2025-09-22T22:08:40.8161301Z -- Installing: /home/runner/work/ompl/install/share/ompl/demos/GeometricCarPlanning.cpp
2025-09-22T22:08:40.8163194Z -- Installing: /home/runner/work/ompl/install/share/ompl/demos/HybridSystemPlanning.cpp
2025-09-22T22:08:40.8165096Z -- Installing: /home/runner/work/ompl/install/share/ompl/demos/HypercubeBenchmark.cpp
2025-09-22T22:08:40.8166745Z -- Installing: /home/runner/work/ompl/install/share/ompl/demos/KinematicChainBenchmark.cpp
2025-09-22T22:08:40.8168620Z -- Installing: /home/runner/work/ompl/install/share/ompl/demos/LTLWithTriangulation.cpp
2025-09-22T22:08:40.8170440Z -- Installing: /home/runner/work/ompl/install/share/ompl/demos/OptimalPlanning.cpp
2025-09-22T22:08:40.8172722Z -- Installing: /home/runner/work/ompl/install/share/ompl/demos/PinballPlanning.cpp
2025-09-22T22:08:40.8174644Z -- Installing: /home/runner/work/ompl/install/share/ompl/demos/PlannerData.cpp
2025-09-22T22:08:40.8176625Z -- Installing: /home/runner/work/ompl/install/share/ompl/demos/PlannerProgressProperties.cpp
2025-09-22T22:08:40.8178253Z -- Installing: /home/runner/work/ompl/install/share/ompl/demos/Point2DPlanning.cpp
2025-09-22T22:08:40.8180120Z -- Installing: /home/runner/work/ompl/install/share/ompl/demos/RigidBodyPlanning.cpp
2025-09-22T22:08:40.8182211Z -- Installing: /home/runner/work/ompl/install/share/ompl/demos/RigidBodyPlanningWithControls.cpp
2025-09-22T22:08:40.8184029Z -- Installing: /home/runner/work/ompl/install/share/ompl/demos/RigidBodyPlanningWithIK.cpp
2025-09-22T22:08:40.8185989Z -- Installing: /home/runner/work/ompl/install/share/ompl/demos/RigidBodyPlanningWithIntegrationAndControls.cpp
2025-09-22T22:08:40.8187753Z -- Installing: /home/runner/work/ompl/install/share/ompl/demos/RigidBodyPlanningWithODESolverAndControls.cpp
2025-09-22T22:08:40.8189365Z -- Installing: /home/runner/work/ompl/install/share/ompl/demos/SSTPinballPlanning.cpp
2025-09-22T22:08:40.8191576Z -- Installing: /home/runner/work/ompl/install/share/ompl/demos/SpaceTimePlanning.cpp
2025-09-22T22:08:40.8193332Z -- Installing: /home/runner/work/ompl/install/share/ompl/demos/StateSampling.cpp
2025-09-22T22:08:40.8195135Z -- Installing: /home/runner/work/ompl/install/share/ompl/demos/ThunderLightning.cpp
2025-09-22T22:08:40.8196857Z -- Installing: /home/runner/work/ompl/install/share/ompl/demos/TriangulationDemo.cpp
2025-09-22T22:08:40.8198919Z -- Installing: /home/runner/work/ompl/install/share/ompl/demos/constraint
2025-09-22T22:08:40.8200422Z -- Installing: /home/runner/work/ompl/install/share/ompl/demos/constraint/ConstraintGeneration.py
2025-09-22T22:08:40.8202631Z -- Installing: /home/runner/work/ompl/install/share/ompl/demos/constraint/ConstrainedPlanningCommon.h
2025-09-22T22:08:40.8204222Z -- Installing: /home/runner/work/ompl/install/share/ompl/demos/constraint/mazes
2025-09-22T22:08:40.8205534Z -- Installing: /home/runner/work/ompl/install/share/ompl/demos/constraint/mazes/thick.ppm
2025-09-22T22:08:40.8213821Z -- Installing: /home/runner/work/ompl/install/share/ompl/demos/constraint/mazes/normal.ppm
2025-09-22T22:08:40.8221632Z -- Installing: /home/runner/work/ompl/install/share/ompl/demos/constraint/mazes/big.ppm
2025-09-22T22:08:40.8229365Z -- Installing: /home/runner/work/ompl/install/share/ompl/demos/constraint/mazes/thin.ppm
2025-09-22T22:08:40.8237438Z -- Installing: /home/runner/work/ompl/install/share/ompl/demos/constraint/mazes/empty.ppm
2025-09-22T22:08:40.8245440Z -- Installing: /home/runner/work/ompl/install/share/ompl/demos/constraint/ConstrainedPlanningSphere.py
2025-09-22T22:08:40.8248212Z -- Installing: /home/runner/work/ompl/install/share/ompl/demos/constraint/ConstrainedPlanningTorus.py
2025-09-22T22:08:40.8250529Z -- Installing: /home/runner/work/ompl/install/share/ompl/demos/constraint/ConstrainedPlanningImplicitChain.py
2025-09-22T22:08:40.8252160Z -- Installing: /home/runner/work/ompl/install/share/ompl/demos/constraint/ConstrainedPlanningKinematicChain.cpp
2025-09-22T22:08:40.8255115Z -- Installing: /home/runner/work/ompl/install/share/ompl/demos/constraint/ConstrainedPlanningImplicitChain.cpp
2025-09-22T22:08:40.8257110Z -- Installing: /home/runner/work/ompl/install/share/ompl/demos/constraint/ConstrainedPlanningImplicitParallel.cpp
2025-09-22T22:08:40.8258463Z -- Installing: /home/runner/work/ompl/install/share/ompl/demos/constraint/visualization
2025-09-22T22:08:40.8259717Z -- Installing: /home/runner/work/ompl/install/share/ompl/demos/constraint/visualization/ConstrainedPlanningSphere.blend
2025-09-22T22:08:40.8280570Z -- Installing: /home/runner/work/ompl/install/share/ompl/demos/constraint/visualization/ConstrainedPlanningTorus.blend
2025-09-22T22:08:40.8290342Z -- Installing: /home/runner/work/ompl/install/share/ompl/demos/constraint/visualization/ConstrainedPlanningImplicitChain.blend
2025-09-22T22:08:40.8296220Z -- Installing: /home/runner/work/ompl/install/share/ompl/demos/constraint/visualization/ConstrainedPlanningImplicitParallel.blend
2025-09-22T22:08:40.8302332Z -- Installing: /home/runner/work/ompl/install/share/ompl/demos/constraint/ConstrainedPlanningTorus.cpp
2025-09-22T22:08:40.8304072Z -- Installing: /home/runner/work/ompl/install/share/ompl/demos/constraint/ConstrainedPlanningCommon.py
2025-09-22T22:08:40.8306095Z -- Installing: /home/runner/work/ompl/install/share/ompl/demos/constraint/ConstrainedPlanningSphere.cpp
2025-09-22T22:08:40.8307423Z -- Installing: /home/runner/work/ompl/install/share/ompl/demos/Koules
2025-09-22T22:08:40.8308947Z -- Installing: /home/runner/work/ompl/install/share/ompl/demos/Koules/KoulesControlSpace.cpp
2025-09-22T22:08:40.8310920Z -- Installing: /home/runner/work/ompl/install/share/ompl/demos/Koules/KoulesGoal.h
2025-09-22T22:08:40.8312750Z -- Installing: /home/runner/work/ompl/install/share/ompl/demos/Koules/KoulesStateSpace.h
2025-09-22T22:08:40.8314257Z -- Installing: /home/runner/work/ompl/install/share/ompl/demos/Koules/KoulesDecomposition.h
2025-09-22T22:08:40.8315940Z -- Installing: /home/runner/work/ompl/install/share/ompl/demos/Koules/KoulesStatePropagator.cpp
2025-09-22T22:08:40.8317477Z -- Installing: /home/runner/work/ompl/install/share/ompl/demos/Koules/Koules.cpp
2025-09-22T22:08:40.8319503Z -- Installing: /home/runner/work/ompl/install/share/ompl/demos/Koules/KoulesStatePropagator.h
2025-09-22T22:08:40.8321095Z -- Installing: /home/runner/work/ompl/install/share/ompl/demos/Koules/KoulesPlayback.py
2025-09-22T22:08:40.8323183Z -- Installing: /home/runner/work/ompl/install/share/ompl/demos/Koules/KoulesGoal.cpp
2025-09-22T22:08:40.8324951Z -- Installing: /home/runner/work/ompl/install/share/ompl/demos/Koules/KoulesSimulator.h
2025-09-22T22:08:40.8326561Z -- Installing: /home/runner/work/ompl/install/share/ompl/demos/Koules/KoulesStateSpace.cpp
2025-09-22T22:08:40.8328329Z -- Installing: /home/runner/work/ompl/install/share/ompl/demos/Koules/KoulesConfig.h
2025-09-22T22:08:40.8329912Z -- Installing: /home/runner/work/ompl/install/share/ompl/demos/Koules/KoulesProjection.h
2025-09-22T22:08:40.8332037Z -- Installing: /home/runner/work/ompl/install/share/ompl/demos/Koules/KoulesSimulator.cpp
2025-09-22T22:08:40.8333871Z -- Installing: /home/runner/work/ompl/install/share/ompl/demos/Koules/KoulesSetup.h
2025-09-22T22:08:40.8335507Z -- Installing: /home/runner/work/ompl/install/share/ompl/demos/Koules/KoulesControlSpace.h
2025-09-22T22:08:40.8337327Z -- Installing: /home/runner/work/ompl/install/share/ompl/demos/Koules/KoulesSetup.cpp
2025-09-22T22:08:40.8339732Z -- Installing: /home/runner/work/ompl/install/share/ompl/demos/Koules/KoulesDirectedControlSampler.cpp
2025-09-22T22:08:40.8341626Z -- Installing: /home/runner/work/ompl/install/share/ompl/demos/Koules/KoulesDirectedControlSampler.h
2025-09-22T22:08:40.8343165Z -- Installing: /home/runner/work/ompl/install/share/ompl/demos/multilevel
2025-09-22T22:08:40.8344703Z -- Installing: /home/runner/work/ompl/install/share/ompl/demos/multilevel/MultiLevelPlanningCommon.h
2025-09-22T22:08:40.8346896Z -- Installing: /home/runner/work/ompl/install/share/ompl/demos/multilevel/MultiLevelPlanningHyperCube.cpp
2025-09-22T22:08:40.8348240Z -- Installing: /home/runner/work/ompl/install/share/ompl/demos/multilevel/MultiLevelPlanningRigidBody2D.cpp
2025-09-22T22:08:40.8350075Z -- Installing: /home/runner/work/ompl/install/share/ompl/demos/multilevel/MultiLevelPlanningHyperCubeCommon.h
2025-09-22T22:08:40.8351937Z -- Installing: /home/runner/work/ompl/install/share/ompl/demos/multilevel/MultiLevelPlanningRigidBody2D.py
2025-09-22T22:08:40.8353656Z -- Installing: /home/runner/work/ompl/install/share/ompl/demos/multilevel/MultiLevelPlanningRigidBody3D.cpp
2025-09-22T22:08:40.8355326Z -- Installing: /home/runner/work/ompl/install/share/ompl/demos/multilevel/MultiLevelPlanarManipulatorCommon.h
2025-09-22T22:08:40.8357032Z -- Installing: /home/runner/work/ompl/install/share/ompl/demos/multilevel/MultiLevelPlanningKinematicChain.cpp
2025-09-22T22:08:40.8358821Z -- Installing: /home/runner/work/ompl/install/share/ompl/demos/multilevel/MultiLevelPlanningHyperCubeBenchmark.cpp
2025-09-22T22:08:40.8360790Z -- Installing: /home/runner/work/ompl/install/share/ompl/demos/multilevel/MultiLevelPlanarManipulatorDemo.cpp
2025-09-22T22:08:40.8362656Z -- Installing: /home/runner/work/ompl/install/share/ompl/demos/PlanarManipulator
2025-09-22T22:08:40.8363775Z -- Installing: /home/runner/work/ompl/install/share/ompl/demos/PlanarManipulator/visualize.py
2025-09-22T22:08:40.8365857Z -- Installing: /home/runner/work/ompl/install/share/ompl/demos/PlanarManipulator/PlanarManipulatorPolyWorld.h
2025-09-22T22:08:40.8367562Z -- Installing: /home/runner/work/ompl/install/share/ompl/demos/PlanarManipulator/PlanarManipulatorStateValidityChecker.h
2025-09-22T22:08:40.8369141Z -- Installing: /home/runner/work/ompl/install/share/ompl/demos/PlanarManipulator/PlanarManipulatorDemo.cpp
2025-09-22T22:08:40.8371330Z -- Installing: /home/runner/work/ompl/install/share/ompl/demos/PlanarManipulator/PlanarManipulatorStateSpace.h
2025-09-22T22:08:40.8372904Z -- Installing: /home/runner/work/ompl/install/share/ompl/demos/PlanarManipulator/PlanarManipulatorIKGoal.h
2025-09-22T22:08:40.8374738Z -- Installing: /home/runner/work/ompl/install/share/ompl/demos/PlanarManipulator/PlanarManipulatorTSRRTConfig.h
2025-09-22T22:08:40.8376343Z -- Installing: /home/runner/work/ompl/install/share/ompl/demos/PlanarManipulator/PolyWorld.h
2025-09-22T22:08:40.8378216Z -- Installing: /home/runner/work/ompl/install/share/ompl/demos/PlanarManipulator/PlanarManipulator.cpp
2025-09-22T22:08:40.8380290Z -- Installing: /home/runner/work/ompl/install/share/ompl/demos/PlanarManipulator/PlanarManipulator.h
2025-09-22T22:08:40.8381964Z -- Installing: /home/runner/work/ompl/install/share/ompl/demos/PlanarManipulator/PolyWorld.cpp
2025-09-22T22:08:40.8384031Z -- Installing: /home/runner/work/ompl/install/share/ompl/demos/PlanarManipulator/PlanarManipulatorXXLDecomposition.h
2025-09-22T22:08:40.8385854Z -- Installing: /home/runner/work/ompl/install/share/ompl/demos/Vamp
2025-09-22T22:08:40.8386961Z -- Installing: /home/runner/work/ompl/install/share/ompl/demos/Vamp/utilities
2025-09-22T22:08:40.8388344Z -- Installing: /home/runner/work/ompl/install/share/ompl/demos/Vamp/utilities/VampRobotRegistry.h
2025-09-22T22:08:40.8390309Z -- Installing: /home/runner/work/ompl/install/share/ompl/demos/Vamp/utilities/VampUtils.h
2025-09-22T22:08:40.8392455Z -- Installing: /home/runner/work/ompl/install/share/ompl/demos/Vamp/config
2025-09-22T22:08:40.8393620Z -- Installing: /home/runner/work/ompl/install/share/ompl/demos/Vamp/config/panda_benchmark.yaml
2025-09-22T22:08:40.8395560Z -- Installing: /home/runner/work/ompl/install/share/ompl/demos/Vamp/config/planar_arm_2dof.urdf
2025-09-22T22:08:40.8397160Z -- Installing: /home/runner/work/ompl/install/share/ompl/demos/Vamp/config/planar_arm_2dof_demo.yaml
2025-09-22T22:08:40.8398783Z -- Installing: /home/runner/work/ompl/install/share/ompl/demos/Vamp/config/panda_demo.yaml
2025-09-22T22:08:40.8400575Z -- Installing: /home/runner/work/ompl/install/share/ompl/demos/Vamp/visualization
2025-09-22T22:08:40.8401865Z -- Installing: /home/runner/work/ompl/install/share/ompl/demos/Vamp/visualization/requirements.txt
2025-09-22T22:08:40.8403923Z -- Installing: /home/runner/work/ompl/install/share/ompl/demos/Vamp/visualization/visualizer_animation.py
2025-09-22T22:08:40.8405683Z -- Installing: /home/runner/work/ompl/install/share/ompl/demos/Vamp/visualization/visualizer_core.py
2025-09-22T22:08:40.8407476Z -- Installing: /home/runner/work/ompl/install/share/ompl/demos/Vamp/visualization/visualizer_environment.py
2025-09-22T22:08:40.8409348Z -- Installing: /home/runner/work/ompl/install/share/ompl/demos/Vamp/visualization/visualizer_config.py
2025-09-22T22:08:40.8411157Z -- Installing: /home/runner/work/ompl/install/share/ompl/demos/Vamp/visualization/visualize_solution.py
2025-09-22T22:08:40.8412739Z -- Installing: /home/runner/work/ompl/install/share/ompl/demos/Vamp/benchmarking
2025-09-22T22:08:40.8414039Z -- Installing: /home/runner/work/ompl/install/share/ompl/demos/Vamp/benchmarking/VampBenchmarkManager.h
2025-09-22T22:08:40.8415792Z -- Installing: /home/runner/work/ompl/install/share/ompl/demos/Vamp/core
2025-09-22T22:08:40.8416901Z -- Installing: /home/runner/work/ompl/install/share/ompl/demos/Vamp/core/VampValidators.h
2025-09-22T22:08:40.8419105Z -- Installing: /home/runner/work/ompl/install/share/ompl/demos/Vamp/core/VampOMPLInterfaces.h
2025-09-22T22:08:40.8420910Z -- Installing: /home/runner/work/ompl/install/share/ompl/demos/Vamp/core/OMPLPlanningContext.h
2025-09-22T22:08:40.8423035Z -- Installing: /home/runner/work/ompl/install/share/ompl/demos/Vamp/core/VampOmplPlanning.h
2025-09-22T22:08:40.8424947Z -- Installing: /home/runner/work/ompl/install/share/ompl/demos/Vamp/core/VampOMPLPlanner.h
2025-09-22T22:08:40.8426637Z -- Installing: /home/runner/work/ompl/install/share/ompl/demos/Vamp/examples
2025-09-22T22:08:40.8427786Z -- Installing: /home/runner/work/ompl/install/share/ompl/demos/Vamp/examples/CustomRobotExample.h
2025-09-22T22:08:40.8429601Z -- Installing: /home/runner/work/ompl/install/share/ompl/demos/Vamp/demos
2025-09-22T22:08:40.8430852Z -- Installing: /home/runner/work/ompl/install/share/ompl/demos/Vamp/demos/VampDemo.cpp
2025-09-22T22:08:40.8432987Z -- Installing: /home/runner/work/ompl/install/share/ompl/demos/VFRRT
2025-09-22T22:08:40.8434125Z -- Installing: /home/runner/work/ompl/install/share/ompl/demos/VFRRT/VectorFieldConservative.cpp
2025-09-22T22:08:40.8436072Z -- Installing: /home/runner/work/ompl/install/share/ompl/demos/VFRRT/plotNonconservative.py
2025-09-22T22:08:40.8438019Z -- Installing: /home/runner/work/ompl/install/share/ompl/demos/VFRRT/VectorFieldNonconservative.cpp
2025-09-22T22:08:40.8439515Z -- Installing: /home/runner/work/ompl/install/share/ompl/demos/VFRRT/plotConservative.py
2025-09-22T22:08:40.8444606Z -- Installing: /home/runner/work/ompl/install/bin/ompl_benchmark_statistics.py
2025-09-22T22:08:40.8449353Z -- Installing: /home/runner/work/ompl/install/share/man/man1/ompl_benchmark_statistics.1
2025-09-22T22:08:40.8451003Z -- Installing: /home/runner/work/ompl/install/share/man/man1/plannerarena.1
2025-09-22T22:08:40.8466108Z ##[endgroup]
2025-09-22T22:08:40.8466460Z ##[group]Running CTest
2025-09-22T22:08:40.8480914Z [command]/usr/local/bin/ctest -C Release --output-on-failure
2025-09-22T22:08:41.4046618Z Test project /home/runner/work/ompl/build
2025-09-22T22:08:41.4858977Z       Start  1: test_adjacency_list
2025-09-22T22:08:41.7425769Z  1/23 Test  #1: test_adjacency_list ..............   Passed    0.25 sec
2025-09-22T22:08:41.7427279Z       Start  2: test_heap
2025-09-22T22:08:41.7456010Z  2/23 Test  #2: test_heap ........................   Passed    0.00 sec
2025-09-22T22:08:41.7457700Z       Start  3: test_grid
2025-09-22T22:08:41.7483770Z  3/23 Test  #3: test_grid ........................   Passed    0.00 sec
2025-09-22T22:08:41.7485440Z       Start  4: test_gridb
2025-09-22T22:08:41.7509973Z  4/23 Test  #4: test_gridb .......................   Passed    0.00 sec
2025-09-22T22:08:41.7511699Z       Start  5: test_nearestneighbors
2025-09-22T22:08:42.4272372Z  5/23 Test  #5: test_nearestneighbors ............   Passed    0.68 sec
2025-09-22T22:08:42.4273115Z       Start  6: test_pdf
2025-09-22T22:08:42.5539975Z  6/23 Test  #6: test_pdf .........................   Passed    0.13 sec
2025-09-22T22:08:42.5541975Z       Start  7: test_random
2025-09-22T22:08:42.9882384Z  7/23 Test  #7: test_random ......................   Passed    0.43 sec
2025-09-22T22:08:42.9883893Z       Start  8: test_halton_sampling
2025-09-22T22:08:43.0101654Z  8/23 Test  #8: test_halton_sampling .............   Passed    0.02 sec
2025-09-22T22:08:43.0103612Z       Start  9: test_state_operations
2025-09-22T22:08:43.3775855Z  9/23 Test  #9: test_state_operations ............   Passed    0.37 sec
2025-09-22T22:08:43.3776960Z       Start 10: test_state_spaces
2025-09-22T22:08:43.8511249Z 10/23 Test #10: test_state_spaces ................   Passed    0.47 sec
2025-09-22T22:08:43.8513159Z       Start 11: test_state_storage
2025-09-22T22:08:43.8576444Z 11/23 Test #11: test_state_storage ...............   Passed    0.01 sec
2025-09-22T22:08:43.8578420Z       Start 12: test_planner_data
2025-09-22T22:08:43.8924661Z 12/23 Test #12: test_planner_data ................   Passed    0.03 sec
2025-09-22T22:08:43.8926538Z       Start 13: test_ptc
2025-09-22T22:08:44.0076573Z 13/23 Test #13: test_ptc .........................   Passed    0.11 sec
2025-09-22T22:08:44.0078367Z       Start 14: test_2dmap_geometric_simple
2025-09-22T22:08:44.1273914Z 14/23 Test #14: test_2dmap_geometric_simple ......   Passed    0.12 sec
2025-09-22T22:08:44.1275558Z       Start 15: test_2dmap_ik
2025-09-22T22:08:44.1486146Z 15/23 Test #15: test_2dmap_ik ....................   Passed    0.02 sec
2025-09-22T22:08:44.1487963Z       Start 16: test_2dcircles_opt_geometric
2025-09-22T22:09:34.6904989Z 16/23 Test #16: test_2dcircles_opt_geometric .....   Passed   50.54 sec
2025-09-22T22:09:34.6906349Z       Start 17: test_2dpath_simplifying
2025-09-22T22:09:34.8154016Z 17/23 Test #17: test_2dpath_simplifying ..........   Passed    0.12 sec
2025-09-22T22:09:34.8155711Z       Start 18: test_constraint_sphere
2025-09-22T22:09:45.5390747Z 18/23 Test #18: test_constraint_sphere ...........   Passed   10.72 sec
2025-09-22T22:09:45.5391940Z       Start 19: test_spacetime_STRRTstar
2025-09-22T22:09:45.9911050Z 19/23 Test #19: test_spacetime_STRRTstar .........   Passed    0.45 sec
2025-09-22T22:09:45.9913084Z       Start 20: test_2dmap_control
2025-09-22T22:09:46.9466598Z 20/23 Test #20: test_2dmap_control ...............   Passed    0.96 sec
2025-09-22T22:09:46.9468886Z       Start 21: test_planner_data_control
2025-09-22T22:09:47.0137116Z 21/23 Test #21: test_planner_data_control ........   Passed    0.07 sec
2025-09-22T22:09:47.0138423Z       Start 22: test_experience_planning
2025-09-22T22:09:47.0293812Z 22/23 Test #22: test_experience_planning .........   Passed    0.02 sec
2025-09-22T22:09:47.0295657Z       Start 23: test_vamp_integration
2025-09-22T22:09:47.0349029Z 23/23 Test #23: test_vamp_integration ............   Passed    0.01 sec
2025-09-22T22:09:47.0352649Z 
2025-09-22T22:09:47.0354287Z 100% tests passed, 0 tests failed out of 23
2025-09-22T22:09:47.0354496Z 
2025-09-22T22:09:47.0354584Z Total Test time (real) =  65.63 sec
2025-09-22T22:09:47.1035481Z ##[endgroup]
2025-09-22T22:09:47.1106320Z ##[group]Run cd tests/cmake_export
2025-09-22T22:09:47.1106620Z [36;1mcd tests/cmake_export[0m
2025-09-22T22:09:47.1106960Z [36;1mcmake -B build -DCMAKE_INSTALL_PREFIX=/home/runner/work/ompl/install[0m
2025-09-22T22:09:47.1107302Z [36;1mcmake --build build[0m
2025-09-22T22:09:47.1137953Z shell: /usr/bin/bash -e {0}
2025-09-22T22:09:47.1138181Z env:
2025-09-22T22:09:47.1138330Z   CC: 
2025-09-22T22:09:47.1138477Z   CXX: 
2025-09-22T22:09:47.1138621Z ##[endgroup]
2025-09-22T22:09:47.1717022Z -- The CXX compiler identification is GNU 13.3.0
2025-09-22T22:09:47.1800035Z -- Detecting CXX compiler ABI info
2025-09-22T22:09:47.2404804Z -- Detecting CXX compiler ABI info - done
2025-09-22T22:09:47.2655708Z -- Check for working CXX compiler: /usr/bin/c++ - skipped
2025-09-22T22:09:47.2659397Z -- Detecting CXX compile features
2025-09-22T22:09:47.2665908Z -- Detecting CXX compile features - done
2025-09-22T22:09:47.2788620Z CMake Warning (dev) at /usr/local/share/cmake-3.31/Modules/CMakeFindDependencyMacro.cmake:76 (find_package):
2025-09-22T22:09:47.2789378Z   Policy CMP0167 is not set: The FindBoost module is removed.  Run "cmake
2025-09-22T22:09:47.2789854Z   --help-policy CMP0167" for policy details.  Use the cmake_policy command to
2025-09-22T22:09:47.2790226Z   set the policy and suppress this warning.
2025-09-22T22:09:47.2790423Z 
2025-09-22T22:09:47.2790509Z Call Stack (most recent call first):
2025-09-22T22:09:47.2791109Z   /home/runner/work/ompl/install/share/ompl/cmake/omplConfig.cmake:30 (find_dependency)
2025-09-22T22:09:47.2791528Z   CMakeLists.txt:8 (find_package)
2025-09-22T22:09:47.2791847Z This warning is for project developers.  Use -Wno-dev to suppress it.
2025-09-22T22:09:47.2792092Z 
2025-09-22T22:09:47.2850971Z -- Found Boost: /usr/lib/x86_64-linux-gnu/cmake/Boost-1.83.0/BoostConfig.cmake (found version "1.83.0") found components: serialization
2025-09-22T22:09:47.2959878Z -- Found Triangle: /usr/lib/libtriangle.so
2025-09-22T22:09:47.3670158Z -- Found ompl: /home/runner/work/ompl/install/include/ompl-2.0;/usr/include;/usr/include/eigen3
2025-09-22T22:09:47.3671122Z * OMPL_FOUND: TRUE
2025-09-22T22:09:47.3671401Z * ompl_FOUND: 1
2025-09-22T22:09:47.3671806Z * OMPL_INCLUDE_DIRS: /home/runner/work/ompl/install/include/ompl-2.0;/usr/include;/usr/include/eigen3
2025-09-22T22:09:47.3672290Z * OMPL_LIBRARIES: ompl::ompl
2025-09-22T22:09:47.3672533Z * OMPL_VERSION: 2.0.0-beta
2025-09-22T22:09:47.3672727Z * OMPL_MAJOR_VERSION: 2
2025-09-22T22:09:47.3672914Z * OMPL_MINOR_VERSION: 0
2025-09-22T22:09:47.3673095Z * OMPL_PATCH_VERSION: 0
2025-09-22T22:09:47.3673269Z -- Legacy Variables:
2025-09-22T22:09:47.3854790Z -- 
2025-09-22T22:09:47.3855145Z  Properties for TARGET ompl::ompl:
2025-09-22T22:09:47.3855806Z    ompl::ompl.LOCATION = "/home/runner/work/ompl/install/lib/libompl.so.2.0.0-beta"
2025-09-22T22:09:47.3856793Z    ompl::ompl.INTERFACE_INCLUDE_DIRECTORIES = "/home/runner/work/ompl/install/include/ompl-2.0"
2025-09-22T22:09:47.3857603Z    ompl::ompl.INCLUDE_DIRECTORIES = <NOTFOUND>
2025-09-22T22:09:47.3857946Z 
2025-09-22T22:09:47.3858105Z -- Configuring done (0.3s)
2025-09-22T22:09:47.3889787Z -- Generating done (0.0s)
2025-09-22T22:09:47.3893503Z -- Build files have been written to: /home/runner/work/ompl/ompl/tests/cmake_export/build
2025-09-22T22:09:47.4059459Z [ 50%] Building CXX object CMakeFiles/main.dir/main.cpp.o
2025-09-22T22:09:47.6922273Z [100%] Linking CXX executable main
2025-09-22T22:09:47.7293588Z [100%] Built target main
2025-09-22T22:09:47.9152145Z ##[group]Run actions/cache/save@v4
2025-09-22T22:09:47.9152396Z with:
2025-09-22T22:09:47.9152583Z   path: /home/runner/work/ompl/build

2025-09-22T22:09:47.9152829Z   key: Linux-X64-build-
2025-09-22T22:09:47.9153031Z   enableCrossOsArchive: false
2025-09-22T22:09:47.9153233Z env:
2025-09-22T22:09:47.9153372Z   CC: 
2025-09-22T22:09:47.9153517Z   CXX: 
2025-09-22T22:09:47.9153659Z ##[endgroup]
2025-09-22T22:09:48.0686447Z [command]/usr/bin/tar --posix -cf cache.tzst --exclude cache.tzst -P -C /home/runner/work/ompl/ompl --files-from manifest.txt --use-compress-program zstdmt
2025-09-22T22:09:48.7367063Z Sent 18372838 of 18372838 (100.0%), 46.4 MBs/sec
2025-09-22T22:09:48.7759402Z Cache saved with key: Linux-X64-build-
2025-09-22T22:09:48.9801497Z Post job cleanup.
2025-09-22T22:09:49.1164118Z [command]/usr/bin/tar --posix -cf cache.tzst --exclude cache.tzst -P -C /home/runner/work/ompl/ompl --files-from manifest.txt --use-compress-program zstdmt
2025-09-22T22:09:49.4134021Z Failed to save: Unable to reserve cache with key Linux-X64-build-, another job may be creating this cache.
2025-09-22T22:09:49.4279886Z Post job cleanup.
2025-09-22T22:09:49.5224270Z [command]/usr/bin/git version
2025-09-22T22:09:49.5261025Z git version 2.51.0
2025-09-22T22:09:49.5304657Z Temporarily overriding HOME='/home/runner/work/_temp/49fd6649-ce4b-4673-8ab3-a49af8df0176' before making global git config changes
2025-09-22T22:09:49.5306211Z Adding repository directory to the temporary git global config as a safe directory
2025-09-22T22:09:49.5311293Z [command]/usr/bin/git config --global --add safe.directory /home/runner/work/ompl/ompl
2025-09-22T22:09:49.5346945Z [command]/usr/bin/git config --local --name-only --get-regexp core\.sshCommand
2025-09-22T22:09:49.5379190Z [command]/usr/bin/git submodule foreach --recursive sh -c "git config --local --name-only --get-regexp 'core\.sshCommand' && git config --local --unset-all 'core.sshCommand' || :"
2025-09-22T22:09:49.5585801Z Entering 'external/vamp'
2025-09-22T22:09:49.5644472Z [command]/usr/bin/git config --local --name-only --get-regexp http\.https\:\/\/github\.com\/\.extraheader
2025-09-22T22:09:49.5665273Z http.https://github.com/.extraheader
2025-09-22T22:09:49.5678376Z [command]/usr/bin/git config --local --unset-all http.https://github.com/.extraheader
2025-09-22T22:09:49.5709036Z [command]/usr/bin/git submodule foreach --recursive sh -c "git config --local --name-only --get-regexp 'http\.https\:\/\/github\.com\/\.extraheader' && git config --local --unset-all 'http.https://github.com/.extraheader' || :"
2025-09-22T22:09:49.5911492Z Entering 'external/vamp'
2025-09-22T22:09:49.5934450Z http.https://github.com/.extraheader
2025-09-22T22:09:49.6089356Z Cleaning up orphan processes
