2025-12-23T00:55:33.1158322Z Current runner version: '2.330.0'
2025-12-23T00:55:33.1182506Z ##[group]Runner Image Provisioner
2025-12-23T00:55:33.1183271Z Hosted Compute Agent
2025-12-23T00:55:33.1183811Z Version: 20251211.462
2025-12-23T00:55:33.1184495Z Commit: 6cbad8c2bb55d58165063d031ccabf57e2d2db61
2025-12-23T00:55:33.1185198Z Build Date: 2025-12-11T16:28:49Z
2025-12-23T00:55:33.1185816Z Worker ID: {6ebd08b2-c15a-4587-a1e1-20aede2b7b21}
2025-12-23T00:55:33.1186591Z ##[endgroup]
2025-12-23T00:55:33.1187122Z ##[group]Operating System
2025-12-23T00:55:33.1187642Z Ubuntu
2025-12-23T00:55:33.1188179Z 24.04.3
2025-12-23T00:55:33.1188625Z LTS
2025-12-23T00:55:33.1189099Z ##[endgroup]
2025-12-23T00:55:33.1189636Z ##[group]Runner Image
2025-12-23T00:55:33.1190208Z Image: ubuntu-24.04
2025-12-23T00:55:33.1190697Z Version: 20251215.174.1
2025-12-23T00:55:33.1191762Z Included Software: https://github.com/actions/runner-images/blob/ubuntu24/20251215.174/images/ubuntu/Ubuntu2404-Readme.md
2025-12-23T00:55:33.1193847Z Image Release: https://github.com/actions/runner-images/releases/tag/ubuntu24%2F20251215.174
2025-12-23T00:55:33.1194961Z ##[endgroup]
2025-12-23T00:55:33.1197463Z ##[group]GITHUB_TOKEN Permissions
2025-12-23T00:55:33.1199799Z Actions: write
2025-12-23T00:55:33.1200361Z ArtifactMetadata: write
2025-12-23T00:55:33.1200958Z Attestations: write
2025-12-23T00:55:33.1201448Z Checks: write
2025-12-23T00:55:33.1202285Z Contents: write
2025-12-23T00:55:33.1202881Z Deployments: write
2025-12-23T00:55:33.1203391Z Discussions: write
2025-12-23T00:55:33.1204021Z Issues: write
2025-12-23T00:55:33.1204480Z Metadata: read
2025-12-23T00:55:33.1204975Z Models: read
2025-12-23T00:55:33.1205537Z Packages: write
2025-12-23T00:55:33.1206050Z Pages: write
2025-12-23T00:55:33.1206570Z PullRequests: write
2025-12-23T00:55:33.1207326Z RepositoryProjects: write
2025-12-23T00:55:33.1207924Z SecurityEvents: write
2025-12-23T00:55:33.1208419Z Statuses: write
2025-12-23T00:55:33.1208990Z ##[endgroup]
2025-12-23T00:55:33.1211074Z Secret source: Actions
2025-12-23T00:55:33.1212205Z Prepare workflow directory
2025-12-23T00:55:33.1721047Z Prepare all required actions
2025-12-23T00:55:33.1760015Z Getting action download info
2025-12-23T00:55:33.5043592Z Download action repository 'actions/checkout@master' (SHA:8e8c483db84b4bee98b60c0593521ed34d9990e8)
2025-12-23T00:55:33.6238807Z Download action repository 'actions/setup-python@v5' (SHA:a26af69be951a213d495a4c3e4e4022e16d87065)
2025-12-23T00:55:33.8011726Z Complete job name: main (3.12, py312-sqlite)
2025-12-23T00:55:33.8662516Z ##[group]Run actions/checkout@master
2025-12-23T00:55:33.8663483Z with:
2025-12-23T00:55:33.8663921Z   repository: geopython/pycsw
2025-12-23T00:55:33.8664703Z   token: ***
2025-12-23T00:55:33.8665161Z   ssh-strict: true
2025-12-23T00:55:33.8665588Z   ssh-user: git
2025-12-23T00:55:33.8666032Z   persist-credentials: true
2025-12-23T00:55:33.8666512Z   clean: true
2025-12-23T00:55:33.8666947Z   sparse-checkout-cone-mode: true
2025-12-23T00:55:33.8667469Z   fetch-depth: 1
2025-12-23T00:55:33.8667906Z   fetch-tags: false
2025-12-23T00:55:33.8668363Z   show-progress: true
2025-12-23T00:55:33.8668813Z   lfs: false
2025-12-23T00:55:33.8669200Z   submodules: false
2025-12-23T00:55:33.8669632Z   set-safe-directory: true
2025-12-23T00:55:33.8670341Z env:
2025-12-23T00:55:33.8670752Z   TOXENV: py312-sqlite
2025-12-23T00:55:33.8671187Z ##[endgroup]
2025-12-23T00:55:33.9579861Z Syncing repository: geopython/pycsw
2025-12-23T00:55:33.9581658Z ##[group]Getting Git version info
2025-12-23T00:55:33.9582631Z Working directory is '/home/runner/work/pycsw/pycsw'
2025-12-23T00:55:33.9583827Z [command]/usr/bin/git version
2025-12-23T00:55:33.9641643Z git version 2.52.0
2025-12-23T00:55:33.9663375Z ##[endgroup]
2025-12-23T00:55:33.9677393Z Temporarily overriding HOME='/home/runner/work/_temp/5688b87f-9dfa-408a-ba60-e0dacdc7c541' before making global git config changes
2025-12-23T00:55:33.9679638Z Adding repository directory to the temporary git global config as a safe directory
2025-12-23T00:55:33.9682561Z [command]/usr/bin/git config --global --add safe.directory /home/runner/work/pycsw/pycsw
2025-12-23T00:55:33.9721061Z Deleting the contents of '/home/runner/work/pycsw/pycsw'
2025-12-23T00:55:33.9724904Z ##[group]Initializing the repository
2025-12-23T00:55:33.9729026Z [command]/usr/bin/git init /home/runner/work/pycsw/pycsw
2025-12-23T00:55:33.9841178Z hint: Using 'master' as the name for the initial branch. This default branch name
2025-12-23T00:55:33.9843202Z hint: will change to "main" in Git 3.0. To configure the initial branch name
2025-12-23T00:55:33.9844914Z hint: to use in all of your new repositories, which will suppress this warning,
2025-12-23T00:55:33.9846211Z hint: call:
2025-12-23T00:55:33.9846850Z hint:
2025-12-23T00:55:33.9847413Z hint: 	git config --global init.defaultBranch <name>
2025-12-23T00:55:33.9848086Z hint:
2025-12-23T00:55:33.9848661Z hint: Names commonly chosen instead of 'master' are 'main', 'trunk' and
2025-12-23T00:55:33.9849592Z hint: 'development'. The just-created branch can be renamed via this command:
2025-12-23T00:55:33.9850356Z hint:
2025-12-23T00:55:33.9850753Z hint: 	git branch -m <name>
2025-12-23T00:55:33.9851529Z hint:
2025-12-23T00:55:33.9852559Z hint: Disable this message with "git config set advice.defaultBranchName false"
2025-12-23T00:55:33.9853549Z Initialized empty Git repository in /home/runner/work/pycsw/pycsw/.git/
2025-12-23T00:55:33.9856838Z [command]/usr/bin/git remote add origin https://github.com/geopython/pycsw
2025-12-23T00:55:33.9892630Z ##[endgroup]
2025-12-23T00:55:33.9893968Z ##[group]Disabling automatic garbage collection
2025-12-23T00:55:33.9896879Z [command]/usr/bin/git config --local gc.auto 0
2025-12-23T00:55:33.9925168Z ##[endgroup]
2025-12-23T00:55:33.9926565Z ##[group]Setting up auth
2025-12-23T00:55:33.9927684Z Removing SSH command configuration
2025-12-23T00:55:33.9933062Z [command]/usr/bin/git config --local --name-only --get-regexp core\.sshCommand
2025-12-23T00:55:33.9964205Z [command]/usr/bin/git submodule foreach --recursive sh -c "git config --local --name-only --get-regexp 'core\.sshCommand' && git config --local --unset-all 'core.sshCommand' || :"
2025-12-23T00:55:34.0282628Z Removing HTTP extra header
2025-12-23T00:55:34.0288868Z [command]/usr/bin/git config --local --name-only --get-regexp http\.https\:\/\/github\.com\/\.extraheader
2025-12-23T00:55:34.0319929Z [command]/usr/bin/git submodule foreach --recursive sh -c "git config --local --name-only --get-regexp 'http\.https\:\/\/github\.com\/\.extraheader' && git config --local --unset-all 'http.https://github.com/.extraheader' || :"
2025-12-23T00:55:34.0554514Z Removing includeIf entries pointing to credentials config files
2025-12-23T00:55:34.0561430Z [command]/usr/bin/git config --local --name-only --get-regexp ^includeIf\.gitdir:
2025-12-23T00:55:34.0597506Z [command]/usr/bin/git submodule foreach --recursive git config --local --show-origin --name-only --get-regexp remote.origin.url
2025-12-23T00:55:34.0836708Z [command]/usr/bin/git config --file /home/runner/work/_temp/git-credentials-aa2a36e6-2405-4853-a6ac-fb8a01c591f2.config http.https://github.com/.extraheader AUTHORIZATION: basic ***
2025-12-23T00:55:34.0942504Z [command]/usr/bin/git config --local includeIf.gitdir:/home/runner/work/pycsw/pycsw/.git.path /home/runner/work/_temp/git-credentials-aa2a36e6-2405-4853-a6ac-fb8a01c591f2.config
2025-12-23T00:55:34.0948958Z [command]/usr/bin/git config --local includeIf.gitdir:/home/runner/work/pycsw/pycsw/.git/worktrees/*.path /home/runner/work/_temp/git-credentials-aa2a36e6-2405-4853-a6ac-fb8a01c591f2.config
2025-12-23T00:55:34.0960912Z [command]/usr/bin/git config --local includeIf.gitdir:/github/workspace/.git.path /github/runner_temp/git-credentials-aa2a36e6-2405-4853-a6ac-fb8a01c591f2.config
2025-12-23T00:55:34.0998379Z [command]/usr/bin/git config --local includeIf.gitdir:/github/workspace/.git/worktrees/*.path /github/runner_temp/git-credentials-aa2a36e6-2405-4853-a6ac-fb8a01c591f2.config
2025-12-23T00:55:34.1499716Z ##[endgroup]
2025-12-23T00:55:34.1500878Z ##[group]Fetching the repository
2025-12-23T00:55:34.1512175Z [command]/usr/bin/git -c protocol.version=2 fetch --no-tags --prune --no-recurse-submodules --depth=1 origin +a167b347f98d3237f4726f8194b5b0d1e58d766d:refs/remotes/pull/1181/merge
2025-12-23T00:55:34.9885682Z From https://github.com/geopython/pycsw
2025-12-23T00:55:34.9887715Z  * [new ref]         a167b347f98d3237f4726f8194b5b0d1e58d766d -> pull/1181/merge
2025-12-23T00:55:34.9920131Z ##[endgroup]
2025-12-23T00:55:34.9922204Z ##[group]Determining the checkout info
2025-12-23T00:55:34.9924187Z ##[endgroup]
2025-12-23T00:55:34.9928455Z [command]/usr/bin/git sparse-checkout disable
2025-12-23T00:55:34.9970733Z [command]/usr/bin/git config --local --unset-all extensions.worktreeConfig
2025-12-23T00:55:34.9999926Z ##[group]Checking out the ref
2025-12-23T00:55:35.0004028Z [command]/usr/bin/git checkout --progress --force refs/remotes/pull/1181/merge
2025-12-23T00:55:35.0933875Z Note: switching to 'refs/remotes/pull/1181/merge'.
2025-12-23T00:55:35.0935111Z 
2025-12-23T00:55:35.0936064Z You are in 'detached HEAD' state. You can look around, make experimental
2025-12-23T00:55:35.0937760Z changes and commit them, and you can discard any commits you make in this
2025-12-23T00:55:35.0939936Z state without impacting any branches by switching back to a branch.
2025-12-23T00:55:35.0941536Z 
2025-12-23T00:55:35.0942755Z If you want to create a new branch to retain commits you create, you may
2025-12-23T00:55:35.0944981Z do so (now or later) by using -c with the switch command. Example:
2025-12-23T00:55:35.0946505Z 
2025-12-23T00:55:35.0947130Z   git switch -c <new-branch-name>
2025-12-23T00:55:35.0948155Z 
2025-12-23T00:55:35.0948687Z Or undo this operation with:
2025-12-23T00:55:35.0949605Z 
2025-12-23T00:55:35.0950130Z   git switch -
2025-12-23T00:55:35.0950816Z 
2025-12-23T00:55:35.0952145Z Turn off this advice by setting config variable advice.detachedHead to false
2025-12-23T00:55:35.0953797Z 
2025-12-23T00:55:35.0955669Z HEAD is now at a167b34 Merge 2ca57f0771710e3eaa61f05508365f9386ba241e into 5340d17475cdfe18f54771352a641cb1a4f21a8c
2025-12-23T00:55:35.0960638Z ##[endgroup]
2025-12-23T00:55:35.0988402Z [command]/usr/bin/git log -1 --format=%H
2025-12-23T00:55:35.1011640Z a167b347f98d3237f4726f8194b5b0d1e58d766d
2025-12-23T00:55:35.1336923Z ##[group]Run actions/setup-python@v5
2025-12-23T00:55:35.1338134Z with:
2025-12-23T00:55:35.1338977Z   python-version: 3.12
2025-12-23T00:55:35.1339955Z   check-latest: false
2025-12-23T00:55:35.1341156Z   token: ***
2025-12-23T00:55:35.1342220Z   update-environment: true
2025-12-23T00:55:35.1343313Z   allow-prereleases: false
2025-12-23T00:55:35.1344362Z   freethreaded: false
2025-12-23T00:55:35.1345289Z env:
2025-12-23T00:55:35.1346078Z   TOXENV: py312-sqlite
2025-12-23T00:55:35.1347004Z ##[endgroup]
2025-12-23T00:55:35.3036216Z ##[group]Installed versions
2025-12-23T00:55:35.3143238Z Successfully set up CPython (3.12.12)
2025-12-23T00:55:35.3145885Z ##[endgroup]
2025-12-23T00:55:35.3298538Z ##[group]Run sudo apt install -y libgeos-dev libpq-dev libxml2-dev libxslt1-dev libz-dev libexpat1 python3-distutils-extra
2025-12-23T00:55:35.3302024Z [36;1msudo apt install -y libgeos-dev libpq-dev libxml2-dev libxslt1-dev libz-dev libexpat1 python3-distutils-extra[0m
2025-12-23T00:55:35.3304281Z [36;1mpip3 install setuptools[0m
2025-12-23T00:55:35.3370185Z [36;1mpip3 install -r requirements.txt[0m
2025-12-23T00:55:35.3371694Z [36;1mpip3 install -r requirements-standalone.txt[0m
2025-12-23T00:55:35.3373325Z [36;1mpip3 install -r requirements-pubsub.txt[0m
2025-12-23T00:55:35.3374657Z [36;1mpip3 install -r requirements-dev.txt[0m
2025-12-23T00:55:35.3376417Z [36;1mpip3 install --upgrade https://github.com/geopython/OWSLib/archive/master.zip[0m
2025-12-23T00:55:35.3378076Z [36;1mpip3 install tox[0m
2025-12-23T00:55:35.3379002Z [36;1mecho "TOXENV => $TOXENV"[0m
2025-12-23T00:55:35.3430746Z shell: /usr/bin/bash -e {0}
2025-12-23T00:55:35.3431702Z env:
2025-12-23T00:55:35.3433042Z   TOXENV: py312-sqlite
2025-12-23T00:55:35.3434166Z   pythonLocation: /opt/hostedtoolcache/Python/3.12.12/x64
2025-12-23T00:55:35.3436107Z   PKG_CONFIG_PATH: /opt/hostedtoolcache/Python/3.12.12/x64/lib/pkgconfig
2025-12-23T00:55:35.3437792Z   Python_ROOT_DIR: /opt/hostedtoolcache/Python/3.12.12/x64
2025-12-23T00:55:35.3439297Z   Python2_ROOT_DIR: /opt/hostedtoolcache/Python/3.12.12/x64
2025-12-23T00:55:35.3440815Z   Python3_ROOT_DIR: /opt/hostedtoolcache/Python/3.12.12/x64
2025-12-23T00:55:35.3442490Z   LD_LIBRARY_PATH: /opt/hostedtoolcache/Python/3.12.12/x64/lib
2025-12-23T00:55:35.3443762Z ##[endgroup]
2025-12-23T00:55:35.3690689Z 
2025-12-23T00:55:35.3692137Z WARNING: apt does not have a stable CLI interface. Use with caution in scripts.
2025-12-23T00:55:35.3693455Z 
2025-12-23T00:55:39.3667228Z Reading package lists...
2025-12-23T00:55:39.5665065Z Building dependency tree...
2025-12-23T00:55:39.5706053Z Reading state information...
2025-12-23T00:55:39.7433904Z libpq-dev is already the newest version (18.1-1.pgdg24.04+2).
2025-12-23T00:55:39.7435081Z libxml2-dev is already the newest version (2.9.14+dfsg-1.3ubuntu3.6).
2025-12-23T00:55:39.7435991Z libxml2-dev set to manually installed.
2025-12-23T00:55:39.7436609Z zlib1g-dev is already the newest version (1:1.3.dfsg-3.1ubuntu2.1).
2025-12-23T00:55:39.7437314Z libexpat1 is already the newest version (2.6.1-2ubuntu0.3).
2025-12-23T00:55:39.7437873Z libexpat1 set to manually installed.
2025-12-23T00:55:39.7438400Z The following additional packages will be installed:
2025-12-23T00:55:39.7439153Z   gettext intltool libauthen-sasl-perl libdata-dump-perl libfile-listing-perl
2025-12-23T00:55:39.7439986Z   libfont-afm-perl libgeos-c1t64 libgeos3.12.1t64 libhtml-form-perl
2025-12-23T00:55:39.7440962Z   libhtml-format-perl libhtml-tree-perl libhttp-cookies-perl
2025-12-23T00:55:39.7442265Z   libhttp-daemon-perl libhttp-negotiate-perl libio-socket-ssl-perl
2025-12-23T00:55:39.7443050Z   liblwp-protocol-https-perl libmailtools-perl libnet-http-perl
2025-12-23T00:55:39.7444119Z   libnet-smtp-ssl-perl libnet-ssleay-perl libtry-tiny-perl libwww-perl
2025-12-23T00:55:39.7444923Z   libwww-robotrules-perl libxml-parser-perl perl-openssl-defaults
2025-12-23T00:55:39.7445683Z Suggested packages:
2025-12-23T00:55:39.7446262Z   autopoint gettext-doc libasprintf-dev libgettextpo-dev libdigest-hmac-perl
2025-12-23T00:55:39.7447201Z   libgssapi-perl libgdal-doc libcrypt-ssleay-perl libsub-name-perl
2025-12-23T00:55:39.7447834Z   libauthen-ntlm-perl debhelper devscripts
2025-12-23T00:55:40.2484690Z The following NEW packages will be installed:
2025-12-23T00:55:40.2485682Z   gettext intltool libauthen-sasl-perl libdata-dump-perl libfile-listing-perl
2025-12-23T00:55:40.2487090Z   libfont-afm-perl libgeos-c1t64 libgeos-dev libgeos3.12.1t64
2025-12-23T00:55:40.2488034Z   libhtml-form-perl libhtml-format-perl libhtml-tree-perl libhttp-cookies-perl
2025-12-23T00:55:40.2488975Z   libhttp-daemon-perl libhttp-negotiate-perl libio-socket-ssl-perl
2025-12-23T00:55:40.2490358Z   liblwp-protocol-https-perl libmailtools-perl libnet-http-perl
2025-12-23T00:55:40.2491483Z   libnet-smtp-ssl-perl libnet-ssleay-perl libtry-tiny-perl libwww-perl
2025-12-23T00:55:40.2493131Z   libwww-robotrules-perl libxml-parser-perl libxslt1-dev perl-openssl-defaults
2025-12-23T00:55:40.2493996Z   python3-distutils-extra
2025-12-23T00:55:40.2779008Z 0 upgraded, 28 newly installed, 0 to remove and 42 not upgraded.
2025-12-23T00:55:40.4940455Z Need to get 3447 kB of archives.
2025-12-23T00:55:40.4941662Z After this operation, 12.0 MB of additional disk space will be used.
2025-12-23T00:55:40.4943076Z Get:1 file:/etc/apt/apt-mirrors.txt Mirrorlist [144 B]
2025-12-23T00:55:40.5782278Z Get:2 http://azure.archive.ubuntu.com/ubuntu noble/main amd64 gettext amd64 0.21-14ubuntu2 [864 kB]
2025-12-23T00:55:40.6412062Z Get:3 http://azure.archive.ubuntu.com/ubuntu noble/main amd64 libfile-listing-perl all 6.16-1 [11.3 kB]
2025-12-23T00:55:40.7289299Z Get:4 http://azure.archive.ubuntu.com/ubuntu noble/main amd64 libhtml-tree-perl all 5.07-3 [200 kB]
2025-12-23T00:55:40.7763835Z Get:5 http://azure.archive.ubuntu.com/ubuntu noble/main amd64 libhttp-cookies-perl all 6.11-1 [18.2 kB]
2025-12-23T00:55:40.8241637Z Get:6 http://azure.archive.ubuntu.com/ubuntu noble/main amd64 libhttp-negotiate-perl all 6.01-2 [12.4 kB]
2025-12-23T00:55:40.8725591Z Get:7 http://azure.archive.ubuntu.com/ubuntu noble/main amd64 perl-openssl-defaults amd64 7build3 [6626 B]
2025-12-23T00:55:40.9213983Z Get:8 http://azure.archive.ubuntu.com/ubuntu noble/main amd64 libnet-ssleay-perl amd64 1.94-1build4 [316 kB]
2025-12-23T00:55:40.9703239Z Get:9 http://azure.archive.ubuntu.com/ubuntu noble/main amd64 libio-socket-ssl-perl all 2.085-1 [195 kB]
2025-12-23T00:55:41.0324938Z Get:10 http://azure.archive.ubuntu.com/ubuntu noble/main amd64 libnet-http-perl all 6.23-1 [22.3 kB]
2025-12-23T00:55:41.0746138Z Get:11 http://azure.archive.ubuntu.com/ubuntu noble/main amd64 liblwp-protocol-https-perl all 6.13-1 [9006 B]
2025-12-23T00:55:41.1706443Z Get:12 http://azure.archive.ubuntu.com/ubuntu noble/main amd64 libtry-tiny-perl all 0.31-2 [20.8 kB]
2025-12-23T00:55:41.2248698Z Get:13 http://azure.archive.ubuntu.com/ubuntu noble/main amd64 libwww-robotrules-perl all 6.02-1 [12.6 kB]
2025-12-23T00:55:41.2650617Z Get:14 http://azure.archive.ubuntu.com/ubuntu noble/main amd64 libwww-perl all 6.76-1 [138 kB]
2025-12-23T00:55:41.3277967Z Get:15 http://azure.archive.ubuntu.com/ubuntu noble/main amd64 libxml-parser-perl amd64 2.47-1build3 [204 kB]
2025-12-23T00:55:41.3610464Z Get:16 http://azure.archive.ubuntu.com/ubuntu noble/universe amd64 intltool all 0.51.0-6 [44.6 kB]
2025-12-23T00:55:41.3930183Z Get:17 http://azure.archive.ubuntu.com/ubuntu noble/main amd64 libdata-dump-perl all 1.25-1 [25.9 kB]
2025-12-23T00:55:41.4249969Z Get:18 http://azure.archive.ubuntu.com/ubuntu noble/main amd64 libfont-afm-perl all 1.20-4 [13.0 kB]
2025-12-23T00:55:41.4567884Z Get:19 http://azure.archive.ubuntu.com/ubuntu noble/universe amd64 libgeos3.12.1t64 amd64 3.12.1-3build1 [849 kB]
2025-12-23T00:55:41.5417553Z Get:20 http://azure.archive.ubuntu.com/ubuntu noble/universe amd64 libgeos-c1t64 amd64 3.12.1-3build1 [94.5 kB]
2025-12-23T00:55:41.6341084Z Get:21 http://azure.archive.ubuntu.com/ubuntu noble/universe amd64 libgeos-dev amd64 3.12.1-3build1 [54.4 kB]
2025-12-23T00:55:41.6715602Z Get:22 http://azure.archive.ubuntu.com/ubuntu noble/main amd64 libhtml-form-perl all 6.11-1 [32.1 kB]
2025-12-23T00:55:41.7051657Z Get:23 http://azure.archive.ubuntu.com/ubuntu noble/main amd64 libhtml-format-perl all 2.16-2 [36.9 kB]
2025-12-23T00:55:41.7395469Z Get:24 http://azure.archive.ubuntu.com/ubuntu noble/main amd64 libhttp-daemon-perl all 6.16-1 [22.4 kB]
2025-12-23T00:55:41.7717460Z Get:25 http://azure.archive.ubuntu.com/ubuntu noble/main amd64 libnet-smtp-ssl-perl all 1.04-2 [6218 B]
2025-12-23T00:55:41.8011024Z Get:26 http://azure.archive.ubuntu.com/ubuntu noble/main amd64 libmailtools-perl all 2.21-2 [80.4 kB]
2025-12-23T00:55:41.8434259Z Get:27 http://azure.archive.ubuntu.com/ubuntu noble-updates/main amd64 libxslt1-dev amd64 1.1.39-0exp1ubuntu0.24.04.2 [91.9 kB]
2025-12-23T00:55:41.8876528Z Get:28 http://azure.archive.ubuntu.com/ubuntu noble/universe amd64 python3-distutils-extra all 3.0 [22.1 kB]
2025-12-23T00:55:41.9182260Z Get:29 http://azure.archive.ubuntu.com/ubuntu noble/main amd64 libauthen-sasl-perl all 2.1700-1 [42.9 kB]
2025-12-23T00:55:42.2085142Z Fetched 3447 kB in 2s (2262 kB/s)
2025-12-23T00:55:42.2626613Z Selecting previously unselected package gettext.
2025-12-23T00:55:42.3260985Z (Reading database ... 
2025-12-23T00:55:42.3261529Z (Reading database ... 5%
2025-12-23T00:55:42.3262117Z (Reading database ... 10%
2025-12-23T00:55:42.3262452Z (Reading database ... 15%
2025-12-23T00:55:42.3262765Z (Reading database ... 20%
2025-12-23T00:55:42.3263062Z (Reading database ... 25%
2025-12-23T00:55:42.3263500Z (Reading database ... 30%
2025-12-23T00:55:42.3263744Z (Reading database ... 35%
2025-12-23T00:55:42.3263994Z (Reading database ... 40%
2025-12-23T00:55:42.3264229Z (Reading database ... 45%
2025-12-23T00:55:42.3264629Z (Reading database ... 50%
2025-12-23T00:55:42.3709203Z (Reading database ... 55%
2025-12-23T00:55:42.6162086Z (Reading database ... 60%
2025-12-23T00:55:42.7388409Z (Reading database ... 65%
2025-12-23T00:55:42.8155444Z (Reading database ... 70%
2025-12-23T00:55:42.9484086Z (Reading database ... 75%
2025-12-23T00:55:43.3744398Z (Reading database ... 80%
2025-12-23T00:55:43.8869554Z (Reading database ... 85%
2025-12-23T00:55:44.4105610Z (Reading database ... 90%
2025-12-23T00:55:44.8249602Z (Reading database ... 95%
2025-12-23T00:55:44.8249951Z (Reading database ... 100%
2025-12-23T00:55:44.8250349Z (Reading database ... 217374 files and directories currently installed.)
2025-12-23T00:55:44.8294940Z Preparing to unpack .../00-gettext_0.21-14ubuntu2_amd64.deb ...
2025-12-23T00:55:44.8337551Z Unpacking gettext (0.21-14ubuntu2) ...
2025-12-23T00:55:44.9686697Z Selecting previously unselected package libfile-listing-perl.
2025-12-23T00:55:44.9822290Z Preparing to unpack .../01-libfile-listing-perl_6.16-1_all.deb ...
2025-12-23T00:55:44.9835458Z Unpacking libfile-listing-perl (6.16-1) ...
2025-12-23T00:55:45.0127806Z Selecting previously unselected package libhtml-tree-perl.
2025-12-23T00:55:45.0260419Z Preparing to unpack .../02-libhtml-tree-perl_5.07-3_all.deb ...
2025-12-23T00:55:45.0270783Z Unpacking libhtml-tree-perl (5.07-3) ...
2025-12-23T00:55:45.0679524Z Selecting previously unselected package libhttp-cookies-perl.
2025-12-23T00:55:45.0812521Z Preparing to unpack .../03-libhttp-cookies-perl_6.11-1_all.deb ...
2025-12-23T00:55:45.0824013Z Unpacking libhttp-cookies-perl (6.11-1) ...
2025-12-23T00:55:45.1050831Z Selecting previously unselected package libhttp-negotiate-perl.
2025-12-23T00:55:45.1183828Z Preparing to unpack .../04-libhttp-negotiate-perl_6.01-2_all.deb ...
2025-12-23T00:55:45.1196797Z Unpacking libhttp-negotiate-perl (6.01-2) ...
2025-12-23T00:55:45.1417201Z Selecting previously unselected package perl-openssl-defaults:amd64.
2025-12-23T00:55:45.1551256Z Preparing to unpack .../05-perl-openssl-defaults_7build3_amd64.deb ...
2025-12-23T00:55:45.1560638Z Unpacking perl-openssl-defaults:amd64 (7build3) ...
2025-12-23T00:55:45.1829030Z Selecting previously unselected package libnet-ssleay-perl:amd64.
2025-12-23T00:55:45.1961806Z Preparing to unpack .../06-libnet-ssleay-perl_1.94-1build4_amd64.deb ...
2025-12-23T00:55:45.1973086Z Unpacking libnet-ssleay-perl:amd64 (1.94-1build4) ...
2025-12-23T00:55:45.2481459Z Selecting previously unselected package libio-socket-ssl-perl.
2025-12-23T00:55:45.2637114Z Preparing to unpack .../07-libio-socket-ssl-perl_2.085-1_all.deb ...
2025-12-23T00:55:45.2648015Z Unpacking libio-socket-ssl-perl (2.085-1) ...
2025-12-23T00:55:45.2927263Z Selecting previously unselected package libnet-http-perl.
2025-12-23T00:55:45.3082253Z Preparing to unpack .../08-libnet-http-perl_6.23-1_all.deb ...
2025-12-23T00:55:45.3130027Z Unpacking libnet-http-perl (6.23-1) ...
2025-12-23T00:55:45.3380240Z Selecting previously unselected package liblwp-protocol-https-perl.
2025-12-23T00:55:45.3515177Z Preparing to unpack .../09-liblwp-protocol-https-perl_6.13-1_all.deb ...
2025-12-23T00:55:45.3549563Z Unpacking liblwp-protocol-https-perl (6.13-1) ...
2025-12-23T00:55:45.3779820Z Selecting previously unselected package libtry-tiny-perl.
2025-12-23T00:55:45.3918659Z Preparing to unpack .../10-libtry-tiny-perl_0.31-2_all.deb ...
2025-12-23T00:55:45.3929531Z Unpacking libtry-tiny-perl (0.31-2) ...
2025-12-23T00:55:45.4143127Z Selecting previously unselected package libwww-robotrules-perl.
2025-12-23T00:55:45.4276514Z Preparing to unpack .../11-libwww-robotrules-perl_6.02-1_all.deb ...
2025-12-23T00:55:45.4287425Z Unpacking libwww-robotrules-perl (6.02-1) ...
2025-12-23T00:55:45.4511126Z Selecting previously unselected package libwww-perl.
2025-12-23T00:55:45.4645037Z Preparing to unpack .../12-libwww-perl_6.76-1_all.deb ...
2025-12-23T00:55:45.4655693Z Unpacking libwww-perl (6.76-1) ...
2025-12-23T00:55:45.5316166Z Selecting previously unselected package libxml-parser-perl.
2025-12-23T00:55:45.5450087Z Preparing to unpack .../13-libxml-parser-perl_2.47-1build3_amd64.deb ...
2025-12-23T00:55:45.5460870Z Unpacking libxml-parser-perl (2.47-1build3) ...
2025-12-23T00:55:45.5931526Z Selecting previously unselected package intltool.
2025-12-23T00:55:45.6068719Z Preparing to unpack .../14-intltool_0.51.0-6_all.deb ...
2025-12-23T00:55:45.6159962Z Unpacking intltool (0.51.0-6) ...
2025-12-23T00:55:45.6618976Z Selecting previously unselected package libdata-dump-perl.
2025-12-23T00:55:45.6755196Z Preparing to unpack .../15-libdata-dump-perl_1.25-1_all.deb ...
2025-12-23T00:55:45.6766878Z Unpacking libdata-dump-perl (1.25-1) ...
2025-12-23T00:55:45.6986954Z Selecting previously unselected package libfont-afm-perl.
2025-12-23T00:55:45.7121114Z Preparing to unpack .../16-libfont-afm-perl_1.20-4_all.deb ...
2025-12-23T00:55:45.7131601Z Unpacking libfont-afm-perl (1.20-4) ...
2025-12-23T00:55:45.7387159Z Selecting previously unselected package libgeos3.12.1t64:amd64.
2025-12-23T00:55:45.7522314Z Preparing to unpack .../17-libgeos3.12.1t64_3.12.1-3build1_amd64.deb ...
2025-12-23T00:55:45.7533850Z Unpacking libgeos3.12.1t64:amd64 (3.12.1-3build1) ...
2025-12-23T00:55:45.7864093Z Selecting previously unselected package libgeos-c1t64:amd64.
2025-12-23T00:55:45.7996940Z Preparing to unpack .../18-libgeos-c1t64_3.12.1-3build1_amd64.deb ...
2025-12-23T00:55:45.8007831Z Unpacking libgeos-c1t64:amd64 (3.12.1-3build1) ...
2025-12-23T00:55:45.8245481Z Selecting previously unselected package libgeos-dev.
2025-12-23T00:55:45.8379489Z Preparing to unpack .../19-libgeos-dev_3.12.1-3build1_amd64.deb ...
2025-12-23T00:55:45.8390841Z Unpacking libgeos-dev (3.12.1-3build1) ...
2025-12-23T00:55:45.8759992Z Selecting previously unselected package libhtml-form-perl.
2025-12-23T00:55:45.8904587Z Preparing to unpack .../20-libhtml-form-perl_6.11-1_all.deb ...
2025-12-23T00:55:45.8916517Z Unpacking libhtml-form-perl (6.11-1) ...
2025-12-23T00:55:45.9158796Z Selecting previously unselected package libhtml-format-perl.
2025-12-23T00:55:45.9292438Z Preparing to unpack .../21-libhtml-format-perl_2.16-2_all.deb ...
2025-12-23T00:55:45.9302781Z Unpacking libhtml-format-perl (2.16-2) ...
2025-12-23T00:55:45.9531733Z Selecting previously unselected package libhttp-daemon-perl.
2025-12-23T00:55:45.9665386Z Preparing to unpack .../22-libhttp-daemon-perl_6.16-1_all.deb ...
2025-12-23T00:55:45.9698877Z Unpacking libhttp-daemon-perl (6.16-1) ...
2025-12-23T00:55:45.9914105Z Selecting previously unselected package libnet-smtp-ssl-perl.
2025-12-23T00:55:46.0047881Z Preparing to unpack .../23-libnet-smtp-ssl-perl_1.04-2_all.deb ...
2025-12-23T00:55:46.0059403Z Unpacking libnet-smtp-ssl-perl (1.04-2) ...
2025-12-23T00:55:46.0268934Z Selecting previously unselected package libmailtools-perl.
2025-12-23T00:55:46.0402896Z Preparing to unpack .../24-libmailtools-perl_2.21-2_all.deb ...
2025-12-23T00:55:46.0413777Z Unpacking libmailtools-perl (2.21-2) ...
2025-12-23T00:55:46.0716661Z Selecting previously unselected package libxslt1-dev:amd64.
2025-12-23T00:55:46.0851154Z Preparing to unpack .../25-libxslt1-dev_1.1.39-0exp1ubuntu0.24.04.2_amd64.deb ...
2025-12-23T00:55:46.0860520Z Unpacking libxslt1-dev:amd64 (1.1.39-0exp1ubuntu0.24.04.2) ...
2025-12-23T00:55:46.1396061Z Selecting previously unselected package python3-distutils-extra.
2025-12-23T00:55:46.1529556Z Preparing to unpack .../26-python3-distutils-extra_3.0_all.deb ...
2025-12-23T00:55:46.1543001Z Unpacking python3-distutils-extra (3.0) ...
2025-12-23T00:55:46.1876712Z Selecting previously unselected package libauthen-sasl-perl.
2025-12-23T00:55:46.2011716Z Preparing to unpack .../27-libauthen-sasl-perl_2.1700-1_all.deb ...
2025-12-23T00:55:46.2022729Z Unpacking libauthen-sasl-perl (2.1700-1) ...
2025-12-23T00:55:46.2485179Z Setting up libhttp-negotiate-perl (6.01-2) ...
2025-12-23T00:55:46.2518251Z Setting up gettext (0.21-14ubuntu2) ...
2025-12-23T00:55:46.2546669Z Setting up libfile-listing-perl (6.16-1) ...
2025-12-23T00:55:46.2573521Z Setting up libxslt1-dev:amd64 (1.1.39-0exp1ubuntu0.24.04.2) ...
2025-12-23T00:55:46.2602940Z Setting up libfont-afm-perl (1.20-4) ...
2025-12-23T00:55:46.2631217Z Setting up libhttp-cookies-perl (6.11-1) ...
2025-12-23T00:55:46.2660443Z Setting up libgeos3.12.1t64:amd64 (3.12.1-3build1) ...
2025-12-23T00:55:46.2695069Z Setting up libgeos-c1t64:amd64 (3.12.1-3build1) ...
2025-12-23T00:55:46.2726512Z Setting up libauthen-sasl-perl (2.1700-1) ...
2025-12-23T00:55:46.2752169Z Setting up libhtml-tree-perl (5.07-3) ...
2025-12-23T00:55:46.2777985Z Setting up libtry-tiny-perl (0.31-2) ...
2025-12-23T00:55:46.2805311Z Setting up perl-openssl-defaults:amd64 (7build3) ...
2025-12-23T00:55:46.2832537Z Setting up libnet-http-perl (6.23-1) ...
2025-12-23T00:55:46.2860815Z Setting up libhtml-format-perl (2.16-2) ...
2025-12-23T00:55:46.2886493Z Setting up libdata-dump-perl (1.25-1) ...
2025-12-23T00:55:46.2913164Z Setting up libgeos-dev (3.12.1-3build1) ...
2025-12-23T00:55:46.2939630Z Setting up libwww-robotrules-perl (6.02-1) ...
2025-12-23T00:55:46.2965203Z Setting up libhttp-daemon-perl (6.16-1) ...
2025-12-23T00:55:46.3004574Z Setting up libhtml-form-perl (6.11-1) ...
2025-12-23T00:55:46.3038264Z Setting up libnet-ssleay-perl:amd64 (1.94-1build4) ...
2025-12-23T00:55:46.3067690Z Setting up libio-socket-ssl-perl (2.085-1) ...
2025-12-23T00:55:46.3097354Z Setting up libnet-smtp-ssl-perl (1.04-2) ...
2025-12-23T00:55:46.3121440Z Setting up libmailtools-perl (2.21-2) ...
2025-12-23T00:55:46.3157562Z Setting up libwww-perl (6.76-1) ...
2025-12-23T00:55:46.3186627Z Setting up liblwp-protocol-https-perl (6.13-1) ...
2025-12-23T00:55:46.3255060Z Setting up libxml-parser-perl (2.47-1build3) ...
2025-12-23T00:55:46.3381690Z Setting up intltool (0.51.0-6) ...
2025-12-23T00:55:46.3405724Z Setting up python3-distutils-extra (3.0) ...
2025-12-23T00:55:46.4895775Z Processing triggers for libc-bin (2.39-0ubuntu8.6) ...
2025-12-23T00:55:47.9814188Z Processing triggers for man-db (2.12.0-4build2) ...
2025-12-23T00:55:47.9900083Z Not building database; man-db/auto-update is not 'true'.
2025-12-23T00:55:47.9914937Z Processing triggers for install-info (7.1-3build2) ...
2025-12-23T00:55:49.3485931Z 
2025-12-23T00:55:49.3486690Z Running kernel seems to be up-to-date.
2025-12-23T00:55:49.3487114Z 
2025-12-23T00:55:49.3487318Z No services need to be restarted.
2025-12-23T00:55:49.3487643Z 
2025-12-23T00:55:49.3487823Z No containers need to be restarted.
2025-12-23T00:55:49.3488158Z 
2025-12-23T00:55:49.3488391Z No user sessions are running outdated binaries.
2025-12-23T00:55:49.3488646Z 
2025-12-23T00:55:49.3488889Z No VM guests are running outdated hypervisor (qemu) binaries on this host.
2025-12-23T00:55:52.0059593Z Collecting setuptools
2025-12-23T00:55:52.1379500Z   Downloading setuptools-80.9.0-py3-none-any.whl.metadata (6.6 kB)
2025-12-23T00:55:52.1897561Z Downloading setuptools-80.9.0-py3-none-any.whl (1.2 MB)
2025-12-23T00:55:52.3265020Z    ━━━━━━━━━━━━━━━━━━━━━━━━━━━━━━━━━━━━━━━━ 1.2/1.2 MB 16.1 MB/s  0:00:00
2025-12-23T00:55:52.3418012Z Installing collected packages: setuptools
2025-12-23T00:55:53.1082390Z Successfully installed setuptools-80.9.0
2025-12-23T00:55:53.6670243Z Ignoring legacy-cgi: markers 'python_version >= "3.13"' don't match your environment
2025-12-23T00:55:53.7841089Z Collecting click (from -r requirements.txt (line 1))
2025-12-23T00:55:53.9141117Z   Downloading click-8.3.1-py3-none-any.whl.metadata (2.6 kB)
2025-12-23T00:55:53.9685670Z Collecting geolinks (from -r requirements.txt (line 2))
2025-12-23T00:55:53.9988104Z   Downloading geolinks-0.2.3-py2.py3-none-any.whl.metadata (3.1 kB)
2025-12-23T00:55:54.2617236Z Collecting lxml (from -r requirements.txt (line 4))
2025-12-23T00:55:54.2912840Z   Downloading lxml-6.0.2-cp312-cp312-manylinux_2_26_x86_64.manylinux_2_28_x86_64.whl.metadata (3.6 kB)
2025-12-23T00:55:54.3233341Z Collecting OWSLib (from -r requirements.txt (line 5))
2025-12-23T00:55:54.3526120Z   Downloading owslib-0.35.0-py3-none-any.whl.metadata (6.8 kB)
2025-12-23T00:55:54.4364526Z Collecting pyproj (from -r requirements.txt (line 6))
2025-12-23T00:55:54.4657640Z   Downloading pyproj-3.7.2-cp312-cp312-manylinux_2_28_x86_64.whl.metadata (31 kB)
2025-12-23T00:55:54.5106100Z Collecting python-dateutil (from -r requirements.txt (line 7))
2025-12-23T00:55:54.5399546Z   Downloading python_dateutil-2.9.0.post0-py2.py3-none-any.whl.metadata (8.4 kB)
2025-12-23T00:55:54.5962482Z Collecting PyYAML (from -r requirements.txt (line 8))
2025-12-23T00:55:54.6256015Z   Downloading pyyaml-6.0.3-cp312-cp312-manylinux2014_x86_64.manylinux_2_17_x86_64.manylinux_2_28_x86_64.whl.metadata (2.4 kB)
2025-12-23T00:55:54.7225751Z Collecting Shapely (from -r requirements.txt (line 9))
2025-12-23T00:55:54.7521236Z   Downloading shapely-2.1.2-cp312-cp312-manylinux2014_x86_64.manylinux_2_17_x86_64.whl.metadata (6.8 kB)
2025-12-23T00:55:54.7922726Z Collecting xmltodict (from -r requirements.txt (line 10))
2025-12-23T00:55:54.8216753Z   Downloading xmltodict-1.0.2-py3-none-any.whl.metadata (15 kB)
2025-12-23T00:55:54.8658121Z Collecting requests (from OWSLib->-r requirements.txt (line 5))
2025-12-23T00:55:54.8949590Z   Downloading requests-2.32.5-py3-none-any.whl.metadata (4.9 kB)
2025-12-23T00:55:54.9306780Z Collecting certifi (from pyproj->-r requirements.txt (line 6))
2025-12-23T00:55:54.9599805Z   Downloading certifi-2025.11.12-py3-none-any.whl.metadata (2.5 kB)
2025-12-23T00:55:54.9957785Z Collecting six>=1.5 (from python-dateutil->-r requirements.txt (line 7))
2025-12-23T00:55:55.0313436Z   Downloading six-1.17.0-py2.py3-none-any.whl.metadata (1.7 kB)
2025-12-23T00:55:55.2345277Z Collecting numpy>=1.21 (from Shapely->-r requirements.txt (line 9))
2025-12-23T00:55:55.2637273Z   Downloading numpy-2.4.0-cp312-cp312-manylinux_2_27_x86_64.manylinux_2_28_x86_64.whl.metadata (6.6 kB)
2025-12-23T00:55:55.3639990Z Collecting charset_normalizer<4,>=2 (from requests->OWSLib->-r requirements.txt (line 5))
2025-12-23T00:55:55.3942133Z   Downloading charset_normalizer-3.4.4-cp312-cp312-manylinux2014_x86_64.manylinux_2_17_x86_64.manylinux_2_28_x86_64.whl.metadata (37 kB)
2025-12-23T00:55:55.4319381Z Collecting idna<4,>=2.5 (from requests->OWSLib->-r requirements.txt (line 5))
2025-12-23T00:55:55.4612071Z   Downloading idna-3.11-py3-none-any.whl.metadata (8.4 kB)
2025-12-23T00:55:55.5066864Z Collecting urllib3<3,>=1.21.1 (from requests->OWSLib->-r requirements.txt (line 5))
2025-12-23T00:55:55.5359978Z   Downloading urllib3-2.6.2-py3-none-any.whl.metadata (6.6 kB)
2025-12-23T00:55:55.5804531Z Downloading click-8.3.1-py3-none-any.whl (108 kB)
2025-12-23T00:55:55.6616870Z Downloading geolinks-0.2.3-py2.py3-none-any.whl (5.4 kB)
2025-12-23T00:55:55.6945891Z Downloading lxml-6.0.2-cp312-cp312-manylinux_2_26_x86_64.manylinux_2_28_x86_64.whl (5.3 MB)
2025-12-23T00:55:56.5116278Z    ━━━━━━━━━━━━━━━━━━━━━━━━━━━━━━━━━━━━━━━━ 5.3/5.3 MB 6.9 MB/s  0:00:00
2025-12-23T00:55:56.5409241Z Downloading owslib-0.35.0-py3-none-any.whl (240 kB)
2025-12-23T00:55:56.5870892Z Downloading pyproj-3.7.2-cp312-cp312-manylinux_2_28_x86_64.whl (9.6 MB)
2025-12-23T00:55:57.0959040Z    ━━━━━━━━━━━━━━━━━━━━━━━━━━━━━━━━━━━━━━━━ 9.6/9.6 MB 18.9 MB/s  0:00:00
2025-12-23T00:55:57.1253952Z Downloading python_dateutil-2.9.0.post0-py2.py3-none-any.whl (229 kB)
2025-12-23T00:55:57.1727926Z Downloading pyyaml-6.0.3-cp312-cp312-manylinux2014_x86_64.manylinux_2_17_x86_64.manylinux_2_28_x86_64.whl (807 kB)
2025-12-23T00:55:57.1866981Z    ━━━━━━━━━━━━━━━━━━━━━━━━━━━━━━━━━━━━━━━━ 807.9/807.9 kB 48.6 MB/s  0:00:00
2025-12-23T00:55:57.2157544Z Downloading shapely-2.1.2-cp312-cp312-manylinux2014_x86_64.manylinux_2_17_x86_64.whl (3.1 MB)
2025-12-23T00:55:57.3145323Z    ━━━━━━━━━━━━━━━━━━━━━━━━━━━━━━━━━━━━━━━━ 3.1/3.1 MB 31.2 MB/s  0:00:00
2025-12-23T00:55:57.3435738Z Downloading xmltodict-1.0.2-py3-none-any.whl (13 kB)
2025-12-23T00:55:57.3742251Z Downloading numpy-2.4.0-cp312-cp312-manylinux_2_27_x86_64.manylinux_2_28_x86_64.whl (16.4 MB)
2025-12-23T00:55:57.7559357Z    ━━━━━━━━━━━━━━━━━━━━━━━━━━━━━━━━━━━━━━━━ 16.4/16.4 MB 42.9 MB/s  0:00:00
2025-12-23T00:55:57.7852492Z Downloading six-1.17.0-py2.py3-none-any.whl (11 kB)
2025-12-23T00:55:57.8166683Z Downloading certifi-2025.11.12-py3-none-any.whl (159 kB)
2025-12-23T00:55:57.8486820Z Downloading requests-2.32.5-py3-none-any.whl (64 kB)
2025-12-23T00:55:57.8803684Z Downloading charset_normalizer-3.4.4-cp312-cp312-manylinux2014_x86_64.manylinux_2_17_x86_64.manylinux_2_28_x86_64.whl (153 kB)
2025-12-23T00:55:57.9123610Z Downloading idna-3.11-py3-none-any.whl (71 kB)
2025-12-23T00:55:57.9441248Z Downloading urllib3-2.6.2-py3-none-any.whl (131 kB)
2025-12-23T00:55:58.0336735Z Installing collected packages: xmltodict, urllib3, six, PyYAML, numpy, lxml, idna, click, charset_normalizer, certifi, Shapely, requests, python-dateutil, pyproj, geolinks, OWSLib
2025-12-23T00:56:01.2724682Z 
2025-12-23T00:56:01.2749816Z Successfully installed OWSLib-0.35.0 PyYAML-6.0.3 Shapely-2.1.2 certifi-2025.11.12 charset_normalizer-3.4.4 click-8.3.1 geolinks-0.2.3 idna-3.11 lxml-6.0.2 numpy-2.4.0 pyproj-3.7.2 python-dateutil-2.9.0.post0 requests-2.32.5 six-1.17.0 urllib3-2.6.2 xmltodict-1.0.2
2025-12-23T00:56:02.1910623Z Collecting SQLAlchemy<2.0.0 (from -r requirements-standalone.txt (line 1))
2025-12-23T00:56:02.3210556Z   Downloading SQLAlchemy-1.4.54-cp312-cp312-manylinux_2_5_x86_64.manylinux1_x86_64.manylinux_2_17_x86_64.manylinux2014_x86_64.whl.metadata (10 kB)
2025-12-23T00:56:02.3729496Z Collecting Flask (from -r requirements-standalone.txt (line 2))
2025-12-23T00:56:02.4015229Z   Downloading flask-3.1.2-py3-none-any.whl.metadata (3.2 kB)
2025-12-23T00:56:02.4315628Z Collecting Jinja2 (from -r requirements-standalone.txt (line 3))
2025-12-23T00:56:02.4602899Z   Downloading jinja2-3.1.6-py3-none-any.whl.metadata (2.9 kB)
2025-12-23T00:56:02.4857464Z Collecting pygeofilter (from -r requirements-standalone.txt (line 4))
2025-12-23T00:56:02.5150434Z   Downloading pygeofilter-0.3.3-py2.py3-none-any.whl.metadata (15 kB)
2025-12-23T00:56:02.5274372Z Requirement already satisfied: PyYAML in /opt/hostedtoolcache/Python/3.12.12/x64/lib/python3.12/site-packages (from -r requirements-standalone.txt (line 5)) (6.0.3)
2025-12-23T00:56:02.5499629Z Collecting pygeoif (from -r requirements-standalone.txt (line 6))
2025-12-23T00:56:02.5785296Z   Downloading pygeoif-1.6.0-py3-none-any.whl.metadata (14 kB)
2025-12-23T00:56:02.7499083Z Collecting greenlet!=0.4.17 (from SQLAlchemy<2.0.0->-r requirements-standalone.txt (line 1))
2025-12-23T00:56:02.7788461Z   Downloading greenlet-3.3.0-cp312-cp312-manylinux_2_24_x86_64.manylinux_2_28_x86_64.whl.metadata (4.1 kB)
2025-12-23T00:56:02.8053853Z Collecting blinker>=1.9.0 (from Flask->-r requirements-standalone.txt (line 2))
2025-12-23T00:56:02.8339567Z   Downloading blinker-1.9.0-py3-none-any.whl.metadata (1.6 kB)
2025-12-23T00:56:02.8374573Z Requirement already satisfied: click>=8.1.3 in /opt/hostedtoolcache/Python/3.12.12/x64/lib/python3.12/site-packages (from Flask->-r requirements-standalone.txt (line 2)) (8.3.1)
2025-12-23T00:56:02.8590816Z Collecting itsdangerous>=2.2.0 (from Flask->-r requirements-standalone.txt (line 2))
2025-12-23T00:56:02.8878977Z   Downloading itsdangerous-2.2.0-py3-none-any.whl.metadata (1.9 kB)
2025-12-23T00:56:02.9616609Z Collecting markupsafe>=2.1.1 (from Flask->-r requirements-standalone.txt (line 2))
2025-12-23T00:56:02.9905248Z   Downloading markupsafe-3.0.3-cp312-cp312-manylinux2014_x86_64.manylinux_2_17_x86_64.manylinux_2_28_x86_64.whl.metadata (2.7 kB)
2025-12-23T00:56:03.0272806Z Collecting werkzeug>=3.1.0 (from Flask->-r requirements-standalone.txt (line 2))
2025-12-23T00:56:03.0562515Z   Downloading werkzeug-3.1.4-py3-none-any.whl.metadata (4.0 kB)
2025-12-23T00:56:03.0920457Z Collecting dateparser (from pygeofilter->-r requirements-standalone.txt (line 4))
2025-12-23T00:56:03.1209308Z   Downloading dateparser-1.2.2-py3-none-any.whl.metadata (29 kB)
2025-12-23T00:56:03.1608212Z Collecting lark (from pygeofilter->-r requirements-standalone.txt (line 4))
2025-12-23T00:56:03.1955759Z   Downloading lark-1.3.1-py3-none-any.whl.metadata (1.8 kB)
2025-12-23T00:56:03.2306791Z Collecting typing_extensions (from pygeoif->-r requirements-standalone.txt (line 6))
2025-12-23T00:56:03.2593783Z   Downloading typing_extensions-4.15.0-py3-none-any.whl.metadata (3.3 kB)
2025-12-23T00:56:03.2682582Z Requirement already satisfied: python-dateutil>=2.7.0 in /opt/hostedtoolcache/Python/3.12.12/x64/lib/python3.12/site-packages (from dateparser->pygeofilter->-r requirements-standalone.txt (line 4)) (2.9.0.post0)
2025-12-23T00:56:03.3222371Z Collecting pytz>=2024.2 (from dateparser->pygeofilter->-r requirements-standalone.txt (line 4))
2025-12-23T00:56:03.3509581Z   Downloading pytz-2025.2-py2.py3-none-any.whl.metadata (22 kB)
2025-12-23T00:56:03.8052853Z Collecting regex>=2024.9.11 (from dateparser->pygeofilter->-r requirements-standalone.txt (line 4))
2025-12-23T00:56:03.8340606Z   Downloading regex-2025.11.3-cp312-cp312-manylinux2014_x86_64.manylinux_2_17_x86_64.manylinux_2_28_x86_64.whl.metadata (40 kB)
2025-12-23T00:56:03.8776922Z Collecting tzlocal>=0.2 (from dateparser->pygeofilter->-r requirements-standalone.txt (line 4))
2025-12-23T00:56:03.9064623Z   Downloading tzlocal-5.3.1-py3-none-any.whl.metadata (7.6 kB)
2025-12-23T00:56:03.9122851Z Requirement already satisfied: six>=1.5 in /opt/hostedtoolcache/Python/3.12.12/x64/lib/python3.12/site-packages (from python-dateutil>=2.7.0->dateparser->pygeofilter->-r requirements-standalone.txt (line 4)) (1.17.0)
2025-12-23T00:56:03.9456728Z Downloading SQLAlchemy-1.4.54-cp312-cp312-manylinux_2_5_x86_64.manylinux1_x86_64.manylinux_2_17_x86_64.manylinux2014_x86_64.whl (1.6 MB)
2025-12-23T00:56:04.0641206Z    ━━━━━━━━━━━━━━━━━━━━━━━━━━━━━━━━━━━━━━━━ 1.6/1.6 MB 21.4 MB/s  0:00:00
2025-12-23T00:56:04.0930718Z Downloading flask-3.1.2-py3-none-any.whl (103 kB)
2025-12-23T00:56:04.1242901Z Downloading jinja2-3.1.6-py3-none-any.whl (134 kB)
2025-12-23T00:56:04.1562462Z Downloading pygeofilter-0.3.3-py2.py3-none-any.whl (96 kB)
2025-12-23T00:56:04.1868908Z Downloading pygeoif-1.6.0-py3-none-any.whl (27 kB)
2025-12-23T00:56:04.2175990Z Downloading blinker-1.9.0-py3-none-any.whl (8.5 kB)
2025-12-23T00:56:04.2485587Z Downloading greenlet-3.3.0-cp312-cp312-manylinux_2_24_x86_64.manylinux_2_28_x86_64.whl (609 kB)
2025-12-23T00:56:04.2566416Z    ━━━━━━━━━━━━━━━━━━━━━━━━━━━━━━━━━━━━━━━━ 609.9/609.9 kB 67.9 MB/s  0:00:00
2025-12-23T00:56:04.2854254Z Downloading itsdangerous-2.2.0-py3-none-any.whl (16 kB)
2025-12-23T00:56:04.3161529Z Downloading markupsafe-3.0.3-cp312-cp312-manylinux2014_x86_64.manylinux_2_17_x86_64.manylinux_2_28_x86_64.whl (22 kB)
2025-12-23T00:56:04.3466055Z Downloading werkzeug-3.1.4-py3-none-any.whl (224 kB)
2025-12-23T00:56:04.3787720Z Downloading dateparser-1.2.2-py3-none-any.whl (315 kB)
2025-12-23T00:56:04.4119390Z Downloading pytz-2025.2-py2.py3-none-any.whl (509 kB)
2025-12-23T00:56:04.4528843Z Downloading regex-2025.11.3-cp312-cp312-manylinux2014_x86_64.manylinux_2_17_x86_64.manylinux_2_28_x86_64.whl (803 kB)
2025-12-23T00:56:04.4631056Z    ━━━━━━━━━━━━━━━━━━━━━━━━━━━━━━━━━━━━━━━━ 803.5/803.5 kB 74.3 MB/s  0:00:00
2025-12-23T00:56:04.4918236Z Downloading tzlocal-5.3.1-py3-none-any.whl (18 kB)
2025-12-23T00:56:04.5228006Z Downloading lark-1.3.1-py3-none-any.whl (113 kB)
2025-12-23T00:56:04.5537050Z Downloading typing_extensions-4.15.0-py3-none-any.whl (44 kB)
2025-12-23T00:56:04.6255864Z Installing collected packages: pytz, tzlocal, typing_extensions, regex, markupsafe, lark, itsdangerous, greenlet, blinker, werkzeug, SQLAlchemy, pygeoif, Jinja2, dateparser, pygeofilter, Flask
2025-12-23T00:56:06.4736206Z 
2025-12-23T00:56:06.4772417Z Successfully installed Flask-3.1.2 Jinja2-3.1.6 SQLAlchemy-1.4.54 blinker-1.9.0 dateparser-1.2.2 greenlet-3.3.0 itsdangerous-2.2.0 lark-1.3.1 markupsafe-3.0.3 pygeofilter-0.3.3 pygeoif-1.6.0 pytz-2025.2 regex-2025.11.3 typing_extensions-4.15.0 tzlocal-5.3.1 werkzeug-3.1.4
2025-12-23T00:56:07.0507175Z Collecting paho-mqtt (from -r requirements-pubsub.txt (line 1))
2025-12-23T00:56:07.1630788Z   Downloading paho_mqtt-2.1.0-py3-none-any.whl.metadata (23 kB)
2025-12-23T00:56:07.1913060Z Downloading paho_mqtt-2.1.0-py3-none-any.whl (67 kB)
2025-12-23T00:56:07.2524100Z Installing collected packages: paho-mqtt
2025-12-23T00:56:07.3036511Z Successfully installed paho-mqtt-2.1.0
2025-12-23T00:56:07.7019241Z Ignoring legacy-cgi: markers 'python_version >= "3.13"' don't match your environment
2025-12-23T00:56:07.7024914Z Requirement already satisfied: click in /opt/hostedtoolcache/Python/3.12.12/x64/lib/python3.12/site-packages (from -r /home/runner/work/pycsw/pycsw/requirements.txt (line 1)) (8.3.1)
2025-12-23T00:56:07.7028607Z Requirement already satisfied: geolinks in /opt/hostedtoolcache/Python/3.12.12/x64/lib/python3.12/site-packages (from -r /home/runner/work/pycsw/pycsw/requirements.txt (line 2)) (0.2.3)
2025-12-23T00:56:07.7032207Z Requirement already satisfied: lxml in /opt/hostedtoolcache/Python/3.12.12/x64/lib/python3.12/site-packages (from -r /home/runner/work/pycsw/pycsw/requirements.txt (line 4)) (6.0.2)
2025-12-23T00:56:07.7036085Z Requirement already satisfied: OWSLib in /opt/hostedtoolcache/Python/3.12.12/x64/lib/python3.12/site-packages (from -r /home/runner/work/pycsw/pycsw/requirements.txt (line 5)) (0.35.0)
2025-12-23T00:56:07.7039370Z Requirement already satisfied: pyproj in /opt/hostedtoolcache/Python/3.12.12/x64/lib/python3.12/site-packages (from -r /home/runner/work/pycsw/pycsw/requirements.txt (line 6)) (3.7.2)
2025-12-23T00:56:07.7042736Z Requirement already satisfied: python-dateutil in /opt/hostedtoolcache/Python/3.12.12/x64/lib/python3.12/site-packages (from -r /home/runner/work/pycsw/pycsw/requirements.txt (line 7)) (2.9.0.post0)
2025-12-23T00:56:07.7046526Z Requirement already satisfied: PyYAML in /opt/hostedtoolcache/Python/3.12.12/x64/lib/python3.12/site-packages (from -r /home/runner/work/pycsw/pycsw/requirements.txt (line 8)) (6.0.3)
2025-12-23T00:56:07.7049969Z Requirement already satisfied: Shapely in /opt/hostedtoolcache/Python/3.12.12/x64/lib/python3.12/site-packages (from -r /home/runner/work/pycsw/pycsw/requirements.txt (line 9)) (2.1.2)
2025-12-23T00:56:07.7053258Z Requirement already satisfied: xmltodict in /opt/hostedtoolcache/Python/3.12.12/x64/lib/python3.12/site-packages (from -r /home/runner/work/pycsw/pycsw/requirements.txt (line 10)) (1.0.2)
2025-12-23T00:56:07.7057346Z Requirement already satisfied: SQLAlchemy<2.0.0 in /opt/hostedtoolcache/Python/3.12.12/x64/lib/python3.12/site-packages (from -r /home/runner/work/pycsw/pycsw/requirements-standalone.txt (line 1)) (1.4.54)
2025-12-23T00:56:07.7061469Z Requirement already satisfied: Flask in /opt/hostedtoolcache/Python/3.12.12/x64/lib/python3.12/site-packages (from -r /home/runner/work/pycsw/pycsw/requirements-standalone.txt (line 2)) (3.1.2)
2025-12-23T00:56:07.7065335Z Requirement already satisfied: Jinja2 in /opt/hostedtoolcache/Python/3.12.12/x64/lib/python3.12/site-packages (from -r /home/runner/work/pycsw/pycsw/requirements-standalone.txt (line 3)) (3.1.6)
2025-12-23T00:56:07.7068481Z Requirement already satisfied: pygeofilter in /opt/hostedtoolcache/Python/3.12.12/x64/lib/python3.12/site-packages (from -r /home/runner/work/pycsw/pycsw/requirements-standalone.txt (line 4)) (0.3.3)
2025-12-23T00:56:07.7072604Z Requirement already satisfied: pygeoif in /opt/hostedtoolcache/Python/3.12.12/x64/lib/python3.12/site-packages (from -r /home/runner/work/pycsw/pycsw/requirements-standalone.txt (line 6)) (1.6.0)
2025-12-23T00:56:07.8423933Z Collecting psycopg2 (from -r /home/runner/work/pycsw/pycsw/requirements-pg.txt (line 1))
2025-12-23T00:56:07.9326416Z   Downloading psycopg2-2.9.11.tar.gz (379 kB)
2025-12-23T00:56:08.0656500Z   Installing build dependencies: started
2025-12-23T00:56:08.8363909Z   Installing build dependencies: finished with status 'done'
2025-12-23T00:56:08.8368308Z   Getting requirements to build wheel: started
2025-12-23T00:56:09.2753078Z   Getting requirements to build wheel: finished with status 'done'
2025-12-23T00:56:09.2761631Z   Preparing metadata (pyproject.toml): started
2025-12-23T00:56:09.5030878Z   Preparing metadata (pyproject.toml): finished with status 'done'
2025-12-23T00:56:09.5484091Z Collecting pytest==6.2.4 (from -r requirements-dev.txt (line 5))
2025-12-23T00:56:09.5676816Z   Downloading pytest-6.2.4-py3-none-any.whl.metadata (7.3 kB)
2025-12-23T00:56:09.5944616Z Collecting pytest-cov==2.12.0 (from -r requirements-dev.txt (line 6))
2025-12-23T00:56:09.6110530Z   Downloading pytest_cov-2.12.0-py2.py3-none-any.whl.metadata (22 kB)
2025-12-23T00:56:09.6359290Z Collecting pytest-flake8==1.0.7 (from -r requirements-dev.txt (line 7))
2025-12-23T00:56:09.6523841Z   Downloading pytest_flake8-1.0.7-py2.py3-none-any.whl.metadata (5.6 kB)
2025-12-23T00:56:09.6743738Z Collecting pytest-timeout==1.4.2 (from -r requirements-dev.txt (line 8))
2025-12-23T00:56:09.6902394Z   Downloading pytest_timeout-1.4.2-py2.py3-none-any.whl.metadata (11 kB)
2025-12-23T00:56:09.7654460Z Collecting sphinx (from -r requirements-dev.txt (line 9))
2025-12-23T00:56:09.7810854Z   Downloading sphinx-9.0.4-py3-none-any.whl.metadata (5.8 kB)
2025-12-23T00:56:09.8120336Z Collecting twine (from -r requirements-dev.txt (line 10))
2025-12-23T00:56:09.8272919Z   Downloading twine-6.2.0-py3-none-any.whl.metadata (3.6 kB)
2025-12-23T00:56:09.8647680Z Collecting attrs>=19.2.0 (from pytest==6.2.4->-r requirements-dev.txt (line 5))
2025-12-23T00:56:09.8801448Z   Downloading attrs-25.4.0-py3-none-any.whl.metadata (10 kB)
2025-12-23T00:56:09.8985433Z Collecting iniconfig (from pytest==6.2.4->-r requirements-dev.txt (line 5))
2025-12-23T00:56:09.9137492Z   Downloading iniconfig-2.3.0-py3-none-any.whl.metadata (2.5 kB)
2025-12-23T00:56:09.9397753Z Collecting packaging (from pytest==6.2.4->-r requirements-dev.txt (line 5))
2025-12-23T00:56:09.9554582Z   Downloading packaging-25.0-py3-none-any.whl.metadata (3.3 kB)
2025-12-23T00:56:09.9805557Z Collecting pluggy<1.0.0a1,>=0.12 (from pytest==6.2.4->-r requirements-dev.txt (line 5))
2025-12-23T00:56:09.9969248Z   Downloading pluggy-1.0.0.dev0-py2.py3-none-any.whl.metadata (15 kB)
2025-12-23T00:56:10.0223683Z Collecting py>=1.8.2 (from pytest==6.2.4->-r requirements-dev.txt (line 5))
2025-12-23T00:56:10.0377520Z   Downloading py-1.11.0-py2.py3-none-any.whl.metadata (2.8 kB)
2025-12-23T00:56:10.0569695Z Collecting toml (from pytest==6.2.4->-r requirements-dev.txt (line 5))
2025-12-23T00:56:10.0725679Z   Downloading toml-0.10.2-py2.py3-none-any.whl.metadata (7.1 kB)
2025-12-23T00:56:10.5228533Z Collecting coverage>=5.2.1 (from coverage[toml]>=5.2.1->pytest-cov==2.12.0->-r requirements-dev.txt (line 6))
2025-12-23T00:56:10.5388311Z   Downloading coverage-7.13.0-cp312-cp312-manylinux1_x86_64.manylinux_2_28_x86_64.manylinux_2_5_x86_64.whl.metadata (8.5 kB)
2025-12-23T00:56:10.5723204Z Collecting flake8>=3.5 (from pytest-flake8==1.0.7->-r requirements-dev.txt (line 7))
2025-12-23T00:56:10.5884212Z   Downloading flake8-7.3.0-py2.py3-none-any.whl.metadata (3.8 kB)
2025-12-23T00:56:10.6129838Z Requirement already satisfied: greenlet!=0.4.17 in /opt/hostedtoolcache/Python/3.12.12/x64/lib/python3.12/site-packages (from SQLAlchemy<2.0.0->-r /home/runner/work/pycsw/pycsw/requirements-standalone.txt (line 1)) (3.3.0)
2025-12-23T00:56:10.6229050Z Requirement already satisfied: requests in /opt/hostedtoolcache/Python/3.12.12/x64/lib/python3.12/site-packages (from OWSLib->-r /home/runner/work/pycsw/pycsw/requirements.txt (line 5)) (2.32.5)
2025-12-23T00:56:10.6240809Z Requirement already satisfied: certifi in /opt/hostedtoolcache/Python/3.12.12/x64/lib/python3.12/site-packages (from pyproj->-r /home/runner/work/pycsw/pycsw/requirements.txt (line 6)) (2025.11.12)
2025-12-23T00:56:10.6252939Z Requirement already satisfied: six>=1.5 in /opt/hostedtoolcache/Python/3.12.12/x64/lib/python3.12/site-packages (from python-dateutil->-r /home/runner/work/pycsw/pycsw/requirements.txt (line 7)) (1.17.0)
2025-12-23T00:56:10.6272476Z Requirement already satisfied: numpy>=1.21 in /opt/hostedtoolcache/Python/3.12.12/x64/lib/python3.12/site-packages (from Shapely->-r /home/runner/work/pycsw/pycsw/requirements.txt (line 9)) (2.4.0)
2025-12-23T00:56:10.6298565Z Requirement already satisfied: blinker>=1.9.0 in /opt/hostedtoolcache/Python/3.12.12/x64/lib/python3.12/site-packages (from Flask->-r /home/runner/work/pycsw/pycsw/requirements-standalone.txt (line 2)) (1.9.0)
2025-12-23T00:56:10.6307164Z Requirement already satisfied: itsdangerous>=2.2.0 in /opt/hostedtoolcache/Python/3.12.12/x64/lib/python3.12/site-packages (from Flask->-r /home/runner/work/pycsw/pycsw/requirements-standalone.txt (line 2)) (2.2.0)
2025-12-23T00:56:10.6313796Z Requirement already satisfied: markupsafe>=2.1.1 in /opt/hostedtoolcache/Python/3.12.12/x64/lib/python3.12/site-packages (from Flask->-r /home/runner/work/pycsw/pycsw/requirements-standalone.txt (line 2)) (3.0.3)
2025-12-23T00:56:10.6318643Z Requirement already satisfied: werkzeug>=3.1.0 in /opt/hostedtoolcache/Python/3.12.12/x64/lib/python3.12/site-packages (from Flask->-r /home/runner/work/pycsw/pycsw/requirements-standalone.txt (line 2)) (3.1.4)
2025-12-23T00:56:10.6345816Z Requirement already satisfied: dateparser in /opt/hostedtoolcache/Python/3.12.12/x64/lib/python3.12/site-packages (from pygeofilter->-r /home/runner/work/pycsw/pycsw/requirements-standalone.txt (line 4)) (1.2.2)
2025-12-23T00:56:10.6349827Z Requirement already satisfied: lark in /opt/hostedtoolcache/Python/3.12.12/x64/lib/python3.12/site-packages (from pygeofilter->-r /home/runner/work/pycsw/pycsw/requirements-standalone.txt (line 4)) (1.3.1)
2025-12-23T00:56:10.6372633Z Requirement already satisfied: typing_extensions in /opt/hostedtoolcache/Python/3.12.12/x64/lib/python3.12/site-packages (from pygeoif->-r /home/runner/work/pycsw/pycsw/requirements-standalone.txt (line 6)) (4.15.0)
2025-12-23T00:56:10.6565754Z Collecting sphinxcontrib-applehelp>=1.0.7 (from sphinx->-r requirements-dev.txt (line 9))
2025-12-23T00:56:10.6728685Z   Downloading sphinxcontrib_applehelp-2.0.0-py3-none-any.whl.metadata (2.3 kB)
2025-12-23T00:56:10.6915910Z Collecting sphinxcontrib-devhelp>=1.0.6 (from sphinx->-r requirements-dev.txt (line 9))
2025-12-23T00:56:10.7074586Z   Downloading sphinxcontrib_devhelp-2.0.0-py3-none-any.whl.metadata (2.3 kB)
2025-12-23T00:56:10.7269951Z Collecting sphinxcontrib-htmlhelp>=2.0.6 (from sphinx->-r requirements-dev.txt (line 9))
2025-12-23T00:56:10.7424395Z   Downloading sphinxcontrib_htmlhelp-2.1.0-py3-none-any.whl.metadata (2.3 kB)
2025-12-23T00:56:10.7613487Z Collecting sphinxcontrib-jsmath>=1.0.1 (from sphinx->-r requirements-dev.txt (line 9))
2025-12-23T00:56:10.7771097Z   Downloading sphinxcontrib_jsmath-1.0.1-py2.py3-none-any.whl.metadata (1.4 kB)
2025-12-23T00:56:10.7953692Z Collecting sphinxcontrib-qthelp>=1.0.6 (from sphinx->-r requirements-dev.txt (line 9))
2025-12-23T00:56:10.8117407Z   Downloading sphinxcontrib_qthelp-2.0.0-py3-none-any.whl.metadata (2.3 kB)
2025-12-23T00:56:10.8356863Z Collecting sphinxcontrib-serializinghtml>=1.1.9 (from sphinx->-r requirements-dev.txt (line 9))
2025-12-23T00:56:10.8525560Z   Downloading sphinxcontrib_serializinghtml-2.0.0-py3-none-any.whl.metadata (2.4 kB)
2025-12-23T00:56:10.8820524Z Collecting Pygments>=2.17 (from sphinx->-r requirements-dev.txt (line 9))
2025-12-23T00:56:10.8974563Z   Downloading pygments-2.19.2-py3-none-any.whl.metadata (2.5 kB)
2025-12-23T00:56:10.9246730Z Collecting docutils<0.23,>=0.20 (from sphinx->-r requirements-dev.txt (line 9))
2025-12-23T00:56:10.9401241Z   Downloading docutils-0.22.4-py3-none-any.whl.metadata (15 kB)
2025-12-23T00:56:10.9613237Z Collecting snowballstemmer>=2.2 (from sphinx->-r requirements-dev.txt (line 9))
2025-12-23T00:56:10.9796116Z   Downloading snowballstemmer-3.0.1-py3-none-any.whl.metadata (7.9 kB)
2025-12-23T00:56:11.0025964Z Collecting babel>=2.13 (from sphinx->-r requirements-dev.txt (line 9))
2025-12-23T00:56:11.0182144Z   Downloading babel-2.17.0-py3-none-any.whl.metadata (2.0 kB)
2025-12-23T00:56:11.0397035Z Collecting alabaster>=0.7.14 (from sphinx->-r requirements-dev.txt (line 9))
2025-12-23T00:56:11.0556788Z   Downloading alabaster-1.0.0-py3-none-any.whl.metadata (2.8 kB)
2025-12-23T00:56:11.0754976Z Collecting imagesize>=1.3 (from sphinx->-r requirements-dev.txt (line 9))
2025-12-23T00:56:11.0921050Z   Downloading imagesize-1.4.1-py2.py3-none-any.whl.metadata (1.5 kB)
2025-12-23T00:56:11.1112139Z Collecting roman-numerals>=1.0.0 (from sphinx->-r requirements-dev.txt (line 9))
2025-12-23T00:56:11.1272359Z   Downloading roman_numerals-4.1.0-py3-none-any.whl.metadata (3.3 kB)
2025-12-23T00:56:11.1586782Z Collecting readme-renderer>=35.0 (from twine->-r requirements-dev.txt (line 10))
2025-12-23T00:56:11.1742711Z   Downloading readme_renderer-44.0-py3-none-any.whl.metadata (2.8 kB)
2025-12-23T00:56:11.1962235Z Collecting requests-toolbelt!=0.9.0,>=0.8.0 (from twine->-r requirements-dev.txt (line 10))
2025-12-23T00:56:11.2119786Z   Downloading requests_toolbelt-1.0.0-py2.py3-none-any.whl.metadata (14 kB)
2025-12-23T00:56:11.2225205Z Requirement already satisfied: urllib3>=1.26.0 in /opt/hostedtoolcache/Python/3.12.12/x64/lib/python3.12/site-packages (from twine->-r requirements-dev.txt (line 10)) (2.6.2)
2025-12-23T00:56:11.2652334Z Collecting keyring>=21.2.0 (from twine->-r requirements-dev.txt (line 10))
2025-12-23T00:56:11.2808268Z   Downloading keyring-25.7.0-py3-none-any.whl.metadata (21 kB)
2025-12-23T00:56:11.3071352Z Collecting rfc3986>=1.4.0 (from twine->-r requirements-dev.txt (line 10))
2025-12-23T00:56:11.3229760Z   Downloading rfc3986-2.0.0-py2.py3-none-any.whl.metadata (6.6 kB)
2025-12-23T00:56:11.3774260Z Collecting rich>=12.0.0 (from twine->-r requirements-dev.txt (line 10))
2025-12-23T00:56:11.3930755Z   Downloading rich-14.2.0-py3-none-any.whl.metadata (18 kB)
2025-12-23T00:56:11.4197042Z Collecting id (from twine->-r requirements-dev.txt (line 10))
2025-12-23T00:56:11.4350527Z   Downloading id-1.5.0-py3-none-any.whl.metadata (5.2 kB)
2025-12-23T00:56:11.4739282Z Collecting mccabe<0.8.0,>=0.7.0 (from flake8>=3.5->pytest-flake8==1.0.7->-r requirements-dev.txt (line 7))
2025-12-23T00:56:11.4891999Z   Downloading mccabe-0.7.0-py2.py3-none-any.whl.metadata (5.0 kB)
2025-12-23T00:56:11.5136586Z Collecting pycodestyle<2.15.0,>=2.14.0 (from flake8>=3.5->pytest-flake8==1.0.7->-r requirements-dev.txt (line 7))
2025-12-23T00:56:11.5291221Z   Downloading pycodestyle-2.14.0-py2.py3-none-any.whl.metadata (4.5 kB)
2025-12-23T00:56:11.5543627Z Collecting pyflakes<3.5.0,>=3.4.0 (from flake8>=3.5->pytest-flake8==1.0.7->-r requirements-dev.txt (line 7))
2025-12-23T00:56:11.5697787Z   Downloading pyflakes-3.4.0-py2.py3-none-any.whl.metadata (3.5 kB)
2025-12-23T00:56:11.6015272Z Collecting SecretStorage>=3.2 (from keyring>=21.2.0->twine->-r requirements-dev.txt (line 10))
2025-12-23T00:56:11.6173017Z   Downloading secretstorage-3.5.0-py3-none-any.whl.metadata (4.0 kB)
2025-12-23T00:56:11.6370424Z Collecting jeepney>=0.4.2 (from keyring>=21.2.0->twine->-r requirements-dev.txt (line 10))
2025-12-23T00:56:11.6523614Z   Downloading jeepney-0.9.0-py3-none-any.whl.metadata (1.2 kB)
2025-12-23T00:56:11.6727802Z Collecting jaraco.classes (from keyring>=21.2.0->twine->-r requirements-dev.txt (line 10))
2025-12-23T00:56:11.6882629Z   Downloading jaraco.classes-3.4.0-py3-none-any.whl.metadata (2.6 kB)
2025-12-23T00:56:11.7278196Z Collecting jaraco.functools (from keyring>=21.2.0->twine->-r requirements-dev.txt (line 10))
2025-12-23T00:56:11.7440346Z   Downloading jaraco_functools-4.4.0-py3-none-any.whl.metadata (3.0 kB)
2025-12-23T00:56:11.7661321Z Collecting jaraco.context (from keyring>=21.2.0->twine->-r requirements-dev.txt (line 10))
2025-12-23T00:56:11.7815623Z   Downloading jaraco.context-6.0.1-py3-none-any.whl.metadata (4.1 kB)
2025-12-23T00:56:11.8723571Z Collecting nh3>=0.2.14 (from readme-renderer>=35.0->twine->-r requirements-dev.txt (line 10))
2025-12-23T00:56:11.8881441Z   Downloading nh3-0.3.2-cp38-abi3-manylinux_2_17_x86_64.manylinux2014_x86_64.whl.metadata (2.0 kB)
2025-12-23T00:56:11.9031255Z Requirement already satisfied: charset_normalizer<4,>=2 in /opt/hostedtoolcache/Python/3.12.12/x64/lib/python3.12/site-packages (from requests->OWSLib->-r /home/runner/work/pycsw/pycsw/requirements.txt (line 5)) (3.4.4)
2025-12-23T00:56:11.9038070Z Requirement already satisfied: idna<4,>=2.5 in /opt/hostedtoolcache/Python/3.12.12/x64/lib/python3.12/site-packages (from requests->OWSLib->-r /home/runner/work/pycsw/pycsw/requirements.txt (line 5)) (3.11)
2025-12-23T00:56:11.9554374Z Collecting markdown-it-py>=2.2.0 (from rich>=12.0.0->twine->-r requirements-dev.txt (line 10))
2025-12-23T00:56:11.9723696Z   Downloading markdown_it_py-4.0.0-py3-none-any.whl.metadata (7.3 kB)
2025-12-23T00:56:12.1177660Z Collecting mdurl~=0.1 (from markdown-it-py>=2.2.0->rich>=12.0.0->twine->-r requirements-dev.txt (line 10))
2025-12-23T00:56:12.1329275Z   Downloading mdurl-0.1.2-py3-none-any.whl.metadata (1.6 kB)
2025-12-23T00:56:12.3629307Z Collecting cryptography>=2.0 (from SecretStorage>=3.2->keyring>=21.2.0->twine->-r requirements-dev.txt (line 10))
2025-12-23T00:56:12.3788092Z   Downloading cryptography-46.0.3-cp311-abi3-manylinux_2_34_x86_64.whl.metadata (5.7 kB)
2025-12-23T00:56:12.5096655Z Collecting cffi>=2.0.0 (from cryptography>=2.0->SecretStorage>=3.2->keyring>=21.2.0->twine->-r requirements-dev.txt (line 10))
2025-12-23T00:56:12.5253260Z   Downloading cffi-2.0.0-cp312-cp312-manylinux2014_x86_64.manylinux_2_17_x86_64.whl.metadata (2.6 kB)
2025-12-23T00:56:12.5485221Z Collecting pycparser (from cffi>=2.0.0->cryptography>=2.0->SecretStorage>=3.2->keyring>=21.2.0->twine->-r requirements-dev.txt (line 10))
2025-12-23T00:56:12.5656510Z   Downloading pycparser-2.23-py3-none-any.whl.metadata (993 bytes)
2025-12-23T00:56:12.5905360Z Requirement already satisfied: pytz>=2024.2 in /opt/hostedtoolcache/Python/3.12.12/x64/lib/python3.12/site-packages (from dateparser->pygeofilter->-r /home/runner/work/pycsw/pycsw/requirements-standalone.txt (line 4)) (2025.2)
2025-12-23T00:56:12.5910125Z Requirement already satisfied: regex>=2024.9.11 in /opt/hostedtoolcache/Python/3.12.12/x64/lib/python3.12/site-packages (from dateparser->pygeofilter->-r /home/runner/work/pycsw/pycsw/requirements-standalone.txt (line 4)) (2025.11.3)
2025-12-23T00:56:12.5915311Z Requirement already satisfied: tzlocal>=0.2 in /opt/hostedtoolcache/Python/3.12.12/x64/lib/python3.12/site-packages (from dateparser->pygeofilter->-r /home/runner/work/pycsw/pycsw/requirements-standalone.txt (line 4)) (5.3.1)
2025-12-23T00:56:12.6305220Z Collecting more-itertools (from jaraco.classes->keyring>=21.2.0->twine->-r requirements-dev.txt (line 10))
2025-12-23T00:56:12.6462654Z   Downloading more_itertools-10.8.0-py3-none-any.whl.metadata (39 kB)
2025-12-23T00:56:12.6898058Z Downloading pytest-6.2.4-py3-none-any.whl (280 kB)
2025-12-23T00:56:12.7463429Z Downloading pytest_cov-2.12.0-py2.py3-none-any.whl (20 kB)
2025-12-23T00:56:12.7647496Z Downloading pytest_flake8-1.0.7-py2.py3-none-any.whl (6.4 kB)
2025-12-23T00:56:12.7839780Z Downloading pytest_timeout-1.4.2-py2.py3-none-any.whl (10 kB)
2025-12-23T00:56:12.8029927Z Downloading pluggy-1.0.0.dev0-py2.py3-none-any.whl (17 kB)
2025-12-23T00:56:12.8219122Z Downloading sphinx-9.0.4-py3-none-any.whl (3.9 MB)
2025-12-23T00:56:13.1356343Z    ━━━━━━━━━━━━━━━━━━━━━━━━━━━━━━━━━━━━━━━━ 3.9/3.9 MB 13.1 MB/s  0:00:00
2025-12-23T00:56:13.1513468Z Downloading docutils-0.22.4-py3-none-any.whl (633 kB)
2025-12-23T00:56:13.1835333Z    ━━━━━━━━━━━━━━━━━━━━━━━━━━━━━━━━━━━━━━━━ 633.2/633.2 kB 17.4 MB/s  0:00:00
2025-12-23T00:56:13.1990231Z Downloading twine-6.2.0-py3-none-any.whl (42 kB)
2025-12-23T00:56:13.2207365Z Downloading alabaster-1.0.0-py3-none-any.whl (13 kB)
2025-12-23T00:56:13.2378386Z Downloading attrs-25.4.0-py3-none-any.whl (67 kB)
2025-12-23T00:56:13.2564662Z Downloading babel-2.17.0-py3-none-any.whl (10.2 MB)
2025-12-23T00:56:13.5577896Z    ━━━━━━━━━━━━━━━━━━━━━━━━━━━━━━━━━━━━━━━━ 10.2/10.2 MB 34.1 MB/s  0:00:00
2025-12-23T00:56:13.5798742Z Downloading coverage-7.13.0-cp312-cp312-manylinux1_x86_64.manylinux_2_28_x86_64.manylinux_2_5_x86_64.whl (252 kB)
2025-12-23T00:56:13.6025907Z Downloading flake8-7.3.0-py2.py3-none-any.whl (57 kB)
2025-12-23T00:56:13.6202758Z Downloading mccabe-0.7.0-py2.py3-none-any.whl (7.3 kB)
2025-12-23T00:56:13.6378954Z Downloading pycodestyle-2.14.0-py2.py3-none-any.whl (31 kB)
2025-12-23T00:56:13.6553595Z Downloading pyflakes-3.4.0-py2.py3-none-any.whl (63 kB)
2025-12-23T00:56:13.6727426Z Downloading imagesize-1.4.1-py2.py3-none-any.whl (8.8 kB)
2025-12-23T00:56:13.6902332Z Downloading keyring-25.7.0-py3-none-any.whl (39 kB)
2025-12-23T00:56:13.7075584Z Downloading jeepney-0.9.0-py3-none-any.whl (49 kB)
2025-12-23T00:56:13.7247872Z Downloading packaging-25.0-py3-none-any.whl (66 kB)
2025-12-23T00:56:13.7423936Z Downloading py-1.11.0-py2.py3-none-any.whl (98 kB)
2025-12-23T00:56:13.7599035Z Downloading pygments-2.19.2-py3-none-any.whl (1.2 MB)
2025-12-23T00:56:13.7838892Z    ━━━━━━━━━━━━━━━━━━━━━━━━━━━━━━━━━━━━━━━━ 1.2/1.2 MB 50.3 MB/s  0:00:00
2025-12-23T00:56:13.8021734Z Downloading readme_renderer-44.0-py3-none-any.whl (13 kB)
2025-12-23T00:56:13.8195651Z Downloading nh3-0.3.2-cp38-abi3-manylinux_2_17_x86_64.manylinux2014_x86_64.whl (797 kB)
2025-12-23T00:56:13.8337658Z    ━━━━━━━━━━━━━━━━━━━━━━━━━━━━━━━━━━━━━━━━ 797.2/797.2 kB 54.4 MB/s  0:00:00
2025-12-23T00:56:13.8492794Z Downloading requests_toolbelt-1.0.0-py2.py3-none-any.whl (54 kB)
2025-12-23T00:56:13.8667856Z Downloading rfc3986-2.0.0-py2.py3-none-any.whl (31 kB)
2025-12-23T00:56:13.8848898Z Downloading rich-14.2.0-py3-none-any.whl (243 kB)
2025-12-23T00:56:13.9045821Z Downloading markdown_it_py-4.0.0-py3-none-any.whl (87 kB)
2025-12-23T00:56:13.9220731Z Downloading mdurl-0.1.2-py3-none-any.whl (10.0 kB)
2025-12-23T00:56:13.9398841Z Downloading roman_numerals-4.1.0-py3-none-any.whl (7.7 kB)
2025-12-23T00:56:13.9571556Z Downloading secretstorage-3.5.0-py3-none-any.whl (15 kB)
2025-12-23T00:56:13.9745315Z Downloading cryptography-46.0.3-cp311-abi3-manylinux_2_34_x86_64.whl (4.5 MB)
2025-12-23T00:56:14.0484482Z    ━━━━━━━━━━━━━━━━━━━━━━━━━━━━━━━━━━━━━━━━ 4.5/4.5 MB 60.8 MB/s  0:00:00
2025-12-23T00:56:14.0655425Z Downloading cffi-2.0.0-cp312-cp312-manylinux2014_x86_64.manylinux_2_17_x86_64.whl (219 kB)
2025-12-23T00:56:14.0846531Z Downloading snowballstemmer-3.0.1-py3-none-any.whl (103 kB)
2025-12-23T00:56:14.1022690Z Downloading sphinxcontrib_applehelp-2.0.0-py3-none-any.whl (119 kB)
2025-12-23T00:56:14.1203148Z Downloading sphinxcontrib_devhelp-2.0.0-py3-none-any.whl (82 kB)
2025-12-23T00:56:14.1394342Z Downloading sphinxcontrib_htmlhelp-2.1.0-py3-none-any.whl (98 kB)
2025-12-23T00:56:14.1569641Z Downloading sphinxcontrib_jsmath-1.0.1-py2.py3-none-any.whl (5.1 kB)
2025-12-23T00:56:14.1739541Z Downloading sphinxcontrib_qthelp-2.0.0-py3-none-any.whl (88 kB)
2025-12-23T00:56:14.1915675Z Downloading sphinxcontrib_serializinghtml-2.0.0-py3-none-any.whl (92 kB)
2025-12-23T00:56:14.2091215Z Downloading id-1.5.0-py3-none-any.whl (13 kB)
2025-12-23T00:56:14.2270086Z Downloading iniconfig-2.3.0-py3-none-any.whl (7.5 kB)
2025-12-23T00:56:14.2447937Z Downloading jaraco.classes-3.4.0-py3-none-any.whl (6.8 kB)
2025-12-23T00:56:14.2622382Z Downloading jaraco.context-6.0.1-py3-none-any.whl (6.8 kB)
2025-12-23T00:56:14.2793104Z Downloading jaraco_functools-4.4.0-py3-none-any.whl (10 kB)
2025-12-23T00:56:14.2968816Z Downloading more_itertools-10.8.0-py3-none-any.whl (69 kB)
2025-12-23T00:56:14.3171616Z Downloading pycparser-2.23-py3-none-any.whl (118 kB)
2025-12-23T00:56:14.3346909Z Downloading toml-0.10.2-py2.py3-none-any.whl (16 kB)
2025-12-23T00:56:14.4016685Z Building wheels for collected packages: psycopg2
2025-12-23T00:56:14.4025319Z   Building wheel for psycopg2 (pyproject.toml): started
2025-12-23T00:56:22.2358628Z   Building wheel for psycopg2 (pyproject.toml): finished with status 'done'
2025-12-23T00:56:22.2367811Z   Created wheel for psycopg2: filename=psycopg2-2.9.11-cp312-cp312-linux_x86_64.whl size=549688 sha256=2d956d47e9c3c5515be8c5fe761fbcde64df66ea7096543e36f1820af8c43d6f
2025-12-23T00:56:22.2369695Z   Stored in directory: /home/runner/.cache/pip/wheels/da/54/60/22d6c77229eaf3816b2a8baf906a85c5a8458f913249527d84
2025-12-23T00:56:22.2391317Z Successfully built psycopg2
2025-12-23T00:56:22.3395585Z Installing collected packages: toml, sphinxcontrib-serializinghtml, sphinxcontrib-qthelp, sphinxcontrib-jsmath, sphinxcontrib-htmlhelp, sphinxcontrib-devhelp, sphinxcontrib-applehelp, snowballstemmer, roman-numerals, rfc3986, Pygments, pyflakes, pycparser, pycodestyle, py, psycopg2, pluggy, packaging, nh3, more-itertools, mdurl, mccabe, jeepney, jaraco.context, iniconfig, imagesize, docutils, coverage, babel, attrs, alabaster, sphinx, requests-toolbelt, readme-renderer, pytest, markdown-it-py, jaraco.functools, jaraco.classes, id, flake8, cffi, rich, pytest-timeout, pytest-flake8, pytest-cov, cryptography, SecretStorage, keyring, twine
2025-12-23T00:56:26.3561760Z 
2025-12-23T00:56:26.3638739Z Successfully installed Pygments-2.19.2 SecretStorage-3.5.0 alabaster-1.0.0 attrs-25.4.0 babel-2.17.0 cffi-2.0.0 coverage-7.13.0 cryptography-46.0.3 docutils-0.22.4 flake8-7.3.0 id-1.5.0 imagesize-1.4.1 iniconfig-2.3.0 jaraco.classes-3.4.0 jaraco.context-6.0.1 jaraco.functools-4.4.0 jeepney-0.9.0 keyring-25.7.0 markdown-it-py-4.0.0 mccabe-0.7.0 mdurl-0.1.2 more-itertools-10.8.0 nh3-0.3.2 packaging-25.0 pluggy-1.0.0.dev0 psycopg2-2.9.11 py-1.11.0 pycodestyle-2.14.0 pycparser-2.23 pyflakes-3.4.0 pytest-6.2.4 pytest-cov-2.12.0 pytest-flake8-1.0.7 pytest-timeout-1.4.2 readme-renderer-44.0 requests-toolbelt-1.0.0 rfc3986-2.0.0 rich-14.2.0 roman-numerals-4.1.0 snowballstemmer-3.0.1 sphinx-9.0.4 sphinxcontrib-applehelp-2.0.0 sphinxcontrib-devhelp-2.0.0 sphinxcontrib-htmlhelp-2.1.0 sphinxcontrib-jsmath-1.0.1 sphinxcontrib-qthelp-2.0.0 sphinxcontrib-serializinghtml-2.0.0 toml-0.10.2 twine-6.2.0
2025-12-23T00:56:26.9159840Z Collecting https://github.com/geopython/OWSLib/archive/master.zip
2025-12-23T00:56:27.4380421Z   Downloading https://github.com/geopython/OWSLib/archive/master.zip
2025-12-23T00:56:27.6149232Z      | 1.3 MB 9.0 MB/s 0:00:00
2025-12-23T00:56:27.6880859Z   Installing build dependencies: started
2025-12-23T00:56:28.7218358Z   Installing build dependencies: finished with status 'done'
2025-12-23T00:56:28.7224002Z   Getting requirements to build wheel: started
2025-12-23T00:56:29.0555864Z   Getting requirements to build wheel: finished with status 'done'
2025-12-23T00:56:29.0564723Z   Preparing metadata (pyproject.toml): started
2025-12-23T00:56:29.2489481Z   Preparing metadata (pyproject.toml): finished with status 'done'
2025-12-23T00:56:29.2517301Z Requirement already satisfied: lxml in /opt/hostedtoolcache/Python/3.12.12/x64/lib/python3.12/site-packages (from OWSLib==0.36.dev0) (6.0.2)
2025-12-23T00:56:29.2520943Z Requirement already satisfied: python-dateutil in /opt/hostedtoolcache/Python/3.12.12/x64/lib/python3.12/site-packages (from OWSLib==0.36.dev0) (2.9.0.post0)
2025-12-23T00:56:29.2524627Z Requirement already satisfied: pyyaml in /opt/hostedtoolcache/Python/3.12.12/x64/lib/python3.12/site-packages (from OWSLib==0.36.dev0) (6.0.3)
2025-12-23T00:56:29.2528118Z Requirement already satisfied: requests in /opt/hostedtoolcache/Python/3.12.12/x64/lib/python3.12/site-packages (from OWSLib==0.36.dev0) (2.32.5)
2025-12-23T00:56:29.2548610Z Requirement already satisfied: six>=1.5 in /opt/hostedtoolcache/Python/3.12.12/x64/lib/python3.12/site-packages (from python-dateutil->OWSLib==0.36.dev0) (1.17.0)
2025-12-23T00:56:29.2567094Z Requirement already satisfied: charset_normalizer<4,>=2 in /opt/hostedtoolcache/Python/3.12.12/x64/lib/python3.12/site-packages (from requests->OWSLib==0.36.dev0) (3.4.4)
2025-12-23T00:56:29.2573912Z Requirement already satisfied: idna<4,>=2.5 in /opt/hostedtoolcache/Python/3.12.12/x64/lib/python3.12/site-packages (from requests->OWSLib==0.36.dev0) (3.11)
2025-12-23T00:56:29.2579581Z Requirement already satisfied: urllib3<3,>=1.21.1 in /opt/hostedtoolcache/Python/3.12.12/x64/lib/python3.12/site-packages (from requests->OWSLib==0.36.dev0) (2.6.2)
2025-12-23T00:56:29.2585073Z Requirement already satisfied: certifi>=2017.4.17 in /opt/hostedtoolcache/Python/3.12.12/x64/lib/python3.12/site-packages (from requests->OWSLib==0.36.dev0) (2025.11.12)
2025-12-23T00:56:29.2634544Z Building wheels for collected packages: OWSLib
2025-12-23T00:56:29.2642114Z   Building wheel for OWSLib (pyproject.toml): started
2025-12-23T00:56:29.5573191Z   Building wheel for OWSLib (pyproject.toml): finished with status 'done'
2025-12-23T00:56:29.5581189Z   Created wheel for OWSLib: filename=owslib-0.36.dev0-py3-none-any.whl size=239691 sha256=d51129ccebce77667a95299bd64b22f8fcdba57a8511799b8bb2d71ce5039ff0
2025-12-23T00:56:29.5582801Z   Stored in directory: /tmp/pip-ephem-wheel-cache-4mar1caj/wheels/89/99/dc/2492cda3af81e4c7a6cd8d3a0bb5094494ec47f36bbde1e486
2025-12-23T00:56:29.5608547Z Successfully built OWSLib
2025-12-23T00:56:29.6350419Z Installing collected packages: OWSLib
2025-12-23T00:56:29.6351450Z   Attempting uninstall: OWSLib
2025-12-23T00:56:29.6386606Z     Found existing installation: OWSLib 0.35.0
2025-12-23T00:56:29.6466616Z     Uninstalling OWSLib-0.35.0:
2025-12-23T00:56:29.6486923Z       Successfully uninstalled OWSLib-0.35.0
2025-12-23T00:56:29.8680470Z Successfully installed OWSLib-0.36.dev0
2025-12-23T00:56:30.4917938Z Collecting tox
2025-12-23T00:56:30.5821148Z   Downloading tox-4.32.0-py3-none-any.whl.metadata (3.5 kB)
2025-12-23T00:56:30.6125060Z Collecting cachetools>=6.2 (from tox)
2025-12-23T00:56:30.6281741Z   Downloading cachetools-6.2.4-py3-none-any.whl.metadata (5.6 kB)
2025-12-23T00:56:30.6597257Z Collecting chardet>=5.2 (from tox)
2025-12-23T00:56:30.6754806Z   Downloading chardet-5.2.0-py3-none-any.whl.metadata (3.4 kB)
2025-12-23T00:56:30.7031158Z Collecting colorama>=0.4.6 (from tox)
2025-12-23T00:56:30.7191652Z   Downloading colorama-0.4.6-py2.py3-none-any.whl.metadata (17 kB)
2025-12-23T00:56:30.7692189Z Collecting filelock>=3.20 (from tox)
2025-12-23T00:56:30.7951420Z   Downloading filelock-3.20.1-py3-none-any.whl.metadata (2.1 kB)
2025-12-23T00:56:30.7987302Z Requirement already satisfied: packaging>=25 in /opt/hostedtoolcache/Python/3.12.12/x64/lib/python3.12/site-packages (from tox) (25.0)
2025-12-23T00:56:30.8246019Z Collecting platformdirs>=4.5 (from tox)
2025-12-23T00:56:30.8400242Z   Downloading platformdirs-4.5.1-py3-none-any.whl.metadata (12 kB)
2025-12-23T00:56:30.8696066Z Collecting pluggy>=1.6 (from tox)
2025-12-23T00:56:30.8852062Z   Downloading pluggy-1.6.0-py3-none-any.whl.metadata (4.8 kB)
2025-12-23T00:56:30.9148073Z Collecting pyproject-api>=1.9.1 (from tox)
2025-12-23T00:56:30.9307241Z   Downloading pyproject_api-1.10.0-py3-none-any.whl.metadata (2.7 kB)
2025-12-23T00:56:31.0102398Z Collecting virtualenv>=20.34 (from tox)
2025-12-23T00:56:31.0260829Z   Downloading virtualenv-20.35.4-py3-none-any.whl.metadata (4.6 kB)
2025-12-23T00:56:31.0622815Z Collecting distlib<1,>=0.3.7 (from virtualenv>=20.34->tox)
2025-12-23T00:56:31.0794205Z   Downloading distlib-0.4.0-py2.py3-none-any.whl.metadata (5.2 kB)
2025-12-23T00:56:31.1091782Z Downloading tox-4.32.0-py3-none-any.whl (175 kB)
2025-12-23T00:56:31.1578027Z Downloading cachetools-6.2.4-py3-none-any.whl (11 kB)
2025-12-23T00:56:31.1750944Z Downloading chardet-5.2.0-py3-none-any.whl (199 kB)
2025-12-23T00:56:31.1981204Z Downloading colorama-0.4.6-py2.py3-none-any.whl (25 kB)
2025-12-23T00:56:31.2154971Z Downloading filelock-3.20.1-py3-none-any.whl (16 kB)
2025-12-23T00:56:31.2328155Z Downloading platformdirs-4.5.1-py3-none-any.whl (18 kB)
2025-12-23T00:56:31.2505884Z Downloading pluggy-1.6.0-py3-none-any.whl (20 kB)
2025-12-23T00:56:31.2691352Z Downloading pyproject_api-1.10.0-py3-none-any.whl (13 kB)
2025-12-23T00:56:31.2867087Z Downloading virtualenv-20.35.4-py3-none-any.whl (6.0 MB)
2025-12-23T00:56:31.3545109Z    ━━━━━━━━━━━━━━━━━━━━━━━━━━━━━━━━━━━━━━━━ 6.0/6.0 MB 92.3 MB/s  0:00:00
2025-12-23T00:56:31.3704480Z Downloading distlib-0.4.0-py2.py3-none-any.whl (469 kB)
2025-12-23T00:56:31.4799460Z Installing collected packages: distlib, pyproject-api, pluggy, platformdirs, filelock, colorama, chardet, cachetools, virtualenv, tox
2025-12-23T00:56:31.5726306Z   Attempting uninstall: pluggy
2025-12-23T00:56:31.5776967Z     Found existing installation: pluggy 1.0.0.dev0
2025-12-23T00:56:31.5799812Z     Uninstalling pluggy-1.0.0.dev0:
2025-12-23T00:56:31.5807883Z       Successfully uninstalled pluggy-1.0.0.dev0
2025-12-23T00:56:32.1423967Z 
2025-12-23T00:56:32.1504248Z ERROR: pip's dependency resolver does not currently take into account all the packages that are installed. This behaviour is the source of the following dependency conflicts.
2025-12-23T00:56:32.1505986Z pytest 6.2.4 requires pluggy<1.0.0a1,>=0.12, but you have pluggy 1.6.0 which is incompatible.
2025-12-23T00:56:32.1507681Z Successfully installed cachetools-6.2.4 chardet-5.2.0 colorama-0.4.6 distlib-0.4.0 filelock-3.20.1 platformdirs-4.5.1 pluggy-1.6.0 pyproject-api-1.10.0 tox-4.32.0 virtualenv-20.35.4
2025-12-23T00:56:32.2077874Z TOXENV => py312-sqlite
2025-12-23T00:56:32.2131405Z ##[group]Run tox -- --exitfirst -m unit
2025-12-23T00:56:32.2131728Z [36;1mtox -- --exitfirst -m unit[0m
2025-12-23T00:56:32.2165562Z shell: /usr/bin/bash -e {0}
2025-12-23T00:56:32.2165781Z env:
2025-12-23T00:56:32.2165952Z   TOXENV: py312-sqlite
2025-12-23T00:56:32.2166218Z   pythonLocation: /opt/hostedtoolcache/Python/3.12.12/x64
2025-12-23T00:56:32.2166627Z   PKG_CONFIG_PATH: /opt/hostedtoolcache/Python/3.12.12/x64/lib/pkgconfig
2025-12-23T00:56:32.2167010Z   Python_ROOT_DIR: /opt/hostedtoolcache/Python/3.12.12/x64
2025-12-23T00:56:32.2167359Z   Python2_ROOT_DIR: /opt/hostedtoolcache/Python/3.12.12/x64
2025-12-23T00:56:32.2167706Z   Python3_ROOT_DIR: /opt/hostedtoolcache/Python/3.12.12/x64
2025-12-23T00:56:32.2168046Z   LD_LIBRARY_PATH: /opt/hostedtoolcache/Python/3.12.12/x64/lib
2025-12-23T00:56:32.2168345Z ##[endgroup]
2025-12-23T00:56:32.8470025Z py312-sqlite: install_deps> python -I -m pip install -r requirements-dev.txt
2025-12-23T00:56:34.2039198Z .pkg: install_requires> python -I -m pip install 'setuptools>=46.4' wheel
2025-12-23T00:56:36.1695810Z .pkg: _optional_hooks> python /opt/hostedtoolcache/Python/3.12.12/x64/lib/python3.12/site-packages/pyproject_api/_backend.py True setuptools.build_meta
2025-12-23T00:56:36.3339125Z .pkg: get_requires_for_build_editable> python /opt/hostedtoolcache/Python/3.12.12/x64/lib/python3.12/site-packages/pyproject_api/_backend.py True setuptools.build_meta
2025-12-23T00:56:36.5966723Z .pkg: freeze> python -m pip freeze --all
2025-12-23T00:56:36.8310792Z .pkg: pip==25.3,setuptools==80.9.0,wheel==0.45.1
2025-12-23T00:56:36.8317014Z .pkg: build_editable> python /opt/hostedtoolcache/Python/3.12.12/x64/lib/python3.12/site-packages/pyproject_api/_backend.py True setuptools.build_meta
2025-12-23T00:56:37.2110814Z py312-sqlite: install_package_deps> python -I -m pip install OWSLib PyYAML Shapely click geolinks 'legacy-cgi; python_version >= "3.13"' lxml pyproj python-dateutil xmltodict
2025-12-23T00:56:37.7373918Z py312-sqlite: install_package> python -I -m pip install --force-reinstall --no-deps /home/runner/work/pycsw/pycsw/.tox/.tmp/package/1/pycsw-3.0.dev0-0.editable-py3-none-any.whl
2025-12-23T00:56:38.1662783Z py312-sqlite: freeze> python -m pip freeze --all
2025-12-23T00:56:38.4649788Z py312-sqlite: alabaster==1.0.0,attrs==25.4.0,babel==2.17.0,blinker==1.9.0,cachetools==6.2.4,certifi==2025.11.12,cffi==2.0.0,chardet==5.2.0,charset-normalizer==3.4.4,click==8.3.1,colorama==0.4.6,coverage==7.13.0,cryptography==46.0.3,dateparser==1.2.2,distlib==0.4.0,docutils==0.22.4,filelock==3.20.1,flake8==7.3.0,Flask==3.1.2,geolinks==0.2.3,greenlet==3.3.0,id==1.5.0,idna==3.11,imagesize==1.4.1,iniconfig==2.3.0,itsdangerous==2.2.0,jaraco.classes==3.4.0,jaraco.context==6.0.1,jaraco.functools==4.4.0,jeepney==0.9.0,Jinja2==3.1.6,keyring==25.7.0,lark==1.3.1,lxml==6.0.2,markdown-it-py==4.0.0,MarkupSafe==3.0.3,mccabe==0.7.0,mdurl==0.1.2,more-itertools==10.8.0,nh3==0.3.2,numpy==2.4.0,OWSLib @ https://github.com/geopython/OWSLib/archive/master.zip#sha256=dd2faa3df4802151e3a75aed58115426bb4feac722079bf40f7c444f3e0d84fc,packaging==25.0,paho-mqtt==2.1.0,pip==25.3,platformdirs==4.5.1,pluggy==1.0.0.dev0,psycopg2==2.9.11,py==1.11.0,pycodestyle==2.14.0,pycparser==2.23,pycsw @ file:///home/runner/work/pycsw/pycsw/.tox/.tmp/package/1/pycsw-3.0.dev0-0.editable-py3-none-any.whl#sha256=2d1c75a637e9429c25ab483ce63525898a24bb00696ff44190c2b654e821d4ec,pyflakes==3.4.0,pygeofilter==0.3.3,pygeoif==1.6.0,Pygments==2.19.2,pyproj==3.7.2,pyproject-api==1.10.0,pytest==6.2.4,pytest-cov==2.12.0,pytest-flake8==1.0.7,pytest-timeout==1.4.2,python-dateutil==2.9.0.post0,pytz==2025.2,PyYAML==6.0.3,readme_renderer==44.0,regex==2025.11.3,requests==2.32.5,requests-toolbelt==1.0.0,rfc3986==2.0.0,rich==14.2.0,roman-numerals==4.1.0,SecretStorage==3.5.0,setuptools==80.9.0,shapely==2.1.2,six==1.17.0,snowballstemmer==3.0.1,Sphinx==9.0.4,sphinxcontrib-applehelp==2.0.0,sphinxcontrib-devhelp==2.0.0,sphinxcontrib-htmlhelp==2.1.0,sphinxcontrib-jsmath==1.0.1,sphinxcontrib-qthelp==2.0.0,sphinxcontrib-serializinghtml==2.0.0,SQLAlchemy==1.4.54,toml==0.10.2,tox==4.32.0,twine==6.2.0,typing_extensions==4.15.0,tzlocal==5.3.1,urllib3==2.6.2,virtualenv==20.35.4,Werkzeug==3.1.4,xmltodict==1.0.2
2025-12-23T00:56:38.4656233Z py312-sqlite: commands[0]> coverage run --parallel-mode --module pytest --exitfirst -m unit
2025-12-23T00:56:45.5142539Z ============================= test session starts ==============================
2025-12-23T00:56:45.5143417Z platform linux -- Python 3.12.12, pytest-6.2.4, py-1.11.0, pluggy-1.6.0
2025-12-23T00:56:45.5143919Z cachedir: .tox/py312-sqlite/.pytest_cache
2025-12-23T00:56:45.5144280Z rootdir: /home/runner/work/pycsw/pycsw
2025-12-23T00:56:45.5144639Z plugins: timeout-1.4.2, cov-2.12.0, flake8-1.0.7
2025-12-23T00:56:45.5145017Z collected 583 items / 439 deselected / 144 selected
2025-12-23T00:56:45.5145265Z 
2025-12-23T00:56:45.5172467Z tests/unittests/test_fmt_json.py .                                       [  0%]
2025-12-23T00:56:45.5213253Z tests/unittests/test_metadata.py ..                                      [  2%]
2025-12-23T00:56:45.5248728Z tests/unittests/test_ogc_csw_csw3.py ..                                  [  3%]
2025-12-23T00:56:45.5506449Z tests/unittests/test_opensearch.py ...................                   [ 16%]
2025-12-23T00:56:45.5825443Z tests/unittests/test_repository.py ...................                   [ 29%]
2025-12-23T00:56:45.5870192Z tests/unittests/test_server.py .                                         [ 30%]
2025-12-23T00:56:45.6560413Z tests/unittests/test_util.py ........................................... [ 60%]
2025-12-23T00:56:45.7122455Z ....................................                                     [ 85%]
2025-12-23T00:56:47.5025654Z tests/unittests/test_wsgi.py .....................                       [100%]
2025-12-23T00:56:47.5026347Z 
2025-12-23T00:56:47.5026663Z =============================== warnings summary ===============================
2025-12-23T00:56:47.5027885Z ../../../../../opt/hostedtoolcache/Python/3.12.12/x64/lib/python3.12/site-packages/_pytest/assertion/rewrite.py:689: 11 warnings
2025-12-23T00:56:47.5029909Z   /opt/hostedtoolcache/Python/3.12.12/x64/lib/python3.12/site-packages/_pytest/assertion/rewrite.py:689: DeprecationWarning: ast.Str is deprecated and will be removed in Python 3.14; use ast.Constant instead
2025-12-23T00:56:47.5031354Z     and isinstance(item.value, ast.Str)
2025-12-23T00:56:47.5031686Z 
2025-12-23T00:56:47.5033548Z ../../../../../opt/hostedtoolcache/Python/3.12.12/x64/lib/python3.12/site-packages/_pytest/assertion/rewrite.py:691: 11 warnings
2025-12-23T00:56:47.5035387Z   /opt/hostedtoolcache/Python/3.12.12/x64/lib/python3.12/site-packages/_pytest/assertion/rewrite.py:691: DeprecationWarning: Attribute s is deprecated and will be removed in Python 3.14; use value instead
2025-12-23T00:56:47.5036750Z     doc = item.value.s
2025-12-23T00:56:47.5037286Z 
2025-12-23T00:56:47.5037682Z ../../../../../opt/hostedtoolcache/Python/3.12.12/x64/lib/python3.12/site-packages/_pytest/assertion/rewrite.py:958: 221 warnings
2025-12-23T00:56:47.5038860Z   /opt/hostedtoolcache/Python/3.12.12/x64/lib/python3.12/site-packages/_pytest/assertion/rewrite.py:958: DeprecationWarning: ast.Str is deprecated and will be removed in Python 3.14; use ast.Constant instead
2025-12-23T00:56:47.5039710Z     inlocs = ast.Compare(ast.Str(name.id), [ast.In()], [locs])
2025-12-23T00:56:47.5039932Z 
2025-12-23T00:56:47.5040277Z ../../../../../opt/hostedtoolcache/Python/3.12.12/x64/lib/python3.12/site-packages/_pytest/assertion/rewrite.py:961: 221 warnings
2025-12-23T00:56:47.5041282Z   /opt/hostedtoolcache/Python/3.12.12/x64/lib/python3.12/site-packages/_pytest/assertion/rewrite.py:961: DeprecationWarning: ast.Str is deprecated and will be removed in Python 3.14; use ast.Constant instead
2025-12-23T00:56:47.5042348Z     expr = ast.IfExp(test, self.display(name), ast.Str(name.id))
2025-12-23T00:56:47.5042577Z 
2025-12-23T00:56:47.5043089Z ../../../../../opt/hostedtoolcache/Python/3.12.12/x64/lib/python3.12/site-packages/_pytest/assertion/rewrite.py:933: 419 warnings
2025-12-23T00:56:47.5044123Z   /opt/hostedtoolcache/Python/3.12.12/x64/lib/python3.12/site-packages/_pytest/assertion/rewrite.py:933: DeprecationWarning: ast.Str is deprecated and will be removed in Python 3.14; use ast.Constant instead
2025-12-23T00:56:47.5044882Z     assertmsg = ast.Str("")
2025-12-23T00:56:47.5045021Z 
2025-12-23T00:56:47.5045372Z ../../../../../opt/hostedtoolcache/Python/3.12.12/x64/lib/python3.12/site-packages/_pytest/assertion/rewrite.py:935: 419 warnings
2025-12-23T00:56:47.5046370Z   /opt/hostedtoolcache/Python/3.12.12/x64/lib/python3.12/site-packages/_pytest/assertion/rewrite.py:935: DeprecationWarning: ast.Str is deprecated and will be removed in Python 3.14; use ast.Constant instead
2025-12-23T00:56:47.5047201Z     template = ast.BinOp(assertmsg, ast.Add(), ast.Str(explanation))
2025-12-23T00:56:47.5047446Z 
2025-12-23T00:56:47.5047785Z ../../../../../opt/hostedtoolcache/Python/3.12.12/x64/lib/python3.12/site-packages/_pytest/assertion/rewrite.py:823: 1398 warnings
2025-12-23T00:56:47.5048809Z   /opt/hostedtoolcache/Python/3.12.12/x64/lib/python3.12/site-packages/_pytest/assertion/rewrite.py:823: DeprecationWarning: ast.Str is deprecated and will be removed in Python 3.14; use ast.Constant instead
2025-12-23T00:56:47.5049587Z     keys = [ast.Str(key) for key in current.keys()]
2025-12-23T00:56:47.5049776Z 
2025-12-23T00:56:47.5050101Z ../../../../../opt/hostedtoolcache/Python/3.12.12/x64/lib/python3.12/site-packages/_pytest/assertion/rewrite.py:1071: 400 warnings
2025-12-23T00:56:47.5051101Z   /opt/hostedtoolcache/Python/3.12.12/x64/lib/python3.12/site-packages/_pytest/assertion/rewrite.py:1071: DeprecationWarning: ast.Str is deprecated and will be removed in Python 3.14; use ast.Constant instead
2025-12-23T00:56:47.5052041Z     syms.append(ast.Str(sym))
2025-12-23T00:56:47.5052190Z 
2025-12-23T00:56:47.5052518Z ../../../../../opt/hostedtoolcache/Python/3.12.12/x64/lib/python3.12/site-packages/_pytest/assertion/rewrite.py:1073: 400 warnings
2025-12-23T00:56:47.5053521Z   /opt/hostedtoolcache/Python/3.12.12/x64/lib/python3.12/site-packages/_pytest/assertion/rewrite.py:1073: DeprecationWarning: ast.Str is deprecated and will be removed in Python 3.14; use ast.Constant instead
2025-12-23T00:56:47.5054277Z     expls.append(ast.Str(expl))
2025-12-23T00:56:47.5054424Z 
2025-12-23T00:56:47.5054742Z ../../../../../opt/hostedtoolcache/Python/3.12.12/x64/lib/python3.12/site-packages/_pytest/assertion/rewrite.py:947: 417 warnings
2025-12-23T00:56:47.5055773Z   /opt/hostedtoolcache/Python/3.12.12/x64/lib/python3.12/site-packages/_pytest/assertion/rewrite.py:947: DeprecationWarning: ast.NameConstant is deprecated and will be removed in Python 3.14; use ast.Constant instead
2025-12-23T00:56:47.5056601Z     clear = ast.Assign(variables, ast.NameConstant(None))
2025-12-23T00:56:47.5056814Z 
2025-12-23T00:56:47.5057090Z -- Docs: https://docs.pytest.org/en/stable/warnings.html
2025-12-23T00:56:47.5057482Z ============== 144 passed, 439 deselected, 3917 warnings in 8.26s ==============
2025-12-23T00:56:47.7280177Z py312-sqlite: commands[1]> coverage combine --append
2025-12-23T00:56:47.8197702Z Combined data file .coverage.runnervmh13bl.3139.XPGFrQRx
2025-12-23T00:56:47.8326866Z py312-sqlite: commands[2]> coverage report
2025-12-23T00:56:48.9508194Z Name                                              Stmts   Miss Branch BrPart  Cover   Missing
2025-12-23T00:56:48.9509067Z ---------------------------------------------------------------------------------------------
2025-12-23T00:56:48.9509788Z pycsw/__init__.py                                     1      0      0      0   100%
2025-12-23T00:56:48.9510628Z pycsw/broker/__init__.py                              7      3      0      0    57%   44-47
2025-12-23T00:56:48.9511536Z pycsw/broker/base.py                                 19      9      0      0    53%   51-57, 66, 78, 81
2025-12-23T00:56:48.9512753Z pycsw/broker/mqtt.py                                 40     40     10      0     0%   30-118
2025-12-23T00:56:48.9514019Z pycsw/core/__init__.py                                0      0      0      0   100%
2025-12-23T00:56:48.9515579Z pycsw/core/admin.py                                 378    264     82      0    25%   55-119, 124-186, 191-225, 232-265, 272-280, 286-319, 336-346, 352-355, 360-363, 392, 402-409, 425-430, 448-453, 471-476, 491-497, 507-513, 524-529, 548-553, 575, 592, 600, 610-689
2025-12-23T00:56:48.9517307Z pycsw/core/config.py                                 36     27      8      0    20%   43-572, 577, 581-588, 593-620
2025-12-23T00:56:48.9518290Z pycsw/core/etree.py                                   2      0      0      0   100%
2025-12-23T00:56:48.9519182Z pycsw/core/formats/__init__.py                        0      0      0      0   100%
2025-12-23T00:56:48.9520159Z pycsw/core/formats/fmt_json.py                       10      4      2      0    50%   63-69
2025-12-23T00:56:48.9520938Z pycsw/core/log.py                                    13      9      2      0    27%   47-71
2025-12-23T00:56:48.9522158Z pycsw/core/metadata.py                             1273   1233    468      0     2%   55-119, 123, 127, 132-169, 174-277, 281-327, 331-491, 495-640, 645-783, 787-904, 908-1016, 1021-1146, 1151-1254, 1258-1367, 1372-1642, 1647-1724, 1730-1746, 1752-1812, 1818-1976, 1982, 2000-2007
2025-12-23T00:56:48.9523265Z pycsw/core/pygeofilter_evaluate.py                   61     39     12      0    30%   50-51, 55-71, 75-85, 89-102, 106-115, 124
2025-12-23T00:56:48.9524412Z pycsw/core/repository.py                            450    382    148      4    14%   71-87, 93-245, 248-267, 273-278, 282-297, 300-303, 308-336, 341-345, 350-378, 385-398, 402-408, 412-416, 423-460, 466-477, 482-538, 543-572, 575-582, 586-588, 594-604, 651, 657, 659, 665, 675-691, 696-701, 709-730, 736-961
2025-12-23T00:56:48.9525763Z pycsw/core/util.py                                  223     47     78      7    73%   102, 217, 239, 297-299, 344->342, 347->342, 358-365, 375-386, 414-431, 464-465, 477-480, 508->518, 522-526, 540, 571-573
2025-12-23T00:56:48.9526336Z pycsw/oaipmh.py                                     168    158     92      0     4%   41-122, 126-179, 184-282, 286-290, 295-311
2025-12-23T00:56:48.9526739Z pycsw/ogc/__init__.py                                 0      0      0      0   100%
2025-12-23T00:56:48.9527111Z pycsw/ogc/api/__init__.py                             0      0      0      0   100%
2025-12-23T00:56:48.9527518Z pycsw/ogc/api/oapi.py                                68     61      8      0     9%   50-565
2025-12-23T00:56:48.9528225Z pycsw/ogc/api/records.py                            676    634    316      0     4%   95-149, 161-179, 193-201, 213-315, 327-335, 347-361, 373-415, 428-484, 497-530, 543-924, 938-980, 993-1066, 1080-1085, 1099-1153, 1162-1165, 1174-1198, 1213-1485, 1498-1519
2025-12-23T00:56:48.9528969Z pycsw/ogc/api/util.py                               112     66     22      3    37%   71, 73, 92-109, 113-118, 137, 159-169, 182-187, 202-226, 239-251
2025-12-23T00:56:48.9529621Z pycsw/ogc/csw/__init__.py                             0      0      0      0   100%
2025-12-23T00:56:48.9530025Z pycsw/ogc/csw/cql.py                                 64     56     30      0     9%   44-107, 113-133
2025-12-23T00:56:48.9530721Z pycsw/ogc/csw/csw2.py                              1016    989    542      0     2%   50-51, 55-417, 422-485, 489-606, 611-1000, 1005-1110, 1116-1121, 1126-1250, 1255-1446, 1450-1565, 1570-1599, 1604-1917, 1921-1936, 1940-1964, 1968-1983, 1987-2020, 2025-2047
2025-12-23T00:56:48.9531763Z pycsw/ogc/csw/csw3.py                              1115   1083    576      0     2%   49-50, 54-480, 484-592, 597-1040, 1045-1168, 1174-1179, 1184-1309, 1314-1505, 1509-1638, 1643-1672, 1677-1983, 1987-2002, 2006-2030, 2034-2049, 2054-2061, 2065-2100, 2105-2142, 2147-2169, 2180-2187
2025-12-23T00:56:48.9532700Z pycsw/ogc/fes/__init__.py                             0      0      0      0   100%
2025-12-23T00:56:48.9533117Z pycsw/ogc/fes/fes1.py                               207    197     96      0     3%   79-302, 307-389, 395-396, 402-421
2025-12-23T00:56:48.9533686Z pycsw/ogc/fes/fes2.py                               207    197     96      0     3%   98-320, 325-407, 413-414, 420-439
2025-12-23T00:56:48.9534096Z pycsw/ogc/gml/__init__.py                             0      0      0      0   100%
2025-12-23T00:56:48.9534529Z pycsw/ogc/gml/gml3.py                               120    105     50      0     9%   47-70, 79-119, 124-134, 139-146, 153-160, 167-194, 200-240
2025-12-23T00:56:48.9535033Z pycsw/ogc/gml/gml32.py                              120    105     50      0     9%   47-70, 79-121, 126-136, 141-148, 155-162, 169-197, 203-243
2025-12-23T00:56:48.9535506Z pycsw/ogc/pubsub/__init__.py                         22     16      6      0    21%   51-64, 80-97
2025-12-23T00:56:48.9535974Z pycsw/opensearch.py                                 478    460    166      0     3%   68-81, 86-105, 110-204, 209-341, 344-377, 383-751, 765-860
2025-12-23T00:56:48.9536410Z pycsw/plugins/__init__.py                             0      0      0      0   100%
2025-12-23T00:56:48.9536833Z pycsw/plugins/outputschemas/__init__.py               1      0      0      0   100%
2025-12-23T00:56:48.9537322Z pycsw/plugins/outputschemas/atom.py                  68     61     36      0     7%   53-126, 131-143
2025-12-23T00:56:48.9537835Z pycsw/plugins/outputschemas/datacite.py             198    198     80      0     0%   40-375
2025-12-23T00:56:48.9538340Z pycsw/plugins/outputschemas/dif.py                  112    112     38      0     0%   31-213
2025-12-23T00:56:48.9538828Z pycsw/plugins/outputschemas/fgdc.py                  88     88     16      0     0%   31-180
2025-12-23T00:56:48.9539304Z pycsw/plugins/outputschemas/gm03.py                 146    146     46      0     0%   31-240
2025-12-23T00:56:48.9539762Z pycsw/plugins/profiles/__init__.py                    0      0      0      0   100%
2025-12-23T00:56:48.9540233Z pycsw/plugins/profiles/apiso/__init__.py              0      0      0      0   100%
2025-12-23T00:56:48.9540712Z pycsw/plugins/profiles/apiso/apiso.py               376    376    132      0     0%   33-761
2025-12-23T00:56:48.9541191Z pycsw/plugins/profiles/ebrim/__init__.py              0      0      0      0   100%
2025-12-23T00:56:48.9541659Z pycsw/plugins/profiles/ebrim/ebrim.py                57     57     10      0     0%   31-174
2025-12-23T00:56:48.9542392Z pycsw/plugins/profiles/iso19115p3/__init__.py         0      0      0      0   100%
2025-12-23T00:56:48.9542904Z pycsw/plugins/profiles/iso19115p3/iso19115p3.py     375    375    144      0     0%   31-854
2025-12-23T00:56:48.9543453Z pycsw/plugins/profiles/profile.py                    59     47     16      0    16%   43-74, 78, 83, 87, 91, 95, 99, 103, 108-141
2025-12-23T00:56:48.9543947Z pycsw/plugins/repository/__init__.py                  0      0      0      0   100%
2025-12-23T00:56:48.9544391Z pycsw/plugins/repository/odc/__init__.py              0      0      0      0   100%
2025-12-23T00:56:48.9544999Z pycsw/plugins/repository/odc/odc.py                  67     67     30      0     0%   31-153
2025-12-23T00:56:48.9545691Z pycsw/server.py                                     547    507    210      0     5%   59-204, 211-214, 219-248, 252-255, 259-262, 266-268, 273-613, 617, 621, 625, 629, 633, 637, 641, 645, 651-691, 695-744, 748-790, 795-806, 811-821, 826-891, 896-918, 935-938
2025-12-23T00:56:48.9546303Z pycsw/sru.py                                         96     88     28      0     6%   39-80, 85-121, 126-194, 198-217
2025-12-23T00:56:48.9546668Z pycsw/stac/__init__.py                                0      0      0      0   100%
2025-12-23T00:56:48.9547168Z pycsw/stac/api.py                                   278    251    130      0     7%   91-95, 107-169, 181-189, 201-208, 220-328, 341-377, 390-408, 422-608, 622-638, 652-701, 704-731, 736-761
2025-12-23T00:56:48.9547676Z pycsw/wsgi.py                                        55     10     12      2    79%   82, 96-97, 227-233
2025-12-23T00:56:48.9548151Z pycsw/wsgi_flask.py                                 126    126     44      0     0%   32-347
2025-12-23T00:56:48.9548530Z ---------------------------------------------------------------------------------------------
2025-12-23T00:56:48.9548873Z TOTAL                                              9535   8693   3832     16     7%
2025-12-23T00:56:49.2089583Z   py312-sqlite: OK (16.52=setup[5.77]+cmd[9.26,0.10,1.37] seconds)
2025-12-23T00:56:49.2090143Z   congratulations :) (16.59 seconds)
2025-12-23T00:56:49.2388119Z ##[group]Run tox -- --exitfirst -m functional -k 'not harvesting'
2025-12-23T00:56:49.2388566Z [36;1mtox -- --exitfirst -m functional -k 'not harvesting'[0m
2025-12-23T00:56:49.2421223Z shell: /usr/bin/bash -e {0}
2025-12-23T00:56:49.2421444Z env:
2025-12-23T00:56:49.2421614Z   TOXENV: py312-sqlite
2025-12-23T00:56:49.2422050Z   pythonLocation: /opt/hostedtoolcache/Python/3.12.12/x64
2025-12-23T00:56:49.2422471Z   PKG_CONFIG_PATH: /opt/hostedtoolcache/Python/3.12.12/x64/lib/pkgconfig
2025-12-23T00:56:49.2422856Z   Python_ROOT_DIR: /opt/hostedtoolcache/Python/3.12.12/x64
2025-12-23T00:56:49.2423193Z   Python2_ROOT_DIR: /opt/hostedtoolcache/Python/3.12.12/x64
2025-12-23T00:56:49.2423534Z   Python3_ROOT_DIR: /opt/hostedtoolcache/Python/3.12.12/x64
2025-12-23T00:56:49.2423876Z   LD_LIBRARY_PATH: /opt/hostedtoolcache/Python/3.12.12/x64/lib
2025-12-23T00:56:49.2424155Z ##[endgroup]
2025-12-23T00:56:49.5299320Z .pkg: _optional_hooks> python /opt/hostedtoolcache/Python/3.12.12/x64/lib/python3.12/site-packages/pyproject_api/_backend.py True setuptools.build_meta
2025-12-23T00:56:49.6943394Z .pkg: get_requires_for_build_editable> python /opt/hostedtoolcache/Python/3.12.12/x64/lib/python3.12/site-packages/pyproject_api/_backend.py True setuptools.build_meta
2025-12-23T00:56:49.9645085Z .pkg: freeze> python -m pip freeze --all
2025-12-23T00:56:50.1998350Z .pkg: pip==25.3,setuptools==80.9.0,wheel==0.45.1
2025-12-23T00:56:50.2007049Z .pkg: build_editable> python /opt/hostedtoolcache/Python/3.12.12/x64/lib/python3.12/site-packages/pyproject_api/_backend.py True setuptools.build_meta
2025-12-23T00:56:50.5849161Z py312-sqlite: install_package> python -I -m pip install --force-reinstall --no-deps /home/runner/work/pycsw/pycsw/.tox/.tmp/package/2/pycsw-3.0.dev0-0.editable-py3-none-any.whl
2025-12-23T00:56:51.0258295Z py312-sqlite: freeze> python -m pip freeze --all
2025-12-23T00:56:51.3149827Z py312-sqlite: alabaster==1.0.0,attrs==25.4.0,babel==2.17.0,blinker==1.9.0,cachetools==6.2.4,certifi==2025.11.12,cffi==2.0.0,chardet==5.2.0,charset-normalizer==3.4.4,click==8.3.1,colorama==0.4.6,coverage==7.13.0,cryptography==46.0.3,dateparser==1.2.2,distlib==0.4.0,docutils==0.22.4,filelock==3.20.1,flake8==7.3.0,Flask==3.1.2,geolinks==0.2.3,greenlet==3.3.0,id==1.5.0,idna==3.11,imagesize==1.4.1,iniconfig==2.3.0,itsdangerous==2.2.0,jaraco.classes==3.4.0,jaraco.context==6.0.1,jaraco.functools==4.4.0,jeepney==0.9.0,Jinja2==3.1.6,keyring==25.7.0,lark==1.3.1,lxml==6.0.2,markdown-it-py==4.0.0,MarkupSafe==3.0.3,mccabe==0.7.0,mdurl==0.1.2,more-itertools==10.8.0,nh3==0.3.2,numpy==2.4.0,OWSLib @ https://github.com/geopython/OWSLib/archive/master.zip#sha256=dd2faa3df4802151e3a75aed58115426bb4feac722079bf40f7c444f3e0d84fc,packaging==25.0,paho-mqtt==2.1.0,pip==25.3,platformdirs==4.5.1,pluggy==1.0.0.dev0,psycopg2==2.9.11,py==1.11.0,pycodestyle==2.14.0,pycparser==2.23,pycsw @ file:///home/runner/work/pycsw/pycsw/.tox/.tmp/package/2/pycsw-3.0.dev0-0.editable-py3-none-any.whl#sha256=e6143999f6048b5acc1efb7fde6c590b539248e4d30d3a4a51b89e5304ef9755,pyflakes==3.4.0,pygeofilter==0.3.3,pygeoif==1.6.0,Pygments==2.19.2,pyproj==3.7.2,pyproject-api==1.10.0,pytest==6.2.4,pytest-cov==2.12.0,pytest-flake8==1.0.7,pytest-timeout==1.4.2,python-dateutil==2.9.0.post0,pytz==2025.2,PyYAML==6.0.3,readme_renderer==44.0,regex==2025.11.3,requests==2.32.5,requests-toolbelt==1.0.0,rfc3986==2.0.0,rich==14.2.0,roman-numerals==4.1.0,SecretStorage==3.5.0,setuptools==80.9.0,shapely==2.1.2,six==1.17.0,snowballstemmer==3.0.1,Sphinx==9.0.4,sphinxcontrib-applehelp==2.0.0,sphinxcontrib-devhelp==2.0.0,sphinxcontrib-htmlhelp==2.1.0,sphinxcontrib-jsmath==1.0.1,sphinxcontrib-qthelp==2.0.0,sphinxcontrib-serializinghtml==2.0.0,SQLAlchemy==1.4.54,toml==0.10.2,tox==4.32.0,twine==6.2.0,typing_extensions==4.15.0,tzlocal==5.3.1,urllib3==2.6.2,virtualenv==20.35.4,Werkzeug==3.1.4,xmltodict==1.0.2
2025-12-23T00:56:51.3156078Z py312-sqlite: commands[0]> coverage run --parallel-mode --module pytest --exitfirst -m functional -k 'not harvesting'
2025-12-23T00:56:57.5133506Z ============================= test session starts ==============================
2025-12-23T00:56:57.5134314Z platform linux -- Python 3.12.12, pytest-6.2.4, py-1.11.0, pluggy-1.6.0
2025-12-23T00:56:57.5134963Z cachedir: .tox/py312-sqlite/.pytest_cache
2025-12-23T00:56:57.5135455Z rootdir: /home/runner/work/pycsw/pycsw
2025-12-23T00:56:57.5135966Z plugins: timeout-1.4.2, cov-2.12.0, flake8-1.0.7
2025-12-23T00:56:57.5136501Z collected 583 items / 180 deselected / 403 selected
2025-12-23T00:56:57.5136869Z 
2025-12-23T00:56:59.4679612Z tests/functionaltests/test_xml_suites_functional.py .................... [  4%]
2025-12-23T00:57:07.2653573Z ........................................................................ [ 22%]
2025-12-23T00:57:13.8086700Z ........................................................................ [ 40%]
2025-12-23T00:57:19.9044827Z ........................................................................ [ 58%]
2025-12-23T00:57:25.3229787Z ........................................................................ [ 76%]
2025-12-23T00:57:32.4496626Z ....................................................................     [ 93%]
2025-12-23T00:57:33.8744685Z tests/functionaltests/suites/oarec/test_oarec_functional.py .........    [ 95%]
2025-12-23T00:57:33.9389990Z tests/functionaltests/suites/oarec/test_oarec_virtual_collections_functional.py . [ 95%]
2025-12-23T00:57:34.9025018Z ......                                                                   [ 97%]
2025-12-23T00:57:35.0176329Z tests/functionaltests/suites/pubsub/test_pubsub_functional.py ..         [ 97%]
2025-12-23T00:57:35.4308413Z tests/functionaltests/suites/stac_api/test_stac_api_functional.py ...... [ 99%]
2025-12-23T00:57:37.9121078Z ...                                                                      [100%]
2025-12-23T00:57:37.9121454Z 
2025-12-23T00:57:37.9121646Z =============================== warnings summary ===============================
2025-12-23T00:57:37.9122982Z tests/functionaltests/test_xml_suites_functional.py::test_xml_based_suites[default_post_DescribeRecord-json]
2025-12-23T00:57:37.9126530Z   /home/runner/work/pycsw/pycsw/pycsw/core/repository.py:757: RemovedIn20Warning: Deprecated API features detected! These feature(s) are not compatible with SQLAlchemy 2.0. To prevent incompatible upgrades prior to updating applications, ensure requirements files are pinned to "sqlalchemy<2.0". Set environment variable SQLALCHEMY_WARN_20=1 to show all deprecation warnings.  Set environment variable SQLALCHEMY_SILENCE_UBER_WARNING=1 to silence this message. (Background on SQLAlchemy 2.0 at: https://sqlalche.me/e/b8d9)
2025-12-23T00:57:37.9130095Z     mdata = MetaData(dbase, schema=schema_name or None)
2025-12-23T00:57:37.9130401Z 
2025-12-23T00:57:37.9130609Z -- Docs: https://docs.pytest.org/en/stable/warnings.html
2025-12-23T00:57:37.9131156Z =============== 403 passed, 180 deselected, 1 warning in 46.06s ================
2025-12-23T00:57:41.0493502Z py312-sqlite: commands[1]> coverage combine --append
2025-12-23T00:57:41.1513526Z Combined data file .coverage.runnervmh13bl.3381.XbSQRPbx
2025-12-23T00:57:41.1656257Z py312-sqlite: commands[2]> coverage report
2025-12-23T00:57:42.3145257Z Name                                              Stmts   Miss Branch BrPart  Cover   Missing
2025-12-23T00:57:42.3146146Z ---------------------------------------------------------------------------------------------
2025-12-23T00:57:42.3146907Z pycsw/__init__.py                                     1      0      0      0   100%
2025-12-23T00:57:42.3147774Z pycsw/broker/__init__.py                              7      0      0      0   100%
2025-12-23T00:57:42.3148665Z pycsw/broker/base.py                                 19      3      0      0    84%   66, 78, 81
2025-12-23T00:57:42.3149662Z pycsw/broker/mqtt.py                                 40     20     10      3    46%   65-66, 71-74, 77, 86-87, 99-115, 118
2025-12-23T00:57:42.3150555Z pycsw/core/__init__.py                                0      0      0      0   100%
2025-12-23T00:57:42.3152918Z pycsw/core/admin.py                                 378    203     82      7    42%   61, 68-70, 85-90, 94-96, 109-112, 117, 137->145, 141-143, 161, 170, 176-182, 191-225, 232-265, 272-280, 286-319, 336-346, 352-355, 360-363, 392, 402-409, 425-430, 448-453, 471-476, 491-497, 507-513, 524-529, 548-553, 575, 592, 600, 610-689
2025-12-23T00:57:42.3154555Z pycsw/core/config.py                                 36      6      8      0    77%   593-620
2025-12-23T00:57:42.3155357Z pycsw/core/etree.py                                   2      0      0      0   100%
2025-12-23T00:57:42.3156173Z pycsw/core/formats/__init__.py                        0      0      0      0   100%
2025-12-23T00:57:42.3157082Z pycsw/core/formats/fmt_json.py                       10      1      2      1    83%   69
2025-12-23T00:57:42.3157857Z pycsw/core/log.py                                    13      1      2      1    87%   63
2025-12-23T00:57:42.3162771Z pycsw/core/metadata.py                             1273    768    468    100    42%   55->59, 61-76, 79-80, 83-84, 87-88, 91-92, 95-96, 99-100, 103-104, 107-108, 111-112, 116-117, 156, 158, 162, 164, 169, 174-277, 281-327, 331-491, 495-640, 645-783, 787-904, 908-1016, 1021-1146, 1161, 1172->1175, 1175->1180, 1176->1180, 1180->1187, 1181->1187, 1188-1190, 1193->1197, 1197->1200, 1201, 1203->1206, 1213, 1215->1231, 1216->1231, 1222->1231, 1232-1234, 1241->1244, 1248-1252, 1258-1367, 1381, 1413->1513, 1420->1422, 1422->1425, 1437, 1440->1448, 1489->1498, 1498->1501, 1504, 1506, 1508, 1524-1530, 1533->1536, 1543->1552, 1546, 1562->1537, 1569->1574, 1576, 1579->1601, 1617-1618, 1620->1629, 1636-1640, 1686, 1697, 1704, 1712, 1718-1720, 1735->1739, 1740, 1770->1773, 1778-1779, 1781->1784, 1784->1802, 1790->1793, 1794, 1795->1797, 1797->1800, 1802->1805, 1805->1808, 1809-1810, 1837, 1839-1840, 1842, 1856, 1858-1859, 1860->1863, 1863->1881, 1866-1879, 1895->1913, 1905, 1908->1911, 1913->1931, 1919->1922, 1922->1924, 1925, 1931->1934, 1936-1937, 1940, 1943, 1945->1951, 1947->1951, 1952, 1954->1957, 1960->1964, 1965, 1968, 1971-1974, 2000-2007
2025-12-23T00:57:42.3167420Z pycsw/core/pygeofilter_evaluate.py                   61      5     12      3    86%   69, 83, 110-112
2025-12-23T00:57:42.3169180Z pycsw/core/repository.py                            450    160    148     29    64%   78->85, 103, 127, 176-210, 213-214, 217-219, 221->227, 224-225, 248-267, 273-278, 374-375, 388-389, 412-416, 435-441, 455, 466->470, 486->490, 501-505, 514-515, 517-518, 534-538, 566-570, 575-582, 651, 659, 665, 675->679, 683->691, 685->684, 687-689, 700-701, 709-730, 742->754, 746-752, 762-770, 772->808, 913-916, 923-930, 934-961
2025-12-23T00:57:42.3171369Z pycsw/core/util.py                                  223     18     78     10    90%   217, 239, 297-299, 344->342, 347->342, 359, 381->exit, 414->418, 429, 464-465, 477-480, 508->518, 522-526
2025-12-23T00:57:42.3172291Z pycsw/oaipmh.py                                     168     20     92     11    86%   133-134, 147->149, 154, 166, 168, 170-177, 186, 218-219, 223-224, 250->282, 279->282, 309-310
2025-12-23T00:57:42.3172824Z pycsw/ogc/__init__.py                                 0      0      0      0   100%
2025-12-23T00:57:42.3173201Z pycsw/ogc/api/__init__.py                             0      0      0      0   100%
2025-12-23T00:57:42.3173608Z pycsw/ogc/api/oapi.py                                68      0      8      2    97%   434->467, 508->563
2025-12-23T00:57:42.3175210Z pycsw/ogc/api/records.py                            676    201    316     58    68%   102-103, 116-117, 124-128, 142-145, 167, 169, 176->179, 428-484, 499->502, 517-519, 594-597, 612-614, 622->618, 630, 633, 637, 643->645, 645->618, 648->618, 677, 681, 683, 685, 687-688, 691, 693, 702, 708, 713, 728-731, 737-740, 744-745, 751, 765-767, 782, 784, 811-820, 901->916, 919-920, 955-964, 974-975, 977->980, 999-1001, 1007-1010, 1013-1015, 1022, 1030-1033, 1042-1045, 1052->1062, 1063-1064, 1144-1148, 1181, 1244-1246, 1263-1264, 1268-1279, 1282-1284, 1287-1288, 1292->1295, 1296, 1299, 1302, 1305, 1320-1360, 1363-1383, 1386-1409, 1413->1415, 1456-1470, 1475-1483
2025-12-23T00:57:42.3176703Z pycsw/ogc/api/util.py                               112     40     22      7    59%   71, 73, 96-109, 113-118, 137, 159-169, 183, 205-207, 217-224, 249
2025-12-23T00:57:42.3177143Z pycsw/ogc/csw/__init__.py                             0      0      0      0   100%
2025-12-23T00:57:42.3177553Z pycsw/ogc/csw/cql.py                                 64     11     30      4    80%   56-60, 66-67, 72-73, 123-124
2025-12-23T00:57:42.3179215Z pycsw/ogc/csw/csw2.py                              1016    233    542     62    78%   64, 65->67, 68, 76, 94, 96, 155->257, 321-326, 428-429, 479->478, 482->478, 491, 514-516, 517->504, 534, 538-540, 548-549, 550->553, 568, 576-584, 596, 602-605, 616, 644, 653, 659-660, 663, 670->679, 674, 709->713, 718, 724, 739-741, 743->770, 761-765, 779-780, 789, 818-821, 842-843, 847->836, 854->836, 861-870, 873, 878-879, 927->989, 940-944, 960->967, 962->960, 983-987, 997, 1009, 1038, 1064-1068, 1084->1090, 1085->1084, 1090->1097, 1128-1129, 1145-1147, 1155, 1169-1170, 1181-1182, 1192, 1197-1198, 1215, 1226-1228, 1232->1140, 1255-1446, 1476->1565, 1547-1548, 1555, 1595-1598, 1608-1612, 1664->1667, 1752, 1798-1802, 1834-1835, 1906, 1911, 1925, 1944->1950, 1955-1958, 1961, 1993-1996, 2028-2030, 2045
2025-12-23T00:57:42.3182378Z pycsw/ogc/csw/csw3.py                              1115    467    576     65    58%   102, 109-111, 119-122, 348-352, 397, 509-511, 528, 538-542, 543->546, 565-573, 606, 633-650, 659->666, 676, 692->703, 713-714, 720, 724->728, 746, 752, 756-769, 771->799, 802-830, 856-859, 867, 888, 904->912, 912->975, 925-929, 946-959, 964-973, 981-1032, 1037, 1049, 1055-1072, 1091->1095, 1120-1124, 1138-1153, 1157, 1184-1309, 1314-1505, 1530-1534, 1542->1638, 1551, 1577, 1592-1598, 1616, 1632-1636, 1646->1657, 1654-1655, 1659-1671, 1691-1694, 1717, 1722-1727, 1732->1735, 1747, 1754, 1760->1765, 1767->1773, 1801->1804, 1807-1809, 1817, 1839, 1847-1870, 1879->1882, 1893, 1897-1955, 1960-1982, 1987-2002, 2006-2030, 2034-2049, 2071-2074, 2097-2098, 2115, 2136, 2150-2152, 2167, 2183, 2185
2025-12-23T00:57:42.3184046Z pycsw/ogc/fes/__init__.py                             0      0      0      0   100%
2025-12-23T00:57:42.3184603Z pycsw/ogc/fes/fes1.py                               207     63     96     14    65%   94, 125-126, 144-145, 180-182, 199, 202-203, 215-216, 236-237, 264-265, 282-284, 315, 331-344, 349-362, 367-380, 403-421
2025-12-23T00:57:42.3185542Z pycsw/ogc/fes/fes2.py                               207    103     96     20    46%   113, 134-145, 152-153, 157->170, 160-166, 184-196, 199-201, 217-227, 231, 234-235, 254-255, 258-271, 281-289, 300-302, 308-313, 333, 336, 349-362, 367-380, 385-398, 421-439
2025-12-23T00:57:42.3186190Z pycsw/ogc/gml/__init__.py                             0      0      0      0   100%
2025-12-23T00:57:42.3186691Z pycsw/ogc/gml/gml3.py                               120     29     50     12    69%   52-53, 67-68, 101, 103, 109, 124-134, 139-146, 157, 170, 178, 187, 219-220, 223-229, 231->240
2025-12-23T00:57:42.3187270Z pycsw/ogc/gml/gml32.py                              120     59     50      8    43%   47-70, 97-98, 103, 105, 107, 111, 126-136, 141-148, 155-162, 173, 181, 190, 219-243
2025-12-23T00:57:42.3187810Z pycsw/ogc/pubsub/__init__.py                         22     16      6      0    21%   51-64, 80-97
2025-12-23T00:57:42.3188574Z pycsw/opensearch.py                                 478     99    166     23    78%   100, 104->exit, 142-143, 199-202, 251-252, 320, 344-377, 442-444, 450-452, 481->483, 483->491, 487, 556, 570, 578-594, 601-605, 673-678, 714->727, 723->725, 729->732, 770-776, 780-789, 806-808, 812-814, 818-827, 831-840
2025-12-23T00:57:42.3189295Z pycsw/plugins/__init__.py                             0      0      0      0   100%
2025-12-23T00:57:42.3189718Z pycsw/plugins/outputschemas/__init__.py               1      0      0      0   100%
2025-12-23T00:57:42.3190318Z pycsw/plugins/outputschemas/atom.py                  68      6     36      3    91%   57, 66-67, 81->77, 134-136
2025-12-23T00:57:42.3191052Z pycsw/plugins/outputschemas/datacite.py             198     81     80     19    55%   95, 109, 111, 115, 117, 123, 164, 166, 170, 199-201, 206-214, 222-272, 273->280, 290-291, 297-298, 313-316, 328-337, 344-346, 362-364, 368->375
2025-12-23T00:57:42.3192052Z pycsw/plugins/outputschemas/dif.py                  112     35     38     10    62%   61, 73, 97->113, 102-109, 118->125, 134->138, 158-159, 163-180, 184-187, 204-206, 213
2025-12-23T00:57:42.3192702Z pycsw/plugins/outputschemas/fgdc.py                  88     12     16      6    81%   62, 90->97, 109-113, 118->122, 153-154, 169-171, 180
2025-12-23T00:57:42.3193442Z pycsw/plugins/outputschemas/gm03.py                 146     54     46     16    57%   47, 105-107, 112-114, 119->131, 124, 133-134, 139-141, 146-148, 153-155, 160->164, 166-167, 172-174, 180-185, 190-201, 210, 216-223, 231-233, 240
2025-12-23T00:57:42.3194115Z pycsw/plugins/profiles/__init__.py                    0      0      0      0   100%
2025-12-23T00:57:42.3194563Z pycsw/plugins/profiles/apiso/__init__.py              0      0      0      0   100%
2025-12-23T00:57:42.3195308Z pycsw/plugins/profiles/apiso/apiso.py               376    122    132     18    62%   198-203, 387, 399, 404, 430->436, 440-501, 505-507, 513, 522-523, 551-552, 565, 582-587, 597-599, 614->620, 621->625, 625->629, 631-632, 636-672, 714-716, 738, 747-750
2025-12-23T00:57:42.3198187Z pycsw/plugins/profiles/ebrim/__init__.py              0      0      0      0   100%
2025-12-23T00:57:42.3199062Z pycsw/plugins/profiles/ebrim/ebrim.py                57      2     10      3    93%   122, 132, 157->165, 166->174
2025-12-23T00:57:42.3199969Z pycsw/plugins/profiles/iso19115p3/__init__.py         0      0      0      0   100%
2025-12-23T00:57:42.3202148Z pycsw/plugins/profiles/iso19115p3/iso19115p3.py     375    107    144     32    66%   255, 313, 332, 337, 359-361, 362->364, 373, 386-433, 439->445, 446->472, 452->456, 456->461, 462->464, 465, 468-469, 479, 501-502, 526->531, 533-536, 541->546, 564->571, 572->577, 577->582, 584-585, 589-635, 638->659, 683-687, 699->702, 702->705, 705->708, 708->711, 711->714, 715-716, 720-722, 727->729, 757-758, 781, 813-816
2025-12-23T00:57:42.3204030Z pycsw/plugins/profiles/profile.py                    59      9     16      3    84%   78, 83, 87, 91, 95, 99, 103, 117, 120->115, 135
2025-12-23T00:57:42.3204910Z pycsw/plugins/repository/__init__.py                  0      0      0      0   100%
2025-12-23T00:57:42.3205926Z pycsw/plugins/repository/odc/__init__.py              0      0      0      0   100%
2025-12-23T00:57:42.3206702Z pycsw/plugins/repository/odc/odc.py                  67     67     30      0     0%   31-153
2025-12-23T00:57:42.3207893Z pycsw/server.py                                     547    170    210     31    68%   94-95, 103-110, 117, 119-120, 133->137, 137->141, 141->145, 146, 149->153, 154, 157->167, 163-165, 173-179, 211-214, 220, 227-228, 239-240, 244-246, 252->255, 282->288, 289-290, 292-293, 322->326, 376, 381-404, 425-434, 470-471, 482-486, 559-564, 574-575, 584-591, 617, 621, 625, 629, 637, 641, 645, 659->663, 712-740, 796, 800, 806, 811-821, 826-891, 916-918
2025-12-23T00:57:42.3208849Z pycsw/sru.py                                         96     11     28      4    86%   89, 90->121, 105->121, 192-193, 198-217
2025-12-23T00:57:42.3209246Z pycsw/stac/__init__.py                                0      0      0      0   100%
2025-12-23T00:57:42.3209895Z pycsw/stac/api.py                                   278     54    130     20    77%   160-167, 182->185, 236, 238-245, 247-248, 253-256, 288-292, 346, 352-353, 472, 485-495, 558-571, 576-580, 584-585, 605-606, 656-658, 698->696, 716->719, 739, 741, 750-759
2025-12-23T00:57:42.3210541Z pycsw/wsgi.py                                        55     10     12      2    79%   82, 96-97, 227-233
2025-12-23T00:57:42.3210921Z pycsw/wsgi_flask.py                                 126    126     44      0     0%   32-347
2025-12-23T00:57:42.3211445Z ---------------------------------------------------------------------------------------------
2025-12-23T00:57:42.3211801Z TOTAL                                              9535   3392   3832    607    63%
2025-12-23T00:57:42.5393508Z   py312-sqlite: OK (53.02=setup[1.79]+cmd[49.73,0.12,1.37] seconds)
2025-12-23T00:57:42.5394018Z   congratulations :) (53.08 seconds)
2025-12-23T00:57:42.5706216Z ##[group]Run cd docs && make html
2025-12-23T00:57:42.5706517Z [36;1mcd docs && make html[0m
2025-12-23T00:57:42.5738551Z shell: /usr/bin/bash -e {0}
2025-12-23T00:57:42.5738795Z env:
2025-12-23T00:57:42.5738968Z   TOXENV: py312-sqlite
2025-12-23T00:57:42.5739237Z   pythonLocation: /opt/hostedtoolcache/Python/3.12.12/x64
2025-12-23T00:57:42.5739635Z   PKG_CONFIG_PATH: /opt/hostedtoolcache/Python/3.12.12/x64/lib/pkgconfig
2025-12-23T00:57:42.5740018Z   Python_ROOT_DIR: /opt/hostedtoolcache/Python/3.12.12/x64
2025-12-23T00:57:42.5740368Z   Python2_ROOT_DIR: /opt/hostedtoolcache/Python/3.12.12/x64
2025-12-23T00:57:42.5740721Z   Python3_ROOT_DIR: /opt/hostedtoolcache/Python/3.12.12/x64
2025-12-23T00:57:42.5741061Z   LD_LIBRARY_PATH: /opt/hostedtoolcache/Python/3.12.12/x64/lib
2025-12-23T00:57:42.5741350Z ##[endgroup]
2025-12-23T00:57:42.5990436Z mkdir -p _build
2025-12-23T00:57:42.6003557Z sphinx-build -b html -W -d _build/doctrees   . _build/html
2025-12-23T00:57:42.7902814Z [01mRunning Sphinx v9.0.4[39;49;00m
2025-12-23T00:57:42.8136892Z [01mloading translations [en]... [39;49;00mdone
2025-12-23T00:57:43.0287967Z [01mmaking output directory... [39;49;00mdone
2025-12-23T00:57:43.0295600Z Converting `source_suffix = '.rst'` to `source_suffix = {'.rst': 'restructuredtext'}`.
2025-12-23T00:57:43.0470364Z [01mbuilding [mo]: [39;49;00mtargets for 0 po files that are out of date
2025-12-23T00:57:43.0471106Z [01mwriting output... [39;49;00m
2025-12-23T00:57:43.0483024Z [01mbuilding [html]: [39;49;00mtargets for 37 source files that are out of date
2025-12-23T00:57:43.0514258Z [01mupdating environment: [39;49;00m[new config] 37 added, 0 changed, 0 removed
2025-12-23T00:57:43.1044727Z [2K[01mreading sources... [39;49;00m[  3%] [35madministration[39;49;00m
2025-12-23T00:57:43.1113110Z [2K[01mreading sources... [39;49;00m[  5%] [35mapi[39;49;00m
2025-12-23T00:57:43.1165817Z [2K[01mreading sources... [39;49;00m[  8%] [35mckan[39;49;00m
2025-12-23T00:57:43.1246587Z [2K[01mreading sources... [39;49;00m[ 11%] [35mcommitters[39;49;00m
2025-12-23T00:57:43.1631364Z [2K[01mreading sources... [39;49;00m[ 14%] [35mconfiguration[39;49;00m
2025-12-23T00:57:43.1835411Z [2K[01mreading sources... [39;49;00m[ 16%] [35mcontributing[39;49;00m
2025-12-23T00:57:43.1897433Z [2K[01mreading sources... [39;49;00m[ 19%] [35mcsw-support[39;49;00m
2025-12-23T00:57:43.2002786Z [2K[01mreading sources... [39;49;00m[ 22%] [35mdistributedsearching[39;49;00m
2025-12-23T00:57:43.2162737Z [2K[01mreading sources... [39;49;00m[ 24%] [35mdocker[39;49;00m
2025-12-23T00:57:43.2216719Z [2K[01mreading sources... [39;49;00m[ 27%] [35mgeonode[39;49;00m
2025-12-23T00:57:43.2263759Z [2K[01mreading sources... [39;49;00m[ 30%] [35mhhypermap[39;49;00m
2025-12-23T00:57:43.2325521Z [2K[01mreading sources... [39;49;00m[ 32%] [35mhtml-templating[39;49;00m
2025-12-23T00:57:43.2416834Z [2K[01mreading sources... [39;49;00m[ 35%] [35mindex[39;49;00m
2025-12-23T00:57:43.2669794Z [2K[01mreading sources... [39;49;00m[ 38%] [35minstallation[39;49;00m
2025-12-23T00:57:43.3134448Z [2K[01mreading sources... [39;49;00m[ 41%] [35mintroduction[39;49;00m
2025-12-23T00:57:43.3434937Z [2K[01mreading sources... [39;49;00m[ 43%] [35mjson[39;49;00m
2025-12-23T00:57:43.3496921Z [2K[01mreading sources... [39;49;00m[ 46%] [35mlicense[39;49;00m
2025-12-23T00:57:43.4390041Z [2K[01mreading sources... [39;49;00m[ 49%] [35mmetadata-model-reference[39;49;00m
2025-12-23T00:57:43.4494123Z [2K[01mreading sources... [39;49;00m[ 51%] [35mmigration-guide[39;49;00m
2025-12-23T00:57:43.4549794Z [2K[01mreading sources... [39;49;00m[ 54%] [35moaipmh[39;49;00m
2025-12-23T00:57:43.4607182Z [2K[01mreading sources... [39;49;00m[ 57%] [35moarec-support[39;49;00m
2025-12-23T00:57:43.4651206Z [2K[01mreading sources... [39;49;00m[ 59%] [35modc[39;49;00m
2025-12-23T00:57:43.4803042Z [2K[01mreading sources... [39;49;00m[ 62%] [35mopensearch[39;49;00m
2025-12-23T00:57:43.4867575Z [2K[01mreading sources... [39;49;00m[ 65%] [35moutputschemas[39;49;00m
2025-12-23T00:57:43.5106305Z [2K[01mreading sources... [39;49;00m[ 68%] [35mprofiles[39;49;00m
2025-12-23T00:57:43.5162573Z [2K[01mreading sources... [39;49;00m[ 70%] [35mpubsub[39;49;00m
2025-12-23T00:57:43.5333578Z [2K[01mreading sources... [39;49;00m[ 73%] [35mrepofilters[39;49;00m
2025-12-23T00:57:43.5404006Z [2K[01mreading sources... [39;49;00m[ 76%] [35mrepositories[39;49;00m
2025-12-23T00:57:43.5447974Z [2K[01mreading sources... [39;49;00m[ 78%] [35msitemaps[39;49;00m
2025-12-23T00:57:43.5482515Z [2K[01mreading sources... [39;49;00m[ 81%] [35msoap[39;49;00m
2025-12-23T00:57:43.5534619Z [2K[01mreading sources... [39;49;00m[ 84%] [35msru[39;49;00m
2025-12-23T00:57:43.5641254Z [2K[01mreading sources... [39;49;00m[ 86%] [35mstac[39;49;00m
2025-12-23T00:57:43.5680339Z [2K[01mreading sources... [39;49;00m[ 89%] [35msupport[39;49;00m
2025-12-23T00:57:43.5969257Z [2K[01mreading sources... [39;49;00m[ 92%] [35mtesting[39;49;00m
2025-12-23T00:57:43.6045927Z [2K[01mreading sources... [39;49;00m[ 95%] [35mtools[39;49;00m
2025-12-23T00:57:43.6292302Z [2K[01mreading sources... [39;49;00m[ 97%] [35mtransactions[39;49;00m
2025-12-23T00:57:43.6337187Z [2K[01mreading sources... [39;49;00m[100%] [35mxslt[39;49;00m
2025-12-23T00:57:43.6339162Z [01mlooking for now-outdated files... [39;49;00mnone found
2025-12-23T00:57:43.6381247Z [01mpickling environment... [39;49;00mdone
2025-12-23T00:57:43.6382763Z [01mchecking consistency... [39;49;00mdone
2025-12-23T00:57:43.6399192Z [01mpreparing documents... [39;49;00mdone
2025-12-23T00:57:43.6399771Z [01mcopying assets... [39;49;00m
2025-12-23T00:57:43.6400333Z [01mcopying static files... [39;49;00m
2025-12-23T00:57:43.6452225Z Writing evaluated template result to /home/runner/work/pycsw/pycsw/docs/_build/html/_static/language_data.js
2025-12-23T00:57:43.6481524Z Writing evaluated template result to /home/runner/work/pycsw/pycsw/docs/_build/html/_static/basic.css
2025-12-23T00:57:43.6512898Z Writing evaluated template result to /home/runner/work/pycsw/pycsw/docs/_build/html/_static/documentation_options.js
2025-12-23T00:57:43.6599195Z Writing evaluated template result to /home/runner/work/pycsw/pycsw/docs/_build/html/_static/classic.css
2025-12-23T00:57:43.6618477Z Writing evaluated template result to /home/runner/work/pycsw/pycsw/docs/_build/html/_static/sidebar.js
2025-12-23T00:57:43.6689274Z [01mcopying static files: [39;49;00mdone
2025-12-23T00:57:43.6689947Z [01mcopying extra files... [39;49;00m
2025-12-23T00:57:43.6690605Z [01mcopying extra files: [39;49;00mdone
2025-12-23T00:57:43.6691253Z [01mcopying assets: [39;49;00mdone
2025-12-23T00:57:43.8429123Z [2K[01mwriting output... [39;49;00m[  3%] [32madministration[39;49;00m
2025-12-23T00:57:43.8552500Z [2K[01mwriting output... [39;49;00m[  5%] [32mapi[39;49;00m
2025-12-23T00:57:43.8623487Z [2K[01mwriting output... [39;49;00m[  8%] [32mckan[39;49;00m
2025-12-23T00:57:43.8678411Z [2K[01mwriting output... [39;49;00m[ 11%] [32mcommitters[39;49;00m
2025-12-23T00:57:43.9024445Z [2K[01mwriting output... [39;49;00m[ 14%] [32mconfiguration[39;49;00m
2025-12-23T00:57:43.9246543Z [2K[01mwriting output... [39;49;00m[ 16%] [32mcontributing[39;49;00m
2025-12-23T00:57:43.9317821Z [2K[01mwriting output... [39;49;00m[ 19%] [32mcsw-support[39;49;00m
2025-12-23T00:57:43.9480872Z [2K[01mwriting output... [39;49;00m[ 22%] [32mdistributedsearching[39;49;00m
2025-12-23T00:57:43.9742111Z [2K[01mwriting output... [39;49;00m[ 24%] [32mdocker[39;49;00m
2025-12-23T00:57:43.9818761Z [2K[01mwriting output... [39;49;00m[ 27%] [32mgeonode[39;49;00m
2025-12-23T00:57:43.9891219Z [2K[01mwriting output... [39;49;00m[ 30%] [32mhhypermap[39;49;00m
2025-12-23T00:57:44.0007132Z [2K[01mwriting output... [39;49;00m[ 32%] [32mhtml-templating[39;49;00m
2025-12-23T00:57:44.0308383Z [2K[01mwriting output... [39;49;00m[ 35%] [32mindex[39;49;00m
2025-12-23T00:57:44.0603316Z [2K[01mwriting output... [39;49;00m[ 38%] [32minstallation[39;49;00m
2025-12-23T00:57:44.0874345Z [2K[01mwriting output... [39;49;00m[ 41%] [32mintroduction[39;49;00m
2025-12-23T00:57:44.0924841Z [2K[01mwriting output... [39;49;00m[ 43%] [32mjson[39;49;00m
2025-12-23T00:57:44.1010355Z [2K[01mwriting output... [39;49;00m[ 46%] [32mlicense[39;49;00m
2025-12-23T00:57:44.1470792Z [2K[01mwriting output... [39;49;00m[ 49%] [32mmetadata-model-reference[39;49;00m
2025-12-23T00:57:44.1608798Z [2K[01mwriting output... [39;49;00m[ 51%] [32mmigration-guide[39;49;00m
2025-12-23T00:57:44.1679331Z [2K[01mwriting output... [39;49;00m[ 54%] [32moaipmh[39;49;00m
2025-12-23T00:57:44.1792750Z [2K[01mwriting output... [39;49;00m[ 57%] [32moarec-support[39;49;00m
2025-12-23T00:57:44.1875089Z [2K[01mwriting output... [39;49;00m[ 59%] [32modc[39;49;00m
2025-12-23T00:57:44.2022934Z [2K[01mwriting output... [39;49;00m[ 62%] [32mopensearch[39;49;00m
2025-12-23T00:57:44.2109133Z [2K[01mwriting output... [39;49;00m[ 65%] [32moutputschemas[39;49;00m
2025-12-23T00:57:44.2320420Z [2K[01mwriting output... [39;49;00m[ 68%] [32mprofiles[39;49;00m
2025-12-23T00:57:44.2396362Z [2K[01mwriting output... [39;49;00m[ 70%] [32mpubsub[39;49;00m
2025-12-23T00:57:44.2528783Z [2K[01mwriting output... [39;49;00m[ 73%] [32mrepofilters[39;49;00m
2025-12-23T00:57:44.2620961Z [2K[01mwriting output... [39;49;00m[ 76%] [32mrepositories[39;49;00m
2025-12-23T00:57:44.2670923Z [2K[01mwriting output... [39;49;00m[ 78%] [32msitemaps[39;49;00m
2025-12-23T00:57:44.2714291Z [2K[01mwriting output... [39;49;00m[ 81%] [32msoap[39;49;00m
2025-12-23T00:57:44.2783744Z [2K[01mwriting output... [39;49;00m[ 84%] [32msru[39;49;00m
2025-12-23T00:57:44.2922504Z [2K[01mwriting output... [39;49;00m[ 86%] [32mstac[39;49;00m
2025-12-23T00:57:44.2962820Z [2K[01mwriting output... [39;49;00m[ 89%] [32msupport[39;49;00m
2025-12-23T00:57:44.3294621Z [2K[01mwriting output... [39;49;00m[ 92%] [32mtesting[39;49;00m
2025-12-23T00:57:44.3353900Z [2K[01mwriting output... [39;49;00m[ 95%] [32mtools[39;49;00m
2025-12-23T00:57:44.3588723Z [2K[01mwriting output... [39;49;00m[ 97%] [32mtransactions[39;49;00m
2025-12-23T00:57:44.3654945Z [2K[01mwriting output... [39;49;00m[100%] [32mxslt[39;49;00m
2025-12-23T00:57:44.3656275Z [01mgenerating indices... [39;49;00mdone
2025-12-23T00:57:44.3717163Z [01mwriting additional pages... [39;49;00msearch done
2025-12-23T00:57:44.3766859Z [01mdumping search index in English (code: en)... [39;49;00mdone
2025-12-23T00:57:44.3777307Z [01mdumping object inventory... [39;49;00mdone
2025-12-23T00:57:44.3778100Z [01mbuild succeeded.[39;49;00m
2025-12-23T00:57:44.3778435Z 
2025-12-23T00:57:44.3779470Z The HTML pages are in _build/html.
2025-12-23T00:57:44.5015159Z 
2025-12-23T00:57:44.5022046Z Build finished. The HTML pages are in _build/html.
2025-12-23T00:57:44.5093028Z Post job cleanup.
2025-12-23T00:57:44.6735236Z Post job cleanup.
2025-12-23T00:57:44.7511390Z [command]/usr/bin/git version
2025-12-23T00:57:44.7579622Z git version 2.52.0
2025-12-23T00:57:44.7617265Z Temporarily overriding HOME='/home/runner/work/_temp/5b8ced45-c140-48d1-af8a-542c83498ffb' before making global git config changes
2025-12-23T00:57:44.7618255Z Adding repository directory to the temporary git global config as a safe directory
2025-12-23T00:57:44.7623451Z [command]/usr/bin/git config --global --add safe.directory /home/runner/work/pycsw/pycsw
2025-12-23T00:57:44.7654563Z Removing SSH command configuration
2025-12-23T00:57:44.7660878Z [command]/usr/bin/git config --local --name-only --get-regexp core\.sshCommand
2025-12-23T00:57:44.7693901Z [command]/usr/bin/git submodule foreach --recursive sh -c "git config --local --name-only --get-regexp 'core\.sshCommand' && git config --local --unset-all 'core.sshCommand' || :"
2025-12-23T00:57:44.7927866Z Removing HTTP extra header
2025-12-23T00:57:44.7932737Z [command]/usr/bin/git config --local --name-only --get-regexp http\.https\:\/\/github\.com\/\.extraheader
2025-12-23T00:57:44.7964816Z [command]/usr/bin/git submodule foreach --recursive sh -c "git config --local --name-only --get-regexp 'http\.https\:\/\/github\.com\/\.extraheader' && git config --local --unset-all 'http.https://github.com/.extraheader' || :"
2025-12-23T00:57:44.8195320Z Removing includeIf entries pointing to credentials config files
2025-12-23T00:57:44.8201571Z [command]/usr/bin/git config --local --name-only --get-regexp ^includeIf\.gitdir:
2025-12-23T00:57:44.8227355Z includeif.gitdir:/home/runner/work/pycsw/pycsw/.git.path
2025-12-23T00:57:44.8228840Z includeif.gitdir:/home/runner/work/pycsw/pycsw/.git/worktrees/*.path
2025-12-23T00:57:44.8230756Z includeif.gitdir:/github/workspace/.git.path
2025-12-23T00:57:44.8231365Z includeif.gitdir:/github/workspace/.git/worktrees/*.path
2025-12-23T00:57:44.8238764Z [command]/usr/bin/git config --local --get-all includeif.gitdir:/home/runner/work/pycsw/pycsw/.git.path
2025-12-23T00:57:44.8261490Z /home/runner/work/_temp/git-credentials-aa2a36e6-2405-4853-a6ac-fb8a01c591f2.config
2025-12-23T00:57:44.8272052Z [command]/usr/bin/git config --local --unset includeif.gitdir:/home/runner/work/pycsw/pycsw/.git.path /home/runner/work/_temp/git-credentials-aa2a36e6-2405-4853-a6ac-fb8a01c591f2.config
2025-12-23T00:57:44.8307313Z [command]/usr/bin/git config --local --get-all includeif.gitdir:/home/runner/work/pycsw/pycsw/.git/worktrees/*.path
2025-12-23T00:57:44.8329858Z /home/runner/work/_temp/git-credentials-aa2a36e6-2405-4853-a6ac-fb8a01c591f2.config
2025-12-23T00:57:44.8340552Z [command]/usr/bin/git config --local --unset includeif.gitdir:/home/runner/work/pycsw/pycsw/.git/worktrees/*.path /home/runner/work/_temp/git-credentials-aa2a36e6-2405-4853-a6ac-fb8a01c591f2.config
2025-12-23T00:57:44.8376489Z [command]/usr/bin/git config --local --get-all includeif.gitdir:/github/workspace/.git.path
2025-12-23T00:57:44.8399646Z /github/runner_temp/git-credentials-aa2a36e6-2405-4853-a6ac-fb8a01c591f2.config
2025-12-23T00:57:44.8410141Z [command]/usr/bin/git config --local --unset includeif.gitdir:/github/workspace/.git.path /github/runner_temp/git-credentials-aa2a36e6-2405-4853-a6ac-fb8a01c591f2.config
2025-12-23T00:57:44.8444249Z [command]/usr/bin/git config --local --get-all includeif.gitdir:/github/workspace/.git/worktrees/*.path
2025-12-23T00:57:44.8467572Z /github/runner_temp/git-credentials-aa2a36e6-2405-4853-a6ac-fb8a01c591f2.config
2025-12-23T00:57:44.8480093Z [command]/usr/bin/git config --local --unset includeif.gitdir:/github/workspace/.git/worktrees/*.path /github/runner_temp/git-credentials-aa2a36e6-2405-4853-a6ac-fb8a01c591f2.config
2025-12-23T00:57:44.8517682Z [command]/usr/bin/git submodule foreach --recursive git config --local --show-origin --name-only --get-regexp remote.origin.url
2025-12-23T00:57:44.8761503Z Removing credentials config '/home/runner/work/_temp/git-credentials-aa2a36e6-2405-4853-a6ac-fb8a01c591f2.config'
2025-12-23T00:57:44.8896645Z Cleaning up orphan processes
