2025-10-10T16:29:42.9022984Z Current runner version: '2.328.0'
2025-10-10T16:29:42.9049136Z ##[group]Runner Image Provisioner
2025-10-10T16:29:42.9049884Z Hosted Compute Agent
2025-10-10T16:29:42.9050536Z Version: 20250912.392
2025-10-10T16:29:42.9051105Z Commit: d921fda672a98b64f4f82364647e2f10b2267d0b
2025-10-10T16:29:42.9051778Z Build Date: 2025-09-12T15:23:14Z
2025-10-10T16:29:42.9052413Z ##[endgroup]
2025-10-10T16:29:42.9052976Z ##[group]Operating System
2025-10-10T16:29:42.9053499Z Ubuntu
2025-10-10T16:29:42.9054034Z 24.04.3
2025-10-10T16:29:42.9054502Z LTS
2025-10-10T16:29:42.9054921Z ##[endgroup]
2025-10-10T16:29:42.9055456Z ##[group]Runner Image
2025-10-10T16:29:42.9055997Z Image: ubuntu-24.04
2025-10-10T16:29:42.9056503Z Version: 20250929.60.1
2025-10-10T16:29:42.9057517Z Included Software: https://github.com/actions/runner-images/blob/ubuntu24/20250929.60/images/ubuntu/Ubuntu2404-Readme.md
2025-10-10T16:29:42.9059461Z Image Release: https://github.com/actions/runner-images/releases/tag/ubuntu24%2F20250929.60
2025-10-10T16:29:42.9060529Z ##[endgroup]
2025-10-10T16:29:42.9063759Z ##[group]GITHUB_TOKEN Permissions
2025-10-10T16:29:42.9066454Z Actions: write
2025-10-10T16:29:42.9067059Z Attestations: write
2025-10-10T16:29:42.9067557Z Checks: write
2025-10-10T16:29:42.9068450Z Contents: write
2025-10-10T16:29:42.9068946Z Deployments: write
2025-10-10T16:29:42.9069448Z Discussions: write
2025-10-10T16:29:42.9069924Z Issues: write
2025-10-10T16:29:42.9070476Z Metadata: read
2025-10-10T16:29:42.9070954Z Models: read
2025-10-10T16:29:42.9071386Z Packages: write
2025-10-10T16:29:42.9071954Z Pages: write
2025-10-10T16:29:42.9072410Z PullRequests: write
2025-10-10T16:29:42.9072955Z RepositoryProjects: write
2025-10-10T16:29:42.9073594Z SecurityEvents: write
2025-10-10T16:29:42.9074242Z Statuses: write
2025-10-10T16:29:42.9074730Z ##[endgroup]
2025-10-10T16:29:42.9076954Z Secret source: Actions
2025-10-10T16:29:42.9078187Z Prepare workflow directory
2025-10-10T16:29:42.9420119Z Prepare all required actions
2025-10-10T16:29:42.9460968Z Getting action download info
2025-10-10T16:29:43.2664778Z Download action repository 'actions/checkout@v4' (SHA:08eba0b27e820071cde6df949e0beb9ba4906955)
2025-10-10T16:29:43.5303610Z Complete job name: Node 14
2025-10-10T16:29:43.6081554Z ##[group]Run actions/checkout@v4
2025-10-10T16:29:43.6082399Z with:
2025-10-10T16:29:43.6082796Z   repository: ramda/ramda
2025-10-10T16:29:43.6083450Z   token: ***
2025-10-10T16:29:43.6083835Z   ssh-strict: true
2025-10-10T16:29:43.6084227Z   ssh-user: git
2025-10-10T16:29:43.6084632Z   persist-credentials: true
2025-10-10T16:29:43.6085072Z   clean: true
2025-10-10T16:29:43.6085473Z   sparse-checkout-cone-mode: true
2025-10-10T16:29:43.6085943Z   fetch-depth: 1
2025-10-10T16:29:43.6086325Z   fetch-tags: false
2025-10-10T16:29:43.6086723Z   show-progress: true
2025-10-10T16:29:43.6087130Z   lfs: false
2025-10-10T16:29:43.6087490Z   submodules: false
2025-10-10T16:29:43.6088264Z   set-safe-directory: true
2025-10-10T16:29:43.6089037Z ##[endgroup]
2025-10-10T16:29:43.7188385Z Syncing repository: ramda/ramda
2025-10-10T16:29:43.7190512Z ##[group]Getting Git version info
2025-10-10T16:29:43.7191221Z Working directory is '/home/runner/work/ramda/ramda'
2025-10-10T16:29:43.7192213Z [command]/usr/bin/git version
2025-10-10T16:29:43.7308341Z git version 2.51.0
2025-10-10T16:29:43.7334949Z ##[endgroup]
2025-10-10T16:29:43.7349967Z Temporarily overriding HOME='/home/runner/work/_temp/66532cd3-167e-4150-9a87-cdb47ca62ecf' before making global git config changes
2025-10-10T16:29:43.7351332Z Adding repository directory to the temporary git global config as a safe directory
2025-10-10T16:29:43.7363022Z [command]/usr/bin/git config --global --add safe.directory /home/runner/work/ramda/ramda
2025-10-10T16:29:43.7401255Z Deleting the contents of '/home/runner/work/ramda/ramda'
2025-10-10T16:29:43.7404834Z ##[group]Initializing the repository
2025-10-10T16:29:43.7408969Z [command]/usr/bin/git init /home/runner/work/ramda/ramda
2025-10-10T16:29:43.7541412Z hint: Using 'master' as the name for the initial branch. This default branch name
2025-10-10T16:29:43.7542915Z hint: is subject to change. To configure the initial branch name to use in all
2025-10-10T16:29:43.7543850Z hint: of your new repositories, which will suppress this warning, call:
2025-10-10T16:29:43.7544499Z hint:
2025-10-10T16:29:43.7544973Z hint: 	git config --global init.defaultBranch <name>
2025-10-10T16:29:43.7545578Z hint:
2025-10-10T16:29:43.7546463Z hint: Names commonly chosen instead of 'master' are 'main', 'trunk' and
2025-10-10T16:29:43.7547546Z hint: 'development'. The just-created branch can be renamed via this command:
2025-10-10T16:29:43.7548382Z hint:
2025-10-10T16:29:43.7548762Z hint: 	git branch -m <name>
2025-10-10T16:29:43.7549189Z hint:
2025-10-10T16:29:43.7549789Z hint: Disable this message with "git config set advice.defaultBranchName false"
2025-10-10T16:29:43.7550723Z Initialized empty Git repository in /home/runner/work/ramda/ramda/.git/
2025-10-10T16:29:43.7558591Z [command]/usr/bin/git remote add origin https://github.com/ramda/ramda
2025-10-10T16:29:43.7600464Z ##[endgroup]
2025-10-10T16:29:43.7601172Z ##[group]Disabling automatic garbage collection
2025-10-10T16:29:43.7605020Z [command]/usr/bin/git config --local gc.auto 0
2025-10-10T16:29:43.7635008Z ##[endgroup]
2025-10-10T16:29:43.7635679Z ##[group]Setting up auth
2025-10-10T16:29:43.7642776Z [command]/usr/bin/git config --local --name-only --get-regexp core\.sshCommand
2025-10-10T16:29:43.7675173Z [command]/usr/bin/git submodule foreach --recursive sh -c "git config --local --name-only --get-regexp 'core\.sshCommand' && git config --local --unset-all 'core.sshCommand' || :"
2025-10-10T16:29:43.8039865Z [command]/usr/bin/git config --local --name-only --get-regexp http\.https\:\/\/github\.com\/\.extraheader
2025-10-10T16:29:43.8071161Z [command]/usr/bin/git submodule foreach --recursive sh -c "git config --local --name-only --get-regexp 'http\.https\:\/\/github\.com\/\.extraheader' && git config --local --unset-all 'http.https://github.com/.extraheader' || :"
2025-10-10T16:29:43.8298318Z [command]/usr/bin/git config --local http.https://github.com/.extraheader AUTHORIZATION: basic ***
2025-10-10T16:29:43.8335407Z ##[endgroup]
2025-10-10T16:29:43.8337096Z ##[group]Fetching the repository
2025-10-10T16:29:43.8353848Z [command]/usr/bin/git -c protocol.version=2 fetch --no-tags --prune --no-recurse-submodules --depth=1 origin +f0b1fb524a681bc8c37dd6c35886420f8c2470c3:refs/remotes/origin/master
2025-10-10T16:29:44.2438744Z From https://github.com/ramda/ramda
2025-10-10T16:29:44.2471944Z  * [new ref]         f0b1fb524a681bc8c37dd6c35886420f8c2470c3 -> origin/master
2025-10-10T16:29:44.2474571Z ##[endgroup]
2025-10-10T16:29:44.2475610Z ##[group]Determining the checkout info
2025-10-10T16:29:44.2476799Z ##[endgroup]
2025-10-10T16:29:44.2480596Z [command]/usr/bin/git sparse-checkout disable
2025-10-10T16:29:44.2523122Z [command]/usr/bin/git config --local --unset-all extensions.worktreeConfig
2025-10-10T16:29:44.2552110Z ##[group]Checking out the ref
2025-10-10T16:29:44.2555910Z [command]/usr/bin/git checkout --progress --force -B master refs/remotes/origin/master
2025-10-10T16:29:44.2932617Z Reset branch 'master'
2025-10-10T16:29:44.2934341Z branch 'master' set up to track 'origin/master'.
2025-10-10T16:29:44.2941928Z ##[endgroup]
2025-10-10T16:29:44.2985126Z [command]/usr/bin/git log -1 --format=%H
2025-10-10T16:29:44.3010683Z f0b1fb524a681bc8c37dd6c35886420f8c2470c3
2025-10-10T16:29:44.3222741Z ##[group]Run npm ci
2025-10-10T16:29:44.3223311Z [36;1mnpm ci[0m
2025-10-10T16:29:44.3260623Z shell: /usr/bin/bash -e {0}
2025-10-10T16:29:44.3261160Z ##[endgroup]
2025-10-10T16:29:52.0804852Z npm warn deprecated uuid@3.4.0: Please upgrade  to version 7 or higher.  Older versions may use Math.random() in certain circumstances, which is known to be problematic.  See https://v8.dev/blog/math-random for details.
2025-10-10T16:29:52.3891798Z npm warn deprecated querystring@0.2.0: The querystring API is considered Legacy. new code should use the URLSearchParams API instead.
2025-10-10T16:29:53.0270820Z npm warn deprecated is-buffer@1.1.5: This version of 'is-buffer' is out-of-date. You must update to v1.1.6 or newer
2025-10-10T16:29:53.6509303Z npm warn deprecated consolidate@0.16.0: Please upgrade to consolidate v1.0.0+ as it has been modernized with several long-awaited fixes implemented. Maintenance is supported by Forward Email at https://forwardemail.net ; follow/watch https://github.com/ladjs/consolidate for updates and release changelog
2025-10-10T16:29:53.9603367Z npm warn deprecated acorn-dynamic-import@4.0.0: This is probably built in to whatever tool you're using. If you still need it... idk
2025-10-10T16:29:54.0636700Z npm warn deprecated buffer@3.6.0: This version of 'buffer' is out-of-date. You must update to v3.6.2 or newer
2025-10-10T16:29:55.3736890Z npm warn deprecated minimatch@2.0.10: Please update to minimatch 3.0.2 or higher to avoid a RegExp DoS issue
2025-10-10T16:29:56.3212315Z npm warn deprecated sinon@7.5.0: 16.1.1
2025-10-10T16:29:58.2723882Z 
2025-10-10T16:29:58.2725167Z > ramda@0.32.0 prepare
2025-10-10T16:29:58.2725668Z > npm run clean && npm run build
2025-10-10T16:29:58.2725939Z 
2025-10-10T16:29:58.4029662Z 
2025-10-10T16:29:58.4030202Z > ramda@0.32.0 clean
2025-10-10T16:29:58.4032022Z > rimraf es/* src/* coverage/*
2025-10-10T16:29:58.4032966Z 
2025-10-10T16:29:58.5948787Z 
2025-10-10T16:29:58.5949535Z > ramda@0.32.0 build
2025-10-10T16:29:58.5950756Z > npm-run-all --parallel build:**
2025-10-10T16:29:58.5955171Z 
2025-10-10T16:29:58.8177252Z 
2025-10-10T16:29:58.8178902Z > ramda@0.32.0 build:cjs
2025-10-10T16:29:58.8190486Z > cross-env BABEL_ENV=cjs babel source --out-dir src
2025-10-10T16:29:58.8191346Z 
2025-10-10T16:29:58.8191783Z 
2025-10-10T16:29:58.8197458Z > ramda@0.32.0 build:es
2025-10-10T16:29:58.8198422Z > cross-env BABEL_ENV=es babel source --out-dir es && node ./scripts/addModulePackageScope.js
2025-10-10T16:29:58.8199066Z 
2025-10-10T16:30:00.1804490Z Successfully compiled 369 files with Babel (1198ms).
2025-10-10T16:30:00.2475770Z Successfully compiled 369 files with Babel (1268ms).
2025-10-10T16:30:00.2904791Z 
2025-10-10T16:30:00.2905338Z added 972 packages, and audited 973 packages in 15s
2025-10-10T16:30:00.2906172Z 
2025-10-10T16:30:00.2906350Z 120 packages are looking for funding
2025-10-10T16:30:00.2906834Z   run `npm fund` for details
2025-10-10T16:30:00.3245492Z 
2025-10-10T16:30:00.3246041Z 33 vulnerabilities (9 low, 5 moderate, 13 high, 6 critical)
2025-10-10T16:30:00.3246472Z 
2025-10-10T16:30:00.3246750Z To address issues that do not require attention, run:
2025-10-10T16:30:00.3247352Z   npm audit fix
2025-10-10T16:30:00.3247835Z 
2025-10-10T16:30:00.3248233Z To address all issues possible (including breaking changes), run:
2025-10-10T16:30:00.3248959Z   npm audit fix --force
2025-10-10T16:30:00.3249247Z 
2025-10-10T16:30:00.3249518Z Some issues need review, and may require choosing
2025-10-10T16:30:00.3250415Z a different dependency.
2025-10-10T16:30:00.3254996Z 
2025-10-10T16:30:00.3256880Z Run `npm audit` for details.
2025-10-10T16:30:00.3613684Z ##[group]Run npm run lint
2025-10-10T16:30:00.3613975Z [36;1mnpm run lint[0m
2025-10-10T16:30:00.3653838Z shell: /usr/bin/bash -e {0}
2025-10-10T16:30:00.3654128Z ##[endgroup]
2025-10-10T16:30:00.4772393Z 
2025-10-10T16:30:00.4772880Z > ramda@0.32.0 lint
2025-10-10T16:30:00.4773505Z > eslint scripts/bookmarklet scripts/*.js source/*.js source/internal/*.js test/*.js test/**/*.js lib/sauce/*.js lib/bench/*.js
2025-10-10T16:30:00.4773943Z 
2025-10-10T16:30:03.0468261Z ##[group]Run npm run test
2025-10-10T16:30:03.0468585Z [36;1mnpm run test[0m
2025-10-10T16:30:03.0501232Z shell: /usr/bin/bash -e {0}
2025-10-10T16:30:03.0501465Z ##[endgroup]
2025-10-10T16:30:03.1587100Z 
2025-10-10T16:30:03.1588135Z > ramda@0.32.0 test
2025-10-10T16:30:03.1588640Z > npm-run-all --parallel spec lint
2025-10-10T16:30:03.1588830Z 
2025-10-10T16:30:03.3715395Z 
2025-10-10T16:30:03.3716099Z > ramda@0.32.0 spec
2025-10-10T16:30:03.3716997Z > cross-env BABEL_ENV=cjs mocha --require @babel/register --reporter spec
2025-10-10T16:30:03.3718332Z 
2025-10-10T16:30:03.3721740Z 
2025-10-10T16:30:03.3721905Z > ramda@0.32.0 lint
2025-10-10T16:30:03.3722697Z > eslint scripts/bookmarklet scripts/*.js source/*.js source/internal/*.js test/*.js test/**/*.js lib/sauce/*.js lib/bench/*.js
2025-10-10T16:30:03.3723428Z 
2025-10-10T16:30:06.9237865Z 
2025-10-10T16:30:06.9263696Z 
2025-10-10T16:30:06.9270150Z   F
2025-10-10T16:30:06.9278210Z     ✔ always returns false
2025-10-10T16:30:06.9281588Z 
2025-10-10T16:30:06.9284045Z   T
2025-10-10T16:30:06.9288154Z     ✔ always returns true
2025-10-10T16:30:06.9288615Z 
2025-10-10T16:30:06.9291084Z   add
2025-10-10T16:30:06.9293835Z     ✔ adds together two numbers
2025-10-10T16:30:06.9297136Z     ✔ coerces its arguments to numbers
2025-10-10T16:30:06.9299673Z 
2025-10-10T16:30:06.9300807Z   add properties
2025-10-10T16:30:06.9342104Z     ✔ commutative
2025-10-10T16:30:06.9359901Z     ✔ associative
2025-10-10T16:30:06.9368600Z     ✔ identity
2025-10-10T16:30:06.9372216Z 
2025-10-10T16:30:06.9372730Z   addIndex
2025-10-10T16:30:06.9379658Z     unary functions like `map`
2025-10-10T16:30:06.9381588Z       ✔ works just like a normal map
2025-10-10T16:30:06.9386045Z       ✔ passes the index as a second parameter to the callback
2025-10-10T16:30:06.9390453Z       ✔ passes the entire list as a third parameter to the callback
2025-10-10T16:30:06.9392875Z       ✔ acts as a curried function
2025-10-10T16:30:06.9394749Z     binary functions like `reduce`
2025-10-10T16:30:06.9401987Z       ✔ passes the index as a third parameter to the predicate
2025-10-10T16:30:06.9403601Z       ✔ passes the entire list as a fourth parameter to the predicate
2025-10-10T16:30:06.9405145Z     works with functions like `all` that do not typically have index applied
2025-10-10T16:30:06.9409668Z       ✔ passes the index as a second parameter
2025-10-10T16:30:06.9415431Z     works with arbitrary user-defined functions
2025-10-10T16:30:06.9419620Z       ✔ passes the index as an additional parameter
2025-10-10T16:30:06.9421508Z 
2025-10-10T16:30:06.9421975Z   addIndexRight
2025-10-10T16:30:06.9422364Z     unary functions like `map`
2025-10-10T16:30:06.9423498Z       ✔ works just like a normal (reversed) map
2025-10-10T16:30:06.9428028Z       ✔ passes the index as a second parameter to the callback
2025-10-10T16:30:06.9429063Z       ✔ passes the entire list as a third parameter to the callback
2025-10-10T16:30:06.9432295Z       ✔ acts as a curried function
2025-10-10T16:30:06.9433484Z     binary functions like `reduce`
2025-10-10T16:30:06.9436523Z       ✔ passes the index as a third parameter to the predicate
2025-10-10T16:30:06.9438267Z       ✔ passes the entire list as a fourth parameter to the predicate
2025-10-10T16:30:06.9439299Z     works with functions like `all` that do not typically have index applied
2025-10-10T16:30:06.9441843Z       ✔ passes the index as a second parameter
2025-10-10T16:30:06.9442453Z     works with arbitrary user-defined functions
2025-10-10T16:30:06.9445462Z       ✔ passes the index as an additional parameter
2025-10-10T16:30:06.9446062Z 
2025-10-10T16:30:06.9446581Z   adjust
2025-10-10T16:30:06.9449482Z     ✔ applies the given function to the value at the given index of the supplied array
2025-10-10T16:30:06.9451455Z     ✔ offsets negative indexes from the end of the array
2025-10-10T16:30:06.9454447Z     ✔ returns the original array if the supplied index is out of bounds
2025-10-10T16:30:06.9461900Z     ✔ does not mutate the original array
2025-10-10T16:30:06.9463246Z     ✔ accepts an array-like object
2025-10-10T16:30:06.9463764Z 
2025-10-10T16:30:06.9464365Z   all
2025-10-10T16:30:06.9464947Z     ✔ returns true if all elements satisfy the predicate
2025-10-10T16:30:06.9465965Z     ✔ returns false if any element fails to satisfy the predicate
2025-10-10T16:30:06.9466814Z     ✔ returns true for an empty list
2025-10-10T16:30:06.9470098Z     ✔ returns true into array if all elements satisfy the predicate
2025-10-10T16:30:06.9472726Z     ✔ returns false into array if any element fails to satisfy the predicate
2025-10-10T16:30:06.9474142Z     ✔ returns true into array for an empty list
2025-10-10T16:30:06.9476290Z     ✔ works with more complex objects
2025-10-10T16:30:06.9481187Z     ✔ dispatches when given a transformer in list position
2025-10-10T16:30:06.9485658Z     ✔ can act as a transducer
2025-10-10T16:30:06.9486102Z 
2025-10-10T16:30:06.9486421Z   allPass
2025-10-10T16:30:06.9488721Z     ✔ reports whether all predicates are satisfied by a given value
2025-10-10T16:30:06.9490599Z     ✔ returns true on empty predicate list
2025-10-10T16:30:06.9493835Z     ✔ returns a curried function whose arity matches that of the highest-arity predicate
2025-10-10T16:30:06.9494587Z 
2025-10-10T16:30:06.9495038Z   always
2025-10-10T16:30:06.9496372Z     ✔ returns a function that returns the object initially supplied
2025-10-10T16:30:06.9501777Z     ✔ works with various types
2025-10-10T16:30:06.9502126Z 
2025-10-10T16:30:06.9502942Z   always properties
2025-10-10T16:30:06.9828868Z     ✔ returns initial argument
2025-10-10T16:30:06.9829586Z 
2025-10-10T16:30:06.9830178Z   and
2025-10-10T16:30:06.9830842Z     ✔ compares two values with js &&
2025-10-10T16:30:06.9831335Z 
2025-10-10T16:30:06.9831695Z   andThen
2025-10-10T16:30:06.9832324Z     ✔ invokes then on the promise with the function passed to it
2025-10-10T16:30:06.9833153Z     ✔ flattens promise returning functions
2025-10-10T16:30:06.9833859Z     ✔ throws a typeError if the then method does not exist
2025-10-10T16:30:06.9834667Z     ✔ is not dependent on a particular promise implementation
2025-10-10T16:30:06.9835079Z 
2025-10-10T16:30:06.9835198Z   any
2025-10-10T16:30:06.9836076Z     ✔ returns true if any element satisfies the predicate
2025-10-10T16:30:06.9837073Z     ✔ returns false if all elements fails to satisfy the predicate
2025-10-10T16:30:06.9838226Z     ✔ returns true into array if any element satisfies the predicate
2025-10-10T16:30:06.9839104Z     ✔ returns false if all elements fails to satisfy the predicate
2025-10-10T16:30:06.9839780Z     ✔ works with more complex objects
2025-10-10T16:30:06.9855870Z     ✔ can use a configurable function
2025-10-10T16:30:06.9856475Z     ✔ returns false for an empty list
2025-10-10T16:30:06.9856979Z     ✔ returns false into array for an empty list
2025-10-10T16:30:06.9857777Z     ✔ dispatches when given a transformer in list position
2025-10-10T16:30:06.9858388Z     ✔ can act as a transducer
2025-10-10T16:30:06.9858655Z 
2025-10-10T16:30:06.9858770Z   anyPass
2025-10-10T16:30:06.9859292Z     ✔ reports whether any predicates are satisfied by a given value
2025-10-10T16:30:06.9859949Z     ✔ returns false for an empty predicate list
2025-10-10T16:30:06.9860808Z     ✔ returns a curried function whose arity matches that of the highest-arity predicate
2025-10-10T16:30:06.9861438Z 
2025-10-10T16:30:06.9861545Z   ap
2025-10-10T16:30:06.9861924Z     ✔ interprets [a] as an applicative
2025-10-10T16:30:06.9862441Z     ✔ interprets ((->) r) as an applicative
2025-10-10T16:30:06.9863254Z     ✔ dispatches to the first passed object's ap method when values is a non-Array object
2025-10-10T16:30:06.9863801Z 
2025-10-10T16:30:06.9863909Z   aperture
2025-10-10T16:30:06.9866538Z     ✔ creates a list of n-tuples from a list
2025-10-10T16:30:06.9867420Z     ✔ returns an empty list when `n` > `list.length`
2025-10-10T16:30:06.9870919Z     ✔ can act as a transducer
2025-10-10T16:30:06.9872511Z 
2025-10-10T16:30:06.9872832Z   append
2025-10-10T16:30:06.9874724Z     ✔ adds the element to the end of the list
2025-10-10T16:30:06.9875994Z     ✔ works on empty list
2025-10-10T16:30:06.9887098Z 
2025-10-10T16:30:06.9890817Z   apply
2025-10-10T16:30:06.9891312Z     ✔ applies function to argument list
2025-10-10T16:30:06.9891901Z     ✔ provides no way to specify context
2025-10-10T16:30:06.9892262Z 
2025-10-10T16:30:06.9892387Z   applySpec
2025-10-10T16:30:06.9892801Z     ✔ works with empty spec
2025-10-10T16:30:06.9894632Z     ✔ works with unary functions
2025-10-10T16:30:06.9895397Z     ✔ works with binary functions
2025-10-10T16:30:06.9895931Z     ✔ works with nested specs
2025-10-10T16:30:06.9900339Z     ✔ works with arrays of nested specs
2025-10-10T16:30:06.9904562Z     ✔ works with arrays of spec objects
2025-10-10T16:30:06.9907390Z     ✔ works with arrays of functions
2025-10-10T16:30:06.9909673Z     ✔ works with a spec defining a map key
2025-10-10T16:30:06.9912508Z     ✔ retains the highest arity
2025-10-10T16:30:06.9928714Z     ✔ returns a curried function
2025-10-10T16:30:06.9928998Z 
2025-10-10T16:30:06.9929131Z   applyTo
2025-10-10T16:30:06.9929534Z     ✔ applies the function to its first argument
2025-10-10T16:30:06.9930012Z     ✔ has length 2
2025-10-10T16:30:06.9930200Z 
2025-10-10T16:30:06.9930302Z   ascend
2025-10-10T16:30:06.9930696Z     ✔ builds an ascending comparator function out of the identity function
2025-10-10T16:30:06.9930980Z 
2025-10-10T16:30:06.9931049Z   ascendNatural
2025-10-10T16:30:07.0005830Z     ✔ builds an ascending natural comparator function out of the identity function
2025-10-10T16:30:07.0006463Z 
2025-10-10T16:30:07.0007075Z   assoc
2025-10-10T16:30:07.0011014Z     ✔ makes a shallow clone of an object, overriding only the specified property
2025-10-10T16:30:07.0013550Z     ✔ is the equivalent of clone and set if the property is not on the original
2025-10-10T16:30:07.0015962Z     ✔ makes a shallow clone of an array, overriding only the specified index
2025-10-10T16:30:07.0018449Z     ✔ is the equivalent of clone and set if the index is not on the original
2025-10-10T16:30:07.0020256Z     ✔ handles negative indexes from end of array
2025-10-10T16:30:07.0022906Z     ✔ sets garbage key when negative indexes wraps to < 0
2025-10-10T16:30:07.0023264Z 
2025-10-10T16:30:07.0023884Z   assocPath
2025-10-10T16:30:07.0027070Z     ✔ makes a shallow clone of an object, overriding only what is necessary for the path
2025-10-10T16:30:07.0030538Z     ✔ is the equivalent of clone and setPath if the property is not on the original
2025-10-10T16:30:07.0032627Z     ✔ overwrites primitive values with keys in the path
2025-10-10T16:30:07.0034196Z     ✔ empty path replaces the whole object
2025-10-10T16:30:07.0036808Z     ✔ replaces `undefined` with a new object
2025-10-10T16:30:07.0038929Z     ✔ replaces `null` with a new object
2025-10-10T16:30:07.0041328Z     ✔ sets in indexes regardless of length
2025-10-10T16:30:07.0044193Z     ✔ handles negative indexes from end of array
2025-10-10T16:30:07.0046524Z     ✔ sets garbage key when negative indexes wraps to < 0
2025-10-10T16:30:07.0046872Z 
2025-10-10T16:30:07.0047545Z   binary
2025-10-10T16:30:07.0050108Z     ✔ turns multiple-argument function into binary one
2025-10-10T16:30:07.0051795Z     ✔ initial arguments are passed through normally
2025-10-10T16:30:07.0052135Z 
2025-10-10T16:30:07.0052869Z   bind
2025-10-10T16:30:07.0054522Z     ✔ returns a function
2025-10-10T16:30:07.0056793Z     ✔ returns a function bound to the specified context object
2025-10-10T16:30:07.0058601Z     ✔ works with built-in types
2025-10-10T16:30:07.0060427Z     ✔ works with user-defined types
2025-10-10T16:30:07.0062252Z     ✔ works with plain objects
2025-10-10T16:30:07.0064416Z     ✔ does not interfere with existing object methods
2025-10-10T16:30:07.0066209Z     ✔ preserves arity
2025-10-10T16:30:07.0066453Z 
2025-10-10T16:30:07.0067331Z   both
2025-10-10T16:30:07.0069728Z     ✔ combines two boolean-returning functions into one
2025-10-10T16:30:07.0071629Z     ✔ accepts functions that take multiple parameters
2025-10-10T16:30:07.0073813Z     ✔ does not evaluate the second expression if the first one is false
2025-10-10T16:30:07.0123793Z     ✔ accepts fantasy-land applicative functors
2025-10-10T16:30:07.0124138Z 
2025-10-10T16:30:07.0124241Z   call
2025-10-10T16:30:07.0124835Z     ✔ returns the result of calling its first argument with the remaining arguments
2025-10-10T16:30:07.0125493Z     ✔ accepts one or more arguments
2025-10-10T16:30:07.0125967Z     ✔ provides no way to specify context
2025-10-10T16:30:07.0126243Z 
2025-10-10T16:30:07.0126362Z   chain
2025-10-10T16:30:07.0128107Z     ✔ maps a function over a nested list and returns the (shallow) flattened result
2025-10-10T16:30:07.0131217Z     ✔ does not flatten recursively
2025-10-10T16:30:07.0135296Z     ✔ maps a function (a -> [b]) into a (shallow) flat result
2025-10-10T16:30:07.0137522Z     ✔ interprets ((->) r) as a monad
2025-10-10T16:30:07.0140404Z     ✔ dispatches to objects that implement `chain`
2025-10-10T16:30:07.0141015Z     ✔ dispatches to transformer objects
2025-10-10T16:30:07.0143780Z     ✔ composes
2025-10-10T16:30:07.0146199Z     ✔ can compose transducer-style
2025-10-10T16:30:07.0146497Z 
2025-10-10T16:30:07.0147300Z   clamp
2025-10-10T16:30:07.0149558Z     ✔ clamps to the lower bound
2025-10-10T16:30:07.0151199Z     ✔ clamps to the upper bound
2025-10-10T16:30:07.0152842Z     ✔ leaves it alone when within the bound
2025-10-10T16:30:07.0154588Z     ✔ works with letters as well
2025-10-10T16:30:07.0154850Z 
2025-10-10T16:30:07.0155712Z   deep clone integers, strings and booleans
2025-10-10T16:30:07.0158611Z     ✔ clones integers
2025-10-10T16:30:07.0160323Z     ✔ clones floats
2025-10-10T16:30:07.0171094Z     ✔ clones strings
2025-10-10T16:30:07.0172883Z     ✔ clones booleans
2025-10-10T16:30:07.0173132Z 
2025-10-10T16:30:07.0174003Z   deep clone objects
2025-10-10T16:30:07.0178022Z     ✔ clones shallow object
2025-10-10T16:30:07.0180636Z     ✔ clones deep object
2025-10-10T16:30:07.0187436Z     ✔ clones objects with circular references
2025-10-10T16:30:07.0190559Z     ✔ clone instances
2025-10-10T16:30:07.0193141Z     ✔ only own properties be copied
2025-10-10T16:30:07.0195653Z     ✔ the prototype should keep the same
2025-10-10T16:30:07.0196647Z 
2025-10-10T16:30:07.0196807Z   deep clone arrays
2025-10-10T16:30:07.0200478Z     ✔ clones shallow arrays
2025-10-10T16:30:07.0204858Z     ✔ clones deep arrays
2025-10-10T16:30:07.0205911Z 
2025-10-10T16:30:07.0206149Z   deep clone typed arrays
2025-10-10T16:30:07.0208083Z     ✔ clones Uint16Array
2025-10-10T16:30:07.0210319Z     ✔ clones Int8Array
2025-10-10T16:30:07.0212610Z     ✔ clones Uint8Array
2025-10-10T16:30:07.0214270Z     ✔ clones Uint8ClampedArray
2025-10-10T16:30:07.0216758Z     ✔ clones Int16Array
2025-10-10T16:30:07.0218792Z     ✔ clones Uint16Array
2025-10-10T16:30:07.0229853Z     ✔ clones Int32Array
2025-10-10T16:30:07.0230816Z     ✔ clones Uint32Array
2025-10-10T16:30:07.0233151Z     ✔ clones Float32Array
2025-10-10T16:30:07.0233613Z     ✔ clones Float64Array
2025-10-10T16:30:07.0233850Z 
2025-10-10T16:30:07.0233978Z   deep clone functions
2025-10-10T16:30:07.0234474Z     ✔ keep reference to function
2025-10-10T16:30:07.0321649Z 
2025-10-10T16:30:07.0321831Z   built-in types
2025-10-10T16:30:07.0322407Z     ✔ clones Date object
2025-10-10T16:30:07.0322897Z     ✔ clones RegExp object
2025-10-10T16:30:07.0323133Z 
2025-10-10T16:30:07.0323290Z   deep clone deep nested mixed objects
2025-10-10T16:30:07.0323809Z     ✔ clones array with objects
2025-10-10T16:30:07.0324257Z     ✔ clones array with arrays
2025-10-10T16:30:07.0324737Z     ✔ clones array with mutual ref object
2025-10-10T16:30:07.0325033Z 
2025-10-10T16:30:07.0325201Z   deep clone edge cases
2025-10-10T16:30:07.0325800Z     ✔ nulls, undefineds and empty objects and arrays
2025-10-10T16:30:07.0326218Z 
2025-10-10T16:30:07.0326405Z   clone objects with no prototypes
2025-10-10T16:30:07.0327034Z     ✔ nested object with no prototype
2025-10-10T16:30:07.0327363Z 
2025-10-10T16:30:07.0327827Z   Let `R.clone` use an arbitrary user defined `clone` method
2025-10-10T16:30:07.0328919Z     ✔ dispatches to `clone` method if present
2025-10-10T16:30:07.0329303Z 
2025-10-10T16:30:07.0329427Z   collectBy
2025-10-10T16:30:07.0329822Z     ✔ returns a list of lists
2025-10-10T16:30:07.0333312Z     ✔ groups items but neither adds new ones nor removes any
2025-10-10T16:30:07.0352857Z     ✔ groups related items together
2025-10-10T16:30:07.0548617Z     ✔ invokes the tag function for each item in the list
2025-10-10T16:30:07.0570147Z     ✔ groups items according to the tag value
2025-10-10T16:30:07.0570854Z 
2025-10-10T16:30:07.0571135Z   comparator
2025-10-10T16:30:07.0573709Z     ✔ builds a comparator function for sorting out of a simple predicate that reports whether the first param is smaller
2025-10-10T16:30:07.0574846Z 
2025-10-10T16:30:07.0574961Z   complement
2025-10-10T16:30:07.0577031Z     ✔ creates boolean-returning function that reverses another
2025-10-10T16:30:07.0579173Z     ✔ accepts a function that take multiple parameters
2025-10-10T16:30:07.0597491Z     ✔ accepts fantasy-land functors
2025-10-10T16:30:07.0598823Z 
2025-10-10T16:30:07.0598991Z   compose
2025-10-10T16:30:07.0600710Z     ✔ is a variadic function
2025-10-10T16:30:07.0603433Z     ✔ performs right-to-left function composition
2025-10-10T16:30:07.0605576Z     ✔ passes context to functions
2025-10-10T16:30:07.0608045Z     ✔ throws if given no arguments
2025-10-10T16:30:07.0610365Z     ✔ can be applied to one argument
2025-10-10T16:30:07.0611547Z 
2025-10-10T16:30:07.0611701Z   compose properties
2025-10-10T16:30:07.0748960Z     ✔ composes two functions
2025-10-10T16:30:07.0856427Z     ✔ associative
2025-10-10T16:30:07.0859354Z 
2025-10-10T16:30:07.0860798Z   composeWith
2025-10-10T16:30:07.0863633Z     ✔ performs right-to-left function composition with function applying
2025-10-10T16:30:07.0866713Z     ✔ performs right-to-left function while not nil result
2025-10-10T16:30:07.0869741Z     ✔ performs right-to-left function using promise chaining
2025-10-10T16:30:07.0872250Z 
2025-10-10T16:30:07.0873693Z   concat
2025-10-10T16:30:07.0875562Z     ✔ adds combines the elements of the two lists
2025-10-10T16:30:07.0878355Z     ✔ works on strings
2025-10-10T16:30:07.0880403Z     ✔ delegates to non-String object with a concat method, as second param
2025-10-10T16:30:07.0882398Z     ✔ throws if attempting to combine an array with a non-array
2025-10-10T16:30:07.0885456Z     ✔ throws if not an array, String, or object with a concat method
2025-10-10T16:30:07.0887229Z 
2025-10-10T16:30:07.0887546Z   cond
2025-10-10T16:30:07.0888129Z     ✔ returns a function
2025-10-10T16:30:07.0890395Z     ✔ returns a conditional function
2025-10-10T16:30:07.0892014Z     ✔ returns a function which returns undefined if none of the predicates matches
2025-10-10T16:30:07.0893339Z     ✔ predicates are tested in order
2025-10-10T16:30:07.0895082Z     ✔ forwards all arguments to predicates and to transformers
2025-10-10T16:30:07.0896728Z     ✔ retains highest predicate arity
2025-10-10T16:30:07.0897217Z 
2025-10-10T16:30:07.0897360Z   construct
2025-10-10T16:30:07.0898442Z     ✔ turns a constructor function into one that can be called without `new`
2025-10-10T16:30:07.0902342Z     ✔ can be used to create Date object
2025-10-10T16:30:07.0904637Z     ✔ supports constructors with no arguments
2025-10-10T16:30:07.0906665Z     ✔ does not support constructor with greater than ten arguments
2025-10-10T16:30:07.0908986Z     ✔ returns a curried function
2025-10-10T16:30:07.0911426Z 
2025-10-10T16:30:07.0911729Z   constructN
2025-10-10T16:30:07.0914210Z     ✔ turns a constructor function into a function with n arguments
2025-10-10T16:30:07.0915883Z     ✔ can be used to create Date object
2025-10-10T16:30:07.0917135Z     ✔ supports constructors with no arguments
2025-10-10T16:30:07.0920012Z     ✔ does not support constructor with greater than ten arguments
2025-10-10T16:30:07.0920521Z 
2025-10-10T16:30:07.0920682Z   converge
2025-10-10T16:30:07.0928890Z     ✔ passes the results of applying the arguments individually to two separate functions into a single one
2025-10-10T16:30:07.0930328Z     ✔ returns a function with the length of the "longest" argument
2025-10-10T16:30:07.0930960Z     ✔ passes context to its functions
2025-10-10T16:30:07.0932025Z     ✔ returns a curried function
2025-10-10T16:30:07.0932901Z     ✔ works with empty functions list
2025-10-10T16:30:07.0934098Z 
2025-10-10T16:30:07.0934279Z   count
2025-10-10T16:30:07.0934748Z     ✔ counts items in a list that match a filter
2025-10-10T16:30:07.0935672Z     ✔ returns zero when no element matches
2025-10-10T16:30:07.0936775Z     ✔ returns zero for an empty list
2025-10-10T16:30:07.0937268Z 
2025-10-10T16:30:07.0938100Z   countBy
2025-10-10T16:30:07.0941566Z     ✔ counts by a simple property of the objects
2025-10-10T16:30:07.0944221Z     ✔ counts by a more complex function on the objects
2025-10-10T16:30:07.0945548Z     ✔ ignores inherited properties
2025-10-10T16:30:07.0952907Z     ✔ can act as a transducer
2025-10-10T16:30:07.0953181Z 
2025-10-10T16:30:07.0954484Z   curry
2025-10-10T16:30:07.0956190Z     ✔ curries a single value
2025-10-10T16:30:07.0958187Z     ✔ curries multiple values
2025-10-10T16:30:07.0959968Z     ✔ allows further currying of a curried function
2025-10-10T16:30:07.0961637Z     ✔ properly reports the length of the curried function
2025-10-10T16:30:07.0963295Z     ✔ preserves context
2025-10-10T16:30:07.0967162Z     ✔ supports R.__ placeholder
2025-10-10T16:30:07.0971190Z     ✔ supports @@functional/placeholder
2025-10-10T16:30:07.0973543Z     ✔ forwards extra arguments
2025-10-10T16:30:07.0976510Z     ✔ handles arguments beyond function arity when called with placeholder
2025-10-10T16:30:07.0979499Z     ✔ passes along all arguments from previous calls including placeholder
2025-10-10T16:30:07.0980935Z 
2025-10-10T16:30:07.0981096Z   curry properties
2025-10-10T16:30:07.1647228Z     ✔ curries multiple values (66ms)
2025-10-10T16:30:07.2078636Z     ✔ curries with placeholder (43ms)
2025-10-10T16:30:07.2086320Z 
2025-10-10T16:30:07.2086772Z   curryN
2025-10-10T16:30:07.2089542Z     ✔ accepts an arity
2025-10-10T16:30:07.2091255Z     ✔ can be partially applied
2025-10-10T16:30:07.2093086Z     ✔ preserves context
2025-10-10T16:30:07.2096892Z     ✔ supports R.__ placeholder
2025-10-10T16:30:07.2102812Z     ✔ supports @@functional/placeholder
2025-10-10T16:30:07.2105655Z     ✔ forwards extra arguments
2025-10-10T16:30:07.2106597Z 
2025-10-10T16:30:07.2106731Z   dec
2025-10-10T16:30:07.2109401Z     ✔ decrements its argument
2025-10-10T16:30:07.2110550Z 
2025-10-10T16:30:07.2110690Z   defaultTo
2025-10-10T16:30:07.2112553Z     ✔ returns the default value if input is null, undefined or NaN
2025-10-10T16:30:07.2113367Z     ✔ returns the input value if it is not null/undefined
2025-10-10T16:30:07.2115601Z     ✔ returns the input value even if it is considered falsy
2025-10-10T16:30:07.2116352Z     ✔ can be called with both arguments directly
2025-10-10T16:30:07.2117552Z 
2025-10-10T16:30:07.2117917Z   descend
2025-10-10T16:30:07.2119882Z     ✔ builds a descending comparator function out of the identity function
2025-10-10T16:30:07.2120516Z 
2025-10-10T16:30:07.2120664Z   descendNatural
2025-10-10T16:30:07.2130266Z     ✔ builds a descending natural comparator function out of the identity function
2025-10-10T16:30:07.2130881Z 
2025-10-10T16:30:07.2131482Z   difference
2025-10-10T16:30:07.2133587Z     ✔ finds the set of all elements in the first list not contained in the second
2025-10-10T16:30:07.2134927Z     ✔ does not allow duplicates in the output even if the input lists had duplicates
2025-10-10T16:30:07.2139104Z     ✔ has R.equals semantics
2025-10-10T16:30:07.2140892Z     ✔ works for arrays of different lengths
2025-10-10T16:30:07.2141961Z     ✔ will not create a "sparse" array
2025-10-10T16:30:07.2143969Z     ✔ returns an empty array if there are no different elements
2025-10-10T16:30:07.2144774Z 
2025-10-10T16:30:07.2144925Z   differenceWith
2025-10-10T16:30:07.2148102Z     ✔ combines two lists into the set of all their elements based on the passed-in equality predicate
2025-10-10T16:30:07.2150719Z     ✔ does not allow duplicates in the output even if the input lists had duplicates
2025-10-10T16:30:07.2151851Z     ✔ does not return a "sparse" array
2025-10-10T16:30:07.2152367Z 
2025-10-10T16:30:07.2153262Z   dissoc
2025-10-10T16:30:07.2156924Z     ✔ copies an object omitting the specified property
2025-10-10T16:30:07.2160141Z     ✔ makes a shallow clone of an array, remove only the specified index
2025-10-10T16:30:07.2164182Z     ✔ includes prototype properties
2025-10-10T16:30:07.2166759Z     ✔ coerces non-string types
2025-10-10T16:30:07.2167069Z 
2025-10-10T16:30:07.2167432Z   dissocPath
2025-10-10T16:30:07.2172065Z     ✔ makes a shallow clone of an object, omitting only what is necessary for the path
2025-10-10T16:30:07.2174527Z     ✔ does not try to omit inner properties that do not exist
2025-10-10T16:30:07.2176978Z     ✔ leaves an empty object when all properties omitted
2025-10-10T16:30:07.2180249Z     ✔ leaves an empty array when all indexes are omitted
2025-10-10T16:30:07.2182768Z     ✔ flattens properties from prototype
2025-10-10T16:30:07.2184115Z     ✔ accepts empty path
2025-10-10T16:30:07.2186178Z     ✔ allow integer to be used as key for object
2025-10-10T16:30:07.2189524Z     ✔ support remove null/undefined value path
2025-10-10T16:30:07.2189887Z 
2025-10-10T16:30:07.2190133Z   divide
2025-10-10T16:30:07.2192043Z     ✔ divides two numbers
2025-10-10T16:30:07.2192521Z 
2025-10-10T16:30:07.2192718Z   drop
2025-10-10T16:30:07.2195459Z     ✔ skips the first `n` elements from a list, returning the remainder
2025-10-10T16:30:07.2196275Z     ✔ returns an empty array if `n` is too large
2025-10-10T16:30:07.2199309Z     ✔ returns an equivalent list if `n` is <= 0
2025-10-10T16:30:07.2200074Z     ✔ never returns the input array
2025-10-10T16:30:07.2201649Z     ✔ can operate on strings
2025-10-10T16:30:07.2202406Z 
2025-10-10T16:30:07.2202544Z   dropLast
2025-10-10T16:30:07.2204949Z     ✔ skips the last `n` elements from a list, returning the remainder
2025-10-10T16:30:07.2206371Z     ✔ returns an empty array if `n` is too large
2025-10-10T16:30:07.2208525Z     ✔ returns an equivalent list if `n` is <= 0
2025-10-10T16:30:07.2210032Z     ✔ never returns the input array
2025-10-10T16:30:07.2211350Z     ✔ can operate on strings
2025-10-10T16:30:07.2215681Z     ✔ can act as a transducer
2025-10-10T16:30:07.2216153Z 
2025-10-10T16:30:07.2222823Z   dropLastWhile
2025-10-10T16:30:07.2223372Z     ✔ skips elements while the function reports `true`
2025-10-10T16:30:07.2223964Z     ✔ returns an empty list for an empty list
2025-10-10T16:30:07.2224534Z     ✔ starts at the right arg and acknowledges undefined
2025-10-10T16:30:07.2225562Z     ✔ can operate on strings
2025-10-10T16:30:07.2228479Z     ✔ can act as a transducer
2025-10-10T16:30:07.2229416Z 
2025-10-10T16:30:07.2229554Z   dropRepeats
2025-10-10T16:30:07.2232622Z     ✔ removes repeated elements
2025-10-10T16:30:07.2234747Z     ✔ returns an empty array for an empty array
2025-10-10T16:30:07.2238171Z     ✔ can act as a transducer
2025-10-10T16:30:07.2240520Z     ✔ has R.equals semantics
2025-10-10T16:30:07.2240936Z 
2025-10-10T16:30:07.2241297Z   dropRepeatsBy
2025-10-10T16:30:07.2245802Z     ✔ removes repeated elements based on predicate
2025-10-10T16:30:07.2248602Z     ✔ keeps elements from the left
2025-10-10T16:30:07.2250088Z     ✔ returns an empty array for an empty array
2025-10-10T16:30:07.2253196Z     ✔ can act as a transducer
2025-10-10T16:30:07.2253489Z 
2025-10-10T16:30:07.2253622Z   dropRepeatsWith
2025-10-10T16:30:07.2257081Z     ✔ removes repeated elements based on predicate
2025-10-10T16:30:07.2258870Z     ✔ keeps elements from the left
2025-10-10T16:30:07.2260276Z     ✔ returns an empty array for an empty array
2025-10-10T16:30:07.2263587Z     ✔ can act as a transducer
2025-10-10T16:30:07.2264020Z 
2025-10-10T16:30:07.2264318Z   dropWhile
2025-10-10T16:30:07.2266621Z     ✔ skips elements while the function reports `true`
2025-10-10T16:30:07.2268594Z     ✔ returns an empty list for an empty list
2025-10-10T16:30:07.2269982Z     ✔ starts at the right arg and acknowledges undefined
2025-10-10T16:30:07.2271905Z     ✔ can operate on strings
2025-10-10T16:30:07.2274506Z     ✔ can act as a transducer
2025-10-10T16:30:07.2274787Z 
2025-10-10T16:30:07.2275609Z   either
2025-10-10T16:30:07.2277923Z     ✔ combines two boolean-returning functions into one
2025-10-10T16:30:07.2279772Z     ✔ accepts functions that take multiple parameters
2025-10-10T16:30:07.2281467Z     ✔ does not evaluate the second expression if the first one is true
2025-10-10T16:30:07.2305511Z     ✔ accepts fantasy-land applicative functors
2025-10-10T16:30:07.2305861Z 
2025-10-10T16:30:07.2306291Z   empty
2025-10-10T16:30:07.2308707Z     ✔ dispatches to `empty` method
2025-10-10T16:30:07.2311150Z     ✔ dispatches to `empty` function on constructor
2025-10-10T16:30:07.2312381Z     ✔ returns empty array given array
2025-10-10T16:30:07.2315225Z     ✔ returns empty typed array of equivalent type given typed array
2025-10-10T16:30:07.2316543Z     ✔ returns empty object given object
2025-10-10T16:30:07.2318441Z     ✔ returns empty string given string
2025-10-10T16:30:07.2320213Z     ✔ returns empty arguments object given arguments object
2025-10-10T16:30:07.2321814Z     ✔ returns empty Set
2025-10-10T16:30:07.2323524Z     ✔ returns empty Map
2025-10-10T16:30:07.2323852Z 
2025-10-10T16:30:07.2324679Z   endsWith
2025-10-10T16:30:07.2326624Z     ✔ should return true when a string ends with the provided value
2025-10-10T16:30:07.2328136Z     ✔ should return true when a long string ends with the provided value
2025-10-10T16:30:07.2329619Z     ✔ should return false when a string does not end with the provided value
2025-10-10T16:30:07.2331239Z     ✔ should return false when a long string does not end with the provided value
2025-10-10T16:30:07.2333009Z     ✔ should return true when an array ends with the provided value
2025-10-10T16:30:07.2334324Z     ✔ should return true when an array ends with the provided values
2025-10-10T16:30:07.2335814Z     ✔ should return false when an array does not end with the provided value
2025-10-10T16:30:07.2337395Z     ✔ should return false when an array does not end with the provided values
2025-10-10T16:30:07.2338009Z 
2025-10-10T16:30:07.2338668Z   eqBy
2025-10-10T16:30:07.2340442Z     ✔ determines whether two values map to the same value in the codomain
2025-10-10T16:30:07.2342069Z     ✔ has R.equals semantics
2025-10-10T16:30:07.2342434Z 
2025-10-10T16:30:07.2343173Z   eqProps
2025-10-10T16:30:07.2345082Z     ✔ reports whether two objects have the same value for a given property
2025-10-10T16:30:07.2346803Z     ✔ has R.equals semantics
2025-10-10T16:30:07.2347159Z 
2025-10-10T16:30:07.2348501Z   equals
2025-10-10T16:30:07.2350207Z     ✔ tests for deep equality of its operands
2025-10-10T16:30:07.2351775Z     ✔ considers equal Boolean primitives equal
2025-10-10T16:30:07.2353473Z     ✔ considers equivalent Boolean objects equal
2025-10-10T16:30:07.2354919Z     ✔ never considers Boolean primitive equal to Boolean object
2025-10-10T16:30:07.2356204Z     ✔ considers equal number primitives equal
2025-10-10T16:30:07.2358352Z     ✔ considers equivalent Number objects equal
2025-10-10T16:30:07.2360034Z     ✔ never considers number primitive equal to Number object
2025-10-10T16:30:07.2361053Z     ✔ considers equal string primitives equal
2025-10-10T16:30:07.2363862Z     ✔ considers equivalent String objects equal
2025-10-10T16:30:07.2364938Z     ✔ never considers string primitive equal to String object
2025-10-10T16:30:07.2367785Z     ✔ handles objects
2025-10-10T16:30:07.2370044Z     ✔ considers equivalent Arguments objects equal
2025-10-10T16:30:07.2372724Z     ✔ considers equivalent Error objects equal
2025-10-10T16:30:07.2374250Z     ✔ handles regex
2025-10-10T16:30:07.2376628Z     ✔ handles lists
2025-10-10T16:30:07.2378764Z     ✔ handles recursive data structures
2025-10-10T16:30:07.2380322Z     ✔ handles dates
2025-10-10T16:30:07.2383343Z     ✔ requires that both objects have the same enumerable properties with the same values
2025-10-10T16:30:07.2384310Z     ✔ handles typed arrays
2025-10-10T16:30:07.2386540Z     ✔ compares Promise objects by identity
2025-10-10T16:30:07.2391739Z     ✔ compares Map objects by value
2025-10-10T16:30:07.2393576Z     ✔ dispatches to `equals` method recursively in Set
2025-10-10T16:30:07.2396345Z     ✔ compares Set objects by value
2025-10-10T16:30:07.2397433Z     ✔ dispatches to `equals` method recursively in Set
2025-10-10T16:30:07.2399699Z     ✔ compares WeakMap objects by identity
2025-10-10T16:30:07.2400783Z     ✔ compares WeakSet objects by identity
2025-10-10T16:30:07.2404847Z     ✔ dispatches to `equals` method recursively
2025-10-10T16:30:07.2407063Z     ✔ is commutative
2025-10-10T16:30:07.2620066Z     ✔ perfect clones should be considered equal
2025-10-10T16:30:07.2738486Z     ✔ is commutative whatever the values
2025-10-10T16:30:07.2739361Z 
2025-10-10T16:30:07.2739707Z   evolve
2025-10-10T16:30:07.2740708Z     ✔ creates a new object by evolving the `object` according to the `transformation` functions
2025-10-10T16:30:07.2743986Z     ✔ does not invoke function if object does not contain the key
2025-10-10T16:30:07.2744642Z     ✔ is not destructive
2025-10-10T16:30:07.2745080Z     ✔ is recursive
2025-10-10T16:30:07.2745563Z     ✔ ignores primitive value transformations
2025-10-10T16:30:07.2746141Z     ✔ ignores null transformations
2025-10-10T16:30:07.2747003Z     ✔ creates a new array by evolving the `array` according to the `transformation` functions
2025-10-10T16:30:07.2749243Z     ✔ ignores transformations if the input value is not Array and Object
2025-10-10T16:30:07.2749740Z 
2025-10-10T16:30:07.2749859Z   filter
2025-10-10T16:30:07.2750302Z     ✔ reduces an array to those matching a filter
2025-10-10T16:30:07.2750881Z     ✔ returns an empty array if no element matches
2025-10-10T16:30:07.2751506Z     ✔ returns an empty array if asked to filter an empty array
2025-10-10T16:30:07.2766306Z     ✔ filters objects
2025-10-10T16:30:07.2768018Z     ✔ filters ES6 maps
2025-10-10T16:30:07.2769185Z     ✔ dispatches to passed-in non-Array object with a `filter` method
2025-10-10T16:30:07.2770406Z     ✔ correctly uses fantasy-land implementations
2025-10-10T16:30:07.2771256Z     ✔ can act as a transducer
2025-10-10T16:30:07.2771739Z 
2025-10-10T16:30:07.2771866Z   find
2025-10-10T16:30:07.2772432Z     ✔ returns the first element that satisfies the predicate
2025-10-10T16:30:07.2773237Z     ✔ returns `undefined` when no element satisfies the predicate
2025-10-10T16:30:07.2774894Z     ✔ returns `undefined` when given an empty list
2025-10-10T16:30:07.2776708Z     ✔ dispatches to transformer objects
2025-10-10T16:30:07.2778933Z     ✔ can act as a transducer
2025-10-10T16:30:07.2781662Z 
2025-10-10T16:30:07.2781804Z   findIndex
2025-10-10T16:30:07.2783022Z     ✔ returns the index of the first element that satisfies the predicate
2025-10-10T16:30:07.2785560Z     ✔ returns -1 when no element satisfies the predicate
2025-10-10T16:30:07.2787102Z     ✔ dispatches to transformer objects
2025-10-10T16:30:07.2790556Z     ✔ can act as a transducer
2025-10-10T16:30:07.2791405Z 
2025-10-10T16:30:07.2791654Z   findLast
2025-10-10T16:30:07.2793478Z     ✔ returns the index of the last element that satisfies the predicate
2025-10-10T16:30:07.2795403Z     ✔ returns `undefined` when no element satisfies the predicate
2025-10-10T16:30:07.2797081Z     ✔ works when the first element matches
2025-10-10T16:30:07.2798510Z     ✔ does not go into an infinite loop on an empty array
2025-10-10T16:30:07.2799616Z     ✔ dispatches to transformer objects
2025-10-10T16:30:07.2802050Z     ✔ can act as a transducer
2025-10-10T16:30:07.2802389Z 
2025-10-10T16:30:07.2803212Z   findLastIndex
2025-10-10T16:30:07.2806965Z     ✔ returns the index of the last element that satisfies the predicate
2025-10-10T16:30:07.2808186Z     ✔ returns -1 when no element satisfies the predicate
2025-10-10T16:30:07.2810184Z     ✔ works when the first element matches
2025-10-10T16:30:07.2810858Z     ✔ does not go into an infinite loop on an empty array
2025-10-10T16:30:07.2814300Z     ✔ dispatches to transformer objects
2025-10-10T16:30:07.2817382Z     ✔ can act as a transducer
2025-10-10T16:30:07.2818681Z 
2025-10-10T16:30:07.2818991Z   flatten
2025-10-10T16:30:07.2820017Z     ✔ turns a nested list into one flat list
2025-10-10T16:30:07.2822131Z     ✔ is not destructive
2025-10-10T16:30:07.4375339Z     ✔ handles ridiculously large inputs (155ms)
2025-10-10T16:30:07.4378342Z     ✔ handles array-like objects
2025-10-10T16:30:07.4380055Z     ✔ flattens an array of empty arrays
2025-10-10T16:30:07.4380553Z 
2025-10-10T16:30:07.4380859Z   flip
2025-10-10T16:30:07.4383298Z     ✔ returns a function which inverts the first two arguments to the supplied function
2025-10-10T16:30:07.4384787Z     ✔ returns a curried function
2025-10-10T16:30:07.4386132Z     ✔ returns a function with the correct arity
2025-10-10T16:30:07.4386851Z 
2025-10-10T16:30:07.4386984Z   flip properties
2025-10-10T16:30:07.4658574Z     ✔ inverts first two arguments
2025-10-10T16:30:07.4665243Z 
2025-10-10T16:30:07.4665675Z   flow
2025-10-10T16:30:07.4668054Z     ✔ is a binary function
2025-10-10T16:30:07.4670991Z     ✔ applies the first argument to a left-to-right composed function
2025-10-10T16:30:07.4671657Z 
2025-10-10T16:30:07.4671892Z   forEach
2025-10-10T16:30:07.4674100Z     ✔ performs the passed in function on each element of the list
2025-10-10T16:30:07.4676374Z     ✔ returns the original list
2025-10-10T16:30:07.4677176Z     ✔ handles empty list
2025-10-10T16:30:07.4680134Z     ✔ dispatches to `forEach` method
2025-10-10T16:30:07.4680999Z 
2025-10-10T16:30:07.4681853Z   forEachObjIndexed
2025-10-10T16:30:07.4684190Z     ✔ performs the passed in function on each key and value of the object
2025-10-10T16:30:07.4685794Z     ✔ returns the original object
2025-10-10T16:30:07.4686596Z 
2025-10-10T16:30:07.4686836Z   fromPairs
2025-10-10T16:30:07.4689032Z     ✔ combines an array of two-element arrays into an object
2025-10-10T16:30:07.4690430Z     ✔ gives later entries precedence over earlier ones
2025-10-10T16:30:07.4691142Z 
2025-10-10T16:30:07.4691270Z   groupBy
2025-10-10T16:30:07.4697095Z     ✔ splits the list into groups according to the grouping function
2025-10-10T16:30:07.4698541Z     ✔ returns an empty object if given an empty array
2025-10-10T16:30:07.4700571Z     ✔ dispatches on transformer objects in list position
2025-10-10T16:30:07.4706188Z     ✔ can act as a transducer
2025-10-10T16:30:07.4706495Z 
2025-10-10T16:30:07.4707054Z   groupWith
2025-10-10T16:30:07.4711162Z     ✔ splits the list into groups according to the grouping function
2025-10-10T16:30:07.4715323Z     ✔ splits the list into "streaks" testing adjacent elements
2025-10-10T16:30:07.4716474Z     ✔ returns an empty array if given an empty array
2025-10-10T16:30:07.4719853Z     ✔ can be turned into the original list through concatenation
2025-10-10T16:30:07.4721460Z     ✔ also works on strings
2025-10-10T16:30:07.4721941Z 
2025-10-10T16:30:07.4722103Z   gt
2025-10-10T16:30:07.4724227Z     ✔ reports whether one item is greater than another
2025-10-10T16:30:07.4724906Z 
2025-10-10T16:30:07.4725033Z   gte
2025-10-10T16:30:07.4726952Z     ✔ reports whether one item is greater than or equal to another
2025-10-10T16:30:07.4727354Z 
2025-10-10T16:30:07.4727733Z   has
2025-10-10T16:30:07.4730174Z     ✔ returns true if the specified property is present
2025-10-10T16:30:07.4731395Z     ✔ returns false if the specified property is absent
2025-10-10T16:30:07.4733258Z     ✔ does not check properties from the prototype chain
2025-10-10T16:30:07.4734559Z     ✔ returns false for non-objects
2025-10-10T16:30:07.4736110Z     ✔ tests currying
2025-10-10T16:30:07.4736389Z 
2025-10-10T16:30:07.4737194Z   hasIn
2025-10-10T16:30:07.4739343Z     ✔ returns a function that checks the appropriate property
2025-10-10T16:30:07.4741022Z     ✔ checks properties from the prototype chain
2025-10-10T16:30:07.4742230Z     ✔ works properly when called with two arguments
2025-10-10T16:30:07.4743428Z     ✔ returns false when non-existent object
2025-10-10T16:30:07.4743737Z 
2025-10-10T16:30:07.4744511Z   hasPath
2025-10-10T16:30:07.4746744Z     ✔ returns true for existing path
2025-10-10T16:30:07.4747943Z     ✔ returns true for existing path to falsy values
2025-10-10T16:30:07.4749614Z     ✔ return false for a test for a child to a non-object
2025-10-10T16:30:07.4750756Z     ✔ returns true for existing path with indexes
2025-10-10T16:30:07.4752094Z     ✔ returns false for non-existing path with indexes
2025-10-10T16:30:07.4753669Z     ✔ tests for paths in arrays
2025-10-10T16:30:07.4754904Z     ✔ returns false for non-existent path
2025-10-10T16:30:07.4756845Z     ✔ does not check properties from the prototype chain
2025-10-10T16:30:07.4758044Z     ✔ returns false for non-objects
2025-10-10T16:30:07.4759927Z     ✔ tests paths on non-objects
2025-10-10T16:30:07.4761328Z     ✔ tests currying
2025-10-10T16:30:07.4761534Z 
2025-10-10T16:30:07.4762329Z   head
2025-10-10T16:30:07.4764044Z     ✔ returns the first element of an ordered collection
2025-10-10T16:30:07.4766591Z     ✔ throws if applied to null or undefined
2025-10-10T16:30:07.4766888Z 
2025-10-10T16:30:07.4767566Z   identical
2025-10-10T16:30:07.4769932Z     ✔ has Object.is semantics
2025-10-10T16:30:07.4771658Z     ✔ is auto-curried
2025-10-10T16:30:07.4774829Z     ✔ does not access the placeholder property of its arguments which is forbidden for cross-origin browser windows
2025-10-10T16:30:07.4775483Z 
2025-10-10T16:30:07.4775595Z   identity
2025-10-10T16:30:07.4777019Z     ✔ returns its first argument
2025-10-10T16:30:07.4778436Z     ✔ has length 1
2025-10-10T16:30:07.4778847Z 
2025-10-10T16:30:07.4779280Z   ifElse
2025-10-10T16:30:07.4781655Z     ✔ calls the truth case function if the validator returns a truthy value
2025-10-10T16:30:07.4783226Z     ✔ calls the false case function if the validator returns a falsy value
2025-10-10T16:30:07.4785286Z     ✔ calls the true case on array items and the false case on non array items
2025-10-10T16:30:07.4786681Z     ✔ passes the arguments to the true case function
2025-10-10T16:30:07.4788645Z     ✔ passes the arguments to the false case function
2025-10-10T16:30:07.4790518Z     ✔ returns a function whose arity equals the max arity of the three arguments to `ifElse`
2025-10-10T16:30:07.4792589Z     ✔ returns a curried function
2025-10-10T16:30:07.4792948Z 
2025-10-10T16:30:07.4793147Z   inc
2025-10-10T16:30:07.4795241Z     ✔ increments its argument
2025-10-10T16:30:07.4795960Z 
2025-10-10T16:30:07.4796090Z   includes
2025-10-10T16:30:07.4797981Z     ✔ returns true if an element is in a list
2025-10-10T16:30:07.4799281Z     ✔ returns false if an element is not in a list
2025-10-10T16:30:07.4800422Z     ✔ returns false for the empty list
2025-10-10T16:30:07.4802522Z     ✔ has R.equals semantics
2025-10-10T16:30:07.4803805Z     ✔ returns true if substring is part of string
2025-10-10T16:30:07.4804528Z 
2025-10-10T16:30:07.4804648Z   API surface
2025-10-10T16:30:07.4806239Z     ✔ both APIs are in sync
2025-10-10T16:30:07.4809543Z     ✔ list of not exported API methods is empty
2025-10-10T16:30:07.4810204Z 
2025-10-10T16:30:07.4810322Z   indexBy
2025-10-10T16:30:07.4813027Z     ✔ indexes list by the given property
2025-10-10T16:30:07.4815808Z     ✔ indexes list by the given property upper case
2025-10-10T16:30:07.4820251Z     ✔ can act as a transducer
2025-10-10T16:30:07.4820594Z 
2025-10-10T16:30:07.4821055Z   indexOf
2025-10-10T16:30:07.4823402Z     ✔ returns a number indicating an object's position in a list
2025-10-10T16:30:07.4824601Z     ✔ returns -1 if the object is not in the list
2025-10-10T16:30:07.4825899Z     ✔ returns the index of the first item
2025-10-10T16:30:07.4827205Z     ✔ returns the index of the last item
2025-10-10T16:30:07.4828831Z     ✔ finds 1
2025-10-10T16:30:07.4830020Z     ✔ finds 1 and is result strictly it
2025-10-10T16:30:07.4831240Z     ✔ does not find 4
2025-10-10T16:30:07.4832724Z     ✔ does not consider "1" equal to 1
2025-10-10T16:30:07.4833998Z     ✔ returns -1 for an empty array
2025-10-10T16:30:07.4835940Z     ✔ has R.equals semantics
2025-10-10T16:30:07.4838459Z     ✔ dispatches to `indexOf` method
2025-10-10T16:30:07.4840148Z     ✔ finds function, compared by identity
2025-10-10T16:30:07.4841266Z     ✔ does not find function, compared by identity
2025-10-10T16:30:07.4841595Z 
2025-10-10T16:30:07.4842298Z   init
2025-10-10T16:30:07.4844398Z     ✔ returns all but the last element of an ordered collection
2025-10-10T16:30:07.4846707Z     ✔ throws if applied to null or undefined
2025-10-10T16:30:07.4848517Z     ✔ handles array-like object
2025-10-10T16:30:07.4848772Z 
2025-10-10T16:30:07.4849534Z   innerJoin
2025-10-10T16:30:07.4852871Z     ✔ only returns elements from the first list
2025-10-10T16:30:07.4854957Z     ✔ does not remove duplicates
2025-10-10T16:30:07.4855815Z 
2025-10-10T16:30:07.4856139Z   insert
2025-10-10T16:30:07.4858250Z     ✔ inserts an element into the given list
2025-10-10T16:30:07.4860105Z     ✔ inserts another list as an element
2025-10-10T16:30:07.4861869Z     ✔ appends to the end of the list if the index is too large
2025-10-10T16:30:07.4862282Z 
2025-10-10T16:30:07.4864110Z   insertAll
2025-10-10T16:30:07.4865412Z     ✔ inserts a list of elements into the given list
2025-10-10T16:30:07.4879219Z     ✔ appends to the end of the list if the index is too large
2025-10-10T16:30:07.4879750Z 
2025-10-10T16:30:07.4879940Z   intersection
2025-10-10T16:30:07.4880475Z     ✔ combines two lists into the set of common elements
2025-10-10T16:30:07.4881305Z     ✔ does not allow duplicates in the output even if the input lists had duplicates
2025-10-10T16:30:07.4882297Z     ✔ does not allow duplicates in the output even if the first list is bigger and has duplicates
2025-10-10T16:30:07.4883371Z     ✔ does not allow duplicates in the output even if the second list is bigger and has duplicates
2025-10-10T16:30:07.4884146Z     ✔ has R.equals semantics
2025-10-10T16:30:07.4884377Z 
2025-10-10T16:30:07.4884495Z   intersperse
2025-10-10T16:30:07.4884892Z     ✔ interposes a separator between list items
2025-10-10T16:30:07.4885359Z     ✔ dispatches
2025-10-10T16:30:07.4885530Z 
2025-10-10T16:30:07.4885629Z   into
2025-10-10T16:30:07.4887790Z     ✔ transduces into arrays
2025-10-10T16:30:07.4889793Z     ✔ transduces into strings
2025-10-10T16:30:07.4892167Z     ✔ transduces into objects
2025-10-10T16:30:07.4894281Z     ✔ dispatches to objects that implement `reduce`
2025-10-10T16:30:07.4895552Z     ✔ allows custom transformer
2025-10-10T16:30:07.4896367Z 
2025-10-10T16:30:07.4896497Z   invariants
2025-10-10T16:30:07.4907503Z     ✔ -- applying function f with length n (where n > 0) to no arguments gives function with length n
2025-10-10T16:30:07.4925674Z     ✔ -- applying function f with length n (where n > 0) to R.__ gives function with length n
2025-10-10T16:30:07.4943425Z     ✔ -- applying function f with length n (where n > 1) to any value other than R.__ gives function with length n - 1
2025-10-10T16:30:07.4944096Z 
2025-10-10T16:30:07.4944208Z   invert
2025-10-10T16:30:07.4944693Z     ✔ takes a list or object and returns an object of lists
2025-10-10T16:30:07.4945659Z     ✔ returns an empty object when applied to a primitive
2025-10-10T16:30:07.4946661Z     ✔ returns an empty object when applied to null/undefined
2025-10-10T16:30:07.4949717Z     ✔ returns the input's values as keys, and keys as values of an array
2025-10-10T16:30:07.4952227Z     ✔ puts keys that have the same value into the appropriate an array
2025-10-10T16:30:07.4953986Z     ✔ is not destructive
2025-10-10T16:30:07.4955857Z     ✔ ignores inherited properties
2025-10-10T16:30:07.4956312Z 
2025-10-10T16:30:07.4956447Z   invertObj
2025-10-10T16:30:07.4957994Z     ✔ takes a list or object and returns an object
2025-10-10T16:30:07.4959742Z     ✔ returns an empty object when applied to a primitive
2025-10-10T16:30:07.4960653Z     ✔ returns an empty object when applied to null/undefined
2025-10-10T16:30:07.4962863Z     ✔ returns the input's values as keys, and keys as values
2025-10-10T16:30:07.4964818Z     ✔ prefers the last key found when handling keys with the same value
2025-10-10T16:30:07.4966622Z     ✔ is not destructive
2025-10-10T16:30:07.4967042Z 
2025-10-10T16:30:07.4967192Z   invoker
2025-10-10T16:30:07.4968822Z     ✔ returns a function with correct arity
2025-10-10T16:30:07.4970979Z     ✔ calls the method on the object
2025-10-10T16:30:07.4974292Z     ✔ throws a descriptive TypeError if method does not exist
2025-10-10T16:30:07.4987899Z     ✔ does not rely on constructor identity
2025-10-10T16:30:07.4990276Z     ✔ curries the method call
2025-10-10T16:30:07.4991708Z 
2025-10-10T16:30:07.4991834Z   is
2025-10-10T16:30:07.4993700Z     ✔ works with built-in types
2025-10-10T16:30:07.4995533Z     ✔ works with user-defined types
2025-10-10T16:30:07.4997734Z     ✔ considers almost everything an object
2025-10-10T16:30:07.4999242Z     ✔ does not coerce
2025-10-10T16:30:07.5000906Z     ✔ recognizes primitives as their object equivalents
2025-10-10T16:30:07.5003095Z     ✔ does not consider primitives to be instances of Object
2025-10-10T16:30:07.5003697Z 
2025-10-10T16:30:07.5004012Z   isEmpty
2025-10-10T16:30:07.5004590Z     ✔ returns false for null
2025-10-10T16:30:07.5005939Z     ✔ returns false for undefined
2025-10-10T16:30:07.5007315Z     ✔ returns true for empty string
2025-10-10T16:30:07.5008902Z     ✔ returns true for empty array
2025-10-10T16:30:07.5011129Z     ✔ returns true for empty typed array
2025-10-10T16:30:07.5012624Z     ✔ returns true for empty object
2025-10-10T16:30:07.5014326Z     ✔ returns true for empty arguments object
2025-10-10T16:30:07.5015939Z     ✔ returns false for every other value
2025-10-10T16:30:07.5017409Z     ✔ returns correctly for Set
2025-10-10T16:30:07.5018973Z     ✔ returns correctly for Map
2025-10-10T16:30:07.5019344Z 
2025-10-10T16:30:07.5019880Z   isNil
2025-10-10T16:30:07.5021580Z     ✔ tests a value for `null` or `undefined`
2025-10-10T16:30:07.5021935Z 
2025-10-10T16:30:07.5022334Z   isNotEmpty
2025-10-10T16:30:07.5023864Z     ✔ returns true for null
2025-10-10T16:30:07.5024988Z     ✔ returns true for undefined
2025-10-10T16:30:07.5026191Z     ✔ returns false for empty string
2025-10-10T16:30:07.5027879Z     ✔ returns false for empty array
2025-10-10T16:30:07.5030021Z     ✔ returns false for empty typed array
2025-10-10T16:30:07.5031228Z     ✔ returns false for empty object
2025-10-10T16:30:07.5032783Z     ✔ returns false for empty arguments object
2025-10-10T16:30:07.5034301Z     ✔ returns true for every other value
2025-10-10T16:30:07.5034798Z 
2025-10-10T16:30:07.5035288Z   isNotNil
2025-10-10T16:30:07.5037289Z     ✔ tests a value for `null` or `undefined`
2025-10-10T16:30:07.5037835Z 
2025-10-10T16:30:07.5037969Z   join
2025-10-10T16:30:07.5040014Z     ✔ concatenates a list's elements to a string, with an separator string between elements
2025-10-10T16:30:07.5040646Z 
2025-10-10T16:30:07.5040767Z   juxt
2025-10-10T16:30:07.5042120Z     ✔ works with no functions and no values
2025-10-10T16:30:07.5043499Z     ✔ works with no functions and some values
2025-10-10T16:30:07.5045256Z     ✔ works with 1 function and no values
2025-10-10T16:30:07.5046604Z     ✔ works with 1 function and 1 value
2025-10-10T16:30:07.5048483Z     ✔ works with 1 function and some values
2025-10-10T16:30:07.5050075Z     ✔ works with some functions and no values
2025-10-10T16:30:07.5051569Z     ✔ works with some functions and 1 value
2025-10-10T16:30:07.5053141Z     ✔ works with some functions and some values
2025-10-10T16:30:07.5055733Z     ✔ retains the highest arity
2025-10-10T16:30:07.5057255Z     ✔ returns a curried function
2025-10-10T16:30:07.5057518Z 
2025-10-10T16:30:07.5058576Z   keys
2025-10-10T16:30:07.5060260Z     ✔ returns an array of the given object's own keys
2025-10-10T16:30:07.5061754Z     ✔ works with hasOwnProperty override
2025-10-10T16:30:07.5063503Z     ✔ works for primitives
2025-10-10T16:30:07.5065052Z     ✔ does not include the given object's prototype properties
2025-10-10T16:30:07.5065434Z 
2025-10-10T16:30:07.5066051Z   keysIn
2025-10-10T16:30:07.5068033Z     ✔ returns an array of the given object's keys
2025-10-10T16:30:07.5069951Z     ✔ includes the given object's prototype properties
2025-10-10T16:30:07.5072624Z     ✔ works for primitives
2025-10-10T16:30:07.5072993Z 
2025-10-10T16:30:07.5073639Z   last
2025-10-10T16:30:07.5075442Z     ✔ returns the last element of an ordered collection
2025-10-10T16:30:07.5077842Z     ✔ throws if applied to null or undefined
2025-10-10T16:30:07.5078261Z 
2025-10-10T16:30:07.5078928Z   lastIndexOf
2025-10-10T16:30:07.5080993Z     ✔ returns a number indicating an object's last position in a list
2025-10-10T16:30:07.5082187Z     ✔ returns -1 if the object is not in the list
2025-10-10T16:30:07.5083462Z     ✔ returns the last index of the first item
2025-10-10T16:30:07.5084724Z     ✔ returns the index of the last item
2025-10-10T16:30:07.5086104Z     ✔ finds a
2025-10-10T16:30:07.5087395Z     ✔ does not find c
2025-10-10T16:30:07.5089062Z     ✔ does not consider "1" equal to 1
2025-10-10T16:30:07.5090231Z     ✔ returns -1 for an empty array
2025-10-10T16:30:07.5092246Z     ✔ has R.equals semantics
2025-10-10T16:30:07.5094541Z     ✔ dispatches to `lastIndexOf` method
2025-10-10T16:30:07.5095834Z     ✔ finds function, compared by identity
2025-10-10T16:30:07.5097553Z     ✔ does not find function, compared by identity
2025-10-10T16:30:07.5098142Z 
2025-10-10T16:30:07.5098717Z   length
2025-10-10T16:30:07.5100245Z     ✔ returns the length of a list
2025-10-10T16:30:07.5101510Z     ✔ returns the length of a string
2025-10-10T16:30:07.5103060Z     ✔ returns the length of a function
2025-10-10T16:30:07.5104638Z     ✔ returns the length of an arguments object
2025-10-10T16:30:07.5105970Z     ✔ returns NaN for value of unexpected type
2025-10-10T16:30:07.5107903Z     ✔ returns NaN for length property of unexpected type
2025-10-10T16:30:07.5108399Z 
2025-10-10T16:30:07.5109805Z   lensIndex
2025-10-10T16:30:07.5110062Z     view
2025-10-10T16:30:07.5112299Z       ✔ focuses list element at the specified index
2025-10-10T16:30:07.5113681Z       ✔ returns undefined if the specified index does not exist
2025-10-10T16:30:07.5114238Z     set
2025-10-10T16:30:07.5117319Z       ✔ sets the list value at the specified index
2025-10-10T16:30:07.5118332Z     over
2025-10-10T16:30:07.5120403Z       ✔ applies function to the value at the specified list index
2025-10-10T16:30:07.5121031Z     composability
2025-10-10T16:30:07.5122566Z       ✔ can be composed
2025-10-10T16:30:07.5123259Z     well behaved lens
2025-10-10T16:30:07.5125481Z       ✔ set s (get s) === s
2025-10-10T16:30:07.5127029Z       ✔ get (set s v) === v
2025-10-10T16:30:07.5128922Z       ✔ get (set(set s v1) v2) === v2
2025-10-10T16:30:07.5129274Z 
2025-10-10T16:30:07.5130887Z   lensPath
2025-10-10T16:30:07.5131151Z     view
2025-10-10T16:30:07.5133641Z       ✔ focuses the specified object property
2025-10-10T16:30:07.5134113Z     set
2025-10-10T16:30:07.5137227Z       ✔ sets the value of the object property specified
2025-10-10T16:30:07.5140253Z       ✔ adds the property to the object if it doesn't exist
2025-10-10T16:30:07.5142910Z       ✔ treats negative index from the end of the array
2025-10-10T16:30:07.5143487Z     over
2025-10-10T16:30:07.5147840Z       ✔ applies function to the value of the specified object property
2025-10-10T16:30:07.5152177Z       ✔ applies function to undefined and adds the property if it doesn't exist
2025-10-10T16:30:07.5154112Z     composability
2025-10-10T16:30:07.5154768Z       ✔ can be composed
2025-10-10T16:30:07.5155277Z     well behaved lens
2025-10-10T16:30:07.5158383Z       ✔ set s (get s) === s
2025-10-10T16:30:07.5159011Z       ✔ get (set s v) === v
2025-10-10T16:30:07.5160581Z       ✔ get (set(set s v1) v2) === v2
2025-10-10T16:30:07.5161072Z 
2025-10-10T16:30:07.5161802Z   lensProp
2025-10-10T16:30:07.5162578Z     view
2025-10-10T16:30:07.5163628Z       ✔ focuses object the specified object property
2025-10-10T16:30:07.5165185Z       ✔ returns undefined if the specified property does not exist
2025-10-10T16:30:07.5165766Z     set
2025-10-10T16:30:07.5167510Z       ✔ sets the value of the object property specified
2025-10-10T16:30:07.5169656Z       ✔ adds the property to the object if it doesn't exist
2025-10-10T16:30:07.5170318Z     over
2025-10-10T16:30:07.5171441Z       ✔ applies function to the value of the specified object property
2025-10-10T16:30:07.5173872Z       ✔ applies function to undefined and adds the property if it doesn't exist
2025-10-10T16:30:07.5174626Z     composability
2025-10-10T16:30:07.5175382Z       ✔ can be composed
2025-10-10T16:30:07.5176325Z     well behaved lens
2025-10-10T16:30:07.5178244Z       ✔ set s (get s) === s
2025-10-10T16:30:07.5179287Z       ✔ get (set s v) === v
2025-10-10T16:30:07.5181224Z       ✔ get (set(set s v1) v2) === v2
2025-10-10T16:30:07.5181624Z 
2025-10-10T16:30:07.5181797Z   view, over, and set
2025-10-10T16:30:07.5182888Z     ✔ may be applied to a lens created by `lensPath`
2025-10-10T16:30:07.5185873Z     ✔ may be applied to a lens created by `lensProp`
2025-10-10T16:30:07.5187886Z     ✔ may be applied to a lens created by `lensIndex`
2025-10-10T16:30:07.5191424Z     ✔ may be applied to composed lenses
2025-10-10T16:30:07.5191893Z 
2025-10-10T16:30:07.5192023Z   lift
2025-10-10T16:30:07.5192899Z     ✔ returns a function if called with just a function
2025-10-10T16:30:07.5195923Z     ✔ produces a cross-product of array values
2025-10-10T16:30:07.5199227Z     ✔ can lift functions of any arity
2025-10-10T16:30:07.5201270Z     ✔ works with other functors such as "Maybe"
2025-10-10T16:30:07.5202145Z 
2025-10-10T16:30:07.5202325Z   liftN
2025-10-10T16:30:07.5203719Z     ✔ returns a function
2025-10-10T16:30:07.5205703Z     ✔ limits a variadic function to the specified arity
2025-10-10T16:30:07.5208229Z     ✔ can lift functions of any arity
2025-10-10T16:30:07.5209837Z     ✔ works with other functors such as "Maybe"
2025-10-10T16:30:07.5212665Z     ✔ interprets [a] as a functor
2025-10-10T16:30:07.5214983Z     ✔ interprets ((->) r) as a functor
2025-10-10T16:30:07.5215978Z 
2025-10-10T16:30:07.5219314Z   lt
2025-10-10T16:30:07.5220139Z     ✔ reports whether one item is less than another
2025-10-10T16:30:07.5220687Z 
2025-10-10T16:30:07.5220905Z   lte
2025-10-10T16:30:07.5222337Z     ✔ reports whether one item is less than or equal to another
2025-10-10T16:30:07.5222977Z 
2025-10-10T16:30:07.5223195Z   map
2025-10-10T16:30:07.5224807Z     ✔ maps simple functions over arrays
2025-10-10T16:30:07.5225551Z     ✔ maps over objects
2025-10-10T16:30:07.5227538Z     ✔ interprets ((->) r) as a functor
2025-10-10T16:30:07.5230799Z     ✔ dispatches to objects that implement `map`
2025-10-10T16:30:07.5238160Z     ✔ dispatches to transformer objects
2025-10-10T16:30:07.5238916Z     ✔ throws a TypeError on null and undefined
2025-10-10T16:30:07.5239483Z     ✔ composes
2025-10-10T16:30:07.5241966Z     ✔ can compose transducer-style
2025-10-10T16:30:07.5242504Z     ✔ correctly uses fantasy-land implementations
2025-10-10T16:30:07.5243000Z     ✔ can act as a transducer
2025-10-10T16:30:07.5243226Z 
2025-10-10T16:30:07.5243334Z   mapAccum
2025-10-10T16:30:07.5269900Z     ✔ map and accumulate simple functions over arrays with the supplied accumulator
2025-10-10T16:30:07.5271633Z     ✔ returns the list and accumulator for an empty array
2025-10-10T16:30:07.5273436Z 
2025-10-10T16:30:07.5273725Z   mapAccumRight
2025-10-10T16:30:07.5274430Z     ✔ map and accumulate simple functions over arrays with the supplied accumulator
2025-10-10T16:30:07.5275291Z     ✔ returns the list and accumulator for an empty array
2025-10-10T16:30:07.5275653Z 
2025-10-10T16:30:07.5275758Z   mapKeys
2025-10-10T16:30:07.5276279Z     ✔ converts the keys of an object via the supplied function
2025-10-10T16:30:07.5277169Z     ✔ keeps the last key-value pair processed if multiple invocations return the same key
2025-10-10T16:30:07.5278171Z 
2025-10-10T16:30:07.5278336Z   mapObjIndexed
2025-10-10T16:30:07.5278784Z     ✔ works just like a normal mapObj
2025-10-10T16:30:07.5279380Z     ✔ passes the index as a second parameter to the callback
2025-10-10T16:30:07.5280114Z     ✔ passes the entire list as a third parameter to the callback
2025-10-10T16:30:07.5280521Z 
2025-10-10T16:30:07.5280631Z   match
2025-10-10T16:30:07.5281044Z     ✔ determines whether a string matches a regex
2025-10-10T16:30:07.5281639Z     ✔ defaults to a different empty array each time
2025-10-10T16:30:07.5282136Z     ✔ throws on null input
2025-10-10T16:30:07.5282364Z 
2025-10-10T16:30:07.5282471Z   mathMod
2025-10-10T16:30:07.5282843Z     ✔ requires integer arguments
2025-10-10T16:30:07.5283299Z     ✔ behaves differently than JS modulo
2025-10-10T16:30:07.5283846Z     ✔ computes the true modulo function
2025-10-10T16:30:07.5284128Z 
2025-10-10T16:30:07.5284229Z   max
2025-10-10T16:30:07.5284598Z     ✔ returns the larger of its two arguments
2025-10-10T16:30:07.5285094Z     ✔ works for any orderable type
2025-10-10T16:30:07.5286043Z     ✔ returns the second argument if both arguments are equal according to the native JS strict equals operator
2025-10-10T16:30:07.5287171Z     ✔ returns the alphabetically later type if neither argument is greater than the other
2025-10-10T16:30:07.5289496Z     ✔ returns the alphabetically later string coersion if no argument or type is greater than the other
2025-10-10T16:30:07.5290630Z     ✔ returns the first argument if no other comparison attempts produce a result
2025-10-10T16:30:07.5291122Z 
2025-10-10T16:30:07.5291251Z   maxBy
2025-10-10T16:30:07.5291724Z     ✔ returns the larger value as determined by the function
2025-10-10T16:30:07.5292139Z 
2025-10-10T16:30:07.5292253Z   mean
2025-10-10T16:30:07.5294147Z     ✔ returns mean of a nonempty list
2025-10-10T16:30:07.5295130Z     ✔ returns NaN for an empty list
2025-10-10T16:30:07.5297117Z     ✔ handles array-like object
2025-10-10T16:30:07.5297430Z 
2025-10-10T16:30:07.5297547Z   median
2025-10-10T16:30:07.5300114Z     ✔ returns middle value of an odd-length list
2025-10-10T16:30:07.5301624Z     ✔ returns mean of two middle values of a nonempty even-length list
2025-10-10T16:30:07.5305336Z     ✔ returns NaN for an empty list
2025-10-10T16:30:07.5305802Z     ✔ handles array-like object
2025-10-10T16:30:07.5306046Z 
2025-10-10T16:30:07.5306166Z   memoizeWith
2025-10-10T16:30:07.5308811Z     ✔ calculates the value for a given input only once
2025-10-10T16:30:07.5311650Z     ✔ handles multiple parameters
2025-10-10T16:30:07.5312490Z     ✔ does not rely on reported arity
2025-10-10T16:30:07.5314687Z     ✔ can be applied to nullary function
2025-10-10T16:30:07.5316419Z     ✔ can be applied to function with optional arguments
2025-10-10T16:30:07.5318553Z     ✔ retains arity
2025-10-10T16:30:07.5318851Z 
2025-10-10T16:30:07.5319116Z   mergeAll
2025-10-10T16:30:07.5320210Z     ✔ merges a list of objects together into one object
2025-10-10T16:30:07.5322204Z     ✔ gives precedence to later objects in the list
2025-10-10T16:30:07.5323252Z     ✔ ignores inherited properties
2025-10-10T16:30:07.5323963Z     acts as if nil values are simply empty objects
2025-10-10T16:30:07.5325332Z       ✔ ... if the first object is nil
2025-10-10T16:30:07.5325968Z       ✔ ... if the last object is nil
2025-10-10T16:30:07.5326648Z       ✔ ... if an intermediate object is nil
2025-10-10T16:30:07.5327827Z 
2025-10-10T16:30:07.5327979Z   mergeDeepLeft
2025-10-10T16:30:07.5330441Z     ✔ takes two objects, recursively merges their own properties and returns a new object
2025-10-10T16:30:07.5332157Z     ✔ overrides properties in the second object with properties in the first object
2025-10-10T16:30:07.5333089Z     ✔ is not destructive
2025-10-10T16:30:07.5335382Z     ✔ reports only own properties
2025-10-10T16:30:07.5335841Z 
2025-10-10T16:30:07.5335985Z   mergeDeepRight
2025-10-10T16:30:07.5338085Z     ✔ takes two objects, recursively merges their own properties and returns a new object
2025-10-10T16:30:07.5339214Z     ✔ overrides properties in the first object with properties in the second object
2025-10-10T16:30:07.5340479Z     ✔ is not destructive
2025-10-10T16:30:07.5342472Z     ✔ reports only own properties
2025-10-10T16:30:07.5343018Z 
2025-10-10T16:30:07.5343321Z   mergeDeepWith
2025-10-10T16:30:07.5345362Z     ✔ takes two objects, recursively merges their own properties and returns a new object
2025-10-10T16:30:07.5347119Z     ✔ applies the provided function to the value from the first object and the value from the second object to determine the value for keys that exist in both objects
2025-10-10T16:30:07.5348553Z     ✔ is not destructive
2025-10-10T16:30:07.5349895Z     ✔ reports only own properties
2025-10-10T16:30:07.5350173Z 
2025-10-10T16:30:07.5350659Z   mergeDeepWithKey
2025-10-10T16:30:07.5352982Z     ✔ takes two objects, recursively merges their own properties and returns a new object
2025-10-10T16:30:07.5355338Z     ✔ applies the provided function to the key, the value from the first object and the value from the second object to determine the value for keys that exist in both objects
2025-10-10T16:30:07.5357175Z     ✔ is not destructive
2025-10-10T16:30:07.5358641Z     ✔ reports only own properties
2025-10-10T16:30:07.5358954Z 
2025-10-10T16:30:07.5360106Z   mergeLeft
2025-10-10T16:30:07.5362262Z     ✔ takes two objects, merges their own properties and returns a new object
2025-10-10T16:30:07.5363921Z     ✔ overrides properties in the second object with properties in the first object
2025-10-10T16:30:07.5365805Z     ✔ is not destructive
2025-10-10T16:30:07.5367886Z     ✔ reports only own properties
2025-10-10T16:30:07.5370111Z     ✔ is shallow
2025-10-10T16:30:07.5370956Z     acts as if nil values are simply empty objects
2025-10-10T16:30:07.5372449Z       ✔ ... if the first object is nil
2025-10-10T16:30:07.5373678Z       ✔ ... if the second object is nil
2025-10-10T16:30:07.5375717Z       ✔ ... if both objects are nil
2025-10-10T16:30:07.5376161Z 
2025-10-10T16:30:07.5376313Z   mergeRight
2025-10-10T16:30:07.5378002Z     ✔ takes two objects, merges their own properties and returns a new object
2025-10-10T16:30:07.5379491Z     ✔ overrides properties in the first object with properties in the second object
2025-10-10T16:30:07.5380731Z     ✔ is not destructive
2025-10-10T16:30:07.5382753Z     ✔ reports only own properties
2025-10-10T16:30:07.5384586Z     ✔ is shallow
2025-10-10T16:30:07.5385448Z     acts as if nil values are simply empty objects
2025-10-10T16:30:07.5387191Z       ✔ ... if the first object is nil
2025-10-10T16:30:07.5388052Z       ✔ ... if the second object is nil
2025-10-10T16:30:07.5390028Z       ✔ ... if both objects are nil
2025-10-10T16:30:07.5390298Z 
2025-10-10T16:30:07.5390909Z   mergeWith
2025-10-10T16:30:07.5392818Z     ✔ takes two objects, merges their own properties and returns a new object
2025-10-10T16:30:07.5395161Z     ✔ applies the provided function to the value from the first object and the value from the second object to determine the value for keys that exist in both objects
2025-10-10T16:30:07.5396428Z     ✔ is not destructive
2025-10-10T16:30:07.5398749Z     ✔ reports only own properties
2025-10-10T16:30:07.5399381Z     acts as if nil values are simply empty objects
2025-10-10T16:30:07.5402174Z       ✔ ... if the first object is nil and the second empty
2025-10-10T16:30:07.5403419Z       ✔ ... if the first object is empty and the second nil
2025-10-10T16:30:07.5404064Z       ✔ ... if both objects are nil
2025-10-10T16:30:07.5405196Z       ✔ ... if the first object is not empty and the second is nil
2025-10-10T16:30:07.5406178Z       ✔ ... if the first object is nil and the second is not empty
2025-10-10T16:30:07.5406565Z 
2025-10-10T16:30:07.5408020Z   mergeWithKey
2025-10-10T16:30:07.5409623Z     ✔ takes two objects, merges their own properties and returns a new object
2025-10-10T16:30:07.5412188Z     ✔ applies the provided function to the key, the value from the first object and the value from the second object to determine the value for keys that exist in both objects
2025-10-10T16:30:07.5413592Z     ✔ is not destructive
2025-10-10T16:30:07.5415413Z     ✔ reports only own properties
2025-10-10T16:30:07.5415864Z     acts as if nil values are simply empty objects
2025-10-10T16:30:07.5417010Z       ✔ ... if the first object is nil
2025-10-10T16:30:07.5419101Z       ✔ ... if the second object is nil
2025-10-10T16:30:07.5419637Z       ✔ ... if both objects are nil
2025-10-10T16:30:07.5420625Z 
2025-10-10T16:30:07.5420747Z   min
2025-10-10T16:30:07.5422579Z     ✔ returns the smaller of its two arguments
2025-10-10T16:30:07.5423341Z     ✔ works for any orderable type
2025-10-10T16:30:07.5424773Z     ✔ returns the first argument if both arguments are equal according to the native JS strict equals operator
2025-10-10T16:30:07.5426165Z     ✔ returns the alphabetically earlier type if neither argument is smaller than the other
2025-10-10T16:30:07.5427375Z     ✔ returns the alphabetically earlier string coersion if no argument or type is smaller than the other
2025-10-10T16:30:07.5428632Z     ✔ returns the first argument if no other comparison attempts produce a result
2025-10-10T16:30:07.5429128Z 
2025-10-10T16:30:07.5429231Z   minBy
2025-10-10T16:30:07.5430818Z     ✔ returns the smaller value as determined by the function
2025-10-10T16:30:07.5431284Z 
2025-10-10T16:30:07.5431540Z   modify
2025-10-10T16:30:07.5432901Z     ✔ creates a new object by applying the `transformation` function to the given `property` of the `object`
2025-10-10T16:30:07.5434125Z     ✔ returns the original object if object does not contain the property
2025-10-10T16:30:07.5434781Z     ✔ is not destructive
2025-10-10T16:30:07.5435847Z     ✔ ignores primitive value transformations
2025-10-10T16:30:07.5437007Z     ✔ ignores null transformations
2025-10-10T16:30:07.5438274Z     ✔ adjust if `array` at the given key with the `transformation` function
2025-10-10T16:30:07.5439233Z     ✔ ignores transformations if the input value is not Array and Object
2025-10-10T16:30:07.5439694Z 
2025-10-10T16:30:07.5439970Z   modifyPath
2025-10-10T16:30:07.5442421Z     ✔ creates a new object by applying the `transformation` function to the given `properties` of the `object`
2025-10-10T16:30:07.5444089Z     ✔ returns the original object if object does not contain the key
2025-10-10T16:30:07.5445952Z     ✔ modifies the original object if path is empty array
2025-10-10T16:30:07.5449361Z     ✔ is not destructive
2025-10-10T16:30:07.5452384Z     ✔ throws error for non-function transformations
2025-10-10T16:30:07.5453169Z 
2025-10-10T16:30:07.5453512Z   modulo
2025-10-10T16:30:07.5455856Z     ✔ divides the first param by the second and returns the remainder
2025-10-10T16:30:07.5457107Z     ✔ preserves javascript-style modulo evaluation for negative numbers
2025-10-10T16:30:07.5458585Z 
2025-10-10T16:30:07.5458716Z   move
2025-10-10T16:30:07.5462833Z     ✔ moves an element from an index to another
2025-10-10T16:30:07.5463791Z     ✔ does nothing when indexes are outside the list outbounds
2025-10-10T16:30:07.5465439Z 
2025-10-10T16:30:07.5465762Z   multiply
2025-10-10T16:30:07.5466279Z     ✔ multiplies together two numbers
2025-10-10T16:30:07.5466609Z 
2025-10-10T16:30:07.5466713Z   nAry
2025-10-10T16:30:07.5467223Z     ✔ turns multiple-argument function into a nullary one
2025-10-10T16:30:07.5468212Z     ✔ turns multiple-argument function into a ternary one
2025-10-10T16:30:07.5468959Z     ✔ creates functions of arity less than or equal to ten
2025-10-10T16:30:07.5471733Z     ✔ throws if n is greater than ten
2025-10-10T16:30:07.5473238Z 
2025-10-10T16:30:07.5473394Z   negate
2025-10-10T16:30:07.5473786Z     ✔ negates its argument
2025-10-10T16:30:07.5474007Z 
2025-10-10T16:30:07.5474288Z   none
2025-10-10T16:30:07.5475676Z     ✔ returns true if no elements satisfy the predicate
2025-10-10T16:30:07.5476594Z     ✔ returns false if any element satisfies the predicate
2025-10-10T16:30:07.5477242Z     ✔ returns true for an empty list
2025-10-10T16:30:07.5478191Z     ✔ works with more complex objects
2025-10-10T16:30:07.5480272Z     ✔ can act as a transducer
2025-10-10T16:30:07.5480891Z 
2025-10-10T16:30:07.5481020Z   not
2025-10-10T16:30:07.5482562Z     ✔ reverses argument
2025-10-10T16:30:07.5482781Z 
2025-10-10T16:30:07.5482880Z   nth
2025-10-10T16:30:07.5484350Z     ✔ accepts positive offsets
2025-10-10T16:30:07.5485015Z     ✔ accepts negative offsets
2025-10-10T16:30:07.5487004Z     ✔ throws if applied to null or undefined
2025-10-10T16:30:07.5487475Z 
2025-10-10T16:30:07.5487767Z   nthArg
2025-10-10T16:30:07.5510340Z     ✔ returns a function which returns its nth argument
2025-10-10T16:30:07.5511121Z     ✔ accepts negative offsets
2025-10-10T16:30:07.5511642Z     ✔ returns a function with length n + 1 when n >= 0
2025-10-10T16:30:07.5512096Z     ✔ returns a function with length 1 when n < 0
2025-10-10T16:30:07.5512416Z     ✔ returns a curried function
2025-10-10T16:30:07.5512571Z 
2025-10-10T16:30:07.5512632Z   o
2025-10-10T16:30:07.5512830Z     ✔ is not a variadic function
2025-10-10T16:30:07.5513079Z     ✔ is a curried function
2025-10-10T16:30:07.5513366Z     ✔ performs right-to-left function composition
2025-10-10T16:30:07.5513650Z     o properties
2025-10-10T16:30:07.5526842Z       ✔ composes two functions
2025-10-10T16:30:07.5596546Z       ✔ associative
2025-10-10T16:30:07.5597121Z 
2025-10-10T16:30:07.5597348Z   objOf
2025-10-10T16:30:07.5598649Z     ✔ creates an object containing a single key:value pair
2025-10-10T16:30:07.5599204Z 
2025-10-10T16:30:07.5599752Z   of
2025-10-10T16:30:07.5623653Z     ✔ returns its argument as an Array
2025-10-10T16:30:07.5624530Z     ✔ dispatches to an available of method
2025-10-10T16:30:07.5624881Z 
2025-10-10T16:30:07.5624999Z   omit
2025-10-10T16:30:07.5625521Z     ✔ copies an object omitting the listed properties
2025-10-10T16:30:07.5626138Z     ✔ includes prototype properties
2025-10-10T16:30:07.5626426Z 
2025-10-10T16:30:07.5626531Z   on
2025-10-10T16:30:07.5626920Z     ✔ transforms and combines two values
2025-10-10T16:30:07.5627234Z 
2025-10-10T16:30:07.5627345Z   once
2025-10-10T16:30:07.5628241Z     ✔ returns a function that calls the supplied function only the first time called
2025-10-10T16:30:07.5629097Z     ✔ passes along arguments supplied
2025-10-10T16:30:07.5630031Z     ✔ retains and returns the first value calculated, even if different arguments are passed later
2025-10-10T16:30:07.5630821Z     ✔ retains arity
2025-10-10T16:30:07.5631042Z 
2025-10-10T16:30:07.5631171Z   or
2025-10-10T16:30:07.5631586Z     ✔ compares two values with js ||
2025-10-10T16:30:07.5631913Z 
2025-10-10T16:30:07.5632044Z   otherwise
2025-10-10T16:30:07.5632465Z     ✔ catches failed promises
2025-10-10T16:30:07.5632994Z     ✔ does nothing to successfully resolved promises
2025-10-10T16:30:07.5639600Z     ✔ throws a typeError if the then method does not exist
2025-10-10T16:30:07.5641297Z 
2025-10-10T16:30:07.5641662Z   pair
2025-10-10T16:30:07.5642364Z     ✔ creates a two-element array
2025-10-10T16:30:07.5643230Z 
2025-10-10T16:30:07.5643554Z   partial
2025-10-10T16:30:07.5644056Z     ✔ caches the initially supplied arguments
2025-10-10T16:30:07.5644937Z     ✔ correctly reports the arity of the new function
2025-10-10T16:30:07.5645471Z 
2025-10-10T16:30:07.5645731Z   partialObject
2025-10-10T16:30:07.5647275Z     ✔ caches the initially supplied arguments
2025-10-10T16:30:07.5648283Z     ✔ works regardless of property order
2025-10-10T16:30:07.5648894Z     ✔ merges deeply right
2025-10-10T16:30:07.5649198Z 
2025-10-10T16:30:07.5649544Z   partialRight
2025-10-10T16:30:07.5652027Z     ✔ caches the initially supplied arguments
2025-10-10T16:30:07.5652935Z     ✔ correctly reports the arity of the new function
2025-10-10T16:30:07.5653345Z 
2025-10-10T16:30:07.5653686Z   partition
2025-10-10T16:30:07.5657366Z     ✔ splits a list into two lists according to a predicate
2025-10-10T16:30:07.5661268Z     ✔ works with objects
2025-10-10T16:30:07.5672664Z     ✔ works with other filterables
2025-10-10T16:30:07.5673013Z 
2025-10-10T16:30:07.5673150Z   path
2025-10-10T16:30:07.5676714Z     ✔ takes a path and an object and returns the value at the path or undefined
2025-10-10T16:30:07.5678131Z     ✔ takes a path that contains indices into arrays
2025-10-10T16:30:07.5679754Z     ✔ takes a path that contains negative indices into arrays
2025-10-10T16:30:07.5681205Z     ✔ gets a deep property's value from objects
2025-10-10T16:30:07.5682673Z     ✔ returns undefined for items not found
2025-10-10T16:30:07.5684113Z     ✔ works with falsy items
2025-10-10T16:30:07.5687952Z 
2025-10-10T16:30:07.5688850Z   pathEq
2025-10-10T16:30:07.5691353Z     ✔ returns true if the path matches the value
2025-10-10T16:30:07.5693708Z     ✔ returns false for non matches
2025-10-10T16:30:07.5694145Z     ✔ returns false for non existing values
2025-10-10T16:30:07.5694444Z     ✔ accepts empty path
2025-10-10T16:30:07.5694689Z     ✔ has R.equals semantics
2025-10-10T16:30:07.5694839Z 
2025-10-10T16:30:07.5694906Z   pathOr
2025-10-10T16:30:07.5696752Z     ✔ takes a path and an object and returns the value at the path or the default value
2025-10-10T16:30:07.5697507Z     ✔ gets a deep property's value from objects
2025-10-10T16:30:07.5698905Z     ✔ returns the default value for items not found
2025-10-10T16:30:07.5700085Z     ✔ returns the default value for null/undefined
2025-10-10T16:30:07.5701137Z     ✔ works with falsy items
2025-10-10T16:30:07.5701448Z 
2025-10-10T16:30:07.5702155Z   pathSatisfies
2025-10-10T16:30:07.5703981Z     ✔ returns true if the specified object path satisfies the given predicate
2025-10-10T16:30:07.5705237Z     ✔ returns false if the specified path does not exist
2025-10-10T16:30:07.5706468Z     ✔ handles empty paths by applying pred to data: positive
2025-10-10T16:30:07.5708450Z     ✔ handles empty paths by applying pred to data: negative
2025-10-10T16:30:07.5709600Z     ✔ returns false otherwise
2025-10-10T16:30:07.5710099Z 
2025-10-10T16:30:07.5710231Z   paths
2025-10-10T16:30:07.5712950Z     ✔ takes paths and returns values at those paths
2025-10-10T16:30:07.5714909Z     ✔ takes a paths that contains indices into arrays
2025-10-10T16:30:07.5716608Z     ✔ takes a path that contains negative indices into arrays
2025-10-10T16:30:07.5718190Z     ✔ gets a deep property's value from objects
2025-10-10T16:30:07.5719904Z     ✔ returns undefined for items not found
2025-10-10T16:30:07.5720277Z 
2025-10-10T16:30:07.5720948Z   pick
2025-10-10T16:30:07.5722945Z     ✔ copies the named properties of an object to the new object
2025-10-10T16:30:07.5724325Z     ✔ handles numbers as properties
2025-10-10T16:30:07.5725701Z     ✔ ignores properties not included
2025-10-10T16:30:07.5728013Z     ✔ retrieves prototype properties
2025-10-10T16:30:07.5728338Z 
2025-10-10T16:30:07.5733442Z   pickAll
2025-10-10T16:30:07.5734067Z     ✔ copies the named properties of an object to the new object
2025-10-10T16:30:07.5734851Z     ✔ includes properties not present on the input object
2025-10-10T16:30:07.5735245Z 
2025-10-10T16:30:07.5735369Z   pickBy
2025-10-10T16:30:07.5735813Z     ✔ creates a copy of the object
2025-10-10T16:30:07.5736431Z     ✔ when returning truthy, keeps the key
2025-10-10T16:30:07.5737405Z     ✔ when returning falsy, keeps the key
2025-10-10T16:30:07.5741029Z     ✔ is called with (val,key,obj)
2025-10-10T16:30:07.5742388Z     ✔ retrieves prototype properties
2025-10-10T16:30:07.5743335Z 
2025-10-10T16:30:07.5743469Z   pipe
2025-10-10T16:30:07.5745655Z     ✔ is a variadic function
2025-10-10T16:30:07.5747241Z     ✔ performs left-to-right function composition
2025-10-10T16:30:07.5749347Z     ✔ passes context to functions
2025-10-10T16:30:07.5751236Z     ✔ throws if given no arguments
2025-10-10T16:30:07.5753382Z     ✔ can be applied to one argument
2025-10-10T16:30:07.5753682Z 
2025-10-10T16:30:07.5753797Z   pipeWith
2025-10-10T16:30:07.5754837Z     ✔ performs left-to-right function composition with function applying
2025-10-10T16:30:07.5755723Z     ✔ performs left-to-right function while not nil result
2025-10-10T16:30:07.5760762Z     ✔ performs left-to-right function using promise chaining
2025-10-10T16:30:07.5761239Z 
2025-10-10T16:30:07.5761363Z   pluck
2025-10-10T16:30:07.5763521Z     ✔ returns a function that maps the appropriate property over an array
2025-10-10T16:30:07.5765903Z     ✔ behaves as a transducer when given a transducer in list position
2025-10-10T16:30:07.5766358Z 
2025-10-10T16:30:07.5766734Z   prepend
2025-10-10T16:30:07.5768183Z     ✔ adds the element to the beginning of the list
2025-10-10T16:30:07.5770045Z     ✔ works on empty list
2025-10-10T16:30:07.5770440Z 
2025-10-10T16:30:07.5770593Z   product
2025-10-10T16:30:07.5772372Z     ✔ multiplies together the array of numbers supplied
2025-10-10T16:30:07.5772740Z 
2025-10-10T16:30:07.5772857Z   project
2025-10-10T16:30:07.5774225Z     ✔ selects the chosen properties from each element in a list
2025-10-10T16:30:07.5776516Z     ✔ has an undefined property on the output tuple for any input tuple that does not have the property
2025-10-10T16:30:07.5777131Z 
2025-10-10T16:30:07.5777244Z   promap
2025-10-10T16:30:07.5779831Z     ✔ dispatches to pronfuctor["fantasy-land/promap"]() if present
2025-10-10T16:30:07.5781691Z     ✔ dispatches to pronfuctor.promap() if present
2025-10-10T16:30:07.5782960Z     ✔ composes two functions, f and g, before and after the final function respectively
2025-10-10T16:30:07.5783681Z 
2025-10-10T16:30:07.5783811Z   prop
2025-10-10T16:30:07.5784764Z     ✔ returns a function that fetches the appropriate property
2025-10-10T16:30:07.5785553Z     ✔ handles number as property
2025-10-10T16:30:07.5787574Z     ✔ shows the same behaviour as path for a nonexistent property
2025-10-10T16:30:07.5788688Z     ✔ shows the same behaviour as path for an undefined property
2025-10-10T16:30:07.5789448Z     ✔ shows the same behaviour as path for a null property
2025-10-10T16:30:07.5790180Z     ✔ shows the same behaviour as path for a valid property and object
2025-10-10T16:30:07.5790931Z     ✔ shows the same behaviour as path for a null object
2025-10-10T16:30:07.5791765Z     ✔ shows the same behaviour as path for an undefined object
2025-10-10T16:30:07.5835375Z     ✔ returns that value associated to a property given valid one
2025-10-10T16:30:07.5949296Z     ✔ shows the same behaviour as path on any object
2025-10-10T16:30:07.5973970Z     ✔ shows the same behaviour as path on any value
2025-10-10T16:30:07.5974429Z 
2025-10-10T16:30:07.5974864Z   propEq
2025-10-10T16:30:07.5977003Z     ✔ determines whether a particular property matches a given value for a specific object
2025-10-10T16:30:07.5978818Z     ✔ handles number as property
2025-10-10T16:30:07.5980751Z     ✔ has R.equals semantics
2025-10-10T16:30:07.5983003Z     ✔ returns false if called with a null or undefined object
2025-10-10T16:30:07.5983325Z 
2025-10-10T16:30:07.5983438Z   propIs
2025-10-10T16:30:07.5984396Z     ✔ returns true if the specified object property is of the given type
2025-10-10T16:30:07.5985725Z     ✔ returns false otherwise
2025-10-10T16:30:07.5987275Z     ✔ handles number as property
2025-10-10T16:30:07.5988239Z 
2025-10-10T16:30:07.5988430Z   propOr
2025-10-10T16:30:07.5990216Z     ✔ returns a function that fetches the appropriate property
2025-10-10T16:30:07.5991526Z     ✔ returns the default value when the property does not exist
2025-10-10T16:30:07.5992889Z     ✔ returns the default value when the object is nil
2025-10-10T16:30:07.5995083Z     ✔ uses the default when supplied an object with a nil value
2025-10-10T16:30:07.5996018Z     ✔ handles number as property
2025-10-10T16:30:07.5998178Z     ✔ shows the same behaviour as pathOr for a nonexistent property
2025-10-10T16:30:07.5999950Z     ✔ shows the same behaviour as pathOr for an undefined property
2025-10-10T16:30:07.6000776Z     ✔ shows the same behaviour as pathOr for a null property
2025-10-10T16:30:07.6002589Z     ✔ shows the same behaviour as pathOr for a valid property and object
2025-10-10T16:30:07.6004002Z     ✔ shows the same behaviour as pathOr for a null object
2025-10-10T16:30:07.6004915Z     ✔ shows the same behaviour as pathOr for an undefined object
2025-10-10T16:30:07.6005384Z 
2025-10-10T16:30:07.6005523Z   propSatisfies
2025-10-10T16:30:07.6007858Z     ✔ returns true if the specified object property satisfies the given predicate
2025-10-10T16:30:07.6009557Z     ✔ returns false otherwise
2025-10-10T16:30:07.6011091Z     ✔ returns false if given a null or undefined object
2025-10-10T16:30:07.6011447Z 
2025-10-10T16:30:07.6012112Z   props
2025-10-10T16:30:07.6012757Z     ✔ returns empty array if no properties requested
2025-10-10T16:30:07.6014740Z     ✔ returns values for requested properties
2025-10-10T16:30:07.6015971Z     ✔ preserves order
2025-10-10T16:30:07.6017250Z     ✔ returns undefined for nonexistent properties
2025-10-10T16:30:07.6017900Z 
2025-10-10T16:30:07.6018205Z   range
2025-10-10T16:30:07.6020827Z     ✔ returns list of numbers
2025-10-10T16:30:07.6021984Z     ✔ returns the empty list if the first parameter is not larger than the second
2025-10-10T16:30:07.6023569Z     ✔ returns an empty array if from > to
2025-10-10T16:30:07.6024033Z 
2025-10-10T16:30:07.6024535Z   rebuild
2025-10-10T16:30:07.6026593Z     ✔ changes keys and values
2025-10-10T16:30:07.6029061Z     ✔ can skip particular entries
2025-10-10T16:30:07.6031537Z     ✔ can include multiple entries for a single input
2025-10-10T16:30:07.6031896Z 
2025-10-10T16:30:07.6032653Z   reduce
2025-10-10T16:30:07.6033691Z     ✔ folds simple functions over arrays with the supplied accumulator
2025-10-10T16:30:07.6035299Z     ✔ dispatches to objects that implement `reduce`
2025-10-10T16:30:07.6036493Z     ✔ returns the accumulator for an empty array
2025-10-10T16:30:07.6038388Z     ✔ returns the accumulator for an null/undefined list
2025-10-10T16:30:07.6042316Z     ✔ Prefers the use of the iterator of an object over reduce (and handles short-circuits)
2025-10-10T16:30:07.6043835Z     ✔ short circuits with reduced
2025-10-10T16:30:07.6044137Z 
2025-10-10T16:30:07.6045230Z   reduceBy
2025-10-10T16:30:07.6049323Z     ✔ splits the list into groups according to the grouping function
2025-10-10T16:30:07.6050494Z     ✔ splits the list into mutation-free groups
2025-10-10T16:30:07.6051788Z     ✔ returns an empty object if given an empty array
2025-10-10T16:30:07.6055312Z     ✔ can act as a transducer
2025-10-10T16:30:07.6058005Z     ✔ short circuits with reduced
2025-10-10T16:30:07.6058375Z 
2025-10-10T16:30:07.6058826Z   reduceRight
2025-10-10T16:30:07.6061476Z     ✔ folds lists in the right order
2025-10-10T16:30:07.6063584Z     ✔ folds subtract over arrays in the right order
2025-10-10T16:30:07.6064850Z     ✔ folds simple functions over arrays with the supplied accumulator
2025-10-10T16:30:07.6065896Z     ✔ returns the accumulator for an empty array
2025-10-10T16:30:07.6067485Z     ✔ short circuits with reduced
2025-10-10T16:30:07.6067926Z 
2025-10-10T16:30:07.6089187Z   reduceWhile
2025-10-10T16:30:07.6089686Z     ✔ reduces until its predicate fails
2025-10-10T16:30:07.6090314Z     ✔ returns its accumulator when given an empty array
2025-10-10T16:30:07.6090838Z     ✔ short circuits with reduced
2025-10-10T16:30:07.6091096Z 
2025-10-10T16:30:07.6091199Z   reduced
2025-10-10T16:30:07.6091504Z     ✔ wraps a value
2025-10-10T16:30:07.6091876Z     ✔ flags value as reduced
2025-10-10T16:30:07.6092281Z     ✔ short-circuits reduce
2025-10-10T16:30:07.6092528Z 
2025-10-10T16:30:07.6092648Z   reject
2025-10-10T16:30:07.6093113Z     ✔ reduces an array to those not matching a filter
2025-10-10T16:30:07.6093695Z     ✔ returns an empty array if no element matches
2025-10-10T16:30:07.6094314Z     ✔ returns an empty array if asked to filter an empty array
2025-10-10T16:30:07.6095177Z     ✔ filters objects
2025-10-10T16:30:07.6095632Z     ✔ dispatches to `filter` method
2025-10-10T16:30:07.6096100Z     ✔ can act as a transducer
2025-10-10T16:30:07.6096346Z 
2025-10-10T16:30:07.6096449Z   remove
2025-10-10T16:30:07.6096825Z     ✔ splices out a sub-list of the given list
2025-10-10T16:30:07.6097461Z     ✔ returns the appropriate sublist when start == 0
2025-10-10T16:30:07.6098278Z     ✔ removes the end of the list if the count is too large
2025-10-10T16:30:07.6098907Z     ✔ retains the entire list if the start is too large
2025-10-10T16:30:07.6099243Z 
2025-10-10T16:30:07.6099721Z   renameKeys
2025-10-10T16:30:07.6100725Z     ✔ converts found keys to new ones
2025-10-10T16:30:07.6102604Z     ✔ ignores keys not found in the mapping
2025-10-10T16:30:07.6102926Z 
2025-10-10T16:30:07.6103036Z   repeat
2025-10-10T16:30:07.6109208Z     ✔ returns a lazy list of identical values
2025-10-10T16:30:07.6109746Z     ✔ can accept any value, including `null`
2025-10-10T16:30:07.6110007Z 
2025-10-10T16:30:07.6110103Z   replace
2025-10-10T16:30:07.6110394Z     ✔ replaces substrings of the input string
2025-10-10T16:30:07.6111437Z     ✔ replaces regex matches of the input string
2025-10-10T16:30:07.6111794Z 
2025-10-10T16:30:07.6111908Z   reverse
2025-10-10T16:30:07.6114054Z     ✔ reverses arrays
2025-10-10T16:30:07.6317829Z     ✔ reverses twice an array should be the array itself
2025-10-10T16:30:07.6318493Z     ✔ reverses strings
2025-10-10T16:30:07.6335033Z     ✔ reverses twice a string should be the string itself
2025-10-10T16:30:07.6335455Z 
2025-10-10T16:30:07.6335573Z   scan
2025-10-10T16:30:07.6337049Z     ✔ scans simple functions over arrays with the supplied accumulator
2025-10-10T16:30:07.6340331Z     ✔ returns the accumulator for an empty array
2025-10-10T16:30:07.6343590Z     ✔ works with transducers
2025-10-10T16:30:07.6345197Z     ✔ composes with other transducers
2025-10-10T16:30:07.6350462Z     ✔ works lazily: taking 3 elements must call reducer twice
2025-10-10T16:30:07.6353008Z     ✔ works lazily: taking 0 elements must call reducer 0 times
2025-10-10T16:30:07.6354167Z 
2025-10-10T16:30:07.6354358Z   sequence
2025-10-10T16:30:07.6359116Z     ✔ operates on a list of lists
2025-10-10T16:30:07.6383445Z     ✔ operates on a list of applicatives
2025-10-10T16:30:07.6479817Z     ✔ traverses left to right
2025-10-10T16:30:07.6484079Z     ✔ dispatches to `traverse` method
2025-10-10T16:30:07.6523569Z     ✔ swaps types in a Maybe of Either
2025-10-10T16:30:07.6524870Z 
2025-10-10T16:30:07.6525247Z   slice
2025-10-10T16:30:07.6526095Z     ✔ retrieves the proper sublist of a list
2025-10-10T16:30:07.6527546Z     ✔ handles array-like object
2025-10-10T16:30:07.6529016Z     ✔ can operate on strings
2025-10-10T16:30:07.6530127Z 
2025-10-10T16:30:07.6531589Z   sort
2025-10-10T16:30:07.6533046Z     ✔ sorts the elements of a list
2025-10-10T16:30:07.6534847Z     ✔ does not affect the list passed supplied
2025-10-10T16:30:07.6535365Z 
2025-10-10T16:30:07.6535667Z   sortBy
2025-10-10T16:30:07.6540003Z     ✔ sorts by a simple property of the objects
2025-10-10T16:30:07.6541705Z     ✔ preserves object identity
2025-10-10T16:30:07.6542541Z     ✔ sorts array-like object
2025-10-10T16:30:07.6543089Z 
2025-10-10T16:30:07.6543346Z   sortWith
2025-10-10T16:30:07.6546312Z     ✔ sorts by a simple property of the objects
2025-10-10T16:30:07.6547261Z     ✔ sorts by multiple properties of the objects
2025-10-10T16:30:07.6549016Z     ✔ sorts by 3 properties of the objects
2025-10-10T16:30:07.6551508Z     ✔ sorts by multiple properties using ascend and descend
2025-10-10T16:30:07.6553351Z     ✔ preserves object identity
2025-10-10T16:30:07.6553879Z     ✔ sorts array-like object
2025-10-10T16:30:07.6555610Z 
2025-10-10T16:30:07.6555903Z   split
2025-10-10T16:30:07.6557560Z     ✔ splits a string into an array
2025-10-10T16:30:07.6559855Z     ✔ the split string can be arbitrary
2025-10-10T16:30:07.6560413Z 
2025-10-10T16:30:07.6560739Z   splitAt
2025-10-10T16:30:07.6562754Z     ✔ splits an array at a given index
2025-10-10T16:30:07.6565356Z     ✔ splits a string at a given index
2025-10-10T16:30:07.6567004Z     ✔ can handle index greater than array length
2025-10-10T16:30:07.6570121Z     ✔ can support negative index
2025-10-10T16:30:07.6570636Z 
2025-10-10T16:30:07.6571128Z   splitEvery
2025-10-10T16:30:07.6573999Z     ✔ splits a collection into slices of the specified length
2025-10-10T16:30:07.6578061Z     ✔ throws if first argument is not positive
2025-10-10T16:30:07.6578397Z 
2025-10-10T16:30:07.6578656Z   splitWhen
2025-10-10T16:30:07.6581031Z     ✔ splits an array at the first instance to satisfy the predicate
2025-10-10T16:30:07.6582201Z     ✔ retains all original elements
2025-10-10T16:30:07.6584243Z     ✔ only splits once
2025-10-10T16:30:07.6584468Z 
2025-10-10T16:30:07.6584623Z   splitWhenever
2025-10-10T16:30:07.6589593Z     ✔ Splits an array into slices, whenever the predicate returns true
2025-10-10T16:30:07.6590322Z 
2025-10-10T16:30:07.6590731Z   startsWith
2025-10-10T16:30:07.6591710Z     ✔ should return true when a string starts with the provided value
2025-10-10T16:30:07.6593257Z     ✔ should return true when a long string starts with the provided value
2025-10-10T16:30:07.6594548Z     ✔ should return false when a string does not start with the provided value
2025-10-10T16:30:07.6595858Z     ✔ should return false when a long string does not start with the provided value
2025-10-10T16:30:07.6597191Z     ✔ should return true when an array starts with the provided value
2025-10-10T16:30:07.6598393Z     ✔ should return true when an array starts with the provided values
2025-10-10T16:30:07.6599920Z     ✔ should return false when an array does not start with the provided value
2025-10-10T16:30:07.6603409Z     ✔ should return false when an array does not start with the provided values
2025-10-10T16:30:07.6603951Z 
2025-10-10T16:30:07.6604077Z   subtract
2025-10-10T16:30:07.6605110Z     ✔ subtracts two numbers
2025-10-10T16:30:07.6605951Z     ✔ coerces its arguments to numbers
2025-10-10T16:30:07.6606285Z 
2025-10-10T16:30:07.6606404Z   sum
2025-10-10T16:30:07.6607527Z     ✔ adds together the array of numbers supplied
2025-10-10T16:30:07.6610420Z     ✔ does not save the state of the accumulator
2025-10-10T16:30:07.6610934Z 
2025-10-10T16:30:07.6611051Z   swap
2025-10-10T16:30:07.6614224Z     ✔ swaps an element from one index to the other
2025-10-10T16:30:07.6616558Z     ✔ does nothing when indexes are outside the list boundaries
2025-10-10T16:30:07.6617320Z     ✔ does nothing when indexes are equal
2025-10-10T16:30:07.6619031Z     ✔ should be the same when swapping index order
2025-10-10T16:30:07.6622003Z     ✔ works with lists of arrays
2025-10-10T16:30:07.6624444Z     ✔ swaps property values from one property to another
2025-10-10T16:30:07.6626141Z     ✔ does nothing when property names are not defined
2025-10-10T16:30:07.6628036Z     ✔ swaps characters in string from one index to another
2025-10-10T16:30:07.6628594Z 
2025-10-10T16:30:07.6628945Z   symmetricDifference
2025-10-10T16:30:07.6630995Z     ✔ finds the set of all elements in the first or second list but not both
2025-10-10T16:30:07.6632509Z     ✔ does not allow duplicates in the output even if the input lists had duplicates
2025-10-10T16:30:07.6634275Z     ✔ has R.equals semantics
2025-10-10T16:30:07.6635943Z     ✔ works for arrays of different lengths
2025-10-10T16:30:07.6637221Z     ✔ will not create a "sparse" array
2025-10-10T16:30:07.6638870Z     ✔ returns an empty array if there are no different elements
2025-10-10T16:30:07.6708354Z     ✔ returns empty arrays when receiving twice the same array
2025-10-10T16:30:07.6785012Z     ✔ returns empty arrays when receiving an array and a permutation of it
2025-10-10T16:30:07.6844945Z     ✔ returns missing items when receiving an array and a permuted subset of it
2025-10-10T16:30:07.7037128Z     ✔ returns an array not containing too many items
2025-10-10T16:30:07.7291713Z     ✔ returns an array containing only items coming from one of the sources
2025-10-10T16:30:07.7293580Z 
2025-10-10T16:30:07.7294853Z   symmetricDifferenceWith
2025-10-10T16:30:07.7297216Z     ✔ combines two lists into the set of all elements unique to either list based on the passed-in equality predicate
2025-10-10T16:30:07.7299905Z     ✔ does not allow duplicates in the output even if the input lists had duplicates
2025-10-10T16:30:07.7301732Z     ✔ does not return a "sparse" array
2025-10-10T16:30:07.7303164Z 
2025-10-10T16:30:07.7304352Z   tail
2025-10-10T16:30:07.7305845Z     ✔ returns the tail of an ordered collection
2025-10-10T16:30:07.7308029Z     ✔ throws if applied to null or undefined
2025-10-10T16:30:07.7309619Z 
2025-10-10T16:30:07.7310127Z   take
2025-10-10T16:30:07.7310693Z     ✔ takes only the first `n` elements from a list
2025-10-10T16:30:07.7311366Z     ✔ returns only as many as the array can provide
2025-10-10T16:30:07.7313251Z     ✔ returns an equivalent list if `n` is < 0
2025-10-10T16:30:07.7314682Z     ✔ never returns the input array
2025-10-10T16:30:07.7315206Z     ✔ can operate on strings
2025-10-10T16:30:07.7316343Z     ✔ handles zero correctly (#1224)
2025-10-10T16:30:07.7320166Z     ✔ steps correct number of times
2025-10-10T16:30:07.7323192Z     ✔ transducer called for every member of list if `n` is < 0
2025-10-10T16:30:07.7324627Z 
2025-10-10T16:30:07.7324764Z   takeLast
2025-10-10T16:30:07.7325324Z     ✔ takes only the last `n` elements from a list
2025-10-10T16:30:07.7327120Z     ✔ returns only as many as the array can provide
2025-10-10T16:30:07.7328419Z     ✔ returns an equivalent list if `n` is < 0
2025-10-10T16:30:07.7329879Z     ✔ never returns the input array
2025-10-10T16:30:07.7331079Z     ✔ can operate on strings
2025-10-10T16:30:07.7332236Z     ✔ handles zero correctly (#1224)
2025-10-10T16:30:07.7332599Z 
2025-10-10T16:30:07.7333124Z   takeLastWhile
2025-10-10T16:30:07.7335185Z     ✔ continues taking elements while the function reports `true`
2025-10-10T16:30:07.7336865Z     ✔ starts at the right arg and acknowledges undefined
2025-10-10T16:30:07.7338276Z     ✔ can operate on strings
2025-10-10T16:30:07.7338842Z 
2025-10-10T16:30:07.7339011Z   takeWhile
2025-10-10T16:30:07.7341022Z     ✔ continues taking elements while the function reports `true`
2025-10-10T16:30:07.7344773Z     ✔ starts at the right arg and acknowledges undefined
2025-10-10T16:30:07.7345715Z     ✔ can operate on strings
2025-10-10T16:30:07.7348464Z     ✔ can act as a transducer
2025-10-10T16:30:07.7349131Z 
2025-10-10T16:30:07.7349438Z   tap
2025-10-10T16:30:07.7350611Z     ✔ returns a function that always returns its argument
2025-10-10T16:30:07.7352269Z     ✔ may take a function as the first argument that executes with tap's argument
2025-10-10T16:30:07.7354893Z     ✔ can act as a transducer
2025-10-10T16:30:07.7357952Z     ✔ dispatches to transformer objects
2025-10-10T16:30:07.7358278Z 
2025-10-10T16:30:07.7358391Z   test
2025-10-10T16:30:07.7361057Z     ✔ returns true if string matches dotAll pattern
2025-10-10T16:30:07.7361767Z     ✔ returns true if string matches pattern
2025-10-10T16:30:07.7363442Z     ✔ returns false if string does not match pattern
2025-10-10T16:30:07.7364808Z     ✔ is referentially transparent
2025-10-10T16:30:07.7368290Z     ✔ throws if first argument is not a regexp
2025-10-10T16:30:07.7368778Z 
2025-10-10T16:30:07.7369191Z   thunkify
2025-10-10T16:30:07.7369790Z     ✔ returns a function with the same arity as the given function
2025-10-10T16:30:07.7371099Z     ✔ returns a function that expects arguments and returns a new invoker function
2025-10-10T16:30:07.7372691Z     ✔ calls the original function with the provided arguments when all were supplied
2025-10-10T16:30:07.7373222Z 
2025-10-10T16:30:07.7375049Z   times
2025-10-10T16:30:07.7375465Z     ✔ takes a map func
2025-10-10T16:30:07.7378513Z     ✔ throws if second argument is not a valid array length
2025-10-10T16:30:07.7378969Z 
2025-10-10T16:30:07.7389551Z   toLower
2025-10-10T16:30:07.7393892Z     ✔ returns the lower-case equivalent of the input string
2025-10-10T16:30:07.7395339Z 
2025-10-10T16:30:07.7395609Z   toPairs
2025-10-10T16:30:07.7396419Z     ✔ converts an object into an array of two-element [key, value] arrays
2025-10-10T16:30:07.7398187Z     ✔ only iterates the object's own properties
2025-10-10T16:30:07.7400032Z 
2025-10-10T16:30:07.7400428Z   toPairsIn
2025-10-10T16:30:07.7401092Z     ✔ converts an object into an array of two-element [key, value] arrays
2025-10-10T16:30:07.7401974Z     ✔ iterates properties on the object's prototype chain
2025-10-10T16:30:07.7402362Z 
2025-10-10T16:30:07.7402493Z   toString
2025-10-10T16:30:07.7402952Z     ✔ returns the string representation of null
2025-10-10T16:30:07.7403604Z     ✔ returns the string representation of undefined
2025-10-10T16:30:07.7404297Z     ✔ returns the string representation of a Boolean primitive
2025-10-10T16:30:07.7405089Z     ✔ returns the string representation of a number primitive
2025-10-10T16:30:07.7406090Z     ✔ returns the string representation of a string primitive
2025-10-10T16:30:07.7406866Z     ✔ returns the string representation of a Boolean object
2025-10-10T16:30:07.7407825Z     ✔ returns the string representation of a Map object
2025-10-10T16:30:07.7408538Z     ✔ returns the string representation of a Number object
2025-10-10T16:30:07.7409241Z     ✔ returns the string representation of a Set object
2025-10-10T16:30:07.7409944Z     ✔ returns the string representation of a String object
2025-10-10T16:30:07.7410630Z     ✔ returns the string representation of a Date object
2025-10-10T16:30:07.7411343Z     ✔ returns the string representation of a RegExp object
2025-10-10T16:30:07.7412048Z     ✔ returns the string representation of a function
2025-10-10T16:30:07.7412737Z     ✔ returns the string representation of an array
2025-10-10T16:30:07.7413617Z     ✔ returns the string representation of an array with non-numeric property names
2025-10-10T16:30:07.7414503Z     ✔ returns the string representation of an arguments object
2025-10-10T16:30:07.7416078Z     ✔ returns the string representation of a plain object
2025-10-10T16:30:07.7417392Z     ✔ treats instance without custom `toString` method as plain object
2025-10-10T16:30:07.7429438Z     ✔ dispatches to custom `toString` method
2025-10-10T16:30:07.7431091Z     ✔ handles object with no `toString` method
2025-10-10T16:30:07.7431675Z     ✔ handles circular references
2025-10-10T16:30:07.7431956Z 
2025-10-10T16:30:07.7432085Z   toUpper
2025-10-10T16:30:07.7432603Z     ✔ returns the upper-case equivalent of the input string
2025-10-10T16:30:07.7433002Z 
2025-10-10T16:30:07.7433133Z   transduce
2025-10-10T16:30:07.7434368Z     ✔ transduces into arrays
2025-10-10T16:30:07.7438073Z     ✔ transduces into strings
2025-10-10T16:30:07.7438889Z     ✔ transduces into objects
2025-10-10T16:30:07.7442531Z     ✔ folds transformer objects over a collection with the supplied accumulator
2025-10-10T16:30:07.7443660Z     ✔ dispatches to objects that implement `reduce`
2025-10-10T16:30:07.7445744Z     ✔ returns the accumulator for an empty collection
2025-10-10T16:30:07.7448015Z     ✔ short circuits with reduced
2025-10-10T16:30:07.7458103Z 
2025-10-10T16:30:07.7459607Z   transpose
2025-10-10T16:30:07.7460523Z     ✔ returns an array of two arrays
2025-10-10T16:30:07.7461027Z     ✔ skips elements when rows are shorter
2025-10-10T16:30:07.7461333Z     ✔ copes with empty arrays
2025-10-10T16:30:07.7461691Z     ✔ copes with true, false, null & undefined elements of arrays
2025-10-10T16:30:07.7461936Z 
2025-10-10T16:30:07.7462002Z   traverse
2025-10-10T16:30:07.7465689Z     ✔ operates on a list of lists
2025-10-10T16:30:07.7492609Z     ✔ operates on a list of applicatives
2025-10-10T16:30:07.7517050Z     ✔ operates on a list of FL-applicatives
2025-10-10T16:30:07.7567377Z     ✔ traverses left to right
2025-10-10T16:30:07.7579439Z     ✔ dispatches to `traverse` method
2025-10-10T16:30:07.7580689Z     ✔ dispatches to `fantasy-land/traverse` method
2025-10-10T16:30:07.7581927Z     ✔ dispatches to `fantasy-land/traverse` method when it and `traverse` exist
2025-10-10T16:30:07.7584223Z     ✔ dispatches to `traverse` when it exists and `fantasy-land/traverse` is not a function
2025-10-10T16:30:07.7628903Z     ✔ operates on a FL-compliant Maybe of Either
2025-10-10T16:30:07.7674507Z     ✔ works for the example in the docs
2025-10-10T16:30:07.7677064Z 
2025-10-10T16:30:07.7677470Z   trim
2025-10-10T16:30:07.7679264Z     ✔ trims a string
2025-10-10T16:30:07.7680158Z     ✔ trims all ES5 whitespace
2025-10-10T16:30:07.7681222Z     ✔ does not trim the zero-width space
2025-10-10T16:30:07.7681766Z 
2025-10-10T16:30:07.7682059Z   tryCatch
2025-10-10T16:30:07.7684532Z     ✔ takes two functions and return a function
2025-10-10T16:30:07.7685230Z     ✔ returns a function with the same arity as the `tryer` function
2025-10-10T16:30:07.7686024Z     ✔ returns the value of the first function if it does not throw
2025-10-10T16:30:07.7686821Z     ✔ returns the value of the second function if the first function throws
2025-10-10T16:30:07.7688007Z     ✔ the second function gets passed the error object and the same arguments as the first function
2025-10-10T16:30:07.7689831Z 
2025-10-10T16:30:07.7690701Z   type
2025-10-10T16:30:07.7691338Z     ✔ "Array" if given an array literal
2025-10-10T16:30:07.7691829Z     ✔ "Object" if given an object literal
2025-10-10T16:30:07.7692309Z     ✔ "RegExp" if given a RegExp literal
2025-10-10T16:30:07.7694662Z     ✔ "Number" if given a numeric value
2025-10-10T16:30:07.7696303Z     ✔ "Number" if given the NaN value
2025-10-10T16:30:07.7697100Z     ✔ "String" if given a String literal
2025-10-10T16:30:07.7698363Z     ✔ "String" if given a String object
2025-10-10T16:30:07.7700483Z     ✔ "Null" if given the null value
2025-10-10T16:30:07.7701040Z     ✔ "Undefined" if given the undefined value
2025-10-10T16:30:07.7701383Z 
2025-10-10T16:30:07.7701499Z   unapply
2025-10-10T16:30:07.7702507Z     ✔ returns a function which is always passed one argument
2025-10-10T16:30:07.7703906Z     ✔ forwards arguments to decorated function as an array
2025-10-10T16:30:07.7705325Z     ✔ returns a function with length 0
2025-10-10T16:30:07.7716726Z     ✔ is the inverse of R.apply
2025-10-10T16:30:07.7717519Z 
2025-10-10T16:30:07.7717832Z   unary
2025-10-10T16:30:07.7718544Z     ✔ turns multiple-argument function into unary one
2025-10-10T16:30:07.7720978Z     ✔ initial argument is passed through normally
2025-10-10T16:30:07.7721315Z 
2025-10-10T16:30:07.7721420Z   uncurryN
2025-10-10T16:30:07.7723156Z     ✔ accepts an arity
2025-10-10T16:30:07.7724078Z     ✔ returns a function of the specified arity
2025-10-10T16:30:07.7726265Z     ✔ forwards extra arguments
2025-10-10T16:30:07.7727786Z     ✔ works with ordinary uncurried functions
2025-10-10T16:30:07.7729053Z     ✔ works with ramda-curried functions
2025-10-10T16:30:07.7733070Z     ✔ returns a function that supports R.__ placeholder
2025-10-10T16:30:07.7733441Z 
2025-10-10T16:30:07.7733552Z   unfold
2025-10-10T16:30:07.7735306Z     ✔ unfolds simple functions with a starting point to create a list
2025-10-10T16:30:07.7737486Z     ✔ is cool!
2025-10-10T16:30:07.7738719Z 
2025-10-10T16:30:07.7738856Z   union
2025-10-10T16:30:07.7742379Z     ✔ combines two lists into the set of all their elements
2025-10-10T16:30:07.7743363Z     ✔ has R.equals semantics
2025-10-10T16:30:07.7743614Z 
2025-10-10T16:30:07.7743721Z   unionWith
2025-10-10T16:30:07.7745754Z     ✔ combines two lists into the set of all their elements based on the passed-in equality predicate
2025-10-10T16:30:07.7746354Z 
2025-10-10T16:30:07.7746493Z   uniq
2025-10-10T16:30:07.7748131Z     ✔ returns a set from any array (i.e. purges duplicate elements)
2025-10-10T16:30:07.7749441Z     ✔ keeps elements from the left
2025-10-10T16:30:07.7750020Z     ✔ returns an empty array for an empty array
2025-10-10T16:30:07.7752150Z     ✔ has R.equals semantics
2025-10-10T16:30:07.7753231Z     ✔ handles null and undefined elements
2025-10-10T16:30:07.7754444Z     ✔ uses reference equality for functions
2025-10-10T16:30:07.7754784Z 
2025-10-10T16:30:07.7754969Z   uniqBy
2025-10-10T16:30:07.7756744Z     ✔ returns a set from any array based on predicate
2025-10-10T16:30:07.7758308Z     ✔ keeps elements from the left
2025-10-10T16:30:07.7758914Z     ✔ returns an empty array for an empty array
2025-10-10T16:30:07.7760502Z     ✔ has R.equals semantics
2025-10-10T16:30:07.7762876Z     ✔ can act as a transducer
2025-10-10T16:30:07.7763171Z 
2025-10-10T16:30:07.7763606Z   uniqWith
2025-10-10T16:30:07.7767278Z     ✔ returns a set from any array (i.e. purges duplicate elements) based on predicate
2025-10-10T16:30:07.7768976Z     ✔ keeps elements from the left
2025-10-10T16:30:07.7769834Z     ✔ returns an empty array for an empty array
2025-10-10T16:30:07.7772758Z     ✔ can act as a transducer
2025-10-10T16:30:07.7773706Z 
2025-10-10T16:30:07.7773969Z   unless
2025-10-10T16:30:07.7775120Z     ✔ calls the whenFalse function if the validator returns a falsy value
2025-10-10T16:30:07.7776815Z     ✔ returns the argument unmodified if the validator returns a truthy value
2025-10-10T16:30:07.7778913Z     ✔ returns a curried function
2025-10-10T16:30:07.7779187Z 
2025-10-10T16:30:07.7779302Z   unnest
2025-10-10T16:30:07.7782482Z     ✔ only flattens one layer deep of a nested list
2025-10-10T16:30:07.7783813Z     ✔ is not destructive
2025-10-10T16:30:07.7785326Z     ✔ handles array-like objects
2025-10-10T16:30:07.7786601Z     ✔ flattens an array of empty arrays
2025-10-10T16:30:07.7788002Z     ✔ is equivalent to R.chain(R.identity)
2025-10-10T16:30:07.7789396Z 
2025-10-10T16:30:07.7789816Z   until
2025-10-10T16:30:07.7829667Z     ✔ applies fn until pred is satisfied
2025-10-10T16:30:07.7831147Z     ✔ works with lists
2025-10-10T16:30:07.7831847Z     ✔ ignores fn if predicate is always true
2025-10-10T16:30:07.7832315Z 
2025-10-10T16:30:07.7833846Z   unwind
2025-10-10T16:30:07.7834721Z     ✔ returns list of destructed object if key is present as list in the object
2025-10-10T16:30:07.7836592Z     ✔ returns a list containing only the original object if the key is not present in the object
2025-10-10T16:30:07.7838763Z     ✔ returns a list containing only the original object if the value for that key is not iterable
2025-10-10T16:30:07.7839832Z     ✔ does not treat a String as a list
2025-10-10T16:30:07.7841473Z 
2025-10-10T16:30:07.7841757Z   update
2025-10-10T16:30:07.7842490Z     ✔ updates the value at the given index of the supplied array
2025-10-10T16:30:07.7844565Z     ✔ offsets negative indexes from the end of the array
2025-10-10T16:30:07.7848020Z     ✔ returns the original array if the supplied index is out of bounds
2025-10-10T16:30:07.7848777Z     ✔ does not mutate the original array
2025-10-10T16:30:07.7849306Z     ✔ curries the arguments
2025-10-10T16:30:07.7849783Z     ✔ accepts an array-like object
2025-10-10T16:30:07.7850112Z 
2025-10-10T16:30:07.7850229Z   useWith
2025-10-10T16:30:07.7850723Z     ✔ takes a list of function and returns a function
2025-10-10T16:30:07.7851436Z     ✔ passes the arguments received to their respective functions
2025-10-10T16:30:07.7852135Z     ✔ passes additional arguments to the main function
2025-10-10T16:30:07.7852730Z     ✔ has the correct arity
2025-10-10T16:30:07.7853215Z     ✔ passes context to its functions
2025-10-10T16:30:07.7853991Z 
2025-10-10T16:30:07.7854137Z   values
2025-10-10T16:30:07.7854628Z     ✔ returns an array of the given object's values
2025-10-10T16:30:07.7855352Z     ✔ does not include the given object's prototype properties
2025-10-10T16:30:07.7856005Z     ✔ returns an empty object for primitives
2025-10-10T16:30:07.7856338Z 
2025-10-10T16:30:07.7856465Z   valuesIn
2025-10-10T16:30:07.7856936Z     ✔ returns an array of the given object's values
2025-10-10T16:30:07.7857808Z     ✔ includes the given object's prototype properties
2025-10-10T16:30:07.7858409Z     ✔ works for primitives
2025-10-10T16:30:07.7858971Z 
2025-10-10T16:30:07.7859092Z   when
2025-10-10T16:30:07.7859723Z     ✔ calls the whenTrue function if the validator returns a truthy value
2025-10-10T16:30:07.7860587Z     ✔ returns the argument unmodified if the validator returns a falsy value
2025-10-10T16:30:07.7861325Z     ✔ returns a curried function
2025-10-10T16:30:07.7861598Z 
2025-10-10T16:30:07.7861725Z   where
2025-10-10T16:30:07.7866908Z     ✔ returns true if the test object satisfies the spec
2025-10-10T16:30:07.7881165Z     ✔ does not need the spec and the test object to have the same interface (the test object will have a superset of the specs properties)
2025-10-10T16:30:07.7883126Z     ✔ matches specs that have undefined properties
2025-10-10T16:30:07.7883974Z     ✔ is true for an empty spec
2025-10-10T16:30:07.7884585Z     ✔ matches inherited properties
2025-10-10T16:30:07.7885153Z     ✔ does not match inherited spec
2025-10-10T16:30:07.7885506Z 
2025-10-10T16:30:07.7885698Z   whereAny
2025-10-10T16:30:07.7886258Z     ✔ returns true if the test object satisfies the spec
2025-10-10T16:30:07.7887439Z     ✔ does not need the spec and the test object to have the same interface (the test object will have a superset of the specs properties)
2025-10-10T16:30:07.7888793Z     ✔ matches specs that have undefined properties
2025-10-10T16:30:07.7889484Z     ✔ is false for an empty spec
2025-10-10T16:30:07.7890100Z     ✔ matches inherited properties
2025-10-10T16:30:07.7890699Z     ✔ does not match inherited spec
2025-10-10T16:30:07.7899803Z 
2025-10-10T16:30:07.7900167Z   whereEq
2025-10-10T16:30:07.7900690Z     ✔ returns true if the test object satisfies the spec
2025-10-10T16:30:07.7901820Z     ✔ does not need the spec and the test object to have the same interface (the test object will have a superset of the specs properties)
2025-10-10T16:30:07.7902851Z     ✔ matches specs that have undefined properties
2025-10-10T16:30:07.7903382Z     ✔ is true for an empty spec
2025-10-10T16:30:07.7903880Z     ✔ reports true when the object equals the spec
2025-10-10T16:30:07.7904420Z     ✔ matches inherited props
2025-10-10T16:30:07.7904847Z     ✔ does not match inherited spec
2025-10-10T16:30:07.7905119Z 
2025-10-10T16:30:07.7905225Z   without
2025-10-10T16:30:07.7905715Z     ✔ returns an array not containing values in the first argument
2025-10-10T16:30:07.7906291Z     ✔ can act as a transducer
2025-10-10T16:30:07.7906718Z     ✔ has R.equals semantics
2025-10-10T16:30:07.7906985Z 
2025-10-10T16:30:07.7907084Z   xor
2025-10-10T16:30:07.7907455Z     ✔ compares two values with exclusive or
2025-10-10T16:30:07.7908223Z     ✔ when both values are truthy, it should return false
2025-10-10T16:30:07.7908855Z     ✔ when both values are falsy, it should return false
2025-10-10T16:30:07.7909619Z     ✔ when one argument is truthy and the other is falsy, it should return true
2025-10-10T16:30:07.7910271Z     ✔ returns a curried function
2025-10-10T16:30:07.7910520Z 
2025-10-10T16:30:07.7910633Z   xprod
2025-10-10T16:30:07.7911055Z     ✔ returns an empty list if either input list is empty
2025-10-10T16:30:07.7911803Z     ✔ creates the collection of all cross-product pairs of its parameters
2025-10-10T16:30:07.7912236Z 
2025-10-10T16:30:07.7912339Z   zip
2025-10-10T16:30:07.7912677Z     ✔ returns an array of "tuples"
2025-10-10T16:30:07.7913241Z     ✔ returns a list as long as the shorter of the lists input
2025-10-10T16:30:07.7913630Z 
2025-10-10T16:30:07.7913737Z   zipObj
2025-10-10T16:30:07.7921980Z     ✔ combines an array of keys with an array of values into a single object
2025-10-10T16:30:07.7922653Z     ✔ ignores extra values
2025-10-10T16:30:07.7923057Z     ✔ ignores extra keys
2025-10-10T16:30:07.7923525Z     ✔ last one in wins when there are duplicate keys
2025-10-10T16:30:07.7923865Z 
2025-10-10T16:30:07.7923976Z   zipWith
2025-10-10T16:30:07.7924677Z     ✔ returns an array created by applying its passed-in function pair-wise on its passed in arrays
2025-10-10T16:30:07.7925662Z     ✔ returns an array whose length is equal to the shorter of its input arrays
2025-10-10T16:30:07.7926322Z 
2025-10-10T16:30:07.7926329Z 
2025-10-10T16:30:07.7926468Z   1209 passing (868ms)
2025-10-10T16:30:07.7926675Z 
2025-10-10T16:30:07.8740909Z ##[group]Run npm run build
2025-10-10T16:30:07.8741177Z [36;1mnpm run build[0m
2025-10-10T16:30:07.8775074Z shell: /usr/bin/bash -e {0}
2025-10-10T16:30:07.8775302Z ##[endgroup]
2025-10-10T16:30:07.9888106Z 
2025-10-10T16:30:07.9888742Z > ramda@0.32.0 build
2025-10-10T16:30:07.9889221Z > npm-run-all --parallel build:**
2025-10-10T16:30:07.9889531Z 
2025-10-10T16:30:08.2061524Z 
2025-10-10T16:30:08.2062047Z > ramda@0.32.0 build:es
2025-10-10T16:30:08.2062957Z > cross-env BABEL_ENV=es babel source --out-dir es && node ./scripts/addModulePackageScope.js
2025-10-10T16:30:08.2063769Z 
2025-10-10T16:30:08.2074509Z 
2025-10-10T16:30:08.2074918Z > ramda@0.32.0 build:cjs
2025-10-10T16:30:08.2075622Z > cross-env BABEL_ENV=cjs babel source --out-dir src
2025-10-10T16:30:08.2076242Z 
2025-10-10T16:30:09.6681230Z Successfully compiled 369 files with Babel (1283ms).
2025-10-10T16:30:09.7059596Z Successfully compiled 369 files with Babel (1329ms).
2025-10-10T16:30:09.7423401Z Post job cleanup.
2025-10-10T16:30:09.8385473Z [command]/usr/bin/git version
2025-10-10T16:30:09.8422489Z git version 2.51.0
2025-10-10T16:30:09.8468991Z Temporarily overriding HOME='/home/runner/work/_temp/5a1bf67b-cdc9-48b0-ab7c-26a24c488e24' before making global git config changes
2025-10-10T16:30:09.8469776Z Adding repository directory to the temporary git global config as a safe directory
2025-10-10T16:30:09.8482410Z [command]/usr/bin/git config --global --add safe.directory /home/runner/work/ramda/ramda
2025-10-10T16:30:09.8517855Z [command]/usr/bin/git config --local --name-only --get-regexp core\.sshCommand
2025-10-10T16:30:09.8550804Z [command]/usr/bin/git submodule foreach --recursive sh -c "git config --local --name-only --get-regexp 'core\.sshCommand' && git config --local --unset-all 'core.sshCommand' || :"
2025-10-10T16:30:09.8783775Z [command]/usr/bin/git config --local --name-only --get-regexp http\.https\:\/\/github\.com\/\.extraheader
2025-10-10T16:30:09.8806464Z http.https://github.com/.extraheader
2025-10-10T16:30:09.8820575Z [command]/usr/bin/git config --local --unset-all http.https://github.com/.extraheader
2025-10-10T16:30:09.8852306Z [command]/usr/bin/git submodule foreach --recursive sh -c "git config --local --name-only --get-regexp 'http\.https\:\/\/github\.com\/\.extraheader' && git config --local --unset-all 'http.https://github.com/.extraheader' || :"
2025-10-10T16:30:09.9186540Z Cleaning up orphan processes
