2025-10-05T21:15:23.8613681Z Current runner version: '2.328.0'
2025-10-05T21:15:23.8648057Z ##[group]Runner Image Provisioner
2025-10-05T21:15:23.8649168Z Hosted Compute Agent
2025-10-05T21:15:23.8650046Z Version: 20250912.392
2025-10-05T21:15:23.8651211Z Commit: d921fda672a98b64f4f82364647e2f10b2267d0b
2025-10-05T21:15:23.8652403Z Build Date: 2025-09-12T15:23:14Z
2025-10-05T21:15:23.8653612Z ##[endgroup]
2025-10-05T21:15:23.8654798Z ##[group]Operating System
2025-10-05T21:15:23.8655684Z Ubuntu
2025-10-05T21:15:23.8656476Z 24.04.3
2025-10-05T21:15:23.8657308Z LTS
2025-10-05T21:15:23.8658106Z ##[endgroup]
2025-10-05T21:15:23.8658893Z ##[group]Runner Image
2025-10-05T21:15:23.8659920Z Image: ubuntu-24.04
2025-10-05T21:15:23.8660732Z Version: 20250929.60.1
2025-10-05T21:15:23.8662436Z Included Software: https://github.com/actions/runner-images/blob/ubuntu24/20250929.60/images/ubuntu/Ubuntu2404-Readme.md
2025-10-05T21:15:23.8665289Z Image Release: https://github.com/actions/runner-images/releases/tag/ubuntu24%2F20250929.60
2025-10-05T21:15:23.8667012Z ##[endgroup]
2025-10-05T21:15:23.8671354Z ##[group]GITHUB_TOKEN Permissions
2025-10-05T21:15:23.8674463Z Actions: write
2025-10-05T21:15:23.8675438Z Attestations: write
2025-10-05T21:15:23.8676265Z Checks: write
2025-10-05T21:15:23.8677003Z Contents: write
2025-10-05T21:15:23.8678108Z Deployments: write
2025-10-05T21:15:23.8679083Z Discussions: write
2025-10-05T21:15:23.8679969Z Issues: write
2025-10-05T21:15:23.8680959Z Metadata: read
2025-10-05T21:15:23.8681709Z Models: read
2025-10-05T21:15:23.8682446Z Packages: write
2025-10-05T21:15:23.8683491Z Pages: write
2025-10-05T21:15:23.8684339Z PullRequests: write
2025-10-05T21:15:23.8685227Z RepositoryProjects: write
2025-10-05T21:15:23.8686222Z SecurityEvents: write
2025-10-05T21:15:23.8687167Z Statuses: write
2025-10-05T21:15:23.8687928Z ##[endgroup]
2025-10-05T21:15:23.8690727Z Secret source: Actions
2025-10-05T21:15:23.8691699Z Prepare workflow directory
2025-10-05T21:15:23.9236037Z Prepare all required actions
2025-10-05T21:15:23.9291398Z Getting action download info
2025-10-05T21:15:24.2177368Z Download action repository 'actions/checkout@v4' (SHA:08eba0b27e820071cde6df949e0beb9ba4906955)
2025-10-05T21:15:24.3012844Z Download action repository 'actions/cache@v4' (SHA:0057852bfaa89a56745cba8c7296529d2fc39830)
2025-10-05T21:15:24.4424542Z Download action repository 'actions/setup-python@v5' (SHA:a26af69be951a213d495a4c3e4e4022e16d87065)
2025-10-05T21:15:24.5498239Z Download action repository 'actions/upload-artifact@v4' (SHA:ea165f8d65b6e75b540449e92b4886f43607fa02)
2025-10-05T21:15:24.7449897Z Complete job name: linux-gcc-debug-ootree-skeleton
2025-10-05T21:15:24.8149445Z ##[group]Run actions/checkout@v4
2025-10-05T21:15:24.8150252Z with:
2025-10-05T21:15:24.8150610Z   repository: skvadrik/re2c
2025-10-05T21:15:24.8151197Z   token: ***
2025-10-05T21:15:24.8151544Z   ssh-strict: true
2025-10-05T21:15:24.8151914Z   ssh-user: git
2025-10-05T21:15:24.8152287Z   persist-credentials: true
2025-10-05T21:15:24.8152716Z   clean: true
2025-10-05T21:15:24.8153318Z   sparse-checkout-cone-mode: true
2025-10-05T21:15:24.8153795Z   fetch-depth: 1
2025-10-05T21:15:24.8154156Z   fetch-tags: false
2025-10-05T21:15:24.8154525Z   show-progress: true
2025-10-05T21:15:24.8154905Z   lfs: false
2025-10-05T21:15:24.8155241Z   submodules: false
2025-10-05T21:15:24.8155615Z   set-safe-directory: true
2025-10-05T21:15:24.8156281Z ##[endgroup]
2025-10-05T21:15:24.9276230Z Syncing repository: skvadrik/re2c
2025-10-05T21:15:24.9277897Z ##[group]Getting Git version info
2025-10-05T21:15:24.9278572Z Working directory is '/home/runner/work/re2c/re2c'
2025-10-05T21:15:24.9279492Z [command]/usr/bin/git version
2025-10-05T21:15:24.9321315Z git version 2.51.0
2025-10-05T21:15:24.9347488Z ##[endgroup]
2025-10-05T21:15:24.9361173Z Temporarily overriding HOME='/home/runner/work/_temp/1e977481-b13a-4a57-95e8-05972ff58342' before making global git config changes
2025-10-05T21:15:24.9363725Z Adding repository directory to the temporary git global config as a safe directory
2025-10-05T21:15:24.9374531Z [command]/usr/bin/git config --global --add safe.directory /home/runner/work/re2c/re2c
2025-10-05T21:15:24.9409225Z Deleting the contents of '/home/runner/work/re2c/re2c'
2025-10-05T21:15:24.9414038Z ##[group]Initializing the repository
2025-10-05T21:15:24.9418276Z [command]/usr/bin/git init /home/runner/work/re2c/re2c
2025-10-05T21:15:24.9478638Z hint: Using 'master' as the name for the initial branch. This default branch name
2025-10-05T21:15:24.9480277Z hint: is subject to change. To configure the initial branch name to use in all
2025-10-05T21:15:24.9481774Z hint: of your new repositories, which will suppress this warning, call:
2025-10-05T21:15:24.9482826Z hint:
2025-10-05T21:15:24.9483786Z hint: 	git config --global init.defaultBranch <name>
2025-10-05T21:15:24.9484689Z hint:
2025-10-05T21:15:24.9485266Z hint: Names commonly chosen instead of 'master' are 'main', 'trunk' and
2025-10-05T21:15:24.9486186Z hint: 'development'. The just-created branch can be renamed via this command:
2025-10-05T21:15:24.9486915Z hint:
2025-10-05T21:15:24.9487296Z hint: 	git branch -m <name>
2025-10-05T21:15:24.9487851Z hint:
2025-10-05T21:15:24.9488734Z hint: Disable this message with "git config set advice.defaultBranchName false"
2025-10-05T21:15:24.9489682Z Initialized empty Git repository in /home/runner/work/re2c/re2c/.git/
2025-10-05T21:15:24.9493735Z [command]/usr/bin/git remote add origin https://github.com/skvadrik/re2c
2025-10-05T21:15:24.9524831Z ##[endgroup]
2025-10-05T21:15:24.9525666Z ##[group]Disabling automatic garbage collection
2025-10-05T21:15:24.9528512Z [command]/usr/bin/git config --local gc.auto 0
2025-10-05T21:15:24.9555672Z ##[endgroup]
2025-10-05T21:15:24.9556314Z ##[group]Setting up auth
2025-10-05T21:15:24.9562550Z [command]/usr/bin/git config --local --name-only --get-regexp core\.sshCommand
2025-10-05T21:15:24.9593867Z [command]/usr/bin/git submodule foreach --recursive sh -c "git config --local --name-only --get-regexp 'core\.sshCommand' && git config --local --unset-all 'core.sshCommand' || :"
2025-10-05T21:15:24.9876177Z [command]/usr/bin/git config --local --name-only --get-regexp http\.https\:\/\/github\.com\/\.extraheader
2025-10-05T21:15:24.9903531Z [command]/usr/bin/git submodule foreach --recursive sh -c "git config --local --name-only --get-regexp 'http\.https\:\/\/github\.com\/\.extraheader' && git config --local --unset-all 'http.https://github.com/.extraheader' || :"
2025-10-05T21:15:25.0122284Z [command]/usr/bin/git config --local http.https://github.com/.extraheader AUTHORIZATION: basic ***
2025-10-05T21:15:25.0162491Z ##[endgroup]
2025-10-05T21:15:25.0163768Z ##[group]Fetching the repository
2025-10-05T21:15:25.0171357Z [command]/usr/bin/git -c protocol.version=2 fetch --no-tags --prune --no-recurse-submodules --depth=1 origin +71a2774f9ee888d7068369765c9b1d145e6596ab:refs/remotes/origin/dev
2025-10-05T21:15:26.2769547Z From https://github.com/skvadrik/re2c
2025-10-05T21:15:26.2770658Z  * [new ref]         71a2774f9ee888d7068369765c9b1d145e6596ab -> origin/dev
2025-10-05T21:15:26.2842835Z ##[endgroup]
2025-10-05T21:15:26.2844305Z ##[group]Determining the checkout info
2025-10-05T21:15:26.2845634Z ##[endgroup]
2025-10-05T21:15:26.2850800Z [command]/usr/bin/git sparse-checkout disable
2025-10-05T21:15:26.2893329Z [command]/usr/bin/git config --local --unset-all extensions.worktreeConfig
2025-10-05T21:15:26.2921417Z ##[group]Checking out the ref
2025-10-05T21:15:26.2925063Z [command]/usr/bin/git checkout --progress --force -B dev refs/remotes/origin/dev
2025-10-05T21:15:26.5544823Z Switched to a new branch 'dev'
2025-10-05T21:15:26.5546156Z branch 'dev' set up to track 'origin/dev'.
2025-10-05T21:15:26.5567360Z ##[endgroup]
2025-10-05T21:15:26.5605070Z [command]/usr/bin/git log -1 --format=%H
2025-10-05T21:15:26.5628353Z 71a2774f9ee888d7068369765c9b1d145e6596ab
2025-10-05T21:15:26.6024781Z ##[group]Run actions/cache@v4
2025-10-05T21:15:26.6025896Z with:
2025-10-05T21:15:26.6026692Z   path: /var/cache/apt
2025-10-05T21:15:26.6028234Z   key: Linux-apt-cache-ubuntu-latest-71a2774f9ee888d7068369765c9b1d145e6596ab
2025-10-05T21:15:26.6030599Z   restore-keys: Linux-apt-cache-ubuntu-latest-
Linux-apt-cache-

2025-10-05T21:15:26.6032141Z   enableCrossOsArchive: false
2025-10-05T21:15:26.6033355Z   fail-on-cache-miss: false
2025-10-05T21:15:26.6034356Z   lookup-only: false
2025-10-05T21:15:26.6035241Z   save-always: false
2025-10-05T21:15:26.6036138Z ##[endgroup]
2025-10-05T21:15:26.8618914Z Cache not found for input keys: Linux-apt-cache-ubuntu-latest-71a2774f9ee888d7068369765c9b1d145e6596ab, Linux-apt-cache-ubuntu-latest-, Linux-apt-cache-
2025-10-05T21:15:26.8704978Z ##[group]Run case Linux in
2025-10-05T21:15:26.8705372Z [36;1mcase Linux in[0m
2025-10-05T21:15:26.8705619Z [36;1m  Linux*)[0m
2025-10-05T21:15:26.8705860Z [36;1m    sudo apt update[0m
2025-10-05T21:15:26.8706216Z [36;1m    sudo apt install gcc-multilib g++-multilib  # for -m32[0m
2025-10-05T21:15:26.8706620Z [36;1m    sudo apt install valgrind[0m
2025-10-05T21:15:26.8706890Z [36;1m    ;;[0m
2025-10-05T21:15:26.8707105Z [36;1m  macOS*)[0m
2025-10-05T21:15:26.8707426Z [36;1m    sudo xcode-select -switch /Applications/Xcode.app[0m
2025-10-05T21:15:26.8707869Z [36;1m    echo "SDKROOT=$(xcodebuild -version -sdk macosx Path)" >> $GITHUB_ENV[0m
2025-10-05T21:15:26.8708340Z [36;1m    echo "$(xcodebuild -version -sdk macosx Path)" >> $GITHUB_PATH[0m
2025-10-05T21:15:26.8708718Z [36;1m    brew install coreutils  # for `nproc`[0m
2025-10-05T21:15:26.8709009Z [36;1m    ;;[0m
2025-10-05T21:15:26.8709217Z [36;1m  Windows*)[0m
2025-10-05T21:15:26.8709538Z [36;1m    choco install --no-progress -y winflexbison3[0m
2025-10-05T21:15:26.8709931Z [36;1m    choco install gnuwin32-coreutils.install  # for `nproc`[0m
2025-10-05T21:15:26.8710267Z [36;1m    ;;[0m
2025-10-05T21:15:26.8710463Z [36;1mesac[0m
2025-10-05T21:15:26.8747594Z shell: /usr/bin/bash --noprofile --norc -e -o pipefail {0}
2025-10-05T21:15:26.8747978Z ##[endgroup]
2025-10-05T21:15:26.8959230Z 
2025-10-05T21:15:26.8959745Z WARNING: apt does not have a stable CLI interface. Use with caution in scripts.
2025-10-05T21:15:26.8960189Z 
2025-10-05T21:15:27.0039507Z Get:1 file:/etc/apt/apt-mirrors.txt Mirrorlist [144 B]
2025-10-05T21:15:27.0336198Z Hit:6 https://packages.microsoft.com/repos/azure-cli noble InRelease
2025-10-05T21:15:27.0342621Z Hit:2 http://azure.archive.ubuntu.com/ubuntu noble InRelease
2025-10-05T21:15:27.0343783Z Get:7 https://packages.microsoft.com/ubuntu/24.04/prod noble InRelease [3600 B]
2025-10-05T21:15:27.0394048Z Get:3 http://azure.archive.ubuntu.com/ubuntu noble-updates InRelease [126 kB]
2025-10-05T21:15:27.0461775Z Get:4 http://azure.archive.ubuntu.com/ubuntu noble-backports InRelease [126 kB]
2025-10-05T21:15:27.0537176Z Get:5 http://azure.archive.ubuntu.com/ubuntu noble-security InRelease [126 kB]
2025-10-05T21:15:27.2536128Z Get:8 https://packages.microsoft.com/ubuntu/24.04/prod noble/main amd64 Packages [59.6 kB]
2025-10-05T21:15:27.2671847Z Get:9 https://packages.microsoft.com/ubuntu/24.04/prod noble/main armhf Packages [10.5 kB]
2025-10-05T21:15:27.2695218Z Get:10 https://packages.microsoft.com/ubuntu/24.04/prod noble/main arm64 Packages [42.4 kB]
2025-10-05T21:15:27.3022411Z Get:11 http://azure.archive.ubuntu.com/ubuntu noble-updates/main amd64 Packages [1483 kB]
2025-10-05T21:15:27.3117018Z Get:12 http://azure.archive.ubuntu.com/ubuntu noble-updates/main Translation-en [286 kB]
2025-10-05T21:15:27.3138064Z Get:13 http://azure.archive.ubuntu.com/ubuntu noble-updates/main amd64 Components [175 kB]
2025-10-05T21:15:27.3157134Z Get:14 http://azure.archive.ubuntu.com/ubuntu noble-updates/main amd64 c-n-f Metadata [15.3 kB]
2025-10-05T21:15:27.3164989Z Get:15 http://azure.archive.ubuntu.com/ubuntu noble-updates/universe amd64 Packages [1486 kB]
2025-10-05T21:15:27.3246795Z Get:16 http://azure.archive.ubuntu.com/ubuntu noble-updates/universe Translation-en [300 kB]
2025-10-05T21:15:27.3275755Z Get:17 http://azure.archive.ubuntu.com/ubuntu noble-updates/universe amd64 Components [377 kB]
2025-10-05T21:15:27.3307611Z Get:18 http://azure.archive.ubuntu.com/ubuntu noble-updates/universe amd64 c-n-f Metadata [31.1 kB]
2025-10-05T21:15:27.3318361Z Get:19 http://azure.archive.ubuntu.com/ubuntu noble-updates/restricted amd64 Packages [2053 kB]
2025-10-05T21:15:27.3440663Z Get:20 http://azure.archive.ubuntu.com/ubuntu noble-updates/restricted Translation-en [463 kB]
2025-10-05T21:15:27.3903759Z Get:21 http://azure.archive.ubuntu.com/ubuntu noble-updates/restricted amd64 Components [212 B]
2025-10-05T21:15:27.3919672Z Get:22 http://azure.archive.ubuntu.com/ubuntu noble-updates/multiverse Translation-en [6116 B]
2025-10-05T21:15:27.3925193Z Get:23 http://azure.archive.ubuntu.com/ubuntu noble-updates/multiverse amd64 Components [940 B]
2025-10-05T21:15:27.3941301Z Get:24 http://azure.archive.ubuntu.com/ubuntu noble-backports/main amd64 Components [7144 B]
2025-10-05T21:15:27.3949969Z Get:25 http://azure.archive.ubuntu.com/ubuntu noble-backports/universe amd64 Components [11.0 kB]
2025-10-05T21:15:27.3958501Z Get:26 http://azure.archive.ubuntu.com/ubuntu noble-backports/restricted amd64 Components [216 B]
2025-10-05T21:15:27.3966514Z Get:27 http://azure.archive.ubuntu.com/ubuntu noble-backports/multiverse amd64 Components [212 B]
2025-10-05T21:15:27.4364515Z Get:28 http://azure.archive.ubuntu.com/ubuntu noble-security/main amd64 Packages [1201 kB]
2025-10-05T21:15:27.4431135Z Get:29 http://azure.archive.ubuntu.com/ubuntu noble-security/main Translation-en [201 kB]
2025-10-05T21:15:27.4448339Z Get:30 http://azure.archive.ubuntu.com/ubuntu noble-security/main amd64 Components [21.6 kB]
2025-10-05T21:15:27.4456289Z Get:31 http://azure.archive.ubuntu.com/ubuntu noble-security/main amd64 c-n-f Metadata [8744 B]
2025-10-05T21:15:27.4465120Z Get:32 http://azure.archive.ubuntu.com/ubuntu noble-security/universe amd64 Packages [881 kB]
2025-10-05T21:15:27.4519664Z Get:33 http://azure.archive.ubuntu.com/ubuntu noble-security/universe Translation-en [196 kB]
2025-10-05T21:15:27.4537945Z Get:34 http://azure.archive.ubuntu.com/ubuntu noble-security/universe amd64 Components [52.2 kB]
2025-10-05T21:15:27.4982680Z Get:35 http://azure.archive.ubuntu.com/ubuntu noble-security/restricted amd64 Packages [1938 kB]
2025-10-05T21:15:27.5082475Z Get:36 http://azure.archive.ubuntu.com/ubuntu noble-security/restricted Translation-en [439 kB]
2025-10-05T21:15:27.5112347Z Get:37 http://azure.archive.ubuntu.com/ubuntu noble-security/restricted amd64 Components [212 B]
2025-10-05T21:15:27.5119568Z Get:38 http://azure.archive.ubuntu.com/ubuntu noble-security/multiverse Translation-en [5844 B]
2025-10-05T21:15:27.5126092Z Get:39 http://azure.archive.ubuntu.com/ubuntu noble-security/multiverse amd64 Components [212 B]
2025-10-05T21:15:38.0217850Z Fetched 12.1 MB in 2s (7899 kB/s)
2025-10-05T21:15:38.7241686Z Reading package lists...
2025-10-05T21:15:38.8634720Z Building dependency tree...
2025-10-05T21:15:38.8640850Z Reading state information...
2025-10-05T21:15:38.8769692Z 21 packages can be upgraded. Run 'apt list --upgradable' to see them.
2025-10-05T21:15:38.8879122Z 
2025-10-05T21:15:38.8879613Z WARNING: apt does not have a stable CLI interface. Use with caution in scripts.
2025-10-05T21:15:38.8880191Z 
2025-10-05T21:15:38.9006551Z Reading package lists...
2025-10-05T21:15:39.0531730Z Building dependency tree...
2025-10-05T21:15:39.0538748Z Reading state information...
2025-10-05T21:15:39.2101490Z The following additional packages will be installed:
2025-10-05T21:15:39.2102518Z   g++-13-multilib gcc-13-multilib lib32asan8 lib32atomic1 lib32gcc-13-dev
2025-10-05T21:15:39.2103866Z   lib32gomp1 lib32itm1 lib32quadmath0 lib32stdc++-13-dev lib32ubsan1
2025-10-05T21:15:39.2105445Z   libc6-dev-i386 libc6-dev-x32 libc6-x32 libx32asan8 libx32atomic1
2025-10-05T21:15:39.2106313Z   libx32gcc-13-dev libx32gcc-s1 libx32gomp1 libx32itm1 libx32quadmath0
2025-10-05T21:15:39.2107643Z   libx32stdc++-13-dev libx32stdc++6 libx32ubsan1
2025-10-05T21:15:39.2115562Z Suggested packages:
2025-10-05T21:15:39.2115968Z   lib32stdc++6-13-dbg libx32stdc++6-13-dbg
2025-10-05T21:15:39.2754923Z The following NEW packages will be installed:
2025-10-05T21:15:39.2756254Z   g++-13-multilib g++-multilib gcc-13-multilib gcc-multilib lib32asan8
2025-10-05T21:15:39.2757127Z   lib32atomic1 lib32gcc-13-dev lib32gomp1 lib32itm1 lib32quadmath0
2025-10-05T21:15:39.2759181Z   lib32stdc++-13-dev lib32ubsan1 libc6-dev-i386 libc6-dev-x32 libc6-x32
2025-10-05T21:15:39.2759923Z   libx32asan8 libx32atomic1 libx32gcc-13-dev libx32gcc-s1 libx32gomp1
2025-10-05T21:15:39.2762268Z   libx32itm1 libx32quadmath0 libx32stdc++-13-dev libx32stdc++6 libx32ubsan1
2025-10-05T21:15:39.2961791Z 0 upgraded, 25 newly installed, 0 to remove and 21 not upgraded.
2025-10-05T21:15:39.3234207Z Need to get 22.5 MB of archives.
2025-10-05T21:15:39.3234894Z After this operation, 89.8 MB of additional disk space will be used.
2025-10-05T21:15:39.3235586Z Get:1 file:/etc/apt/apt-mirrors.txt Mirrorlist [144 B]
2025-10-05T21:15:39.3621638Z Get:2 http://azure.archive.ubuntu.com/ubuntu noble-updates/main amd64 libc6-dev-i386 amd64 2.39-0ubuntu8.6 [1447 kB]
2025-10-05T21:15:39.4150228Z Get:3 http://azure.archive.ubuntu.com/ubuntu noble-updates/main amd64 libc6-x32 amd64 2.39-0ubuntu8.6 [2913 kB]
2025-10-05T21:15:39.4737765Z Get:4 http://azure.archive.ubuntu.com/ubuntu noble-updates/main amd64 libc6-dev-x32 amd64 2.39-0ubuntu8.6 [1637 kB]
2025-10-05T21:15:39.5261835Z Get:5 http://azure.archive.ubuntu.com/ubuntu noble-updates/main amd64 libx32gcc-s1 amd64 14.2.0-4ubuntu2~24.04 [78.5 kB]
2025-10-05T21:15:39.5450997Z Get:6 http://azure.archive.ubuntu.com/ubuntu noble-updates/main amd64 lib32gomp1 amd64 14.2.0-4ubuntu2~24.04 [141 kB]
2025-10-05T21:15:39.5645341Z Get:7 http://azure.archive.ubuntu.com/ubuntu noble-updates/main amd64 libx32gomp1 amd64 14.2.0-4ubuntu2~24.04 [145 kB]
2025-10-05T21:15:39.5842845Z Get:8 http://azure.archive.ubuntu.com/ubuntu noble-updates/main amd64 lib32itm1 amd64 14.2.0-4ubuntu2~24.04 [29.6 kB]
2025-10-05T21:15:39.6022778Z Get:9 http://azure.archive.ubuntu.com/ubuntu noble-updates/main amd64 libx32itm1 amd64 14.2.0-4ubuntu2~24.04 [29.8 kB]
2025-10-05T21:15:39.6203661Z Get:10 http://azure.archive.ubuntu.com/ubuntu noble-updates/main amd64 lib32atomic1 amd64 14.2.0-4ubuntu2~24.04 [8586 B]
2025-10-05T21:15:39.6382728Z Get:11 http://azure.archive.ubuntu.com/ubuntu noble-updates/main amd64 libx32atomic1 amd64 14.2.0-4ubuntu2~24.04 [10.3 kB]
2025-10-05T21:15:39.6560781Z Get:12 http://azure.archive.ubuntu.com/ubuntu noble-updates/main amd64 lib32asan8 amd64 14.2.0-4ubuntu2~24.04 [2879 kB]
2025-10-05T21:15:39.7291130Z Get:13 http://azure.archive.ubuntu.com/ubuntu noble-updates/main amd64 libx32asan8 amd64 14.2.0-4ubuntu2~24.04 [2893 kB]
2025-10-05T21:15:39.8000846Z Get:14 http://azure.archive.ubuntu.com/ubuntu noble-updates/main amd64 lib32ubsan1 amd64 14.2.0-4ubuntu2~24.04 [1150 kB]
2025-10-05T21:15:39.8392066Z Get:15 http://azure.archive.ubuntu.com/ubuntu noble-updates/main amd64 libx32stdc++6 amd64 14.2.0-4ubuntu2~24.04 [778 kB]
2025-10-05T21:15:39.8788535Z Get:16 http://azure.archive.ubuntu.com/ubuntu noble-updates/main amd64 libx32ubsan1 amd64 14.2.0-4ubuntu2~24.04 [1169 kB]
2025-10-05T21:15:39.9304561Z Get:17 http://azure.archive.ubuntu.com/ubuntu noble-updates/main amd64 lib32quadmath0 amd64 14.2.0-4ubuntu2~24.04 [227 kB]
2025-10-05T21:15:39.9499307Z Get:18 http://azure.archive.ubuntu.com/ubuntu noble-updates/main amd64 libx32quadmath0 amd64 14.2.0-4ubuntu2~24.04 [157 kB]
2025-10-05T21:15:39.9717432Z Get:19 http://azure.archive.ubuntu.com/ubuntu noble-updates/main amd64 lib32gcc-13-dev amd64 13.3.0-6ubuntu2~24.04 [2380 kB]
2025-10-05T21:15:40.0714187Z Get:20 http://azure.archive.ubuntu.com/ubuntu noble-updates/main amd64 libx32gcc-13-dev amd64 13.3.0-6ubuntu2~24.04 [2190 kB]
2025-10-05T21:15:40.1286251Z Get:21 http://azure.archive.ubuntu.com/ubuntu noble-updates/main amd64 gcc-13-multilib amd64 13.3.0-6ubuntu2~24.04 [878 B]
2025-10-05T21:15:40.1464091Z Get:22 http://azure.archive.ubuntu.com/ubuntu noble-updates/main amd64 lib32stdc++-13-dev amd64 13.3.0-6ubuntu2~24.04 [1150 kB]
2025-10-05T21:15:40.1847578Z Get:23 http://azure.archive.ubuntu.com/ubuntu noble-updates/main amd64 libx32stdc++-13-dev amd64 13.3.0-6ubuntu2~24.04 [1086 kB]
2025-10-05T21:15:40.2351432Z Get:24 http://azure.archive.ubuntu.com/ubuntu noble-updates/main amd64 g++-13-multilib amd64 13.3.0-6ubuntu2~24.04 [890 B]
2025-10-05T21:15:40.2533981Z Get:25 http://azure.archive.ubuntu.com/ubuntu noble/main amd64 gcc-multilib amd64 4:13.2.0-7ubuntu1 [1474 B]
2025-10-05T21:15:40.2712515Z Get:26 http://azure.archive.ubuntu.com/ubuntu noble/main amd64 g++-multilib amd64 4:13.2.0-7ubuntu1 [884 B]
2025-10-05T21:15:40.5278446Z Fetched 22.5 MB in 1s (23.5 MB/s)
2025-10-05T21:15:40.5802620Z Selecting previously unselected package libc6-dev-i386.
2025-10-05T21:15:40.6356484Z (Reading database ... 
2025-10-05T21:15:40.6357155Z (Reading database ... 5%
2025-10-05T21:15:40.6357504Z (Reading database ... 10%
2025-10-05T21:15:40.6357854Z (Reading database ... 15%
2025-10-05T21:15:40.6358166Z (Reading database ... 20%
2025-10-05T21:15:40.6358385Z (Reading database ... 25%
2025-10-05T21:15:40.6358598Z (Reading database ... 30%
2025-10-05T21:15:40.6358818Z (Reading database ... 35%
2025-10-05T21:15:40.6359018Z (Reading database ... 40%
2025-10-05T21:15:40.6359221Z (Reading database ... 45%
2025-10-05T21:15:40.6359418Z (Reading database ... 50%
2025-10-05T21:15:40.6947267Z (Reading database ... 55%
2025-10-05T21:15:41.1583310Z (Reading database ... 60%
2025-10-05T21:15:41.3271818Z (Reading database ... 65%
2025-10-05T21:15:41.4015720Z (Reading database ... 70%
2025-10-05T21:15:41.6916889Z (Reading database ... 75%
2025-10-05T21:15:42.1176664Z (Reading database ... 80%
2025-10-05T21:15:42.6864946Z (Reading database ... 85%
2025-10-05T21:15:43.2285545Z (Reading database ... 90%
2025-10-05T21:15:43.7294570Z (Reading database ... 95%
2025-10-05T21:15:43.7295067Z (Reading database ... 100%
2025-10-05T21:15:43.7295624Z (Reading database ... 214596 files and directories currently installed.)
2025-10-05T21:15:43.7339124Z Preparing to unpack .../00-libc6-dev-i386_2.39-0ubuntu8.6_amd64.deb ...
2025-10-05T21:15:43.7369984Z Unpacking libc6-dev-i386 (2.39-0ubuntu8.6) ...
2025-10-05T21:15:43.8315530Z Selecting previously unselected package libc6-x32.
2025-10-05T21:15:43.8444843Z Preparing to unpack .../01-libc6-x32_2.39-0ubuntu8.6_amd64.deb ...
2025-10-05T21:15:43.8499145Z Unpacking libc6-x32 (2.39-0ubuntu8.6) ...
2025-10-05T21:15:43.9607037Z Selecting previously unselected package libc6-dev-x32.
2025-10-05T21:15:43.9739171Z Preparing to unpack .../02-libc6-dev-x32_2.39-0ubuntu8.6_amd64.deb ...
2025-10-05T21:15:43.9749661Z Unpacking libc6-dev-x32 (2.39-0ubuntu8.6) ...
2025-10-05T21:15:44.0315512Z Selecting previously unselected package libx32gcc-s1.
2025-10-05T21:15:44.0445585Z Preparing to unpack .../03-libx32gcc-s1_14.2.0-4ubuntu2~24.04_amd64.deb ...
2025-10-05T21:15:44.0457492Z Unpacking libx32gcc-s1 (14.2.0-4ubuntu2~24.04) ...
2025-10-05T21:15:44.0707275Z Selecting previously unselected package lib32gomp1.
2025-10-05T21:15:44.0837113Z Preparing to unpack .../04-lib32gomp1_14.2.0-4ubuntu2~24.04_amd64.deb ...
2025-10-05T21:15:44.0851866Z Unpacking lib32gomp1 (14.2.0-4ubuntu2~24.04) ...
2025-10-05T21:15:44.1126515Z Selecting previously unselected package libx32gomp1.
2025-10-05T21:15:44.1275527Z Preparing to unpack .../05-libx32gomp1_14.2.0-4ubuntu2~24.04_amd64.deb ...
2025-10-05T21:15:44.1288087Z Unpacking libx32gomp1 (14.2.0-4ubuntu2~24.04) ...
2025-10-05T21:15:44.1540557Z Selecting previously unselected package lib32itm1.
2025-10-05T21:15:44.1667817Z Preparing to unpack .../06-lib32itm1_14.2.0-4ubuntu2~24.04_amd64.deb ...
2025-10-05T21:15:44.1678634Z Unpacking lib32itm1 (14.2.0-4ubuntu2~24.04) ...
2025-10-05T21:15:44.1914703Z Selecting previously unselected package libx32itm1.
2025-10-05T21:15:44.2043806Z Preparing to unpack .../07-libx32itm1_14.2.0-4ubuntu2~24.04_amd64.deb ...
2025-10-05T21:15:44.2055271Z Unpacking libx32itm1 (14.2.0-4ubuntu2~24.04) ...
2025-10-05T21:15:44.2295867Z Selecting previously unselected package lib32atomic1.
2025-10-05T21:15:44.2423881Z Preparing to unpack .../08-lib32atomic1_14.2.0-4ubuntu2~24.04_amd64.deb ...
2025-10-05T21:15:44.2438026Z Unpacking lib32atomic1 (14.2.0-4ubuntu2~24.04) ...
2025-10-05T21:15:44.2661369Z Selecting previously unselected package libx32atomic1.
2025-10-05T21:15:44.2789104Z Preparing to unpack .../09-libx32atomic1_14.2.0-4ubuntu2~24.04_amd64.deb ...
2025-10-05T21:15:44.2799461Z Unpacking libx32atomic1 (14.2.0-4ubuntu2~24.04) ...
2025-10-05T21:15:44.3037976Z Selecting previously unselected package lib32asan8.
2025-10-05T21:15:44.3163784Z Preparing to unpack .../10-lib32asan8_14.2.0-4ubuntu2~24.04_amd64.deb ...
2025-10-05T21:15:44.3176091Z Unpacking lib32asan8 (14.2.0-4ubuntu2~24.04) ...
2025-10-05T21:15:44.3836837Z Selecting previously unselected package libx32asan8.
2025-10-05T21:15:44.3966614Z Preparing to unpack .../11-libx32asan8_14.2.0-4ubuntu2~24.04_amd64.deb ...
2025-10-05T21:15:44.3982588Z Unpacking libx32asan8 (14.2.0-4ubuntu2~24.04) ...
2025-10-05T21:15:44.4634555Z Selecting previously unselected package lib32ubsan1.
2025-10-05T21:15:44.4766039Z Preparing to unpack .../12-lib32ubsan1_14.2.0-4ubuntu2~24.04_amd64.deb ...
2025-10-05T21:15:44.4780654Z Unpacking lib32ubsan1 (14.2.0-4ubuntu2~24.04) ...
2025-10-05T21:15:44.5164612Z Selecting previously unselected package libx32stdc++6.
2025-10-05T21:15:44.5293853Z Preparing to unpack .../13-libx32stdc++6_14.2.0-4ubuntu2~24.04_amd64.deb ...
2025-10-05T21:15:44.5312200Z Unpacking libx32stdc++6 (14.2.0-4ubuntu2~24.04) ...
2025-10-05T21:15:44.5647609Z Selecting previously unselected package libx32ubsan1.
2025-10-05T21:15:44.5778300Z Preparing to unpack .../14-libx32ubsan1_14.2.0-4ubuntu2~24.04_amd64.deb ...
2025-10-05T21:15:44.5790772Z Unpacking libx32ubsan1 (14.2.0-4ubuntu2~24.04) ...
2025-10-05T21:15:44.6184548Z Selecting previously unselected package lib32quadmath0.
2025-10-05T21:15:44.6315154Z Preparing to unpack .../15-lib32quadmath0_14.2.0-4ubuntu2~24.04_amd64.deb ...
2025-10-05T21:15:44.6328517Z Unpacking lib32quadmath0 (14.2.0-4ubuntu2~24.04) ...
2025-10-05T21:15:44.6592818Z Selecting previously unselected package libx32quadmath0.
2025-10-05T21:15:44.6722625Z Preparing to unpack .../16-libx32quadmath0_14.2.0-4ubuntu2~24.04_amd64.deb ...
2025-10-05T21:15:44.6733990Z Unpacking libx32quadmath0 (14.2.0-4ubuntu2~24.04) ...
2025-10-05T21:15:44.6983382Z Selecting previously unselected package lib32gcc-13-dev.
2025-10-05T21:15:44.7110601Z Preparing to unpack .../17-lib32gcc-13-dev_13.3.0-6ubuntu2~24.04_amd64.deb ...
2025-10-05T21:15:44.7123582Z Unpacking lib32gcc-13-dev (13.3.0-6ubuntu2~24.04) ...
2025-10-05T21:15:44.7669738Z Selecting previously unselected package libx32gcc-13-dev.
2025-10-05T21:15:44.7801297Z Preparing to unpack .../18-libx32gcc-13-dev_13.3.0-6ubuntu2~24.04_amd64.deb ...
2025-10-05T21:15:44.7812746Z Unpacking libx32gcc-13-dev (13.3.0-6ubuntu2~24.04) ...
2025-10-05T21:15:44.8301938Z Selecting previously unselected package gcc-13-multilib.
2025-10-05T21:15:44.8434121Z Preparing to unpack .../19-gcc-13-multilib_13.3.0-6ubuntu2~24.04_amd64.deb ...
2025-10-05T21:15:44.8444939Z Unpacking gcc-13-multilib (13.3.0-6ubuntu2~24.04) ...
2025-10-05T21:15:44.8646967Z Selecting previously unselected package lib32stdc++-13-dev.
2025-10-05T21:15:44.8777231Z Preparing to unpack .../20-lib32stdc++-13-dev_13.3.0-6ubuntu2~24.04_amd64.deb ...
2025-10-05T21:15:44.8793562Z Unpacking lib32stdc++-13-dev (13.3.0-6ubuntu2~24.04) ...
2025-10-05T21:15:44.9378566Z Selecting previously unselected package libx32stdc++-13-dev.
2025-10-05T21:15:44.9509848Z Preparing to unpack .../21-libx32stdc++-13-dev_13.3.0-6ubuntu2~24.04_amd64.deb ...
2025-10-05T21:15:44.9518956Z Unpacking libx32stdc++-13-dev (13.3.0-6ubuntu2~24.04) ...
2025-10-05T21:15:45.0013423Z Selecting previously unselected package g++-13-multilib.
2025-10-05T21:15:45.0142919Z Preparing to unpack .../22-g++-13-multilib_13.3.0-6ubuntu2~24.04_amd64.deb ...
2025-10-05T21:15:45.0155927Z Unpacking g++-13-multilib (13.3.0-6ubuntu2~24.04) ...
2025-10-05T21:15:45.0348692Z Selecting previously unselected package gcc-multilib.
2025-10-05T21:15:45.0478342Z Preparing to unpack .../23-gcc-multilib_4%3a13.2.0-7ubuntu1_amd64.deb ...
2025-10-05T21:15:45.0493030Z Unpacking gcc-multilib (4:13.2.0-7ubuntu1) ...
2025-10-05T21:15:45.0686828Z Selecting previously unselected package g++-multilib.
2025-10-05T21:15:45.0814804Z Preparing to unpack .../24-g++-multilib_4%3a13.2.0-7ubuntu1_amd64.deb ...
2025-10-05T21:15:45.0825877Z Unpacking g++-multilib (4:13.2.0-7ubuntu1) ...
2025-10-05T21:15:45.1226487Z Setting up libc6-dev-i386 (2.39-0ubuntu8.6) ...
2025-10-05T21:15:45.1257295Z Setting up lib32itm1 (14.2.0-4ubuntu2~24.04) ...
2025-10-05T21:15:45.1318278Z Setting up lib32ubsan1 (14.2.0-4ubuntu2~24.04) ...
2025-10-05T21:15:45.1351878Z Setting up libc6-x32 (2.39-0ubuntu8.6) ...
2025-10-05T21:15:45.1413395Z Setting up libc6-dev-x32 (2.39-0ubuntu8.6) ...
2025-10-05T21:15:45.1456147Z Setting up lib32gomp1 (14.2.0-4ubuntu2~24.04) ...
2025-10-05T21:15:45.1491455Z Setting up lib32asan8 (14.2.0-4ubuntu2~24.04) ...
2025-10-05T21:15:45.1524552Z Setting up libx32gomp1 (14.2.0-4ubuntu2~24.04) ...
2025-10-05T21:15:45.1558987Z Setting up lib32quadmath0 (14.2.0-4ubuntu2~24.04) ...
2025-10-05T21:15:45.1594535Z Setting up libx32quadmath0 (14.2.0-4ubuntu2~24.04) ...
2025-10-05T21:15:45.1635647Z Setting up lib32atomic1 (14.2.0-4ubuntu2~24.04) ...
2025-10-05T21:15:45.1668958Z Setting up libx32atomic1 (14.2.0-4ubuntu2~24.04) ...
2025-10-05T21:15:45.1708470Z Setting up libx32gcc-s1 (14.2.0-4ubuntu2~24.04) ...
2025-10-05T21:15:45.1741495Z Setting up libx32itm1 (14.2.0-4ubuntu2~24.04) ...
2025-10-05T21:15:45.1774775Z Setting up libx32asan8 (14.2.0-4ubuntu2~24.04) ...
2025-10-05T21:15:45.1808692Z Setting up libx32stdc++6 (14.2.0-4ubuntu2~24.04) ...
2025-10-05T21:15:45.1842826Z Setting up libx32ubsan1 (14.2.0-4ubuntu2~24.04) ...
2025-10-05T21:15:45.1887376Z Setting up lib32gcc-13-dev (13.3.0-6ubuntu2~24.04) ...
2025-10-05T21:15:45.1928332Z Setting up libx32gcc-13-dev (13.3.0-6ubuntu2~24.04) ...
2025-10-05T21:15:45.1966517Z Setting up gcc-13-multilib (13.3.0-6ubuntu2~24.04) ...
2025-10-05T21:15:45.2005113Z Setting up lib32stdc++-13-dev (13.3.0-6ubuntu2~24.04) ...
2025-10-05T21:15:45.2037130Z Setting up gcc-multilib (4:13.2.0-7ubuntu1) ...
2025-10-05T21:15:45.2074824Z Setting up libx32stdc++-13-dev (13.3.0-6ubuntu2~24.04) ...
2025-10-05T21:15:45.2105145Z Setting up g++-13-multilib (13.3.0-6ubuntu2~24.04) ...
2025-10-05T21:15:45.2140218Z Setting up g++-multilib (4:13.2.0-7ubuntu1) ...
2025-10-05T21:15:45.2178406Z Processing triggers for libc-bin (2.39-0ubuntu8.6) ...
2025-10-05T21:15:46.1522408Z 
2025-10-05T21:15:46.1522853Z Running kernel seems to be up-to-date.
2025-10-05T21:15:46.1523400Z 
2025-10-05T21:15:46.1523566Z Restarting services...
2025-10-05T21:15:46.1590018Z 
2025-10-05T21:15:46.1590531Z Service restarts being deferred:
2025-10-05T21:15:46.1592244Z  systemctl restart hosted-compute-agent.service
2025-10-05T21:15:46.1592477Z 
2025-10-05T21:15:46.1592841Z No containers need to be restarted.
2025-10-05T21:15:46.1593289Z 
2025-10-05T21:15:46.1593495Z No user sessions are running outdated binaries.
2025-10-05T21:15:46.1593812Z 
2025-10-05T21:15:46.1594127Z No VM guests are running outdated hypervisor (qemu) binaries on this host.
2025-10-05T21:15:46.9808075Z 
2025-10-05T21:15:46.9808678Z WARNING: apt does not have a stable CLI interface. Use with caution in scripts.
2025-10-05T21:15:46.9809128Z 
2025-10-05T21:15:46.9935002Z Reading package lists...
2025-10-05T21:15:47.1445063Z Building dependency tree...
2025-10-05T21:15:47.1452485Z Reading state information...
2025-10-05T21:15:47.2905703Z The following additional packages will be installed:
2025-10-05T21:15:47.2909287Z   gdb libbabeltrace1 libc6-dbg libdebuginfod-common libdebuginfod1t64 libipt2
2025-10-05T21:15:47.2912108Z   libsource-highlight-common libsource-highlight4t64
2025-10-05T21:15:47.2917657Z Suggested packages:
2025-10-05T21:15:47.2918003Z   gdb-doc gdbserver valgrind-dbg valgrind-mpi kcachegrind alleyoop valkyrie
2025-10-05T21:15:47.3236638Z The following NEW packages will be installed:
2025-10-05T21:15:47.3239638Z   gdb libbabeltrace1 libc6-dbg libdebuginfod-common libdebuginfod1t64 libipt2
2025-10-05T21:15:47.3242389Z   libsource-highlight-common libsource-highlight4t64 valgrind
2025-10-05T21:15:47.3444079Z 0 upgraded, 9 newly installed, 0 to remove and 21 not upgraded.
2025-10-05T21:15:47.3707750Z Need to get 26.9 MB of archives.
2025-10-05T21:15:47.3708272Z After this operation, 105 MB of additional disk space will be used.
2025-10-05T21:15:47.3708676Z Get:1 file:/etc/apt/apt-mirrors.txt Mirrorlist [144 B]
2025-10-05T21:15:47.4050087Z Get:2 http://azure.archive.ubuntu.com/ubuntu noble-updates/main amd64 libdebuginfod-common all 0.190-1.1ubuntu0.1 [14.6 kB]
2025-10-05T21:15:47.4244335Z Get:3 http://azure.archive.ubuntu.com/ubuntu noble/main amd64 libbabeltrace1 amd64 1.5.11-3build3 [164 kB]
2025-10-05T21:15:47.4448091Z Get:4 http://azure.archive.ubuntu.com/ubuntu noble-updates/main amd64 libdebuginfod1t64 amd64 0.190-1.1ubuntu0.1 [17.1 kB]
2025-10-05T21:15:47.4626423Z Get:5 http://azure.archive.ubuntu.com/ubuntu noble/main amd64 libipt2 amd64 2.0.6-1build1 [45.7 kB]
2025-10-05T21:15:47.4814345Z Get:6 http://azure.archive.ubuntu.com/ubuntu noble/main amd64 libsource-highlight-common all 3.1.9-4.3build1 [64.2 kB]
2025-10-05T21:15:47.5000235Z Get:7 http://azure.archive.ubuntu.com/ubuntu noble/main amd64 libsource-highlight4t64 amd64 3.1.9-4.3build1 [258 kB]
2025-10-05T21:15:47.5194690Z Get:8 http://azure.archive.ubuntu.com/ubuntu noble/main amd64 gdb amd64 15.0.50.20240403-0ubuntu1 [4010 kB]
2025-10-05T21:15:47.6066675Z Get:9 http://azure.archive.ubuntu.com/ubuntu noble-updates/main amd64 libc6-dbg amd64 2.39-0ubuntu8.6 [7458 kB]
2025-10-05T21:15:47.7104069Z Get:10 http://azure.archive.ubuntu.com/ubuntu noble/main amd64 valgrind amd64 1:3.22.0-0ubuntu3 [14.9 MB]
2025-10-05T21:15:48.0474845Z Preconfiguring packages ...
2025-10-05T21:15:48.0952765Z Fetched 26.9 MB in 0s (57.0 MB/s)
2025-10-05T21:15:48.1180880Z Selecting previously unselected package libdebuginfod-common.
2025-10-05T21:15:48.1234622Z (Reading database ... 
2025-10-05T21:15:48.1235030Z (Reading database ... 5%
2025-10-05T21:15:48.1235407Z (Reading database ... 10%
2025-10-05T21:15:48.1235778Z (Reading database ... 15%
2025-10-05T21:15:48.1236111Z (Reading database ... 20%
2025-10-05T21:15:48.1236428Z (Reading database ... 25%
2025-10-05T21:15:48.1236710Z (Reading database ... 30%
2025-10-05T21:15:48.1236918Z (Reading database ... 35%
2025-10-05T21:15:48.1237127Z (Reading database ... 40%
2025-10-05T21:15:48.1237343Z (Reading database ... 45%
2025-10-05T21:15:48.1237561Z (Reading database ... 50%
2025-10-05T21:15:48.1237774Z (Reading database ... 55%
2025-10-05T21:15:48.1336318Z (Reading database ... 60%
2025-10-05T21:15:48.1363999Z (Reading database ... 65%
2025-10-05T21:15:48.1385587Z (Reading database ... 70%
2025-10-05T21:15:48.1406112Z (Reading database ... 75%
2025-10-05T21:15:48.1443479Z (Reading database ... 80%
2025-10-05T21:15:48.1600433Z (Reading database ... 85%
2025-10-05T21:15:48.1811852Z (Reading database ... 90%
2025-10-05T21:15:48.1883466Z (Reading database ... 95%
2025-10-05T21:15:48.1883841Z (Reading database ... 100%
2025-10-05T21:15:48.1884217Z (Reading database ... 215235 files and directories currently installed.)
2025-10-05T21:15:48.1921064Z Preparing to unpack .../0-libdebuginfod-common_0.190-1.1ubuntu0.1_all.deb ...
2025-10-05T21:15:48.1942721Z Unpacking libdebuginfod-common (0.190-1.1ubuntu0.1) ...
2025-10-05T21:15:48.2259293Z Selecting previously unselected package libbabeltrace1:amd64.
2025-10-05T21:15:48.2381353Z Preparing to unpack .../1-libbabeltrace1_1.5.11-3build3_amd64.deb ...
2025-10-05T21:15:48.2403610Z Unpacking libbabeltrace1:amd64 (1.5.11-3build3) ...
2025-10-05T21:15:48.2667877Z Selecting previously unselected package libdebuginfod1t64:amd64.
2025-10-05T21:15:48.2790815Z Preparing to unpack .../2-libdebuginfod1t64_0.190-1.1ubuntu0.1_amd64.deb ...
2025-10-05T21:15:48.2802628Z Unpacking libdebuginfod1t64:amd64 (0.190-1.1ubuntu0.1) ...
2025-10-05T21:15:48.3055880Z Selecting previously unselected package libipt2.
2025-10-05T21:15:48.3178146Z Preparing to unpack .../3-libipt2_2.0.6-1build1_amd64.deb ...
2025-10-05T21:15:48.3193481Z Unpacking libipt2 (2.0.6-1build1) ...
2025-10-05T21:15:48.3445891Z Selecting previously unselected package libsource-highlight-common.
2025-10-05T21:15:48.3567586Z Preparing to unpack .../4-libsource-highlight-common_3.1.9-4.3build1_all.deb ...
2025-10-05T21:15:48.3576891Z Unpacking libsource-highlight-common (3.1.9-4.3build1) ...
2025-10-05T21:15:48.4129865Z Selecting previously unselected package libsource-highlight4t64:amd64.
2025-10-05T21:15:48.4259711Z Preparing to unpack .../5-libsource-highlight4t64_3.1.9-4.3build1_amd64.deb ...
2025-10-05T21:15:48.4274265Z Unpacking libsource-highlight4t64:amd64 (3.1.9-4.3build1) ...
2025-10-05T21:15:48.4534289Z Selecting previously unselected package gdb.
2025-10-05T21:15:48.4662459Z Preparing to unpack .../6-gdb_15.0.50.20240403-0ubuntu1_amd64.deb ...
2025-10-05T21:15:48.4672141Z Unpacking gdb (15.0.50.20240403-0ubuntu1) ...
2025-10-05T21:15:48.5883916Z Selecting previously unselected package libc6-dbg:amd64.
2025-10-05T21:15:48.6013278Z Preparing to unpack .../7-libc6-dbg_2.39-0ubuntu8.6_amd64.deb ...
2025-10-05T21:15:48.6031250Z Unpacking libc6-dbg:amd64 (2.39-0ubuntu8.6) ...
2025-10-05T21:15:48.7215964Z Selecting previously unselected package valgrind.
2025-10-05T21:15:48.7349131Z Preparing to unpack .../8-valgrind_1%3a3.22.0-0ubuntu3_amd64.deb ...
2025-10-05T21:15:48.7362249Z Unpacking valgrind (1:3.22.0-0ubuntu3) ...
2025-10-05T21:15:49.1352739Z Setting up libdebuginfod-common (0.190-1.1ubuntu0.1) ...
2025-10-05T21:15:49.2311704Z Setting up libsource-highlight-common (3.1.9-4.3build1) ...
2025-10-05T21:15:49.2345093Z Setting up libc6-dbg:amd64 (2.39-0ubuntu8.6) ...
2025-10-05T21:15:49.2379165Z Setting up libipt2 (2.0.6-1build1) ...
2025-10-05T21:15:49.2412667Z Setting up libbabeltrace1:amd64 (1.5.11-3build3) ...
2025-10-05T21:15:49.2445546Z Setting up valgrind (1:3.22.0-0ubuntu3) ...
2025-10-05T21:15:49.2479241Z Setting up libdebuginfod1t64:amd64 (0.190-1.1ubuntu0.1) ...
2025-10-05T21:15:49.2514196Z Setting up libsource-highlight4t64:amd64 (3.1.9-4.3build1) ...
2025-10-05T21:15:49.2553584Z Setting up gdb (15.0.50.20240403-0ubuntu1) ...
2025-10-05T21:15:49.2607114Z Processing triggers for man-db (2.12.0-4build2) ...
2025-10-05T21:16:36.4964631Z Processing triggers for libc-bin (2.39-0ubuntu8.6) ...
2025-10-05T21:16:37.0500916Z 
2025-10-05T21:16:37.0501253Z Running kernel seems to be up-to-date.
2025-10-05T21:16:37.0501518Z 
2025-10-05T21:16:37.0501601Z Restarting services...
2025-10-05T21:16:37.0560733Z 
2025-10-05T21:16:37.0560935Z Service restarts being deferred:
2025-10-05T21:16:37.0561592Z  systemctl restart hosted-compute-agent.service
2025-10-05T21:16:37.0561973Z 
2025-10-05T21:16:37.0562509Z No containers need to be restarted.
2025-10-05T21:16:37.0562777Z 
2025-10-05T21:16:37.0562959Z No user sessions are running outdated binaries.
2025-10-05T21:16:37.0563451Z 
2025-10-05T21:16:37.8711014Z No VM guests are running outdated hypervisor (qemu) binaries on this host.
2025-10-05T21:16:37.8796456Z ##[group]Run actions/setup-python@v5
2025-10-05T21:16:37.8796714Z with:
2025-10-05T21:16:37.8796912Z   python-version: 3.x
2025-10-05T21:16:37.8797108Z   architecture: x64
2025-10-05T21:16:37.8797282Z   check-latest: false
2025-10-05T21:16:37.8797576Z   token: ***
2025-10-05T21:16:37.8797755Z   update-environment: true
2025-10-05T21:16:37.8797970Z   allow-prereleases: false
2025-10-05T21:16:37.8798166Z   freethreaded: false
2025-10-05T21:16:37.8798343Z ##[endgroup]
2025-10-05T21:16:38.0435535Z ##[group]Installed versions
2025-10-05T21:16:38.1041204Z Successfully set up CPython (3.13.7)
2025-10-05T21:16:38.1041847Z ##[endgroup]
2025-10-05T21:16:38.1141154Z ##[group]Run python -m pip install --upgrade pip
2025-10-05T21:16:38.1141498Z [36;1mpython -m pip install --upgrade pip[0m
2025-10-05T21:16:38.1141783Z [36;1mpython -m pip install docutils pygments[0m
2025-10-05T21:16:38.1289202Z shell: /usr/bin/bash --noprofile --norc -e -o pipefail {0}
2025-10-05T21:16:38.1289513Z env:
2025-10-05T21:16:38.1289753Z   pythonLocation: /opt/hostedtoolcache/Python/3.13.7/x64
2025-10-05T21:16:38.1290151Z   PKG_CONFIG_PATH: /opt/hostedtoolcache/Python/3.13.7/x64/lib/pkgconfig
2025-10-05T21:16:38.1290715Z   Python_ROOT_DIR: /opt/hostedtoolcache/Python/3.13.7/x64
2025-10-05T21:16:38.1291058Z   Python2_ROOT_DIR: /opt/hostedtoolcache/Python/3.13.7/x64
2025-10-05T21:16:38.1291389Z   Python3_ROOT_DIR: /opt/hostedtoolcache/Python/3.13.7/x64
2025-10-05T21:16:38.1291719Z   LD_LIBRARY_PATH: /opt/hostedtoolcache/Python/3.13.7/x64/lib
2025-10-05T21:16:38.1291998Z ##[endgroup]
2025-10-05T21:16:40.5310558Z Requirement already satisfied: pip in /opt/hostedtoolcache/Python/3.13.7/x64/lib/python3.13/site-packages (25.2)
2025-10-05T21:16:41.6127353Z Collecting docutils
2025-10-05T21:16:41.6580119Z   Downloading docutils-0.22.2-py3-none-any.whl.metadata (15 kB)
2025-10-05T21:16:41.6897779Z Collecting pygments
2025-10-05T21:16:41.6970062Z   Downloading pygments-2.19.2-py3-none-any.whl.metadata (2.5 kB)
2025-10-05T21:16:41.7087681Z Downloading docutils-0.22.2-py3-none-any.whl (632 kB)
2025-10-05T21:16:41.7359422Z    ━━━━━━━━━━━━━━━━━━━━━━━━━━━━━━━━━━━━━━━━ 632.7/632.7 kB 38.6 MB/s  0:00:00
2025-10-05T21:16:41.7431121Z Downloading pygments-2.19.2-py3-none-any.whl (1.2 MB)
2025-10-05T21:16:41.7555874Z    ━━━━━━━━━━━━━━━━━━━━━━━━━━━━━━━━━━━━━━━━ 1.2/1.2 MB 98.7 MB/s  0:00:00
2025-10-05T21:16:41.7809966Z Installing collected packages: pygments, docutils
2025-10-05T21:16:42.8703254Z 
2025-10-05T21:16:42.8714569Z Successfully installed docutils-0.22.2 pygments-2.19.2
2025-10-05T21:16:42.9194231Z ##[group]Run cmake --list-presets
2025-10-05T21:16:42.9194524Z [36;1mcmake --list-presets[0m
2025-10-05T21:16:42.9227538Z shell: /usr/bin/bash --noprofile --norc -e -o pipefail {0}
2025-10-05T21:16:42.9227836Z env:
2025-10-05T21:16:42.9228058Z   pythonLocation: /opt/hostedtoolcache/Python/3.13.7/x64
2025-10-05T21:16:42.9228440Z   PKG_CONFIG_PATH: /opt/hostedtoolcache/Python/3.13.7/x64/lib/pkgconfig
2025-10-05T21:16:42.9228808Z   Python_ROOT_DIR: /opt/hostedtoolcache/Python/3.13.7/x64
2025-10-05T21:16:42.9229131Z   Python2_ROOT_DIR: /opt/hostedtoolcache/Python/3.13.7/x64
2025-10-05T21:16:42.9229475Z   Python3_ROOT_DIR: /opt/hostedtoolcache/Python/3.13.7/x64
2025-10-05T21:16:42.9229798Z   LD_LIBRARY_PATH: /opt/hostedtoolcache/Python/3.13.7/x64/lib
2025-10-05T21:16:42.9230074Z ##[endgroup]
2025-10-05T21:16:43.2863366Z Available configure presets:
2025-10-05T21:16:43.2863711Z 
2025-10-05T21:16:43.2864268Z   "linux-gcc-ubsan-ootree-fast"              - Linux x86_64: GCC / Ubsan / Out of tree (fast)
2025-10-05T21:16:43.2865331Z   "linux-gcc-ubsan-ootree-full"              - Linux x86_64: GCC / Ubsan / Out of tree (full)
2025-10-05T21:16:43.2866323Z   "linux-gcc-asan-ootree-fast"               - Linux x86_64: GCC / Asan / Out of tree (fast)
2025-10-05T21:16:43.2867299Z   "linux-gcc-asan-ootree-full"               - Linux x86_64: GCC / Asan / Out of tree (full)
2025-10-05T21:16:43.2868424Z   "linux-gcc-debug-ootree-skeleton-fast"     - Linux x86_64: GCC / Debug / Skeleton / Out of tree (fast)
2025-10-05T21:16:43.2869564Z   "linux-gcc-debug-ootree-skeleton-full"     - Linux x86_64: GCC / Debug / Skeleton / Out of tree (full)
2025-10-05T21:16:43.2870384Z   "linux-gcc-debug-intree-m32-skeleton-fast" - Linux x86: GCC / Debug / Skeleton / In tree (fast)
2025-10-05T21:16:43.2871008Z   "linux-gcc-debug-intree-m32-skeleton-full" - Linux x86: GCC / Debug / Skeleton / In tree (full)
2025-10-05T21:16:43.2871668Z   "linux-gcc-release-ootree-skeleton-fast"   - Linux x86_64: GCC / Release / Skeleton / Out of tree (fast)
2025-10-05T21:16:43.2872835Z   "linux-gcc-release-ootree-skeleton-full"   - Linux x86_64: GCC / Release / Skeleton / Out of tree (full)
2025-10-05T21:16:43.2873966Z   "linux-gcc-valgrind-ootree-fast"           - Linux x86_64: GCC / Valgrind / Out of tree (fast)
2025-10-05T21:16:43.2874633Z   "linux-gcc-valgrind-ootree-full"           - Linux x86_64: GCC / Valgrind / Out of tree (full)
2025-10-05T21:16:43.2897948Z ##[group]Run cmake --preset=linux-gcc-debug-ootree-skeleton-fast -DPython3_ROOT_DIR="/opt/hostedtoolcache/Python/3.13.7/x64"
2025-10-05T21:16:43.2898759Z [36;1mcmake --preset=linux-gcc-debug-ootree-skeleton-fast -DPython3_ROOT_DIR="/opt/hostedtoolcache/Python/3.13.7/x64"[0m
2025-10-05T21:16:43.2931548Z shell: /usr/bin/bash --noprofile --norc -e -o pipefail {0}
2025-10-05T21:16:43.2931846Z env:
2025-10-05T21:16:43.2932077Z   pythonLocation: /opt/hostedtoolcache/Python/3.13.7/x64
2025-10-05T21:16:43.2932463Z   PKG_CONFIG_PATH: /opt/hostedtoolcache/Python/3.13.7/x64/lib/pkgconfig
2025-10-05T21:16:43.2932832Z   Python_ROOT_DIR: /opt/hostedtoolcache/Python/3.13.7/x64
2025-10-05T21:16:43.2933366Z   Python2_ROOT_DIR: /opt/hostedtoolcache/Python/3.13.7/x64
2025-10-05T21:16:43.2933730Z   Python3_ROOT_DIR: /opt/hostedtoolcache/Python/3.13.7/x64
2025-10-05T21:16:43.2934060Z   LD_LIBRARY_PATH: /opt/hostedtoolcache/Python/3.13.7/x64/lib
2025-10-05T21:16:43.2934332Z ##[endgroup]
2025-10-05T21:16:44.2935979Z Preset CMake variables:
2025-10-05T21:16:44.2936249Z 
2025-10-05T21:16:44.2936401Z   CMAKE_BUILD_TYPE="Debug"
2025-10-05T21:16:44.2936767Z   CMAKE_CXX_COMPILER="g++"
2025-10-05T21:16:44.2937123Z   CMAKE_CXX_FLAGS="-O2"
2025-10-05T21:16:44.2937468Z   CMAKE_C_COMPILER="gcc"
2025-10-05T21:16:44.2937835Z   CMAKE_C_FLAGS="-O2"
2025-10-05T21:16:44.2938630Z   CMAKE_INSTALL_PREFIX:PATH="/home/runner/work/re2c/re2c/install"
2025-10-05T21:16:44.2939148Z   RE2C_BUILD_RE2D:BOOL="FALSE"
2025-10-05T21:16:44.2939370Z   RE2C_BUILD_RE2GO:BOOL="FALSE"
2025-10-05T21:16:44.2939588Z   RE2C_BUILD_RE2HS:BOOL="FALSE"
2025-10-05T21:16:44.2939807Z   RE2C_BUILD_RE2JAVA:BOOL="FALSE"
2025-10-05T21:16:44.2940034Z   RE2C_BUILD_RE2JS:BOOL="FALSE"
2025-10-05T21:16:44.2940245Z   RE2C_BUILD_RE2OCAML:BOOL="FALSE"
2025-10-05T21:16:44.2940476Z   RE2C_BUILD_RE2PY:BOOL="FALSE"
2025-10-05T21:16:44.2940688Z   RE2C_BUILD_RE2RUST:BOOL="FALSE"
2025-10-05T21:16:44.2940904Z   RE2C_BUILD_RE2SWIFT:BOOL="FALSE"
2025-10-05T21:16:44.2941132Z   RE2C_BUILD_RE2V:BOOL="FALSE"
2025-10-05T21:16:44.2941340Z   RE2C_BUILD_RE2ZIG:BOOL="FALSE"
2025-10-05T21:16:44.2941490Z 
2025-10-05T21:16:44.2941601Z -- The C compiler identification is GNU 13.3.0
2025-10-05T21:16:45.1817842Z -- The CXX compiler identification is GNU 13.3.0
2025-10-05T21:16:45.2539434Z -- Detecting C compiler ABI info
2025-10-05T21:16:45.4302416Z -- Detecting C compiler ABI info - done
2025-10-05T21:16:45.4474551Z -- Check for working C compiler: /usr/bin/gcc - skipped
2025-10-05T21:16:45.4516631Z -- Detecting C compile features
2025-10-05T21:16:45.4523644Z -- Detecting C compile features - done
2025-10-05T21:16:45.4751337Z -- Detecting CXX compiler ABI info
2025-10-05T21:16:45.5665263Z -- Detecting CXX compiler ABI info - done
2025-10-05T21:16:45.5841272Z -- Check for working CXX compiler: /usr/bin/g++ - skipped
2025-10-05T21:16:45.5846141Z -- Detecting CXX compile features
2025-10-05T21:16:45.5855829Z -- Detecting CXX compile features - done
2025-10-05T21:16:45.6221273Z -- Performing Test cxxflag__W
2025-10-05T21:16:45.6814896Z -- Performing Test cxxflag__W - Success
2025-10-05T21:16:45.6822626Z -- Performing Test cxxflag__Wall
2025-10-05T21:16:45.7407204Z -- Performing Test cxxflag__Wall - Success
2025-10-05T21:16:45.7415600Z -- Performing Test cxxflag__Wextra
2025-10-05T21:16:45.7998446Z -- Performing Test cxxflag__Wextra - Success
2025-10-05T21:16:45.8006965Z -- Performing Test cxxflag__Weffc__
2025-10-05T21:16:45.8594004Z -- Performing Test cxxflag__Weffc__ - Success
2025-10-05T21:16:45.8602051Z -- Performing Test cxxflag__pedantic
2025-10-05T21:16:45.9195151Z -- Performing Test cxxflag__pedantic - Success
2025-10-05T21:16:45.9203386Z -- Performing Test cxxflag__Wformat_2
2025-10-05T21:16:45.9809233Z -- Performing Test cxxflag__Wformat_2 - Success
2025-10-05T21:16:45.9817621Z -- Performing Test cxxflag__Wredundant_decls
2025-10-05T21:16:46.0408893Z -- Performing Test cxxflag__Wredundant_decls - Success
2025-10-05T21:16:46.0417150Z -- Performing Test cxxflag__Wsuggest_attribute_format
2025-10-05T21:16:46.1003736Z -- Performing Test cxxflag__Wsuggest_attribute_format - Success
2025-10-05T21:16:46.1011321Z -- Performing Test cxxflag__Wconversion
2025-10-05T21:16:46.1600845Z -- Performing Test cxxflag__Wconversion - Success
2025-10-05T21:16:46.1611079Z -- Performing Test cxxflag__Wsign_conversion
2025-10-05T21:16:46.2200552Z -- Performing Test cxxflag__Wsign_conversion - Success
2025-10-05T21:16:46.2208570Z -- Performing Test cxxflag__Werror_return_type
2025-10-05T21:16:46.2796059Z -- Performing Test cxxflag__Werror_return_type - Success
2025-10-05T21:16:46.2804316Z -- Performing Test cxxflag__Weverything
2025-10-05T21:16:46.3047333Z -- Performing Test cxxflag__Weverything - Failed
2025-10-05T21:16:46.3055683Z -- Performing Test cxxflag__fdiagnostics_color_always
2025-10-05T21:16:46.3690296Z -- Performing Test cxxflag__fdiagnostics_color_always - Success
2025-10-05T21:16:46.3691214Z -- C compiler flags: -O2
2025-10-05T21:16:46.3692440Z -- C++ compiler flags:  -W -Wall -Wextra -Weffc++ -pedantic -Wformat=2 -Wredundant-decls -Wsuggest-attribute=format -Wconversion -Wsign-conversion -Werror=return-type -fdiagnostics-color=always -O2
2025-10-05T21:16:46.3693813Z -- Linker flags for executables: 
2025-10-05T21:16:46.3694257Z -- Linker flags for shared libs: 
2025-10-05T21:16:46.3694637Z -- Debug C compiler flags: -g
2025-10-05T21:16:46.3695043Z -- Debug C++ compiler flags: -g
2025-10-05T21:16:46.3695446Z -- Debug linker flags for executables: 
2025-10-05T21:16:46.3695893Z -- Debug linker flags for shared libs: 
2025-10-05T21:16:46.5105915Z -- Found Python3: /opt/hostedtoolcache/Python/3.13.7/x64/bin/python3.13 (found suitable version "3.13.7", minimum required is "3.7") found components: Interpreter
2025-10-05T21:16:46.7522600Z -- Looking for sys/types.h
2025-10-05T21:16:46.8815209Z -- Looking for sys/types.h - found
2025-10-05T21:16:46.8816915Z -- Looking for sys/stat.h
2025-10-05T21:16:46.9376452Z -- Looking for sys/stat.h - found
2025-10-05T21:16:46.9378334Z -- Looking for fcntl.h
2025-10-05T21:16:46.9945695Z -- Looking for fcntl.h - found
2025-10-05T21:16:46.9947351Z -- Looking for unistd.h
2025-10-05T21:16:47.0639957Z -- Looking for unistd.h - found
2025-10-05T21:16:47.0642134Z -- Looking for io.h
2025-10-05T21:16:47.0935603Z -- Looking for io.h - not found
2025-10-05T21:16:47.0959932Z -- Writing config.h
2025-10-05T21:16:47.1038029Z -- Configuring done (3.8s)
2025-10-05T21:16:47.1319156Z -- Generating done (0.0s)
2025-10-05T21:16:47.1323365Z -- Build files have been written to: /home/runner/work/re2c/re2c/.build/linux-gcc-debug-ootree-skeleton-fast
2025-10-05T21:16:47.1391753Z ##[group]Run cmake --build --preset=linux-gcc-debug-ootree-skeleton-fast -j$(nproc)
2025-10-05T21:16:47.1392326Z [36;1mcmake --build --preset=linux-gcc-debug-ootree-skeleton-fast -j$(nproc)[0m
2025-10-05T21:16:47.1424537Z shell: /usr/bin/bash --noprofile --norc -e -o pipefail {0}
2025-10-05T21:16:47.1424850Z env:
2025-10-05T21:16:47.1425090Z   pythonLocation: /opt/hostedtoolcache/Python/3.13.7/x64
2025-10-05T21:16:47.1425493Z   PKG_CONFIG_PATH: /opt/hostedtoolcache/Python/3.13.7/x64/lib/pkgconfig
2025-10-05T21:16:47.1425905Z   Python_ROOT_DIR: /opt/hostedtoolcache/Python/3.13.7/x64
2025-10-05T21:16:47.1426251Z   Python2_ROOT_DIR: /opt/hostedtoolcache/Python/3.13.7/x64
2025-10-05T21:16:47.1426608Z   Python3_ROOT_DIR: /opt/hostedtoolcache/Python/3.13.7/x64
2025-10-05T21:16:47.1426946Z   LD_LIBRARY_PATH: /opt/hostedtoolcache/Python/3.13.7/x64/lib
2025-10-05T21:16:47.1427232Z ##[endgroup]
2025-10-05T21:16:47.1733677Z [  1%] Copying bootstrap parser, reconfigure with RE2C_REBUILD_PARSERS to regenerate
2025-10-05T21:16:47.1734762Z [  2%] Copying bootstrap src/msg/ver_to_vernum.cc, reconfigure with RE2C_REBUILD_LEXERS to regenerate
2025-10-05T21:16:47.1774724Z [  3%] Building CXX object CMakeFiles/re2c_test_list.dir/src/test/list/test.cc.o
2025-10-05T21:16:47.1779246Z [  4%] Building CXX object CMakeFiles/re2c_test_range.dir/src/test/range/test.cc.o
2025-10-05T21:16:47.1815510Z [  5%] Generating doc/re2c.1
2025-10-05T21:16:47.1835998Z [  6%] Building CXX object CMakeFiles/re2c_objects_autogen_ver_to_vernum.dir/src/msg/ver_to_vernum.cc.o
2025-10-05T21:16:47.1864891Z [  7%] Copying bootstrap syntax file, reconfigure with RE2C_REBUILD_PARSERS to regenerate
2025-10-05T21:16:47.1903234Z [  8%] Copying bootstrap syntax file, reconfigure with RE2C_REBUILD_PARSERS to regenerate
2025-10-05T21:16:47.1946583Z [  9%] Copying bootstrap syntax file, reconfigure with RE2C_REBUILD_PARSERS to regenerate
2025-10-05T21:16:47.1985696Z [ 10%] Copying bootstrap syntax file, reconfigure with RE2C_REBUILD_PARSERS to regenerate
2025-10-05T21:16:47.2021860Z [ 11%] Copying bootstrap syntax file, reconfigure with RE2C_REBUILD_PARSERS to regenerate
2025-10-05T21:16:47.2058633Z [ 12%] Copying bootstrap syntax file, reconfigure with RE2C_REBUILD_PARSERS to regenerate
2025-10-05T21:16:47.2095549Z [ 13%] Copying bootstrap syntax file, reconfigure with RE2C_REBUILD_PARSERS to regenerate
2025-10-05T21:16:47.2131926Z [ 14%] Copying bootstrap syntax file, reconfigure with RE2C_REBUILD_PARSERS to regenerate
2025-10-05T21:16:47.2169020Z [ 15%] Copying bootstrap syntax file, reconfigure with RE2C_REBUILD_PARSERS to regenerate
2025-10-05T21:16:47.2204991Z [ 16%] Copying bootstrap syntax file, reconfigure with RE2C_REBUILD_PARSERS to regenerate
2025-10-05T21:16:47.2240661Z [ 17%] Copying bootstrap syntax file, reconfigure with RE2C_REBUILD_PARSERS to regenerate
2025-10-05T21:16:47.2278625Z [ 18%] Copying bootstrap syntax file, reconfigure with RE2C_REBUILD_PARSERS to regenerate
2025-10-05T21:16:47.2315172Z [ 19%] Copying bootstrap src/options/parse_opts.cc, reconfigure with RE2C_REBUILD_LEXERS to regenerate
2025-10-05T21:16:47.2354750Z [ 20%] Copying bootstrap src/parse/conf_lexer.cc, reconfigure with RE2C_REBUILD_LEXERS to regenerate
2025-10-05T21:16:47.2394735Z [ 21%] Copying bootstrap parser, reconfigure with RE2C_REBUILD_PARSERS to regenerate
2025-10-05T21:16:47.2464112Z [ 22%] Copying bootstrap src/parse/lexer.cc and src/parse/lexer.h, reconfigure with RE2C_REBUILD_LEXERS to regenerate
2025-10-05T21:16:47.2597274Z [ 23%] Building CXX object CMakeFiles/re2c_objects_autogen.dir/src/options/parse_opts.cc.o
2025-10-05T21:16:47.5862611Z [ 23%] Built target re2c_objects_autogen_ver_to_vernum
2025-10-05T21:16:47.5975254Z [ 24%] Building CXX object CMakeFiles/re2c_test_s_to_n32_unsafe.dir/src/test/s_to_n32_unsafe/test.cc.o
2025-10-05T21:16:47.6256338Z [ 25%] Building CXX object CMakeFiles/re2c_test_range.dir/src/util/range.cc.o
2025-10-05T21:16:47.7322480Z [ 26%] Linking CXX executable re2c_test_list
2025-10-05T21:16:47.7985314Z [ 26%] Built target re2c_test_list
2025-10-05T21:16:47.8017788Z [ 27%] Building CXX object CMakeFiles/re2c_test_s_to_n32_unsafe.dir/src/util/string_utils.cc.o
2025-10-05T21:16:47.8773872Z [ 28%] Linking CXX executable re2c_test_range
2025-10-05T21:16:47.9501481Z [ 28%] Built target re2c_test_range
2025-10-05T21:16:47.9531224Z [ 29%] Building CXX object CMakeFiles/re2c_objects_autogen.dir/src/parse/lexer.cc.o
2025-10-05T21:16:47.9839493Z [ 30%] Building CXX object CMakeFiles/re2c_objects_autogen.dir/src/parse/parser.cc.o
2025-10-05T21:16:48.1786326Z [ 31%] Linking CXX executable re2c_test_s_to_n32_unsafe
2025-10-05T21:16:48.2461021Z [ 31%] Built target re2c_test_s_to_n32_unsafe
2025-10-05T21:16:48.2494999Z [ 32%] Building CXX object CMakeFiles/re2c_objects_autogen.dir/src/parse/conf_lexer.cc.o
2025-10-05T21:16:49.0839917Z [ 33%] Building CXX object CMakeFiles/re2c_test_ver_to_vernum.dir/src/test/ver_to_vernum/test.cc.o
2025-10-05T21:16:49.1906540Z [ 34%] Building CXX object CMakeFiles/re2c_test_argsubst.dir/src/test/argsubst/test.cc.o
2025-10-05T21:16:49.3137635Z [ 35%] Linking CXX executable re2c_test_ver_to_vernum
2025-10-05T21:16:49.3871770Z [ 35%] Built target re2c_test_ver_to_vernum
2025-10-05T21:16:49.3904669Z [ 36%] Building CXX object CMakeFiles/re2c_objects_autogen.dir/src/parse/conf_parser.cc.o
2025-10-05T21:16:49.6922850Z [ 37%] Linking CXX executable re2c_test_argsubst
2025-10-05T21:16:49.7595810Z [ 37%] Built target re2c_test_argsubst
2025-10-05T21:16:51.7845851Z [ 37%] Built target re2c_objects_autogen
2025-10-05T21:16:51.7885966Z [ 38%] Generating src/msg/help_re2c.cc
2025-10-05T21:16:51.7974503Z [ 39%] Building CXX object CMakeFiles/re2c.dir/src/codegen/helpers.cc.o
2025-10-05T21:16:51.7979293Z [ 40%] Building CXX object CMakeFiles/re2c.dir/src/codegen/output.cc.o
2025-10-05T21:16:51.7980068Z [ 41%] Building CXX object CMakeFiles/re2c.dir/src/codegen/pass1_analyze.cc.o
2025-10-05T21:16:51.7982135Z [ 42%] Building CXX object CMakeFiles/re2c.dir/src/codegen/pass2_generate.cc.o
2025-10-05T21:16:52.4738626Z [ 43%] Building CXX object CMakeFiles/re2c.dir/src/codegen/pass3_fixup.cc.o
2025-10-05T21:16:53.3165405Z [ 44%] Building CXX object CMakeFiles/re2c.dir/src/codegen/pass4_render.cc.o
2025-10-05T21:16:53.7221587Z [ 45%] Building CXX object CMakeFiles/re2c.dir/src/options/opt.cc.o
2025-10-05T21:16:54.0132415Z [ 46%] Building CXX object CMakeFiles/re2c.dir/src/options/symtab.cc.o
2025-10-05T21:16:54.5297953Z [ 47%] Building CXX object CMakeFiles/re2c.dir/src/nfa/re_to_nfa.cc.o
2025-10-05T21:16:55.5703767Z [ 48%] Building CXX object CMakeFiles/re2c.dir/src/adfa/adfa.cc.o
2025-10-05T21:16:55.7866550Z [ 49%] Building CXX object CMakeFiles/re2c.dir/src/debug/dump_adfa.cc.o
2025-10-05T21:16:56.4943064Z [ 50%] Building CXX object CMakeFiles/re2c.dir/src/debug/dump_cfg.cc.o
2025-10-05T21:16:56.8190195Z [ 51%] Building CXX object CMakeFiles/re2c.dir/src/debug/dump_dfa.cc.o
2025-10-05T21:16:56.9863045Z [ 52%] Building CXX object CMakeFiles/re2c.dir/src/debug/dump_dfa_tree.cc.o
2025-10-05T21:16:57.6401348Z [ 53%] Building CXX object CMakeFiles/re2c.dir/src/debug/dump_interf.cc.o
2025-10-05T21:16:57.7810022Z [ 54%] Building CXX object CMakeFiles/re2c.dir/src/debug/dump_nfa.cc.o
2025-10-05T21:16:58.1196481Z [ 55%] Building CXX object CMakeFiles/re2c.dir/src/cfg/cfg.cc.o
2025-10-05T21:16:58.3683932Z [ 56%] Building CXX object CMakeFiles/re2c.dir/src/cfg/compact.cc.o
2025-10-05T21:16:58.8017969Z [ 57%] Building CXX object CMakeFiles/re2c.dir/src/cfg/dce.cc.o
2025-10-05T21:16:58.8607724Z [ 58%] Building CXX object CMakeFiles/re2c.dir/src/cfg/freeze.cc.o
2025-10-05T21:16:58.8960802Z [ 59%] Building CXX object CMakeFiles/re2c.dir/src/cfg/interfere.cc.o
2025-10-05T21:16:59.2717380Z [ 60%] Building CXX object CMakeFiles/re2c.dir/src/cfg/liveanal.cc.o
2025-10-05T21:16:59.3352118Z [ 61%] Building CXX object CMakeFiles/re2c.dir/src/cfg/normalize.cc.o
2025-10-05T21:16:59.5306140Z [ 62%] Building CXX object CMakeFiles/re2c.dir/src/cfg/optimize.cc.o
2025-10-05T21:16:59.8549961Z [ 63%] Building CXX object CMakeFiles/re2c.dir/src/cfg/rename.cc.o
2025-10-05T21:17:00.0013593Z [ 64%] Building CXX object CMakeFiles/re2c.dir/src/cfg/varalloc.cc.o
2025-10-05T21:17:00.1556834Z [ 65%] Building CXX object CMakeFiles/re2c.dir/src/dfa/closure.cc.o
2025-10-05T21:17:00.4448966Z [ 66%] Building CXX object CMakeFiles/re2c.dir/src/dfa/dead_rules.cc.o
2025-10-05T21:17:00.5415437Z [ 67%] Building CXX object CMakeFiles/re2c.dir/src/dfa/determinization.cc.o
2025-10-05T21:17:01.6054275Z [ 68%] Building CXX object CMakeFiles/re2c.dir/src/dfa/fallback_tags.cc.o
2025-10-05T21:17:01.8898764Z [ 69%] Building CXX object CMakeFiles/re2c.dir/src/dfa/fillpoints.cc.o
2025-10-05T21:17:02.2542615Z [ 70%] Building CXX object CMakeFiles/re2c.dir/src/dfa/find_state.cc.o
2025-10-05T21:17:02.7243855Z [ 71%] Building CXX object CMakeFiles/re2c.dir/src/dfa/minimization.cc.o
2025-10-05T21:17:02.9153583Z [ 72%] Building CXX object CMakeFiles/re2c.dir/src/dfa/tagver_table.cc.o
2025-10-05T21:17:02.9766863Z [ 73%] Building CXX object CMakeFiles/re2c.dir/src/dfa/tcmd.cc.o
2025-10-05T21:17:03.4734753Z [ 74%] Building CXX object CMakeFiles/re2c.dir/src/encoding/ebcdic.cc.o
2025-10-05T21:17:03.5093740Z [ 75%] Building CXX object CMakeFiles/re2c.dir/src/encoding/enc.cc.o
2025-10-05T21:17:03.7776041Z [ 76%] Building CXX object CMakeFiles/re2c.dir/src/encoding/range_suffix.cc.o
2025-10-05T21:17:03.8068691Z [ 77%] Building CXX object CMakeFiles/re2c.dir/src/encoding/utf8.cc.o
2025-10-05T21:17:03.8081907Z [ 78%] Building CXX object CMakeFiles/re2c.dir/src/encoding/utf16.cc.o
2025-10-05T21:17:04.1115746Z [ 79%] Building CXX object CMakeFiles/re2c.dir/src/msg/msg.cc.o
2025-10-05T21:17:04.1159952Z [ 80%] Building CXX object CMakeFiles/re2c.dir/src/msg/warn.cc.o
2025-10-05T21:17:04.1996927Z [ 81%] Building CXX object CMakeFiles/re2c.dir/src/regexp/ast_to_re.cc.o
2025-10-05T21:17:04.2124915Z [ 82%] Building CXX object CMakeFiles/re2c.dir/src/regexp/default_tags.cc.o
2025-10-05T21:17:04.6964761Z [ 83%] Building CXX object CMakeFiles/re2c.dir/src/regexp/fixed_tags.cc.o
2025-10-05T21:17:04.8984667Z [ 84%] Building CXX object CMakeFiles/re2c.dir/src/regexp/nullable.cc.o
2025-10-05T21:17:05.3396056Z [ 85%] Building CXX object CMakeFiles/re2c.dir/src/regexp/regexp.cc.o
2025-10-05T21:17:05.3952301Z [ 86%] Building CXX object CMakeFiles/re2c.dir/src/regexp/split_charset.cc.o
2025-10-05T21:17:05.3988915Z [ 87%] Building CXX object CMakeFiles/re2c.dir/src/skeleton/control_flow.cc.o
2025-10-05T21:17:05.8984276Z [ 88%] Building CXX object CMakeFiles/re2c.dir/src/skeleton/generate_code.cc.o
2025-10-05T21:17:05.9632766Z [ 89%] Building CXX object CMakeFiles/re2c.dir/src/skeleton/generate_data.cc.o
2025-10-05T21:17:06.3234097Z [ 90%] Building CXX object CMakeFiles/re2c.dir/src/skeleton/maxpath.cc.o
2025-10-05T21:17:06.7029013Z [ 91%] Building CXX object CMakeFiles/re2c.dir/src/skeleton/skeleton.cc.o
2025-10-05T21:17:07.1117923Z [ 92%] Building CXX object CMakeFiles/re2c.dir/src/parse/ast.cc.o
2025-10-05T21:17:07.8099319Z [ 93%] Building CXX object CMakeFiles/re2c.dir/src/parse/input.cc.o
2025-10-05T21:17:08.7105044Z [ 94%] Building CXX object CMakeFiles/re2c.dir/src/util/file_utils.cc.o
2025-10-05T21:17:08.9594211Z [ 95%] Building CXX object CMakeFiles/re2c.dir/src/util/string_utils.cc.o
2025-10-05T21:17:08.9974830Z [ 96%] Building CXX object CMakeFiles/re2c.dir/src/util/range.cc.o
2025-10-05T21:17:09.2097658Z [ 97%] Building CXX object CMakeFiles/re2c.dir/src/main.cc.o
2025-10-05T21:17:09.2666630Z [ 98%] Building CXX object CMakeFiles/re2c.dir/src/msg/help_re2c.cc.o
2025-10-05T21:17:10.6312968Z [100%] Linking CXX executable re2c
2025-10-05T21:17:10.8354770Z [100%] Built target re2c
2025-10-05T21:17:10.8529324Z ##[group]Run cmake --build --preset=linux-gcc-debug-ootree-skeleton-fast --target install
2025-10-05T21:17:10.8530381Z [36;1mcmake --build --preset=linux-gcc-debug-ootree-skeleton-fast --target install[0m
2025-10-05T21:17:10.8577465Z shell: /usr/bin/bash --noprofile --norc -e -o pipefail {0}
2025-10-05T21:17:10.8577983Z env:
2025-10-05T21:17:10.8578374Z   pythonLocation: /opt/hostedtoolcache/Python/3.13.7/x64
2025-10-05T21:17:10.8579064Z   PKG_CONFIG_PATH: /opt/hostedtoolcache/Python/3.13.7/x64/lib/pkgconfig
2025-10-05T21:17:10.8579726Z   Python_ROOT_DIR: /opt/hostedtoolcache/Python/3.13.7/x64
2025-10-05T21:17:10.8580305Z   Python2_ROOT_DIR: /opt/hostedtoolcache/Python/3.13.7/x64
2025-10-05T21:17:10.8580906Z   Python3_ROOT_DIR: /opt/hostedtoolcache/Python/3.13.7/x64
2025-10-05T21:17:10.8581501Z   LD_LIBRARY_PATH: /opt/hostedtoolcache/Python/3.13.7/x64/lib
2025-10-05T21:17:10.8582003Z ##[endgroup]
2025-10-05T21:17:10.8976102Z [ 23%] Built target re2c_objects_autogen
2025-10-05T21:17:10.9057907Z [ 25%] Built target re2c_objects_autogen_ver_to_vernum
2025-10-05T21:17:10.9643439Z [ 87%] Built target re2c
2025-10-05T21:17:10.9730938Z [ 89%] Built target re2c_test_list
2025-10-05T21:17:10.9819891Z [ 92%] Built target re2c_test_range
2025-10-05T21:17:10.9917785Z [ 95%] Built target re2c_test_s_to_n32_unsafe
2025-10-05T21:17:11.0001587Z [ 97%] Built target re2c_test_ver_to_vernum
2025-10-05T21:17:11.0090785Z [100%] Built target re2c_test_argsubst
2025-10-05T21:17:11.0161448Z Install the project...
2025-10-05T21:17:11.0180441Z -- Install configuration: "Debug"
2025-10-05T21:17:11.0182838Z -- Installing: /home/runner/work/re2c/re2c/install/bin/re2c
2025-10-05T21:17:11.0388066Z -- Installing: /home/runner/work/re2c/re2c/install/share/man/man1/re2c.1
2025-10-05T21:17:11.0392668Z -- Installing: /home/runner/work/re2c/re2c/install/share/re2c/stdlib/c
2025-10-05T21:17:11.0394705Z -- Installing: /home/runner/work/re2c/re2c/install/share/re2c/stdlib/d
2025-10-05T21:17:11.0396645Z -- Installing: /home/runner/work/re2c/re2c/install/share/re2c/stdlib/go
2025-10-05T21:17:11.0398448Z -- Installing: /home/runner/work/re2c/re2c/install/share/re2c/stdlib/haskell
2025-10-05T21:17:11.0400149Z -- Installing: /home/runner/work/re2c/re2c/install/share/re2c/stdlib/java
2025-10-05T21:17:11.0402213Z -- Installing: /home/runner/work/re2c/re2c/install/share/re2c/stdlib/js
2025-10-05T21:17:11.0404069Z -- Installing: /home/runner/work/re2c/re2c/install/share/re2c/stdlib/ocaml
2025-10-05T21:17:11.0406190Z -- Installing: /home/runner/work/re2c/re2c/install/share/re2c/stdlib/python
2025-10-05T21:17:11.0407802Z -- Installing: /home/runner/work/re2c/re2c/install/share/re2c/stdlib/rust
2025-10-05T21:17:11.0409954Z -- Installing: /home/runner/work/re2c/re2c/install/share/re2c/stdlib/swift
2025-10-05T21:17:11.0411555Z -- Installing: /home/runner/work/re2c/re2c/install/share/re2c/stdlib/v
2025-10-05T21:17:11.0413690Z -- Installing: /home/runner/work/re2c/re2c/install/share/re2c/stdlib/zig
2025-10-05T21:17:11.0415937Z -- Installing: /home/runner/work/re2c/re2c/install/share/re2c/stdlib/unicode_categories.re
2025-10-05T21:17:11.0459477Z ##[group]Run ./re2c --version
2025-10-05T21:17:11.0459751Z [36;1m./re2c --version[0m
2025-10-05T21:17:11.0491663Z shell: /usr/bin/bash --noprofile --norc -e -o pipefail {0}
2025-10-05T21:17:11.0491960Z env:
2025-10-05T21:17:11.0492187Z   pythonLocation: /opt/hostedtoolcache/Python/3.13.7/x64
2025-10-05T21:17:11.0492563Z   PKG_CONFIG_PATH: /opt/hostedtoolcache/Python/3.13.7/x64/lib/pkgconfig
2025-10-05T21:17:11.0492945Z   Python_ROOT_DIR: /opt/hostedtoolcache/Python/3.13.7/x64
2025-10-05T21:17:11.0493472Z   Python2_ROOT_DIR: /opt/hostedtoolcache/Python/3.13.7/x64
2025-10-05T21:17:11.0493814Z   Python3_ROOT_DIR: /opt/hostedtoolcache/Python/3.13.7/x64
2025-10-05T21:17:11.0494141Z   LD_LIBRARY_PATH: /opt/hostedtoolcache/Python/3.13.7/x64/lib
2025-10-05T21:17:11.0494428Z ##[endgroup]
2025-10-05T21:17:11.0559893Z re2c 4.3 (debug)
2025-10-05T21:17:11.0585194Z ##[group]Run if echo "linux-gcc-debug-ootree-skeleton" | grep -q "ootree"; then
2025-10-05T21:17:11.0585723Z [36;1mif echo "linux-gcc-debug-ootree-skeleton" | grep -q "ootree"; then[0m
2025-10-05T21:17:11.0586256Z [36;1m  BUILD_DIR="/home/runner/work/re2c/re2c/.build/linux-gcc-debug-ootree-skeleton-full"[0m
2025-10-05T21:17:11.0586659Z [36;1melse[0m
2025-10-05T21:17:11.0586860Z [36;1m  BUILD_DIR="/home/runner/work/re2c/re2c"[0m
2025-10-05T21:17:11.0587108Z [36;1mfi[0m
2025-10-05T21:17:11.0587309Z [36;1mecho "BUILD_DIR=$BUILD_DIR" >> $GITHUB_OUTPUT[0m
2025-10-05T21:17:11.0618172Z shell: /usr/bin/bash --noprofile --norc -e -o pipefail {0}
2025-10-05T21:17:11.0618480Z env:
2025-10-05T21:17:11.0618708Z   pythonLocation: /opt/hostedtoolcache/Python/3.13.7/x64
2025-10-05T21:17:11.0619092Z   PKG_CONFIG_PATH: /opt/hostedtoolcache/Python/3.13.7/x64/lib/pkgconfig
2025-10-05T21:17:11.0619464Z   Python_ROOT_DIR: /opt/hostedtoolcache/Python/3.13.7/x64
2025-10-05T21:17:11.0619824Z   Python2_ROOT_DIR: /opt/hostedtoolcache/Python/3.13.7/x64
2025-10-05T21:17:11.0620150Z   Python3_ROOT_DIR: /opt/hostedtoolcache/Python/3.13.7/x64
2025-10-05T21:17:11.0620488Z   LD_LIBRARY_PATH: /opt/hostedtoolcache/Python/3.13.7/x64/lib
2025-10-05T21:17:11.0620771Z ##[endgroup]
2025-10-05T21:17:11.0725595Z ##[group]Run cmake --preset=linux-gcc-debug-ootree-skeleton-full -DPython3_ROOT_DIR="/opt/hostedtoolcache/Python/3.13.7/x64"
2025-10-05T21:17:11.0726422Z [36;1mcmake --preset=linux-gcc-debug-ootree-skeleton-full -DPython3_ROOT_DIR="/opt/hostedtoolcache/Python/3.13.7/x64"[0m
2025-10-05T21:17:11.0756222Z shell: /usr/bin/bash --noprofile --norc -e -o pipefail {0}
2025-10-05T21:17:11.0756519Z env:
2025-10-05T21:17:11.0756751Z   pythonLocation: /opt/hostedtoolcache/Python/3.13.7/x64
2025-10-05T21:17:11.0757125Z   PKG_CONFIG_PATH: /opt/hostedtoolcache/Python/3.13.7/x64/lib/pkgconfig
2025-10-05T21:17:11.0757499Z   Python_ROOT_DIR: /opt/hostedtoolcache/Python/3.13.7/x64
2025-10-05T21:17:11.0757871Z   Python2_ROOT_DIR: /opt/hostedtoolcache/Python/3.13.7/x64
2025-10-05T21:17:11.0758202Z   Python3_ROOT_DIR: /opt/hostedtoolcache/Python/3.13.7/x64
2025-10-05T21:17:11.0758534Z   LD_LIBRARY_PATH: /opt/hostedtoolcache/Python/3.13.7/x64/lib
2025-10-05T21:17:11.0758977Z ##[endgroup]
2025-10-05T21:17:11.1287697Z Preset CMake variables:
2025-10-05T21:17:11.1287978Z 
2025-10-05T21:17:11.1288123Z   CMAKE_BUILD_TYPE="Debug"
2025-10-05T21:17:11.1288365Z   CMAKE_CXX_COMPILER="g++"
2025-10-05T21:17:11.1288721Z   CMAKE_CXX_FLAGS="-O2"
2025-10-05T21:17:11.1288963Z   CMAKE_C_COMPILER="gcc"
2025-10-05T21:17:11.1289164Z   CMAKE_C_FLAGS="-O2"
2025-10-05T21:17:11.1289436Z   CMAKE_INSTALL_PREFIX:PATH="/home/runner/work/re2c/re2c/install-2"
2025-10-05T21:17:11.1289783Z   RE2C_BUILD_LIBS:BOOL="TRUE"
2025-10-05T21:17:11.1289999Z   RE2C_BUILD_RE2D:BOOL="TRUE"
2025-10-05T21:17:11.1290209Z   RE2C_BUILD_RE2GO:BOOL="TRUE"
2025-10-05T21:17:11.1290413Z   RE2C_BUILD_RE2HS:BOOL="TRUE"
2025-10-05T21:17:11.1290617Z   RE2C_BUILD_RE2JAVA:BOOL="TRUE"
2025-10-05T21:17:11.1290832Z   RE2C_BUILD_RE2JS:BOOL="TRUE"
2025-10-05T21:17:11.1291035Z   RE2C_BUILD_RE2OCAML:BOOL="TRUE"
2025-10-05T21:17:11.1291259Z   RE2C_BUILD_RE2PY:BOOL="TRUE"
2025-10-05T21:17:11.1291474Z   RE2C_BUILD_RE2RUST:BOOL="TRUE"
2025-10-05T21:17:11.1291694Z   RE2C_BUILD_RE2SWIFT:BOOL="TRUE"
2025-10-05T21:17:11.1291900Z   RE2C_BUILD_RE2V:BOOL="TRUE"
2025-10-05T21:17:11.1292127Z   RE2C_BUILD_RE2ZIG:BOOL="TRUE"
2025-10-05T21:17:11.1292399Z   RE2C_FOR_BUILD="/home/runner/work/re2c/re2c/install/bin/re2c"
2025-10-05T21:17:11.1292702Z   RE2C_REBUILD_DOCS:BOOL="TRUE"
2025-10-05T21:17:11.1292915Z   RE2C_REBUILD_LEXERS:BOOL="TRUE"
2025-10-05T21:17:11.1293057Z 
2025-10-05T21:17:11.1293377Z -- The C compiler identification is GNU 13.3.0
2025-10-05T21:17:11.1814347Z -- The CXX compiler identification is GNU 13.3.0
2025-10-05T21:17:11.1894133Z -- Detecting C compiler ABI info
2025-10-05T21:17:11.2399965Z -- Detecting C compiler ABI info - done
2025-10-05T21:17:11.2572786Z -- Check for working C compiler: /usr/bin/gcc - skipped
2025-10-05T21:17:11.2576260Z -- Detecting C compile features
2025-10-05T21:17:11.2580710Z -- Detecting C compile features - done
2025-10-05T21:17:11.2705993Z -- Detecting CXX compiler ABI info
2025-10-05T21:17:11.3349351Z -- Detecting CXX compiler ABI info - done
2025-10-05T21:17:11.3532922Z -- Check for working CXX compiler: /usr/bin/g++ - skipped
2025-10-05T21:17:11.3536903Z -- Detecting CXX compile features
2025-10-05T21:17:11.3543385Z -- Detecting CXX compile features - done
2025-10-05T21:17:11.3620695Z -- Performing Test cxxflag__W
2025-10-05T21:17:11.4232305Z -- Performing Test cxxflag__W - Success
2025-10-05T21:17:11.4240548Z -- Performing Test cxxflag__Wall
2025-10-05T21:17:11.4864393Z -- Performing Test cxxflag__Wall - Success
2025-10-05T21:17:11.4872566Z -- Performing Test cxxflag__Wextra
2025-10-05T21:17:11.5482815Z -- Performing Test cxxflag__Wextra - Success
2025-10-05T21:17:11.5491323Z -- Performing Test cxxflag__Weffc__
2025-10-05T21:17:11.6107627Z -- Performing Test cxxflag__Weffc__ - Success
2025-10-05T21:17:11.6116499Z -- Performing Test cxxflag__pedantic
2025-10-05T21:17:11.6730560Z -- Performing Test cxxflag__pedantic - Success
2025-10-05T21:17:11.6739348Z -- Performing Test cxxflag__Wformat_2
2025-10-05T21:17:11.7344080Z -- Performing Test cxxflag__Wformat_2 - Success
2025-10-05T21:17:11.7351777Z -- Performing Test cxxflag__Wredundant_decls
2025-10-05T21:17:11.7973847Z -- Performing Test cxxflag__Wredundant_decls - Success
2025-10-05T21:17:11.7982031Z -- Performing Test cxxflag__Wsuggest_attribute_format
2025-10-05T21:17:11.8603751Z -- Performing Test cxxflag__Wsuggest_attribute_format - Success
2025-10-05T21:17:11.8611727Z -- Performing Test cxxflag__Wconversion
2025-10-05T21:17:11.9244645Z -- Performing Test cxxflag__Wconversion - Success
2025-10-05T21:17:11.9258813Z -- Performing Test cxxflag__Wsign_conversion
2025-10-05T21:17:11.9921087Z -- Performing Test cxxflag__Wsign_conversion - Success
2025-10-05T21:17:11.9929503Z -- Performing Test cxxflag__Werror_return_type
2025-10-05T21:17:12.0537910Z -- Performing Test cxxflag__Werror_return_type - Success
2025-10-05T21:17:12.0546394Z -- Performing Test cxxflag__Weverything
2025-10-05T21:17:12.0800715Z -- Performing Test cxxflag__Weverything - Failed
2025-10-05T21:17:12.0809346Z -- Performing Test cxxflag__fdiagnostics_color_always
2025-10-05T21:17:12.1423692Z -- Performing Test cxxflag__fdiagnostics_color_always - Success
2025-10-05T21:17:12.1424380Z -- C compiler flags: -O2
2025-10-05T21:17:12.1425323Z -- C++ compiler flags:  -W -Wall -Wextra -Weffc++ -pedantic -Wformat=2 -Wredundant-decls -Wsuggest-attribute=format -Wconversion -Wsign-conversion -Werror=return-type -fdiagnostics-color=always -O2
2025-10-05T21:17:12.1426098Z -- Linker flags for executables: 
2025-10-05T21:17:12.1426337Z -- Linker flags for shared libs: 
2025-10-05T21:17:12.1426567Z -- Debug C compiler flags: -g
2025-10-05T21:17:12.1426789Z -- Debug C++ compiler flags: -g
2025-10-05T21:17:12.1427021Z -- Debug linker flags for executables: 
2025-10-05T21:17:12.1427269Z -- Debug linker flags for shared libs: 
2025-10-05T21:17:12.2627105Z -- Found Python3: /opt/hostedtoolcache/Python/3.13.7/x64/bin/python3.13 (found suitable version "3.13.7", minimum required is "3.7") found components: Interpreter
2025-10-05T21:17:12.5073939Z -- Looking for sys/types.h
2025-10-05T21:17:12.5625116Z -- Looking for sys/types.h - found
2025-10-05T21:17:12.5626889Z -- Looking for sys/stat.h
2025-10-05T21:17:12.6164425Z -- Looking for sys/stat.h - found
2025-10-05T21:17:12.6166805Z -- Looking for fcntl.h
2025-10-05T21:17:12.6700940Z -- Looking for fcntl.h - found
2025-10-05T21:17:12.6702939Z -- Looking for unistd.h
2025-10-05T21:17:12.7254859Z -- Looking for unistd.h - found
2025-10-05T21:17:12.7256737Z -- Looking for io.h
2025-10-05T21:17:12.7511799Z -- Looking for io.h - not found
2025-10-05T21:17:12.7536328Z -- Writing config.h
2025-10-05T21:17:12.7654529Z -- Configuring done (1.7s)
2025-10-05T21:17:13.0008320Z -- Generating done (0.2s)
2025-10-05T21:17:13.0012267Z -- Build files have been written to: /home/runner/work/re2c/re2c/.build/linux-gcc-debug-ootree-skeleton-full
2025-10-05T21:17:13.0088648Z ##[group]Run find src -name '*.re' | xargs touch
2025-10-05T21:17:13.0089029Z [36;1mfind src -name '*.re' | xargs touch[0m
2025-10-05T21:17:13.0089427Z [36;1mcmake --build --preset=linux-gcc-debug-ootree-skeleton-full -j$(nproc)[0m
2025-10-05T21:17:13.0122051Z shell: /usr/bin/bash --noprofile --norc -e -o pipefail {0}
2025-10-05T21:17:13.0122353Z env:
2025-10-05T21:17:13.0122583Z   pythonLocation: /opt/hostedtoolcache/Python/3.13.7/x64
2025-10-05T21:17:13.0122988Z   PKG_CONFIG_PATH: /opt/hostedtoolcache/Python/3.13.7/x64/lib/pkgconfig
2025-10-05T21:17:13.0123579Z   Python_ROOT_DIR: /opt/hostedtoolcache/Python/3.13.7/x64
2025-10-05T21:17:13.0123916Z   Python2_ROOT_DIR: /opt/hostedtoolcache/Python/3.13.7/x64
2025-10-05T21:17:13.0124258Z   Python3_ROOT_DIR: /opt/hostedtoolcache/Python/3.13.7/x64
2025-10-05T21:17:13.0124596Z   LD_LIBRARY_PATH: /opt/hostedtoolcache/Python/3.13.7/x64/lib
2025-10-05T21:17:13.0124882Z ##[endgroup]
2025-10-05T21:17:13.0468192Z [  1%] Generating src/msg/ver_to_vernum.cc
2025-10-05T21:17:13.0514400Z ../../src/msg/ver_to_vernum.re:28:81: warning: tag `p2` has 2nd degree of nondeterminism [-Wnondeterministic-tags]
2025-10-05T21:17:13.0515720Z ../../src/msg/ver_to_vernum.re:28:81: warning: tag `e2` has 2nd degree of nondeterminism [-Wnondeterministic-tags]
2025-10-05T21:17:13.0517712Z ../../src/msg/ver_to_vernum.re:28:81: warning: tag `p3` has 2nd degree of nondeterminism [-Wnondeterministic-tags]
2025-10-05T21:17:13.0518786Z ../../src/msg/ver_to_vernum.re:28:81: warning: tag `e3` has 2nd degree of nondeterminism [-Wnondeterministic-tags]
2025-10-05T21:17:13.0519712Z [  1%] Building CXX object CMakeFiles/re2c_test_list.dir/src/test/list/test.cc.o
2025-10-05T21:17:13.0555057Z [  1%] Building CXX object CMakeFiles/re2c_test_range.dir/src/test/range/test.cc.o
2025-10-05T21:17:13.0623980Z [  1%] Building CXX object CMakeFiles/re2c_objects_autogen_ver_to_vernum.dir/src/msg/ver_to_vernum.cc.o
2025-10-05T21:17:13.0729273Z [  1%] Copying bootstrap parser, reconfigure with RE2C_REBUILD_PARSERS to regenerate
2025-10-05T21:17:13.0845988Z [  1%] Generating doc/re2c.1
2025-10-05T21:17:13.3107915Z [  1%] Built target re2c_objects_autogen_ver_to_vernum
2025-10-05T21:17:13.3133920Z [  1%] Generating doc/re2d.1
2025-10-05T21:17:13.3234938Z [  1%] Building CXX object CMakeFiles/re2c_test_range.dir/src/util/range.cc.o
2025-10-05T21:17:13.5275391Z [  1%] Linking CXX executable re2c_test_list
2025-10-05T21:17:13.5904535Z [  1%] Linking CXX executable re2c_test_range
2025-10-05T21:17:13.5981060Z [  1%] Built target re2c_test_list
2025-10-05T21:17:13.6015494Z [  1%] Generating doc/re2go.1
2025-10-05T21:17:13.6624959Z [  1%] Built target re2c_test_range
2025-10-05T21:17:13.6662291Z [  1%] Generating doc/re2hs.1
2025-10-05T21:17:13.8700911Z [  1%] Building CXX object CMakeFiles/re2c_test_s_to_n32_unsafe.dir/src/test/s_to_n32_unsafe/test.cc.o
2025-10-05T21:17:14.0400034Z [  2%] Building CXX object CMakeFiles/re2c_test_s_to_n32_unsafe.dir/src/util/string_utils.cc.o
2025-10-05T21:17:14.2337519Z [  2%] Building CXX object CMakeFiles/re2c_test_ver_to_vernum.dir/src/test/ver_to_vernum/test.cc.o
2025-10-05T21:17:14.3684893Z [  2%] Building CXX object CMakeFiles/re2c_test_argsubst.dir/src/test/argsubst/test.cc.o
2025-10-05T21:17:14.3787983Z [  2%] Generating doc/re2java.1
2025-10-05T21:17:14.4640493Z [  2%] Linking CXX executable re2c_test_s_to_n32_unsafe
2025-10-05T21:17:14.4965270Z [  2%] Linking CXX executable re2c_test_ver_to_vernum
2025-10-05T21:17:14.5368410Z [  2%] Built target re2c_test_s_to_n32_unsafe
2025-10-05T21:17:14.5406726Z [  2%] Generating doc/re2js.1
2025-10-05T21:17:14.5687481Z [  2%] Built target re2c_test_ver_to_vernum
2025-10-05T21:17:14.5720106Z [  2%] Generating doc/re2ocaml.1
2025-10-05T21:17:14.8993745Z [  2%] Linking CXX executable re2c_test_argsubst
2025-10-05T21:17:14.9712773Z [  2%] Built target re2c_test_argsubst
2025-10-05T21:17:14.9754992Z [  2%] Copying bootstrap parser, reconfigure with RE2C_REBUILD_PARSERS to regenerate
2025-10-05T21:17:14.9842255Z [  2%] Generating lib/lex.cc
2025-10-05T21:17:15.0044494Z [  2%] Building CXX object CMakeFiles/libre2c_objects_autogen.dir/lib/lex.cc.o
2025-10-05T21:17:15.0962448Z [  2%] Generating lib/test_helper.cc
2025-10-05T21:17:15.1122498Z [  3%] Building CXX object CMakeFiles/test_libre2c_objects_autogen.dir/lib/test_helper.cc.o
2025-10-05T21:17:15.2482099Z [  3%] Building CXX object CMakeFiles/libre2c_objects_autogen.dir/lib/parse.cc.o
2025-10-05T21:17:15.2723803Z [  3%] Generating doc/re2py.1
2025-10-05T21:17:15.4301460Z [  3%] Built target test_libre2c_objects_autogen
2025-10-05T21:17:15.4339726Z [  4%] Generating doc/re2rust.1
2025-10-05T21:17:15.6826754Z [  4%] Generating doc/re2swift.1
2025-10-05T21:17:15.7645656Z [  4%] Built target libre2c_objects_autogen
2025-10-05T21:17:15.7681912Z [  4%] Generating doc/re2v.1
2025-10-05T21:17:16.0165551Z [  4%] Building CXX object CMakeFiles/libre2c_static.dir/lib/regcomp.cc.o
2025-10-05T21:17:16.1849653Z [  4%] Building CXX object CMakeFiles/libre2c_shared.dir/lib/regcomp.cc.o
2025-10-05T21:17:16.4154548Z [  4%] Building CXX object CMakeFiles/libre2c_static.dir/lib/regexec.cc.o
2025-10-05T21:17:16.5010244Z [  4%] Generating doc/re2zig.1
2025-10-05T21:17:17.0182920Z [  4%] Copying bootstrap syntax file, reconfigure with RE2C_REBUILD_PARSERS to regenerate
2025-10-05T21:17:17.0236952Z [  4%] Building CXX object CMakeFiles/libre2c_shared.dir/lib/regexec.cc.o
2025-10-05T21:17:17.2634218Z [  4%] Copying bootstrap syntax file, reconfigure with RE2C_REBUILD_PARSERS to regenerate
2025-10-05T21:17:17.2687020Z [  5%] Copying bootstrap syntax file, reconfigure with RE2C_REBUILD_PARSERS to regenerate
2025-10-05T21:17:17.2740890Z [  5%] Copying bootstrap syntax file, reconfigure with RE2C_REBUILD_PARSERS to regenerate
2025-10-05T21:17:17.2793429Z [  5%] Copying bootstrap syntax file, reconfigure with RE2C_REBUILD_PARSERS to regenerate
2025-10-05T21:17:17.2873352Z [  5%] Copying bootstrap syntax file, reconfigure with RE2C_REBUILD_PARSERS to regenerate
2025-10-05T21:17:17.2899654Z [  5%] Copying bootstrap syntax file, reconfigure with RE2C_REBUILD_PARSERS to regenerate
2025-10-05T21:17:17.2953251Z [  5%] Copying bootstrap syntax file, reconfigure with RE2C_REBUILD_PARSERS to regenerate
2025-10-05T21:17:17.3024821Z [  5%] Copying bootstrap syntax file, reconfigure with RE2C_REBUILD_PARSERS to regenerate
2025-10-05T21:17:17.3057617Z [  5%] Copying bootstrap syntax file, reconfigure with RE2C_REBUILD_PARSERS to regenerate
2025-10-05T21:17:17.3109879Z [  5%] Copying bootstrap syntax file, reconfigure with RE2C_REBUILD_PARSERS to regenerate
2025-10-05T21:17:17.3160117Z [  6%] Copying bootstrap syntax file, reconfigure with RE2C_REBUILD_PARSERS to regenerate
2025-10-05T21:17:17.3212559Z [  6%] Generating src/options/parse_opts.cc
2025-10-05T21:17:17.3447641Z [  6%] Generating src/parse/conf_lexer.cc
2025-10-05T21:17:17.4038472Z [  6%] Copying bootstrap parser, reconfigure with RE2C_REBUILD_PARSERS to regenerate
2025-10-05T21:17:17.4128628Z [  6%] Generating src/parse/lexer.cc and src/parse/lexer.h
2025-10-05T21:17:17.4805881Z [  6%] Building CXX object CMakeFiles/re2c_objects_autogen.dir/src/options/parse_opts.cc.o
2025-10-05T21:17:17.6179467Z [  6%] Building CXX object CMakeFiles/re2c_objects_autogen.dir/src/parse/lexer.cc.o
2025-10-05T21:17:19.3095060Z [  6%] Building CXX object CMakeFiles/libre2c_static.dir/lib/regexec_dfa.cc.o
2025-10-05T21:17:19.3656152Z [  6%] Building CXX object CMakeFiles/re2c_objects_autogen.dir/src/parse/parser.cc.o
2025-10-05T21:17:19.5842529Z [  7%] Building CXX object CMakeFiles/libre2c_shared.dir/lib/regexec_dfa.cc.o
2025-10-05T21:17:20.1546180Z [  7%] Building CXX object CMakeFiles/libre2c_static.dir/lib/regexec_dfa_multipass.cc.o
2025-10-05T21:17:20.4220991Z [  7%] Building CXX object CMakeFiles/libre2c_shared.dir/lib/regexec_dfa_multipass.cc.o
2025-10-05T21:17:20.4438886Z [  7%] Building CXX object CMakeFiles/libre2c_static.dir/lib/regexec_nfa_leftmost.cc.o
2025-10-05T21:17:20.9149125Z [  7%] Building CXX object CMakeFiles/re2c_objects_autogen.dir/src/parse/conf_lexer.cc.o
2025-10-05T21:17:21.2902793Z [  7%] Building CXX object CMakeFiles/re2c_objects_autogen.dir/src/parse/conf_parser.cc.o
2025-10-05T21:17:21.4470376Z [  7%] Building CXX object CMakeFiles/libre2c_static.dir/lib/regexec_nfa_leftmost_trie.cc.o
2025-10-05T21:17:21.7244673Z [  7%] Building CXX object CMakeFiles/libre2c_shared.dir/lib/regexec_nfa_leftmost.cc.o
2025-10-05T21:17:22.2692506Z [  7%] Building CXX object CMakeFiles/libre2c_static.dir/lib/regexec_nfa_posix.cc.o
2025-10-05T21:17:22.3271368Z [  7%] Building CXX object CMakeFiles/libre2c_shared.dir/lib/regexec_nfa_leftmost_trie.cc.o
2025-10-05T21:17:22.5443761Z [  8%] Building CXX object CMakeFiles/libre2c_static.dir/lib/regexec_nfa_posix_trie.cc.o
2025-10-05T21:17:23.2212950Z [  8%] Building CXX object CMakeFiles/libre2c_shared.dir/lib/regexec_nfa_posix.cc.o
2025-10-05T21:17:23.7746271Z [  8%] Building CXX object CMakeFiles/libre2c_shared.dir/lib/regexec_nfa_posix_trie.cc.o
2025-10-05T21:17:24.0461614Z [  8%] Building CXX object CMakeFiles/libre2c_static.dir/lib/regfree.cc.o
2025-10-05T21:17:25.0154376Z [  8%] Building CXX object CMakeFiles/libre2c_static.dir/lib/stubs.cc.o
2025-10-05T21:17:25.1095818Z [  8%] Building CXX object CMakeFiles/libre2c_shared.dir/lib/regfree.cc.o
2025-10-05T21:17:25.5925492Z [  8%] Building CXX object CMakeFiles/libre2c_shared.dir/lib/stubs.cc.o
2025-10-05T21:17:25.6980803Z [  8%] Building CXX object CMakeFiles/libre2c_static.dir/src/parse/ast.cc.o
2025-10-05T21:17:25.9045445Z [  8%] Built target re2c_objects_autogen
2025-10-05T21:17:25.9079037Z [  8%] Building CXX object CMakeFiles/libre2c_shared.dir/src/parse/ast.cc.o
2025-10-05T21:17:26.3318495Z [  8%] Generating src/msg/help_re2c.cc
2025-10-05T21:17:26.6220016Z [  8%] Generating src/msg/help_re2d.cc
2025-10-05T21:17:26.6344730Z [  8%] Building CXX object CMakeFiles/re2c.dir/src/codegen/helpers.cc.o
2025-10-05T21:17:26.9398204Z [  8%] Building CXX object CMakeFiles/re2d.dir/src/codegen/helpers.cc.o
2025-10-05T21:17:27.3175717Z [  8%] Building CXX object CMakeFiles/re2c.dir/src/codegen/output.cc.o
2025-10-05T21:17:27.6160627Z [  8%] Building CXX object CMakeFiles/re2d.dir/src/codegen/output.cc.o
2025-10-05T21:17:27.7900887Z [  8%] Building CXX object CMakeFiles/libre2c_static.dir/src/parse/input.cc.o
2025-10-05T21:17:27.9971579Z [  9%] Building CXX object CMakeFiles/libre2c_shared.dir/src/parse/input.cc.o
2025-10-05T21:17:28.9787570Z [  9%] Building CXX object CMakeFiles/libre2c_static.dir/src/options/opt.cc.o
2025-10-05T21:17:29.1936035Z [  9%] Building CXX object CMakeFiles/libre2c_shared.dir/src/options/opt.cc.o
2025-10-05T21:17:29.2899835Z [ 10%] Building CXX object CMakeFiles/re2c.dir/src/codegen/pass1_analyze.cc.o
2025-10-05T21:17:29.5787580Z [ 10%] Building CXX object CMakeFiles/re2d.dir/src/codegen/pass1_analyze.cc.o
2025-10-05T21:17:31.5286006Z [ 10%] Building CXX object CMakeFiles/re2c.dir/src/codegen/pass2_generate.cc.o
2025-10-05T21:17:31.8001174Z [ 10%] Building CXX object CMakeFiles/re2d.dir/src/codegen/pass2_generate.cc.o
2025-10-05T21:17:36.3547219Z [ 10%] Building CXX object CMakeFiles/re2c.dir/src/codegen/pass3_fixup.cc.o
2025-10-05T21:17:36.6228706Z [ 11%] Building CXX object CMakeFiles/re2d.dir/src/codegen/pass3_fixup.cc.o
2025-10-05T21:17:36.8056656Z [ 11%] Building CXX object CMakeFiles/libre2c_static.dir/src/options/symtab.cc.o
2025-10-05T21:17:36.9842907Z [ 11%] Building CXX object CMakeFiles/libre2c_shared.dir/src/options/symtab.cc.o
2025-10-05T21:17:37.2082585Z [ 11%] Building CXX object CMakeFiles/re2c.dir/src/codegen/pass4_render.cc.o
2025-10-05T21:17:37.3140536Z [ 11%] Building CXX object CMakeFiles/libre2c_static.dir/src/cfg/cfg.cc.o
2025-10-05T21:17:37.5002366Z [ 11%] Building CXX object CMakeFiles/re2d.dir/src/codegen/pass4_render.cc.o
2025-10-05T21:17:37.5175407Z [ 11%] Building CXX object CMakeFiles/libre2c_shared.dir/src/cfg/cfg.cc.o
2025-10-05T21:17:38.0274312Z [ 11%] Building CXX object CMakeFiles/libre2c_static.dir/src/cfg/compact.cc.o
2025-10-05T21:17:38.2282380Z [ 11%] Building CXX object CMakeFiles/libre2c_shared.dir/src/cfg/compact.cc.o
2025-10-05T21:17:38.5337265Z [ 11%] Building CXX object CMakeFiles/libre2c_static.dir/src/cfg/dce.cc.o
2025-10-05T21:17:38.7364285Z [ 11%] Building CXX object CMakeFiles/libre2c_shared.dir/src/cfg/dce.cc.o
2025-10-05T21:17:39.0260314Z [ 12%] Building CXX object CMakeFiles/libre2c_static.dir/src/cfg/freeze.cc.o
2025-10-05T21:17:39.2281552Z [ 12%] Building CXX object CMakeFiles/libre2c_shared.dir/src/cfg/freeze.cc.o
2025-10-05T21:17:39.5218522Z [ 12%] Building CXX object CMakeFiles/libre2c_static.dir/src/cfg/interfere.cc.o
2025-10-05T21:17:39.7320426Z [ 12%] Building CXX object CMakeFiles/libre2c_shared.dir/src/cfg/interfere.cc.o
2025-10-05T21:17:39.8149546Z [ 12%] Building CXX object CMakeFiles/re2c.dir/src/options/opt.cc.o
2025-10-05T21:17:40.0953395Z [ 12%] Building CXX object CMakeFiles/re2d.dir/src/options/opt.cc.o
2025-10-05T21:17:40.2279995Z [ 12%] Building CXX object CMakeFiles/libre2c_static.dir/src/cfg/liveanal.cc.o
2025-10-05T21:17:40.4264555Z [ 12%] Building CXX object CMakeFiles/libre2c_shared.dir/src/cfg/liveanal.cc.o
2025-10-05T21:17:40.7894463Z [ 12%] Building CXX object CMakeFiles/libre2c_static.dir/src/cfg/normalize.cc.o
2025-10-05T21:17:40.9920050Z [ 12%] Building CXX object CMakeFiles/libre2c_shared.dir/src/cfg/normalize.cc.o
2025-10-05T21:17:41.4634268Z [ 12%] Building CXX object CMakeFiles/libre2c_static.dir/src/cfg/optimize.cc.o
2025-10-05T21:17:41.6665116Z [ 13%] Building CXX object CMakeFiles/libre2c_shared.dir/src/cfg/optimize.cc.o
2025-10-05T21:17:42.1188580Z [ 13%] Building CXX object CMakeFiles/libre2c_static.dir/src/cfg/rename.cc.o
2025-10-05T21:17:42.3206285Z [ 13%] Building CXX object CMakeFiles/libre2c_shared.dir/src/cfg/rename.cc.o
2025-10-05T21:17:42.7172958Z [ 13%] Building CXX object CMakeFiles/libre2c_static.dir/src/cfg/varalloc.cc.o
2025-10-05T21:17:42.9218237Z [ 13%] Building CXX object CMakeFiles/libre2c_shared.dir/src/cfg/varalloc.cc.o
2025-10-05T21:17:43.2775478Z [ 13%] Building CXX object CMakeFiles/libre2c_static.dir/src/dfa/closure.cc.o
2025-10-05T21:17:43.4608119Z [ 13%] Building CXX object CMakeFiles/libre2c_shared.dir/src/dfa/closure.cc.o
2025-10-05T21:17:46.0149318Z [ 13%] Building CXX object CMakeFiles/libre2c_static.dir/src/debug/dump_adfa.cc.o
2025-10-05T21:17:46.1576631Z [ 13%] Building CXX object CMakeFiles/libre2c_shared.dir/src/debug/dump_adfa.cc.o
2025-10-05T21:17:47.0900428Z [ 14%] Building CXX object CMakeFiles/libre2c_static.dir/src/debug/dump_cfg.cc.o
2025-10-05T21:17:47.2223030Z [ 14%] Building CXX object CMakeFiles/libre2c_shared.dir/src/debug/dump_cfg.cc.o
2025-10-05T21:17:47.5988437Z [ 14%] Building CXX object CMakeFiles/libre2c_static.dir/src/debug/dump_dfa.cc.o
2025-10-05T21:17:47.7270664Z [ 14%] Building CXX object CMakeFiles/libre2c_shared.dir/src/debug/dump_dfa.cc.o
2025-10-05T21:17:48.2560195Z [ 14%] Building CXX object CMakeFiles/re2c.dir/src/options/symtab.cc.o
2025-10-05T21:17:48.4811898Z [ 14%] Building CXX object CMakeFiles/re2d.dir/src/options/symtab.cc.o
2025-10-05T21:17:48.5900949Z [ 14%] Building CXX object CMakeFiles/libre2c_static.dir/src/debug/dump_dfa_tree.cc.o
2025-10-05T21:17:48.7090314Z [ 14%] Building CXX object CMakeFiles/libre2c_shared.dir/src/debug/dump_dfa_tree.cc.o
2025-10-05T21:17:48.7835809Z [ 14%] Building CXX object CMakeFiles/re2c.dir/src/nfa/re_to_nfa.cc.o
2025-10-05T21:17:48.9995825Z [ 14%] Building CXX object CMakeFiles/re2d.dir/src/nfa/re_to_nfa.cc.o
2025-10-05T21:17:49.8789631Z [ 14%] Building CXX object CMakeFiles/re2c.dir/src/adfa/adfa.cc.o
2025-10-05T21:17:50.0780828Z [ 14%] Building CXX object CMakeFiles/re2d.dir/src/adfa/adfa.cc.o
2025-10-05T21:17:50.6143312Z [ 14%] Building CXX object CMakeFiles/libre2c_static.dir/src/debug/dump_interf.cc.o
2025-10-05T21:17:50.7092970Z [ 14%] Building CXX object CMakeFiles/libre2c_shared.dir/src/debug/dump_interf.cc.o
2025-10-05T21:17:51.1362181Z [ 14%] Building CXX object CMakeFiles/libre2c_static.dir/src/debug/dump_nfa.cc.o
2025-10-05T21:17:51.2274158Z [ 15%] Building CXX object CMakeFiles/libre2c_shared.dir/src/debug/dump_nfa.cc.o
2025-10-05T21:17:51.7509075Z [ 15%] Building CXX object CMakeFiles/libre2c_static.dir/src/dfa/dead_rules.cc.o
2025-10-05T21:17:51.8356563Z [ 15%] Building CXX object CMakeFiles/libre2c_shared.dir/src/dfa/dead_rules.cc.o
2025-10-05T21:17:52.0471094Z [ 15%] Building CXX object CMakeFiles/re2c.dir/src/debug/dump_adfa.cc.o
2025-10-05T21:17:52.2276806Z [ 15%] Building CXX object CMakeFiles/re2d.dir/src/debug/dump_adfa.cc.o
2025-10-05T21:17:52.9529829Z [ 15%] Building CXX object CMakeFiles/libre2c_static.dir/src/dfa/determinization.cc.o
2025-10-05T21:17:53.0251241Z [ 15%] Building CXX object CMakeFiles/libre2c_shared.dir/src/dfa/determinization.cc.o
2025-10-05T21:17:53.1242150Z [ 15%] Building CXX object CMakeFiles/re2c.dir/src/debug/dump_cfg.cc.o
2025-10-05T21:17:53.2953886Z [ 15%] Building CXX object CMakeFiles/re2d.dir/src/debug/dump_cfg.cc.o
2025-10-05T21:17:53.6801058Z [ 16%] Building CXX object CMakeFiles/re2c.dir/src/debug/dump_dfa.cc.o
2025-10-05T21:17:53.8279228Z [ 16%] Building CXX object CMakeFiles/re2d.dir/src/debug/dump_dfa.cc.o
2025-10-05T21:17:54.7337708Z [ 16%] Building CXX object CMakeFiles/re2c.dir/src/debug/dump_dfa_tree.cc.o
2025-10-05T21:17:54.8488583Z [ 17%] Building CXX object CMakeFiles/re2d.dir/src/debug/dump_dfa_tree.cc.o
2025-10-05T21:17:55.4216399Z [ 17%] Building CXX object CMakeFiles/libre2c_static.dir/src/dfa/fallback_tags.cc.o
2025-10-05T21:17:55.4441918Z [ 17%] Building CXX object CMakeFiles/libre2c_shared.dir/src/dfa/fallback_tags.cc.o
2025-10-05T21:17:56.1132774Z [ 17%] Building CXX object CMakeFiles/libre2c_static.dir/src/dfa/fillpoints.cc.o
2025-10-05T21:17:56.1325186Z [ 17%] Building CXX object CMakeFiles/libre2c_shared.dir/src/dfa/fillpoints.cc.o
2025-10-05T21:17:56.7586656Z [ 17%] Building CXX object CMakeFiles/re2c.dir/src/debug/dump_interf.cc.o
2025-10-05T21:17:56.8548371Z [ 17%] Building CXX object CMakeFiles/re2d.dir/src/debug/dump_interf.cc.o
2025-10-05T21:17:57.2617248Z [ 17%] Building CXX object CMakeFiles/re2c.dir/src/debug/dump_nfa.cc.o
2025-10-05T21:17:57.2654860Z [ 18%] Building CXX object CMakeFiles/libre2c_static.dir/src/dfa/find_state.cc.o
2025-10-05T21:17:57.2694755Z [ 18%] Building CXX object CMakeFiles/libre2c_shared.dir/src/dfa/find_state.cc.o
2025-10-05T21:17:57.3432097Z [ 18%] Building CXX object CMakeFiles/re2d.dir/src/debug/dump_nfa.cc.o
2025-10-05T21:17:57.8728847Z [ 18%] Building CXX object CMakeFiles/re2c.dir/src/cfg/cfg.cc.o
2025-10-05T21:17:57.9542731Z [ 18%] Building CXX object CMakeFiles/re2d.dir/src/cfg/cfg.cc.o
2025-10-05T21:17:58.6023988Z [ 18%] Building CXX object CMakeFiles/re2c.dir/src/cfg/compact.cc.o
2025-10-05T21:17:58.6629509Z [ 18%] Building CXX object CMakeFiles/re2d.dir/src/cfg/compact.cc.o
2025-10-05T21:17:59.1252201Z [ 18%] Building CXX object CMakeFiles/re2c.dir/src/cfg/dce.cc.o
2025-10-05T21:17:59.1653670Z [ 18%] Building CXX object CMakeFiles/re2d.dir/src/cfg/dce.cc.o
2025-10-05T21:17:59.1809816Z [ 18%] Building CXX object CMakeFiles/libre2c_shared.dir/src/dfa/minimization.cc.o
2025-10-05T21:17:59.2322527Z [ 18%] Building CXX object CMakeFiles/libre2c_static.dir/src/dfa/minimization.cc.o
2025-10-05T21:17:59.6157697Z [ 18%] Building CXX object CMakeFiles/re2c.dir/src/cfg/freeze.cc.o
2025-10-05T21:17:59.6497126Z [ 18%] Building CXX object CMakeFiles/re2d.dir/src/cfg/freeze.cc.o
2025-10-05T21:17:59.9629328Z [ 18%] Building CXX object CMakeFiles/libre2c_shared.dir/src/dfa/tagver_table.cc.o
2025-10-05T21:18:00.0321865Z [ 18%] Building CXX object CMakeFiles/libre2c_static.dir/src/dfa/tagver_table.cc.o
2025-10-05T21:18:00.1015299Z [ 18%] Building CXX object CMakeFiles/re2c.dir/src/cfg/interfere.cc.o
2025-10-05T21:18:00.1301770Z [ 18%] Building CXX object CMakeFiles/re2d.dir/src/cfg/interfere.cc.o
2025-10-05T21:18:00.5792369Z [ 18%] Building CXX object CMakeFiles/libre2c_shared.dir/src/dfa/tcmd.cc.o
2025-10-05T21:18:00.6524336Z [ 18%] Building CXX object CMakeFiles/libre2c_static.dir/src/dfa/tcmd.cc.o
2025-10-05T21:18:00.8111008Z [ 19%] Building CXX object CMakeFiles/re2c.dir/src/cfg/liveanal.cc.o
2025-10-05T21:18:00.8369374Z [ 19%] Building CXX object CMakeFiles/re2d.dir/src/cfg/liveanal.cc.o
2025-10-05T21:18:01.4063886Z [ 20%] Building CXX object CMakeFiles/libre2c_shared.dir/src/nfa/re_to_nfa.cc.o
2025-10-05T21:18:01.4321805Z [ 20%] Building CXX object CMakeFiles/re2c.dir/src/cfg/normalize.cc.o
2025-10-05T21:18:01.4447398Z [ 20%] Building CXX object CMakeFiles/re2d.dir/src/cfg/normalize.cc.o
2025-10-05T21:18:01.4819340Z [ 20%] Building CXX object CMakeFiles/libre2c_static.dir/src/nfa/re_to_nfa.cc.o
2025-10-05T21:18:02.1198857Z [ 20%] Building CXX object CMakeFiles/re2c.dir/src/cfg/optimize.cc.o
2025-10-05T21:18:02.1395320Z [ 21%] Building CXX object CMakeFiles/re2d.dir/src/cfg/optimize.cc.o
2025-10-05T21:18:02.4999765Z [ 21%] Building CXX object CMakeFiles/libre2c_shared.dir/src/encoding/enc.cc.o
2025-10-05T21:18:02.5997044Z [ 21%] Building CXX object CMakeFiles/libre2c_static.dir/src/encoding/enc.cc.o
2025-10-05T21:18:02.7629845Z [ 21%] Building CXX object CMakeFiles/libre2c_shared.dir/src/encoding/range_suffix.cc.o
2025-10-05T21:18:02.7944855Z [ 21%] Building CXX object CMakeFiles/re2c.dir/src/cfg/rename.cc.o
2025-10-05T21:18:02.7976146Z [ 21%] Building CXX object CMakeFiles/re2d.dir/src/cfg/rename.cc.o
2025-10-05T21:18:02.8651332Z [ 21%] Building CXX object CMakeFiles/libre2c_static.dir/src/encoding/range_suffix.cc.o
2025-10-05T21:18:03.1121178Z [ 21%] Building CXX object CMakeFiles/libre2c_shared.dir/src/encoding/ebcdic.cc.o
2025-10-05T21:18:03.2297462Z [ 21%] Building CXX object CMakeFiles/libre2c_static.dir/src/encoding/ebcdic.cc.o
2025-10-05T21:18:03.4097805Z [ 21%] Building CXX object CMakeFiles/re2d.dir/src/cfg/varalloc.cc.o
2025-10-05T21:18:03.4105162Z [ 21%] Building CXX object CMakeFiles/re2c.dir/src/cfg/varalloc.cc.o
2025-10-05T21:18:03.4615491Z [ 21%] Building CXX object CMakeFiles/libre2c_shared.dir/src/encoding/utf16.cc.o
2025-10-05T21:18:03.5875871Z [ 21%] Building CXX object CMakeFiles/libre2c_static.dir/src/encoding/utf16.cc.o
2025-10-05T21:18:03.8829830Z [ 21%] Building CXX object CMakeFiles/libre2c_shared.dir/src/encoding/utf8.cc.o
2025-10-05T21:18:03.9654096Z [ 21%] Building CXX object CMakeFiles/re2d.dir/src/dfa/closure.cc.o
2025-10-05T21:18:03.9686512Z [ 21%] Building CXX object CMakeFiles/re2c.dir/src/dfa/closure.cc.o
2025-10-05T21:18:04.0096697Z [ 21%] Building CXX object CMakeFiles/libre2c_static.dir/src/encoding/utf8.cc.o
2025-10-05T21:18:04.3009852Z [ 21%] Building CXX object CMakeFiles/libre2c_shared.dir/src/msg/msg.cc.o
2025-10-05T21:18:04.4418742Z [ 22%] Building CXX object CMakeFiles/libre2c_static.dir/src/msg/msg.cc.o
2025-10-05T21:18:04.8962332Z [ 22%] Building CXX object CMakeFiles/libre2c_shared.dir/src/msg/warn.cc.o
2025-10-05T21:18:05.0591819Z [ 22%] Building CXX object CMakeFiles/libre2c_static.dir/src/msg/warn.cc.o
2025-10-05T21:18:06.2301702Z [ 22%] Building CXX object CMakeFiles/libre2c_shared.dir/src/regexp/ast_to_re.cc.o
2025-10-05T21:18:06.4047645Z [ 22%] Building CXX object CMakeFiles/libre2c_static.dir/src/regexp/ast_to_re.cc.o
2025-10-05T21:18:06.6907870Z [ 22%] Building CXX object CMakeFiles/re2d.dir/src/dfa/dead_rules.cc.o
2025-10-05T21:18:06.7294836Z [ 22%] Building CXX object CMakeFiles/re2c.dir/src/dfa/dead_rules.cc.o
2025-10-05T21:18:07.8884902Z [ 22%] Building CXX object CMakeFiles/re2d.dir/src/dfa/determinization.cc.o
2025-10-05T21:18:07.9172192Z [ 22%] Building CXX object CMakeFiles/libre2c_shared.dir/src/regexp/default_tags.cc.o
2025-10-05T21:18:07.9610726Z [ 22%] Building CXX object CMakeFiles/re2c.dir/src/dfa/determinization.cc.o
2025-10-05T21:18:08.1318779Z [ 22%] Building CXX object CMakeFiles/libre2c_static.dir/src/regexp/default_tags.cc.o
2025-10-05T21:18:08.6272113Z [ 23%] Building CXX object CMakeFiles/libre2c_shared.dir/src/regexp/fixed_tags.cc.o
2025-10-05T21:18:08.8556956Z [ 23%] Building CXX object CMakeFiles/libre2c_static.dir/src/regexp/fixed_tags.cc.o
2025-10-05T21:18:09.3418136Z [ 23%] Building CXX object CMakeFiles/libre2c_shared.dir/src/regexp/nullable.cc.o
2025-10-05T21:18:09.5704644Z [ 23%] Building CXX object CMakeFiles/libre2c_static.dir/src/regexp/nullable.cc.o
2025-10-05T21:18:09.8122978Z [ 23%] Building CXX object CMakeFiles/libre2c_shared.dir/src/regexp/regexp.cc.o
2025-10-05T21:18:10.0365494Z [ 23%] Building CXX object CMakeFiles/libre2c_static.dir/src/regexp/regexp.cc.o
2025-10-05T21:18:10.3134907Z [ 23%] Building CXX object CMakeFiles/re2d.dir/src/dfa/fallback_tags.cc.o
2025-10-05T21:18:10.4051741Z [ 23%] Building CXX object CMakeFiles/re2c.dir/src/dfa/fallback_tags.cc.o
2025-10-05T21:18:10.4335098Z [ 23%] Building CXX object CMakeFiles/libre2c_shared.dir/src/regexp/split_charset.cc.o
2025-10-05T21:18:10.6792296Z [ 23%] Building CXX object CMakeFiles/libre2c_static.dir/src/regexp/split_charset.cc.o
2025-10-05T21:18:10.9796233Z [ 23%] Building CXX object CMakeFiles/re2d.dir/src/dfa/fillpoints.cc.o
2025-10-05T21:18:11.0881417Z [ 24%] Building CXX object CMakeFiles/re2c.dir/src/dfa/fillpoints.cc.o
2025-10-05T21:18:11.3858513Z [ 24%] Building CXX object CMakeFiles/libre2c_shared.dir/src/skeleton/control_flow.cc.o
2025-10-05T21:18:11.6404561Z [ 24%] Building CXX object CMakeFiles/libre2c_static.dir/src/skeleton/control_flow.cc.o
2025-10-05T21:18:12.1255539Z [ 24%] Building CXX object CMakeFiles/re2d.dir/src/dfa/find_state.cc.o
2025-10-05T21:18:12.2584936Z [ 24%] Building CXX object CMakeFiles/re2c.dir/src/dfa/find_state.cc.o
2025-10-05T21:18:12.7007822Z [ 24%] Building CXX object CMakeFiles/libre2c_shared.dir/src/skeleton/maxpath.cc.o
2025-10-05T21:18:12.9810685Z [ 25%] Building CXX object CMakeFiles/libre2c_static.dir/src/skeleton/maxpath.cc.o
2025-10-05T21:18:13.5320318Z [ 25%] Building CXX object CMakeFiles/libre2c_shared.dir/src/skeleton/skeleton.cc.o
2025-10-05T21:18:13.8076403Z [ 25%] Building CXX object CMakeFiles/libre2c_static.dir/src/skeleton/skeleton.cc.o
2025-10-05T21:18:14.0322059Z [ 26%] Building CXX object CMakeFiles/re2d.dir/src/dfa/minimization.cc.o
2025-10-05T21:18:14.1846871Z [ 26%] Building CXX object CMakeFiles/re2c.dir/src/dfa/minimization.cc.o
2025-10-05T21:18:14.6408523Z [ 26%] Building CXX object CMakeFiles/libre2c_shared.dir/src/util/range.cc.o
2025-10-05T21:18:14.8132422Z [ 26%] Building CXX object CMakeFiles/re2d.dir/src/dfa/tagver_table.cc.o
2025-10-05T21:18:14.8908834Z [ 26%] Building CXX object CMakeFiles/libre2c_shared.dir/src/util/file_utils.cc.o
2025-10-05T21:18:14.9214466Z [ 26%] Building CXX object CMakeFiles/libre2c_static.dir/src/util/range.cc.o
2025-10-05T21:18:14.9778412Z [ 26%] Building CXX object CMakeFiles/re2c.dir/src/dfa/tagver_table.cc.o
2025-10-05T21:18:15.1484988Z [ 27%] Building CXX object CMakeFiles/libre2c_shared.dir/src/util/string_utils.cc.o
2025-10-05T21:18:15.1801557Z [ 27%] Building CXX object CMakeFiles/libre2c_static.dir/src/util/file_utils.cc.o
2025-10-05T21:18:15.4261620Z [ 27%] Building CXX object CMakeFiles/re2d.dir/src/dfa/tcmd.cc.o
2025-10-05T21:18:15.4410001Z [ 27%] Building CXX object CMakeFiles/libre2c_static.dir/src/util/string_utils.cc.o
2025-10-05T21:18:15.5445980Z [ 27%] Linking CXX shared library libre2c.so
2025-10-05T21:18:15.6129169Z [ 27%] Building CXX object CMakeFiles/re2c.dir/src/dfa/tcmd.cc.o
2025-10-05T21:18:15.8190308Z [ 27%] Built target libre2c_shared
2025-10-05T21:18:15.8224200Z [ 27%] Building CXX object CMakeFiles/re2d.dir/src/encoding/ebcdic.cc.o
2025-10-05T21:18:15.8494534Z [ 27%] Linking CXX static library libre2c.a
2025-10-05T21:18:16.1801947Z [ 27%] Building CXX object CMakeFiles/re2c.dir/src/encoding/ebcdic.cc.o
2025-10-05T21:18:16.2211348Z [ 27%] Building CXX object CMakeFiles/re2d.dir/src/encoding/enc.cc.o
2025-10-05T21:18:16.3019229Z [ 27%] Building CXX object CMakeFiles/re2c.dir/src/encoding/enc.cc.o
2025-10-05T21:18:16.4245801Z [ 27%] Building CXX object CMakeFiles/re2d.dir/src/encoding/range_suffix.cc.o
2025-10-05T21:18:16.4861123Z [ 27%] Building CXX object CMakeFiles/re2c.dir/src/encoding/range_suffix.cc.o
2025-10-05T21:18:16.5419540Z [ 27%] Building CXX object CMakeFiles/re2c.dir/src/encoding/utf8.cc.o
2025-10-05T21:18:16.7473706Z [ 27%] Building CXX object CMakeFiles/re2d.dir/src/encoding/utf8.cc.o
2025-10-05T21:18:16.8092664Z [ 27%] Building CXX object CMakeFiles/re2c.dir/src/encoding/utf16.cc.o
2025-10-05T21:18:16.8711195Z [ 28%] Building CXX object CMakeFiles/re2c.dir/src/msg/msg.cc.o
2025-10-05T21:18:17.0943915Z [ 28%] Building CXX object CMakeFiles/re2d.dir/src/encoding/utf16.cc.o
2025-10-05T21:18:17.1701027Z [ 28%] Building CXX object CMakeFiles/re2d.dir/src/msg/msg.cc.o
2025-10-05T21:18:17.3807628Z [ 28%] Building CXX object CMakeFiles/re2c.dir/src/msg/warn.cc.o
2025-10-05T21:18:17.4832829Z [ 29%] Building CXX object CMakeFiles/re2d.dir/src/msg/warn.cc.o
2025-10-05T21:18:17.6855565Z [ 29%] Building CXX object CMakeFiles/re2c.dir/src/regexp/ast_to_re.cc.o
2025-10-05T21:18:18.6729213Z [ 29%] Building CXX object CMakeFiles/re2c.dir/src/regexp/default_tags.cc.o
2025-10-05T21:18:18.7491925Z [ 29%] Building CXX object CMakeFiles/re2d.dir/src/regexp/ast_to_re.cc.o
2025-10-05T21:18:18.9769720Z [ 29%] Generating src/msg/help_re2go.cc
2025-10-05T21:18:19.3085380Z [ 29%] Building CXX object CMakeFiles/re2go.dir/src/codegen/helpers.cc.o
2025-10-05T21:18:19.3217177Z [ 29%] Building CXX object CMakeFiles/re2c.dir/src/regexp/fixed_tags.cc.o
2025-10-05T21:18:19.7905341Z [ 29%] Building CXX object CMakeFiles/re2c.dir/src/regexp/nullable.cc.o
2025-10-05T21:18:20.0136606Z [ 29%] Building CXX object CMakeFiles/re2go.dir/src/codegen/output.cc.o
2025-10-05T21:18:20.1373909Z [ 29%] Building CXX object CMakeFiles/re2c.dir/src/regexp/regexp.cc.o
2025-10-05T21:18:20.1640247Z [ 29%] Building CXX object CMakeFiles/re2d.dir/src/regexp/default_tags.cc.o
2025-10-05T21:18:20.6226998Z [ 29%] Building CXX object CMakeFiles/re2d.dir/src/regexp/fixed_tags.cc.o
2025-10-05T21:18:20.8141700Z [ 29%] Building CXX object CMakeFiles/re2c.dir/src/regexp/split_charset.cc.o
2025-10-05T21:18:21.0847991Z [ 29%] Building CXX object CMakeFiles/re2d.dir/src/regexp/nullable.cc.o
2025-10-05T21:18:21.4337249Z [ 29%] Building CXX object CMakeFiles/re2d.dir/src/regexp/regexp.cc.o
2025-10-05T21:18:21.7682484Z [ 29%] Building CXX object CMakeFiles/re2c.dir/src/skeleton/control_flow.cc.o
2025-10-05T21:18:21.7756022Z [ 29%] Built target libre2c_static
2025-10-05T21:18:21.7793780Z [ 30%] Building CXX object CMakeFiles/re2c.dir/src/skeleton/generate_code.cc.o
2025-10-05T21:18:22.0364590Z [ 30%] Building CXX object CMakeFiles/re2d.dir/src/regexp/split_charset.cc.o
2025-10-05T21:18:22.0622377Z [ 30%] Building CXX object CMakeFiles/re2go.dir/src/codegen/pass1_analyze.cc.o
2025-10-05T21:18:22.9686035Z [ 30%] Building CXX object CMakeFiles/re2d.dir/src/skeleton/control_flow.cc.o
2025-10-05T21:18:23.0871067Z [ 30%] Generating src/msg/help_re2hs.cc
2025-10-05T21:18:23.4050211Z [ 30%] Building CXX object CMakeFiles/re2hs.dir/src/codegen/helpers.cc.o
2025-10-05T21:18:24.1054534Z [ 31%] Building CXX object CMakeFiles/re2hs.dir/src/codegen/output.cc.o
2025-10-05T21:18:24.2782731Z [ 31%] Building CXX object CMakeFiles/re2d.dir/src/skeleton/generate_code.cc.o
2025-10-05T21:18:24.4713899Z [ 31%] Building CXX object CMakeFiles/re2go.dir/src/codegen/pass2_generate.cc.o
2025-10-05T21:18:25.7055946Z [ 31%] Building CXX object CMakeFiles/re2c.dir/src/skeleton/generate_data.cc.o
2025-10-05T21:18:26.0902431Z [ 31%] Building CXX object CMakeFiles/re2hs.dir/src/codegen/pass1_analyze.cc.o
2025-10-05T21:18:28.0637874Z [ 31%] Building CXX object CMakeFiles/re2d.dir/src/skeleton/generate_data.cc.o
2025-10-05T21:18:28.3333856Z [ 31%] Building CXX object CMakeFiles/re2hs.dir/src/codegen/pass2_generate.cc.o
2025-10-05T21:18:28.3974737Z [ 31%] Building CXX object CMakeFiles/re2c.dir/src/skeleton/maxpath.cc.o
2025-10-05T21:18:29.2085988Z [ 31%] Building CXX object CMakeFiles/re2c.dir/src/skeleton/skeleton.cc.o
2025-10-05T21:18:29.3766621Z [ 31%] Building CXX object CMakeFiles/re2go.dir/src/codegen/pass3_fixup.cc.o
2025-10-05T21:18:30.2179806Z [ 31%] Building CXX object CMakeFiles/re2go.dir/src/codegen/pass4_render.cc.o
2025-10-05T21:18:30.2992131Z [ 31%] Building CXX object CMakeFiles/re2c.dir/src/parse/ast.cc.o
2025-10-05T21:18:30.7984729Z [ 32%] Building CXX object CMakeFiles/re2d.dir/src/skeleton/maxpath.cc.o
2025-10-05T21:18:31.5850406Z [ 32%] Building CXX object CMakeFiles/re2d.dir/src/skeleton/skeleton.cc.o
2025-10-05T21:18:32.4384511Z [ 32%] Building CXX object CMakeFiles/re2c.dir/src/parse/input.cc.o
2025-10-05T21:18:32.6458202Z [ 32%] Building CXX object CMakeFiles/re2d.dir/src/parse/ast.cc.o
2025-10-05T21:18:32.6885066Z [ 32%] Building CXX object CMakeFiles/re2go.dir/src/options/opt.cc.o
2025-10-05T21:18:33.1257124Z [ 32%] Building CXX object CMakeFiles/re2hs.dir/src/codegen/pass3_fixup.cc.o
2025-10-05T21:18:33.6584111Z [ 32%] Building CXX object CMakeFiles/re2c.dir/src/util/file_utils.cc.o
2025-10-05T21:18:33.9084247Z [ 32%] Building CXX object CMakeFiles/re2c.dir/src/util/string_utils.cc.o
2025-10-05T21:18:33.9872200Z [ 32%] Building CXX object CMakeFiles/re2hs.dir/src/codegen/pass4_render.cc.o
2025-10-05T21:18:34.2937372Z [ 32%] Building CXX object CMakeFiles/re2c.dir/src/util/range.cc.o
2025-10-05T21:18:34.5563669Z [ 33%] Building CXX object CMakeFiles/re2c.dir/src/main.cc.o
2025-10-05T21:18:34.8392567Z [ 33%] Building CXX object CMakeFiles/re2d.dir/src/parse/input.cc.o
2025-10-05T21:18:36.0155514Z [ 33%] Building CXX object CMakeFiles/re2d.dir/src/util/file_utils.cc.o
2025-10-05T21:18:36.2522800Z [ 33%] Building CXX object CMakeFiles/re2d.dir/src/util/string_utils.cc.o
2025-10-05T21:18:36.4842210Z [ 33%] Building CXX object CMakeFiles/re2hs.dir/src/options/opt.cc.o
2025-10-05T21:18:36.6137723Z [ 33%] Building CXX object CMakeFiles/re2d.dir/src/util/range.cc.o
2025-10-05T21:18:36.7398644Z [ 33%] Building CXX object CMakeFiles/re2c.dir/src/msg/help_re2c.cc.o
2025-10-05T21:18:36.7577043Z [ 33%] Linking CXX executable re2c
2025-10-05T21:18:36.8628285Z [ 33%] Building CXX object CMakeFiles/re2d.dir/src/main.cc.o
2025-10-05T21:18:37.0695559Z [ 33%] Built target re2c
2025-10-05T21:18:37.0732981Z [ 34%] Building CXX object CMakeFiles/re2go.dir/src/options/symtab.cc.o
2025-10-05T21:18:37.5834721Z [ 34%] Building CXX object CMakeFiles/re2hs.dir/src/options/symtab.cc.o
2025-10-05T21:18:38.0964740Z [ 34%] Building CXX object CMakeFiles/re2d.dir/src/msg/help_re2d.cc.o
2025-10-05T21:18:38.1219899Z [ 34%] Generating src/msg/help_re2java.cc
2025-10-05T21:18:38.4288655Z [ 34%] Building CXX object CMakeFiles/re2java.dir/src/codegen/helpers.cc.o
2025-10-05T21:18:39.0449132Z [ 35%] Linking CXX executable re2d
2025-10-05T21:18:39.0606085Z [ 35%] Building CXX object CMakeFiles/re2java.dir/src/codegen/output.cc.o
2025-10-05T21:18:39.3686866Z [ 35%] Built target re2d
2025-10-05T21:18:39.3719712Z [ 35%] Building CXX object CMakeFiles/re2java.dir/src/codegen/pass1_analyze.cc.o
2025-10-05T21:18:40.9450828Z [ 35%] Building CXX object CMakeFiles/re2go.dir/src/nfa/re_to_nfa.cc.o
2025-10-05T21:18:40.9835425Z [ 35%] Building CXX object CMakeFiles/re2go.dir/src/adfa/adfa.cc.o
2025-10-05T21:18:41.5387556Z [ 35%] Building CXX object CMakeFiles/re2java.dir/src/codegen/pass2_generate.cc.o
2025-10-05T21:18:42.0084776Z [ 35%] Building CXX object CMakeFiles/re2hs.dir/src/nfa/re_to_nfa.cc.o
2025-10-05T21:18:43.0194176Z [ 35%] Building CXX object CMakeFiles/re2go.dir/src/debug/dump_adfa.cc.o
2025-10-05T21:18:43.0692912Z [ 35%] Generating src/msg/help_re2js.cc
2025-10-05T21:18:43.3768003Z [ 35%] Building CXX object CMakeFiles/re2js.dir/src/codegen/helpers.cc.o
2025-10-05T21:18:44.0221166Z [ 35%] Building CXX object CMakeFiles/re2js.dir/src/codegen/output.cc.o
2025-10-05T21:18:44.0305530Z [ 35%] Building CXX object CMakeFiles/re2go.dir/src/debug/dump_cfg.cc.o
2025-10-05T21:18:44.5318354Z [ 35%] Building CXX object CMakeFiles/re2go.dir/src/debug/dump_dfa.cc.o
2025-10-05T21:18:44.6913880Z [ 35%] Building CXX object CMakeFiles/re2hs.dir/src/adfa/adfa.cc.o
2025-10-05T21:18:45.4903517Z [ 35%] Building CXX object CMakeFiles/re2go.dir/src/debug/dump_dfa_tree.cc.o
2025-10-05T21:18:45.9252017Z [ 35%] Building CXX object CMakeFiles/re2js.dir/src/codegen/pass1_analyze.cc.o
2025-10-05T21:18:46.3098630Z [ 35%] Building CXX object CMakeFiles/re2java.dir/src/codegen/pass3_fixup.cc.o
2025-10-05T21:18:46.7623688Z [ 35%] Building CXX object CMakeFiles/re2hs.dir/src/debug/dump_adfa.cc.o
2025-10-05T21:18:47.1299032Z [ 36%] Building CXX object CMakeFiles/re2java.dir/src/codegen/pass4_render.cc.o
2025-10-05T21:18:47.3792217Z [ 36%] Building CXX object CMakeFiles/re2go.dir/src/debug/dump_interf.cc.o
2025-10-05T21:18:47.7859499Z [ 37%] Building CXX object CMakeFiles/re2hs.dir/src/debug/dump_cfg.cc.o
2025-10-05T21:18:47.8692654Z [ 37%] Building CXX object CMakeFiles/re2go.dir/src/debug/dump_nfa.cc.o
2025-10-05T21:18:48.1357254Z [ 37%] Building CXX object CMakeFiles/re2js.dir/src/codegen/pass2_generate.cc.o
2025-10-05T21:18:48.2699634Z [ 37%] Building CXX object CMakeFiles/re2hs.dir/src/debug/dump_dfa.cc.o
2025-10-05T21:18:48.4707585Z [ 37%] Building CXX object CMakeFiles/re2go.dir/src/cfg/cfg.cc.o
2025-10-05T21:18:49.1551698Z [ 38%] Building CXX object CMakeFiles/re2go.dir/src/cfg/compact.cc.o
2025-10-05T21:18:49.2760454Z [ 38%] Building CXX object CMakeFiles/re2hs.dir/src/debug/dump_dfa_tree.cc.o
2025-10-05T21:18:49.6255930Z [ 38%] Building CXX object CMakeFiles/re2java.dir/src/options/opt.cc.o
2025-10-05T21:18:49.6273878Z [ 38%] Building CXX object CMakeFiles/re2go.dir/src/cfg/dce.cc.o
2025-10-05T21:18:50.1016537Z [ 38%] Building CXX object CMakeFiles/re2go.dir/src/cfg/freeze.cc.o
2025-10-05T21:18:50.5772821Z [ 38%] Building CXX object CMakeFiles/re2go.dir/src/cfg/interfere.cc.o
2025-10-05T21:18:51.2121562Z [ 38%] Building CXX object CMakeFiles/re2hs.dir/src/debug/dump_interf.cc.o
2025-10-05T21:18:51.2756257Z [ 38%] Building CXX object CMakeFiles/re2go.dir/src/cfg/liveanal.cc.o
2025-10-05T21:18:51.6961455Z [ 38%] Building CXX object CMakeFiles/re2hs.dir/src/debug/dump_nfa.cc.o
2025-10-05T21:18:51.8264105Z [ 38%] Building CXX object CMakeFiles/re2go.dir/src/cfg/normalize.cc.o
2025-10-05T21:18:52.2611346Z [ 38%] Building CXX object CMakeFiles/re2hs.dir/src/cfg/cfg.cc.o
2025-10-05T21:18:52.5143488Z [ 38%] Building CXX object CMakeFiles/re2go.dir/src/cfg/optimize.cc.o
2025-10-05T21:18:52.9018892Z [ 38%] Building CXX object CMakeFiles/re2hs.dir/src/cfg/compact.cc.o
2025-10-05T21:18:52.9655277Z [ 38%] Building CXX object CMakeFiles/re2js.dir/src/codegen/pass3_fixup.cc.o
2025-10-05T21:18:53.1608090Z [ 38%] Building CXX object CMakeFiles/re2go.dir/src/cfg/rename.cc.o
2025-10-05T21:18:53.3911278Z [ 38%] Building CXX object CMakeFiles/re2hs.dir/src/cfg/dce.cc.o
2025-10-05T21:18:53.7532820Z [ 38%] Building CXX object CMakeFiles/re2go.dir/src/cfg/varalloc.cc.o
2025-10-05T21:18:53.8016350Z [ 38%] Building CXX object CMakeFiles/re2js.dir/src/codegen/pass4_render.cc.o
2025-10-05T21:18:53.8649993Z [ 38%] Building CXX object CMakeFiles/re2hs.dir/src/cfg/freeze.cc.o
2025-10-05T21:18:54.2952205Z [ 39%] Building CXX object CMakeFiles/re2go.dir/src/dfa/closure.cc.o
2025-10-05T21:18:54.3394238Z [ 40%] Building CXX object CMakeFiles/re2hs.dir/src/cfg/interfere.cc.o
2025-10-05T21:18:55.0192553Z [ 40%] Building CXX object CMakeFiles/re2hs.dir/src/cfg/liveanal.cc.o
2025-10-05T21:18:55.5881697Z [ 40%] Building CXX object CMakeFiles/re2hs.dir/src/cfg/normalize.cc.o
2025-10-05T21:18:56.2458159Z [ 40%] Building CXX object CMakeFiles/re2hs.dir/src/cfg/optimize.cc.o
2025-10-05T21:18:56.3057159Z [ 40%] Building CXX object CMakeFiles/re2js.dir/src/options/opt.cc.o
2025-10-05T21:18:56.9035327Z [ 40%] Building CXX object CMakeFiles/re2hs.dir/src/cfg/rename.cc.o
2025-10-05T21:18:56.9448118Z [ 40%] Building CXX object CMakeFiles/re2go.dir/src/dfa/dead_rules.cc.o
2025-10-05T21:18:57.4854671Z [ 40%] Building CXX object CMakeFiles/re2hs.dir/src/cfg/varalloc.cc.o
2025-10-05T21:18:57.9523828Z [ 40%] Building CXX object CMakeFiles/re2java.dir/src/options/symtab.cc.o
2025-10-05T21:18:57.9986420Z [ 40%] Building CXX object CMakeFiles/re2hs.dir/src/dfa/closure.cc.o
2025-10-05T21:18:58.1537584Z [ 40%] Building CXX object CMakeFiles/re2go.dir/src/dfa/determinization.cc.o
2025-10-05T21:18:58.4686840Z [ 40%] Building CXX object CMakeFiles/re2java.dir/src/nfa/re_to_nfa.cc.o
2025-10-05T21:18:59.5515497Z [ 40%] Building CXX object CMakeFiles/re2java.dir/src/adfa/adfa.cc.o
2025-10-05T21:19:00.4691133Z [ 40%] Building CXX object CMakeFiles/re2go.dir/src/dfa/fallback_tags.cc.o
2025-10-05T21:19:00.6993556Z [ 40%] Building CXX object CMakeFiles/re2hs.dir/src/dfa/dead_rules.cc.o
2025-10-05T21:19:01.1220104Z [ 40%] Building CXX object CMakeFiles/re2go.dir/src/dfa/fillpoints.cc.o
2025-10-05T21:19:01.6241141Z [ 40%] Building CXX object CMakeFiles/re2java.dir/src/debug/dump_adfa.cc.o
2025-10-05T21:19:01.8331330Z [ 40%] Building CXX object CMakeFiles/re2hs.dir/src/dfa/determinization.cc.o
2025-10-05T21:19:02.2172339Z [ 40%] Building CXX object CMakeFiles/re2go.dir/src/dfa/find_state.cc.o
2025-10-05T21:19:02.6478288Z [ 40%] Building CXX object CMakeFiles/re2java.dir/src/debug/dump_cfg.cc.o
2025-10-05T21:19:03.1637399Z [ 40%] Building CXX object CMakeFiles/re2java.dir/src/debug/dump_dfa.cc.o
2025-10-05T21:19:04.0246422Z [ 40%] Building CXX object CMakeFiles/re2go.dir/src/dfa/minimization.cc.o
2025-10-05T21:19:04.1395722Z [ 40%] Building CXX object CMakeFiles/re2java.dir/src/debug/dump_dfa_tree.cc.o
2025-10-05T21:19:04.1764190Z [ 41%] Building CXX object CMakeFiles/re2hs.dir/src/dfa/fallback_tags.cc.o
2025-10-05T21:19:04.5543768Z [ 41%] Building CXX object CMakeFiles/re2js.dir/src/options/symtab.cc.o
2025-10-05T21:19:04.7447358Z [ 41%] Building CXX object CMakeFiles/re2go.dir/src/dfa/tagver_table.cc.o
2025-10-05T21:19:04.8481345Z [ 41%] Building CXX object CMakeFiles/re2hs.dir/src/dfa/fillpoints.cc.o
2025-10-05T21:19:05.0626930Z [ 42%] Building CXX object CMakeFiles/re2js.dir/src/nfa/re_to_nfa.cc.o
2025-10-05T21:19:05.3477304Z [ 42%] Building CXX object CMakeFiles/re2go.dir/src/dfa/tcmd.cc.o
2025-10-05T21:19:05.9458893Z [ 42%] Building CXX object CMakeFiles/re2hs.dir/src/dfa/find_state.cc.o
2025-10-05T21:19:06.0952527Z [ 43%] Building CXX object CMakeFiles/re2java.dir/src/debug/dump_interf.cc.o
2025-10-05T21:19:06.1239404Z [ 43%] Building CXX object CMakeFiles/re2js.dir/src/adfa/adfa.cc.o
2025-10-05T21:19:06.1464533Z [ 44%] Building CXX object CMakeFiles/re2go.dir/src/encoding/ebcdic.cc.o
2025-10-05T21:19:06.4907821Z [ 44%] Building CXX object CMakeFiles/re2go.dir/src/encoding/enc.cc.o
2025-10-05T21:19:06.5885524Z [ 44%] Building CXX object CMakeFiles/re2java.dir/src/debug/dump_nfa.cc.o
2025-10-05T21:19:06.7536062Z [ 44%] Building CXX object CMakeFiles/re2go.dir/src/encoding/range_suffix.cc.o
2025-10-05T21:19:07.0965727Z [ 44%] Building CXX object CMakeFiles/re2go.dir/src/encoding/utf8.cc.o
2025-10-05T21:19:07.1828064Z [ 44%] Building CXX object CMakeFiles/re2java.dir/src/cfg/cfg.cc.o
2025-10-05T21:19:07.5103319Z [ 44%] Building CXX object CMakeFiles/re2go.dir/src/encoding/utf16.cc.o
2025-10-05T21:19:07.8153794Z [ 44%] Building CXX object CMakeFiles/re2hs.dir/src/dfa/minimization.cc.o
2025-10-05T21:19:07.8575154Z [ 44%] Building CXX object CMakeFiles/re2java.dir/src/cfg/compact.cc.o
2025-10-05T21:19:07.9158621Z [ 44%] Building CXX object CMakeFiles/re2go.dir/src/msg/msg.cc.o
2025-10-05T21:19:08.2079476Z [ 44%] Building CXX object CMakeFiles/re2js.dir/src/debug/dump_adfa.cc.o
2025-10-05T21:19:08.3592595Z [ 44%] Building CXX object CMakeFiles/re2java.dir/src/cfg/dce.cc.o
2025-10-05T21:19:08.4864779Z [ 44%] Building CXX object CMakeFiles/re2go.dir/src/msg/warn.cc.o
2025-10-05T21:19:08.5803036Z [ 44%] Building CXX object CMakeFiles/re2hs.dir/src/dfa/tagver_table.cc.o
2025-10-05T21:19:08.8345688Z [ 44%] Building CXX object CMakeFiles/re2java.dir/src/cfg/freeze.cc.o
2025-10-05T21:19:09.1829537Z [ 44%] Building CXX object CMakeFiles/re2hs.dir/src/dfa/tcmd.cc.o
2025-10-05T21:19:09.2414060Z [ 44%] Building CXX object CMakeFiles/re2js.dir/src/debug/dump_cfg.cc.o
2025-10-05T21:19:09.3151668Z [ 44%] Building CXX object CMakeFiles/re2java.dir/src/cfg/interfere.cc.o
2025-10-05T21:19:09.7444698Z [ 44%] Building CXX object CMakeFiles/re2js.dir/src/debug/dump_dfa.cc.o
2025-10-05T21:19:09.7648975Z [ 44%] Building CXX object CMakeFiles/re2go.dir/src/regexp/ast_to_re.cc.o
2025-10-05T21:19:09.9822684Z [ 44%] Building CXX object CMakeFiles/re2hs.dir/src/encoding/ebcdic.cc.o
2025-10-05T21:19:09.9923038Z [ 44%] Building CXX object CMakeFiles/re2java.dir/src/cfg/liveanal.cc.o
2025-10-05T21:19:10.3230862Z [ 44%] Building CXX object CMakeFiles/re2hs.dir/src/encoding/enc.cc.o
2025-10-05T21:19:10.5804803Z [ 44%] Building CXX object CMakeFiles/re2hs.dir/src/encoding/range_suffix.cc.o
2025-10-05T21:19:10.5944062Z [ 44%] Building CXX object CMakeFiles/re2java.dir/src/cfg/normalize.cc.o
2025-10-05T21:19:10.7234499Z [ 44%] Building CXX object CMakeFiles/re2js.dir/src/debug/dump_dfa_tree.cc.o
2025-10-05T21:19:10.9190142Z [ 44%] Building CXX object CMakeFiles/re2hs.dir/src/encoding/utf8.cc.o
2025-10-05T21:19:11.2613480Z [ 45%] Building CXX object CMakeFiles/re2java.dir/src/cfg/optimize.cc.o
2025-10-05T21:19:11.3260448Z [ 46%] Building CXX object CMakeFiles/re2hs.dir/src/encoding/utf16.cc.o
2025-10-05T21:19:11.4151060Z [ 46%] Building CXX object CMakeFiles/re2go.dir/src/regexp/default_tags.cc.o
2025-10-05T21:19:11.7386213Z [ 46%] Building CXX object CMakeFiles/re2hs.dir/src/msg/msg.cc.o
2025-10-05T21:19:11.9101053Z [ 46%] Building CXX object CMakeFiles/re2java.dir/src/cfg/rename.cc.o
2025-10-05T21:19:12.0994425Z [ 46%] Building CXX object CMakeFiles/re2go.dir/src/regexp/fixed_tags.cc.o
2025-10-05T21:19:12.3246447Z [ 46%] Building CXX object CMakeFiles/re2hs.dir/src/msg/warn.cc.o
2025-10-05T21:19:12.5024413Z [ 46%] Building CXX object CMakeFiles/re2java.dir/src/cfg/varalloc.cc.o
2025-10-05T21:19:12.6620398Z [ 46%] Building CXX object CMakeFiles/re2js.dir/src/debug/dump_interf.cc.o
2025-10-05T21:19:12.7502703Z [ 47%] Building CXX object CMakeFiles/re2go.dir/src/regexp/nullable.cc.o
2025-10-05T21:19:13.0586364Z [ 47%] Building CXX object CMakeFiles/re2java.dir/src/dfa/closure.cc.o
2025-10-05T21:19:13.1410178Z [ 47%] Building CXX object CMakeFiles/re2js.dir/src/debug/dump_nfa.cc.o
2025-10-05T21:19:13.1992875Z [ 47%] Building CXX object CMakeFiles/re2go.dir/src/regexp/regexp.cc.o
2025-10-05T21:19:13.6177268Z [ 47%] Building CXX object CMakeFiles/re2hs.dir/src/regexp/ast_to_re.cc.o
2025-10-05T21:19:13.7252566Z [ 47%] Building CXX object CMakeFiles/re2js.dir/src/cfg/cfg.cc.o
2025-10-05T21:19:13.8376517Z [ 47%] Building CXX object CMakeFiles/re2go.dir/src/regexp/split_charset.cc.o
2025-10-05T21:19:14.4035209Z [ 48%] Building CXX object CMakeFiles/re2js.dir/src/cfg/compact.cc.o
2025-10-05T21:19:14.7544722Z [ 48%] Building CXX object CMakeFiles/re2go.dir/src/skeleton/control_flow.cc.o
2025-10-05T21:19:14.8777885Z [ 48%] Building CXX object CMakeFiles/re2js.dir/src/cfg/dce.cc.o
2025-10-05T21:19:15.2734856Z [ 48%] Building CXX object CMakeFiles/re2hs.dir/src/regexp/default_tags.cc.o
2025-10-05T21:19:15.3484768Z [ 48%] Building CXX object CMakeFiles/re2js.dir/src/cfg/freeze.cc.o
2025-10-05T21:19:15.7172998Z [ 48%] Building CXX object CMakeFiles/re2java.dir/src/dfa/dead_rules.cc.o
2025-10-05T21:19:15.8315923Z [ 48%] Building CXX object CMakeFiles/re2js.dir/src/cfg/interfere.cc.o
2025-10-05T21:19:15.9297170Z [ 48%] Building CXX object CMakeFiles/re2hs.dir/src/regexp/fixed_tags.cc.o
2025-10-05T21:19:16.0123400Z [ 48%] Building CXX object CMakeFiles/re2go.dir/src/skeleton/generate_code.cc.o
2025-10-05T21:19:16.4894082Z [ 48%] Building CXX object CMakeFiles/re2js.dir/src/cfg/liveanal.cc.o
2025-10-05T21:19:16.6079527Z [ 48%] Building CXX object CMakeFiles/re2hs.dir/src/regexp/nullable.cc.o
2025-10-05T21:19:16.8697195Z [ 48%] Building CXX object CMakeFiles/re2java.dir/src/dfa/determinization.cc.o
2025-10-05T21:19:17.0404115Z [ 48%] Building CXX object CMakeFiles/re2hs.dir/src/regexp/regexp.cc.o
2025-10-05T21:19:17.0603415Z [ 48%] Building CXX object CMakeFiles/re2js.dir/src/cfg/normalize.cc.o
2025-10-05T21:19:17.6771189Z [ 48%] Building CXX object CMakeFiles/re2hs.dir/src/regexp/split_charset.cc.o
2025-10-05T21:19:17.7033972Z [ 48%] Building CXX object CMakeFiles/re2js.dir/src/cfg/optimize.cc.o
2025-10-05T21:19:18.3174486Z [ 48%] Building CXX object CMakeFiles/re2js.dir/src/cfg/rename.cc.o
2025-10-05T21:19:18.5926788Z [ 49%] Building CXX object CMakeFiles/re2hs.dir/src/skeleton/control_flow.cc.o
2025-10-05T21:19:18.8805307Z [ 49%] Building CXX object CMakeFiles/re2js.dir/src/cfg/varalloc.cc.o
2025-10-05T21:19:19.2162092Z [ 49%] Building CXX object CMakeFiles/re2java.dir/src/dfa/fallback_tags.cc.o
2025-10-05T21:19:19.3919913Z [ 50%] Building CXX object CMakeFiles/re2js.dir/src/dfa/closure.cc.o
2025-10-05T21:19:19.7788354Z [ 50%] Building CXX object CMakeFiles/re2go.dir/src/skeleton/generate_data.cc.o
2025-10-05T21:19:19.8450606Z [ 50%] Building CXX object CMakeFiles/re2hs.dir/src/skeleton/generate_code.cc.o
2025-10-05T21:19:19.8750172Z [ 50%] Building CXX object CMakeFiles/re2java.dir/src/dfa/fillpoints.cc.o
2025-10-05T21:19:20.9730475Z [ 50%] Building CXX object CMakeFiles/re2java.dir/src/dfa/find_state.cc.o
2025-10-05T21:19:21.9967100Z [ 50%] Building CXX object CMakeFiles/re2js.dir/src/dfa/dead_rules.cc.o
2025-10-05T21:19:22.4818367Z [ 50%] Building CXX object CMakeFiles/re2go.dir/src/skeleton/maxpath.cc.o
2025-10-05T21:19:22.7744317Z [ 51%] Building CXX object CMakeFiles/re2java.dir/src/dfa/minimization.cc.o
2025-10-05T21:19:23.1334614Z [ 51%] Building CXX object CMakeFiles/re2js.dir/src/dfa/determinization.cc.o
2025-10-05T21:19:23.2605939Z [ 51%] Building CXX object CMakeFiles/re2go.dir/src/skeleton/skeleton.cc.o
2025-10-05T21:19:23.4921414Z [ 51%] Building CXX object CMakeFiles/re2java.dir/src/dfa/tagver_table.cc.o
2025-10-05T21:19:23.5726571Z [ 51%] Building CXX object CMakeFiles/re2hs.dir/src/skeleton/generate_data.cc.o
2025-10-05T21:19:24.1270054Z [ 51%] Building CXX object CMakeFiles/re2java.dir/src/dfa/tcmd.cc.o
2025-10-05T21:19:24.3376780Z [ 51%] Building CXX object CMakeFiles/re2go.dir/src/parse/ast.cc.o
2025-10-05T21:19:25.0304610Z [ 51%] Building CXX object CMakeFiles/re2java.dir/src/encoding/ebcdic.cc.o
2025-10-05T21:19:25.3714510Z [ 51%] Building CXX object CMakeFiles/re2java.dir/src/encoding/enc.cc.o
2025-10-05T21:19:25.4715183Z [ 51%] Building CXX object CMakeFiles/re2js.dir/src/dfa/fallback_tags.cc.o
2025-10-05T21:19:25.6328810Z [ 51%] Building CXX object CMakeFiles/re2java.dir/src/encoding/range_suffix.cc.o
2025-10-05T21:19:25.9668569Z [ 51%] Building CXX object CMakeFiles/re2java.dir/src/encoding/utf8.cc.o
2025-10-05T21:19:26.1060008Z [ 51%] Building CXX object CMakeFiles/re2js.dir/src/dfa/fillpoints.cc.o
2025-10-05T21:19:26.3113498Z [ 51%] Building CXX object CMakeFiles/re2hs.dir/src/skeleton/maxpath.cc.o
2025-10-05T21:19:26.3584618Z [ 51%] Building CXX object CMakeFiles/re2java.dir/src/encoding/utf16.cc.o
2025-10-05T21:19:26.4589930Z [ 52%] Building CXX object CMakeFiles/re2go.dir/src/parse/input.cc.o
2025-10-05T21:19:26.7680898Z [ 52%] Building CXX object CMakeFiles/re2java.dir/src/msg/msg.cc.o
2025-10-05T21:19:27.1021598Z [ 52%] Building CXX object CMakeFiles/re2hs.dir/src/skeleton/skeleton.cc.o
2025-10-05T21:19:27.2000330Z [ 52%] Building CXX object CMakeFiles/re2js.dir/src/dfa/find_state.cc.o
2025-10-05T21:19:27.3531215Z [ 52%] Building CXX object CMakeFiles/re2java.dir/src/msg/warn.cc.o
2025-10-05T21:19:27.6497931Z [ 52%] Building CXX object CMakeFiles/re2go.dir/src/util/file_utils.cc.o
2025-10-05T21:19:27.8968509Z [ 52%] Building CXX object CMakeFiles/re2go.dir/src/util/string_utils.cc.o
2025-10-05T21:19:28.1984864Z [ 52%] Building CXX object CMakeFiles/re2hs.dir/src/parse/ast.cc.o
2025-10-05T21:19:28.2857248Z [ 52%] Building CXX object CMakeFiles/re2go.dir/src/util/range.cc.o
2025-10-05T21:19:28.5484690Z [ 52%] Building CXX object CMakeFiles/re2go.dir/src/main.cc.o
2025-10-05T21:19:28.6567993Z [ 53%] Building CXX object CMakeFiles/re2java.dir/src/regexp/ast_to_re.cc.o
2025-10-05T21:19:29.0748669Z [ 53%] Building CXX object CMakeFiles/re2js.dir/src/dfa/minimization.cc.o
2025-10-05T21:19:29.8285917Z [ 53%] Building CXX object CMakeFiles/re2js.dir/src/dfa/tagver_table.cc.o
2025-10-05T21:19:30.3023840Z [ 53%] Building CXX object CMakeFiles/re2java.dir/src/regexp/default_tags.cc.o
2025-10-05T21:19:30.3349282Z [ 53%] Building CXX object CMakeFiles/re2hs.dir/src/parse/input.cc.o
2025-10-05T21:19:30.4052246Z [ 53%] Building CXX object CMakeFiles/re2js.dir/src/dfa/tcmd.cc.o
2025-10-05T21:19:30.7366180Z [ 53%] Building CXX object CMakeFiles/re2go.dir/src/msg/help_re2go.cc.o
2025-10-05T21:19:30.7531127Z [ 53%] Linking CXX executable re2go
2025-10-05T21:19:30.9906739Z [ 53%] Building CXX object CMakeFiles/re2java.dir/src/regexp/fixed_tags.cc.o
2025-10-05T21:19:31.0659478Z [ 53%] Built target re2go
2025-10-05T21:19:31.0688562Z [ 53%] Building CXX object CMakeFiles/re2hs.dir/src/util/file_utils.cc.o
2025-10-05T21:19:31.1554326Z [ 53%] Building CXX object CMakeFiles/re2js.dir/src/encoding/ebcdic.cc.o
2025-10-05T21:19:31.3072371Z [ 53%] Building CXX object CMakeFiles/re2java.dir/src/regexp/nullable.cc.o
2025-10-05T21:19:31.4969150Z [ 54%] Building CXX object CMakeFiles/re2js.dir/src/encoding/enc.cc.o
2025-10-05T21:19:31.5363397Z [ 54%] Building CXX object CMakeFiles/re2hs.dir/src/util/string_utils.cc.o
2025-10-05T21:19:31.6831177Z [ 54%] Generating src/msg/help_re2ocaml.cc
2025-10-05T21:19:31.7536313Z [ 54%] Building CXX object CMakeFiles/re2js.dir/src/encoding/range_suffix.cc.o
2025-10-05T21:19:31.7590735Z [ 54%] Building CXX object CMakeFiles/re2java.dir/src/regexp/regexp.cc.o
2025-10-05T21:19:31.9190501Z [ 55%] Building CXX object CMakeFiles/re2hs.dir/src/util/range.cc.o
2025-10-05T21:19:31.9956231Z [ 55%] Building CXX object CMakeFiles/re2ocaml.dir/src/codegen/helpers.cc.o
2025-10-05T21:19:32.0884965Z [ 55%] Building CXX object CMakeFiles/re2js.dir/src/encoding/utf8.cc.o
2025-10-05T21:19:32.1824409Z [ 55%] Building CXX object CMakeFiles/re2hs.dir/src/main.cc.o
2025-10-05T21:19:32.3935187Z [ 55%] Building CXX object CMakeFiles/re2java.dir/src/regexp/split_charset.cc.o
2025-10-05T21:19:32.4940935Z [ 55%] Building CXX object CMakeFiles/re2js.dir/src/encoding/utf16.cc.o
2025-10-05T21:19:32.6724876Z [ 55%] Building CXX object CMakeFiles/re2ocaml.dir/src/codegen/output.cc.o
2025-10-05T21:19:32.8987585Z [ 55%] Building CXX object CMakeFiles/re2js.dir/src/msg/msg.cc.o
2025-10-05T21:19:33.3065261Z [ 55%] Building CXX object CMakeFiles/re2java.dir/src/skeleton/control_flow.cc.o
2025-10-05T21:19:33.4656919Z [ 55%] Building CXX object CMakeFiles/re2js.dir/src/msg/warn.cc.o
2025-10-05T21:19:34.3883949Z [ 55%] Building CXX object CMakeFiles/re2hs.dir/src/msg/help_re2hs.cc.o
2025-10-05T21:19:34.4049881Z [ 55%] Linking CXX executable re2hs
2025-10-05T21:19:34.5442882Z [ 55%] Building CXX object CMakeFiles/re2java.dir/src/skeleton/generate_code.cc.o
2025-10-05T21:19:34.5889735Z [ 56%] Building CXX object CMakeFiles/re2ocaml.dir/src/codegen/pass1_analyze.cc.o
2025-10-05T21:19:34.7100590Z [ 56%] Built target re2hs
2025-10-05T21:19:34.7128705Z [ 56%] Building CXX object CMakeFiles/re2java.dir/src/skeleton/generate_data.cc.o
2025-10-05T21:19:34.7480849Z [ 56%] Building CXX object CMakeFiles/re2js.dir/src/regexp/ast_to_re.cc.o
2025-10-05T21:19:36.3952589Z [ 56%] Building CXX object CMakeFiles/re2js.dir/src/regexp/default_tags.cc.o
2025-10-05T21:19:36.7427429Z [ 56%] Building CXX object CMakeFiles/re2ocaml.dir/src/codegen/pass2_generate.cc.o
2025-10-05T21:19:37.0672557Z [ 56%] Building CXX object CMakeFiles/re2js.dir/src/regexp/fixed_tags.cc.o
2025-10-05T21:19:37.4097840Z [ 56%] Generating src/msg/help_re2py.cc
2025-10-05T21:19:37.7154453Z [ 56%] Building CXX object CMakeFiles/re2py.dir/src/codegen/helpers.cc.o
2025-10-05T21:19:37.7224660Z [ 57%] Building CXX object CMakeFiles/re2js.dir/src/regexp/nullable.cc.o
2025-10-05T21:19:38.1725223Z [ 57%] Building CXX object CMakeFiles/re2js.dir/src/regexp/regexp.cc.o
2025-10-05T21:19:38.2827829Z [ 58%] Building CXX object CMakeFiles/re2java.dir/src/skeleton/maxpath.cc.o
2025-10-05T21:19:38.3848653Z [ 58%] Building CXX object CMakeFiles/re2py.dir/src/codegen/output.cc.o
2025-10-05T21:19:38.8069263Z [ 58%] Building CXX object CMakeFiles/re2js.dir/src/regexp/split_charset.cc.o
2025-10-05T21:19:39.0665417Z [ 58%] Building CXX object CMakeFiles/re2java.dir/src/skeleton/skeleton.cc.o
2025-10-05T21:19:39.7139362Z [ 58%] Building CXX object CMakeFiles/re2js.dir/src/skeleton/control_flow.cc.o
2025-10-05T21:19:40.1332738Z [ 58%] Building CXX object CMakeFiles/re2java.dir/src/parse/ast.cc.o
2025-10-05T21:19:40.3075898Z [ 58%] Building CXX object CMakeFiles/re2py.dir/src/codegen/pass1_analyze.cc.o
2025-10-05T21:19:40.9752817Z [ 58%] Building CXX object CMakeFiles/re2js.dir/src/skeleton/generate_code.cc.o
2025-10-05T21:19:41.4948275Z [ 58%] Building CXX object CMakeFiles/re2ocaml.dir/src/codegen/pass3_fixup.cc.o
2025-10-05T21:19:42.2200265Z [ 58%] Building CXX object CMakeFiles/re2java.dir/src/parse/input.cc.o
2025-10-05T21:19:42.3132124Z [ 58%] Building CXX object CMakeFiles/re2ocaml.dir/src/codegen/pass4_render.cc.o
2025-10-05T21:19:42.4997381Z [ 58%] Building CXX object CMakeFiles/re2py.dir/src/codegen/pass2_generate.cc.o
2025-10-05T21:19:43.4192149Z [ 58%] Building CXX object CMakeFiles/re2java.dir/src/util/file_utils.cc.o
2025-10-05T21:19:43.6674740Z [ 58%] Building CXX object CMakeFiles/re2java.dir/src/util/string_utils.cc.o
2025-10-05T21:19:44.0507682Z [ 58%] Building CXX object CMakeFiles/re2java.dir/src/util/range.cc.o
2025-10-05T21:19:44.3094472Z [ 58%] Building CXX object CMakeFiles/re2java.dir/src/main.cc.o
2025-10-05T21:19:44.6966236Z [ 58%] Building CXX object CMakeFiles/re2js.dir/src/skeleton/generate_data.cc.o
2025-10-05T21:19:44.8270094Z [ 58%] Building CXX object CMakeFiles/re2ocaml.dir/src/options/opt.cc.o
2025-10-05T21:19:46.4726735Z [ 58%] Building CXX object CMakeFiles/re2java.dir/src/msg/help_re2java.cc.o
2025-10-05T21:19:46.4888728Z [ 59%] Linking CXX executable re2java
2025-10-05T21:19:46.7811429Z [ 59%] Built target re2java
2025-10-05T21:19:46.7841931Z [ 59%] Building CXX object CMakeFiles/re2py.dir/src/codegen/pass3_fixup.cc.o
2025-10-05T21:19:47.1671295Z [ 59%] Building CXX object CMakeFiles/re2js.dir/src/skeleton/maxpath.cc.o
2025-10-05T21:19:47.3885272Z [ 60%] Building CXX object CMakeFiles/re2py.dir/src/codegen/pass4_render.cc.o
2025-10-05T21:19:47.5933919Z [ 60%] Building CXX object CMakeFiles/re2ocaml.dir/src/options/symtab.cc.o
2025-10-05T21:19:47.9635033Z [ 60%] Building CXX object CMakeFiles/re2js.dir/src/skeleton/skeleton.cc.o
2025-10-05T21:19:48.1120079Z [ 61%] Generating src/msg/help_re2rust.cc
2025-10-05T21:19:48.4327759Z [ 61%] Building CXX object CMakeFiles/re2rust.dir/src/codegen/helpers.cc.o
2025-10-05T21:19:49.0511802Z [ 61%] Building CXX object CMakeFiles/re2js.dir/src/parse/ast.cc.o
2025-10-05T21:19:49.1020772Z [ 61%] Building CXX object CMakeFiles/re2rust.dir/src/codegen/output.cc.o
2025-10-05T21:19:49.8739272Z [ 61%] Building CXX object CMakeFiles/re2py.dir/src/options/opt.cc.o
2025-10-05T21:19:51.0161666Z [ 61%] Building CXX object CMakeFiles/re2rust.dir/src/codegen/pass1_analyze.cc.o
2025-10-05T21:19:51.1705480Z [ 62%] Building CXX object CMakeFiles/re2js.dir/src/parse/input.cc.o
2025-10-05T21:19:52.3613377Z [ 62%] Building CXX object CMakeFiles/re2js.dir/src/util/file_utils.cc.o
2025-10-05T21:19:52.6030916Z [ 62%] Building CXX object CMakeFiles/re2js.dir/src/util/string_utils.cc.o
2025-10-05T21:19:52.9775485Z [ 62%] Building CXX object CMakeFiles/re2js.dir/src/util/range.cc.o
2025-10-05T21:19:53.0031233Z [ 62%] Building CXX object CMakeFiles/re2ocaml.dir/src/nfa/re_to_nfa.cc.o
2025-10-05T21:19:53.1950932Z [ 62%] Building CXX object CMakeFiles/re2rust.dir/src/codegen/pass2_generate.cc.o
2025-10-05T21:19:53.2268947Z [ 62%] Building CXX object CMakeFiles/re2js.dir/src/main.cc.o
2025-10-05T21:19:54.0613739Z [ 62%] Building CXX object CMakeFiles/re2ocaml.dir/src/adfa/adfa.cc.o
2025-10-05T21:19:55.3958220Z [ 62%] Building CXX object CMakeFiles/re2js.dir/src/msg/help_re2js.cc.o
2025-10-05T21:19:55.4122119Z [ 62%] Linking CXX executable re2js
2025-10-05T21:19:55.7202948Z [ 62%] Built target re2js
2025-10-05T21:19:55.7234468Z [ 62%] Building CXX object CMakeFiles/re2py.dir/src/options/symtab.cc.o
2025-10-05T21:19:56.0827689Z [ 62%] Building CXX object CMakeFiles/re2ocaml.dir/src/debug/dump_adfa.cc.o
2025-10-05T21:19:56.2364493Z [ 62%] Building CXX object CMakeFiles/re2rust.dir/src/codegen/pass3_fixup.cc.o
2025-10-05T21:19:57.0640805Z [ 62%] Generating src/msg/help_re2swift.cc
2025-10-05T21:19:57.0801300Z [ 63%] Building CXX object CMakeFiles/re2ocaml.dir/src/debug/dump_cfg.cc.o
2025-10-05T21:19:57.3612644Z [ 63%] Building CXX object CMakeFiles/re2swift.dir/src/codegen/helpers.cc.o
2025-10-05T21:19:57.5596226Z [ 63%] Building CXX object CMakeFiles/re2ocaml.dir/src/debug/dump_dfa.cc.o
2025-10-05T21:19:57.9179489Z [ 63%] Building CXX object CMakeFiles/re2rust.dir/src/codegen/pass4_render.cc.o
2025-10-05T21:19:57.9939884Z [ 63%] Building CXX object CMakeFiles/re2swift.dir/src/codegen/output.cc.o
2025-10-05T21:19:57.9940933Z [ 63%] Building CXX object CMakeFiles/re2py.dir/src/nfa/re_to_nfa.cc.o
2025-10-05T21:19:58.5031098Z [ 63%] Building CXX object CMakeFiles/re2ocaml.dir/src/debug/dump_dfa_tree.cc.o
2025-10-05T21:19:59.0452781Z [ 63%] Building CXX object CMakeFiles/re2py.dir/src/adfa/adfa.cc.o
2025-10-05T21:19:59.9257624Z [ 64%] Building CXX object CMakeFiles/re2swift.dir/src/codegen/pass1_analyze.cc.o
2025-10-05T21:20:00.3957149Z [ 64%] Building CXX object CMakeFiles/re2rust.dir/src/options/opt.cc.o
2025-10-05T21:20:00.4283709Z [ 64%] Building CXX object CMakeFiles/re2ocaml.dir/src/debug/dump_interf.cc.o
2025-10-05T21:20:00.9045707Z [ 64%] Building CXX object CMakeFiles/re2ocaml.dir/src/debug/dump_nfa.cc.o
2025-10-05T21:20:01.0974773Z [ 64%] Building CXX object CMakeFiles/re2py.dir/src/debug/dump_adfa.cc.o
2025-10-05T21:20:01.4737616Z [ 64%] Building CXX object CMakeFiles/re2ocaml.dir/src/cfg/cfg.cc.o
2025-10-05T21:20:02.1342989Z [ 64%] Building CXX object CMakeFiles/re2py.dir/src/debug/dump_cfg.cc.o
2025-10-05T21:20:02.1458862Z [ 64%] Building CXX object CMakeFiles/re2ocaml.dir/src/cfg/compact.cc.o
2025-10-05T21:20:02.1778362Z [ 64%] Building CXX object CMakeFiles/re2swift.dir/src/codegen/pass2_generate.cc.o
2025-10-05T21:20:02.6219999Z [ 64%] Building CXX object CMakeFiles/re2ocaml.dir/src/cfg/dce.cc.o
2025-10-05T21:20:02.6299000Z [ 64%] Building CXX object CMakeFiles/re2py.dir/src/debug/dump_dfa.cc.o
2025-10-05T21:20:03.0871844Z [ 64%] Building CXX object CMakeFiles/re2ocaml.dir/src/cfg/freeze.cc.o
2025-10-05T21:20:03.5572194Z [ 65%] Building CXX object CMakeFiles/re2ocaml.dir/src/cfg/interfere.cc.o
2025-10-05T21:20:03.6067730Z [ 65%] Building CXX object CMakeFiles/re2py.dir/src/debug/dump_dfa_tree.cc.o
2025-10-05T21:20:04.2136454Z [ 65%] Building CXX object CMakeFiles/re2ocaml.dir/src/cfg/liveanal.cc.o
2025-10-05T21:20:04.7962165Z [ 65%] Building CXX object CMakeFiles/re2ocaml.dir/src/cfg/normalize.cc.o
2025-10-05T21:20:05.4440571Z [ 65%] Building CXX object CMakeFiles/re2ocaml.dir/src/cfg/optimize.cc.o
2025-10-05T21:20:05.5356055Z [ 66%] Building CXX object CMakeFiles/re2py.dir/src/debug/dump_interf.cc.o
2025-10-05T21:20:06.0045830Z [ 66%] Building CXX object CMakeFiles/re2py.dir/src/debug/dump_nfa.cc.o
2025-10-05T21:20:06.0766185Z [ 66%] Building CXX object CMakeFiles/re2ocaml.dir/src/cfg/rename.cc.o
2025-10-05T21:20:06.5762814Z [ 66%] Building CXX object CMakeFiles/re2py.dir/src/cfg/cfg.cc.o
2025-10-05T21:20:06.6417737Z [ 66%] Building CXX object CMakeFiles/re2ocaml.dir/src/cfg/varalloc.cc.o
2025-10-05T21:20:06.9291286Z [ 66%] Building CXX object CMakeFiles/re2swift.dir/src/codegen/pass3_fixup.cc.o
2025-10-05T21:20:07.1543855Z [ 66%] Building CXX object CMakeFiles/re2ocaml.dir/src/dfa/closure.cc.o
2025-10-05T21:20:07.2543328Z [ 66%] Building CXX object CMakeFiles/re2py.dir/src/cfg/compact.cc.o
2025-10-05T21:20:07.7339691Z [ 66%] Building CXX object CMakeFiles/re2py.dir/src/cfg/dce.cc.o
2025-10-05T21:20:07.7643296Z [ 66%] Building CXX object CMakeFiles/re2swift.dir/src/codegen/pass4_render.cc.o
2025-10-05T21:20:08.1855619Z [ 66%] Building CXX object CMakeFiles/re2py.dir/src/cfg/freeze.cc.o
2025-10-05T21:20:08.6144736Z [ 66%] Building CXX object CMakeFiles/re2rust.dir/src/options/symtab.cc.o
2025-10-05T21:20:08.6152437Z [ 66%] Building CXX object CMakeFiles/re2py.dir/src/cfg/interfere.cc.o
2025-10-05T21:20:09.1144797Z [ 67%] Building CXX object CMakeFiles/re2rust.dir/src/nfa/re_to_nfa.cc.o
2025-10-05T21:20:09.2704442Z [ 67%] Building CXX object CMakeFiles/re2py.dir/src/cfg/liveanal.cc.o
2025-10-05T21:20:09.8156914Z [ 67%] Building CXX object CMakeFiles/re2ocaml.dir/src/dfa/dead_rules.cc.o
2025-10-05T21:20:09.8569143Z [ 67%] Building CXX object CMakeFiles/re2py.dir/src/cfg/normalize.cc.o
2025-10-05T21:20:10.1639846Z [ 67%] Building CXX object CMakeFiles/re2rust.dir/src/adfa/adfa.cc.o
2025-10-05T21:20:10.2860129Z [ 67%] Building CXX object CMakeFiles/re2swift.dir/src/options/opt.cc.o
2025-10-05T21:20:10.5109749Z [ 67%] Building CXX object CMakeFiles/re2py.dir/src/cfg/optimize.cc.o
2025-10-05T21:20:10.9567709Z [ 67%] Building CXX object CMakeFiles/re2ocaml.dir/src/dfa/determinization.cc.o
2025-10-05T21:20:11.1670885Z [ 68%] Building CXX object CMakeFiles/re2py.dir/src/cfg/rename.cc.o
2025-10-05T21:20:11.7528482Z [ 68%] Building CXX object CMakeFiles/re2py.dir/src/cfg/varalloc.cc.o
2025-10-05T21:20:12.2305271Z [ 68%] Building CXX object CMakeFiles/re2rust.dir/src/debug/dump_adfa.cc.o
2025-10-05T21:20:12.2762336Z [ 68%] Building CXX object CMakeFiles/re2py.dir/src/dfa/closure.cc.o
2025-10-05T21:20:13.2346909Z [ 68%] Building CXX object CMakeFiles/re2rust.dir/src/debug/dump_cfg.cc.o
2025-10-05T21:20:13.3010871Z [ 68%] Building CXX object CMakeFiles/re2ocaml.dir/src/dfa/fallback_tags.cc.o
2025-10-05T21:20:13.7459891Z [ 68%] Building CXX object CMakeFiles/re2rust.dir/src/debug/dump_dfa.cc.o
2025-10-05T21:20:13.9618270Z [ 69%] Building CXX object CMakeFiles/re2ocaml.dir/src/dfa/fillpoints.cc.o
2025-10-05T21:20:14.7160845Z [ 69%] Building CXX object CMakeFiles/re2rust.dir/src/debug/dump_dfa_tree.cc.o
2025-10-05T21:20:14.9136379Z [ 69%] Building CXX object CMakeFiles/re2py.dir/src/dfa/dead_rules.cc.o
2025-10-05T21:20:15.0524570Z [ 69%] Building CXX object CMakeFiles/re2ocaml.dir/src/dfa/find_state.cc.o
2025-10-05T21:20:16.0543526Z [ 69%] Building CXX object CMakeFiles/re2py.dir/src/dfa/determinization.cc.o
2025-10-05T21:20:16.6385190Z [ 69%] Building CXX object CMakeFiles/re2rust.dir/src/debug/dump_interf.cc.o
2025-10-05T21:20:16.8968568Z [ 69%] Building CXX object CMakeFiles/re2ocaml.dir/src/dfa/minimization.cc.o
2025-10-05T21:20:17.1157194Z [ 69%] Building CXX object CMakeFiles/re2rust.dir/src/debug/dump_nfa.cc.o
2025-10-05T21:20:17.6571148Z [ 69%] Building CXX object CMakeFiles/re2ocaml.dir/src/dfa/tagver_table.cc.o
2025-10-05T21:20:17.6978386Z [ 69%] Building CXX object CMakeFiles/re2rust.dir/src/cfg/cfg.cc.o
2025-10-05T21:20:18.2494131Z [ 69%] Building CXX object CMakeFiles/re2ocaml.dir/src/dfa/tcmd.cc.o
2025-10-05T21:20:18.3265407Z [ 69%] Building CXX object CMakeFiles/re2py.dir/src/dfa/fallback_tags.cc.o
2025-10-05T21:20:18.3882717Z [ 70%] Building CXX object CMakeFiles/re2rust.dir/src/cfg/compact.cc.o
2025-10-05T21:20:18.4914833Z [ 70%] Building CXX object CMakeFiles/re2swift.dir/src/options/symtab.cc.o
2025-10-05T21:20:18.8898621Z [ 70%] Building CXX object CMakeFiles/re2rust.dir/src/cfg/dce.cc.o
2025-10-05T21:20:18.9578066Z [ 70%] Building CXX object CMakeFiles/re2py.dir/src/dfa/fillpoints.cc.o
2025-10-05T21:20:18.9927456Z [ 70%] Building CXX object CMakeFiles/re2swift.dir/src/nfa/re_to_nfa.cc.o
2025-10-05T21:20:19.0534662Z [ 70%] Building CXX object CMakeFiles/re2ocaml.dir/src/encoding/ebcdic.cc.o
2025-10-05T21:20:19.3591325Z [ 70%] Building CXX object CMakeFiles/re2rust.dir/src/cfg/freeze.cc.o
2025-10-05T21:20:19.3939311Z [ 70%] Building CXX object CMakeFiles/re2ocaml.dir/src/encoding/enc.cc.o
2025-10-05T21:20:19.6556507Z [ 70%] Building CXX object CMakeFiles/re2ocaml.dir/src/encoding/range_suffix.cc.o
2025-10-05T21:20:19.8348471Z [ 70%] Building CXX object CMakeFiles/re2rust.dir/src/cfg/interfere.cc.o
2025-10-05T21:20:19.9912843Z [ 70%] Building CXX object CMakeFiles/re2ocaml.dir/src/encoding/utf8.cc.o
2025-10-05T21:20:20.0142070Z [ 70%] Building CXX object CMakeFiles/re2swift.dir/src/adfa/adfa.cc.o
2025-10-05T21:20:20.0278322Z [ 70%] Building CXX object CMakeFiles/re2py.dir/src/dfa/find_state.cc.o
2025-10-05T21:20:20.4086950Z [ 71%] Building CXX object CMakeFiles/re2ocaml.dir/src/encoding/utf16.cc.o
2025-10-05T21:20:20.4990039Z [ 71%] Building CXX object CMakeFiles/re2rust.dir/src/cfg/liveanal.cc.o
2025-10-05T21:20:20.8146036Z [ 71%] Building CXX object CMakeFiles/re2ocaml.dir/src/msg/msg.cc.o
2025-10-05T21:20:21.0890735Z [ 71%] Building CXX object CMakeFiles/re2rust.dir/src/cfg/normalize.cc.o
2025-10-05T21:20:21.3985074Z [ 71%] Building CXX object CMakeFiles/re2ocaml.dir/src/msg/warn.cc.o
2025-10-05T21:20:21.7556495Z [ 71%] Building CXX object CMakeFiles/re2rust.dir/src/cfg/optimize.cc.o
2025-10-05T21:20:21.8792041Z [ 71%] Building CXX object CMakeFiles/re2py.dir/src/dfa/minimization.cc.o
2025-10-05T21:20:22.0372693Z [ 71%] Building CXX object CMakeFiles/re2swift.dir/src/debug/dump_adfa.cc.o
2025-10-05T21:20:22.4082067Z [ 71%] Building CXX object CMakeFiles/re2rust.dir/src/cfg/rename.cc.o
2025-10-05T21:20:22.6362801Z [ 72%] Building CXX object CMakeFiles/re2py.dir/src/dfa/tagver_table.cc.o
2025-10-05T21:20:22.6941823Z [ 72%] Building CXX object CMakeFiles/re2ocaml.dir/src/regexp/ast_to_re.cc.o
2025-10-05T21:20:22.9960233Z [ 72%] Building CXX object CMakeFiles/re2rust.dir/src/cfg/varalloc.cc.o
2025-10-05T21:20:23.0696479Z [ 73%] Building CXX object CMakeFiles/re2swift.dir/src/debug/dump_cfg.cc.o
2025-10-05T21:20:23.2265738Z [ 73%] Building CXX object CMakeFiles/re2py.dir/src/dfa/tcmd.cc.o
2025-10-05T21:20:23.5507161Z [ 73%] Building CXX object CMakeFiles/re2rust.dir/src/dfa/closure.cc.o
2025-10-05T21:20:23.5734734Z [ 73%] Building CXX object CMakeFiles/re2swift.dir/src/debug/dump_dfa.cc.o
2025-10-05T21:20:24.0334934Z [ 73%] Building CXX object CMakeFiles/re2py.dir/src/encoding/ebcdic.cc.o
2025-10-05T21:20:24.3735436Z [ 73%] Building CXX object CMakeFiles/re2py.dir/src/encoding/enc.cc.o
2025-10-05T21:20:24.4082419Z [ 73%] Building CXX object CMakeFiles/re2ocaml.dir/src/regexp/default_tags.cc.o
2025-10-05T21:20:24.5886653Z [ 73%] Building CXX object CMakeFiles/re2swift.dir/src/debug/dump_dfa_tree.cc.o
2025-10-05T21:20:24.6218702Z [ 73%] Building CXX object CMakeFiles/re2py.dir/src/encoding/range_suffix.cc.o
2025-10-05T21:20:24.9584480Z [ 73%] Building CXX object CMakeFiles/re2py.dir/src/encoding/utf8.cc.o
2025-10-05T21:20:25.1081639Z [ 73%] Building CXX object CMakeFiles/re2ocaml.dir/src/regexp/fixed_tags.cc.o
2025-10-05T21:20:25.3688953Z [ 73%] Building CXX object CMakeFiles/re2py.dir/src/encoding/utf16.cc.o
2025-10-05T21:20:25.7686437Z [ 73%] Building CXX object CMakeFiles/re2py.dir/src/msg/msg.cc.o
2025-10-05T21:20:25.7922501Z [ 73%] Building CXX object CMakeFiles/re2ocaml.dir/src/regexp/nullable.cc.o
2025-10-05T21:20:26.2310189Z [ 73%] Building CXX object CMakeFiles/re2ocaml.dir/src/regexp/regexp.cc.o
2025-10-05T21:20:26.2815803Z [ 74%] Building CXX object CMakeFiles/re2rust.dir/src/dfa/dead_rules.cc.o
2025-10-05T21:20:26.3254793Z [ 74%] Building CXX object CMakeFiles/re2py.dir/src/msg/warn.cc.o
2025-10-05T21:20:26.5352030Z [ 74%] Building CXX object CMakeFiles/re2swift.dir/src/debug/dump_interf.cc.o
2025-10-05T21:20:26.8515322Z [ 74%] Building CXX object CMakeFiles/re2ocaml.dir/src/regexp/split_charset.cc.o
2025-10-05T21:20:27.0281147Z [ 74%] Building CXX object CMakeFiles/re2swift.dir/src/debug/dump_nfa.cc.o
2025-10-05T21:20:27.4149184Z [ 74%] Building CXX object CMakeFiles/re2rust.dir/src/dfa/determinization.cc.o
2025-10-05T21:20:27.5943757Z [ 75%] Building CXX object CMakeFiles/re2py.dir/src/regexp/ast_to_re.cc.o
2025-10-05T21:20:27.6175712Z [ 75%] Building CXX object CMakeFiles/re2swift.dir/src/cfg/cfg.cc.o
2025-10-05T21:20:27.7616291Z [ 76%] Building CXX object CMakeFiles/re2ocaml.dir/src/skeleton/control_flow.cc.o
2025-10-05T21:20:28.2940759Z [ 76%] Building CXX object CMakeFiles/re2swift.dir/src/cfg/compact.cc.o
2025-10-05T21:20:28.7910037Z [ 76%] Building CXX object CMakeFiles/re2swift.dir/src/cfg/dce.cc.o
2025-10-05T21:20:29.0364322Z [ 76%] Building CXX object CMakeFiles/re2ocaml.dir/src/skeleton/generate_code.cc.o
2025-10-05T21:20:29.2348562Z [ 76%] Building CXX object CMakeFiles/re2py.dir/src/regexp/default_tags.cc.o
2025-10-05T21:20:29.2505744Z [ 76%] Building CXX object CMakeFiles/re2swift.dir/src/cfg/freeze.cc.o
2025-10-05T21:20:29.7119040Z [ 76%] Building CXX object CMakeFiles/re2rust.dir/src/dfa/fallback_tags.cc.o
2025-10-05T21:20:29.7273819Z [ 76%] Building CXX object CMakeFiles/re2swift.dir/src/cfg/interfere.cc.o
2025-10-05T21:20:29.8896302Z [ 76%] Building CXX object CMakeFiles/re2py.dir/src/regexp/fixed_tags.cc.o
2025-10-05T21:20:30.3546694Z [ 76%] Building CXX object CMakeFiles/re2rust.dir/src/dfa/fillpoints.cc.o
2025-10-05T21:20:30.3837620Z [ 77%] Building CXX object CMakeFiles/re2swift.dir/src/cfg/liveanal.cc.o
2025-10-05T21:20:30.5704389Z [ 77%] Building CXX object CMakeFiles/re2py.dir/src/regexp/nullable.cc.o
2025-10-05T21:20:30.9529785Z [ 77%] Building CXX object CMakeFiles/re2swift.dir/src/cfg/normalize.cc.o
2025-10-05T21:20:31.0181693Z [ 77%] Building CXX object CMakeFiles/re2py.dir/src/regexp/regexp.cc.o
2025-10-05T21:20:31.4461822Z [ 77%] Building CXX object CMakeFiles/re2rust.dir/src/dfa/find_state.cc.o
2025-10-05T21:20:31.5933817Z [ 77%] Building CXX object CMakeFiles/re2swift.dir/src/cfg/optimize.cc.o
2025-10-05T21:20:31.6454353Z [ 77%] Building CXX object CMakeFiles/re2py.dir/src/regexp/split_charset.cc.o
2025-10-05T21:20:32.2265919Z [ 77%] Building CXX object CMakeFiles/re2swift.dir/src/cfg/rename.cc.o
2025-10-05T21:20:32.5780199Z [ 77%] Building CXX object CMakeFiles/re2py.dir/src/skeleton/control_flow.cc.o
2025-10-05T21:20:32.7783645Z [ 77%] Building CXX object CMakeFiles/re2swift.dir/src/cfg/varalloc.cc.o
2025-10-05T21:20:32.8221704Z [ 77%] Building CXX object CMakeFiles/re2ocaml.dir/src/skeleton/generate_data.cc.o
2025-10-05T21:20:33.2967669Z [ 77%] Building CXX object CMakeFiles/re2rust.dir/src/dfa/minimization.cc.o
2025-10-05T21:20:33.3111570Z [ 77%] Building CXX object CMakeFiles/re2swift.dir/src/dfa/closure.cc.o
2025-10-05T21:20:33.8415315Z [ 77%] Building CXX object CMakeFiles/re2py.dir/src/skeleton/generate_code.cc.o
2025-10-05T21:20:34.0498190Z [ 77%] Building CXX object CMakeFiles/re2rust.dir/src/dfa/tagver_table.cc.o
2025-10-05T21:20:34.6420086Z [ 77%] Building CXX object CMakeFiles/re2rust.dir/src/dfa/tcmd.cc.o
2025-10-05T21:20:35.4095820Z [ 77%] Building CXX object CMakeFiles/re2rust.dir/src/encoding/ebcdic.cc.o
2025-10-05T21:20:35.5565348Z [ 77%] Building CXX object CMakeFiles/re2ocaml.dir/src/skeleton/maxpath.cc.o
2025-10-05T21:20:35.7427696Z [ 78%] Building CXX object CMakeFiles/re2rust.dir/src/encoding/enc.cc.o
2025-10-05T21:20:35.9519924Z [ 78%] Building CXX object CMakeFiles/re2swift.dir/src/dfa/dead_rules.cc.o
2025-10-05T21:20:35.9818635Z [ 78%] Building CXX object CMakeFiles/re2rust.dir/src/encoding/range_suffix.cc.o
2025-10-05T21:20:36.3174671Z [ 78%] Building CXX object CMakeFiles/re2rust.dir/src/encoding/utf8.cc.o
2025-10-05T21:20:36.3192862Z [ 78%] Building CXX object CMakeFiles/re2ocaml.dir/src/skeleton/skeleton.cc.o
2025-10-05T21:20:36.7306460Z [ 78%] Building CXX object CMakeFiles/re2rust.dir/src/encoding/utf16.cc.o
2025-10-05T21:20:37.1100266Z [ 78%] Building CXX object CMakeFiles/re2swift.dir/src/dfa/determinization.cc.o
2025-10-05T21:20:37.1261298Z [ 78%] Building CXX object CMakeFiles/re2rust.dir/src/msg/msg.cc.o
2025-10-05T21:20:37.3723818Z [ 78%] Building CXX object CMakeFiles/re2ocaml.dir/src/parse/ast.cc.o
2025-10-05T21:20:37.6434133Z [ 78%] Building CXX object CMakeFiles/re2py.dir/src/skeleton/generate_data.cc.o
2025-10-05T21:20:37.7029919Z [ 78%] Building CXX object CMakeFiles/re2rust.dir/src/msg/warn.cc.o
2025-10-05T21:20:38.9751059Z [ 78%] Building CXX object CMakeFiles/re2rust.dir/src/regexp/ast_to_re.cc.o
2025-10-05T21:20:39.4488481Z [ 78%] Building CXX object CMakeFiles/re2swift.dir/src/dfa/fallback_tags.cc.o
2025-10-05T21:20:39.4997391Z [ 78%] Building CXX object CMakeFiles/re2ocaml.dir/src/parse/input.cc.o
2025-10-05T21:20:40.1070951Z [ 79%] Building CXX object CMakeFiles/re2swift.dir/src/dfa/fillpoints.cc.o
2025-10-05T21:20:40.3526979Z [ 79%] Building CXX object CMakeFiles/re2py.dir/src/skeleton/maxpath.cc.o
2025-10-05T21:20:40.6134453Z [ 79%] Building CXX object CMakeFiles/re2rust.dir/src/regexp/default_tags.cc.o
2025-10-05T21:20:40.6802046Z [ 79%] Building CXX object CMakeFiles/re2ocaml.dir/src/util/file_utils.cc.o
2025-10-05T21:20:40.9261699Z [ 79%] Building CXX object CMakeFiles/re2ocaml.dir/src/util/string_utils.cc.o
2025-10-05T21:20:41.1356234Z [ 80%] Building CXX object CMakeFiles/re2py.dir/src/skeleton/skeleton.cc.o
2025-10-05T21:20:41.1915063Z [ 80%] Building CXX object CMakeFiles/re2swift.dir/src/dfa/find_state.cc.o
2025-10-05T21:20:41.2868943Z [ 80%] Building CXX object CMakeFiles/re2rust.dir/src/regexp/fixed_tags.cc.o
2025-10-05T21:20:41.3080615Z [ 80%] Building CXX object CMakeFiles/re2ocaml.dir/src/util/range.cc.o
2025-10-05T21:20:41.5765182Z [ 81%] Building CXX object CMakeFiles/re2ocaml.dir/src/main.cc.o
2025-10-05T21:20:41.9728996Z [ 82%] Building CXX object CMakeFiles/re2rust.dir/src/regexp/nullable.cc.o
2025-10-05T21:20:42.2312277Z [ 82%] Building CXX object CMakeFiles/re2py.dir/src/parse/ast.cc.o
2025-10-05T21:20:42.4200372Z [ 82%] Building CXX object CMakeFiles/re2rust.dir/src/regexp/regexp.cc.o
2025-10-05T21:20:43.0464748Z [ 82%] Building CXX object CMakeFiles/re2rust.dir/src/regexp/split_charset.cc.o
2025-10-05T21:20:43.0509710Z [ 82%] Building CXX object CMakeFiles/re2swift.dir/src/dfa/minimization.cc.o
2025-10-05T21:20:43.8079675Z [ 82%] Building CXX object CMakeFiles/re2swift.dir/src/dfa/tagver_table.cc.o
2025-10-05T21:20:43.8085371Z [ 82%] Building CXX object CMakeFiles/re2ocaml.dir/src/msg/help_re2ocaml.cc.o
2025-10-05T21:20:43.8226866Z [ 82%] Linking CXX executable re2ocaml
2025-10-05T21:20:43.9596528Z [ 82%] Building CXX object CMakeFiles/re2rust.dir/src/skeleton/control_flow.cc.o
2025-10-05T21:20:44.1369033Z [ 82%] Built target re2ocaml
2025-10-05T21:20:44.1396942Z [ 82%] Building CXX object CMakeFiles/re2py.dir/src/parse/input.cc.o
2025-10-05T21:20:44.3542823Z [ 82%] Building CXX object CMakeFiles/re2rust.dir/src/skeleton/generate_code.cc.o
2025-10-05T21:20:44.4106273Z [ 82%] Building CXX object CMakeFiles/re2swift.dir/src/dfa/tcmd.cc.o
2025-10-05T21:20:45.2023813Z [ 82%] Building CXX object CMakeFiles/re2swift.dir/src/encoding/ebcdic.cc.o
2025-10-05T21:20:45.2425442Z [ 82%] Generating src/msg/help_re2v.cc
2025-10-05T21:20:45.3386364Z [ 82%] Building CXX object CMakeFiles/re2py.dir/src/util/file_utils.cc.o
2025-10-05T21:20:45.5481315Z [ 82%] Building CXX object CMakeFiles/re2swift.dir/src/encoding/enc.cc.o
2025-10-05T21:20:45.5575520Z [ 82%] Building CXX object CMakeFiles/re2v.dir/src/codegen/helpers.cc.o
2025-10-05T21:20:45.5807186Z [ 82%] Building CXX object CMakeFiles/re2py.dir/src/util/string_utils.cc.o
2025-10-05T21:20:45.8066764Z [ 82%] Building CXX object CMakeFiles/re2swift.dir/src/encoding/range_suffix.cc.o
2025-10-05T21:20:45.9651686Z [ 82%] Building CXX object CMakeFiles/re2py.dir/src/util/range.cc.o
2025-10-05T21:20:46.1371665Z [ 82%] Building CXX object CMakeFiles/re2swift.dir/src/encoding/utf8.cc.o
2025-10-05T21:20:46.2296059Z [ 82%] Building CXX object CMakeFiles/re2py.dir/src/main.cc.o
2025-10-05T21:20:46.2379096Z [ 82%] Building CXX object CMakeFiles/re2v.dir/src/codegen/output.cc.o
2025-10-05T21:20:46.5383561Z [ 83%] Building CXX object CMakeFiles/re2swift.dir/src/encoding/utf16.cc.o
2025-10-05T21:20:46.9216090Z [ 83%] Building CXX object CMakeFiles/re2swift.dir/src/msg/msg.cc.o
2025-10-05T21:20:47.4826350Z [ 83%] Building CXX object CMakeFiles/re2swift.dir/src/msg/warn.cc.o
2025-10-05T21:20:48.1475982Z [ 83%] Building CXX object CMakeFiles/re2rust.dir/src/skeleton/generate_data.cc.o
2025-10-05T21:20:48.1497097Z [ 83%] Building CXX object CMakeFiles/re2v.dir/src/codegen/pass1_analyze.cc.o
2025-10-05T21:20:48.4039868Z [ 83%] Building CXX object CMakeFiles/re2py.dir/src/msg/help_re2py.cc.o
2025-10-05T21:20:48.4219834Z [ 83%] Linking CXX executable re2py
2025-10-05T21:20:48.7254507Z [ 83%] Building CXX object CMakeFiles/re2swift.dir/src/regexp/ast_to_re.cc.o
2025-10-05T21:20:48.7458931Z [ 83%] Built target re2py
2025-10-05T21:20:48.7490942Z [ 83%] Building CXX object CMakeFiles/re2rust.dir/src/skeleton/maxpath.cc.o
2025-10-05T21:20:49.5400234Z [ 83%] Building CXX object CMakeFiles/re2v.dir/src/codegen/pass2_generate.cc.o
2025-10-05T21:20:50.3576946Z [ 83%] Building CXX object CMakeFiles/re2rust.dir/src/skeleton/skeleton.cc.o
2025-10-05T21:20:50.3857355Z [ 83%] Building CXX object CMakeFiles/re2swift.dir/src/regexp/default_tags.cc.o
2025-10-05T21:20:50.8723993Z [ 84%] Generating src/msg/help_re2zig.cc
2025-10-05T21:20:51.0364803Z [ 84%] Building CXX object CMakeFiles/re2swift.dir/src/regexp/fixed_tags.cc.o
2025-10-05T21:20:51.1763735Z [ 84%] Building CXX object CMakeFiles/re2zig.dir/src/codegen/helpers.cc.o
2025-10-05T21:20:51.4570050Z [ 84%] Building CXX object CMakeFiles/re2rust.dir/src/parse/ast.cc.o
2025-10-05T21:20:51.7076931Z [ 84%] Building CXX object CMakeFiles/re2swift.dir/src/regexp/nullable.cc.o
2025-10-05T21:20:51.8465733Z [ 84%] Building CXX object CMakeFiles/re2zig.dir/src/codegen/output.cc.o
2025-10-05T21:20:52.1466425Z [ 84%] Building CXX object CMakeFiles/re2swift.dir/src/regexp/regexp.cc.o
2025-10-05T21:20:52.7738028Z [ 84%] Building CXX object CMakeFiles/re2swift.dir/src/regexp/split_charset.cc.o
2025-10-05T21:20:53.5763615Z [ 84%] Building CXX object CMakeFiles/re2rust.dir/src/parse/input.cc.o
2025-10-05T21:20:53.6544313Z [ 84%] Building CXX object CMakeFiles/re2swift.dir/src/skeleton/control_flow.cc.o
2025-10-05T21:20:53.7497933Z [ 84%] Building CXX object CMakeFiles/re2zig.dir/src/codegen/pass1_analyze.cc.o
2025-10-05T21:20:54.3534609Z [ 84%] Building CXX object CMakeFiles/re2v.dir/src/codegen/pass3_fixup.cc.o
2025-10-05T21:20:54.7313385Z [ 85%] Building CXX object CMakeFiles/re2rust.dir/src/util/file_utils.cc.o
2025-10-05T21:20:54.8835249Z [ 86%] Building CXX object CMakeFiles/re2swift.dir/src/skeleton/generate_code.cc.o
2025-10-05T21:20:54.9796902Z [ 86%] Building CXX object CMakeFiles/re2rust.dir/src/util/string_utils.cc.o
2025-10-05T21:20:55.1837467Z [ 87%] Building CXX object CMakeFiles/re2v.dir/src/codegen/pass4_render.cc.o
2025-10-05T21:20:55.3635661Z [ 87%] Building CXX object CMakeFiles/re2rust.dir/src/util/range.cc.o
2025-10-05T21:20:55.6350215Z [ 87%] Building CXX object CMakeFiles/re2rust.dir/src/main.cc.o
2025-10-05T21:20:55.9248535Z [ 87%] Building CXX object CMakeFiles/re2zig.dir/src/codegen/pass2_generate.cc.o
2025-10-05T21:20:57.6952081Z [ 87%] Building CXX object CMakeFiles/re2v.dir/src/options/opt.cc.o
2025-10-05T21:20:57.8402085Z [ 87%] Building CXX object CMakeFiles/re2rust.dir/src/msg/help_re2rust.cc.o
2025-10-05T21:20:57.8605072Z [ 87%] Linking CXX executable re2rust
2025-10-05T21:20:58.1850617Z [ 87%] Built target re2rust
2025-10-05T21:20:58.1882653Z [ 87%] Building CXX object CMakeFiles/re2swift.dir/src/skeleton/generate_data.cc.o
2025-10-05T21:20:58.6032388Z [ 87%] Building CXX object CMakeFiles/re2v.dir/src/options/symtab.cc.o
2025-10-05T21:20:59.1007832Z [ 87%] Building CXX object CMakeFiles/re2zig.dir/src/codegen/pass3_fixup.cc.o
2025-10-05T21:20:59.9286452Z [ 87%] Building CXX object CMakeFiles/test_libre2c.dir/lib/test.cc.o
2025-10-05T21:21:00.6378511Z [ 87%] Building CXX object CMakeFiles/re2zig.dir/src/codegen/pass4_render.cc.o
2025-10-05T21:21:00.9120511Z [ 87%] Building CXX object CMakeFiles/re2swift.dir/src/skeleton/maxpath.cc.o
2025-10-05T21:21:00.9824716Z [ 87%] Linking CXX executable test_libre2c
2025-10-05T21:21:01.2317961Z [ 87%] Built target test_libre2c
2025-10-05T21:21:01.2352332Z [ 87%] Building CXX object CMakeFiles/re2v.dir/src/nfa/re_to_nfa.cc.o
2025-10-05T21:21:01.7467083Z [ 87%] Building CXX object CMakeFiles/re2swift.dir/src/skeleton/skeleton.cc.o
2025-10-05T21:21:02.3110075Z [ 87%] Building CXX object CMakeFiles/re2swift.dir/src/parse/ast.cc.o
2025-10-05T21:21:02.8364578Z [ 87%] Building CXX object CMakeFiles/re2zig.dir/src/options/opt.cc.o
2025-10-05T21:21:03.1327076Z [ 87%] Building CXX object CMakeFiles/re2v.dir/src/adfa/adfa.cc.o
2025-10-05T21:21:04.4239922Z [ 87%] Building CXX object CMakeFiles/re2swift.dir/src/parse/input.cc.o
2025-10-05T21:21:05.1729223Z [ 87%] Building CXX object CMakeFiles/re2swift.dir/src/util/file_utils.cc.o
2025-10-05T21:21:05.4154287Z [ 87%] Building CXX object CMakeFiles/re2zig.dir/src/options/symtab.cc.o
2025-10-05T21:21:05.5916132Z [ 87%] Building CXX object CMakeFiles/re2swift.dir/src/util/string_utils.cc.o
2025-10-05T21:21:05.9130306Z [ 87%] Building CXX object CMakeFiles/re2swift.dir/src/util/range.cc.o
2025-10-05T21:21:05.9449803Z [ 87%] Building CXX object CMakeFiles/re2v.dir/src/debug/dump_adfa.cc.o
2025-10-05T21:21:05.9831682Z [ 87%] Building CXX object CMakeFiles/re2v.dir/src/debug/dump_cfg.cc.o
2025-10-05T21:21:06.1774610Z [ 88%] Building CXX object CMakeFiles/re2swift.dir/src/main.cc.o
2025-10-05T21:21:06.4981235Z [ 88%] Building CXX object CMakeFiles/re2swift.dir/src/msg/help_re2swift.cc.o
2025-10-05T21:21:06.5160853Z [ 88%] Building CXX object CMakeFiles/re2zig.dir/src/nfa/re_to_nfa.cc.o
2025-10-05T21:21:06.9971663Z [ 88%] Building CXX object CMakeFiles/re2v.dir/src/debug/dump_dfa.cc.o
2025-10-05T21:21:07.5593805Z [ 88%] Building CXX object CMakeFiles/re2v.dir/src/debug/dump_dfa_tree.cc.o
2025-10-05T21:21:08.0355081Z [ 89%] Building CXX object CMakeFiles/re2zig.dir/src/adfa/adfa.cc.o
2025-10-05T21:21:08.3938832Z [ 89%] Linking CXX executable re2swift
2025-10-05T21:21:08.7171489Z [ 89%] Built target re2swift
2025-10-05T21:21:08.7225359Z [ 89%] Building CXX object CMakeFiles/re2zig.dir/src/debug/dump_adfa.cc.o
2025-10-05T21:21:09.4904826Z [ 89%] Building CXX object CMakeFiles/re2v.dir/src/debug/dump_interf.cc.o
2025-10-05T21:21:09.7445351Z [ 90%] Building CXX object CMakeFiles/re2v.dir/src/debug/dump_nfa.cc.o
2025-10-05T21:21:09.9703659Z [ 90%] Building CXX object CMakeFiles/re2zig.dir/src/debug/dump_cfg.cc.o
2025-10-05T21:21:10.1172361Z [ 90%] Building CXX object CMakeFiles/re2v.dir/src/cfg/cfg.cc.o
2025-10-05T21:21:10.3443747Z [ 90%] Building CXX object CMakeFiles/re2zig.dir/src/debug/dump_dfa.cc.o
2025-10-05T21:21:10.4805174Z [ 90%] Building CXX object CMakeFiles/re2v.dir/src/cfg/compact.cc.o
2025-10-05T21:21:10.7687497Z [ 90%] Building CXX object CMakeFiles/re2zig.dir/src/debug/dump_dfa_tree.cc.o
2025-10-05T21:21:10.9709608Z [ 90%] Building CXX object CMakeFiles/re2v.dir/src/cfg/dce.cc.o
2025-10-05T21:21:11.0325063Z [ 90%] Building CXX object CMakeFiles/re2v.dir/src/cfg/freeze.cc.o
2025-10-05T21:21:11.3262296Z [ 90%] Building CXX object CMakeFiles/re2v.dir/src/cfg/interfere.cc.o
2025-10-05T21:21:11.4226340Z [ 90%] Building CXX object CMakeFiles/re2zig.dir/src/debug/dump_interf.cc.o
2025-10-05T21:21:11.5102406Z [ 90%] Building CXX object CMakeFiles/re2zig.dir/src/debug/dump_nfa.cc.o
2025-10-05T21:21:11.9128271Z [ 90%] Building CXX object CMakeFiles/re2v.dir/src/cfg/liveanal.cc.o
2025-10-05T21:21:11.9874638Z [ 90%] Building CXX object CMakeFiles/re2zig.dir/src/cfg/cfg.cc.o
2025-10-05T21:21:12.1105144Z [ 90%] Building CXX object CMakeFiles/re2v.dir/src/cfg/normalize.cc.o
2025-10-05T21:21:12.4921620Z [ 90%] Building CXX object CMakeFiles/re2zig.dir/src/cfg/compact.cc.o
2025-10-05T21:21:12.6787564Z [ 90%] Building CXX object CMakeFiles/re2v.dir/src/cfg/optimize.cc.o
2025-10-05T21:21:12.6947768Z [ 91%] Building CXX object CMakeFiles/re2v.dir/src/cfg/rename.cc.o
2025-10-05T21:21:12.7581164Z [ 92%] Building CXX object CMakeFiles/re2zig.dir/src/cfg/dce.cc.o
2025-10-05T21:21:12.9793777Z [ 92%] Building CXX object CMakeFiles/re2v.dir/src/cfg/varalloc.cc.o
2025-10-05T21:21:13.2386099Z [ 92%] Building CXX object CMakeFiles/re2zig.dir/src/cfg/freeze.cc.o
2025-10-05T21:21:13.2881693Z [ 92%] Building CXX object CMakeFiles/re2zig.dir/src/cfg/interfere.cc.o
2025-10-05T21:21:13.3327094Z [ 92%] Building CXX object CMakeFiles/re2zig.dir/src/cfg/liveanal.cc.o
2025-10-05T21:21:13.5142857Z [ 92%] Building CXX object CMakeFiles/re2v.dir/src/dfa/closure.cc.o
2025-10-05T21:21:13.7179714Z [ 92%] Building CXX object CMakeFiles/re2v.dir/src/dfa/dead_rules.cc.o
2025-10-05T21:21:13.9235468Z [ 92%] Building CXX object CMakeFiles/re2v.dir/src/dfa/determinization.cc.o
2025-10-05T21:21:13.9636741Z [ 92%] Building CXX object CMakeFiles/re2zig.dir/src/cfg/normalize.cc.o
2025-10-05T21:21:14.6790173Z [ 92%] Building CXX object CMakeFiles/re2zig.dir/src/cfg/optimize.cc.o
2025-10-05T21:21:14.8932482Z [ 92%] Building CXX object CMakeFiles/re2zig.dir/src/cfg/rename.cc.o
2025-10-05T21:21:15.3195971Z [ 92%] Building CXX object CMakeFiles/re2v.dir/src/dfa/fallback_tags.cc.o
2025-10-05T21:21:15.4794774Z [ 92%] Building CXX object CMakeFiles/re2zig.dir/src/cfg/varalloc.cc.o
2025-10-05T21:21:15.9703468Z [ 92%] Building CXX object CMakeFiles/re2zig.dir/src/dfa/closure.cc.o
2025-10-05T21:21:16.0181027Z [ 92%] Building CXX object CMakeFiles/re2v.dir/src/dfa/fillpoints.cc.o
2025-10-05T21:21:16.2039014Z [ 93%] Building CXX object CMakeFiles/re2zig.dir/src/dfa/dead_rules.cc.o
2025-10-05T21:21:16.2831211Z [ 93%] Building CXX object CMakeFiles/re2zig.dir/src/dfa/determinization.cc.o
2025-10-05T21:21:17.1375629Z [ 93%] Building CXX object CMakeFiles/re2v.dir/src/dfa/find_state.cc.o
2025-10-05T21:21:17.3518738Z [ 93%] Building CXX object CMakeFiles/re2v.dir/src/dfa/minimization.cc.o
2025-10-05T21:21:18.0884589Z [ 93%] Building CXX object CMakeFiles/re2zig.dir/src/dfa/fallback_tags.cc.o
2025-10-05T21:21:18.6386252Z [ 94%] Building CXX object CMakeFiles/re2v.dir/src/dfa/tagver_table.cc.o
2025-10-05T21:21:18.6528155Z [ 94%] Building CXX object CMakeFiles/re2v.dir/src/dfa/tcmd.cc.o
2025-10-05T21:21:18.7146075Z [ 94%] Building CXX object CMakeFiles/re2zig.dir/src/dfa/fillpoints.cc.o
2025-10-05T21:21:18.9815042Z [ 94%] Building CXX object CMakeFiles/re2zig.dir/src/dfa/find_state.cc.o
2025-10-05T21:21:19.2319028Z [ 94%] Building CXX object CMakeFiles/re2zig.dir/src/dfa/minimization.cc.o
2025-10-05T21:21:19.4413881Z [ 94%] Building CXX object CMakeFiles/re2v.dir/src/encoding/ebcdic.cc.o
2025-10-05T21:21:19.7856671Z [ 94%] Building CXX object CMakeFiles/re2v.dir/src/encoding/enc.cc.o
2025-10-05T21:21:19.8206863Z [ 94%] Building CXX object CMakeFiles/re2v.dir/src/encoding/range_suffix.cc.o
2025-10-05T21:21:19.9913676Z [ 94%] Building CXX object CMakeFiles/re2v.dir/src/encoding/utf8.cc.o
2025-10-05T21:21:20.0420636Z [ 94%] Building CXX object CMakeFiles/re2zig.dir/src/dfa/tagver_table.cc.o
2025-10-05T21:21:20.1512879Z [ 94%] Building CXX object CMakeFiles/re2zig.dir/src/dfa/tcmd.cc.o
2025-10-05T21:21:20.4089326Z [ 94%] Building CXX object CMakeFiles/re2v.dir/src/encoding/utf16.cc.o
2025-10-05T21:21:20.6324561Z [ 94%] Building CXX object CMakeFiles/re2v.dir/src/msg/msg.cc.o
2025-10-05T21:21:20.8210454Z [ 94%] Building CXX object CMakeFiles/re2zig.dir/src/encoding/ebcdic.cc.o
2025-10-05T21:21:20.8384494Z [ 94%] Building CXX object CMakeFiles/re2v.dir/src/msg/warn.cc.o
2025-10-05T21:21:20.9531241Z [ 94%] Building CXX object CMakeFiles/re2v.dir/src/regexp/ast_to_re.cc.o
2025-10-05T21:21:21.1569066Z [ 94%] Building CXX object CMakeFiles/re2zig.dir/src/encoding/enc.cc.o
2025-10-05T21:21:21.2058080Z [ 95%] Building CXX object CMakeFiles/re2zig.dir/src/encoding/range_suffix.cc.o
2025-10-05T21:21:21.4157486Z [ 96%] Building CXX object CMakeFiles/re2v.dir/src/regexp/default_tags.cc.o
2025-10-05T21:21:21.5490711Z [ 96%] Building CXX object CMakeFiles/re2zig.dir/src/encoding/utf8.cc.o
2025-10-05T21:21:21.9695779Z [ 96%] Building CXX object CMakeFiles/re2zig.dir/src/encoding/utf16.cc.o
2025-10-05T21:21:22.1008294Z [ 96%] Building CXX object CMakeFiles/re2zig.dir/src/msg/msg.cc.o
2025-10-05T21:21:22.1379172Z [ 96%] Building CXX object CMakeFiles/re2zig.dir/src/msg/warn.cc.o
2025-10-05T21:21:22.3651109Z [ 96%] Building CXX object CMakeFiles/re2v.dir/src/regexp/fixed_tags.cc.o
2025-10-05T21:21:22.6199207Z [ 96%] Building CXX object CMakeFiles/re2zig.dir/src/regexp/ast_to_re.cc.o
2025-10-05T21:21:22.6654670Z [ 96%] Building CXX object CMakeFiles/re2v.dir/src/regexp/nullable.cc.o
2025-10-05T21:21:23.0436135Z [ 96%] Building CXX object CMakeFiles/re2zig.dir/src/regexp/default_tags.cc.o
2025-10-05T21:21:23.1094679Z [ 96%] Building CXX object CMakeFiles/re2v.dir/src/regexp/regexp.cc.o
2025-10-05T21:21:23.4201308Z [ 96%] Building CXX object CMakeFiles/re2v.dir/src/regexp/split_charset.cc.o
2025-10-05T21:21:23.7370429Z [ 96%] Building CXX object CMakeFiles/re2v.dir/src/skeleton/control_flow.cc.o
2025-10-05T21:21:23.7481714Z [ 96%] Building CXX object CMakeFiles/re2zig.dir/src/regexp/fixed_tags.cc.o
2025-10-05T21:21:24.2821185Z [ 96%] Building CXX object CMakeFiles/re2v.dir/src/skeleton/generate_code.cc.o
2025-10-05T21:21:24.3671008Z [ 96%] Building CXX object CMakeFiles/re2zig.dir/src/regexp/nullable.cc.o
2025-10-05T21:21:24.4133994Z [ 96%] Building CXX object CMakeFiles/re2v.dir/src/skeleton/generate_data.cc.o
2025-10-05T21:21:24.8175063Z [ 97%] Building CXX object CMakeFiles/re2zig.dir/src/regexp/regexp.cc.o
2025-10-05T21:21:25.0741529Z [ 97%] Building CXX object CMakeFiles/re2zig.dir/src/regexp/split_charset.cc.o
2025-10-05T21:21:25.4418388Z [ 97%] Building CXX object CMakeFiles/re2v.dir/src/skeleton/maxpath.cc.o
2025-10-05T21:21:25.9985934Z [ 97%] Building CXX object CMakeFiles/re2zig.dir/src/skeleton/control_flow.cc.o
2025-10-05T21:21:26.2234420Z [ 97%] Building CXX object CMakeFiles/re2zig.dir/src/skeleton/generate_code.cc.o
2025-10-05T21:21:27.0739503Z [ 97%] Building CXX object CMakeFiles/re2zig.dir/src/skeleton/generate_data.cc.o
2025-10-05T21:21:27.2322777Z [ 98%] Building CXX object CMakeFiles/re2v.dir/src/skeleton/skeleton.cc.o
2025-10-05T21:21:27.9994377Z [ 98%] Building CXX object CMakeFiles/re2zig.dir/src/skeleton/maxpath.cc.o
2025-10-05T21:21:28.3273390Z [ 98%] Building CXX object CMakeFiles/re2v.dir/src/parse/ast.cc.o
2025-10-05T21:21:28.7777985Z [ 98%] Building CXX object CMakeFiles/re2v.dir/src/parse/input.cc.o
2025-10-05T21:21:29.7651287Z [ 98%] Building CXX object CMakeFiles/re2v.dir/src/util/file_utils.cc.o
2025-10-05T21:21:29.9140803Z [ 98%] Building CXX object CMakeFiles/re2zig.dir/src/skeleton/skeleton.cc.o
2025-10-05T21:21:29.9311155Z [ 98%] Building CXX object CMakeFiles/re2v.dir/src/util/string_utils.cc.o
2025-10-05T21:21:30.0104180Z [ 98%] Building CXX object CMakeFiles/re2zig.dir/src/parse/ast.cc.o
2025-10-05T21:21:30.3189839Z [ 98%] Building CXX object CMakeFiles/re2zig.dir/src/parse/input.cc.o
2025-10-05T21:21:30.4668826Z [ 98%] Building CXX object CMakeFiles/re2v.dir/src/util/range.cc.o
2025-10-05T21:21:30.7385321Z [ 98%] Building CXX object CMakeFiles/re2v.dir/src/main.cc.o
2025-10-05T21:21:31.0114709Z [ 98%] Building CXX object CMakeFiles/re2v.dir/src/msg/help_re2v.cc.o
2025-10-05T21:21:31.0293300Z [100%] Building CXX object CMakeFiles/re2zig.dir/src/util/file_utils.cc.o
2025-10-05T21:21:31.2716344Z [100%] Building CXX object CMakeFiles/re2zig.dir/src/util/string_utils.cc.o
2025-10-05T21:21:31.5183040Z [100%] Building CXX object CMakeFiles/re2zig.dir/src/util/range.cc.o
2025-10-05T21:21:31.6545309Z [100%] Building CXX object CMakeFiles/re2zig.dir/src/main.cc.o
2025-10-05T21:21:31.7914200Z [100%] Building CXX object CMakeFiles/re2zig.dir/src/msg/help_re2zig.cc.o
2025-10-05T21:21:32.5543360Z [100%] Linking CXX executable re2v
2025-10-05T21:21:32.7557120Z [100%] Built target re2v
2025-10-05T21:21:33.1578691Z [100%] Linking CXX executable re2zig
2025-10-05T21:21:33.3578813Z [100%] Built target re2zig
2025-10-05T21:21:33.3662711Z ##[group]Run bash -c "ulimit -s 256; cmake --build --preset=linux-gcc-debug-ootree-skeleton-full --target tests -j$(nproc)"
2025-10-05T21:21:33.3663709Z [36;1mbash -c "ulimit -s 256; cmake --build --preset=linux-gcc-debug-ootree-skeleton-full --target tests -j$(nproc)"[0m
2025-10-05T21:21:33.3696206Z shell: /usr/bin/bash --noprofile --norc -e -o pipefail {0}
2025-10-05T21:21:33.3696492Z env:
2025-10-05T21:21:33.3696720Z   pythonLocation: /opt/hostedtoolcache/Python/3.13.7/x64
2025-10-05T21:21:33.3697141Z   PKG_CONFIG_PATH: /opt/hostedtoolcache/Python/3.13.7/x64/lib/pkgconfig
2025-10-05T21:21:33.3697514Z   Python_ROOT_DIR: /opt/hostedtoolcache/Python/3.13.7/x64
2025-10-05T21:21:33.3697840Z   Python2_ROOT_DIR: /opt/hostedtoolcache/Python/3.13.7/x64
2025-10-05T21:21:33.3698167Z   Python3_ROOT_DIR: /opt/hostedtoolcache/Python/3.13.7/x64
2025-10-05T21:21:33.3698510Z   LD_LIBRARY_PATH: /opt/hostedtoolcache/Python/3.13.7/x64/lib
2025-10-05T21:21:33.3698783Z ##[endgroup]
2025-10-05T21:21:33.4185221Z [  9%] Built target re2c_objects_autogen_ver_to_vernum
2025-10-05T21:21:33.4561482Z [ 36%] Built target re2c_objects_autogen
2025-10-05T21:21:33.5229133Z [100%] Built target re2c
2025-10-05T21:21:34.2806091Z Running in 4 job(s)
2025-10-05T21:21:42.2611218Z -----------------
2025-10-05T21:21:42.2611585Z All:         1762
2025-10-05T21:21:42.2611881Z Ran:         1762
2025-10-05T21:21:42.2612113Z Passed:      1762
2025-10-05T21:21:42.2612321Z Soft errors: 0
2025-10-05T21:21:42.2612504Z Hard errors: 0
2025-10-05T21:21:42.2612688Z -----------------
2025-10-05T21:21:42.2612872Z PASSED
2025-10-05T21:21:42.2754410Z [100%] Built target tests
2025-10-05T21:21:42.2821879Z ##[group]Run python run_tests.py --skeleton
2025-10-05T21:21:42.2822204Z [36;1mpython run_tests.py --skeleton[0m
2025-10-05T21:21:42.2854024Z shell: /usr/bin/bash --noprofile --norc -e -o pipefail {0}
2025-10-05T21:21:42.2854340Z env:
2025-10-05T21:21:42.2854567Z   pythonLocation: /opt/hostedtoolcache/Python/3.13.7/x64
2025-10-05T21:21:42.2854962Z   PKG_CONFIG_PATH: /opt/hostedtoolcache/Python/3.13.7/x64/lib/pkgconfig
2025-10-05T21:21:42.2855340Z   Python_ROOT_DIR: /opt/hostedtoolcache/Python/3.13.7/x64
2025-10-05T21:21:42.2855672Z   Python2_ROOT_DIR: /opt/hostedtoolcache/Python/3.13.7/x64
2025-10-05T21:21:42.2855998Z   Python3_ROOT_DIR: /opt/hostedtoolcache/Python/3.13.7/x64
2025-10-05T21:21:42.2856334Z   LD_LIBRARY_PATH: /opt/hostedtoolcache/Python/3.13.7/x64/lib
2025-10-05T21:21:42.2856611Z ##[endgroup]
2025-10-05T21:21:42.8953001Z Running in 4 job(s)
2025-10-05T21:22:31.9914731Z -----------------
2025-10-05T21:22:31.9915118Z All:         1762
2025-10-05T21:22:31.9915534Z Ran:         1396
2025-10-05T21:22:31.9915904Z Passed:      1100
2025-10-05T21:22:31.9916244Z Soft errors: 296
2025-10-05T21:22:31.9916596Z Hard errors: 0
2025-10-05T21:22:31.9916946Z -----------------
2025-10-05T21:22:31.9917274Z PASSED
2025-10-05T21:22:32.0115628Z Post job cleanup.
2025-10-05T21:22:32.1680738Z Post job cleanup.
2025-10-05T21:22:32.3161791Z [command]/usr/bin/tar --posix -cf cache.tzst --exclude cache.tzst -P -C /home/runner/work/re2c/re2c --files-from manifest.txt --use-compress-program zstdmt
2025-10-05T21:22:32.3191828Z /usr/bin/tar: ../../../../../var/cache/apt/archives/lock: Cannot open: Permission denied
2025-10-05T21:22:32.3192947Z /usr/bin/tar: ../../../../../var/cache/apt/archives/partial: Cannot open: Permission denied
2025-10-05T21:22:32.7357242Z /usr/bin/tar: Exiting with failure status due to previous errors
2025-10-05T21:22:32.7386073Z ##[warning]Failed to save: "/usr/bin/tar" failed with error: The process '/usr/bin/tar' failed with exit code 2
2025-10-05T21:22:32.7576625Z Post job cleanup.
2025-10-05T21:22:32.8506170Z [command]/usr/bin/git version
2025-10-05T21:22:32.8540934Z git version 2.51.0
2025-10-05T21:22:32.8584836Z Temporarily overriding HOME='/home/runner/work/_temp/fc37e06b-13cc-4136-8664-4638e577eded' before making global git config changes
2025-10-05T21:22:32.8586434Z Adding repository directory to the temporary git global config as a safe directory
2025-10-05T21:22:32.8597770Z [command]/usr/bin/git config --global --add safe.directory /home/runner/work/re2c/re2c
2025-10-05T21:22:32.8631512Z [command]/usr/bin/git config --local --name-only --get-regexp core\.sshCommand
2025-10-05T21:22:32.8663694Z [command]/usr/bin/git submodule foreach --recursive sh -c "git config --local --name-only --get-regexp 'core\.sshCommand' && git config --local --unset-all 'core.sshCommand' || :"
2025-10-05T21:22:32.8889709Z [command]/usr/bin/git config --local --name-only --get-regexp http\.https\:\/\/github\.com\/\.extraheader
2025-10-05T21:22:32.8909575Z http.https://github.com/.extraheader
2025-10-05T21:22:32.8922772Z [command]/usr/bin/git config --local --unset-all http.https://github.com/.extraheader
2025-10-05T21:22:32.8952964Z [command]/usr/bin/git submodule foreach --recursive sh -c "git config --local --name-only --get-regexp 'http\.https\:\/\/github\.com\/\.extraheader' && git config --local --unset-all 'http.https://github.com/.extraheader' || :"
2025-10-05T21:22:32.9270998Z Cleaning up orphan processes
