2025-10-14T11:19:50.8103062Z Current runner version: '2.328.0'
2025-10-14T11:19:50.8125744Z ##[group]Runner Image Provisioner
2025-10-14T11:19:50.8126499Z Hosted Compute Agent
2025-10-14T11:19:50.8127027Z Version: 20250912.392
2025-10-14T11:19:50.8127566Z Commit: d921fda672a98b64f4f82364647e2f10b2267d0b
2025-10-14T11:19:50.8128325Z Build Date: 2025-09-12T15:23:14Z
2025-10-14T11:19:50.8128867Z ##[endgroup]
2025-10-14T11:19:50.8129670Z ##[group]Operating System
2025-10-14T11:19:50.8130306Z Ubuntu
2025-10-14T11:19:50.8130735Z 24.04.3
2025-10-14T11:19:50.8131171Z LTS
2025-10-14T11:19:50.8131638Z ##[endgroup]
2025-10-14T11:19:50.8132108Z ##[group]Runner Image
2025-10-14T11:19:50.8132622Z Image: ubuntu-24.04
2025-10-14T11:19:50.8133167Z Version: 20250929.60.1
2025-10-14T11:19:50.8134138Z Included Software: https://github.com/actions/runner-images/blob/ubuntu24/20250929.60/images/ubuntu/Ubuntu2404-Readme.md
2025-10-14T11:19:50.8135720Z Image Release: https://github.com/actions/runner-images/releases/tag/ubuntu24%2F20250929.60
2025-10-14T11:19:50.8136679Z ##[endgroup]
2025-10-14T11:19:50.8139442Z ##[group]GITHUB_TOKEN Permissions
2025-10-14T11:19:50.8141360Z Actions: write
2025-10-14T11:19:50.8141899Z Attestations: write
2025-10-14T11:19:50.8142429Z Checks: write
2025-10-14T11:19:50.8142919Z Contents: write
2025-10-14T11:19:50.8143460Z Deployments: write
2025-10-14T11:19:50.8143988Z Discussions: write
2025-10-14T11:19:50.8144474Z Issues: write
2025-10-14T11:19:50.8144897Z Metadata: read
2025-10-14T11:19:50.8145395Z Models: read
2025-10-14T11:19:50.8145848Z Packages: write
2025-10-14T11:19:50.8146363Z Pages: write
2025-10-14T11:19:50.8146786Z PullRequests: write
2025-10-14T11:19:50.8147366Z RepositoryProjects: write
2025-10-14T11:19:50.8147880Z SecurityEvents: write
2025-10-14T11:19:50.8148465Z Statuses: write
2025-10-14T11:19:50.8149192Z ##[endgroup]
2025-10-14T11:19:50.8151137Z Secret source: Actions
2025-10-14T11:19:50.8151892Z Prepare workflow directory
2025-10-14T11:19:50.8476768Z Prepare all required actions
2025-10-14T11:19:50.8514874Z Getting action download info
2025-10-14T11:19:51.3883691Z Download action repository 'actions/checkout@v4' (SHA:08eba0b27e820071cde6df949e0beb9ba4906955)
2025-10-14T11:19:51.5465473Z Download action repository 'codecov/codecov-action@v3' (SHA:ab904c41d6ece82784817410c45d8b8c02684457)
2025-10-14T11:19:52.2370127Z Complete job name: unit-test
2025-10-14T11:19:52.3042378Z ##[group]Run actions/checkout@v4
2025-10-14T11:19:52.3043250Z with:
2025-10-14T11:19:52.3043731Z   repository: react-navigation/react-navigation
2025-10-14T11:19:52.3044471Z   token: ***
2025-10-14T11:19:52.3044865Z   ssh-strict: true
2025-10-14T11:19:52.3045270Z   ssh-user: git
2025-10-14T11:19:52.3045682Z   persist-credentials: true
2025-10-14T11:19:52.3046142Z   clean: true
2025-10-14T11:19:52.3046556Z   sparse-checkout-cone-mode: true
2025-10-14T11:19:52.3047055Z   fetch-depth: 1
2025-10-14T11:19:52.3047452Z   fetch-tags: false
2025-10-14T11:19:52.3047861Z   show-progress: true
2025-10-14T11:19:52.3048274Z   lfs: false
2025-10-14T11:19:52.3048681Z   submodules: false
2025-10-14T11:19:52.3049278Z   set-safe-directory: true
2025-10-14T11:19:52.3050013Z ##[endgroup]
2025-10-14T11:19:52.4119476Z Syncing repository: react-navigation/react-navigation
2025-10-14T11:19:52.4122704Z ##[group]Getting Git version info
2025-10-14T11:19:52.4124310Z Working directory is '/home/runner/work/react-navigation/react-navigation'
2025-10-14T11:19:52.4126522Z [command]/usr/bin/git version
2025-10-14T11:19:52.4193212Z git version 2.51.0
2025-10-14T11:19:52.4218817Z ##[endgroup]
2025-10-14T11:19:52.4234586Z Temporarily overriding HOME='/home/runner/work/_temp/4884cfca-6a16-4096-a823-0cde345f60ec' before making global git config changes
2025-10-14T11:19:52.4237371Z Adding repository directory to the temporary git global config as a safe directory
2025-10-14T11:19:52.4240638Z [command]/usr/bin/git config --global --add safe.directory /home/runner/work/react-navigation/react-navigation
2025-10-14T11:19:52.4276357Z Deleting the contents of '/home/runner/work/react-navigation/react-navigation'
2025-10-14T11:19:52.4279982Z ##[group]Initializing the repository
2025-10-14T11:19:52.4284818Z [command]/usr/bin/git init /home/runner/work/react-navigation/react-navigation
2025-10-14T11:19:52.4373134Z hint: Using 'master' as the name for the initial branch. This default branch name
2025-10-14T11:19:52.4374807Z hint: is subject to change. To configure the initial branch name to use in all
2025-10-14T11:19:52.4375854Z hint: of your new repositories, which will suppress this warning, call:
2025-10-14T11:19:52.4376819Z hint:
2025-10-14T11:19:52.4377799Z hint: 	git config --global init.defaultBranch <name>
2025-10-14T11:19:52.4378511Z hint:
2025-10-14T11:19:52.4379860Z hint: Names commonly chosen instead of 'master' are 'main', 'trunk' and
2025-10-14T11:19:52.4381758Z hint: 'development'. The just-created branch can be renamed via this command:
2025-10-14T11:19:52.4383239Z hint:
2025-10-14T11:19:52.4384116Z hint: 	git branch -m <name>
2025-10-14T11:19:52.4385090Z hint:
2025-10-14T11:19:52.4386255Z hint: Disable this message with "git config set advice.defaultBranchName false"
2025-10-14T11:19:52.4388480Z Initialized empty Git repository in /home/runner/work/react-navigation/react-navigation/.git/
2025-10-14T11:19:52.4392350Z [command]/usr/bin/git remote add origin https://github.com/react-navigation/react-navigation
2025-10-14T11:19:52.4427884Z ##[endgroup]
2025-10-14T11:19:52.4429466Z ##[group]Disabling automatic garbage collection
2025-10-14T11:19:52.4432715Z [command]/usr/bin/git config --local gc.auto 0
2025-10-14T11:19:52.4461571Z ##[endgroup]
2025-10-14T11:19:52.4462985Z ##[group]Setting up auth
2025-10-14T11:19:52.4469154Z [command]/usr/bin/git config --local --name-only --get-regexp core\.sshCommand
2025-10-14T11:19:52.4499767Z [command]/usr/bin/git submodule foreach --recursive sh -c "git config --local --name-only --get-regexp 'core\.sshCommand' && git config --local --unset-all 'core.sshCommand' || :"
2025-10-14T11:19:52.4801099Z [command]/usr/bin/git config --local --name-only --get-regexp http\.https\:\/\/github\.com\/\.extraheader
2025-10-14T11:19:52.4829266Z [command]/usr/bin/git submodule foreach --recursive sh -c "git config --local --name-only --get-regexp 'http\.https\:\/\/github\.com\/\.extraheader' && git config --local --unset-all 'http.https://github.com/.extraheader' || :"
2025-10-14T11:19:52.5050594Z [command]/usr/bin/git config --local http.https://github.com/.extraheader AUTHORIZATION: basic ***
2025-10-14T11:19:52.5092006Z ##[endgroup]
2025-10-14T11:19:52.5092872Z ##[group]Fetching the repository
2025-10-14T11:19:52.5100230Z [command]/usr/bin/git -c protocol.version=2 fetch --no-tags --prune --no-recurse-submodules --depth=1 origin +31b27a28bfa962245dda9259b16ccb74c1c23521:refs/remotes/pull/12791/merge
2025-10-14T11:19:53.1466781Z From https://github.com/react-navigation/react-navigation
2025-10-14T11:19:53.1468320Z  * [new ref]         31b27a28bfa962245dda9259b16ccb74c1c23521 -> pull/12791/merge
2025-10-14T11:19:53.1498777Z ##[endgroup]
2025-10-14T11:19:53.1501089Z ##[group]Determining the checkout info
2025-10-14T11:19:53.1503501Z ##[endgroup]
2025-10-14T11:19:53.1506421Z [command]/usr/bin/git sparse-checkout disable
2025-10-14T11:19:53.1546811Z [command]/usr/bin/git config --local --unset-all extensions.worktreeConfig
2025-10-14T11:19:53.1576078Z ##[group]Checking out the ref
2025-10-14T11:19:53.1579089Z [command]/usr/bin/git checkout --progress --force refs/remotes/pull/12791/merge
2025-10-14T11:19:53.2193263Z Note: switching to 'refs/remotes/pull/12791/merge'.
2025-10-14T11:19:53.2194636Z 
2025-10-14T11:19:53.2195659Z You are in 'detached HEAD' state. You can look around, make experimental
2025-10-14T11:19:53.2198297Z changes and commit them, and you can discard any commits you make in this
2025-10-14T11:19:53.2200781Z state without impacting any branches by switching back to a branch.
2025-10-14T11:19:53.2201931Z 
2025-10-14T11:19:53.2202631Z If you want to create a new branch to retain commits you create, you may
2025-10-14T11:19:53.2204800Z do so (now or later) by using -c with the switch command. Example:
2025-10-14T11:19:53.2206227Z 
2025-10-14T11:19:53.2206591Z   git switch -c <new-branch-name>
2025-10-14T11:19:53.2207282Z 
2025-10-14T11:19:53.2207620Z Or undo this operation with:
2025-10-14T11:19:53.2208268Z 
2025-10-14T11:19:53.2208613Z   git switch -
2025-10-14T11:19:53.2209367Z 
2025-10-14T11:19:53.2210400Z Turn off this advice by setting config variable advice.detachedHead to false
2025-10-14T11:19:53.2211930Z 
2025-10-14T11:19:53.2213669Z HEAD is now at 31b27a2 Merge 7170e2a6a089af653eb689bda9b1eaba5a5ab828 into 6f68ca674b5f36382edae220187db3db55f406bb
2025-10-14T11:19:53.2219095Z ##[endgroup]
2025-10-14T11:19:53.2245902Z [command]/usr/bin/git log -1 --format=%H
2025-10-14T11:19:53.2268146Z 31b27a28bfa962245dda9259b16ccb74c1c23521
2025-10-14T11:19:53.2609359Z Prepare all required actions
2025-10-14T11:19:53.2610648Z Getting action download info
2025-10-14T11:19:53.4423134Z Download action repository 'actions/setup-node@v4' (SHA:49933ea5288caeca8642d1e84afbd3f7d6820020)
2025-10-14T11:19:53.5333842Z Download action repository 'actions/cache@v4' (SHA:0057852bfaa89a56745cba8c7296529d2fc39830)
2025-10-14T11:19:53.6774518Z ##[group]Run ./.github/actions/setup
2025-10-14T11:19:53.6775545Z ##[endgroup]
2025-10-14T11:19:53.6964258Z ##[group]Run actions/setup-node@v4
2025-10-14T11:19:53.6965212Z with:
2025-10-14T11:19:53.6965917Z   node-version-file: .nvmrc
2025-10-14T11:19:53.6966802Z   always-auth: false
2025-10-14T11:19:53.6967593Z   check-latest: false
2025-10-14T11:19:53.6968635Z   token: ***
2025-10-14T11:19:53.6969548Z ##[endgroup]
2025-10-14T11:19:53.8686473Z Node version file is not JSON file
2025-10-14T11:19:53.8688381Z Resolved .nvmrc as 22.15.0
2025-10-14T11:19:53.8709734Z Attempting to download 22.15.0...
2025-10-14T11:19:54.6228571Z Acquiring 22.15.0 - x64 from https://github.com/actions/node-versions/releases/download/22.15.0-14621731016/node-22.15.0-linux-x64.tar.gz
2025-10-14T11:19:55.3174478Z Extracting ...
2025-10-14T11:19:55.3279665Z [command]/usr/bin/tar xz --strip 1 --warning=no-unknown-keyword --overwrite -C /home/runner/work/_temp/68edb397-a1b3-4d87-8d5b-8be48c4f0573 -f /home/runner/work/_temp/9ea2703c-57ac-4ef2-916d-0cab49787b11
2025-10-14T11:19:56.4755466Z Adding to the cache ...
2025-10-14T11:19:58.3014009Z ##[group]Environment details
2025-10-14T11:19:58.7221797Z node: v22.15.0
2025-10-14T11:19:58.7222190Z npm: 10.9.2
2025-10-14T11:19:58.7224228Z yarn: 4.10.3
2025-10-14T11:19:58.7225097Z ##[endgroup]
2025-10-14T11:19:58.9865327Z ##[group]Run actions/cache/restore@v4
2025-10-14T11:19:58.9865585Z with:
2025-10-14T11:19:58.9865810Z   path: **/node_modules
.yarn/install-state.gz

2025-10-14T11:19:58.9866523Z   key: Linux-yarn-4e612f727b53df4b3f8c6ec961e57bb843239a4c93b5e3abbc52bc315d0337fb-e61c7fab97c9c96ec06c0b79d4ddbfd53b198a4aeb6c2e3a6333a4a5b1aecd5e
2025-10-14T11:19:58.9867424Z   restore-keys: Linux-yarn-4e612f727b53df4b3f8c6ec961e57bb843239a4c93b5e3abbc52bc315d0337fb
Linux-yarn-

2025-10-14T11:19:58.9867931Z   enableCrossOsArchive: false
2025-10-14T11:19:58.9868179Z   fail-on-cache-miss: false
2025-10-14T11:19:58.9868390Z   lookup-only: false
2025-10-14T11:19:58.9868573Z ##[endgroup]
2025-10-14T11:19:59.3522902Z Cache hit for restore-key: Linux-yarn-8d00b5e4c1145bf729e444984cfec68f29b3811712acbd0312a8469a25456379-279f289f56657b71ddb68d4fc40db032c9a2eefb90bdd412247eed8156a0e8d0
2025-10-14T11:20:00.5606613Z Received 46137344 of 152602815 (30.2%), 44.0 MBs/sec
2025-10-14T11:20:01.3085969Z Received 152602815 of 152602815 (100.0%), 83.3 MBs/sec
2025-10-14T11:20:01.3088447Z Cache Size: ~146 MB (152602815 B)
2025-10-14T11:20:01.3148850Z [command]/usr/bin/tar -xf /home/runner/work/_temp/b70516aa-0f47-400c-94cc-03443484fda3/cache.tzst -P -C /home/runner/work/react-navigation/react-navigation --use-compress-program unzstd
2025-10-14T11:20:04.0967619Z Cache restored successfully
2025-10-14T11:20:04.1340879Z Cache restored from key: Linux-yarn-8d00b5e4c1145bf729e444984cfec68f29b3811712acbd0312a8469a25456379-279f289f56657b71ddb68d4fc40db032c9a2eefb90bdd412247eed8156a0e8d0
2025-10-14T11:20:04.1480117Z ##[group]Run yarn install --immutable
2025-10-14T11:20:04.1480481Z [36;1myarn install --immutable[0m
2025-10-14T11:20:04.1515625Z shell: /usr/bin/bash --noprofile --norc -e -o pipefail {0}
2025-10-14T11:20:04.1515975Z ##[endgroup]
2025-10-14T11:20:04.6637454Z [93m➤[39m YN0000: Yarn detected that the current workflow is executed from a public pull request. For safety the hardened mode has been enabled.
2025-10-14T11:20:04.6640503Z [93m➤[39m YN0000: It will prevent malicious lockfile manipulations, in exchange for a slower install time. You can opt-out if necessary; check our documentation for more details.
2025-10-14T11:20:04.6641668Z 
2025-10-14T11:20:04.6642097Z [94m➤[39m YN0000: · Yarn 4.10.3
2025-10-14T11:20:04.6878205Z [94m➤[39m [90mYN0000[39m: ┌ Resolution step
2025-10-14T11:20:04.6879831Z ##[group]Resolution step
2025-10-14T11:20:13.2301085Z ##[endgroup]
2025-10-14T11:20:13.2305928Z [94m➤[39m [90mYN0000[39m: └ Completed in 8s 542ms
2025-10-14T11:20:13.2319829Z [94m➤[39m [90mYN0000[39m: ┌ Post-resolution validation
2025-10-14T11:20:13.2320707Z ##[group]Post-resolution validation
2025-10-14T11:20:13.2323121Z [93m➤[39m YN0002: │ [38;5;166m@react-navigation/[39m[38;5;173mcore[39m[38;5;111m@[39m[38;5;111mworkspace:packages/core [a6c0b][39m doesn't provide [38;5;173mreact-native[39m ([38;5;111mp788e1c[39m), requested by [38;5;166m@testing-library/[39m[38;5;173mreact-native[39m.
2025-10-14T11:20:13.2326439Z [93m➤[39m YN0002: │ [38;5;166m@react-navigation/[39m[38;5;173mcore[39m[38;5;111m@[39m[38;5;111mworkspace:packages/core[39m doesn't provide [38;5;173mreact-native[39m ([38;5;111mp4748c1[39m), requested by [38;5;166m@testing-library/[39m[38;5;173mreact-native[39m.
2025-10-14T11:20:13.2328779Z [93m➤[39m YN0002: │ [38;5;166m@react-navigation/[39m[38;5;173mdrawer[39m[38;5;111m@[39m[38;5;111mworkspace:packages/drawer[39m doesn't provide [38;5;166m@babel/[39m[38;5;173mcore[39m ([38;5;111mp479541[39m), requested by [38;5;173mreact-native-reanimated[39m.
2025-10-14T11:20:13.2331608Z [93m➤[39m YN0002: │ [38;5;166m@react-navigation/[39m[38;5;173mdrawer[39m[38;5;111m@[39m[38;5;111mworkspace:packages/drawer[39m doesn't provide [38;5;173mreact-native-worklets[39m ([38;5;111mpbe16c4[39m), requested by [38;5;173mreact-native-reanimated[39m.
2025-10-14T11:20:13.2333436Z [93m➤[39m YN0002: │ [38;5;166m@react-navigation/[39m[38;5;173mexample[39m[38;5;111m@[39m[38;5;111mworkspace:example[39m doesn't provide [38;5;173mexpo-font[39m ([38;5;111mp800602[39m), requested by [38;5;166m@expo/[39m[38;5;173mvector-icons[39m.
2025-10-14T11:20:13.2335139Z [93m➤[39m YN0002: │ [38;5;166m@react-navigation/[39m[38;5;173mexample[39m[38;5;111m@[39m[38;5;111mworkspace:example[39m doesn't provide [38;5;173mreact-refresh[39m ([38;5;111mpc9fd62[39m), requested by [38;5;173mbabel-preset-expo[39m.
2025-10-14T11:20:13.2337077Z [93m➤[39m YN0002: │ [38;5;166m@react-navigation/[39m[38;5;173mnative-stack[39m[38;5;111m@[39m[38;5;111mworkspace:packages/native-stack[39m doesn't provide [38;5;173mreact-native-safe-area-context[39m ([38;5;111mp9ec2ad[39m), requested by [38;5;166m@react-navigation/[39m[38;5;173melements[39m.
2025-10-14T11:20:13.2339739Z [93m➤[39m YN0086: │ Some peer dependencies are incorrectly met by your project; run [38;5;111myarn explain peer-requirements <hash>[39m for details, where [38;5;111m<hash>[39m is the six-letter p-prefixed code.
2025-10-14T11:20:13.2341989Z [93m➤[39m YN0086: │ Some peer dependencies are incorrectly met by dependencies; run [38;5;111myarn explain peer-requirements[39m for details.
2025-10-14T11:20:13.3075299Z ##[endgroup]
2025-10-14T11:20:13.3077218Z [94m➤[39m [90mYN0000[39m: └ Completed
2025-10-14T11:20:13.3077907Z [94m➤[39m [90mYN0000[39m: ┌ Fetch step
2025-10-14T11:20:13.3078562Z ##[group]Fetch step
2025-10-14T11:20:22.3612405Z [94m➤[39m YN0013: │ [38;5;220m1524[39m packages were added to the project ([38;5;160m+ 574.43 MiB[39m).
2025-10-14T11:20:22.3614360Z ##[endgroup]
2025-10-14T11:20:22.3615293Z [94m➤[39m [90mYN0000[39m: └ Completed in 9s 54ms
2025-10-14T11:20:22.4318235Z [94m➤[39m [90mYN0000[39m: ┌ Link step
2025-10-14T11:20:22.4329110Z ##[group]Link step
2025-10-14T11:20:29.0080169Z ##[endgroup]
2025-10-14T11:20:29.0081153Z [94m➤[39m [90mYN0000[39m: └ Completed in 6s 576ms
2025-10-14T11:20:29.1372926Z [93m➤[39m YN0000: · Done with warnings in 24s 474ms
2025-10-14T11:20:29.3921314Z ##[group]Run actions/cache/save@v4
2025-10-14T11:20:29.3921553Z with:
2025-10-14T11:20:29.3921752Z   path: **/node_modules
.yarn/install-state.gz

2025-10-14T11:20:29.3922653Z   key: Linux-yarn-4e612f727b53df4b3f8c6ec961e57bb843239a4c93b5e3abbc52bc315d0337fb-e61c7fab97c9c96ec06c0b79d4ddbfd53b198a4aeb6c2e3a6333a4a5b1aecd5e
2025-10-14T11:20:29.3923349Z   enableCrossOsArchive: false
2025-10-14T11:20:29.3923578Z ##[endgroup]
2025-10-14T11:20:35.7340052Z [command]/usr/bin/tar --posix -cf cache.tzst --exclude cache.tzst -P -C /home/runner/work/react-navigation/react-navigation --files-from manifest.txt --use-compress-program zstdmt
2025-10-14T11:20:39.2474332Z Failed to save: Unable to reserve cache with key Linux-yarn-4e612f727b53df4b3f8c6ec961e57bb843239a4c93b5e3abbc52bc315d0337fb-e61c7fab97c9c96ec06c0b79d4ddbfd53b198a4aeb6c2e3a6333a4a5b1aecd5e, another job may be creating this cache.
2025-10-14T11:20:39.2828727Z ##[warning]Cache save failed.
2025-10-14T11:20:39.2934942Z ##[group]Run yarn test --maxWorkers=2 --coverage
2025-10-14T11:20:39.2935302Z [36;1myarn test --maxWorkers=2 --coverage[0m
2025-10-14T11:20:39.2968031Z shell: /usr/bin/bash -e {0}
2025-10-14T11:20:39.2968270Z ##[endgroup]
2025-10-14T11:20:43.7054022Z PASS packages/routers/src/__tests__/TabRouter.test.tsx
2025-10-14T11:20:43.9989928Z PASS packages/routers/src/__tests__/StackRouter.test.tsx
2025-10-14T11:20:45.0098637Z PASS packages/core/src/__tests__/getStateFromPath.test.tsx
2025-10-14T11:20:45.2154140Z PASS packages/core/src/__tests__/getPathFromState.test.tsx
2025-10-14T11:20:45.8761348Z PASS packages/core/src/__tests__/useOnAction.test.tsx
2025-10-14T11:20:46.0875522Z PASS packages/core/src/__tests__/index.test.tsx
2025-10-14T11:20:46.4533713Z PASS packages/core/src/__tests__/StaticNavigation.test.tsx
2025-10-14T11:20:46.6101105Z PASS packages/core/src/__tests__/BaseNavigationContainer.test.tsx
2025-10-14T11:20:46.8164274Z PASS packages/core/src/__tests__/useEventEmitter.test.tsx
2025-10-14T11:20:46.9488233Z PASS packages/routers/src/__tests__/DrawerRouter.test.tsx
2025-10-14T11:20:47.0821933Z PASS packages/core/src/__tests__/getActionFromState.test.tsx
2025-10-14T11:20:47.1262799Z PASS packages/core/src/__tests__/usePreventRemove.test.tsx
2025-10-14T11:20:47.3606449Z PASS packages/core/src/__tests__/useDescriptors.test.tsx
2025-10-14T11:20:48.2573318Z PASS packages/native/src/__tests__/useLinkBuilder.test.tsx
2025-10-14T11:20:48.3440886Z PASS packages/native/src/__tests__/extractPathFromURL.test.tsx
2025-10-14T11:20:48.5834845Z PASS packages/core/src/__tests__/useFocusEffect.test.tsx
2025-10-14T11:20:48.6683829Z PASS packages/routers/src/__tests__/BaseRouter.test.tsx
2025-10-14T11:20:55.7113035Z PASS packages/native-stack/src/__tests__/index.test.tsx (8.528 s)
2025-10-14T11:20:55.9275685Z PASS packages/core/src/__tests__/useNavigationState.test.tsx
2025-10-14T11:20:56.1413656Z PASS packages/core/src/__tests__/useStateForPath.test.tsx
2025-10-14T11:20:56.6096071Z PASS packages/native/src/__tests__/ServerContainer.test.tsx
2025-10-14T11:20:56.8210546Z PASS packages/core/src/__tests__/useNavigationCache.test.tsx
2025-10-14T11:20:57.5671844Z PASS packages/native/src/__tests__/createStaticNavigation.test.tsx
2025-10-14T11:20:59.0653926Z PASS packages/bottom-tabs/src/__tests__/index.test.tsx
2025-10-14T11:20:59.1443873Z PASS packages/native/src/__tests__/createMemoryHistory.test.tsx
2025-10-14T11:20:59.8157650Z PASS packages/native/src/__tests__/NavigationContainer.test.tsx
2025-10-14T11:21:00.0101343Z PASS packages/core/src/__tests__/useNavigation.test.tsx
2025-10-14T11:21:00.1847165Z PASS packages/native/src/__tests__/Link.test.tsx
2025-10-14T11:21:00.3295881Z PASS packages/core/src/__tests__/theming.test.tsx
2025-10-14T11:21:01.3586453Z PASS packages/react-native-tab-view/src/__tests__/index.test.tsx
2025-10-14T11:21:01.4999515Z PASS packages/core/src/__tests__/useIsFocused.test.tsx
2025-10-14T11:21:01.5482065Z PASS packages/core/src/__tests__/checkSerializable.test.tsx
2025-10-14T11:21:01.7506956Z PASS packages/native/src/__tests__/useRoutePath.test.tsx
2025-10-14T11:21:01.7998743Z PASS packages/core/src/__tests__/getFocusedRouteNameFromRoute.test.tsx
2025-10-14T11:21:01.8514993Z PASS packages/core/src/__tests__/getPatternParts.test.tsx
2025-10-14T11:21:03.6930792Z PASS packages/drawer/src/__tests__/index.test.tsx
2025-10-14T11:21:03.9302630Z PASS packages/elements/src/__tests__/PlatformPressable.test.tsx
2025-10-14T11:21:04.0516753Z PASS packages/core/src/__tests__/createNavigationContainerRef.test.tsx
2025-10-14T11:21:04.5012637Z PASS packages/material-top-tabs/src/__tests__/index.test.tsx
2025-10-14T11:21:04.5824313Z PASS packages/react-native-tab-view/src/__tests__/PlatformPressable.test.tsx
2025-10-14T11:21:04.6477950Z PASS packages/core/src/__tests__/StaticContainer.test.tsx
2025-10-14T11:21:04.7787212Z PASS packages/stack/src/__tests__/index.test.tsx (16.008 s)
2025-10-14T11:21:04.7917712Z PASS packages/native/src/__tests__/useLinking.test.tsx
2025-10-14T11:21:04.8233385Z PASS packages/stack/src/utils/__tests__/getShadowStyles.test.tsx
2025-10-14T11:21:04.8596569Z PASS packages/routers/src/__tests__/CommonActions.test.tsx
2025-10-14T11:21:04.8986784Z PASS packages/core/src/__tests__/useRoute.test.tsx
2025-10-14T11:21:05.0229405Z -------------------------------------------|---------|----------|---------|---------|--------------------------------------------------------------------------------------------
2025-10-14T11:21:05.0230995Z File                                       | % Stmts | % Branch | % Funcs | % Lines | Uncovered Line #s                                                                          
2025-10-14T11:21:05.0232525Z -------------------------------------------|---------|----------|---------|---------|--------------------------------------------------------------------------------------------
2025-10-14T11:21:05.0243746Z All files                                  |   78.05 |    65.52 |   74.95 |   77.93 |                                                                                            
2025-10-14T11:21:05.0244795Z  bottom-tabs/src                           |       0 |        0 |       0 |       0 |                                                                                            
2025-10-14T11:21:05.0245769Z   index.tsx                                |       0 |        0 |       0 |       0 |                                                                                            
2025-10-14T11:21:05.0246904Z  bottom-tabs/src/TransitionConfigs         |   66.66 |      100 |       0 |   66.66 |                                                                                            
2025-10-14T11:21:05.0248209Z   SceneStyleInterpolators.tsx              |       0 |      100 |       0 |       0 | 12-28                                                                                      
2025-10-14T11:21:05.0249759Z   TransitionPresets.tsx                    |     100 |      100 |     100 |     100 |                                                                                            
2025-10-14T11:21:05.0250932Z   TransitionSpecs.tsx                      |     100 |      100 |     100 |     100 |                                                                                            
2025-10-14T11:21:05.0252075Z  bottom-tabs/src/experimental              |       0 |        0 |       0 |       0 |                                                                                            
2025-10-14T11:21:05.0253380Z   createExperimentalBottomTabNavigator.tsx |       0 |        0 |       0 |       0 | 34-253                                                                                     
2025-10-14T11:21:05.0255022Z  bottom-tabs/src/navigators                |     100 |      100 |     100 |     100 |                                                                                            
2025-10-14T11:21:05.0256281Z   createBottomTabNavigator.tsx             |     100 |      100 |     100 |     100 |                                                                                            
2025-10-14T11:21:05.0257481Z  bottom-tabs/src/utils                     |   82.75 |    78.57 |      80 |   84.61 |                                                                                            
2025-10-14T11:21:05.0258765Z   BottomTabBarHeightCallbackContext.tsx    |     100 |      100 |     100 |     100 |                                                                                            
2025-10-14T11:21:05.0260296Z   BottomTabBarHeightContext.tsx            |     100 |      100 |     100 |     100 |                                                                                            
2025-10-14T11:21:05.0261535Z   useAnimatedHashMap.tsx                   |     100 |       90 |     100 |     100 | 21                                                                                         
2025-10-14T11:21:05.0262942Z   useBottomTabBarHeight.tsx                |       0 |        0 |       0 |       0 | 6-14                                                                                       
2025-10-14T11:21:05.0264159Z   useIsKeyboardShown.tsx                   |    92.3 |      100 |   83.33 |     100 |                                                                                            
2025-10-14T11:21:05.0265290Z  bottom-tabs/src/views                     |    80.4 |    55.95 |   84.09 |   80.57 |                                                                                            
2025-10-14T11:21:05.0266346Z   Badge.tsx                                |   52.17 |    19.04 |      60 |   52.38 | 51-61,66,74-80                                                                             
2025-10-14T11:21:05.0267467Z   BottomTabBar.tsx                         |   76.14 |    54.74 |      80 |   75.92 | 61-65,71-86,101,117,142,148,189,199,268-276,417                                            
2025-10-14T11:21:05.0268703Z   BottomTabItem.tsx                        |   84.84 |     47.7 |     100 |   84.84 | 235-236,241,247,286                                                                        
2025-10-14T11:21:05.0270071Z   BottomTabView.tsx                        |   91.42 |     77.9 |   92.85 |   91.42 | 65,111-116,166                                                                             
2025-10-14T11:21:05.0271177Z   TabBarIcon.tsx                           |     100 |       50 |     100 |     100 | 60-73                                                                                      
2025-10-14T11:21:05.0272181Z  core/src                                  |   94.05 |    89.58 |   95.02 |   94.04 |                                                                                            
2025-10-14T11:21:05.0273406Z   BaseNavigationContainer.tsx              |   68.58 |    42.52 |   84.37 |      68 | 138-149,158,178,203-212,328-370,402,418-434                                                
2025-10-14T11:21:05.0274725Z   CurrentRenderContext.tsx                 |     100 |      100 |     100 |     100 |                                                                                            
2025-10-14T11:21:05.0275916Z   EnsureSingleNavigator.tsx                |   92.85 |    83.33 |     100 |   92.85 | 38                                                                                         
2025-10-14T11:21:05.0276941Z   Group.tsx                                |       0 |        0 |       0 |       0 |                                                                                            
2025-10-14T11:21:05.0277998Z   NavigationBuilderContext.tsx             |      40 |      100 |      25 |      40 | 68,71-74                                                                                   
2025-10-14T11:21:05.0279736Z   NavigationContainerRefContext.tsx        |     100 |      100 |     100 |     100 |                                                                                            
2025-10-14T11:21:05.0280996Z   NavigationContext.tsx                    |     100 |      100 |     100 |     100 |                                                                                            
2025-10-14T11:21:05.0282279Z   NavigationFocusedRouteStateContext.tsx   |     100 |      100 |     100 |     100 |                                                                                            
2025-10-14T11:21:05.0283594Z   NavigationHelpersContext.tsx             |     100 |      100 |     100 |     100 |                                                                                            
2025-10-14T11:21:05.0284839Z   NavigationIndependentTree.tsx            |     100 |      100 |     100 |     100 |                                                                                            
2025-10-14T11:21:05.0286164Z   NavigationIndependentTreeContext.tsx     |     100 |      100 |     100 |     100 |                                                                                            
2025-10-14T11:21:05.0287670Z   NavigationRouteContext.tsx               |     100 |      100 |     100 |     100 |                                                                                            
2025-10-14T11:21:05.0289103Z   NavigationStateContext.tsx               |   57.14 |      100 |      40 |   57.14 | 25-28,37                                                                                   
2025-10-14T11:21:05.0290351Z   PreventRemoveContext.tsx                 |     100 |      100 |     100 |     100 |                                                                                            
2025-10-14T11:21:05.0291568Z   PreventRemoveProvider.tsx                |   94.59 |    88.23 |     100 |   94.28 | 69,80                                                                                      
2025-10-14T11:21:05.0292706Z   SceneView.tsx                            |     100 |    91.66 |     100 |     100 | 195,211                                                                                    
2025-10-14T11:21:05.0293685Z   Screen.tsx                               |       0 |        0 |       0 |       0 |                                                                                            
2025-10-14T11:21:05.0294685Z   StaticContainer.tsx                      |     100 |      100 |     100 |     100 |                                                                                            
2025-10-14T11:21:05.0295797Z   StaticNavigation.tsx                     |   99.11 |    95.37 |     100 |   99.09 | 381                                                                                        
2025-10-14T11:21:05.0296984Z   UnhandledActionContext.tsx               |     100 |      100 |     100 |     100 |                                                                                            
2025-10-14T11:21:05.0298169Z   arrayStartsWith.tsx                      |     100 |      100 |     100 |     100 |                                                                                            
2025-10-14T11:21:05.0302899Z   checkDuplicateRouteNames.tsx             |     100 |      100 |     100 |     100 |                                                                                            
2025-10-14T11:21:05.0304153Z   checkSerializable.tsx                    |     100 |      100 |     100 |     100 |                                                                                            
2025-10-14T11:21:05.0305419Z   createNavigationContainerRef.tsx         |   84.84 |    76.92 |   81.81 |   90.32 | 37,63,87                                                                                   
2025-10-14T11:21:05.0306712Z   createNavigatorFactory.tsx               |     100 |      100 |     100 |     100 |                                                                                            
2025-10-14T11:21:05.0308123Z   deepFreeze.tsx                           |   82.35 |       75 |     100 |   82.35 | 6,13,21                                                                                    
2025-10-14T11:21:05.0309416Z   findFocusedRoute.tsx                     |     100 |      100 |     100 |     100 |                                                                                            
2025-10-14T11:21:05.0310637Z   getActionFromState.tsx                   |   97.91 |    96.36 |     100 |   97.91 | 156                                                                                        
2025-10-14T11:21:05.0311904Z   getFocusedRouteNameFromRoute.tsx         |     100 |      100 |     100 |     100 |                                                                                            
2025-10-14T11:21:05.0313223Z   getPathFromState.tsx                     |   96.36 |    93.47 |     100 |   96.29 | 94,149,258,306                                                                             
2025-10-14T11:21:05.0314407Z   getPatternParts.tsx                      |     100 |      100 |     100 |     100 |                                                                                            
2025-10-14T11:21:05.0315784Z   getStateFromPath.tsx                     |   98.71 |    96.66 |     100 |   98.66 | 299,444,594                                                                                
2025-10-14T11:21:05.0316865Z   index.tsx                                |       0 |        0 |       0 |       0 |                                                                                            
2025-10-14T11:21:05.0317847Z   isArrayEqual.tsx                         |     100 |      100 |     100 |     100 |                                                                                            
2025-10-14T11:21:05.0319073Z   isRecordEqual.tsx                        |     100 |      100 |     100 |     100 |                                                                                            
2025-10-14T11:21:05.0320092Z   types.tsx                                |       0 |        0 |       0 |       0 |                                                                                            
2025-10-14T11:21:05.0321114Z   useChildListeners.tsx                    |     100 |       75 |     100 |     100 | 25                                                                                         
2025-10-14T11:21:05.0322218Z   useComponent.tsx                         |    90.9 |       50 |     100 |    90.9 | 30                                                                                         
2025-10-14T11:21:05.0323408Z   useCurrentRender.tsx                     |     100 |      100 |     100 |     100 |                                                                                            
2025-10-14T11:21:05.0324608Z   useDescriptors.tsx                       |   88.88 |    73.33 |     100 |   88.88 | 230-231,329-333                                                                            
2025-10-14T11:21:05.0325744Z   useEventEmitter.tsx                      |     100 |      100 |     100 |     100 |                                                                                            
2025-10-14T11:21:05.0326836Z   useFocusEffect.tsx                       |   97.36 |    86.36 |     100 |   97.36 | 88                                                                                         
2025-10-14T11:21:05.0327929Z   useFocusEvents.tsx                       |     100 |      100 |     100 |     100 |                                                                                            
2025-10-14T11:21:05.0329359Z   useFocusedListenersChildrenAdapter.tsx   |     100 |      100 |     100 |     100 |                                                                                            
2025-10-14T11:21:05.0330584Z   useIsFocused.tsx                         |     100 |      100 |     100 |     100 |                                                                                            
2025-10-14T11:21:05.0331915Z   useKeyedChildListeners.tsx               |     100 |      100 |     100 |     100 |                                                                                            
2025-10-14T11:21:05.0333047Z   useLazyValue.tsx                         |     100 |      100 |     100 |     100 |                                                                                            
2025-10-14T11:21:05.0334100Z   useNavigation.tsx                        |     100 |      100 |     100 |     100 |                                                                                            
2025-10-14T11:21:05.0335281Z   useNavigationBuilder.tsx                 |   97.26 |    94.25 |     100 |    97.2 | 111,127,155,255,259                                                                        
2025-10-14T11:21:05.0336507Z   useNavigationCache.tsx                   |   94.54 |    88.88 |   86.95 |   94.33 | 86,116,122                                                                                 
2025-10-14T11:21:05.0337680Z   useNavigationContainerRef.tsx            |       0 |        0 |       0 |       0 | 10-16                                                                                      
2025-10-14T11:21:05.0339279Z   useNavigationHelpers.tsx                 |     100 |    93.33 |     100 |     100 | 50                                                                                         
2025-10-14T11:21:05.0340585Z   useNavigationIndependentTree.tsx         |     100 |      100 |     100 |     100 |                                                                                            
2025-10-14T11:21:05.0341942Z   useNavigationState.tsx                   |      95 |       50 |     100 |   94.11 | 21                                                                                         
2025-10-14T11:21:05.0343096Z   useOnAction.tsx                          |   97.36 |    90.32 |     100 |   97.29 | 73                                                                                         
2025-10-14T11:21:05.0344146Z   useOnGetState.tsx                        |     100 |      100 |     100 |     100 |                                                                                            
2025-10-14T11:21:05.0345350Z   useOnPreventRemove.tsx                   |     100 |      100 |     100 |     100 |                                                                                            
2025-10-14T11:21:05.0346453Z   useOnRouteFocus.tsx                      |    87.5 |    66.66 |     100 |    87.5 | 42                                                                                         
2025-10-14T11:21:05.0347596Z   useOptionsGetters.tsx                    |     100 |    94.44 |     100 |     100 | 43                                                                                         
2025-10-14T11:21:05.0348776Z   usePreventRemove.tsx                     |     100 |      100 |     100 |     100 |                                                                                            
2025-10-14T11:21:05.0350180Z   usePreventRemoveContext.tsx              |      75 |       50 |     100 |      75 | 9                                                                                          
2025-10-14T11:21:05.0351421Z   useRegisterNavigator.tsx                 |     100 |      100 |     100 |     100 |                                                                                            
2025-10-14T11:21:05.0352515Z   useRoute.tsx                             |      75 |       50 |     100 |      75 | 16                                                                                         
2025-10-14T11:21:05.0353523Z   useRouteCache.tsx                        |     100 |    83.33 |     100 |     100 | 39                                                                                         
2025-10-14T11:21:05.0355080Z   useScheduleUpdate.tsx                    |     100 |      100 |     100 |     100 |                                                                                            
2025-10-14T11:21:05.0356248Z   useStateForPath.tsx                      |     100 |      100 |     100 |     100 |                                                                                            
2025-10-14T11:21:05.0357336Z   useSyncState.tsx                         |   98.14 |       90 |     100 |      98 | 93                                                                                         
2025-10-14T11:21:05.0358435Z   validatePathConfig.tsx                   |    92.3 |    93.54 |     100 |    92.3 | 22,40                                                                                      
2025-10-14T11:21:05.0359835Z  core/src/__tests__/__fixtures__           |     100 |    96.96 |     100 |     100 |                                                                                            
2025-10-14T11:21:05.0360981Z   MockRouter.tsx                           |     100 |    96.96 |     100 |     100 | 141                                                                                        
2025-10-14T11:21:05.0362472Z  core/src/theming                          |     100 |      100 |     100 |     100 |                                                                                            
2025-10-14T11:21:05.0363588Z   ThemeContext.tsx                         |     100 |      100 |     100 |     100 |                                                                                            
2025-10-14T11:21:05.0364671Z   ThemeProvider.tsx                        |     100 |      100 |     100 |     100 |                                                                                            
2025-10-14T11:21:05.0365720Z   useTheme.tsx                             |     100 |      100 |     100 |     100 |                                                                                            
2025-10-14T11:21:05.0366692Z  drawer/src                                |       0 |        0 |       0 |       0 |                                                                                            
2025-10-14T11:21:05.0367585Z   index.tsx                                |       0 |        0 |       0 |       0 |                                                                                            
2025-10-14T11:21:05.0368580Z  drawer/src/navigators                     |     100 |      100 |     100 |     100 |                                                                                            
2025-10-14T11:21:05.0369990Z   createDrawerNavigator.tsx                |     100 |      100 |     100 |     100 |                                                                                            
2025-10-14T11:21:05.0371104Z  drawer/src/utils                          |   46.66 |    42.85 |      40 |   42.85 |                                                                                            
2025-10-14T11:21:05.0372258Z   DrawerPositionContext.tsx                |     100 |      100 |     100 |     100 |                                                                                            
2025-10-14T11:21:05.0373568Z   DrawerStatusContext.tsx                  |     100 |      100 |     100 |     100 |                                                                                            
2025-10-14T11:21:05.0374789Z   addCancelListener.native.tsx             |      25 |      100 |       0 |      25 | 4-10                                                                                       
2025-10-14T11:21:05.0376054Z   getDrawerStatusFromState.tsx             |      80 |       60 |     100 |      75 | 11                                                                                         
2025-10-14T11:21:05.0377129Z   useDrawerStatus.tsx                      |       0 |        0 |       0 |       0 | 11-19                                                                                      
2025-10-14T11:21:05.0378361Z  drawer/src/views                          |   76.23 |    60.18 |   57.14 |   76.23 |                                                                                            
2025-10-14T11:21:05.0379681Z   DrawerContent.tsx                        |     100 |      100 |     100 |     100 |                                                                                            
2025-10-14T11:21:05.0380889Z   DrawerContentScrollView.tsx              |     100 |       50 |     100 |     100 | 23-36                                                                                      
2025-10-14T11:21:05.0382095Z   DrawerItem.tsx                           |     100 |       72 |     100 |     100 | 109,127,131-159                                                                            
2025-10-14T11:21:05.0383226Z   DrawerItemList.tsx                       |   76.92 |       25 |   66.66 |   76.92 | 40-47                                                                                      
2025-10-14T11:21:05.0384317Z   DrawerToggleButton.tsx                   |      75 |      100 |      50 |      75 | 37                                                                                         
2025-10-14T11:21:05.0385781Z   DrawerView.tsx                           |   68.25 |     59.7 |      50 |   68.25 | 95-100,115,122,129,136,143,150,158,170-189,247                                             
2025-10-14T11:21:05.0387047Z  drawer/src/views/assets                   |     100 |      100 |     100 |     100 |                                                                                            
2025-10-14T11:21:05.0388242Z   toggle-drawer-icon.png                   |     100 |      100 |     100 |     100 |                                                                                            
2025-10-14T11:21:05.0389611Z  elements/src                              |   56.84 |    42.35 |   56.09 |   56.68 |                                                                                            
2025-10-14T11:21:05.0390643Z   Button.tsx                               |      10 |        0 |       0 |      10 | 36-91                                                                                      
2025-10-14T11:21:05.0391606Z   Color.tsx                                |   66.66 |       75 |     100 |   66.66 | 20                                                                                         
2025-10-14T11:21:05.0392620Z   Container.tsx                            |      25 |        0 |       0 |      25 | 10-22                                                                                      
2025-10-14T11:21:05.0393637Z   MaskedView.ios.tsx                       |       0 |        0 |       0 |       0 |                                                                                            
2025-10-14T11:21:05.0395020Z   MaskedViewNative.tsx                     |   83.33 |       50 |     100 |   83.33 | 29                                                                                         
2025-10-14T11:21:05.0396416Z   MissingIcon.tsx                          |     100 |      100 |     100 |     100 |                                                                                            
2025-10-14T11:21:05.0397649Z   PlatformPressable.tsx                    |   77.77 |    64.61 |   57.14 |   77.14 | 64-68,109-110,114-115,199                                                                  
2025-10-14T11:21:05.0399141Z   SafeAreaProviderCompat.tsx               |     100 |     62.5 |     100 |     100 | 23-29                                                                                      
2025-10-14T11:21:05.0400298Z   Screen.tsx                               |   83.33 |       60 |   66.66 |   83.33 | 80-82                                                                                      
2025-10-14T11:21:05.0401279Z   Text.tsx                                 |     100 |      100 |     100 |     100 |                                                                                            
2025-10-14T11:21:05.0402606Z   getBlurBackgroundColor.tsx               |       0 |        0 |       0 |       0 | 29-66                                                                                      
2025-10-14T11:21:05.0403843Z   getDefaultSidebarWidth.tsx               |      50 |        0 |       0 |      50 | 10-14                                                                                      
2025-10-14T11:21:05.0405012Z   getNamedContext.tsx                      |   88.88 |       75 |     100 |   88.88 | 20                                                                                         
2025-10-14T11:21:05.0406177Z   index.tsx                                |     100 |      100 |     100 |     100 |                                                                                            
2025-10-14T11:21:05.0407126Z   types.tsx                                |       0 |        0 |       0 |       0 |                                                                                            
2025-10-14T11:21:05.0408216Z   useFrameSize.tsx                         |   54.68 |       40 |   57.89 |   54.83 | 38,105-125,148-156,165,188-208                                                             
2025-10-14T11:21:05.0409794Z  elements/src/Header                       |    67.7 |    50.61 |   53.33 |   67.89 |                                                                                            
2025-10-14T11:21:05.0410914Z   Header.tsx                               |   74.35 |     68.6 |   55.55 |   74.35 | 54-61,83,366-382                                                                           
2025-10-14T11:21:05.0412101Z   HeaderBackButton.tsx                     |   72.22 |    48.07 |      40 |   74.28 | 51,57,74,109-123,147,169-170                                                               
2025-10-14T11:21:05.0413383Z   HeaderBackContext.tsx                    |     100 |      100 |     100 |     100 |                                                                                            
2025-10-14T11:21:05.0414547Z   HeaderBackground.tsx                     |   38.46 |    35.29 |     100 |   38.46 | 32-60                                                                                      
2025-10-14T11:21:05.0415673Z   HeaderButton.tsx                         |     100 |       50 |     100 |     100 | 32-49                                                                                      
2025-10-14T11:21:05.0416800Z   HeaderHeightContext.tsx                  |     100 |      100 |     100 |     100 |                                                                                            
2025-10-14T11:21:05.0417902Z   HeaderIcon.tsx                           |     100 |       50 |     100 |     100 | 14-21                                                                                      
2025-10-14T11:21:05.0419301Z   HeaderSearchBar.tsx                      |   57.14 |    23.21 |    42.1 |   56.52 | 84-96,107-113,119-121,125-128,134-136,142-144,153-154,161,174,181-190,202-204              
2025-10-14T11:21:05.0420583Z   HeaderShownContext.tsx                   |     100 |      100 |     100 |     100 |                                                                                            
2025-10-14T11:21:05.0421713Z   HeaderTitle.tsx                          |     100 |       50 |     100 |     100 | 28                                                                                         
2025-10-14T11:21:05.0422853Z   getDefaultHeaderHeight.tsx               |      75 |       75 |     100 |      75 | 22-25                                                                                      
2025-10-14T11:21:05.0424018Z   getHeaderTitle.tsx                       |     100 |       50 |     100 |     100 | 7-9                                                                                        
2025-10-14T11:21:05.0425138Z   useHeaderHeight.tsx                      |      75 |       50 |     100 |      75 | 9                                                                                          
2025-10-14T11:21:05.0426474Z  elements/src/Label                        |     100 |    66.66 |     100 |     100 |                                                                                            
2025-10-14T11:21:05.0427552Z   Label.tsx                                |     100 |      100 |     100 |     100 |                                                                                            
2025-10-14T11:21:05.0428567Z   getLabel.tsx                             |     100 |       50 |     100 |     100 | 5-7                                                                                        
2025-10-14T11:21:05.0429890Z  elements/src/assets                       |     100 |      100 |     100 |     100 |                                                                                            
2025-10-14T11:21:05.0431036Z   back-icon-mask.png                       |     100 |      100 |     100 |     100 |                                                                                            
2025-10-14T11:21:05.0432115Z   back-icon.png                            |     100 |      100 |     100 |     100 |                                                                                            
2025-10-14T11:21:05.0433383Z   clear-icon.png                           |     100 |      100 |     100 |     100 |                                                                                            
2025-10-14T11:21:05.0434458Z   close-icon.png                           |     100 |      100 |     100 |     100 |                                                                                            
2025-10-14T11:21:05.0435538Z   search-icon.png                          |     100 |      100 |     100 |     100 |                                                                                            
2025-10-14T11:21:05.0436620Z  material-top-tabs/src                     |       0 |        0 |       0 |       0 |                                                                                            
2025-10-14T11:21:05.0437614Z   index.tsx                                |       0 |        0 |       0 |       0 |                                                                                            
2025-10-14T11:21:05.0438718Z  material-top-tabs/src/navigators          |     100 |      100 |     100 |     100 |                                                                                            
2025-10-14T11:21:05.0440283Z   createMaterialTopTabNavigator.tsx        |     100 |      100 |     100 |     100 |                                                                                            
2025-10-14T11:21:05.0441553Z  material-top-tabs/src/utils               |      20 |        0 |       0 |      20 |                                                                                            
2025-10-14T11:21:05.0442725Z   TabAnimationContext.tsx                  |     100 |      100 |     100 |     100 |                                                                                            
2025-10-14T11:21:05.0443848Z   useTabAnimation.tsx                      |       0 |        0 |       0 |       0 | 6-14                                                                                       
2025-10-14T11:21:05.0444996Z  material-top-tabs/src/views               |    77.5 |       50 |   66.66 |    77.5 |                                                                                            
2025-10-14T11:21:05.0446179Z   MaterialTopTabBar.tsx                    |   78.26 |       44 |    62.5 |   78.26 | 94,138-149                                                                                 
2025-10-14T11:21:05.0447383Z   MaterialTopTabView.tsx                   |   76.47 |       80 |      70 |   76.47 | 63-65,87-88                                                                                
2025-10-14T11:21:05.0448731Z  native-stack/src                          |       0 |        0 |       0 |       0 |                                                                                            
2025-10-14T11:21:05.0449867Z   index.tsx                                |       0 |        0 |       0 |       0 |                                                                                            
2025-10-14T11:21:05.0450928Z  native-stack/src/navigators               |   55.55 |        0 |      60 |   55.55 |                                                                                            
2025-10-14T11:21:05.0452183Z   createNativeStackNavigator.tsx           |   55.55 |        0 |      60 |   55.55 | 58-70                                                                                      
2025-10-14T11:21:05.0453426Z  native-stack/src/utils                    |    62.5 |    55.55 |   63.63 |    62.5 |                                                                                            
2025-10-14T11:21:05.0454536Z   debounce.tsx                             |      25 |      100 |   33.33 |      25 | 8-11                                                                                       
2025-10-14T11:21:05.0455631Z   getModalRoutesKeys.ts                    |     100 |       75 |     100 |     100 | 10,13                                                                                      
2025-10-14T11:21:05.0457015Z   useAnimatedHeaderHeight.tsx              |      20 |        0 |       0 |      20 | 9-17                                                                                       
2025-10-14T11:21:05.0458271Z   useDismissedRouteError.tsx               |    62.5 |       50 |   66.66 |    62.5 | 15,21-25                                                                                   
2025-10-14T11:21:05.0459746Z   useInvalidPreventRemoveError.tsx         |   77.77 |       50 |     100 |   77.77 | 22-24                                                                                      
2025-10-14T11:21:05.0461004Z  native-stack/src/views                    |   79.25 |     62.5 |   45.45 |    79.1 |                                                                                            
2025-10-14T11:21:05.0462184Z   FontProcessor.native.tsx                 |      75 |       50 |     100 |      75 | 9                                                                                          
2025-10-14T11:21:05.0463434Z   NativeStackView.native.tsx               |   72.34 |       65 |      40 |   72.04 | 340-422,476-477,519-576                                                                    
2025-10-14T11:21:05.0464691Z   useHeaderConfigProps.tsx                 |   97.29 |    59.57 |     100 |   97.29 | 114                                                                                        
2025-10-14T11:21:05.0465910Z  native/src                                |   73.36 |    61.79 |   72.64 |   73.84 |                                                                                            
2025-10-14T11:21:05.0466907Z   Link.tsx                                 |     100 |      100 |     100 |     100 |                                                                                            
2025-10-14T11:21:05.0467930Z   LinkingContext.tsx                       |      75 |      100 |       0 |      75 | 12                                                                                         
2025-10-14T11:21:05.0469211Z   LocaleDirContext.tsx                     |     100 |      100 |     100 |     100 |                                                                                            
2025-10-14T11:21:05.0470451Z   NavigationContainer.tsx                  |    91.3 |    88.46 |      80 |    90.9 | 110,126                                                                                    
2025-10-14T11:21:05.0471256Z   ServerContainer.tsx                      |   81.81 |       75 |   66.66 |   81.81 | 23,43                                                                                      
2025-10-14T11:21:05.0472238Z   ServerContext.tsx                        |     100 |      100 |     100 |     100 |                                                                                            
2025-10-14T11:21:05.0473011Z   createMemoryHistory.tsx                  |   87.35 |     87.5 |      80 |   88.88 | 26-27,151-152,179-186                                                                      
2025-10-14T11:21:05.0473836Z   createStaticNavigation.tsx               |   93.33 |       90 |     100 |   92.85 | 76                                                                                         
2025-10-14T11:21:05.0474617Z   extractPathFromURL.tsx                   |     100 |    91.66 |     100 |     100 | 12                                                                                         
2025-10-14T11:21:05.0475399Z   getStateFromHref.tsx                     |     100 |    82.35 |     100 |     100 | 14-15,21                                                                                   
2025-10-14T11:21:05.0476160Z   index.tsx                                |       0 |        0 |       0 |       0 |                                                                                            
2025-10-14T11:21:05.0477320Z   types.tsx                                |       0 |        0 |       0 |       0 |                                                                                            
2025-10-14T11:21:05.0478519Z   useBackButton.native.tsx                 |   36.36 |        0 |      75 |      30 | 15-27                                                                                      
2025-10-14T11:21:05.0480063Z   useDocumentTitle.native.tsx              |       0 |        0 |       0 |       0 |                                                                                            
2025-10-14T11:21:05.0481330Z   useLinkBuilder.tsx                       |   96.55 |     91.3 |     100 |   96.55 | 112                                                                                        
2025-10-14T11:21:05.0482635Z   useLinkProps.tsx                         |      70 |    51.06 |     100 |      70 | 38,42,87-88,115-120                                                                        
2025-10-14T11:21:05.0483873Z   useLinkTo.tsx                            |       0 |        0 |       0 |       0 | 12-30                                                                                      
2025-10-14T11:21:05.0485160Z   useLinking.native.tsx                    |   62.16 |    42.22 |   58.82 |   63.88 | 28-33,53,57,113-121,134-138,151,160-190                                                    
2025-10-14T11:21:05.0486563Z   useLinking.tsx                           |      80 |    66.94 |   84.21 |   80.53 | 44,106,110,114,157-161,188,207,230-269,288-301,349,357                                     
2025-10-14T11:21:05.0487683Z   useLocale.tsx                            |      75 |       50 |     100 |      75 | 12                                                                                         
2025-10-14T11:21:05.0488699Z   useRoutePath.tsx                         |    90.9 |    66.66 |     100 |    90.9 | 25                                                                                         
2025-10-14T11:21:05.0489910Z   useScrollToTop.tsx                       |       0 |        0 |       0 |       0 | 26-118                                                                                     
2025-10-14T11:21:05.0490918Z   useThenable.tsx                          |   72.22 |       25 |      80 |   72.22 | 23-27,33                                                                                   
2025-10-14T11:21:05.0491945Z  native/src/__stubs__                      |     100 |       70 |     100 |     100 |                                                                                            
2025-10-14T11:21:05.0493043Z   createStackNavigator.tsx                 |     100 |      100 |     100 |     100 |                                                                                            
2025-10-14T11:21:05.0494329Z   window.tsx                               |     100 |       70 |     100 |     100 | 32,55-61                                                                                   
2025-10-14T11:21:05.0495367Z  native/src/theming                        |     100 |      100 |     100 |     100 |                                                                                            
2025-10-14T11:21:05.0496372Z   DarkTheme.tsx                            |     100 |      100 |     100 |     100 |                                                                                            
2025-10-14T11:21:05.0497342Z   DefaultTheme.tsx                         |     100 |      100 |     100 |     100 |                                                                                            
2025-10-14T11:21:05.0498307Z   fonts.tsx                                |     100 |      100 |     100 |     100 |                                                                                            
2025-10-14T11:21:05.0499549Z  react-native-drawer-layout/src            |       0 |        0 |       0 |       0 |                                                                                            
2025-10-14T11:21:05.0500735Z   index.tsx                                |       0 |        0 |       0 |       0 |                                                                                            
2025-10-14T11:21:05.0501828Z  react-native-drawer-layout/src/utils      |    40.9 |    33.33 |   33.33 |    40.9 |                                                                                            
2025-10-14T11:21:05.0503052Z   DrawerGestureContext.tsx                 |     100 |      100 |     100 |     100 |                                                                                            
2025-10-14T11:21:05.0504233Z   DrawerProgressContext.tsx                |     100 |      100 |     100 |     100 |                                                                                            
2025-10-14T11:21:05.0505388Z   getDrawerWidth.tsx                       |   43.75 |     37.5 |      50 |   43.75 | 31-34,46-56                                                                                
2025-10-14T11:21:05.0506461Z   useDrawerProgress.tsx                    |       0 |        0 |       0 |       0 | 7-15                                                                                       
2025-10-14T11:21:05.0507672Z  react-native-drawer-layout/src/views      |   65.38 |    34.14 |   56.75 |   64.84 |                                                                                            
2025-10-14T11:21:05.0509101Z   Drawer.native.tsx                        |    62.8 |    33.33 |   52.94 |   62.18 | 93,101,114-115,120-122,126,130,155-156,168-169,175,187,195,200-204,224-254,282-321,329,523 
2025-10-14T11:21:05.0510263Z   GestureHandler.ios.tsx                   |       0 |        0 |       0 |       0 |                                                                                            
2025-10-14T11:21:05.0511310Z   GestureHandlerNative.tsx                 |       0 |        0 |       0 |       0 |                                                                                            
2025-10-14T11:21:05.0512372Z   Overlay.native.tsx                       |     100 |    66.66 |     100 |     100 | 23                                                                                         
2025-10-14T11:21:05.0513427Z  react-native-tab-view/src                 |   52.65 |     39.9 |   52.85 |   52.25 |                                                                                            
2025-10-14T11:21:05.0514432Z   Pager.ios.tsx                            |       0 |        0 |       0 |       0 |                                                                                            
2025-10-14T11:21:05.0515551Z   PagerViewAdapter.native.tsx              |   64.15 |    33.33 |   61.53 |   64.15 | 64-65,80-81,89-113,119-122                                                                 
2025-10-14T11:21:05.0517014Z   PanResponderAdapter.tsx                  |    3.03 |        0 |       0 |    3.03 | 42-300                                                                                     
2025-10-14T11:21:05.0518196Z   PlatformPressable.tsx                    |     100 |    76.08 |     100 |     100 | 22,42,53,71-78,86-88                                                                       
2025-10-14T11:21:05.0519463Z   SceneMap.tsx                             |     100 |      100 |     100 |     100 |                                                                                            
2025-10-14T11:21:05.0520457Z   SceneView.tsx                            |   71.42 |    55.55 |   66.66 |      70 | 48-56                                                                                      
2025-10-14T11:21:05.0521513Z   ScrollViewAdapter.tsx                    |    2.73 |        0 |       0 |    2.85 | 46-250,258                                                                                 
2025-10-14T11:21:05.0522676Z   TabBar.tsx                               |   73.68 |    38.13 |   76.47 |   73.64 | 78,117-124,142,147-152,158,253,395,403-408,455-477,487,494,603-615                         
2025-10-14T11:21:05.0524090Z   TabBarIndicator.tsx                      |   76.08 |    45.94 |   77.77 |    77.5 | 58-59,90,101-103,129-132,151                                                               
2025-10-14T11:21:05.0525273Z   TabBarItem.tsx                           |   88.88 |    77.14 |    90.9 |   88.37 | 52,69,139-153                                                                              
2025-10-14T11:21:05.0526349Z   TabBarItemLabel.tsx                      |   83.33 |       50 |     100 |   83.33 | 15                                                                                         
2025-10-14T11:21:05.0527384Z   TabView.tsx                              |   94.73 |       75 |     100 |   94.44 | 79                                                                                         
2025-10-14T11:21:05.0528290Z   index.tsx                                |       0 |        0 |       0 |       0 |                                                                                            
2025-10-14T11:21:05.0529480Z   useAnimatedValue.tsx                     |     100 |      100 |     100 |     100 |                                                                                            
2025-10-14T11:21:05.0530589Z   useMeasureLayout.tsx                     |   54.54 |        0 |   33.33 |   54.54 | 14-20,25,30                                                                                
2025-10-14T11:21:05.0531663Z  routers/src                               |   97.01 |     91.8 |   97.82 |   96.93 |                                                                                            
2025-10-14T11:21:05.0532677Z   BaseRouter.tsx                           |     100 |      100 |     100 |     100 |                                                                                            
2025-10-14T11:21:05.0533745Z   CommonActions.tsx                        |     100 |    83.33 |     100 |     100 | 111                                                                                        
2025-10-14T11:21:05.0534847Z   DrawerRouter.tsx                         |   92.15 |       80 |     100 |      92 | 137,147,231,239                                                                            
2025-10-14T11:21:05.0535979Z   StackRouter.tsx                          |   97.31 |    89.02 |   96.55 |   97.26 | 296,556-558,646                                                                            
2025-10-14T11:21:05.0537059Z   TabRouter.tsx                            |   97.67 |    96.69 |   96.87 |   97.56 | 289,467,500                                                                                
2025-10-14T11:21:05.0538025Z   index.tsx                                |       0 |        0 |       0 |       0 |                                                                                            
2025-10-14T11:21:05.0539286Z   types.tsx                                |       0 |        0 |       0 |       0 |                                                                                            
2025-10-14T11:21:05.0540155Z  stack/src                                 |       0 |        0 |       0 |       0 |                                                                                            
2025-10-14T11:21:05.0541032Z   index.tsx                                |       0 |        0 |       0 |       0 |                                                                                            
2025-10-14T11:21:05.0542090Z  stack/src/TransitionConfigs               |   36.08 |       10 |   10.52 |   36.08 |                                                                                            
2025-10-14T11:21:05.0543325Z   CardStyleInterpolators.tsx               |   13.95 |     5.26 |    9.09 |   13.95 | 73-458                                                                                     
2025-10-14T11:21:05.0544594Z   HeaderStyleInterpolators.tsx             |   17.85 |     8.33 |   16.66 |   17.85 | 23-63,171-285                                                                              
2025-10-14T11:21:05.0546010Z   TransitionPresets.tsx                    |     100 |       50 |     100 |     100 | 154-158                                                                                    
2025-10-14T11:21:05.0547180Z   TransitionSpecs.tsx                      |   81.81 |        0 |       0 |   81.81 | 109,122                                                                                    
2025-10-14T11:21:05.0548255Z  stack/src/navigators                      |      60 |        0 |      60 |      60 |                                                                                            
2025-10-14T11:21:05.0549517Z   createStackNavigator.tsx                 |      60 |        0 |      60 |      60 | 61-73                                                                                      
2025-10-14T11:21:05.0550605Z  stack/src/utils                           |   48.93 |    37.03 |   57.14 |   48.91 |                                                                                            
2025-10-14T11:21:05.0551710Z   CardAnimationContext.tsx                 |     100 |      100 |     100 |     100 |                                                                                            
2025-10-14T11:21:05.0552918Z   GestureHandlerRefContext.tsx             |     100 |      100 |     100 |     100 |                                                                                            
2025-10-14T11:21:05.0554144Z   ModalPresentationContext.tsx             |     100 |      100 |     100 |     100 |                                                                                            
2025-10-14T11:21:05.0555260Z   conditional.tsx                          |      50 |      100 |       0 |      50 | 23                                                                                         
2025-10-14T11:21:05.0556245Z   findLastIndex.tsx                        |       0 |        0 |       0 |       0 | 2-8                                                                                        
2025-10-14T11:21:05.0557375Z   gestureActivationCriteria.tsx            |   78.57 |    58.33 |     100 |   78.57 | 34,41,62                                                                                   
2025-10-14T11:21:05.0558575Z   getDistanceForDirection.tsx              |      75 |       50 |     100 |      75 | 14                                                                                         
2025-10-14T11:21:05.0559881Z   getInvertedMultiplier.tsx                |      40 |       25 |     100 |      40 | 9-11,15                                                                                    
2025-10-14T11:21:05.0561205Z   getModalRoutesKeys.ts                    |   83.33 |     62.5 |     100 |   83.33 | 17                                                                                         
2025-10-14T11:21:05.0562313Z   getShadowStyle.tsx                       |     100 |      100 |     100 |     100 |                                                                                            
2025-10-14T11:21:05.0563350Z   throttle.tsx                             |      20 |        0 |   33.33 |      20 | 8-12                                                                                       
2025-10-14T11:21:05.0564367Z   useCardAnimation.tsx                     |       0 |        0 |       0 |       0 | 6-14                                                                                       
2025-10-14T11:21:05.0565134Z   useGestureHandlerRef.tsx                 |       0 |        0 |       0 |       0 | 6-14                                                                                       
2025-10-14T11:21:05.0565788Z   useKeyboardManager.tsx                   |      45 |    28.57 |    62.5 |   43.58 | 13-14,19-34,51-55,65-89                                                                    
2025-10-14T11:21:05.0566546Z  stack/src/views                           |     100 |      100 |     100 |     100 |                                                                                            
2025-10-14T11:21:05.0567119Z   GestureHandler.ios.tsx                   |       0 |        0 |       0 |       0 |                                                                                            
2025-10-14T11:21:05.0567702Z   GestureHandlerNative.tsx                 |     100 |      100 |     100 |     100 |                                                                                            
2025-10-14T11:21:05.0568308Z  stack/src/views/Header                    |   76.38 |    62.24 |   58.82 |   76.05 |                                                                                            
2025-10-14T11:21:05.0568875Z   Header.tsx                               |   76.92 |       60 |      50 |   76.92 | 26,34-35                                                                                   
2025-10-14T11:21:05.0569734Z   HeaderContainer.tsx                      |   89.28 |    69.38 |      75 |   89.28 | 60,154-156                                                                                 
2025-10-14T11:21:05.0570343Z   HeaderSegment.tsx                        |   64.51 |    51.72 |   54.54 |   63.33 | 48-59,64-74,170,179                                                                        
2025-10-14T11:21:05.0570941Z  stack/src/views/Stack                     |   74.74 |     66.5 |   68.37 |   74.42 |                                                                                            
2025-10-14T11:21:05.0571514Z   Card.tsx                                 |   73.45 |     55.2 |   86.36 |   72.47 | 89,120,243,250-315,396-400                                                                 
2025-10-14T11:21:05.0572103Z   CardA11yWrapper.tsx                      |     100 |     62.5 |     100 |     100 | 34-45,50-54                                                                                
2025-10-14T11:21:05.0572737Z   CardContainer.tsx                        |   79.66 |       75 |   66.66 |   79.66 | 130-133,137-140,144-146,162-165,183                                                        
2025-10-14T11:21:05.0573340Z   CardContent.tsx                          |      24 |    22.22 |      50 |      24 | 23-72                                                                                      
2025-10-14T11:21:05.0573933Z   CardStack.tsx                            |   87.09 |     77.9 |      80 |   86.92 | 131,156,209,248,277,511-520,541-548,633-635,644,698                                        
2025-10-14T11:21:05.0574589Z   StackView.tsx                            |   67.42 |    61.11 |   55.76 |    67.2 | 102-111,149-151,177,180,200,203,209-242,249-254,262,318-331,341,348,362,372,402,409,416    
2025-10-14T11:21:05.0575462Z -------------------------------------------|---------|----------|---------|---------|--------------------------------------------------------------------------------------------
2025-10-14T11:21:05.2126369Z 
2025-10-14T11:21:05.2130293Z Test Suites: 46 passed, 46 total
2025-10-14T11:21:05.2130739Z Tests:       518 passed, 518 total
2025-10-14T11:21:05.2131140Z Snapshots:   86 passed, 86 total
2025-10-14T11:21:05.2131462Z Time:        24.465 s
2025-10-14T11:21:05.2131735Z Ran all test suites.
2025-10-14T11:21:05.2530283Z ##[group]Run codecov/codecov-action@v3
2025-10-14T11:21:05.2530748Z with:
2025-10-14T11:21:05.2531039Z ##[endgroup]
2025-10-14T11:21:05.3586772Z ==> linux OS detected
2025-10-14T11:21:05.8317197Z https://uploader.codecov.io/latest/linux/codecov.SHA256SUM
2025-10-14T11:21:05.9436679Z ==> SHASUM file signed by key id 806bb28aed779869
2025-10-14T11:21:06.0183999Z ==> Uploader SHASUM verified (b37359013b48fbc3b0790d59fc474a52a260fb96e28e1b2c2ae001dc9b9cc996  codecov)
2025-10-14T11:21:06.0184907Z ==> Running version latest
2025-10-14T11:21:06.1685582Z ==> Running version v0.8.0
2025-10-14T11:21:06.1702528Z [command]/home/runner/work/_actions/codecov/codecov-action/v3/dist/codecov -n  -Q github-action-3.1.6 -C 7170e2a6a089af653eb689bda9b1eaba5a5ab828
2025-10-14T11:21:06.3731850Z [2025-10-14T11:21:06.371Z] ['info'] 
2025-10-14T11:21:06.3732352Z      _____          _
2025-10-14T11:21:06.3732701Z     / ____|        | |
2025-10-14T11:21:06.3733186Z    | |     ___   __| | ___  ___ _____   __
2025-10-14T11:21:06.3733667Z    | |    / _ \ / _` |/ _ \/ __/ _ \ \ / /
2025-10-14T11:21:06.3734130Z    | |___| (_) | (_| |  __/ (_| (_) \ V /
2025-10-14T11:21:06.3734593Z     \_____\___/ \__,_|\___|\___\___/ \_/
2025-10-14T11:21:06.3734855Z 
2025-10-14T11:21:06.3734998Z   Codecov report uploader 0.8.0
2025-10-14T11:21:06.3788576Z [2025-10-14T11:21:06.378Z] ['info'] => Project root located at: /home/runner/work/react-navigation/react-navigation
2025-10-14T11:21:06.3797664Z [2025-10-14T11:21:06.379Z] ['info'] -> No token specified or token is empty
2025-10-14T11:21:06.3866013Z [2025-10-14T11:21:06.386Z] ['info'] Searching for coverage files...
2025-10-14T11:21:06.4543429Z [2025-10-14T11:21:06.454Z] ['info'] Warning: Some files located via search were excluded from upload.
2025-10-14T11:21:06.4545545Z [2025-10-14T11:21:06.454Z] ['info'] If Codecov did not locate your files, please review https://docs.codecov.com/docs/supported-report-formats
2025-10-14T11:21:06.4546867Z [2025-10-14T11:21:06.454Z] ['info'] => Found 3 possible coverage files:
2025-10-14T11:21:06.4547469Z   coverage/clover.xml
2025-10-14T11:21:06.4547882Z   coverage/coverage-final.json
2025-10-14T11:21:06.4548296Z   coverage/lcov.info
2025-10-14T11:21:06.4549518Z [2025-10-14T11:21:06.454Z] ['info'] Processing /home/runner/work/react-navigation/react-navigation/coverage/clover.xml...
2025-10-14T11:21:06.4565952Z [2025-10-14T11:21:06.456Z] ['info'] Processing /home/runner/work/react-navigation/react-navigation/coverage/coverage-final.json...
2025-10-14T11:21:06.4592214Z [2025-10-14T11:21:06.459Z] ['info'] Processing /home/runner/work/react-navigation/react-navigation/coverage/lcov.info...
2025-10-14T11:21:06.5050801Z [2025-10-14T11:21:06.504Z] ['info'] Detected GitHub Actions as the CI provider.
2025-10-14T11:21:06.9504759Z [2025-10-14T11:21:06.949Z] ['info'] Pinging Codecov: https://codecov.io/upload/v4?package=github-action-3.1.6-uploader-0.8.0&token=*******&branch=%40osdnk%2Fbt&build=18494794801&build_url=https%3A%2F%2Fgithub.com%2Freact-navigation%2Freact-navigation%2Factions%2Fruns%2F18494794801%2Fjob%2F52696411005&commit=7170e2a6a089af653eb689bda9b1eaba5a5ab828&job=CI&pr=12791&service=github-actions&slug=react-navigation%2Freact-navigation&name=&tag=&flags=&parent=
2025-10-14T11:21:07.2737307Z [2025-10-14T11:21:07.272Z] ['error'] There was an error running the uploader: Error uploading to https://codecov.io: Error: There was an error fetching the storage URL during POST: 429 - {"message":"Rate limit reached. Please upload with the Codecov repository upload token to resolve issue. Expected time to availability: 1905s."}
2025-10-14T11:21:07.2739575Z 
2025-10-14T11:21:07.2740582Z [2025-10-14T11:21:07.273Z] ['info'] Codecov will exit with status code 0. If you are expecting a non-zero exit code, please pass in the `-Z` flag
2025-10-14T11:21:07.3041187Z Post job cleanup.
2025-10-14T11:21:07.3084394Z Post job cleanup.
2025-10-14T11:21:07.4668102Z Post job cleanup.
2025-10-14T11:21:07.5596931Z [command]/usr/bin/git version
2025-10-14T11:21:07.5636624Z git version 2.51.0
2025-10-14T11:21:07.5687553Z Temporarily overriding HOME='/home/runner/work/_temp/71b90e17-c96b-4d0f-b1b7-bd77cb9c0c52' before making global git config changes
2025-10-14T11:21:07.5689269Z Adding repository directory to the temporary git global config as a safe directory
2025-10-14T11:21:07.5693903Z [command]/usr/bin/git config --global --add safe.directory /home/runner/work/react-navigation/react-navigation
2025-10-14T11:21:07.5729335Z [command]/usr/bin/git config --local --name-only --get-regexp core\.sshCommand
2025-10-14T11:21:07.5762722Z [command]/usr/bin/git submodule foreach --recursive sh -c "git config --local --name-only --get-regexp 'core\.sshCommand' && git config --local --unset-all 'core.sshCommand' || :"
2025-10-14T11:21:07.6004696Z [command]/usr/bin/git config --local --name-only --get-regexp http\.https\:\/\/github\.com\/\.extraheader
2025-10-14T11:21:07.6027277Z http.https://github.com/.extraheader
2025-10-14T11:21:07.6040847Z [command]/usr/bin/git config --local --unset-all http.https://github.com/.extraheader
2025-10-14T11:21:07.6073298Z [command]/usr/bin/git submodule foreach --recursive sh -c "git config --local --name-only --get-regexp 'http\.https\:\/\/github\.com\/\.extraheader' && git config --local --unset-all 'http.https://github.com/.extraheader' || :"
2025-10-14T11:21:07.6412881Z Cleaning up orphan processes
