2025-10-11T17:52:36.5802297Z Current runner version: '2.328.0'
2025-10-11T17:52:36.5826215Z ##[group]Runner Image Provisioner
2025-10-11T17:52:36.5826975Z Hosted Compute Agent
2025-10-11T17:52:36.5827629Z Version: 20250912.392
2025-10-11T17:52:36.5828220Z Commit: d921fda672a98b64f4f82364647e2f10b2267d0b
2025-10-11T17:52:36.5828877Z Build Date: 2025-09-12T15:23:14Z
2025-10-11T17:52:36.5829542Z ##[endgroup]
2025-10-11T17:52:36.5830400Z ##[group]Operating System
2025-10-11T17:52:36.5831000Z Ubuntu
2025-10-11T17:52:36.5831516Z 24.04.3
2025-10-11T17:52:36.5831992Z LTS
2025-10-11T17:52:36.5832418Z ##[endgroup]
2025-10-11T17:52:36.5832958Z ##[group]Runner Image
2025-10-11T17:52:36.5833545Z Image: ubuntu-24.04
2025-10-11T17:52:36.5834010Z Version: 20250929.60.1
2025-10-11T17:52:36.5835060Z Included Software: https://github.com/actions/runner-images/blob/ubuntu24/20250929.60/images/ubuntu/Ubuntu2404-Readme.md
2025-10-11T17:52:36.5836592Z Image Release: https://github.com/actions/runner-images/releases/tag/ubuntu24%2F20250929.60
2025-10-11T17:52:36.5837602Z ##[endgroup]
2025-10-11T17:52:36.5838661Z ##[group]GITHUB_TOKEN Permissions
2025-10-11T17:52:36.5840694Z Metadata: read
2025-10-11T17:52:36.5841366Z ##[endgroup]
2025-10-11T17:52:36.5843383Z Secret source: None
2025-10-11T17:52:36.5844026Z Prepare workflow directory
2025-10-11T17:52:36.6173980Z Prepare all required actions
2025-10-11T17:52:36.6214246Z Getting action download info
2025-10-11T17:52:37.0534974Z Download action repository 'actions/checkout@v4' (SHA:08eba0b27e820071cde6df949e0beb9ba4906955)
2025-10-11T17:52:37.2435377Z Download action repository 'pnpm/action-setup@v3' (SHA:a3252b78c470c02df07e9d59298aecedc3ccdd6d)
2025-10-11T17:52:38.1393479Z Download action repository 'actions/setup-node@v4' (SHA:49933ea5288caeca8642d1e84afbd3f7d6820020)
2025-10-11T17:52:38.2383851Z Download action repository 'codecov/codecov-action@v5' (SHA:5a1091511ad55cbe89839c7260b706298ca349f7)
2025-10-11T17:52:38.8153808Z Getting action download info
2025-10-11T17:52:38.9931337Z Download action repository 'actions/github-script@60a0d83039c74a4aee543508d2ffcb1c3799cdea' (SHA:60a0d83039c74a4aee543508d2ffcb1c3799cdea)
2025-10-11T17:52:39.6935203Z Complete job name: test (20.x, ubuntu-latest)
2025-10-11T17:52:39.7543740Z ##[group]Run actions/checkout@v4
2025-10-11T17:52:39.7544513Z with:
2025-10-11T17:52:39.7544902Z   repository: shikijs/shiki
2025-10-11T17:52:39.7545517Z   token: ***
2025-10-11T17:52:39.7545907Z   ssh-strict: true
2025-10-11T17:52:39.7546239Z   ssh-user: git
2025-10-11T17:52:39.7546716Z   persist-credentials: true
2025-10-11T17:52:39.7547137Z   clean: true
2025-10-11T17:52:39.7547484Z   sparse-checkout-cone-mode: true
2025-10-11T17:52:39.7547958Z   fetch-depth: 1
2025-10-11T17:52:39.7548314Z   fetch-tags: false
2025-10-11T17:52:39.7548720Z   show-progress: true
2025-10-11T17:52:39.7549044Z   lfs: false
2025-10-11T17:52:39.7549478Z   submodules: false
2025-10-11T17:52:39.7549827Z   set-safe-directory: true
2025-10-11T17:52:39.7550706Z ##[endgroup]
2025-10-11T17:52:39.8624128Z Syncing repository: shikijs/shiki
2025-10-11T17:52:39.8625848Z ##[group]Getting Git version info
2025-10-11T17:52:39.8626563Z Working directory is '/home/runner/work/shiki/shiki'
2025-10-11T17:52:39.8627436Z [command]/usr/bin/git version
2025-10-11T17:52:39.8745934Z git version 2.51.0
2025-10-11T17:52:39.8771804Z ##[endgroup]
2025-10-11T17:52:39.8785228Z Temporarily overriding HOME='/home/runner/work/_temp/f82794c9-395e-43e8-ae18-4cc07d3891d6' before making global git config changes
2025-10-11T17:52:39.8786385Z Adding repository directory to the temporary git global config as a safe directory
2025-10-11T17:52:39.8790705Z [command]/usr/bin/git config --global --add safe.directory /home/runner/work/shiki/shiki
2025-10-11T17:52:39.8829970Z Deleting the contents of '/home/runner/work/shiki/shiki'
2025-10-11T17:52:39.8833212Z ##[group]Initializing the repository
2025-10-11T17:52:39.8837000Z [command]/usr/bin/git init /home/runner/work/shiki/shiki
2025-10-11T17:52:39.8974675Z hint: Using 'master' as the name for the initial branch. This default branch name
2025-10-11T17:52:39.8975786Z hint: is subject to change. To configure the initial branch name to use in all
2025-10-11T17:52:39.8976526Z hint: of your new repositories, which will suppress this warning, call:
2025-10-11T17:52:39.8977132Z hint:
2025-10-11T17:52:39.8977582Z hint: 	git config --global init.defaultBranch <name>
2025-10-11T17:52:39.8978182Z hint:
2025-10-11T17:52:39.8978690Z hint: Names commonly chosen instead of 'master' are 'main', 'trunk' and
2025-10-11T17:52:39.8979443Z hint: 'development'. The just-created branch can be renamed via this command:
2025-10-11T17:52:39.9046277Z hint:
2025-10-11T17:52:39.9046841Z hint: 	git branch -m <name>
2025-10-11T17:52:39.9047472Z hint:
2025-10-11T17:52:39.9048296Z hint: Disable this message with "git config set advice.defaultBranchName false"
2025-10-11T17:52:39.9049423Z Initialized empty Git repository in /home/runner/work/shiki/shiki/.git/
2025-10-11T17:52:39.9051589Z [command]/usr/bin/git remote add origin https://github.com/shikijs/shiki
2025-10-11T17:52:39.9052827Z ##[endgroup]
2025-10-11T17:52:39.9053343Z ##[group]Disabling automatic garbage collection
2025-10-11T17:52:39.9053794Z [command]/usr/bin/git config --local gc.auto 0
2025-10-11T17:52:39.9073209Z ##[endgroup]
2025-10-11T17:52:39.9073701Z ##[group]Setting up auth
2025-10-11T17:52:39.9080696Z [command]/usr/bin/git config --local --name-only --get-regexp core\.sshCommand
2025-10-11T17:52:39.9110524Z [command]/usr/bin/git submodule foreach --recursive sh -c "git config --local --name-only --get-regexp 'core\.sshCommand' && git config --local --unset-all 'core.sshCommand' || :"
2025-10-11T17:52:39.9505037Z [command]/usr/bin/git config --local --name-only --get-regexp http\.https\:\/\/github\.com\/\.extraheader
2025-10-11T17:52:39.9535597Z [command]/usr/bin/git submodule foreach --recursive sh -c "git config --local --name-only --get-regexp 'http\.https\:\/\/github\.com\/\.extraheader' && git config --local --unset-all 'http.https://github.com/.extraheader' || :"
2025-10-11T17:52:39.9755742Z [command]/usr/bin/git config --local http.https://github.com/.extraheader AUTHORIZATION: basic ***
2025-10-11T17:52:39.9792127Z ##[endgroup]
2025-10-11T17:52:39.9792982Z ##[group]Fetching the repository
2025-10-11T17:52:39.9800886Z [command]/usr/bin/git -c protocol.version=2 fetch --no-tags --prune --no-recurse-submodules --depth=1 origin +314fa5363e09d788aae0c534717e3b83e7c324fd:refs/remotes/pull/1082/merge
2025-10-11T17:52:40.7475524Z From https://github.com/shikijs/shiki
2025-10-11T17:52:40.7476313Z  * [new ref]         314fa5363e09d788aae0c534717e3b83e7c324fd -> pull/1082/merge
2025-10-11T17:52:40.7510588Z ##[endgroup]
2025-10-11T17:52:40.7511252Z ##[group]Determining the checkout info
2025-10-11T17:52:40.7513473Z ##[endgroup]
2025-10-11T17:52:40.7518983Z [command]/usr/bin/git sparse-checkout disable
2025-10-11T17:52:40.7569541Z [command]/usr/bin/git config --local --unset-all extensions.worktreeConfig
2025-10-11T17:52:40.7596980Z ##[group]Checking out the ref
2025-10-11T17:52:40.7601434Z [command]/usr/bin/git checkout --progress --force refs/remotes/pull/1082/merge
2025-10-11T17:52:40.8004591Z Note: switching to 'refs/remotes/pull/1082/merge'.
2025-10-11T17:52:40.8006044Z 
2025-10-11T17:52:40.8006690Z You are in 'detached HEAD' state. You can look around, make experimental
2025-10-11T17:52:40.8007483Z changes and commit them, and you can discard any commits you make in this
2025-10-11T17:52:40.8008243Z state without impacting any branches by switching back to a branch.
2025-10-11T17:52:40.8008678Z 
2025-10-11T17:52:40.8008995Z If you want to create a new branch to retain commits you create, you may
2025-10-11T17:52:40.8009678Z do so (now or later) by using -c with the switch command. Example:
2025-10-11T17:52:40.8010264Z 
2025-10-11T17:52:40.8010441Z   git switch -c <new-branch-name>
2025-10-11T17:52:40.8010720Z 
2025-10-11T17:52:40.8010872Z Or undo this operation with:
2025-10-11T17:52:40.8011119Z 
2025-10-11T17:52:40.8011255Z   git switch -
2025-10-11T17:52:40.8011461Z 
2025-10-11T17:52:40.8011797Z Turn off this advice by setting config variable advice.detachedHead to false
2025-10-11T17:52:40.8012527Z 
2025-10-11T17:52:40.8012887Z HEAD is now at 314fa53 Merge 54d1b3a93f1b3b62c14788f3ac09f82e2f6aeaa2 into fd7326a82f9495489acf0c999347cb45b2156644
2025-10-11T17:52:40.8016498Z ##[endgroup]
2025-10-11T17:52:40.8053013Z [command]/usr/bin/git log -1 --format=%H
2025-10-11T17:52:40.8075181Z 314fa5363e09d788aae0c534717e3b83e7c324fd
2025-10-11T17:52:40.8266958Z ##[group]Run pnpm/action-setup@v3
2025-10-11T17:52:40.8267213Z with:
2025-10-11T17:52:40.8267382Z   dest: ~/setup-pnpm
2025-10-11T17:52:40.8267565Z   run_install: null
2025-10-11T17:52:40.8267761Z   package_json_file: package.json
2025-10-11T17:52:40.8267975Z   standalone: false
2025-10-11T17:52:40.8268153Z ##[endgroup]
2025-10-11T17:52:40.9110630Z ##[group]Running self-installer...
2025-10-11T17:52:41.5348764Z Progress: resolved 1, reused 0, downloaded 0, added 0
2025-10-11T17:52:41.5621042Z Packages: +1
2025-10-11T17:52:41.5622738Z +
2025-10-11T17:52:42.0696963Z Progress: resolved 1, reused 0, downloaded 1, added 1, done
2025-10-11T17:52:42.0950679Z 
2025-10-11T17:52:42.0951172Z dependencies:
2025-10-11T17:52:42.0951744Z + pnpm 10.17.0 (10.18.2 is available)
2025-10-11T17:52:42.0951958Z 
2025-10-11T17:52:42.1020207Z Done in 1s
2025-10-11T17:52:42.1188506Z ##[endgroup]
2025-10-11T17:52:42.1192529Z Installation Completed!
2025-10-11T17:52:42.1331186Z ##[group]Run actions/setup-node@v4
2025-10-11T17:52:42.1331466Z with:
2025-10-11T17:52:42.1331639Z   node-version: 20.x
2025-10-11T17:52:42.1331839Z   always-auth: false
2025-10-11T17:52:42.1332047Z   check-latest: false
2025-10-11T17:52:42.1332356Z   token: ***
2025-10-11T17:52:42.1332529Z env:
2025-10-11T17:52:42.1332742Z   PNPM_HOME: /home/runner/setup-pnpm/node_modules/.bin
2025-10-11T17:52:42.1333015Z ##[endgroup]
2025-10-11T17:52:42.3105962Z Found in cache @ /opt/hostedtoolcache/node/20.19.5/x64
2025-10-11T17:52:42.3111971Z ##[group]Environment details
2025-10-11T17:52:44.7393654Z node: v20.19.5
2025-10-11T17:52:44.7395310Z npm: 10.8.2
2025-10-11T17:52:44.7395621Z yarn: 1.22.22
2025-10-11T17:52:44.7396815Z ##[endgroup]
2025-10-11T17:52:44.7493302Z ##[group]Run npm i -g @antfu/ni
2025-10-11T17:52:44.7493627Z [36;1mnpm i -g @antfu/ni[0m
2025-10-11T17:52:44.7613611Z shell: /usr/bin/bash -e {0}
2025-10-11T17:52:44.7613878Z env:
2025-10-11T17:52:44.7614123Z   PNPM_HOME: /home/runner/setup-pnpm/node_modules/.bin
2025-10-11T17:52:44.7614418Z ##[endgroup]
2025-10-11T17:52:49.5556093Z 
2025-10-11T17:52:49.5565990Z added 8 packages in 5s
2025-10-11T17:52:49.5566423Z 
2025-10-11T17:52:49.5566754Z 2 packages are looking for funding
2025-10-11T17:52:49.5567296Z   run `npm fund` for details
2025-10-11T17:52:49.5669320Z ##[group]Run nci
2025-10-11T17:52:49.5669542Z [36;1mnci[0m
2025-10-11T17:52:49.5702874Z shell: /usr/bin/bash -e {0}
2025-10-11T17:52:49.5703096Z env:
2025-10-11T17:52:49.5703315Z   PNPM_HOME: /home/runner/setup-pnpm/node_modules/.bin
2025-10-11T17:52:49.5703603Z ##[endgroup]
2025-10-11T17:52:50.0216362Z Scope: all 20 workspace projects
2025-10-11T17:52:50.1281718Z Lockfile is up to date, resolution step is skipped
2025-10-11T17:52:50.2079488Z Progress: resolved 1, reused 0, downloaded 0, added 0
2025-10-11T17:52:50.3329553Z Packages: +947
2025-10-11T17:52:50.3330980Z ++++++++++++++++++++++++++++++++++++++++++++++++++++++++++++++++++++++++++++++++
2025-10-11T17:52:51.2102627Z Progress: resolved 947, reused 0, downloaded 105, added 105
2025-10-11T17:52:52.2116493Z Progress: resolved 947, reused 0, downloaded 293, added 292
2025-10-11T17:52:53.2105582Z Progress: resolved 947, reused 0, downloaded 449, added 441
2025-10-11T17:52:54.2111645Z Progress: resolved 947, reused 0, downloaded 650, added 650
2025-10-11T17:52:55.2131686Z Progress: resolved 947, reused 0, downloaded 826, added 826
2025-10-11T17:52:56.2131658Z Progress: resolved 947, reused 0, downloaded 944, added 944
2025-10-11T17:52:56.7103000Z Progress: resolved 947, reused 0, downloaded 947, added 947, done
2025-10-11T17:52:57.1474692Z .../esbuild@0.25.10/node_modules/esbuild postinstall$ node install.js
2025-10-11T17:52:57.1484004Z .../node_modules/workerd postinstall$ node install.js
2025-10-11T17:52:57.1497138Z .../sharp@0.33.5/node_modules/sharp install$ node install/check
2025-10-11T17:52:57.1951636Z .../node_modules/simple-git-hooks postinstall$ node ./postinstall.js
2025-10-11T17:52:57.2123800Z .../esbuild@0.25.10/node_modules/esbuild postinstall: Done
2025-10-11T17:52:57.2588998Z .../node_modules/workerd postinstall: Done
2025-10-11T17:52:57.2876793Z .../node_modules/simple-git-hooks postinstall: [INFO] Successfully set the pre-commit with command: npx lint-staged
2025-10-11T17:52:57.3664631Z .../node_modules/simple-git-hooks postinstall: Done
2025-10-11T17:52:57.5000707Z .../sharp@0.33.5/node_modules/sharp install: Done
2025-10-11T17:52:58.8221874Z 
2025-10-11T17:52:58.8222482Z devDependencies:
2025-10-11T17:52:58.8223020Z + @antfu/eslint-config 5.3.0
2025-10-11T17:52:58.8223501Z + @antfu/ni 26.0.1
2025-10-11T17:52:58.8223908Z + @rollup/plugin-alias 5.1.1
2025-10-11T17:52:58.8224376Z + @rollup/plugin-commonjs 28.0.6
2025-10-11T17:52:58.8224753Z + @rollup/plugin-json 6.1.0
2025-10-11T17:52:58.8225205Z + @rollup/plugin-node-resolve 16.0.1
2025-10-11T17:52:58.8225624Z + @rollup/plugin-replace 6.0.2
2025-10-11T17:52:58.8226049Z + @rollup/plugin-terser 0.4.4
2025-10-11T17:52:58.8226669Z + @shikijs/colorized-brackets 3.13.0 <- packages/colorized-brackets
2025-10-11T17:52:58.8227598Z + @shikijs/engine-javascript 3.13.0 <- packages/engine-javascript
2025-10-11T17:52:58.8228152Z + @shikijs/engine-oniguruma 3.13.0 <- packages/engine-oniguruma
2025-10-11T17:52:58.8228919Z + @shikijs/markdown-it 3.13.0 <- packages/markdown-it
2025-10-11T17:52:58.8229427Z + @shikijs/monaco 3.13.0 <- packages/monaco
2025-10-11T17:52:58.8229933Z + @shikijs/rehype 3.13.0 <- packages/rehype
2025-10-11T17:52:58.8230801Z + @shikijs/transformers 3.13.0 <- packages/transformers
2025-10-11T17:52:58.8231311Z + @shikijs/twoslash 3.13.0 <- packages/twoslash
2025-10-11T17:52:58.8231913Z + @shikijs/types 3.13.0 <- packages/types
2025-10-11T17:52:58.8232765Z + @shikijs/vitepress-twoslash 3.13.0 <- packages/vitepress-twoslash
2025-10-11T17:52:58.8233463Z + @types/fs-extra 11.0.4
2025-10-11T17:52:58.8233913Z + @types/hast 3.0.4
2025-10-11T17:52:58.8234239Z + @types/js-yaml 4.0.9
2025-10-11T17:52:58.8234585Z + @types/node 24.5.2
2025-10-11T17:52:58.8234958Z + @vitest/coverage-v8 3.2.4
2025-10-11T17:52:58.8235441Z + ansi-sequence-parser 1.1.3
2025-10-11T17:52:58.8235865Z + ansis 4.1.0
2025-10-11T17:52:58.8236220Z + bumpp 10.2.3
2025-10-11T17:52:58.8236652Z + diff-match-patch-es 1.0.1
2025-10-11T17:52:58.8237101Z + esbuild 0.25.10
2025-10-11T17:52:58.8237812Z + eslint 9.36.0
2025-10-11T17:52:58.8238293Z + eslint-plugin-format 1.0.1
2025-10-11T17:52:58.8238780Z + fast-glob 3.3.3
2025-10-11T17:52:58.8239176Z + fs-extra 11.3.2
2025-10-11T17:52:58.8239653Z + hast-util-to-html 9.0.5
2025-10-11T17:52:58.8240151Z + jiti 2.5.1
2025-10-11T17:52:58.8240480Z + js-yaml 4.1.0
2025-10-11T17:52:58.8240821Z + lint-staged 16.1.6
2025-10-11T17:52:58.8241233Z + markdown-it 14.1.0
2025-10-11T17:52:58.8241667Z + mdast-util-from-markdown 2.0.2
2025-10-11T17:52:58.8242086Z + mdast-util-gfm 3.1.0
2025-10-11T17:52:58.8242486Z + mdast-util-to-hast 13.2.0
2025-10-11T17:52:58.8242833Z + ohash 2.0.11
2025-10-11T17:52:58.8243156Z + pnpm 10.17.0
2025-10-11T17:52:58.8243466Z + prettier 3.6.2
2025-10-11T17:52:58.8243778Z + rimraf 6.0.1
2025-10-11T17:52:58.8244068Z + rollup 4.51.0
2025-10-11T17:52:58.8244417Z + rollup-plugin-copy 3.5.0
2025-10-11T17:52:58.8244814Z + rollup-plugin-dts 6.2.3
2025-10-11T17:52:58.8245230Z + rollup-plugin-esbuild 6.2.1
2025-10-11T17:52:58.8245633Z + shiki 3.13.0 <- packages/shiki
2025-10-11T17:52:58.8246030Z + simple-git-hooks 2.13.1
2025-10-11T17:52:58.8246389Z + taze 19.6.0
2025-10-11T17:52:58.8246746Z + tsx 4.20.5
2025-10-11T17:52:58.8247090Z + typescript 5.9.2
2025-10-11T17:52:58.8247427Z + unbuild 3.6.1
2025-10-11T17:52:58.8247750Z + vite 7.1.6
2025-10-11T17:52:58.8248109Z + vite-tsconfig-paths 5.1.4
2025-10-11T17:52:58.8248732Z + vitepress-plugin-mermaid 2.0.17
2025-10-11T17:52:58.8249099Z + vitest 3.2.4
2025-10-11T17:52:58.8249455Z + vitest-package-exports 0.1.1
2025-10-11T17:52:58.8249823Z + vue-tsc 3.0.7
2025-10-11T17:52:58.8250288Z + wrangler 4.38.0
2025-10-11T17:52:58.8250521Z 
2025-10-11T17:52:58.8322530Z packages/langs prepare$ tsx scripts/prepare.ts
2025-10-11T17:52:58.8327263Z packages/langs-precompiled prepare$ tsx scripts/prepare.ts
2025-10-11T17:52:58.8561991Z packages/themes prepare$ tsx scripts/prepare.ts
2025-10-11T17:52:59.5097016Z packages/themes prepare: Done
2025-10-11T17:52:59.8239739Z packages/langs prepare: ruby [
2025-10-11T17:52:59.8243079Z packages/langs prepare:   'html',       'haml',
2025-10-11T17:52:59.8246844Z packages/langs prepare:   'xml',        'sql',
2025-10-11T17:52:59.8249834Z packages/langs prepare:   'graphql',    'css',
2025-10-11T17:52:59.8250714Z packages/langs prepare:   'cpp',        'c',
2025-10-11T17:52:59.8255077Z packages/langs prepare:   'javascript', 'shellscript',
2025-10-11T17:52:59.8255800Z packages/langs prepare:   'lua',        'yaml'
2025-10-11T17:52:59.8256296Z packages/langs prepare: ]
2025-10-11T17:52:59.9189978Z packages/langs prepare: Done
2025-10-11T17:53:08.1943175Z packages/langs-precompiled prepare: Done
2025-10-11T17:53:08.1980251Z packages/shiki prepare$ tsx scripts/prepare.ts
2025-10-11T17:53:08.6372510Z packages/shiki prepare: Done
2025-10-11T17:53:08.6401855Z packages/colorized-brackets prepare$ tsx scripts/prepare.ts
2025-10-11T17:53:09.0673549Z packages/colorized-brackets prepare: Done
2025-10-11T17:53:10.0259497Z . prepare$ simple-git-hooks
2025-10-11T17:53:10.0824969Z . prepare: [INFO] Successfully set the pre-commit with command: npx lint-staged
2025-10-11T17:53:10.1473458Z . prepare: [INFO] Successfully set all git hooks
2025-10-11T17:53:10.1507098Z . prepare: Done
2025-10-11T17:53:10.1704278Z Done in 20.5s using pnpm v10.17.0
2025-10-11T17:53:10.2079941Z ##[group]Run nr build
2025-10-11T17:53:10.2080459Z [36;1mnr build[0m
2025-10-11T17:53:10.2113441Z shell: /usr/bin/bash -e {0}
2025-10-11T17:53:10.2113667Z env:
2025-10-11T17:53:10.2113883Z   PNPM_HOME: /home/runner/setup-pnpm/node_modules/.bin
2025-10-11T17:53:10.2114159Z ##[endgroup]
2025-10-11T17:53:10.6336381Z 
2025-10-11T17:53:10.6336882Z > @3.13.0 build /home/runner/work/shiki/shiki
2025-10-11T17:53:10.6337347Z > pnpm -r run build
2025-10-11T17:53:10.6337483Z 
2025-10-11T17:53:11.0341534Z Scope: 19 of 20 workspace projects
2025-10-11T17:53:11.0358860Z packages/types build$ unbuild
2025-10-11T17:53:12.0840348Z packages/types build: [info] [36mBuilding types[39m
2025-10-11T17:53:12.0848177Z packages/types build: [info] Cleaning dist directory: `./dist`
2025-10-11T17:53:13.3134296Z packages/types build: [success] [32mBuild succeeded for types[39m
2025-10-11T17:53:13.3166008Z packages/types build: [log]   [1mdist/index.mjs[22m (total size: [36m138 B[39m, chunk size: [36m138 B[39m, exports: [90mShikiError[39m)
2025-10-11T17:53:13.3179174Z packages/types build: Σ Total dist size (byte size): [36m30.2 kB[39m
2025-10-11T17:53:13.3185926Z packages/types build: [log]
2025-10-11T17:53:13.3443382Z packages/types build: Done
2025-10-11T17:53:13.3455619Z packages/core build$ unbuild
2025-10-11T17:53:13.3459728Z packages/engine-javascript build$ unbuild
2025-10-11T17:53:13.3463831Z packages/engine-oniguruma build$ rimraf dist && rollup -c
2025-10-11T17:53:13.3467668Z packages/langs build$ pnpm prepare
2025-10-11T17:53:13.9951830Z packages/langs build: > @shikijs/langs@3.13.0 prepare /home/runner/work/shiki/shiki/packages/langs
2025-10-11T17:53:13.9953300Z packages/langs build: > tsx scripts/prepare.ts
2025-10-11T17:53:14.6777646Z packages/engine-oniguruma build: [36m
2025-10-11T17:53:14.6821762Z packages/engine-oniguruma build: [1msrc/index.ts, src/wasm-inlined.ts[22m → [1mdist[22m...[39m
2025-10-11T17:53:14.9397249Z packages/engine-oniguruma build: [32mcreated [1mdist[22m in [1m264ms[22m[39m
2025-10-11T17:53:14.9411870Z packages/engine-oniguruma build: [36m
2025-10-11T17:53:14.9440920Z packages/engine-oniguruma build: [1msrc/index.ts, src/wasm-inlined.ts[22m → [1mdist[22m...[39m
2025-10-11T17:53:15.2101879Z packages/engine-javascript build: [info] [36mBuilding engine-javascript[39m
2025-10-11T17:53:15.2198489Z packages/engine-javascript build: [info] Cleaning dist directory: `./dist`
2025-10-11T17:53:15.3522093Z packages/core build: [info] [36mBuilding core[39m
2025-10-11T17:53:15.3527047Z packages/core build: [info] Cleaning dist directory: `./dist`
2025-10-11T17:53:15.3721658Z packages/langs build: ruby [
2025-10-11T17:53:15.3722663Z packages/langs build:   'html',       'haml',
2025-10-11T17:53:15.3723556Z packages/langs build:   'xml',        'sql',
2025-10-11T17:53:15.3724414Z packages/langs build:   'graphql',    'css',
2025-10-11T17:53:15.3725244Z packages/langs build:   'cpp',        'c',
2025-10-11T17:53:15.3726104Z packages/langs build:   'javascript', 'shellscript',
2025-10-11T17:53:15.3726935Z packages/langs build:   'lua',        'yaml'
2025-10-11T17:53:15.3750702Z packages/langs build: ]
2025-10-11T17:53:15.5630470Z packages/langs build: Done
2025-10-11T17:53:15.5631116Z packages/langs-precompiled build$ pnpm prepare
2025-10-11T17:53:16.4191541Z packages/langs-precompiled build: > @shikijs/langs-precompiled@3.13.0 prepare /home/runner/work/shiki/shiki/packages/langs-precompiled
2025-10-11T17:53:16.4192937Z packages/langs-precompiled build: > tsx scripts/prepare.ts
2025-10-11T17:53:19.8801349Z packages/engine-javascript build: [success] [32mBuild succeeded for engine-javascript[39m
2025-10-11T17:53:19.8885133Z packages/engine-javascript build: [log]   [1mdist/index.mjs[22m (total size: [36m4.92 kB[39m, chunk size: [36m273 B[39m, exports: [90mJavaScriptScanner, createJavaScriptRawEngine, createJavaScriptRegexEngine, defaultJavaScriptRegexConstructor[39m)
2025-10-11T17:53:19.8892534Z packages/engine-javascript build: [90m  └─ dist/engine-compile.mjs[1m (1.8 kB)[22m[39m
2025-10-11T17:53:19.8894349Z packages/engine-javascript build: [90m  └─ dist/engine-raw.mjs[1m (521 B)[22m[39m
2025-10-11T17:53:19.8896177Z packages/engine-javascript build: [90m  └─ dist/shared/engine-javascript.hzpS1_41.mjs[1m (2.32 kB)[22m[39m
2025-10-11T17:53:19.8898963Z packages/engine-javascript build: [log]   [1mdist/engine-compile.mjs[22m (total size: [36m4.13 kB[39m, chunk size: [36m1.8 kB[39m, exports: [90mcreateJavaScriptRegexEngine, defaultJavaScriptRegexConstructor[39m)
2025-10-11T17:53:19.8901610Z packages/engine-javascript build: [90m  └─ dist/shared/engine-javascript.hzpS1_41.mjs[1m (2.32 kB)[22m[39m
2025-10-11T17:53:19.8903987Z packages/engine-javascript build: [log]   [1mdist/engine-raw.mjs[22m (total size: [36m2.85 kB[39m, chunk size: [36m521 B[39m, exports: [90mcreateJavaScriptRawEngine[39m)
2025-10-11T17:53:19.8906033Z packages/engine-javascript build: [90m  └─ dist/shared/engine-javascript.hzpS1_41.mjs[1m (2.32 kB)[22m[39m
2025-10-11T17:53:19.8908783Z packages/engine-javascript build: Σ Total dist size (byte size): [36m8.6 kB[39m
2025-10-11T17:53:19.8932128Z packages/engine-javascript build: [log]
2025-10-11T17:53:19.9891763Z packages/engine-javascript build: Done
2025-10-11T17:53:19.9905539Z packages/themes build$ pnpm prepare
2025-10-11T17:53:20.6659185Z packages/themes build: > @shikijs/themes@3.13.0 prepare /home/runner/work/shiki/shiki/packages/themes
2025-10-11T17:53:20.6664224Z packages/themes build: > tsx scripts/prepare.ts
2025-10-11T17:53:20.7173206Z packages/core build: [success] [32mBuild succeeded for core[39m
2025-10-11T17:53:20.7253826Z packages/core build: [log]   [1mdist/types.mjs[22m (total size: [36m32 B[39m, chunk size: [36m32 B[39m, exports: [90m*@shikijs/types[39m)
2025-10-11T17:53:20.7259509Z packages/core build: [log]   [1mdist/textmate.mjs[22m (total size: [36m42 B[39m, chunk size: [36m42 B[39m, exports: [90m*@shikijs/vscode-textmate[39m)
2025-10-11T17:53:20.7273579Z packages/core build: [log]   [1mdist/index.mjs[22m (total size: [36m75.9 kB[39m, chunk size: [36m75.9 kB[39m, exports: [90m*@shikijs/types, addClassToHast, applyColorReplacements, codeToHast, codeToHtml, codeToTokens, codeToTokensBase, codeToTokensWithThemes, createCssVariablesTheme, createHighlighterCore, createHighlighterCoreSync, createPositionConverter, createShikiInternal, createShikiInternalSync, createSingletonShorthands, createdBundledHighlighter, enableDeprecationWarnings, flatTokenVariants, getSingletonHighlighterCore, getTokenStyleObject, guessEmbeddedLanguages, hastToHtml, isNoneTheme, isPlainLang, isSpecialLang, isSpecialTheme, makeSingletonHighlighter, makeSingletonHighlighterCore, normalizeGetter, normalizeTheme, resolveColorReplacements, splitLines, splitToken, splitTokens, stringifyTokenStyle, toArray, tokenizeAnsiWithTheme, tokenizeWithTheme, tokensToHast, transformerDecorations, warnDeprecated[39m)
2025-10-11T17:53:20.7281978Z packages/core build: [90m  📦 ../../node_modules/.pnpm/ansi-sequence-parser@1.1.3/node_modules/ansi-sequence-parser/dist/index.js[1m (7.28 kB)[22m[39m
2025-10-11T17:53:20.7283833Z packages/core build: Σ Total dist size (byte size): [36m89.5 kB[39m
2025-10-11T17:53:20.7284741Z packages/core build: [log]
2025-10-11T17:53:20.8029788Z packages/core build: Done
2025-10-11T17:53:21.2387577Z packages/themes build: Done
2025-10-11T17:53:21.3636405Z packages/engine-oniguruma build: [32mcreated [1mdist[22m in [1m6.4s[22m[39m
2025-10-11T17:53:21.4183979Z packages/engine-oniguruma build: Done
2025-10-11T17:53:28.5523228Z packages/langs-precompiled build: Done
2025-10-11T17:53:28.5528427Z packages/monaco build$ unbuild
2025-10-11T17:53:28.5531145Z packages/shiki build$ unbuild
2025-10-11T17:53:28.5533639Z packages/transformers build$ unbuild
2025-10-11T17:53:28.5536149Z packages/twoslash build$ unbuild
2025-10-11T17:53:30.6144199Z packages/monaco build: [info] [36mBuilding monaco[39m
2025-10-11T17:53:30.6146261Z packages/monaco build: [info] Cleaning dist directory: `./dist`
2025-10-11T17:53:30.6965678Z packages/transformers build: [info] [36mBuilding transformers[39m
2025-10-11T17:53:30.6966889Z packages/transformers build: [info] Cleaning dist directory: `./dist`
2025-10-11T17:53:30.7456952Z packages/twoslash build: [info] [36mBuilding twoslash[39m
2025-10-11T17:53:30.7463903Z packages/twoslash build: [info] Cleaning dist directory: `./dist`
2025-10-11T17:53:30.7569947Z packages/shiki build: [info] [36mBuilding shiki[39m
2025-10-11T17:53:30.7582171Z packages/shiki build: [info] Cleaning dist directory: `./dist`
2025-10-11T17:53:32.2078136Z packages/shiki build: Generated an empty chunk: "types".
2025-10-11T17:53:33.8472242Z packages/monaco build: [success] [32mBuild succeeded for monaco[39m
2025-10-11T17:53:33.8602129Z packages/monaco build: [log]   [1mdist/index.mjs[22m (total size: [36m4.38 kB[39m, chunk size: [36m4.38 kB[39m, exports: [90mshikiToMonaco, textmateThemeToMonacoTheme[39m)
2025-10-11T17:53:33.8604255Z packages/monaco build: Σ Total dist size (byte size): [36m5.21 kB[39m
2025-10-11T17:53:33.8605234Z packages/monaco build: [log]
2025-10-11T17:53:33.9347299Z packages/monaco build: Done
2025-10-11T17:53:34.2068318Z packages/transformers build: [success] [32mBuild succeeded for transformers[39m
2025-10-11T17:53:34.2102237Z packages/transformers build: [log]   [1mdist/index.mjs[22m (total size: [36m22.8 kB[39m, chunk size: [36m22.8 kB[39m, exports: [90mcreateCommentNotationTransformer, findAllSubstringIndexes, parseMetaHighlightString, parseMetaHighlightWords, transformerCompactLineOptions, transformerMetaHighlight, transformerMetaWordHighlight, transformerNotationDiff, transformerNotationErrorLevel, transformerNotationFocus, transformerNotationHighlight, transformerNotationMap, transformerNotationWordHighlight, transformerRemoveLineBreak, transformerRemoveNotationEscape, transformerRenderIndentGuides, transformerRenderWhitespace, transformerStyleToClass[39m)
2025-10-11T17:53:34.2112364Z packages/transformers build: Σ Total dist size (byte size): [36m30.5 kB[39m
2025-10-11T17:53:34.2118759Z packages/transformers build: [log]
2025-10-11T17:53:34.2611209Z packages/transformers build: Done
2025-10-11T17:53:35.5225695Z packages/twoslash build: [success] [32mBuild succeeded for twoslash[39m
2025-10-11T17:53:35.5277686Z packages/twoslash build: [log]   [1mdist/index.mjs[22m (total size: [36m39.4 kB[39m, chunk size: [36m634 B[39m, exports: [90mShikiTwoslashError, createTransformerFactory, defaultCompletionIcons, defaultCustomTagIcons, defaultHoverInfoProcessor, defaultTwoslashOptions, rendererClassic, rendererRich, transformerTwoslash[39m)
2025-10-11T17:53:35.5284164Z packages/twoslash build: [90m  └─ dist/core.mjs[1m (38.8 kB)[22m[39m
2025-10-11T17:53:35.5330843Z packages/twoslash build: [log]   [1mdist/core.mjs[22m (total size: [36m38.8 kB[39m, chunk size: [36m38.8 kB[39m, exports: [90mShikiTwoslashError, createTransformerFactory, defaultCompletionIcons, defaultCustomTagIcons, defaultHoverInfoProcessor, defaultTwoslashOptions, rendererClassic, rendererRich[39m)
2025-10-11T17:53:35.5334430Z packages/twoslash build: Σ Total dist size (byte size): [36m52.2 kB[39m
2025-10-11T17:53:35.5336109Z packages/twoslash build: [log]
2025-10-11T17:53:35.6024909Z packages/twoslash build: Done
2025-10-11T17:53:36.2329444Z packages/shiki build: [success] [32mBuild succeeded for shiki[39m
2025-10-11T17:53:36.2809863Z packages/shiki build: [log]   [1mdist/index.mjs[22m (total size: [36m37.7 kB[39m, chunk size: [36m578 B[39m, exports: [90m*@shikijs/core, bundledLanguages, bundledLanguagesAlias, bundledLanguagesBase, bundledLanguagesInfo, bundledThemes, bundledThemesInfo, codeToHast, codeToHtml, codeToTokens, codeToTokensBase, codeToTokensWithThemes, createHighlighter, createJavaScriptRegexEngine, createOnigurumaEngine, defaultJavaScriptRegexConstructor, getLastGrammarState, getSingletonHighlighter, loadWasm[39m)
2025-10-11T17:53:36.2814427Z packages/shiki build: [90m  └─ dist/bundle-full.mjs[1m (1.07 kB)[22m[39m
2025-10-11T17:53:36.2815899Z packages/shiki build: [90m  └─ dist/langs.mjs[1m (26.5 kB)[22m[39m
2025-10-11T17:53:36.2817012Z packages/shiki build: [90m  └─ dist/themes.mjs[1m (9.53 kB)[22m[39m
2025-10-11T17:53:36.2818625Z packages/shiki build: [log]   [1mdist/core.mjs[22m (total size: [36m31 B[39m, chunk size: [36m31 B[39m, exports: [90m*@shikijs/core[39m)
2025-10-11T17:53:36.2820556Z packages/shiki build: [log]   [1mdist/types.mjs[22m (total size: [36m1 B[39m, chunk size: [36m1 B[39m)
2025-10-11T17:53:36.2828405Z packages/shiki build: [log]   [1mdist/wasm.mjs[22m (total size: [36m122 B[39m, chunk size: [36m122 B[39m, exports: [90m*@shikijs/engine-oniguruma/wasm-inlined, default[39m)
2025-10-11T17:53:36.2836782Z packages/shiki build: [log]   [1mdist/engine-javascript.mjs[22m (total size: [36m44 B[39m, chunk size: [36m44 B[39m, exports: [90m*@shikijs/engine-javascript[39m)
2025-10-11T17:53:36.2841971Z packages/shiki build: [log]   [1mdist/engine-oniguruma.mjs[22m (total size: [36m43 B[39m, chunk size: [36m43 B[39m, exports: [90m*@shikijs/engine-oniguruma[39m)
2025-10-11T17:53:36.2843992Z packages/shiki build: [log]   [1mdist/textmate.mjs[22m (total size: [36m42 B[39m, chunk size: [36m42 B[39m, exports: [90m*@shikijs/vscode-textmate[39m)
2025-10-11T17:53:36.2845906Z packages/shiki build: [log]   [1mdist/core-unwasm.mjs[22m (total size: [36m148 B[39m, chunk size: [36m148 B[39m, exports: [90m*@shikijs/core[39m)
2025-10-11T17:53:36.2850272Z packages/shiki build: [log]   [1mdist/bundle-full.mjs[22m (total size: [36m37.1 kB[39m, chunk size: [36m1.07 kB[39m, exports: [90m*@shikijs/core, bundledLanguages, bundledLanguagesAlias, bundledLanguagesBase, bundledLanguagesInfo, bundledThemes, bundledThemesInfo, codeToHast, codeToHtml, codeToTokens, codeToTokensBase, codeToTokensWithThemes, createHighlighter, getLastGrammarState, getSingletonHighlighter[39m)
2025-10-11T17:53:36.2853196Z packages/shiki build: [90m  └─ dist/langs.mjs[1m (26.5 kB)[22m[39m
2025-10-11T17:53:36.2854147Z packages/shiki build: [90m  └─ dist/themes.mjs[1m (9.53 kB)[22m[39m
2025-10-11T17:53:36.2855737Z packages/shiki build: [log]   [1mdist/themes.mjs[22m (total size: [36m9.53 kB[39m, chunk size: [36m9.53 kB[39m, exports: [90mbundledThemes, bundledThemesInfo[39m)
2025-10-11T17:53:36.2860420Z packages/shiki build: [log]   [1mdist/bundle-web.mjs[22m (total size: [36m17.1 kB[39m, chunk size: [36m7.57 kB[39m, exports: [90m*@shikijs/core, bundledLanguages, bundledLanguagesAlias, bundledLanguagesBase, bundledLanguagesInfo, bundledThemes, bundledThemesInfo, codeToHast, codeToHtml, codeToTokens, codeToTokensBase, codeToTokensWithThemes, createHighlighter, getLastGrammarState, getSingletonHighlighter[39m)
2025-10-11T17:53:36.2863290Z packages/shiki build: [90m  └─ dist/themes.mjs[1m (9.53 kB)[22m[39m
2025-10-11T17:53:36.2865355Z packages/shiki build: [log]   [1mdist/langs.mjs[22m (total size: [36m26.5 kB[39m, chunk size: [36m26.5 kB[39m, exports: [90mbundledLanguages, bundledLanguagesAlias, bundledLanguagesBase, bundledLanguagesInfo[39m)
2025-10-11T17:53:36.2866990Z packages/shiki build: Σ Total dist size (byte size): [36m587 kB[39m
2025-10-11T17:53:36.2867577Z packages/shiki build: [log]
2025-10-11T17:53:36.3235760Z packages/shiki build: Done
2025-10-11T17:53:36.3241785Z packages/cli build$ unbuild
2025-10-11T17:53:36.3244239Z packages/codegen build$ unbuild
2025-10-11T17:53:36.3247576Z packages/colorized-brackets build$ unbuild
2025-10-11T17:53:36.3250665Z packages/markdown-it build$ unbuild
2025-10-11T17:53:38.2794420Z packages/colorized-brackets build: [info] [36mBuilding colorized-brackets[39m
2025-10-11T17:53:38.2795612Z packages/colorized-brackets build: [info] Cleaning dist directory: `./dist`
2025-10-11T17:53:38.2796759Z packages/codegen build: [info] [36mBuilding shiki-codegen[39m
2025-10-11T17:53:38.2797659Z packages/codegen build: [info] Cleaning dist directory: `./dist`
2025-10-11T17:53:38.3457386Z packages/markdown-it build: [info] [36mBuilding markdown-it[39m
2025-10-11T17:53:38.3459272Z packages/markdown-it build: [info] Cleaning dist directory: `./dist`
2025-10-11T17:53:38.3935292Z packages/cli build: [info] [36mBuilding cli[39m
2025-10-11T17:53:38.3936265Z packages/cli build: [info] Cleaning dist directory: `./dist`
2025-10-11T17:53:41.7088485Z packages/colorized-brackets build: [success] [32mBuild succeeded for colorized-brackets[39m
2025-10-11T17:53:41.7117426Z packages/colorized-brackets build: [log]   [1mdist/index.mjs[22m (total size: [36m18 kB[39m, chunk size: [36m18 kB[39m, exports: [90mtransformerColorizedBrackets[39m)
2025-10-11T17:53:41.7120412Z packages/colorized-brackets build: Σ Total dist size (byte size): [36m20.5 kB[39m
2025-10-11T17:53:41.7247736Z packages/colorized-brackets build: [log]
2025-10-11T17:53:41.7723985Z packages/colorized-brackets build: Done
2025-10-11T17:53:41.7756513Z packages/rehype build$ unbuild
2025-10-11T17:53:43.2491918Z packages/codegen build: Generated an empty chunk: "cli".
2025-10-11T17:53:43.2615143Z packages/cli build: [success] [32mBuild succeeded for cli[39m
2025-10-11T17:53:43.2665492Z packages/cli build: [log]   [1mdist/index.mjs[22m (total size: [36m2.23 kB[39m, chunk size: [36m128 B[39m, exports: [90mcodeToANSI[39m)
2025-10-11T17:53:43.2682070Z packages/cli build: [90m  └─ dist/shared/cli.Ddl0vE4t.mjs[1m (2.1 kB)[22m[39m
2025-10-11T17:53:43.2687240Z packages/cli build: [log]   [1mdist/cli.mjs[22m (total size: [36m3.01 kB[39m, chunk size: [36m905 B[39m, exports: [90mrun[39m)
2025-10-11T17:53:43.2692698Z packages/cli build: [90m  └─ dist/shared/cli.Ddl0vE4t.mjs[1m (2.1 kB)[22m[39m
2025-10-11T17:53:43.2697406Z packages/cli build: Σ Total dist size (byte size): [36m3.48 kB[39m
2025-10-11T17:53:43.2701895Z packages/cli build: [log]
2025-10-11T17:53:43.2708415Z packages/codegen build: [success] [32mBuild succeeded for shiki-codegen[39m
2025-10-11T17:53:43.2770507Z packages/codegen build: [log]   [1mdist/cli.mjs[22m (total size: [36m6.55 kB[39m, chunk size: [36m1.71 kB[39m)
2025-10-11T17:53:43.2772087Z packages/codegen build: [90m  └─ dist/index.mjs[1m (4.84 kB)[22m[39m
2025-10-11T17:53:43.2782256Z packages/codegen build: [log]   [1mdist/index.mjs[22m (total size: [36m4.84 kB[39m, chunk size: [36m4.84 kB[39m, exports: [90mcodegen[39m)
2025-10-11T17:53:43.2786326Z packages/codegen build: Σ Total dist size (byte size): [36m7.83 kB[39m
2025-10-11T17:53:43.2786967Z packages/codegen build: [log]
2025-10-11T17:53:43.3239208Z packages/markdown-it build: [success] [32mBuild succeeded for markdown-it[39m
2025-10-11T17:53:43.3296641Z packages/markdown-it build: [log]   [1mdist/index.mjs[22m (total size: [36m2.03 kB[39m, chunk size: [36m669 B[39m, exports: [90mdefault, fromHighlighter, setupMarkdownIt[39m)
2025-10-11T17:53:43.3298322Z packages/markdown-it build: [90m  └─ dist/core.mjs[1m (1.36 kB)[22m[39m
2025-10-11T17:53:43.3300352Z packages/markdown-it build: [log]   [1mdist/core.mjs[22m (total size: [36m1.36 kB[39m, chunk size: [36m1.36 kB[39m, exports: [90mfromHighlighter, setupMarkdownIt[39m)
2025-10-11T17:53:43.3302853Z packages/markdown-it build: [log]   [1mdist/async.mjs[22m (total size: [36m1.26 kB[39m, chunk size: [36m1.26 kB[39m, exports: [90mfromAsyncCodeToHtml, setupMarkdownWithCodeToHtml[39m)
2025-10-11T17:53:43.3304552Z packages/markdown-it build: Σ Total dist size (byte size): [36m6.96 kB[39m
2025-10-11T17:53:43.3332497Z packages/cli build: Done
2025-10-11T17:53:43.3338877Z packages/markdown-it build: [log]
2025-10-11T17:53:43.3356239Z packages/vitepress-twoslash build$ unbuild
2025-10-11T17:53:43.3411515Z packages/codegen build: Done
2025-10-11T17:53:43.3712263Z packages/markdown-it build: Done
2025-10-11T17:53:43.7737665Z packages/rehype build: [info] [36mBuilding rehype[39m
2025-10-11T17:53:43.7739283Z packages/rehype build: [info] Cleaning dist directory: `./dist`
2025-10-11T17:53:44.7454221Z packages/vitepress-twoslash build: [info] [36mBuilding vitepress-twoslash[39m
2025-10-11T17:53:44.7458166Z packages/vitepress-twoslash build: [info] Cleaning dist directory: `./dist`
2025-10-11T17:53:46.4858470Z packages/rehype build: [success] [32mBuild succeeded for rehype[39m
2025-10-11T17:53:46.4932963Z packages/rehype build: [log]   [1mdist/index.mjs[22m (total size: [36m5.21 kB[39m, chunk size: [36m844 B[39m, exports: [90mdefault[39m)
2025-10-11T17:53:46.4938079Z packages/rehype build: [90m  └─ dist/core.mjs[1m (4.37 kB)[22m[39m
2025-10-11T17:53:46.4939343Z packages/rehype build: [log]   [1mdist/core.mjs[22m (total size: [36m4.37 kB[39m, chunk size: [36m4.37 kB[39m, exports: [90mdefault[39m)
2025-10-11T17:53:46.4940338Z packages/rehype build: Σ Total dist size (byte size): [36m8.71 kB[39m
2025-10-11T17:53:46.4951244Z packages/rehype build: [log]
2025-10-11T17:53:46.5410243Z packages/rehype build: Done
2025-10-11T17:53:49.1048151Z packages/vitepress-twoslash build: Building style.css
2025-10-11T17:53:49.1061266Z packages/vitepress-twoslash build: [success] [32mBuild succeeded for vitepress-twoslash[39m
2025-10-11T17:53:49.1097463Z packages/vitepress-twoslash build: [log]   [1mdist/client.mjs[22m (total size: [36m1.8 kB[39m, chunk size: [36m1.8 kB[39m, exports: [90mdefault[39m)
2025-10-11T17:53:49.1100859Z packages/vitepress-twoslash build: [log]   [1mdist/cache-fs.mjs[22m (total size: [36m1.01 kB[39m, chunk size: [36m1.01 kB[39m, exports: [90mcreateFileSystemTypesCache[39m)
2025-10-11T17:53:49.1104791Z packages/vitepress-twoslash build: [log]   [1mdist/cache-inline/index.mjs[22m (total size: [36m16.5 kB[39m, chunk size: [36m9.95 kB[39m, exports: [90mcreateTwoslashWithInlineCache[39m)
2025-10-11T17:53:49.1106675Z packages/vitepress-twoslash build: [90m  └─ dist/index.mjs[1m (6.52 kB)[22m[39m
2025-10-11T17:53:49.1109858Z packages/vitepress-twoslash build: [log]   [1mdist/index.mjs[22m (total size: [36m6.52 kB[39m, chunk size: [36m6.52 kB[39m, exports: [90mdefaultHoverInfoProcessor, rendererFloatingVue, transformerTwoslash[39m)
2025-10-11T17:53:49.1113010Z packages/vitepress-twoslash build: Σ Total dist size (byte size): [36m24 kB[39m
2025-10-11T17:53:49.1113812Z packages/vitepress-twoslash build: [log]
2025-10-11T17:53:49.1825115Z packages/vitepress-twoslash build: Done
2025-10-11T17:53:49.2014807Z ##[group]Run nr test --coverage
2025-10-11T17:53:49.2015371Z [36;1mnr test --coverage[0m
2025-10-11T17:53:49.2062884Z shell: /usr/bin/bash -e {0}
2025-10-11T17:53:49.2063277Z env:
2025-10-11T17:53:49.2063656Z   PNPM_HOME: /home/runner/setup-pnpm/node_modules/.bin
2025-10-11T17:53:49.2064164Z ##[endgroup]
2025-10-11T17:53:49.6343181Z 
2025-10-11T17:53:49.6343851Z > @3.13.0 test /home/runner/work/shiki/shiki
2025-10-11T17:53:49.6344544Z > FORCE_COLOR=3 && vitest --coverage
2025-10-11T17:53:49.6344857Z 
2025-10-11T17:53:50.6147225Z 
2025-10-11T17:53:50.6150226Z [1m[46m RUN [49m[22m [36mv3.2.4 [39m[90m/home/runner/work/shiki/shiki[39m
2025-10-11T17:53:50.6151141Z       [2mCoverage enabled with [22m[33mv8[39m
2025-10-11T17:53:50.6151507Z 
2025-10-11T17:55:01.1934174Z [33m[39m[32m·[39m[33m[39m[32m·[39m[33m[39m[32m·[39m[33m[39m[32m·[39m[33m[39m[32m·[39m[33m[39m[32m·[39m[33m[39m[32m·[39m[33m[39m[32m·[39m[33m[39m[32m·[39m[33m[39m[32m·[39m[33m[39m[32m·[39m[33m[39m[32m·[39m[33m[39m[32m·[39m[33m[39m[32m·[39m[33m[39m[32m·[39m[33m[39m[32m·[39m[33m[39m[32m·[39m[33m[39m[32m·[39m[33m[39m[32m·[39m[33m[39m[32m·[39m[33m[39m[32m·[39m[33m[39m[32m·[39m[33m[39m[32m·[39m[33m[39m[32m·[39m[33m[39m[32m·[39m[33m[39m[32m·[39m[33m[39m[32m·[39m[33m[39m[32m·[39m[33m[39m[32m·[39m[33m[39m[32m·[39m[33m[39m[32m·[39m[33m[39m[32m·[39m[33m[39m[32m·[39m[33m[39m[32m·[39m[33m[39m[32m·[39m[33m[39m[32m·[39m[33m[39m[32m·[39m[33m[39m[32m·[39m[33m[39m[32m·[39m[33m[39m[32m·[39m[33m[39m[32m·[39m[33m[39m[32m·[39m[33m[39m[32m·[39m[33m[39m[32m·[39m[33m[39m[32m·[39m[33m[39m[32m·[39m[33m[39m[32m·[39m[33m[39m[32m·[39m[33m[39m[32m·[39m[33m[39m[32m·[39m[33m[39m[32m·[39m[33m[39m[32m·[39m[33m[39m[32m·[39m[33m[39m[32m·[39m[33m[39m[32m·[39m[33m[39m[32m·[39m[33m[39m[32m·[39m[33m[39m[32m·[39m[33m[39m[32m·[39m[33m[39m[32m·[39m[33m[39m[32m·[39m[33m[39m[32m·[39m[33m[39m[32m·[39m[33m[39m[32m·[39m[33m[39m[32m·[39m[33m[39m[32m·[39m[33m[39m[32m·[39m[33m[39m[32m·[39m[33m[39m[32m·[39m[33m[39m[32m·[39m[33m[39m[32m·[39m[33m[39m[32m·[39m[33m[39m[32m·[39m[33m[39m[32m·[39m[33m[39m[32m·[39m[33m[39m[32m·[39m[33m[39m[32m·[39m[33m[39m[32m·[39m[33m[39m[32m·[39m[33m[39m[32m·[39m[33m[39m[32m·[39m[33m[39m[32m·[39m[33m[39m[32m·[39m[33m[39m[32m·[39m[33m[39m[32m·[39m[33m[39m[32m·[39m[33m[39m[32m·[39m[33m[39m[32m·[39m[33m[39m[32m·[39m[33m[39m[32m·[39m[33m[39m[32m·[39m[33m[39m[32m·[39m[33m[39m[32m·[39m[33m[39m[32m·[39m[33m[39m[32m·[39m[33m[39m[32m·[39m[33m[39m[32m·[39m[33m[39m[32m·[39m[33m[39m[32m·[39m[33m[39m[32m·[39m[33m[39m[32m·[39m[33m[39m[32m·[39m[33m[39m[32m·[39m[33m[39m[32m·[39m[33m[39m[32m·[39m[33m[39m[32m·[39m[33m[39m[32m·[39m[33m[39m[32m·[39m[33m[39m[32m·[39m[33m[39m[32m·[39m[33m[39m[32m·[39m[33m[39m[32m·[39m[33m[39m[32m·[39m[33m[39m[32m·[39m[33m[39m[32m·[39m[33m[39m[32m·[39m[33m[39m[32m·[39m[33m[39m[32m·[39m[33m[39m[32m·[39m[33m[39m[32m·[39m[33m[39m[32m·[39m[33m[39m[32m·[39m[33m[39m[32m·[39m[33m[39m[32m·[39m[33m[39m[32m·[39m[33m[39m[32m·[39m[33m[39m[32m·[39m[33m[39m[32m·[39m[33m[39m[32m·[39m[33m[39m[32m·[39m[33m[39m[32m·[39m[33m[39m[32m·[39m[33m[39m[32m·[39m[33m[39m[32m·[39m[33m[39m[32m·[39m[33m[39m[32m·[39m[33m[39m[32m·[39m[33m[39m[32m·[39m[33m[39m[32m·[39m[33m[39m[32m·[39m[33m[39m[32m·[39m[33m[39m[32m·[39m[33m[39m[32m·[39m[33m[39m[32m·[39m[33m[39m[32m·[39m[33m[39m[32m·[39m[33m[39m[32m·[39m[33m[39m[32m·[39m[33m[39m[32m·[39m[33m[39m[32m·[39m[33m[39m[32m·[39m[33m[39m[32m·[39m[33m[39m[32m·[39m[33m[39m[32m·[39m[33m[39m[32m·[39m[33m[39m[32m·[39m[33m[39m[32m·[39m[33m[39m[32m·[39m[33m[39m[32m·[39m[33m[39m[32m·[39m[33m[39m[32m·[39m[33m[39m[32m·[39m[33m[39m[32m·[39m[33m[39m[32m·[39m[33m[39m[32m·[39m[33m[39m[32m·[39m[33m[39m[32m·[39m[33m[39m[32m·[39m[33m[39m[32m·[39m[33m[39m[32m·[39m[33m[39m[32m·[39m[33m[39m[32m·[39m[33m[39m[32m·[39m[33m[39m[32m·[39m[33m[39m[32m·[39m[33m[39m[32m·[39m[33m[39m[32m·[39m[33m[39m[32m·[39m[33m[39m[32m·[39m[33m[39m[32m·[39m[33m[39m[32m·[39m[33m[39m[32m·[39m[33m[39m[32m·[39m[33m[39m[32m·[39m[33m[39m[32m·[39m[33m[39m[32m·[39m[33m[39m[32m·[39m[33m[39m[32m·[39m[33m[39m[32m·[39m[33m[39m[32m·[39m[33m[39m[32m·[39m[33m[39m[32m·[39m[33m[39m[32m·[39m[33m[39m[32m·[39m[33m[39m[32m·[39m[33m[39m[32m·[39m[33m[39m[32m·[39m[33m[39m[32m·[39m[33m[39m[32m·[39m[33m[39m[32m·[39m[33m[39m[32m·[39m[33m[39m[32m·[39m[33m[39m[32m·[39m[33m[39m[32m·[39m[33m[39m[32m·[39m[33m[39m[32m·[39m[33m[39m[32m·[39m[33m[39m[32m·[39m[33m[39m[32m·[39m[33m[39m[32m·[39m[33m[39m[32m·[39m[33m[39m[32m·[39m[33m[39m[32m·[39m[33m[39m[32m·[39m[33m[39m[32m·[39m[33m[39m[32m·[39m[33m[39m[32m·[39m[33m[39m[32m·[39m[33m[39m[32m·[39m[33m[39m[32m·[39m[33m[39m[32m·[39m[33m[39m[32m·[39m[33m[39m[32m·[39m[33m[39m[32m·[39m[33m[39m[32m·[39m[33m[39m[32m·[39m[33m[39m[32m·[39m[33m[39m[32m·[39m[33m[39m[32m·[39m[33m[39m[32m·[39m[33m[39m[32m·[39m[33m[39m[32m·[39m[33m[39m[32m·[39m[33m[39m[32m·[39m[33m[39m[32m·[39m[33m[39m[32m·[39m[33m[39m[32m·[39m[33m[39m[32m·[39m[33m[39m[32m·[39m[33m[39m[32m·[39m[33m[39m[32m·[39m[33m[39m[32m·[39m[33m[39m[32m·[39m[33m[39m[32m·[39m[33m[39m[32m·[39m[33m[39m[32m·[39m[33m[39m[32m·[39m[33m[39m[32m·[39m[33m[39m[32m·[39m[33m[39m[32m·[39m[33m[39m[32m·[39m[33m[39m[32m·[39m[33m[39m[32m·[39m[33m[39m[32m·[39m[33m[39m[32m·[39m[33m[39m[32m·[39m[33m[39m[32m·[39m[33m[39m[32m·[39m[33m[39m[32m·[39m[33m[39m[32m·[39m[33m[39m[32m·[39m[33m[39m[32m·[39m[33m[39m[32m·[39m[33m[39m[32m·[39m[33m[39m[32m·[39m[33m[39m[32m·[39m[33m[39m[32m·[39m[33m[39m[32m·[39m[33m[39m[32m·[39m[33m[39m[32m·[39m[33m[39m[32m·[39m[33m[39m[32m·[39m[33m[39m[32m·[39m[33m[39m[32m·[39m[33m[39m[32m·[39m[33m[39m[32m·[39m[33m[39m[32m·[39m[33m[39m[32m·[39m[33m[39m[32m·[39m[33m[39m[32m·[39m[33m[39m[32m·[39m[33m[39m[32m·[39m[33m[39m[32m·[39m[33m[39m[32m·[39m[33m[39m[32m·[39m[33m[39m[32m·[39m[33m[39m[32m·[39m[33m[39m[32m·[39m[33m[39m[32m·[39m[33m[39m[32m·[39m[33m[39m[32m·[39m[33m[39m[32m·[39m[33m[39m[32m·[39m[33m[39m[32m·[39m[33m[39m[32m·[39m[33m[39m[32m·[39m[33m[39m[32m·[39m[33m[39m[32m·[39m[33m[39m[32m·[39m[33m[39m[32m·[39m[33m[39m[32m·[39m[33m[39m[32m·[39m[33m[39m[32m·[39m[33m[39m[32m·[39m[33m[39m[32m·[39m[33m[39m[32m·[39m[33m[39m[32m·[39m[33m[39m[32m·[39m[33m[39m[32m·[39m[33m[39m[32m·[39m[33m[39m[32m·[39m[33m[39m[32m·[39m[33m[39m[32m·[39m[33m[39m[32m·[39m[33m[39m[32m·[39m[33m[39m[32m·[39m[33m[39m[32m·[39m[33m[39m[32m·[39m[33m[39m[32m·[39m[33m[39m[32m·[39m[33m[39m[32m·[39m[33m[39m[32m·[39m[33m[39m[32m·[39m[33m[39m[32m·[39m[33m[39m[32m·[39m[33m[39m[32m·[39m[33m[39m[32m·[39m[33m[39m[32m·[39m[33m[39m[32m·[39m[33m[39m[32m·[39m[33m[39m[32m·[39m[33m[39m[32m·[39m[33m[39m[32m·[39m[33m[39m[32m·[39m[33m[39m[32m·[39m[33m[39m[32m·[39m[33m[39m[32m·[39m[33m[39m[32m·[39m[33m[39m[32m·[39m[33m[39m[32m·[39m[33m[39m[32m·[39m[33m[39m[32m·[39m[33m[39m[32m·[39m[33m[39m[32m·[39m[33m[39m[32m·[39m[33m[39m[32m·[39m[33m[39m[32m·[39m[33m[39m[32m·[39m[33m[39m[32m·[39m[33m[39m[32m·[39m[33m[39m[32m·[39m[33m[39m[32m·[39m[33m[39m[32m·[39m[33m[39m[32m·[39m[33m[39m[32m·[39m[33m[39m[32m·[39m[33m[39m[32m·[39m[33m[39m[32m·[39m[33m[39m[32m·[39m[33m[39m[32m·[39m[33m[39m[32m·[39m[33m[39m[32m·[39m[33m[39m[32m·[39m[33m[39m[32m·[39m[33m[39m[32m·[39m[33m[39m[32m·[39m[33m[39m[32m·[39m[33m[39m[32m·[39m[33m[39m[32m·[39m[33m[39m[32m·[39m[33m[39m[32m·[39m[33m[39m[32m·[39m[33m[39m[32m·[39m[33m[39m[32m·[39m[33m[39m[32m·[39m[33m[39m[32m·[39m[33m[39m[32m·[39m[33m[39m[32m·[39m[33m[39m[32m·[39m[33m[39m[32m·[39m[33m[39m[32m·[39m[33m[39m[32m·[39m[33m[39m[32m·[39m[33m[39m[32m·[39m[33m[39m[32m·[39m[33m[39m[32m·[39m[33m[39m[32m·[39m[33m[39m[32m·[39m[33m[39m[32m·[39m[33m[39m[32m·[39m[33m[39m[32m·[39m[33m[39m[32m·[39m[33m[39m[32m·[39m[33m[39m[32m·[39m[33m[39m[32m·[39m[33m[39m[32m·[39m[33m[39m[32m·[39m[33m[39m[32m·[39m[33m[39m[32m·[39m[33m[39m[32m·[39m[33m[39m[32m·[39m[33m[39m[32m·[39m[33m[39m[32m·[39m[33m[39m[32m·[39m[33m[39m[32m·[39m[33m[39m[32m·[39m[33m[39m[32m·[39m[33m[39m[32m·[39m[33m[39m[32m·[39m[33m[39m[32m·[39m[33m[39m[32m·[39m[33m[39m[32m·[39m[33m[39m[32m·[39m[33m[39m[32m·[39m[33m[39m[32m·[39m[33m[39m[32m·[39m[33m[39m[32m·[39m[33m[39m[32m·[39m[33m[39m[32m·[39m[33m[39m[32m·[39m[33m[39m[32m·[39m[33m[39m[32m·[39m[33m[39m[32m·[39m[33m[39m[32m·[39m[33m[39m[32m·[39m[33m[39m[32m·[39m[33m[39m[32m·[39m[33m[39m[32m·[39m[33m[39m[32m·[39m[33m[39m[32m·[39m[33m[39m[32m·[39m[33m[39m[32m·[39m[33m[39m[32m·[39m[33m[39m[32m·[39m[33m[39m[32m·[39m[33m[39m[32m·[39m[33m[39m[32m·[39m[33m[39m[32m·[39m[33m[39m[32m·[39m[33m[39m[32m·[39m[33m[39m[32m·[39m[33m[39m[32m·[39m[33m[39m[32m·[39m[33m[39m[32m·[39m[33m[39m[32m·[39m[33m[39m[32m·[39m[33m[39m[32m·[39m[33m[39m[32m·[39m[33m[39m[32m·[39m[33m[39m[32m·[39m[33m[39m[32m·[39m[33m[39m[32m·[39m[33m[39m[32m·[39m[33m[39m[32m·[39m[33m[39m[32m·[39m[33m[39m[32m·[39m[33m[39m[32m·[39m[33m[39m[32m·[39m[33m[39m[32m·[39m[33m[39m[32m·[39m[33m[39m[32m·[39m[33m[39m[32m·[39m[33m[39m[32m·[39m[33m[39m[32m·[39m[33m[39m[32m·[39m[33m[39m[32m·[39m[33m[39m[32m·[39m[33m[39m[32m·[39m[33m[39m[32m·[39m[33m[39m[32m·[39m[33m[39m[32m·[39m[33m[39m[32m·[39m[33m[39m[32m·[39m[33m[39m[32m·[39m[33m[39m[32m·[39m[33m[39m[32m·[39m[33m[39m[32m·[39m[33m[39m[32m·[39m[33m[39m[32m·[39m[33m[39m[32m·[39m[33m[39m[32m·[39m[33m[39m[32m·[39m[33m[39m[32m·[39m[33m[39m[32m·[39m[33m[39m[32m·[39m[33m[39m[32m·[39m[33m[39m[32m·[39m[33m[39m[32m·[39m[33m[39m[32m·[39m[33m[39m[32m·[39m[33m[39m[32m·[39m[33m[39m[32m·[39m[33m[39m[32m·[39m[33m[39m[32m·[39m[33m[39m[32m·[39m[33m[39m[32m·[39m[33m[39m[32m·[39m[33m[39m[32m·[39m[33m[39m[32m·[39m[33m[39m[32m·[39m[33m[39m[32m·[39m[33m[39m[32m·[39m[33m[39m[32m·[39m[33m[39m[32m·[39m[33m[39m[32m·[39m[33m[39m[32m·[39m[33m[39m[32m·[39m[33m[39m[32m·[39m[33m[39m[32m·[39m[33m[39m[32m·[39m[33m[39m[32m·[39m[33m[39m[32m·[39m[33m[39m[32m·[39m[33m[39m[32m·[39m[33m[39m[32m·[39m[33m[39m[32m·[39m[33m[39m[32m·[39m[33m[39m[32m·[39m[33m[39m[32m·[39m[33m[39m[32m·[39m[33m[39m[32m·[39m[33m[39m[32m·[39m[33m[39m[32m·[39m[33m[39m[32m·[39m[33m[39m[32m·[39m[33m[39m[32m·[39m[33m[39m[32m·[39m[33m[39m[32m·[39m[33m[39m[32m·[39m[33m[39m[32m·[39m[33m[39m[32m·[39m[33m[39m[32m·[39m[33m[39m[32m·[39m[33m[39m[32m·[39m[33m[39m[32m·[39m[33m[39m[32m·[39m[33m[39m[32m·[39m[33m[39m[32m·[39m[33m[39m[32m·[39m[33m[39m[32m·[39m[33m[39m[32m·[39m[33m[39m[32m·[39m[33m[39m[32m·[39m[33m[39m[32m·[39m[33m[39m[32m·[39m[33m[39m[32m·[39m[33m[39m[32m·[39m[33m[39m[32m·[39m[33m[39m[32m·[39m[33m[39m[32m·[39m[33m[39m[32m·[39m[33m[39m[32m·[39m[33m[39m[32m·[39m[33m[39m[32m·[39m[33m[39m[32m·[39m[33m[39m[32m·[39m[33m[39m[32m·[39m[33m[39m[32m·[39m[33m[39m[32m·[39m[33m[39m[32m·[39m[33m[39m[32m·[39m[33m[39m[32m·[39m[33m[39m[32m·[39m[33m[39m[32m·[39m[33m[39m[32m·[39m[33m[39m[32m·[39m[33m[39m[32m·[39m[33m[39m[32m·[39m[33m[39m[32m·[39m[33m[39m[32m·[39m[33m[39m[32m·[39m[33m[39m[32m·[39m[33m[39m[32m·[39m[33m[39m[32m·[39m[33m[39m[32m·[39m[33m[39m[32m·[39m[33m[39m[32m·[39m[33m[39m[32m·[39m[33m[39m[32m·[39m[33m[39m[32m·[39m[33m[39m[32m·[39m[33m[39m[32m·[39m[33m[39m[32m·[39m[33m[39m[32m·[39m[33m[39m[32m·[39m[33m[39m[32m·[39m[33m[39m[32m·[39m[33m[39m[32m·[39m[33m[39m[32m·[39m[33m[39m[32m·[39m[33m[39m[32m·[39m[33m[39m[32m·[39m[33m[39m[32m·[39m[33m[39m[32m·[39m[33m[39m[32m·[39m[33m[39m[32m·[39m[33m[39m[32m·[39m[33m[39m[32m·[39m[33m[39m[32m·[39m[33m[39m[32m·[39m[33m[39m[32m·[39m[33m[39m[32m·[39m[33m[39m[32m·[39m[33m[39m[32m·[39m[33m[39m[32m·[39m[33m[39m[32m·[39m[33m[39m[32m·[39m[33m[39m[32m·[39m[33m[39m[32m·[39m[33m[39m[32m·[39m[33m[39m[32m·[39m[33m[39m[32m·[39m[33m[39m[32m·[39m[33m[39m[32m·[39m[33m[39m[32m·[39m[33m[39m[32m·[39m[33m[39m[32m·[39m[33m[39m[32m·[39m[33m[39m[32m·[39m[33m[39m[32m·[39m[33m[39m[32m·[39m[33m[39m[32m·[39m[33m[39m[32m·[39m[33m[39m[32m·[39m[33m[39m[32m·[39m[33m[39m[32m·[39m[33m[39m[32m·[39m[33m[39m[32m·[39m[33m[39m[32m·[39m[33m[39m[32m·[39m[33m[39m[32m·[39m[33m[39m[32m·[39m[33m[39m[32m·[39m[33m[39m[32m·[39m[33m[39m[32m·[39m[33m[39m[32m·[39m[33m[39m[32m·[39m[33m[39m[32m·[39m[33m[39m[32m·[39m[33m[39m[32m·[39m[33m[39m[32m·[39m[33m[39m[32m·[39m[33m[39m[32m·[39m[33m[39m[32m·[39m[33m[39m[32m·[39m[33m[39m[32m·[39m[33m[39m[32m·[39m[33m[39m[32m·[39m[33m[39m[32m·[39m[33m[39m[32m·[39m[33m[39m[32m·[39m[33m[39m[32m·[39m[33m[39m[32m·[39m[33m[39m[32m·[39m[33m[39m[32m·[39m[33m[39m[32m·[39m[33m[39m[32m·[39m[33m[39m[32m·[39m[33m[39m[32m·[39m[33m[39m[32m·[39m[33m[39m[32m·[39m[33m[39m[32m·[39m[33m[39m[32m·[39m[33m[39m[32m·[39m[33m[39m[32m·[39m[33m[39m[32m·[39m[33m[39m[32m·[39m[33m[39m[32m·[39m[33m[39m[32m·[39m[33m[39m[32m·[39m[33m[39m[32m·[39m[33m[39m[32m·[39m[33m[39m[32m·[39m[33m[39m[32m·[39m[33m[39m[32m·[39m[33m[39m[32m·[39m[33m[39m[32m·[39m[33m[39m[32m·[39m[33m[39m[32m·[39m[33m[39m[32m·[39m[33m[39m[32m·[39m[33m[39m[32m·[39m[33m[39m[32m·[39m[33m[39m[32m·[39m[33m[39m[32m·[39m[33m[39m[32m·[39m[33m[39m[32m·[39m[33m[39m[32m·[39m[33m[39m[32m·[39m[33m[39m[32m·[39m[33m[39m[32m·[39m[33m[39m[32m·[39m[33m[39m[32m·[39m[33m[39m[32m·[39m[33m[39m[32m·[39m[33m[39m[32m·[39m[33m[39m[32m·[39m[33m[39m[32m·[39m[33m[39m[32m·[39m[33m[39m[32m·[39m[33m[39m[32m·[39m[33m[39m[32m·[39m[33m[39m[32m·[39m[33m[39m[32m·[39m[33m[39m[32m·[39m[33m[39m[32m·[39m[33m[39m[32m·[39m[33m[39m[32m·[39m[33m[39m[32m·[39m[33m[39m[32m·[39m[33m[39m[32m·[39m[33m[39m[32m·[39m[33m[39m[32m·[39m[33m[39m[32m·[39m[33m[39m[32m·[39m[33m[39m[32m·[39m[33m[39m[32m·[39m[33m[39m[32m·[39m[33m[39m[32m·[39m[33m[39m[32m·[39m[33m[39m[32m·[39m[33m[39m[32m·[39m[33m[39m[32m·[39m[33m[39m[32m·[39m[33m[39m[32m·[39m[33m[39m[32m·[39m[33m[39m[32m·[39m[33m[39m[32m·[39m[33m[39m[32m·[39m[33m[39m[32m·[39m[33m[39m[32m·[39m[33m[39m[32m·[39m[33m[39m[32m·[39m[33m[39m[32m·[39m[33m[39m[32m·[39m[33m[39m[32m·[39m[33m[39m[32m·[39m[33m[39m[32m·[39m[33m[39m[32m·[39m[33m[39m[32m·[39m[33m[39m[32m·[39m[33m[39m[32m·[39m[33m[39m[32m·[39m[33m[39m[32m·[39m[33m[39m[32m·[39m[33m[39m[32m·[39m[33m[39m[32m·[39m[33m[39m[32m·[39m[33m[39m[32m·[39m[33m[39m[32m·[39m[33m[39m[32m·[39m[33m[39m[32m·[39m[33m[39m[32m·[39m[33m[39m[32m·[39m[33m[39m[32m·[39m[33m[39m[32m·[39m
2025-10-11T17:55:01.1983015Z 
2025-10-11T17:55:01.1983681Z [2m Test Files [22m [1m[32m59 passed[39m[22m[90m (59)[39m
2025-10-11T17:55:01.1984588Z [2m      Tests [22m [1m[32m756 passed[39m[22m[90m (756)[39m
2025-10-11T17:55:01.1985293Z [2m   Start at [22m 17:53:50
2025-10-11T17:55:01.1986571Z [2m   Duration [22m 70.57s[2m (transform 184.42s, setup 0ms, collect 22.79s, tests 146.95s, environment 19ms, prepare 6.84s)[22m
2025-10-11T17:55:01.1987303Z 
2025-10-11T17:55:01.1987749Z [34m % [39m[2mCoverage report from [22m[33mv8[39m
2025-10-11T17:55:01.2007099Z -------------------|---------|----------|---------|---------|-------------------
2025-10-11T17:55:01.2008096Z File               | % Stmts | % Branch | % Funcs | % Lines | Uncovered Line #s 
2025-10-11T17:55:01.2008984Z -------------------|---------|----------|---------|---------|-------------------
2025-10-11T17:55:01.2018426Z [32;1mAll files         [0m | [32;1m  95.09[0m | [32;1m   89.78[0m | [32;1m  86.09[0m | [32;1m  95.09[0m | [31;1m                 [0m 
2025-10-11T17:55:01.2019941Z [33;1m codegen/src      [0m | [33;1m  74.73[0m | [32;1m   84.21[0m | [33;1m  66.66[0m | [33;1m  74.73[0m | [31;1m                 [0m 
2025-10-11T17:55:01.2021560Z [31;1m  cli.ts          [0m | [31;1m      0[0m | [31;1m       0[0m | [31;1m      0[0m | [31;1m      0[0m | [31;1m1-53             [0m 
2025-10-11T17:55:01.2022925Z [32;1m  index.ts        [0m | [32;1m  97.93[0m | [32;1m   86.48[0m | [32;1m    100[0m | [32;1m  97.93[0m | [31;1m132-134          [0m 
2025-10-11T17:55:01.2024429Z [32;1m ...d-brackets/src[0m | [32;1m  99.65[0m | [32;1m   87.94[0m | [32;1m    100[0m | [32;1m  99.65[0m | [31;1m                 [0m 
2025-10-11T17:55:01.2025947Z [32;1m  ...cketTokens.ts[0m | [32;1m  98.11[0m | [32;1m   85.41[0m | [32;1m    100[0m | [32;1m  98.11[0m | [31;1m103,110,156      [0m 
2025-10-11T17:55:01.2027409Z [32;1m  index.ts        [0m | [32;1m    100[0m | [32;1m     100[0m | [32;1m    100[0m | [32;1m    100[0m | [33;1m                 [0m 
2025-10-11T17:55:01.2028859Z [32;1m  ...cketTokens.ts[0m | [32;1m    100[0m | [32;1m   84.21[0m | [32;1m    100[0m | [32;1m    100[0m | [33;1m29,38,63-65,76,82[0m 
2025-10-11T17:55:01.2030505Z [32;1m  themes.ts       [0m | [32;1m    100[0m | [32;1m     100[0m | [32;1m    100[0m | [32;1m    100[0m | [33;1m                 [0m 
2025-10-11T17:55:01.2031562Z   types.ts         |       0 |        0 |       0 |       0 | [31;1m                 [0m 
2025-10-11T17:55:01.2032843Z [32;1m  utils.ts        [0m | [32;1m    100[0m | [32;1m   89.47[0m | [32;1m    100[0m | [32;1m    100[0m | [33;1m32,37,41,53      [0m 
2025-10-11T17:55:01.2034243Z [32;1m core/src         [0m | [32;1m  95.24[0m | [32;1m   90.56[0m | [33;1m  76.47[0m | [32;1m  95.24[0m | [31;1m                 [0m 
2025-10-11T17:55:01.2035617Z [32;1m  index.ts        [0m | [32;1m    100[0m | [32;1m     100[0m | [32;1m    100[0m | [32;1m    100[0m | [33;1m                 [0m 
2025-10-11T17:55:01.2036942Z [31;1m  textmate.ts     [0m | [31;1m      0[0m | [31;1m       0[0m | [31;1m      0[0m | [31;1m      0[0m | [31;1m1                [0m 
2025-10-11T17:55:01.2038349Z [32;1m  ...-variables.ts[0m | [32;1m    100[0m | [32;1m     100[0m | [32;1m    100[0m | [32;1m    100[0m | [33;1m                 [0m 
2025-10-11T17:55:01.2039834Z [32;1m  ...ecorations.ts[0m | [32;1m  98.84[0m | [32;1m   91.75[0m | [32;1m    100[0m | [32;1m  98.84[0m | [31;1m227-228          [0m 
2025-10-11T17:55:01.2041700Z [31;1m  types.ts        [0m | [31;1m      0[0m | [31;1m       0[0m | [31;1m      0[0m | [31;1m      0[0m | [31;1m1                [0m 
2025-10-11T17:55:01.2043241Z [31;1m  warn.ts         [0m | [31;1m  19.04[0m | [32;1m     100[0m | [31;1m      0[0m | [31;1m  19.04[0m | [31;1m14-19,25-37      [0m 
2025-10-11T17:55:01.2044661Z [32;1m ...c/constructors[0m | [32;1m  95.65[0m | [32;1m   85.26[0m | [33;1m  74.07[0m | [32;1m  95.65[0m | [31;1m                 [0m 
2025-10-11T17:55:01.2046182Z [32;1m  ...le-factory.ts[0m | [32;1m  91.24[0m | [32;1m   91.11[0m | [32;1m  84.21[0m | [32;1m  91.24[0m | [31;1m...45-247,260-265[0m 
2025-10-11T17:55:01.2047659Z [32;1m  highlighter.ts  [0m | [32;1m    100[0m | [32;1m      80[0m | [33;1m     50[0m | [32;1m    100[0m | [33;1m71-79            [0m 
2025-10-11T17:55:01.2049152Z [32;1m  internal-sync.ts[0m | [32;1m    100[0m | [32;1m   80.64[0m | [32;1m    100[0m | [32;1m    100[0m | [33;1m30-39,48         [0m 
2025-10-11T17:55:01.2050822Z [32;1m  internal.ts     [0m | [32;1m   91.3[0m | [33;1m      75[0m | [32;1m    100[0m | [32;1m   91.3[0m | [31;1m11-12            [0m 
2025-10-11T17:55:01.2052292Z [32;1m .../src/highlight[0m | [32;1m  90.75[0m | [32;1m   92.18[0m | [33;1m  77.14[0m | [32;1m  90.75[0m | [31;1m                 [0m 
2025-10-11T17:55:01.2053773Z [32;1m  ...ansformers.ts[0m | [32;1m   87.5[0m | [33;1m   66.66[0m | [32;1m    100[0m | [32;1m   87.5[0m | [31;1m30-31,33-34      [0m 
2025-10-11T17:55:01.2055291Z [32;1m  code-to-hast.ts [0m | [32;1m  83.97[0m | [32;1m   94.73[0m | [33;1m     60[0m | [32;1m  83.97[0m | [31;1m...28-329,332-333[0m 
2025-10-11T17:55:01.2056746Z [32;1m  code-to-html.ts [0m | [32;1m    100[0m | [32;1m   83.33[0m | [33;1m  66.66[0m | [32;1m    100[0m | [33;1m33               [0m 
2025-10-11T17:55:01.2058250Z [33;1m  ...okens-ansi.ts[0m | [33;1m  64.55[0m | [33;1m   64.28[0m | [33;1m     50[0m | [33;1m  64.55[0m | [31;1m36-38,77-106     [0m 
2025-10-11T17:55:01.2059710Z [32;1m  ...okens-base.ts[0m | [32;1m    100[0m | [32;1m   94.44[0m | [32;1m    100[0m | [32;1m    100[0m | [33;1m84-86,145,200    [0m 
2025-10-11T17:55:01.2061289Z [32;1m  ...ens-themes.ts[0m | [32;1m    100[0m | [32;1m     100[0m | [32;1m    100[0m | [32;1m    100[0m | [33;1m                 [0m 
2025-10-11T17:55:01.2062674Z [32;1m  ...-to-tokens.ts[0m | [32;1m  97.22[0m | [32;1m   92.15[0m | [32;1m    100[0m | [32;1m  97.22[0m | [31;1m84-86            [0m 
2025-10-11T17:55:01.2064152Z [32;1m core/src/textmate[0m | [32;1m  96.03[0m | [32;1m   94.92[0m | [32;1m   92.3[0m | [32;1m  96.03[0m | [31;1m                 [0m 
2025-10-11T17:55:01.2065655Z [32;1m  ...rs-resolve.ts[0m | [32;1m    100[0m | [32;1m     100[0m | [32;1m    100[0m | [32;1m    100[0m | [33;1m                 [0m 
2025-10-11T17:55:01.2067218Z [32;1m  grammar-state.ts[0m | [32;1m  91.76[0m | [32;1m   88.88[0m | [32;1m  85.71[0m | [32;1m  91.76[0m | [31;1m44-45,51-55      [0m 
2025-10-11T17:55:01.2068711Z [32;1m  ...lize-theme.ts[0m | [32;1m  98.94[0m | [32;1m    92.3[0m | [32;1m    100[0m | [32;1m  98.94[0m | [31;1m43               [0m 
2025-10-11T17:55:01.2070367Z [32;1m  registry.ts     [0m | [32;1m  96.21[0m | [32;1m   97.56[0m | [32;1m    100[0m | [32;1m  96.21[0m | [31;1m144-148          [0m 
2025-10-11T17:55:01.2071823Z [32;1m  resolver.ts     [0m | [32;1m  95.74[0m | [32;1m     100[0m | [32;1m  88.88[0m | [32;1m  95.74[0m | [31;1m24-25            [0m 
2025-10-11T17:55:01.2073293Z [32;1m core/src/utils   [0m | [32;1m   98.4[0m | [32;1m   90.17[0m | [32;1m     95[0m | [32;1m   98.4[0m | [31;1m                 [0m 
2025-10-11T17:55:01.2074727Z [32;1m  _constants.ts   [0m | [32;1m    100[0m | [32;1m     100[0m | [32;1m    100[0m | [32;1m    100[0m | [33;1m                 [0m 
2025-10-11T17:55:01.2076107Z [32;1m  colors.ts       [0m | [32;1m    100[0m | [32;1m     100[0m | [32;1m    100[0m | [32;1m    100[0m | [33;1m                 [0m 
2025-10-11T17:55:01.2077921Z [32;1m  general.ts      [0m | [32;1m  88.88[0m | [32;1m     100[0m | [32;1m  83.33[0m | [32;1m  88.88[0m | [31;1m11-12            [0m 
2025-10-11T17:55:01.2079333Z [32;1m  hast.ts         [0m | [32;1m    100[0m | [33;1m      75[0m | [32;1m    100[0m | [32;1m    100[0m | [33;1m10,16            [0m 
2025-10-11T17:55:01.2080889Z [32;1m  index.ts        [0m | [32;1m    100[0m | [32;1m     100[0m | [32;1m    100[0m | [32;1m    100[0m | [33;1m                 [0m 
2025-10-11T17:55:01.2082248Z [32;1m  strings.ts      [0m | [32;1m  97.05[0m | [32;1m   91.66[0m | [32;1m    100[0m | [32;1m  97.05[0m | [31;1m89-90            [0m 
2025-10-11T17:55:01.2083663Z [32;1m  tokens.ts       [0m | [32;1m    100[0m | [32;1m    87.5[0m | [32;1m    100[0m | [32;1m    100[0m | [33;1m...08-109,144,153[0m 
2025-10-11T17:55:01.2085135Z [32;1m ...javascript/src[0m | [32;1m  87.34[0m | [32;1m   85.71[0m | [32;1m   92.3[0m | [32;1m  87.34[0m | [31;1m                 [0m 
2025-10-11T17:55:01.2086555Z [32;1m  ...ne-compile.ts[0m | [32;1m    100[0m | [32;1m     100[0m | [32;1m    100[0m | [32;1m    100[0m | [33;1m                 [0m 
2025-10-11T17:55:01.2087950Z [32;1m  engine-raw.ts   [0m | [32;1m  89.47[0m | [32;1m     100[0m | [33;1m     75[0m | [32;1m  89.47[0m | [31;1m16-17            [0m 
2025-10-11T17:55:01.2089377Z [32;1m  index.ts        [0m | [32;1m    100[0m | [32;1m     100[0m | [32;1m    100[0m | [32;1m    100[0m | [33;1m                 [0m 
2025-10-11T17:55:01.2091014Z [32;1m  scanner.ts      [0m | [32;1m  81.25[0m | [32;1m   82.35[0m | [32;1m    100[0m | [32;1m  81.25[0m | [31;1m...72,120-124,135[0m 
2025-10-11T17:55:01.2092375Z [32;1m ...-oniguruma/src[0m | [32;1m     80[0m | [32;1m   83.33[0m | [33;1m     60[0m | [32;1m     80[0m | [31;1m                 [0m 
2025-10-11T17:55:01.2093777Z [32;1m  index.ts        [0m | [32;1m     80[0m | [32;1m   83.33[0m | [33;1m     60[0m | [32;1m     80[0m | [31;1m14-15,21-22      [0m 
2025-10-11T17:55:01.2095175Z [32;1m .../src/oniguruma[0m | [32;1m  88.88[0m | [32;1m   88.42[0m | [32;1m  88.46[0m | [32;1m  88.88[0m | [31;1m                 [0m 
2025-10-11T17:55:01.2096622Z [32;1m  index.ts        [0m | [32;1m  88.88[0m | [32;1m   88.42[0m | [32;1m  88.46[0m | [32;1m  88.88[0m | [31;1m...31-432,458-466[0m 
2025-10-11T17:55:01.2098087Z [32;1m markdown-it/src  [0m | [32;1m  98.49[0m | [32;1m   83.33[0m | [32;1m    100[0m | [32;1m  98.49[0m | [31;1m                 [0m 
2025-10-11T17:55:01.2099517Z [32;1m  async.ts        [0m | [32;1m  96.36[0m | [33;1m   71.42[0m | [32;1m    100[0m | [32;1m  96.36[0m | [31;1m20-21            [0m 
2025-10-11T17:55:01.2100824Z   common.ts        |       0 |        0 |       0 |       0 | [31;1m                 [0m 
2025-10-11T17:55:01.2102085Z [32;1m  core.ts         [0m | [32;1m    100[0m | [32;1m      90[0m | [32;1m    100[0m | [32;1m    100[0m | [33;1m30               [0m 
2025-10-11T17:55:01.2103479Z [32;1m  index.ts        [0m | [32;1m    100[0m | [32;1m   83.33[0m | [32;1m    100[0m | [32;1m    100[0m | [33;1m28               [0m 
2025-10-11T17:55:01.2104935Z [32;1m rehype/src       [0m | [32;1m  93.59[0m | [32;1m   86.76[0m | [32;1m    100[0m | [32;1m  93.59[0m | [31;1m                 [0m 
2025-10-11T17:55:01.2106341Z [32;1m  core.ts         [0m | [32;1m  92.14[0m | [32;1m    87.5[0m | [32;1m    100[0m | [32;1m  92.14[0m | [31;1m...25-127,157-159[0m 
2025-10-11T17:55:01.2107751Z [32;1m  handlers.ts     [0m | [32;1m     95[0m | [32;1m   86.66[0m | [32;1m    100[0m | [32;1m     95[0m | [31;1m43-44            [0m 
2025-10-11T17:55:01.2109140Z [32;1m  index.ts        [0m | [32;1m    100[0m | [32;1m      80[0m | [32;1m    100[0m | [32;1m    100[0m | [33;1m29               [0m 
2025-10-11T17:55:01.2110589Z   types.ts         |       0 |        0 |       0 |       0 | [31;1m                 [0m 
2025-10-11T17:55:01.2112269Z [32;1m shiki/src        [0m | [32;1m   99.8[0m | [32;1m   99.66[0m | [32;1m  85.84[0m | [32;1m   99.8[0m | [31;1m                 [0m 
2025-10-11T17:55:01.2113740Z [32;1m  bundle-full.ts  [0m | [32;1m    100[0m | [32;1m     100[0m | [32;1m    100[0m | [32;1m    100[0m | [33;1m                 [0m 
2025-10-11T17:55:01.2115216Z [32;1m  bundle-web.ts   [0m | [32;1m    100[0m | [32;1m     100[0m | [32;1m    100[0m | [32;1m    100[0m | [33;1m                 [0m 
2025-10-11T17:55:01.2116676Z [31;1m  core-unwasm.ts  [0m | [31;1m      0[0m | [32;1m     100[0m | [32;1m    100[0m | [31;1m      0[0m | [31;1m6-10             [0m 
2025-10-11T17:55:01.2118102Z [32;1m  core.ts         [0m | [32;1m    100[0m | [32;1m     100[0m | [32;1m    100[0m | [32;1m    100[0m | [33;1m                 [0m 
2025-10-11T17:55:01.2119551Z [32;1m  ...javascript.ts[0m | [32;1m    100[0m | [32;1m     100[0m | [32;1m    100[0m | [32;1m    100[0m | [33;1m                 [0m 
2025-10-11T17:55:01.2121267Z [32;1m  ...-oniguruma.ts[0m | [32;1m    100[0m | [32;1m     100[0m | [32;1m    100[0m | [32;1m    100[0m | [33;1m                 [0m 
2025-10-11T17:55:01.2122693Z [32;1m  index.ts        [0m | [32;1m    100[0m | [32;1m     100[0m | [32;1m    100[0m | [32;1m    100[0m | [33;1m                 [0m 
2025-10-11T17:55:01.2124143Z [32;1m  ...undle-full.ts[0m | [32;1m    100[0m | [32;1m     100[0m | [32;1m    100[0m | [32;1m    100[0m | [33;1m                 [0m 
2025-10-11T17:55:01.2125627Z [32;1m  ...bundle-web.ts[0m | [32;1m    100[0m | [32;1m     100[0m | [32;1m    100[0m | [32;1m    100[0m | [33;1m                 [0m 
2025-10-11T17:55:01.2127039Z [31;1m  langs.ts        [0m | [31;1m      0[0m | [31;1m       0[0m | [31;1m      0[0m | [31;1m      0[0m | [31;1m1                [0m 
2025-10-11T17:55:01.2128471Z [32;1m  textmate.ts     [0m | [32;1m    100[0m | [32;1m     100[0m | [32;1m    100[0m | [32;1m    100[0m | [33;1m                 [0m 
2025-10-11T17:55:01.2129934Z [32;1m  themes.ts       [0m | [32;1m    100[0m | [32;1m     100[0m | [31;1m  21.66[0m | [32;1m    100[0m | [33;1m                 [0m 
2025-10-11T17:55:01.2131216Z   types.ts         |       0 |        0 |       0 |       0 | [31;1m                 [0m 
2025-10-11T17:55:01.2132508Z [32;1m  wasm.ts         [0m | [32;1m    100[0m | [32;1m     100[0m | [32;1m    100[0m | [32;1m    100[0m | [33;1m                 [0m 
2025-10-11T17:55:01.2133992Z [32;1m transformers/src [0m | [32;1m    100[0m | [32;1m     100[0m | [32;1m    100[0m | [32;1m    100[0m | [33;1m                 [0m 
2025-10-11T17:55:01.2135434Z [32;1m  index.ts        [0m | [32;1m    100[0m | [32;1m     100[0m | [32;1m    100[0m | [32;1m    100[0m | [33;1m                 [0m 
2025-10-11T17:55:01.2136933Z [32;1m ...ers/src/shared[0m | [32;1m  90.93[0m | [32;1m   88.09[0m | [32;1m  89.47[0m | [32;1m  90.93[0m | [31;1m                 [0m 
2025-10-11T17:55:01.2138456Z [32;1m  ...light-word.ts[0m | [32;1m  97.26[0m | [32;1m    92.3[0m | [32;1m    100[0m | [32;1m  97.26[0m | [31;1m19-20            [0m 
2025-10-11T17:55:01.2139969Z [32;1m  ...ransformer.ts[0m | [32;1m  92.53[0m | [32;1m   88.46[0m | [32;1m    100[0m | [32;1m  92.53[0m | [31;1m32-33,64,82-83   [0m 
2025-10-11T17:55:01.2141738Z [32;1m  ...e-comments.ts[0m | [32;1m  82.17[0m | [33;1m   77.27[0m | [33;1m     60[0m | [32;1m  82.17[0m | [31;1m...28-136,188-195[0m 
2025-10-11T17:55:01.2143189Z [32;1m  utils.ts        [0m | [32;1m    100[0m | [32;1m     100[0m | [32;1m    100[0m | [32;1m    100[0m | [33;1m                 [0m 
2025-10-11T17:55:01.2144669Z [32;1m ...c/transformers[0m | [32;1m  84.51[0m | [32;1m    92.1[0m | [32;1m  91.17[0m | [32;1m  84.51[0m | [31;1m                 [0m 
2025-10-11T17:55:01.2146443Z [32;1m  ...ne-options.ts[0m | [32;1m    100[0m | [32;1m     100[0m | [32;1m    100[0m | [32;1m    100[0m | [33;1m                 [0m 
2025-10-11T17:55:01.2148103Z [32;1m  ...light-word.ts[0m | [32;1m    100[0m | [32;1m   93.75[0m | [32;1m    100[0m | [32;1m    100[0m | [33;1m66               [0m 
2025-10-11T17:55:01.2149610Z [32;1m  ...-highlight.ts[0m | [32;1m    100[0m | [32;1m   88.23[0m | [32;1m    100[0m | [32;1m    100[0m | [33;1m8,52             [0m 
2025-10-11T17:55:01.2151312Z [32;1m  notation-diff.ts[0m | [32;1m    100[0m | [32;1m     100[0m | [32;1m    100[0m | [32;1m    100[0m | [33;1m                 [0m 
2025-10-11T17:55:01.2152801Z [32;1m  ...rror-level.ts[0m | [32;1m    100[0m | [32;1m     100[0m | [32;1m    100[0m | [32;1m    100[0m | [33;1m                 [0m 
2025-10-11T17:55:01.2154294Z [32;1m  ...tion-focus.ts[0m | [32;1m    100[0m | [32;1m     100[0m | [32;1m    100[0m | [32;1m    100[0m | [33;1m                 [0m 
2025-10-11T17:55:01.2155796Z [32;1m  ...light-word.ts[0m | [32;1m    100[0m | [32;1m   83.33[0m | [32;1m    100[0m | [32;1m    100[0m | [33;1m38               [0m 
2025-10-11T17:55:01.2157304Z [32;1m  ...-highlight.ts[0m | [32;1m    100[0m | [32;1m     100[0m | [32;1m    100[0m | [32;1m    100[0m | [33;1m                 [0m 
2025-10-11T17:55:01.2158823Z [32;1m  notation-map.ts [0m | [32;1m    100[0m | [32;1m     100[0m | [32;1m    100[0m | [32;1m    100[0m | [33;1m                 [0m 
2025-10-11T17:55:01.2160541Z [32;1m  ...ine-breaks.ts[0m | [32;1m    100[0m | [32;1m     100[0m | [32;1m    100[0m | [32;1m    100[0m | [33;1m                 [0m 
2025-10-11T17:55:01.2162071Z [32;1m  ...ion-escape.ts[0m | [32;1m    100[0m | [32;1m     100[0m | [32;1m    100[0m | [32;1m    100[0m | [33;1m                 [0m 
2025-10-11T17:55:01.2163541Z [31;1m  ...ent-guides.ts[0m | [31;1m   1.47[0m | [32;1m     100[0m | [31;1m      0[0m | [31;1m   1.47[0m | [31;1m13-87            [0m 
2025-10-11T17:55:01.2165033Z [32;1m  ...whitespace.ts[0m | [32;1m    100[0m | [32;1m   93.33[0m | [32;1m    100[0m | [32;1m    100[0m | [33;1m54,63            [0m 
2025-10-11T17:55:01.2166508Z [32;1m  ...e-to-class.ts[0m | [32;1m  93.75[0m | [32;1m   86.36[0m | [32;1m     80[0m | [32;1m  93.75[0m | [31;1m84,89-90,99-100  [0m 
2025-10-11T17:55:01.2167991Z [32;1m twoslash/src     [0m | [32;1m  97.04[0m | [33;1m   78.34[0m | [32;1m  88.88[0m | [32;1m  97.04[0m | [31;1m                 [0m 
2025-10-11T17:55:01.2169454Z [32;1m  core.ts         [0m | [32;1m  92.98[0m | [32;1m    82.6[0m | [33;1m  76.47[0m | [32;1m  92.98[0m | [31;1m...32-234,328-329[0m 
2025-10-11T17:55:01.2171109Z [33;1m  error.ts        [0m | [33;1m     50[0m | [32;1m     100[0m | [31;1m      0[0m | [33;1m     50[0m | [31;1m3-5              [0m 
2025-10-11T17:55:01.2172524Z [32;1m  icons.ts        [0m | [32;1m    100[0m | [32;1m     100[0m | [32;1m    100[0m | [32;1m    100[0m | [33;1m                 [0m 
2025-10-11T17:55:01.2173946Z [32;1m  includes.ts     [0m | [32;1m    100[0m | [32;1m     100[0m | [32;1m    100[0m | [32;1m    100[0m | [33;1m                 [0m 
2025-10-11T17:55:01.2175338Z [32;1m  index.ts        [0m | [32;1m    100[0m | [32;1m     100[0m | [32;1m    100[0m | [32;1m    100[0m | [33;1m                 [0m 
2025-10-11T17:55:01.2176766Z [32;1m  ...er-classic.ts[0m | [32;1m  99.44[0m | [33;1m   52.94[0m | [32;1m    100[0m | [32;1m  99.44[0m | [31;1m102              [0m 
2025-10-11T17:55:01.2178275Z [32;1m  renderer-rich.ts[0m | [32;1m  98.63[0m | [33;1m   74.28[0m | [32;1m    100[0m | [32;1m  98.63[0m | [31;1m...78,734,736,738[0m 
2025-10-11T17:55:01.2179382Z   types.ts         |       0 |        0 |       0 |       0 | [31;1m                 [0m 
2025-10-11T17:55:01.2180943Z [32;1m types/src        [0m | [32;1m    100[0m | [32;1m     100[0m | [32;1m    100[0m | [32;1m    100[0m | [33;1m                 [0m 
2025-10-11T17:55:01.2182411Z   ...le-factory.ts |       0 |        0 |       0 |       0 | [31;1m                 [0m 
2025-10-11T17:55:01.2183349Z   decorations.ts   |       0 |        0 |       0 |       0 | [31;1m                 [0m 
2025-10-11T17:55:01.2184260Z   engines.ts       |       0 |        0 |       0 |       0 | [31;1m                 [0m 
2025-10-11T17:55:01.2185537Z [32;1m  error.ts        [0m | [32;1m    100[0m | [32;1m     100[0m | [32;1m    100[0m | [32;1m    100[0m | [33;1m                 [0m 
2025-10-11T17:55:01.2186564Z   highlighter.ts   |       0 |        0 |       0 |       0 | [31;1m                 [0m 
2025-10-11T17:55:01.2187831Z [32;1m  index.ts        [0m | [32;1m    100[0m | [32;1m     100[0m | [32;1m    100[0m | [32;1m    100[0m | [33;1m                 [0m 
2025-10-11T17:55:01.2188795Z   langs.ts         |       0 |        0 |       0 |       0 | [31;1m                 [0m 
2025-10-11T17:55:01.2189667Z   options.ts       |       0 |        0 |       0 |       0 | [31;1m                 [0m 
2025-10-11T17:55:01.2190745Z   textmate.ts      |       0 |        0 |       0 |       0 | [31;1m                 [0m 
2025-10-11T17:55:01.2191691Z   themes.ts        |       0 |        0 |       0 |       0 | [31;1m                 [0m 
2025-10-11T17:55:01.2192591Z   tokens.ts        |       0 |        0 |       0 |       0 | [31;1m                 [0m 
2025-10-11T17:55:01.2193529Z   transformers.ts  |       0 |        0 |       0 |       0 | [31;1m                 [0m 
2025-10-11T17:55:01.2194483Z   utils.ts         |       0 |        0 |       0 |       0 | [31;1m                 [0m 
2025-10-11T17:55:01.2195342Z -------------------|---------|----------|---------|---------|-------------------
2025-10-11T17:55:01.4060432Z ##[group]Run codecov/codecov-action@v5
2025-10-11T17:55:01.4060712Z with:
2025-10-11T17:55:01.4060876Z   use_oidc: true
2025-10-11T17:55:01.4061058Z   disable_file_fixes: false
2025-10-11T17:55:01.4061287Z   disable_search: false
2025-10-11T17:55:01.4061477Z   disable_safe_directory: false
2025-10-11T17:55:01.4061683Z   disable_telem: false
2025-10-11T17:55:01.4061852Z   dry_run: false
2025-10-11T17:55:01.4062021Z   fail_ci_if_error: false
2025-10-11T17:55:01.4062207Z   git_service: github
2025-10-11T17:55:01.4062392Z   gcov_executable: gcov
2025-10-11T17:55:01.4062586Z   handle_no_reports_found: false
2025-10-11T17:55:01.4062801Z   recurse_submodules: false
2025-10-11T17:55:01.4063010Z   run_command: upload-coverage
2025-10-11T17:55:01.4063214Z   skip_validation: false
2025-10-11T17:55:01.4063418Z   use_legacy_upload_endpoint: false
2025-10-11T17:55:01.4063629Z   use_pypi: false
2025-10-11T17:55:01.4063796Z   verbose: false
2025-10-11T17:55:01.4063954Z   version: latest
2025-10-11T17:55:01.4064141Z env:
2025-10-11T17:55:01.4064341Z   PNPM_HOME: /home/runner/setup-pnpm/node_modules/.bin
2025-10-11T17:55:01.4064605Z ##[endgroup]
2025-10-11T17:55:01.4140909Z ##[group]Run missing_deps=""
2025-10-11T17:55:01.4141175Z [36;1mmissing_deps=""[0m
2025-10-11T17:55:01.4141363Z [36;1m[0m
2025-10-11T17:55:01.4141536Z [36;1m# Check for required commands[0m
2025-10-11T17:55:01.4141779Z [36;1mfor cmd in bash git curl gpg; do[0m
2025-10-11T17:55:01.4142052Z [36;1m  if ! command -v "$cmd" >/dev/null 2>&1; then[0m
2025-10-11T17:55:01.4142340Z [36;1m    missing_deps="$missing_deps $cmd"[0m
2025-10-11T17:55:01.4142579Z [36;1m  fi[0m
2025-10-11T17:55:01.4142744Z [36;1mdone[0m
2025-10-11T17:55:01.4142894Z [36;1m[0m
2025-10-11T17:55:01.4143088Z [36;1m# Report missing required dependencies[0m
2025-10-11T17:55:01.4143352Z [36;1mif [ -n "$missing_deps" ]; then[0m
2025-10-11T17:55:01.4143713Z [36;1m  echo "Error: The following required dependencies are missing:$missing_deps"[0m
2025-10-11T17:55:01.4144184Z [36;1m  echo "Please install these dependencies before using this action."[0m
2025-10-11T17:55:01.4144598Z [36;1m  exit 1[0m
2025-10-11T17:55:01.4144824Z [36;1mfi[0m
2025-10-11T17:55:01.4145297Z [36;1m[0m
2025-10-11T17:55:01.4145694Z [36;1mecho "All required system dependencies are available."[0m
2025-10-11T17:55:01.4364848Z shell: /usr/bin/sh -e {0}
2025-10-11T17:55:01.4365360Z env:
2025-10-11T17:55:01.4365689Z   PNPM_HOME: /home/runner/setup-pnpm/node_modules/.bin
2025-10-11T17:55:01.4366177Z ##[endgroup]
2025-10-11T17:55:01.4459544Z All required system dependencies are available.
2025-10-11T17:55:01.4486488Z ##[group]Run CC_ACTION_VERSION=$(cat ${GITHUB_ACTION_PATH}/src/version)
2025-10-11T17:55:01.4486925Z [36;1mCC_ACTION_VERSION=$(cat ${GITHUB_ACTION_PATH}/src/version)[0m
2025-10-11T17:55:01.4487329Z [36;1mecho -e "\033[0;32m==>\033[0m Running Action version $CC_ACTION_VERSION"[0m
2025-10-11T17:55:01.4520835Z shell: /usr/bin/bash --noprofile --norc -e -o pipefail {0}
2025-10-11T17:55:01.4521162Z env:
2025-10-11T17:55:01.4521390Z   PNPM_HOME: /home/runner/setup-pnpm/node_modules/.bin
2025-10-11T17:55:01.4521648Z ##[endgroup]
2025-10-11T17:55:01.4587307Z [0;32m==>[0m Running Action version 5.5.1
2025-10-11T17:55:01.4614671Z ##[group]Run git config --global --add safe.directory "/home/runner/work/shiki/shiki"
2025-10-11T17:55:01.4615194Z [36;1mgit config --global --add safe.directory "/home/runner/work/shiki/shiki"[0m
2025-10-11T17:55:01.4615636Z [36;1mgit config --global --add safe.directory "$GITHUB_WORKSPACE"[0m
2025-10-11T17:55:01.4646773Z shell: /usr/bin/bash --noprofile --norc -e -o pipefail {0}
2025-10-11T17:55:01.4647075Z env:
2025-10-11T17:55:01.4647293Z   PNPM_HOME: /home/runner/setup-pnpm/node_modules/.bin
2025-10-11T17:55:01.4647553Z ##[endgroup]
2025-10-11T17:55:01.4746656Z ##[group]Run CC_FORK="false"
2025-10-11T17:55:01.4746897Z [36;1mCC_FORK="false"[0m
2025-10-11T17:55:01.4747550Z [36;1mif [ -n "$GITHUB_EVENT_PULL_REQUEST_HEAD_REPO_FULL_NAME" ] && [ "$GITHUB_EVENT_PULL_REQUEST_HEAD_REPO_FULL_NAME" != "$GITHUB_REPOSITORY" ];[0m
2025-10-11T17:55:01.4748068Z [36;1mthen[0m
2025-10-11T17:55:01.4748280Z [36;1m  echo -e "\033[0;32m==>\033[0m Fork detected"[0m
2025-10-11T17:55:01.4748552Z [36;1m  CC_FORK="true"[0m
2025-10-11T17:55:01.4748742Z [36;1mfi[0m
2025-10-11T17:55:01.4748927Z [36;1mecho "CC_FORK=$CC_FORK" >> "$GITHUB_ENV"[0m
2025-10-11T17:55:01.4778024Z shell: /usr/bin/bash --noprofile --norc -e -o pipefail {0}
2025-10-11T17:55:01.4778324Z env:
2025-10-11T17:55:01.4778535Z   PNPM_HOME: /home/runner/setup-pnpm/node_modules/.bin
2025-10-11T17:55:01.4778963Z   GITHUB_EVENT_PULL_REQUEST_HEAD_LABEL: oatmealproblem:light-dark-for-colorized-brackets
2025-10-11T17:55:01.4779431Z   GITHUB_EVENT_PULL_REQUEST_HEAD_REPO_FULL_NAME: oatmealproblem/shiki
2025-10-11T17:55:01.4779757Z   GITHUB_REPOSITORY: shikijs/shiki
2025-10-11T17:55:01.4779979Z ##[endgroup]
2025-10-11T17:55:01.4828776Z [0;32m==>[0m Fork detected
2025-10-11T17:55:01.4871604Z ##[group]Run actions/github-script@60a0d83039c74a4aee543508d2ffcb1c3799cdea
2025-10-11T17:55:01.4871938Z with:
2025-10-11T17:55:01.4872438Z   script: if (process.env.CC_USE_OIDC === 'true' && process.env.CC_FORK != 'true') {
  const id_token = await core.getIDToken(process.env.CC_OIDC_AUDIENCE)
  return id_token
}

2025-10-11T17:55:01.4873146Z   github-token: ***
2025-10-11T17:55:01.4873332Z   debug: false
2025-10-11T17:55:01.4873517Z   user-agent: actions/github-script
2025-10-11T17:55:01.4873754Z   result-encoding: json
2025-10-11T17:55:01.4873937Z   retries: 0
2025-10-11T17:55:01.4874132Z   retry-exempt-status-codes: 400,401,403,404,422
2025-10-11T17:55:01.4874373Z env:
2025-10-11T17:55:01.4874577Z   PNPM_HOME: /home/runner/setup-pnpm/node_modules/.bin
2025-10-11T17:55:01.4874831Z   CC_FORK: true
2025-10-11T17:55:01.4875029Z   CC_OIDC_AUDIENCE: https://codecov.io
2025-10-11T17:55:01.4875258Z   CC_USE_OIDC: true
2025-10-11T17:55:01.4875428Z ##[endgroup]
2025-10-11T17:55:01.5829335Z ##[group]Run if [ "true" == 'true' ] && [ "$CC_FORK" != 'true' ];
2025-10-11T17:55:01.5829713Z [36;1mif [ "true" == 'true' ] && [ "$CC_FORK" != 'true' ];[0m
2025-10-11T17:55:01.5829986Z [36;1mthen[0m
2025-10-11T17:55:01.5830484Z [36;1m  echo "CC_TOKEN=$CC_OIDC_TOKEN" >> "$GITHUB_ENV"[0m
2025-10-11T17:55:01.5830968Z [36;1melif [ -n "" ];[0m
2025-10-11T17:55:01.5831157Z [36;1mthen[0m
2025-10-11T17:55:01.5831370Z [36;1m  echo -e "\033[0;32m==>\033[0m Token set from env"[0m
2025-10-11T17:55:01.5831653Z [36;1m    echo "CC_TOKEN=" >> "$GITHUB_ENV"[0m
2025-10-11T17:55:01.5831884Z [36;1melse[0m
2025-10-11T17:55:01.5832046Z [36;1m  if [ -n "" ];[0m
2025-10-11T17:55:01.5832222Z [36;1m  then[0m
2025-10-11T17:55:01.5832440Z [36;1m    echo -e "\033[0;32m==>\033[0m Token set from input"[0m
2025-10-11T17:55:01.5832726Z [36;1m    CC_TOKEN=$(echo "" | tr -d '\n')[0m
2025-10-11T17:55:01.5832994Z [36;1m    echo "CC_TOKEN=$CC_TOKEN" >> "$GITHUB_ENV"[0m
2025-10-11T17:55:01.5833232Z [36;1m  fi[0m
2025-10-11T17:55:01.5833388Z [36;1mfi[0m
2025-10-11T17:55:01.5866532Z shell: /usr/bin/bash --noprofile --norc -e -o pipefail {0}
2025-10-11T17:55:01.5866839Z env:
2025-10-11T17:55:01.5867054Z   PNPM_HOME: /home/runner/setup-pnpm/node_modules/.bin
2025-10-11T17:55:01.5867333Z   CC_FORK: true
2025-10-11T17:55:01.5867498Z   CC_OIDC_TOKEN: 
2025-10-11T17:55:01.5867698Z   CC_OIDC_AUDIENCE: https://codecov.io
2025-10-11T17:55:01.5867925Z ##[endgroup]
2025-10-11T17:55:01.5940419Z ##[group]Run if [ -z "$CC_BRANCH" ] && [ -z "$CC_TOKEN" ] && [ "$CC_FORK" == 'true' ]
2025-10-11T17:55:01.5940839Z [36;1mif [ -z "$CC_BRANCH" ] && [ -z "$CC_TOKEN" ] && [ "$CC_FORK" == 'true' ][0m
2025-10-11T17:55:01.5941143Z [36;1mthen[0m
2025-10-11T17:55:01.5941487Z [36;1m  echo -e "\033[0;32m==>\033[0m Fork detected, setting branch to $GITHUB_EVENT_PULL_REQUEST_HEAD_LABEL"[0m
2025-10-11T17:55:01.5941946Z [36;1m  TOKENLESS="$GITHUB_EVENT_PULL_REQUEST_HEAD_LABEL"[0m
2025-10-11T17:55:01.5942269Z [36;1m  CC_BRANCH="$GITHUB_EVENT_PULL_REQUEST_HEAD_LABEL"[0m
2025-10-11T17:55:01.5942746Z [36;1m  echo "TOKENLESS=$TOKENLESS" >> "$GITHUB_ENV"[0m
2025-10-11T17:55:01.5943012Z [36;1mfi[0m
2025-10-11T17:55:01.5943171Z [36;1m[0m
2025-10-11T17:55:01.5943363Z [36;1mecho "CC_BRANCH=$CC_BRANCH" >> "$GITHUB_ENV"[0m
2025-10-11T17:55:01.5972693Z shell: /usr/bin/bash --noprofile --norc -e -o pipefail {0}
2025-10-11T17:55:01.5972993Z env:
2025-10-11T17:55:01.5973204Z   PNPM_HOME: /home/runner/setup-pnpm/node_modules/.bin
2025-10-11T17:55:01.5973478Z   CC_FORK: true
2025-10-11T17:55:01.5973641Z   CC_BRANCH: 
2025-10-11T17:55:01.5973965Z   GITHUB_EVENT_PULL_REQUEST_HEAD_LABEL: oatmealproblem:light-dark-for-colorized-brackets
2025-10-11T17:55:01.5974434Z   GITHUB_EVENT_PULL_REQUEST_HEAD_REPO_FULL_NAME: oatmealproblem/shiki
2025-10-11T17:55:01.5974758Z   GITHUB_REPOSITORY: shikijs/shiki
2025-10-11T17:55:01.5974976Z ##[endgroup]
2025-10-11T17:55:01.6025849Z [0;32m==>[0m Fork detected, setting branch to oatmealproblem:light-dark-for-colorized-brackets
2025-10-11T17:55:01.6046293Z ##[group]Run if [ -z "$CC_SHA" ];
2025-10-11T17:55:01.6046550Z [36;1mif [ -z "$CC_SHA" ];[0m
2025-10-11T17:55:01.6046759Z [36;1mthen[0m
2025-10-11T17:55:01.6046971Z [36;1m  CC_SHA="$GITHUB_EVENT_PULL_REQUEST_HEAD_SHA"[0m
2025-10-11T17:55:01.6047235Z [36;1mfi[0m
2025-10-11T17:55:01.6047436Z [36;1mif [ -z "$CC_PR" ] && [ "$CC_FORK" == 'true' ];[0m
2025-10-11T17:55:01.6047681Z [36;1mthen[0m
2025-10-11T17:55:01.6047862Z [36;1m  CC_PR="$GITHUB_EVENT_NUMBER"[0m
2025-10-11T17:55:01.6048077Z [36;1mfi[0m
2025-10-11T17:55:01.6048229Z [36;1m[0m
2025-10-11T17:55:01.6048403Z [36;1mecho "CC_SHA=$CC_SHA" >> "$GITHUB_ENV"[0m
2025-10-11T17:55:01.6048665Z [36;1mecho "CC_PR=$CC_PR" >> "$GITHUB_ENV"[0m
2025-10-11T17:55:01.6077777Z shell: /usr/bin/bash --noprofile --norc -e -o pipefail {0}
2025-10-11T17:55:01.6078076Z env:
2025-10-11T17:55:01.6078296Z   PNPM_HOME: /home/runner/setup-pnpm/node_modules/.bin
2025-10-11T17:55:01.6078561Z   CC_FORK: true
2025-10-11T17:55:01.6078831Z   TOKENLESS: oatmealproblem:light-dark-for-colorized-brackets
2025-10-11T17:55:01.6079243Z   CC_BRANCH: oatmealproblem:light-dark-for-colorized-brackets
2025-10-11T17:55:01.6079529Z   CC_PR: 
2025-10-11T17:55:01.6079674Z   CC_SHA: 
2025-10-11T17:55:01.6079838Z   GITHUB_EVENT_NAME: pull_request
2025-10-11T17:55:01.6080364Z   GITHUB_EVENT_NUMBER: 1082
2025-10-11T17:55:01.6080680Z   GITHUB_EVENT_PULL_REQUEST_HEAD_SHA: 54d1b3a93f1b3b62c14788f3ac09f82e2f6aeaa2
2025-10-11T17:55:01.6081004Z ##[endgroup]
2025-10-11T17:55:01.6154250Z ##[group]Run ${GITHUB_ACTION_PATH}/dist/codecov.sh
2025-10-11T17:55:01.6154564Z [36;1m${GITHUB_ACTION_PATH}/dist/codecov.sh[0m
2025-10-11T17:55:01.6183623Z shell: /usr/bin/bash --noprofile --norc -e -o pipefail {0}
2025-10-11T17:55:01.6183928Z env:
2025-10-11T17:55:01.6184136Z   PNPM_HOME: /home/runner/setup-pnpm/node_modules/.bin
2025-10-11T17:55:01.6184403Z   CC_FORK: true
2025-10-11T17:55:01.6184655Z   TOKENLESS: oatmealproblem:light-dark-for-colorized-brackets
2025-10-11T17:55:01.6185038Z   CC_BRANCH: oatmealproblem:light-dark-for-colorized-brackets
2025-10-11T17:55:01.6185359Z   CC_SHA: 54d1b3a93f1b3b62c14788f3ac09f82e2f6aeaa2
2025-10-11T17:55:01.6185597Z   CC_PR: 1082
2025-10-11T17:55:01.6185756Z   CC_BASE_SHA: 
2025-10-11T17:55:01.6185921Z   CC_BINARY: 
2025-10-11T17:55:01.6186072Z   CC_BUILD: 
2025-10-11T17:55:01.6186221Z   CC_BUILD_URL: 
2025-10-11T17:55:01.6186378Z   CC_CODE: 
2025-10-11T17:55:01.6186518Z   CC_DIR: 
2025-10-11T17:55:01.6186680Z   CC_DISABLE_FILE_FIXES: false
2025-10-11T17:55:01.6186880Z   CC_DISABLE_SEARCH: false
2025-10-11T17:55:01.6187077Z   CC_DISABLE_TELEM: false
2025-10-11T17:55:01.6187257Z   CC_DRY_RUN: false
2025-10-11T17:55:01.6187426Z   CC_ENTERPRISE_URL: 
2025-10-11T17:55:01.6187594Z   CC_ENV: 
2025-10-11T17:55:01.6187734Z   CC_EXCLUDES: 
2025-10-11T17:55:01.6187899Z   CC_FAIL_ON_ERROR: false
2025-10-11T17:55:01.6188070Z   CC_FILES: 
2025-10-11T17:55:01.6188219Z   CC_FLAGS: 
2025-10-11T17:55:01.6188359Z   CC_FORCE: 
2025-10-11T17:55:01.6188504Z   CC_GCOV_ARGS: 
2025-10-11T17:55:01.6188823Z   CC_GCOV_EXECUTABLE: gcov
2025-10-11T17:55:01.6189017Z   CC_GCOV_IGNORE: 
2025-10-11T17:55:01.6189174Z   CC_GCOV_INCLUDE: 
2025-10-11T17:55:01.6189343Z   CC_GIT_SERVICE: github
2025-10-11T17:55:01.6189540Z   CC_HANDLE_NO_REPORTS_FOUND: false
2025-10-11T17:55:01.6189759Z   CC_JOB_CODE: 
2025-10-11T17:55:01.6189915Z   CC_LEGACY: false
2025-10-11T17:55:01.6190300Z   CC_NAME: 
2025-10-11T17:55:01.6190460Z   CC_NETWORK_FILTER: 
2025-10-11T17:55:01.6190627Z   CC_NETWORK_PREFIX: 
2025-10-11T17:55:01.6190803Z   CC_NETWORK_ROOT_FOLDER: 
2025-10-11T17:55:01.6190977Z   CC_OS: 
2025-10-11T17:55:01.6191121Z   CC_PARENT_SHA: 
2025-10-11T17:55:01.6191280Z   CC_PLUGINS: 
2025-10-11T17:55:01.6191448Z   CC_RECURSE_SUBMODULES: false
2025-10-11T17:55:01.6191640Z   CC_REPORT_TYPE: 
2025-10-11T17:55:01.6191815Z   CC_RUN_CMD: upload-coverage
2025-10-11T17:55:01.6192013Z   CC_SERVICE: github
2025-10-11T17:55:01.6192188Z   CC_SKIP_VALIDATION: false
2025-10-11T17:55:01.6192378Z   CC_SLUG: 
2025-10-11T17:55:01.6192525Z   CC_SWIFT_PROJECT: 
2025-10-11T17:55:01.6192702Z   CC_USE_PYPI: false
2025-10-11T17:55:01.6192865Z   CC_VERBOSE: false
2025-10-11T17:55:01.6193027Z   CC_VERSION: latest
2025-10-11T17:55:01.6193184Z   CC_YML_PATH: 
2025-10-11T17:55:01.6193349Z ##[endgroup]
2025-10-11T17:55:01.6265303Z      _____          _
2025-10-11T17:55:01.6265704Z     / ____|        | |
2025-10-11T17:55:01.6266122Z    | |     ___   __| | ___  ___ _____   __
2025-10-11T17:55:01.6266634Z    | |    / _ \ / _` |/ _ \/ __/ _ \ \ / /
2025-10-11T17:55:01.6267119Z    | |___| (_) | (_| |  __/ (_| (_) \ V /
2025-10-11T17:55:01.6267604Z     \_____\___/ \__,_|\___|\___\___/ \_/
2025-10-11T17:55:01.6268410Z                            [0;31m Wrapper-0.2.7[0m
2025-10-11T17:55:01.6268908Z                            
2025-10-11T17:55:01.6323573Z [0;32m==>[0m Detected [0;36mlinux[0m
2025-10-11T17:55:01.6324599Z [0;32m ->[0m Downloading [0;36mhttps://cli.codecov.io/latest/linux/codecov[0m
2025-10-11T17:55:01.6394522Z   % Total    % Received % Xferd  Average Speed   Time    Time     Time  Current
2025-10-11T17:55:01.6395603Z                                  Dload  Upload   Total   Spent    Left  Speed
2025-10-11T17:55:01.6395995Z 
2025-10-11T17:55:01.8214573Z   0     0    0     0    0     0      0      0 --:--:-- --:--:-- --:--:--     0
2025-10-11T17:55:01.9546942Z   0     0    0     0    0     0      0      0 --:--:-- --:--:-- --:--:--     0
2025-10-11T17:55:01.9547821Z 100 10.6M  100 10.6M    0     0  33.8M      0 --:--:-- --:--:-- --:--:-- 33.7M
2025-10-11T17:55:01.9572894Z [0;32m==>[0m Finishing downloading [0;36mlinux:latest[0m
2025-10-11T17:55:02.0243134Z       Version: [0;36mv11.2.3[0m
2025-10-11T17:55:02.0243643Z  
2025-10-11T17:55:02.0793417Z gpg: directory '/home/runner/.gnupg' created
2025-10-11T17:55:02.0841168Z gpg: keybox '/home/runner/.gnupg/pubring.kbx' created
2025-10-11T17:55:02.4178028Z gpg: /home/runner/.gnupg/trustdb.gpg: trustdb created
2025-10-11T17:55:02.4179472Z gpg: key 806BB28AED779869: public key "Codecov Uploader (Codecov Uploader Verification Key) <security@codecov.io>" imported
2025-10-11T17:55:02.4528642Z gpg: Total number processed: 1
2025-10-11T17:55:02.4545314Z gpg:               imported: 1
2025-10-11T17:55:02.4546240Z [0;32m==>[0m Verifying GPG signature integrity
2025-10-11T17:55:02.4547351Z [0;32m ->[0m Downloading [0;36mhttps://cli.codecov.io/latest/linux/codecov.SHA256SUM[0m
2025-10-11T17:55:02.4548621Z [0;32m ->[0m Downloading [0;36mhttps://cli.codecov.io/latest/linux/codecov.SHA256SUM.sig[0m
2025-10-11T17:55:02.4549323Z  
2025-10-11T17:55:02.5703798Z gpg: Signature made Thu Sep 18 23:03:08 2025 UTC
2025-10-11T17:55:02.5704398Z gpg:                using RSA key 27034E7FDB850E0BBC2C62FF806BB28AED779869
2025-10-11T17:55:02.5706349Z gpg: Good signature from "Codecov Uploader (Codecov Uploader Verification Key) <security@codecov.io>" [unknown]
2025-10-11T17:55:02.5707128Z gpg: WARNING: This key is not certified with a trusted signature!
2025-10-11T17:55:02.5708054Z gpg:          There is no indication that the signature belongs to the owner.
2025-10-11T17:55:02.5708731Z Primary key fingerprint: 2703 4E7F DB85 0E0B BC2C  62FF 806B B28A ED77 9869
2025-10-11T17:55:02.6473238Z codecov: OK
2025-10-11T17:55:02.6484834Z [0;32m==>[0m CLI integrity verified
2025-10-11T17:55:02.6485200Z 
2025-10-11T17:55:02.7152780Z [0;32m ->[0m Token length: 0
2025-10-11T17:55:02.7153166Z [0;32m==>[0m Running upload-coverage
2025-10-11T17:55:02.7163323Z       [0;36m./codecov  upload-coverage --git-service github --pr 1082 --sha 54d1b3a93f1b3b62c14788f3ac09f82e2f6aeaa2 --branch oatmealproblem:light-dark-for-colorized-brackets --gcov-executable gcov[0m
2025-10-11T17:55:03.0690826Z info - 2025-10-11 17:55:03,068 -- ci service found: github-actions
2025-10-11T17:55:03.0783123Z warning - 2025-10-11 17:55:03,078 -- No config file could be found. Ignoring config.
2025-10-11T17:55:03.1085880Z warning - 2025-10-11 17:55:03,108 -- xcrun is not installed or can't be found.
2025-10-11T17:55:03.6751985Z warning - 2025-10-11 17:55:03,674 -- No gcov data found.
2025-10-11T17:55:03.6756562Z warning - 2025-10-11 17:55:03,675 -- coverage.py is not installed or can't be found.
2025-10-11T17:55:03.7437032Z info - 2025-10-11 17:55:03,743 -- Found 2 coverage files to report
2025-10-11T17:55:03.7438069Z info - 2025-10-11 17:55:03,743 -- > /home/runner/work/shiki/shiki/coverage/clover.xml
2025-10-11T17:55:03.7439103Z info - 2025-10-11 17:55:03,743 -- > /home/runner/work/shiki/shiki/coverage/coverage-final.json
2025-10-11T17:55:04.3123749Z info - 2025-10-11 17:55:04,311 -- Your upload is now processing. When finished, results will be available at: https://app.codecov.io/github/shikijs/shiki/commit/54d1b3a93f1b3b62c14788f3ac09f82e2f6aeaa2
2025-10-11T17:55:04.7436175Z info - 2025-10-11 17:55:04,743 -- Process Upload complete
2025-10-11T17:55:04.9079877Z Post job cleanup.
2025-10-11T17:55:05.0697640Z Post job cleanup.
2025-10-11T17:55:05.1556952Z Pruning is unnecessary.
2025-10-11T17:55:05.1656701Z Post job cleanup.
2025-10-11T17:55:05.2617553Z [command]/usr/bin/git version
2025-10-11T17:55:05.2653582Z git version 2.51.0
2025-10-11T17:55:05.2690638Z Copying '/home/runner/.gitconfig' to '/home/runner/work/_temp/751fae6d-d986-4892-af97-1640feaca0f6/.gitconfig'
2025-10-11T17:55:05.2707046Z Temporarily overriding HOME='/home/runner/work/_temp/751fae6d-d986-4892-af97-1640feaca0f6' before making global git config changes
2025-10-11T17:55:05.2708218Z Adding repository directory to the temporary git global config as a safe directory
2025-10-11T17:55:05.2712524Z [command]/usr/bin/git config --global --add safe.directory /home/runner/work/shiki/shiki
2025-10-11T17:55:05.2746777Z [command]/usr/bin/git config --local --name-only --get-regexp core\.sshCommand
2025-10-11T17:55:05.2778469Z [command]/usr/bin/git submodule foreach --recursive sh -c "git config --local --name-only --get-regexp 'core\.sshCommand' && git config --local --unset-all 'core.sshCommand' || :"
2025-10-11T17:55:05.3007422Z [command]/usr/bin/git config --local --name-only --get-regexp http\.https\:\/\/github\.com\/\.extraheader
2025-10-11T17:55:05.3028126Z http.https://github.com/.extraheader
2025-10-11T17:55:05.3042250Z [command]/usr/bin/git config --local --unset-all http.https://github.com/.extraheader
2025-10-11T17:55:05.3076600Z [command]/usr/bin/git submodule foreach --recursive sh -c "git config --local --name-only --get-regexp 'http\.https\:\/\/github\.com\/\.extraheader' && git config --local --unset-all 'http.https://github.com/.extraheader' || :"
2025-10-11T17:55:05.3422167Z Cleaning up orphan processes
