2025-11-14T17:33:22.3356268Z Current runner version: '2.329.0'
2025-11-14T17:33:22.3377874Z ##[group]Runner Image Provisioner
2025-11-14T17:33:22.3378835Z Hosted Compute Agent
2025-11-14T17:33:22.3379394Z Version: 20251016.436
2025-11-14T17:33:22.3380019Z Commit: 8ab8ac8bfd662a3739dab9fe09456aba92132568
2025-11-14T17:33:22.3380797Z Build Date: 2025-10-15T20:44:12Z
2025-11-14T17:33:22.3381395Z ##[endgroup]
2025-11-14T17:33:22.3381935Z ##[group]Operating System
2025-11-14T17:33:22.3382459Z Ubuntu
2025-11-14T17:33:22.3383010Z 24.04.3
2025-11-14T17:33:22.3383455Z LTS
2025-11-14T17:33:22.3383942Z ##[endgroup]
2025-11-14T17:33:22.3384470Z ##[group]Runner Image
2025-11-14T17:33:22.3385024Z Image: ubuntu-24.04
2025-11-14T17:33:22.3385529Z Version: 20251112.124.1
2025-11-14T17:33:22.3386600Z Included Software: https://github.com/actions/runner-images/blob/ubuntu24/20251112.124/images/ubuntu/Ubuntu2404-Readme.md
2025-11-14T17:33:22.3388367Z Image Release: https://github.com/actions/runner-images/releases/tag/ubuntu24%2F20251112.124
2025-11-14T17:33:22.3389429Z ##[endgroup]
2025-11-14T17:33:22.3391878Z ##[group]GITHUB_TOKEN Permissions
2025-11-14T17:33:22.3393835Z Actions: read
2025-11-14T17:33:22.3394378Z ArtifactMetadata: read
2025-11-14T17:33:22.3394969Z Attestations: read
2025-11-14T17:33:22.3395539Z Checks: read
2025-11-14T17:33:22.3395999Z Contents: read
2025-11-14T17:33:22.3396504Z Deployments: read
2025-11-14T17:33:22.3397022Z Discussions: read
2025-11-14T17:33:22.3397725Z Issues: read
2025-11-14T17:33:22.3398325Z Metadata: read
2025-11-14T17:33:22.3398868Z Models: read
2025-11-14T17:33:22.3399347Z Packages: read
2025-11-14T17:33:22.3399852Z Pages: read
2025-11-14T17:33:22.3400301Z PullRequests: read
2025-11-14T17:33:22.3400903Z RepositoryProjects: read
2025-11-14T17:33:22.3401616Z SecurityEvents: read
2025-11-14T17:33:22.3402105Z Statuses: read
2025-11-14T17:33:22.3402675Z ##[endgroup]
2025-11-14T17:33:22.3404587Z Secret source: None
2025-11-14T17:33:22.3405264Z Prepare workflow directory
2025-11-14T17:33:22.3733006Z Prepare all required actions
2025-11-14T17:33:22.3771945Z Getting action download info
2025-11-14T17:33:22.8583486Z Download action repository 'actions/checkout@v5' (SHA:08c6903cd8c0fde910a37f88322edcfb5dd907a8)
2025-11-14T17:33:22.9710479Z Download action repository 'actions/setup-python@v6' (SHA:e797f83bcb11b83ae66e0230d6156d7c80228e7c)
2025-11-14T17:33:23.1341499Z Complete job name: 3.9 Tests
2025-11-14T17:33:23.2007390Z ##[group]Run actions/checkout@v5
2025-11-14T17:33:23.2008640Z with:
2025-11-14T17:33:23.2009050Z   repository: sympy/sympy
2025-11-14T17:33:23.2009655Z   token: ***
2025-11-14T17:33:23.2010032Z   ssh-strict: true
2025-11-14T17:33:23.2010418Z   ssh-user: git
2025-11-14T17:33:23.2010812Z   persist-credentials: true
2025-11-14T17:33:23.2011260Z   clean: true
2025-11-14T17:33:23.2011647Z   sparse-checkout-cone-mode: true
2025-11-14T17:33:23.2012124Z   fetch-depth: 1
2025-11-14T17:33:23.2012501Z   fetch-tags: false
2025-11-14T17:33:23.2012891Z   show-progress: true
2025-11-14T17:33:23.2013287Z   lfs: false
2025-11-14T17:33:23.2013672Z   submodules: false
2025-11-14T17:33:23.2014062Z   set-safe-directory: true
2025-11-14T17:33:23.2014819Z ##[endgroup]
2025-11-14T17:33:23.2921672Z Syncing repository: sympy/sympy
2025-11-14T17:33:23.2923327Z ##[group]Getting Git version info
2025-11-14T17:33:23.2923994Z Working directory is '/home/runner/work/sympy/sympy'
2025-11-14T17:33:23.2925008Z [command]/usr/bin/git version
2025-11-14T17:33:23.3013624Z git version 2.51.2
2025-11-14T17:33:23.3033944Z ##[endgroup]
2025-11-14T17:33:23.3050337Z Temporarily overriding HOME='/home/runner/work/_temp/ddacbe10-cb9f-4ace-bf46-01a4154cd1fa' before making global git config changes
2025-11-14T17:33:23.3052733Z Adding repository directory to the temporary git global config as a safe directory
2025-11-14T17:33:23.3055648Z [command]/usr/bin/git config --global --add safe.directory /home/runner/work/sympy/sympy
2025-11-14T17:33:23.3093829Z Deleting the contents of '/home/runner/work/sympy/sympy'
2025-11-14T17:33:23.3098403Z ##[group]Initializing the repository
2025-11-14T17:33:23.3103412Z [command]/usr/bin/git init /home/runner/work/sympy/sympy
2025-11-14T17:33:23.3225484Z hint: Using 'master' as the name for the initial branch. This default branch name
2025-11-14T17:33:23.3226713Z hint: is subject to change. To configure the initial branch name to use in all
2025-11-14T17:33:23.3227892Z hint: of your new repositories, which will suppress this warning, call:
2025-11-14T17:33:23.3228571Z hint:
2025-11-14T17:33:23.3229057Z hint: 	git config --global init.defaultBranch <name>
2025-11-14T17:33:23.3229931Z hint:
2025-11-14T17:33:23.3230841Z hint: Names commonly chosen instead of 'master' are 'main', 'trunk' and
2025-11-14T17:33:23.3232067Z hint: 'development'. The just-created branch can be renamed via this command:
2025-11-14T17:33:23.3233142Z hint:
2025-11-14T17:33:23.3233804Z hint: 	git branch -m <name>
2025-11-14T17:33:23.3234557Z hint:
2025-11-14T17:33:23.3235322Z hint: Disable this message with "git config set advice.defaultBranchName false"
2025-11-14T17:33:23.3236274Z Initialized empty Git repository in /home/runner/work/sympy/sympy/.git/
2025-11-14T17:33:23.3240040Z [command]/usr/bin/git remote add origin https://github.com/sympy/sympy
2025-11-14T17:33:23.3275876Z ##[endgroup]
2025-11-14T17:33:23.3277065Z ##[group]Disabling automatic garbage collection
2025-11-14T17:33:23.3280483Z [command]/usr/bin/git config --local gc.auto 0
2025-11-14T17:33:23.3309435Z ##[endgroup]
2025-11-14T17:33:23.3310622Z ##[group]Setting up auth
2025-11-14T17:33:23.3316444Z [command]/usr/bin/git config --local --name-only --get-regexp core\.sshCommand
2025-11-14T17:33:23.3347018Z [command]/usr/bin/git submodule foreach --recursive sh -c "git config --local --name-only --get-regexp 'core\.sshCommand' && git config --local --unset-all 'core.sshCommand' || :"
2025-11-14T17:33:23.3752272Z [command]/usr/bin/git config --local --name-only --get-regexp http\.https\:\/\/github\.com\/\.extraheader
2025-11-14T17:33:23.3781805Z [command]/usr/bin/git submodule foreach --recursive sh -c "git config --local --name-only --get-regexp 'http\.https\:\/\/github\.com\/\.extraheader' && git config --local --unset-all 'http.https://github.com/.extraheader' || :"
2025-11-14T17:33:23.4018502Z [command]/usr/bin/git config --local http.https://github.com/.extraheader AUTHORIZATION: basic ***
2025-11-14T17:33:23.4054202Z ##[endgroup]
2025-11-14T17:33:23.4055723Z ##[group]Fetching the repository
2025-11-14T17:33:23.4064732Z [command]/usr/bin/git -c protocol.version=2 fetch --no-tags --prune --no-recurse-submodules --depth=1 origin +7c9c87ec91af66a14e3419bde8074060ce38fcc5:refs/remotes/pull/28591/merge
2025-11-14T17:33:24.1942428Z From https://github.com/sympy/sympy
2025-11-14T17:33:24.1944138Z  * [new ref]         7c9c87ec91af66a14e3419bde8074060ce38fcc5 -> pull/28591/merge
2025-11-14T17:33:24.1994522Z ##[endgroup]
2025-11-14T17:33:24.1995767Z ##[group]Determining the checkout info
2025-11-14T17:33:24.1999369Z ##[endgroup]
2025-11-14T17:33:24.2003724Z [command]/usr/bin/git sparse-checkout disable
2025-11-14T17:33:24.2045689Z [command]/usr/bin/git config --local --unset-all extensions.worktreeConfig
2025-11-14T17:33:24.2075025Z ##[group]Checking out the ref
2025-11-14T17:33:24.2079545Z [command]/usr/bin/git checkout --progress --force refs/remotes/pull/28591/merge
2025-11-14T17:33:24.3936830Z Note: switching to 'refs/remotes/pull/28591/merge'.
2025-11-14T17:33:24.3937912Z 
2025-11-14T17:33:24.3938531Z You are in 'detached HEAD' state. You can look around, make experimental
2025-11-14T17:33:24.3939654Z changes and commit them, and you can discard any commits you make in this
2025-11-14T17:33:24.3940779Z state without impacting any branches by switching back to a branch.
2025-11-14T17:33:24.3941444Z 
2025-11-14T17:33:24.3941877Z If you want to create a new branch to retain commits you create, you may
2025-11-14T17:33:24.3942928Z do so (now or later) by using -c with the switch command. Example:
2025-11-14T17:33:24.3943891Z 
2025-11-14T17:33:24.3944263Z   git switch -c <new-branch-name>
2025-11-14T17:33:24.3945107Z 
2025-11-14T17:33:24.3945840Z Or undo this operation with:
2025-11-14T17:33:24.3946456Z 
2025-11-14T17:33:24.3946735Z   git switch -
2025-11-14T17:33:24.3947215Z 
2025-11-14T17:33:24.3948271Z Turn off this advice by setting config variable advice.detachedHead to false
2025-11-14T17:33:24.3949326Z 
2025-11-14T17:33:24.3950597Z HEAD is now at 7c9c87e Merge 950e6a919f3102a5c2b29df11255b4faafd10752 into 6aaf987927fcf7bd8eecbaf1d7d2d1995049e9dd
2025-11-14T17:33:24.3954342Z ##[endgroup]
2025-11-14T17:33:24.3999758Z [command]/usr/bin/git log -1 --format=%H
2025-11-14T17:33:24.4037169Z 7c9c87ec91af66a14e3419bde8074060ce38fcc5
2025-11-14T17:33:24.4375334Z ##[group]Run actions/setup-python@v6
2025-11-14T17:33:24.4376031Z with:
2025-11-14T17:33:24.4376444Z   python-version: 3.9
2025-11-14T17:33:24.4376976Z   allow-prereleases: true
2025-11-14T17:33:24.4377695Z   check-latest: false
2025-11-14T17:33:24.4378462Z   token: ***
2025-11-14T17:33:24.4378933Z   update-environment: true
2025-11-14T17:33:24.4379527Z   freethreaded: false
2025-11-14T17:33:24.4380028Z ##[endgroup]
2025-11-14T17:33:24.5620637Z ##[group]Installed versions
2025-11-14T17:33:24.5746909Z (node:2060) [DEP0040] DeprecationWarning: The `punycode` module is deprecated. Please use a userland alternative instead.
2025-11-14T17:33:24.5751197Z (Use `node --trace-deprecation ...` to show where the warning was created)
2025-11-14T17:33:24.5753679Z Successfully set up CPython (3.9.25)
2025-11-14T17:33:24.5755968Z ##[endgroup]
2025-11-14T17:33:24.5903503Z ##[group]Run python -m pip install --upgrade pip
2025-11-14T17:33:24.5904483Z [36;1mpython -m pip install --upgrade pip[0m
2025-11-14T17:33:24.5952064Z shell: /usr/bin/bash -e {0}
2025-11-14T17:33:24.5952653Z env:
2025-11-14T17:33:24.5953248Z   pythonLocation: /opt/hostedtoolcache/Python/3.9.25/x64
2025-11-14T17:33:24.5954392Z   PKG_CONFIG_PATH: /opt/hostedtoolcache/Python/3.9.25/x64/lib/pkgconfig
2025-11-14T17:33:24.5955511Z   Python_ROOT_DIR: /opt/hostedtoolcache/Python/3.9.25/x64
2025-11-14T17:33:24.5956494Z   Python2_ROOT_DIR: /opt/hostedtoolcache/Python/3.9.25/x64
2025-11-14T17:33:24.5957726Z   Python3_ROOT_DIR: /opt/hostedtoolcache/Python/3.9.25/x64
2025-11-14T17:33:24.5958736Z   LD_LIBRARY_PATH: /opt/hostedtoolcache/Python/3.9.25/x64/lib
2025-11-14T17:33:24.5959520Z ##[endgroup]
2025-11-14T17:33:27.4630773Z Requirement already satisfied: pip in /opt/hostedtoolcache/Python/3.9.25/x64/lib/python3.9/site-packages (25.3)
2025-11-14T17:33:27.8273388Z ##[group]Run pip install -r requirements-dev.txt
2025-11-14T17:33:27.8273868Z [36;1mpip install -r requirements-dev.txt[0m
2025-11-14T17:33:27.8309075Z shell: /usr/bin/bash -e {0}
2025-11-14T17:33:27.8309341Z env:
2025-11-14T17:33:27.8309621Z   pythonLocation: /opt/hostedtoolcache/Python/3.9.25/x64
2025-11-14T17:33:27.8310053Z   PKG_CONFIG_PATH: /opt/hostedtoolcache/Python/3.9.25/x64/lib/pkgconfig
2025-11-14T17:33:27.8310490Z   Python_ROOT_DIR: /opt/hostedtoolcache/Python/3.9.25/x64
2025-11-14T17:33:27.8310872Z   Python2_ROOT_DIR: /opt/hostedtoolcache/Python/3.9.25/x64
2025-11-14T17:33:27.8311255Z   Python3_ROOT_DIR: /opt/hostedtoolcache/Python/3.9.25/x64
2025-11-14T17:33:27.8311629Z   LD_LIBRARY_PATH: /opt/hostedtoolcache/Python/3.9.25/x64/lib
2025-11-14T17:33:27.8311943Z ##[endgroup]
2025-11-14T17:33:28.3125492Z Collecting mpmath (from -r requirements-dev.txt (line 1))
2025-11-14T17:33:28.3969837Z   Downloading mpmath-1.3.0-py3-none-any.whl.metadata (8.6 kB)
2025-11-14T17:33:28.4819051Z Collecting pytest (from -r requirements-dev.txt (line 2))
2025-11-14T17:33:28.5013182Z   Downloading pytest-8.4.2-py3-none-any.whl.metadata (7.7 kB)
2025-11-14T17:33:28.5516090Z Collecting pytest-xdist (from -r requirements-dev.txt (line 3))
2025-11-14T17:33:28.5710231Z   Downloading pytest_xdist-3.8.0-py3-none-any.whl.metadata (3.0 kB)
2025-11-14T17:33:28.6027766Z Collecting pytest-timeout (from -r requirements-dev.txt (line 4))
2025-11-14T17:33:28.6222487Z   Downloading pytest_timeout-2.4.0-py3-none-any.whl.metadata (20 kB)
2025-11-14T17:33:28.6589935Z Collecting pytest-split (from -r requirements-dev.txt (line 5))
2025-11-14T17:33:28.6791795Z   Downloading pytest_split-0.10.0-py3-none-any.whl.metadata (9.5 kB)
2025-11-14T17:33:28.7129885Z Collecting pytest-doctestplus (from -r requirements-dev.txt (line 6))
2025-11-14T17:33:28.7331197Z   Downloading pytest_doctestplus-1.5.0-py3-none-any.whl.metadata (17 kB)
2025-11-14T17:33:29.0864379Z Collecting hypothesis (from -r requirements-dev.txt (line 7))
2025-11-14T17:33:29.1065579Z   Downloading hypothesis-6.141.1-py3-none-any.whl.metadata (5.7 kB)
2025-11-14T17:33:29.1621203Z Collecting flake8 (from -r requirements-dev.txt (line 8))
2025-11-14T17:33:29.1816850Z   Downloading flake8-7.3.0-py2.py3-none-any.whl.metadata (3.8 kB)
2025-11-14T17:33:29.2165487Z Collecting flake8-comprehensions (from -r requirements-dev.txt (line 9))
2025-11-14T17:33:29.2369099Z   Downloading flake8_comprehensions-3.17.0-py3-none-any.whl.metadata (12 kB)
2025-11-14T17:33:29.2683856Z Collecting exceptiongroup>=1 (from pytest->-r requirements-dev.txt (line 2))
2025-11-14T17:33:29.2878355Z   Downloading exceptiongroup-1.3.0-py3-none-any.whl.metadata (6.7 kB)
2025-11-14T17:33:29.3168103Z Collecting iniconfig>=1 (from pytest->-r requirements-dev.txt (line 2))
2025-11-14T17:33:29.3362691Z   Downloading iniconfig-2.1.0-py3-none-any.whl.metadata (2.7 kB)
2025-11-14T17:33:29.3708494Z Collecting packaging>=20 (from pytest->-r requirements-dev.txt (line 2))
2025-11-14T17:33:29.3904917Z   Downloading packaging-25.0-py3-none-any.whl.metadata (3.3 kB)
2025-11-14T17:33:29.4202005Z Collecting pluggy<2,>=1.5 (from pytest->-r requirements-dev.txt (line 2))
2025-11-14T17:33:29.4396940Z   Downloading pluggy-1.6.0-py3-none-any.whl.metadata (4.8 kB)
2025-11-14T17:33:29.4802701Z Collecting pygments>=2.7.2 (from pytest->-r requirements-dev.txt (line 2))
2025-11-14T17:33:29.5003951Z   Downloading pygments-2.19.2-py3-none-any.whl.metadata (2.5 kB)
2025-11-14T17:33:29.5384064Z Collecting tomli>=1 (from pytest->-r requirements-dev.txt (line 2))
2025-11-14T17:33:29.5589330Z   Downloading tomli-2.3.0-py3-none-any.whl.metadata (10 kB)
2025-11-14T17:33:29.5908428Z Collecting execnet>=2.1 (from pytest-xdist->-r requirements-dev.txt (line 3))
2025-11-14T17:33:29.6102440Z   Downloading execnet-2.1.2-py3-none-any.whl.metadata (2.9 kB)
2025-11-14T17:33:29.6909437Z Collecting attrs>=22.2.0 (from hypothesis->-r requirements-dev.txt (line 7))
2025-11-14T17:33:29.7104445Z   Downloading attrs-25.4.0-py3-none-any.whl.metadata (10 kB)
2025-11-14T17:33:29.7439234Z Collecting sortedcontainers<3.0.0,>=2.1.0 (from hypothesis->-r requirements-dev.txt (line 7))
2025-11-14T17:33:29.7633104Z   Downloading sortedcontainers-2.4.0-py2.py3-none-any.whl.metadata (10 kB)
2025-11-14T17:33:29.7957156Z Collecting mccabe<0.8.0,>=0.7.0 (from flake8->-r requirements-dev.txt (line 8))
2025-11-14T17:33:29.8149878Z   Downloading mccabe-0.7.0-py2.py3-none-any.whl.metadata (5.0 kB)
2025-11-14T17:33:29.8450923Z Collecting pycodestyle<2.15.0,>=2.14.0 (from flake8->-r requirements-dev.txt (line 8))
2025-11-14T17:33:29.8643068Z   Downloading pycodestyle-2.14.0-py2.py3-none-any.whl.metadata (4.5 kB)
2025-11-14T17:33:29.8964446Z Collecting pyflakes<3.5.0,>=3.4.0 (from flake8->-r requirements-dev.txt (line 8))
2025-11-14T17:33:29.9155786Z   Downloading pyflakes-3.4.0-py2.py3-none-any.whl.metadata (3.5 kB)
2025-11-14T17:33:29.9653832Z Collecting typing-extensions>=4.6.0 (from exceptiongroup>=1->pytest->-r requirements-dev.txt (line 2))
2025-11-14T17:33:29.9847636Z   Downloading typing_extensions-4.15.0-py3-none-any.whl.metadata (3.3 kB)
2025-11-14T17:33:30.0118092Z Downloading mpmath-1.3.0-py3-none-any.whl (536 kB)
2025-11-14T17:33:30.0775883Z    ━━━━━━━━━━━━━━━━━━━━━━━━━━━━━━━━━━━━━━━━ 536.2/536.2 kB 13.9 MB/s  0:00:00
2025-11-14T17:33:30.0970360Z Downloading pytest-8.4.2-py3-none-any.whl (365 kB)
2025-11-14T17:33:30.1231277Z Downloading pluggy-1.6.0-py3-none-any.whl (20 kB)
2025-11-14T17:33:30.1492181Z Downloading pytest_xdist-3.8.0-py3-none-any.whl (46 kB)
2025-11-14T17:33:30.1710623Z Downloading pytest_timeout-2.4.0-py3-none-any.whl (14 kB)
2025-11-14T17:33:30.1965621Z Downloading pytest_split-0.10.0-py3-none-any.whl (11 kB)
2025-11-14T17:33:30.2186776Z Downloading pytest_doctestplus-1.5.0-py3-none-any.whl (25 kB)
2025-11-14T17:33:30.2420410Z Downloading hypothesis-6.141.1-py3-none-any.whl (535 kB)
2025-11-14T17:33:30.2529924Z    ━━━━━━━━━━━━━━━━━━━━━━━━━━━━━━━━━━━━━━━━ 535.0/535.0 kB 43.4 MB/s  0:00:00
2025-11-14T17:33:30.2727862Z Downloading sortedcontainers-2.4.0-py2.py3-none-any.whl (29 kB)
2025-11-14T17:33:30.2945523Z Downloading flake8-7.3.0-py2.py3-none-any.whl (57 kB)
2025-11-14T17:33:30.3165125Z Downloading mccabe-0.7.0-py2.py3-none-any.whl (7.3 kB)
2025-11-14T17:33:30.3381337Z Downloading pycodestyle-2.14.0-py2.py3-none-any.whl (31 kB)
2025-11-14T17:33:30.3596394Z Downloading pyflakes-3.4.0-py2.py3-none-any.whl (63 kB)
2025-11-14T17:33:30.3817032Z Downloading flake8_comprehensions-3.17.0-py3-none-any.whl (8.2 kB)
2025-11-14T17:33:30.4032228Z Downloading attrs-25.4.0-py3-none-any.whl (67 kB)
2025-11-14T17:33:30.4249556Z Downloading exceptiongroup-1.3.0-py3-none-any.whl (16 kB)
2025-11-14T17:33:30.4465947Z Downloading execnet-2.1.2-py3-none-any.whl (40 kB)
2025-11-14T17:33:30.4683148Z Downloading iniconfig-2.1.0-py3-none-any.whl (6.0 kB)
2025-11-14T17:33:30.4899281Z Downloading packaging-25.0-py3-none-any.whl (66 kB)
2025-11-14T17:33:30.5116645Z Downloading pygments-2.19.2-py3-none-any.whl (1.2 MB)
2025-11-14T17:33:30.5356617Z    ━━━━━━━━━━━━━━━━━━━━━━━━━━━━━━━━━━━━━━━━ 1.2/1.2 MB 46.7 MB/s  0:00:00
2025-11-14T17:33:30.5551591Z Downloading tomli-2.3.0-py3-none-any.whl (14 kB)
2025-11-14T17:33:30.5766411Z Downloading typing_extensions-4.15.0-py3-none-any.whl (44 kB)
2025-11-14T17:33:30.6604136Z Installing collected packages: sortedcontainers, mpmath, typing-extensions, tomli, pygments, pyflakes, pycodestyle, pluggy, packaging, mccabe, iniconfig, execnet, attrs, flake8, exceptiongroup, pytest, hypothesis, flake8-comprehensions, pytest-xdist, pytest-timeout, pytest-split, pytest-doctestplus
2025-11-14T17:33:32.4142928Z 
2025-11-14T17:33:32.4189584Z Successfully installed attrs-25.4.0 exceptiongroup-1.3.0 execnet-2.1.2 flake8-7.3.0 flake8-comprehensions-3.17.0 hypothesis-6.141.1 iniconfig-2.1.0 mccabe-0.7.0 mpmath-1.3.0 packaging-25.0 pluggy-1.6.0 pycodestyle-2.14.0 pyflakes-3.4.0 pygments-2.19.2 pytest-8.4.2 pytest-doctestplus-1.5.0 pytest-split-0.10.0 pytest-timeout-2.4.0 pytest-xdist-3.8.0 sortedcontainers-2.4.0 tomli-2.3.0 typing-extensions-4.15.0
2025-11-14T17:33:32.4807866Z ##[group]Run pytest -n auto
2025-11-14T17:33:32.4808147Z [36;1mpytest -n auto[0m
2025-11-14T17:33:32.4841650Z shell: /usr/bin/bash -e {0}
2025-11-14T17:33:32.4841880Z env:
2025-11-14T17:33:32.4842123Z   pythonLocation: /opt/hostedtoolcache/Python/3.9.25/x64
2025-11-14T17:33:32.4842555Z   PKG_CONFIG_PATH: /opt/hostedtoolcache/Python/3.9.25/x64/lib/pkgconfig
2025-11-14T17:33:32.4842969Z   Python_ROOT_DIR: /opt/hostedtoolcache/Python/3.9.25/x64
2025-11-14T17:33:32.4843330Z   Python2_ROOT_DIR: /opt/hostedtoolcache/Python/3.9.25/x64
2025-11-14T17:33:32.4843698Z   Python3_ROOT_DIR: /opt/hostedtoolcache/Python/3.9.25/x64
2025-11-14T17:33:32.4844075Z   LD_LIBRARY_PATH: /opt/hostedtoolcache/Python/3.9.25/x64/lib
2025-11-14T17:33:32.4844385Z ##[endgroup]
2025-11-14T17:36:55.1090479Z ============================= test session starts ==============================
2025-11-14T17:36:55.1109475Z platform linux -- Python 3.9.25, pytest-8.4.2, pluggy-1.6.0
2025-11-14T17:36:55.1110131Z architecture: 64-bit
2025-11-14T17:36:55.1110453Z cache:        yes
2025-11-14T17:36:55.1110763Z ground types: python 
2025-11-14T17:36:55.1110981Z 
2025-11-14T17:36:55.1111139Z rootdir: /home/runner/work/sympy/sympy
2025-11-14T17:36:55.1111577Z configfile: pyproject.toml
2025-11-14T17:36:55.1111956Z testpaths: sympy, doc/src
2025-11-14T17:36:55.1112567Z plugins: timeout-2.4.0, split-0.10.0, doctestplus-1.5.0, xdist-3.8.0, hypothesis-6.141.1
2025-11-14T17:36:55.1113244Z created: 4/4 workers
2025-11-14T17:36:55.1113565Z 4 workers [13904 items]
2025-11-14T17:36:55.1113772Z 
2025-11-14T17:36:55.2791682Z .....ss.s.........s...s................................ss............... [  0%]
2025-11-14T17:36:55.4272855Z ........................................................................ [  1%]
2025-11-14T17:36:55.5884395Z ..............................................................x....s.... [  1%]
2025-11-14T17:36:55.7565410Z ......................................................s...s.ss.......... [  2%]
2025-11-14T17:36:55.9283309Z .........s............s...sss.....................sss................... [  2%]
2025-11-14T17:36:56.0797149Z ..........................s......s.x.................................s.s [  3%]
2025-11-14T17:36:56.2194991Z ........ss..............s...........................s.s....s..s..s....s. [  3%]
2025-11-14T17:36:56.4361025Z ............s.s.............ss........s................................. [  4%]
2025-11-14T17:36:56.6037988Z ....s...x..s..s.s.........s......s...................................... [  4%]
2025-11-14T17:36:56.7973179Z ........................................................................ [  5%]
2025-11-14T17:36:56.9872727Z ...s......................................................s..s...s...... [  5%]
2025-11-14T17:36:57.7298366Z .............s.......................x.................................. [  6%]
2025-11-14T17:36:58.2773251Z .......................x...................s............s....s.s......s. [  6%]
2025-11-14T17:36:58.8648716Z .............s............s..............s...s................s...s....s [  7%]
2025-11-14T17:36:59.1180492Z ........s.................s............................................. [  7%]
2025-11-14T17:37:00.6091526Z ...................................................................x.x.. [  8%]
2025-11-14T17:37:04.9487185Z ....................................................ssssssssssssssss..s. [  8%]
2025-11-14T17:37:10.4635301Z s..................................x.x.........sssssssssssssssssssssss.s [  9%]
2025-11-14T17:37:18.2678310Z .......................xx............................................... [  9%]
2025-11-14T17:37:18.9084481Z .....................................x.....x........................x... [ 10%]
2025-11-14T17:37:19.9814172Z .....x.................................................................. [ 10%]
2025-11-14T17:37:27.2489879Z .....x.....................................x.........x.................. [ 11%]
2025-11-14T17:37:30.3916685Z ..................x.x..........................x...........x.....x...... [ 11%]
2025-11-14T17:37:35.6660889Z .....................................x...........x...................... [ 12%]
2025-11-14T17:37:39.9544795Z ........................................................................ [ 12%]
2025-11-14T17:37:41.4291501Z ..................x..................................................... [ 13%]
2025-11-14T17:37:52.4084081Z ..................x..................................................x.. [ 13%]
2025-11-14T17:37:54.4566646Z ....................s................................................... [ 14%]
2025-11-14T17:37:58.7684397Z .....x.......................x..x....x.................................. [ 15%]
2025-11-14T17:38:01.5635140Z .........x.............................................................. [ 15%]
2025-11-14T17:38:09.4311893Z ...............................................xxx...................... [ 16%]
2025-11-14T17:38:10.6031118Z .....................x.......................x................x........x [ 16%]
2025-11-14T17:38:11.8384809Z ........xx.............................................................. [ 17%]
2025-11-14T17:38:13.9156845Z ....................x........................s.......................... [ 17%]
2025-11-14T17:38:16.5987981Z .................s...................................................... [ 18%]
2025-11-14T17:38:23.4652679Z .................x..............................x....................... [ 18%]
2025-11-14T17:38:26.3050236Z ........................................................................ [ 19%]
2025-11-14T17:38:32.1871627Z ...............ss..s................s................................... [ 19%]
2025-11-14T17:38:34.3221223Z .......................X.............X......s...........s............... [ 20%]
2025-11-14T17:38:35.9525906Z ...................................................................xs... [ 20%]
2025-11-14T17:38:40.5138195Z .x........................xx..x...................x..................... [ 21%]
2025-11-14T17:38:48.0806736Z x...x................x..x...xx......x.......ss.s........................ [ 21%]
2025-11-14T17:38:53.6546510Z ............s........................................................... [ 22%]
2025-11-14T17:38:55.0683587Z .....s.................................................................. [ 22%]
2025-11-14T17:39:06.4928838Z ........................................................................ [ 23%]
2025-11-14T17:39:14.5015707Z ........................................................................ [ 23%]
2025-11-14T17:39:18.5893314Z ...x.......x.........s...............................x.................. [ 24%]
2025-11-14T17:39:25.8840324Z ..s.......................x.....................x.xx.x..ss.s.....x...... [ 24%]
2025-11-14T17:39:34.0708232Z .........s....x.............x....xx.x................................... [ 25%]
2025-11-14T17:39:35.0910252Z ........................................................................ [ 25%]
2025-11-14T17:39:37.0996811Z .............s............................x............................. [ 26%]
2025-11-14T17:39:44.1913895Z ................................x.......................x............... [ 26%]
2025-11-14T17:39:53.1254855Z ......................................x................................. [ 27%]
2025-11-14T17:39:59.6313016Z ........................................................................ [ 27%]
2025-11-14T17:40:09.8901792Z ........................................................................ [ 28%]
2025-11-14T17:40:23.8499301Z ..................................................x..................... [ 28%]
2025-11-14T17:40:32.2518988Z ........................................................................ [ 29%]
2025-11-14T17:40:40.0125013Z .................x.......................sssss.ss.......ssssss.sssssssss [ 30%]
2025-11-14T17:40:40.1701064Z sssssssss.ss..ss..s..sss................................................ [ 30%]
2025-11-14T17:40:40.3772995Z ....................................sss.............s..................s [ 31%]
2025-11-14T17:40:40.5626471Z .........s.ss....s...............s.................................ss... [ 31%]
2025-11-14T17:40:41.8745336Z ..................................ss.......sxx...x...................... [ 32%]
2025-11-14T17:40:46.3955123Z ........................................................................ [ 32%]
2025-11-14T17:40:47.2686564Z ........................................................................ [ 33%]
2025-11-14T17:40:47.6231340Z ....................ss..............................ss.................. [ 33%]
2025-11-14T17:40:48.0411980Z ............ss............................ss............................ [ 34%]
2025-11-14T17:40:48.5886640Z ..........ss..............................ss............................ [ 34%]
2025-11-14T17:40:49.2688852Z ...ss.s................................................................. [ 35%]
2025-11-14T17:40:54.6408491Z ........................................................................ [ 35%]
2025-11-14T17:40:57.7597787Z ........x....................................x.......................... [ 36%]
2025-11-14T17:41:09.7820381Z .......xs...........................x.............................x..... [ 36%]
2025-11-14T17:41:17.2646463Z ...............................................x........................ [ 37%]
2025-11-14T17:41:19.0176250Z ........................................................................ [ 37%]
2025-11-14T17:41:20.9974024Z .........x.............................................................. [ 38%]
2025-11-14T17:41:22.6742139Z ........................................................................ [ 38%]
2025-11-14T17:41:24.5880518Z ........................................................................ [ 39%]
2025-11-14T17:41:27.3057632Z ............................................................x........... [ 39%]
2025-11-14T17:41:51.2238537Z ........................................................................ [ 40%]
2025-11-14T17:42:26.5552479Z ........................................................................ [ 40%]
2025-11-14T17:42:30.9255136Z ........................................................................ [ 41%]
2025-11-14T17:42:39.2570063Z ........................................................................ [ 41%]
2025-11-14T17:42:51.4563059Z ........................................................................ [ 42%]
2025-11-14T17:42:52.4357237Z ........................................................................ [ 42%]
2025-11-14T17:42:52.9068267Z ........................................................................ [ 43%]
2025-11-14T17:42:53.3997306Z ........................................................................ [ 44%]
2025-11-14T17:42:53.8189768Z ........................................................................ [ 44%]
2025-11-14T17:42:54.4266842Z ........................................................................ [ 45%]
2025-11-14T17:42:54.9726907Z ........................................................................ [ 45%]
2025-11-14T17:42:55.4361284Z ........................................................................ [ 46%]
2025-11-14T17:42:55.7686865Z ..............................................................s..s..s..s [ 46%]
2025-11-14T17:42:55.9910989Z ...s..s..s..s..s...s..s..s..s..s..s..s..s..s..s..s..s..s..s..s..s..s..s. [ 47%]
2025-11-14T17:42:56.2324513Z .s..s..s..s..s..s..s..s..s..s..s..s..s..s..s..s..s..s..s..s..s..s..s...s [ 47%]
2025-11-14T17:43:14.6131238Z ..s..s..s..s..s..s..s..s..s..s..s....................................... [ 48%]
2025-11-14T17:43:45.2178669Z ........................................................................ [ 48%]
2025-11-14T17:43:46.2081958Z ...................................................s.s.sss.............. [ 49%]
2025-11-14T17:44:02.5484884Z ........................................................................ [ 49%]
2025-11-14T17:44:03.8169809Z ........................................................................ [ 50%]
2025-11-14T17:44:07.7915688Z ........................................................................ [ 50%]
2025-11-14T17:44:08.0570658Z ........................................................................ [ 51%]
2025-11-14T17:44:08.5790810Z .................................................................sssssss [ 51%]
2025-11-14T17:44:09.1176363Z sssssssssssss........................................................... [ 52%]
2025-11-14T17:44:09.3616038Z ........................................................................ [ 52%]
2025-11-14T17:44:09.8654680Z ........................................................................ [ 53%]
2025-11-14T17:44:12.6222151Z .............................x.......................................... [ 53%]
2025-11-14T17:44:16.0175960Z ........................................................................ [ 54%]
2025-11-14T17:44:17.7201481Z ..................................................ssssssssssssssssssssss [ 54%]
2025-11-14T17:44:17.9571170Z ss.................ssssssssssssssssssssssssssssssssssssss.ssssssssssss.s [ 55%]
2025-11-14T17:44:19.7003394Z sssss.sssss.ssss.s.ssssssss.ss.ssssss..sss.............................. [ 55%]
2025-11-14T17:44:27.9790111Z ........................................................................ [ 56%]
2025-11-14T17:44:28.4334119Z ........................................................................ [ 56%]
2025-11-14T17:44:29.5701233Z ...............ssssssssssssssssssssssssssssssssssssssss................. [ 57%]
2025-11-14T17:44:31.7583618Z ...........................................................x............ [ 57%]
2025-11-14T17:44:32.3480267Z .....x..s............................................................... [ 58%]
2025-11-14T17:44:32.8684658Z ........................................................................ [ 59%]
2025-11-14T17:44:33.5054219Z .......................x...ssssssssssssssssss........................... [ 59%]
2025-11-14T17:44:33.9791142Z .......................x................................................ [ 60%]
2025-11-14T17:44:34.4456747Z .....x.................................................................. [ 60%]
2025-11-14T17:44:34.6648121Z ........................................................................ [ 61%]
2025-11-14T17:44:34.9424040Z ........................................................................ [ 61%]
2025-11-14T17:44:35.3456410Z ........................................................................ [ 62%]
2025-11-14T17:44:36.8016603Z ..........................x.....................................x....... [ 62%]
2025-11-14T17:44:38.2895559Z ...............................x........................................ [ 63%]
2025-11-14T17:44:38.6110482Z ................................ssssssssss.ssssss....................... [ 63%]
2025-11-14T17:44:38.9653091Z ........................................................................ [ 64%]
2025-11-14T17:44:39.2471009Z ........................................................................ [ 64%]
2025-11-14T17:44:39.7621993Z ..x........................sssssssssssssssssss........................x. [ 65%]
2025-11-14T17:44:41.0852704Z ........................................................................ [ 65%]
2025-11-14T17:44:41.3755457Z ................................................s.ssss..sssssssssss.ssss [ 66%]
2025-11-14T17:44:41.4974629Z .ss.s.ss.ssssss.ssss.ss.ss.sss.sss.sss....sss.s...ss.ssss.s.s...x....... [ 66%]
2025-11-14T17:44:45.0994964Z ............................................................x........... [ 67%]
2025-11-14T17:44:46.0328712Z ..........x............................................................. [ 67%]
2025-11-14T17:44:52.7238231Z .........x.............................................................. [ 68%]
2025-11-14T17:45:07.9149765Z .......................x................................................ [ 68%]
2025-11-14T17:45:12.5644432Z .................................................sss..............x..... [ 69%]
2025-11-14T17:45:15.6995894Z ..........................................x............................. [ 69%]
2025-11-14T17:45:15.9742228Z ........................................................................ [ 70%]
2025-11-14T17:45:17.8683633Z ........................................................................ [ 70%]
2025-11-14T17:45:18.8479937Z ........................................................................ [ 71%]
2025-11-14T17:45:36.7096964Z ..x................x.................................................... [ 71%]
2025-11-14T17:45:37.7756330Z ...................................s........................x........... [ 72%]
2025-11-14T17:45:38.1320571Z ........................................................................ [ 73%]
2025-11-14T17:45:38.7384094Z ........................................................................ [ 73%]
2025-11-14T17:45:40.6843366Z ....................................x................................... [ 74%]
2025-11-14T17:45:42.7542908Z ........x............................................x......x........x.. [ 74%]
2025-11-14T17:45:44.4576737Z ...................................................x...................x [ 75%]
2025-11-14T17:45:46.3896341Z ...................x.....x..xx......................x..................x [ 75%]
2025-11-14T17:45:47.8233194Z ..x...x.............................................................x... [ 76%]
2025-11-14T17:45:51.0111520Z .................................................................x...... [ 76%]
2025-11-14T17:45:53.8911524Z .....................................................................x.. [ 77%]
2025-11-14T17:46:08.1284799Z .......x................x...................x.........x................. [ 77%]
2025-11-14T17:46:26.6376225Z .....................................x.................................. [ 78%]
2025-11-14T17:46:31.8387717Z ..xxx.............x.....x............................................... [ 78%]
2025-11-14T17:46:36.0846446Z .................sssssss.......................F..F..................... [ 79%]
2025-11-14T17:46:40.3689297Z ..........................................x........x................x... [ 79%]
2025-11-14T17:46:48.6365669Z .......................................................x................ [ 80%]
2025-11-14T17:47:01.3328523Z ..........................................x...x................x.x...... [ 80%]
2025-11-14T17:47:21.0850850Z ............x.....x.......x..................................x.......... [ 81%]
2025-11-14T17:47:41.6247364Z ...................x................................................s... [ 81%]
2025-11-14T17:47:47.1836055Z ..................................................sss..............ss... [ 82%]
2025-11-14T17:47:56.4025668Z ....................................................................s... [ 82%]
2025-11-14T17:47:57.0651141Z .............sss.ss..................................x.................. [ 83%]
2025-11-14T17:47:59.0060287Z ............................................ssss...s.......x............ [ 83%]
2025-11-14T17:48:12.2480597Z ...................................................x.x.................. [ 84%]
2025-11-14T17:48:20.9512182Z ..................................................x..................... [ 84%]
2025-11-14T17:48:22.9759771Z ........................x............................................... [ 85%]
2025-11-14T17:48:32.8045764Z ........................................ss........x..................... [ 85%]
2025-11-14T17:48:45.7711655Z .........................x...xx...x...................................x. [ 86%]
2025-11-14T17:48:55.9084181Z ...........................................................x............ [ 86%]
2025-11-14T17:49:08.8737061Z ........................................................................ [ 87%]
2025-11-14T17:49:48.9648831Z ............sssssssssssssss............................................. [ 88%]
2025-11-14T17:50:02.4719149Z ..................................................................xsss.. [ 88%]
2025-11-14T17:50:13.8008610Z X.....ss............................s.........ss........................ [ 89%]
2025-11-14T17:50:24.1941476Z .................ss..................................................... [ 89%]
2025-11-14T17:50:31.9348426Z ........................................................................ [ 90%]
2025-11-14T17:50:38.9632417Z ...x...x.......x........................................................ [ 90%]
2025-11-14T17:50:39.4896244Z ........................................................................ [ 91%]
2025-11-14T17:50:42.7751203Z ..................................................................s..... [ 91%]
2025-11-14T17:50:47.7967403Z x....................................................................... [ 92%]
2025-11-14T17:50:48.3192548Z ..........................x.......................x.......x............. [ 92%]
2025-11-14T17:50:49.6060454Z .....................................................................sss [ 93%]
2025-11-14T17:50:50.5454111Z s...............ss...............ssssssssss.ssssssssssssssss............ [ 93%]
2025-11-14T17:50:51.3968069Z .........ss...s...sss.......ssssss.ssssssss.ssssssssssss...s.......ssss. [ 94%]
2025-11-14T17:50:55.4829742Z s.................................xx..x.........x.x..................... [ 94%]
2025-11-14T17:51:02.0641534Z ...............x...x.x....xx.xxxxxxx...xxx.......xx....x.x.............x [ 95%]
2025-11-14T17:51:10.8879788Z ....x.xx.......x.x...................x.................................. [ 95%]
2025-11-14T17:51:13.1226110Z ......x.......x.........................x........x..........xx..x..x.... [ 96%]
2025-11-14T17:51:25.3464785Z .......x.x.x.xx..xx..xxx..x...x.x..xxxx.xxx.sxxx.x........xxx......x.x.. [ 96%]
2025-11-14T17:51:32.7929933Z ......xx..x.x......x...........xxx.x..x.xx.x...xx...........xxx.xx..xx.. [ 97%]
2025-11-14T17:51:40.8846662Z .....x.x....xx.......xxxx.xxxxxx.x......x.x....x..x.....xx..x.x..x.x.x.. [ 97%]
2025-11-14T17:51:52.2709019Z ..x....................s....x.xx.x..x.x............x......x......xx..... [ 98%]
2025-11-14T17:52:18.1830312Z ............x........x...........x..........x............x.....xs..xx.xx [ 98%]
2025-11-14T17:52:27.9565367Z .x..x..xx....x....xxxx...xxxx...x........x............x......x.....x.... [ 99%]
2025-11-14T17:52:39.5607800Z .x................x.............x.....x................................. [ 99%]
2025-11-14T17:52:55.8077045Z ..s.....                                                                 [100%]
2025-11-14T17:52:55.8078047Z =================================== FAILURES ===================================
2025-11-14T17:52:55.8078901Z _____________________________ test_rewrite_as_And ______________________________
2025-11-14T17:52:55.8079708Z [gw1] linux -- Python 3.9.25 /opt/hostedtoolcache/Python/3.9.25/x64/bin/python
2025-11-14T17:52:55.8080141Z 
2025-11-14T17:52:55.8080297Z     def test_rewrite_as_And():
2025-11-14T17:52:55.8080671Z         expr = x ^ y
2025-11-14T17:52:55.8081008Z >       assert expr.rewrite(And) == (x | y) & (~x | ~y)
2025-11-14T17:52:55.8081310Z 
2025-11-14T17:52:55.8081460Z sympy/logic/tests/test_boolalg.py:118: 
2025-11-14T17:52:55.8081885Z _ _ _ _ _ _ _ _ _ _ _ _ _ _ _ _ _ _ _ _ _ _ _ _ _ _ _ _ _ _ _ _ _ _ _ _ _ _ _ _ 
2025-11-14T17:52:55.8082336Z sympy/core/basic.py:2087: in rewrite
2025-11-14T17:52:55.8082770Z     return self._rewrite(pattern, rule, method, **hints)
2025-11-14T17:52:55.8083224Z sympy/core/basic.py:2099: in _rewrite
2025-11-14T17:52:55.8083597Z     rewritten = meth(*args, **hints)
2025-11-14T17:52:55.8084015Z sympy/logic/boolalg.py:1095: in _eval_rewrite_as_And
2025-11-14T17:52:55.8084453Z     for x in _get_even_parity_terms(len(a))])
2025-11-14T17:52:55.8084824Z sympy/logic/boolalg.py:2227: in _get_even_parity_terms
2025-11-14T17:52:55.8085225Z     return [[1 if (mask >> i) & 1 else 0 for i in range(n)]
2025-11-14T17:52:55.8085601Z _ _ _ _ _ _ _ _ _ _ _ _ _ _ _ _ _ _ _ _ _ _ _ _ _ _ _ _ _ _ _ _ _ _ _ _ _ _ _ _ 
2025-11-14T17:52:55.8085855Z 
2025-11-14T17:52:55.8085976Z .0 = <range_iterator object at 0x7f9dd9574f90>
2025-11-14T17:52:55.8086198Z 
2025-11-14T17:52:55.8086342Z     return [[1 if (mask >> i) & 1 else 0 for i in range(n)]
2025-11-14T17:52:55.8086732Z >           for mask in range(1 << n) if mask.bit_count() % 2 == 0]
2025-11-14T17:52:55.8087735Z E   AttributeError: 'int' object has no attribute 'bit_count'
2025-11-14T17:52:55.8088245Z 
2025-11-14T17:52:55.8088444Z sympy/logic/boolalg.py:2228: AttributeError
2025-11-14T17:52:55.8088874Z ______________________________ test_rewrite_as_Or ______________________________
2025-11-14T17:52:55.8089381Z [gw1] linux -- Python 3.9.25 /opt/hostedtoolcache/Python/3.9.25/x64/bin/python
2025-11-14T17:52:55.8089718Z 
2025-11-14T17:52:55.8089815Z     def test_rewrite_as_Or():
2025-11-14T17:52:55.8090079Z         expr = x ^ y
2025-11-14T17:52:55.8090341Z >       assert expr.rewrite(Or) == (x & ~y) | (y & ~x)
2025-11-14T17:52:55.8090810Z 
2025-11-14T17:52:55.8090929Z sympy/logic/tests/test_boolalg.py:123: 
2025-11-14T17:52:55.8091276Z _ _ _ _ _ _ _ _ _ _ _ _ _ _ _ _ _ _ _ _ _ _ _ _ _ _ _ _ _ _ _ _ _ _ _ _ _ _ _ _ 
2025-11-14T17:52:55.8091620Z sympy/core/basic.py:2087: in rewrite
2025-11-14T17:52:55.8091970Z     return self._rewrite(pattern, rule, method, **hints)
2025-11-14T17:52:55.8092333Z sympy/core/basic.py:2099: in _rewrite
2025-11-14T17:52:55.8092628Z     rewritten = meth(*args, **hints)
2025-11-14T17:52:55.8092952Z sympy/logic/boolalg.py:1090: in _eval_rewrite_as_Or
2025-11-14T17:52:55.8093320Z     for x in _get_odd_parity_terms(len(a))])
2025-11-14T17:52:55.8093680Z sympy/logic/boolalg.py:2218: in _get_odd_parity_terms
2025-11-14T17:52:55.8094078Z     return [[1 if (mask >> i) & 1 else 0 for i in range(n)]
2025-11-14T17:52:55.8094465Z _ _ _ _ _ _ _ _ _ _ _ _ _ _ _ _ _ _ _ _ _ _ _ _ _ _ _ _ _ _ _ _ _ _ _ _ _ _ _ _ 
2025-11-14T17:52:55.8094709Z 
2025-11-14T17:52:55.8094811Z .0 = <range_iterator object at 0x7f9ddffee4b0>
2025-11-14T17:52:55.8095229Z 
2025-11-14T17:52:55.8095348Z     return [[1 if (mask >> i) & 1 else 0 for i in range(n)]
2025-11-14T17:52:55.8095659Z >           for mask in range(1 << n) if mask.bit_count() % 2 == 1]
2025-11-14T17:52:55.8095995Z E   AttributeError: 'int' object has no attribute 'bit_count'
2025-11-14T17:52:55.8096212Z 
2025-11-14T17:52:55.8096317Z sympy/logic/boolalg.py:2219: AttributeError
2025-11-14T17:52:55.8096601Z =============================== warnings summary ===============================
2025-11-14T17:52:55.8097078Z sympy/matrices/expressions/tests/test_derivatives.py::test_issue_23931
2025-11-14T17:52:55.8097898Z   /home/runner/work/sympy/sympy/sympy/core/basic.py:438: SymPyDeprecationWarning: sympy.utilities.exceptions.SymPyDeprecationWarning: 
2025-11-14T17:52:55.8098462Z   
2025-11-14T17:52:55.8098700Z   Using non-Expr arguments in Mul is deprecated (in this case, one of
2025-11-14T17:52:55.8099065Z   the arguments has type 'ArrayElementwiseApplyFunc').
2025-11-14T17:52:55.8099326Z   
2025-11-14T17:52:55.8099573Z   If you really did intend to use a multiplication or addition operation with
2025-11-14T17:52:55.8099926Z   this object, use the * or + operator instead.
2025-11-14T17:52:55.8100151Z   
2025-11-14T17:52:55.8100511Z   See https://docs.sympy.org/latest/explanation/active-deprecations.html#non-expr-args-deprecated
2025-11-14T17:52:55.8100925Z   for details.
2025-11-14T17:52:55.8101083Z   
2025-11-14T17:52:55.8101271Z   This has been deprecated since SymPy version 1.7. It
2025-11-14T17:52:55.8101565Z   will be removed in a future version of SymPy.
2025-11-14T17:52:55.8101796Z   
2025-11-14T17:52:55.8101960Z     return cls(*tuple(args), **assumptions)
2025-11-14T17:52:55.8102124Z 
2025-11-14T17:52:55.8102300Z -- Docs: https://docs.pytest.org/en/stable/how-to/capture-warnings.html
2025-11-14T17:52:55.8102679Z                                 DO *NOT* COMMIT!                                
2025-11-14T17:52:55.8102972Z =========================== short test summary info ============================
2025-11-14T17:52:55.8103518Z FAILED sympy/logic/tests/test_boolalg.py::test_rewrite_as_And - AttributeError: 'int' object has no attribute 'bit_count'
2025-11-14T17:52:55.8104254Z FAILED sympy/logic/tests/test_boolalg.py::test_rewrite_as_Or - AttributeError: 'int' object has no attribute 'bit_count'
2025-11-14T17:52:55.8105038Z = 2 failed, 12891 passed, 677 skipped, 331 xfailed, 3 xpassed, 1 warning in 1159.87s (0:19:19) =
2025-11-14T17:52:56.0519849Z ##[error]Process completed with exit code 1.
2025-11-14T17:52:56.0615827Z Post job cleanup.
2025-11-14T17:52:56.1381683Z [command]/usr/bin/git version
2025-11-14T17:52:56.1449044Z git version 2.51.2
2025-11-14T17:52:56.1484446Z Temporarily overriding HOME='/home/runner/work/_temp/ba258081-612b-495d-9947-6e6f44b51fe9' before making global git config changes
2025-11-14T17:52:56.1485473Z Adding repository directory to the temporary git global config as a safe directory
2025-11-14T17:52:56.1490004Z [command]/usr/bin/git config --global --add safe.directory /home/runner/work/sympy/sympy
2025-11-14T17:52:56.1525155Z [command]/usr/bin/git config --local --name-only --get-regexp core\.sshCommand
2025-11-14T17:52:56.1557008Z [command]/usr/bin/git submodule foreach --recursive sh -c "git config --local --name-only --get-regexp 'core\.sshCommand' && git config --local --unset-all 'core.sshCommand' || :"
2025-11-14T17:52:56.1787022Z [command]/usr/bin/git config --local --name-only --get-regexp http\.https\:\/\/github\.com\/\.extraheader
2025-11-14T17:52:56.1807990Z http.https://github.com/.extraheader
2025-11-14T17:52:56.1817239Z [command]/usr/bin/git config --local --unset-all http.https://github.com/.extraheader
2025-11-14T17:52:56.1846844Z [command]/usr/bin/git submodule foreach --recursive sh -c "git config --local --name-only --get-regexp 'http\.https\:\/\/github\.com\/\.extraheader' && git config --local --unset-all 'http.https://github.com/.extraheader' || :"
2025-11-14T17:52:56.2175437Z Cleaning up orphan processes
