2025-10-20T00:12:03.0967645Z Current runner version: '2.329.0'
2025-10-20T00:12:03.1002308Z ##[group]Runner Image Provisioner
2025-10-20T00:12:03.1003509Z Hosted Compute Agent
2025-10-20T00:12:03.1004473Z Version: 20251013.424
2025-10-20T00:12:03.1005474Z Commit: cfdd8bfed34d71a55b72df4d2e82343c3fc2bab3
2025-10-20T00:12:03.1006567Z Build Date: 2025-10-13T20:22:23Z
2025-10-20T00:12:03.1007574Z ##[endgroup]
2025-10-20T00:12:03.1008329Z ##[group]Operating System
2025-10-20T00:12:03.1009533Z Ubuntu
2025-10-20T00:12:03.1010394Z 24.04.3
2025-10-20T00:12:03.1011181Z LTS
2025-10-20T00:12:03.1011819Z ##[endgroup]
2025-10-20T00:12:03.1012780Z ##[group]Runner Image
2025-10-20T00:12:03.1013697Z Image: ubuntu-24.04
2025-10-20T00:12:03.1014443Z Version: 20251014.76.1
2025-10-20T00:12:03.1016210Z Included Software: https://github.com/actions/runner-images/blob/ubuntu24/20251014.76/images/ubuntu/Ubuntu2404-Readme.md
2025-10-20T00:12:03.1018896Z Image Release: https://github.com/actions/runner-images/releases/tag/ubuntu24%2F20251014.76
2025-10-20T00:12:03.1020841Z ##[endgroup]
2025-10-20T00:12:03.1022434Z ##[group]GITHUB_TOKEN Permissions
2025-10-20T00:12:03.1025114Z Contents: read
2025-10-20T00:12:03.1026066Z Metadata: read
2025-10-20T00:12:03.1026805Z ##[endgroup]
2025-10-20T00:12:03.1030357Z Secret source: Dependabot
2025-10-20T00:12:03.1031393Z Prepare workflow directory
2025-10-20T00:12:03.1590681Z Prepare all required actions
2025-10-20T00:12:03.1645654Z Getting action download info
2025-10-20T00:12:03.4465035Z Download action repository 'actions/checkout@08c6903cd8c0fde910a37f88322edcfb5dd907a8' (SHA:08c6903cd8c0fde910a37f88322edcfb5dd907a8)
2025-10-20T00:12:03.6662742Z Download action repository 'actions/setup-node@2028fbc5c25fe9cf00d9f06a71cc4710d4507903' (SHA:2028fbc5c25fe9cf00d9f06a71cc4710d4507903)
2025-10-20T00:12:03.9910496Z Complete job name: Test Node 22 on ubuntu-latest
2025-10-20T00:12:04.0507958Z ##[group]Run actions/checkout@08c6903cd8c0fde910a37f88322edcfb5dd907a8
2025-10-20T00:12:04.0508941Z with:
2025-10-20T00:12:04.0509613Z   repository: microsoft/TypeScript
2025-10-20T00:12:04.0510276Z   token: ***
2025-10-20T00:12:04.0510649Z   ssh-strict: true
2025-10-20T00:12:04.0511041Z   ssh-user: git
2025-10-20T00:12:04.0511431Z   persist-credentials: true
2025-10-20T00:12:04.0511878Z   clean: true
2025-10-20T00:12:04.0512370Z   sparse-checkout-cone-mode: true
2025-10-20T00:12:04.0512848Z   fetch-depth: 1
2025-10-20T00:12:04.0513228Z   fetch-tags: false
2025-10-20T00:12:04.0513624Z   show-progress: true
2025-10-20T00:12:04.0514025Z   lfs: false
2025-10-20T00:12:04.0514385Z   submodules: false
2025-10-20T00:12:04.0514797Z   set-safe-directory: true
2025-10-20T00:12:04.0515528Z ##[endgroup]
2025-10-20T00:12:04.1500280Z Syncing repository: microsoft/TypeScript
2025-10-20T00:12:04.1502985Z ##[group]Getting Git version info
2025-10-20T00:12:04.1504285Z Working directory is '/home/runner/work/TypeScript/TypeScript'
2025-10-20T00:12:04.1506006Z [command]/usr/bin/git version
2025-10-20T00:12:04.1591711Z git version 2.51.0
2025-10-20T00:12:04.1615076Z ##[endgroup]
2025-10-20T00:12:04.1630963Z Temporarily overriding HOME='/home/runner/work/_temp/5cdcc0cf-3a1e-4553-9678-e156b52ec223' before making global git config changes
2025-10-20T00:12:04.1633322Z Adding repository directory to the temporary git global config as a safe directory
2025-10-20T00:12:04.1636357Z [command]/usr/bin/git config --global --add safe.directory /home/runner/work/TypeScript/TypeScript
2025-10-20T00:12:04.1674189Z Deleting the contents of '/home/runner/work/TypeScript/TypeScript'
2025-10-20T00:12:04.1678608Z ##[group]Initializing the repository
2025-10-20T00:12:04.1683487Z [command]/usr/bin/git init /home/runner/work/TypeScript/TypeScript
2025-10-20T00:12:04.1823790Z hint: Using 'master' as the name for the initial branch. This default branch name
2025-10-20T00:12:04.1825581Z hint: is subject to change. To configure the initial branch name to use in all
2025-10-20T00:12:04.1827219Z hint: of your new repositories, which will suppress this warning, call:
2025-10-20T00:12:04.1828411Z hint:
2025-10-20T00:12:04.1829857Z hint: 	git config --global init.defaultBranch <name>
2025-10-20T00:12:04.1830863Z hint:
2025-10-20T00:12:04.1831823Z hint: Names commonly chosen instead of 'master' are 'main', 'trunk' and
2025-10-20T00:12:04.1833486Z hint: 'development'. The just-created branch can be renamed via this command:
2025-10-20T00:12:04.1834747Z hint:
2025-10-20T00:12:04.1835451Z hint: 	git branch -m <name>
2025-10-20T00:12:04.1836212Z hint:
2025-10-20T00:12:04.1837257Z hint: Disable this message with "git config set advice.defaultBranchName false"
2025-10-20T00:12:04.1838965Z Initialized empty Git repository in /home/runner/work/TypeScript/TypeScript/.git/
2025-10-20T00:12:04.1845534Z [command]/usr/bin/git remote add origin https://github.com/microsoft/TypeScript
2025-10-20T00:12:04.1886163Z ##[endgroup]
2025-10-20T00:12:04.1886879Z ##[group]Disabling automatic garbage collection
2025-10-20T00:12:04.1889928Z [command]/usr/bin/git config --local gc.auto 0
2025-10-20T00:12:04.1917205Z ##[endgroup]
2025-10-20T00:12:04.1917989Z ##[group]Setting up auth
2025-10-20T00:12:04.1924520Z [command]/usr/bin/git config --local --name-only --get-regexp core\.sshCommand
2025-10-20T00:12:04.1955176Z [command]/usr/bin/git submodule foreach --recursive sh -c "git config --local --name-only --get-regexp 'core\.sshCommand' && git config --local --unset-all 'core.sshCommand' || :"
2025-10-20T00:12:04.2317430Z [command]/usr/bin/git config --local --name-only --get-regexp http\.https\:\/\/github\.com\/\.extraheader
2025-10-20T00:12:04.2349754Z [command]/usr/bin/git submodule foreach --recursive sh -c "git config --local --name-only --get-regexp 'http\.https\:\/\/github\.com\/\.extraheader' && git config --local --unset-all 'http.https://github.com/.extraheader' || :"
2025-10-20T00:12:04.2569747Z [command]/usr/bin/git config --local http.https://github.com/.extraheader AUTHORIZATION: basic ***
2025-10-20T00:12:04.2604526Z ##[endgroup]
2025-10-20T00:12:04.2605781Z ##[group]Fetching the repository
2025-10-20T00:12:04.2614426Z [command]/usr/bin/git -c protocol.version=2 fetch --no-tags --prune --no-recurse-submodules --depth=1 origin +821067768ca0080cd34753335b3a59939f43df03:refs/remotes/pull/62632/merge
2025-10-20T00:12:11.7200242Z From https://github.com/microsoft/TypeScript
2025-10-20T00:12:11.7201982Z  * [new ref]             821067768ca0080cd34753335b3a59939f43df03 -> pull/62632/merge
2025-10-20T00:12:11.7238854Z ##[endgroup]
2025-10-20T00:12:11.7240352Z ##[group]Determining the checkout info
2025-10-20T00:12:11.7241861Z ##[endgroup]
2025-10-20T00:12:11.7245827Z [command]/usr/bin/git sparse-checkout disable
2025-10-20T00:12:11.7288388Z [command]/usr/bin/git config --local --unset-all extensions.worktreeConfig
2025-10-20T00:12:11.7315690Z ##[group]Checking out the ref
2025-10-20T00:12:11.7319054Z [command]/usr/bin/git checkout --progress --force refs/remotes/pull/62632/merge
2025-10-20T00:12:12.7952996Z Updating files:  27% (20511/74399)
2025-10-20T00:12:12.8528562Z Updating files:  28% (20832/74399)
2025-10-20T00:12:12.8807442Z Updating files:  29% (21576/74399)
2025-10-20T00:12:12.9104625Z Updating files:  30% (22320/74399)
2025-10-20T00:12:12.9418305Z Updating files:  31% (23064/74399)
2025-10-20T00:12:12.9724528Z Updating files:  32% (23808/74399)
2025-10-20T00:12:13.0018739Z Updating files:  33% (24552/74399)
2025-10-20T00:12:13.0322198Z Updating files:  34% (25296/74399)
2025-10-20T00:12:13.0722538Z Updating files:  35% (26040/74399)
2025-10-20T00:12:13.1070305Z Updating files:  36% (26784/74399)
2025-10-20T00:12:13.1430468Z Updating files:  37% (27528/74399)
2025-10-20T00:12:13.1708807Z Updating files:  38% (28272/74399)
2025-10-20T00:12:13.2008554Z Updating files:  39% (29016/74399)
2025-10-20T00:12:13.2322471Z Updating files:  40% (29760/74399)
2025-10-20T00:12:13.2591153Z Updating files:  41% (30504/74399)
2025-10-20T00:12:13.2966094Z Updating files:  42% (31248/74399)
2025-10-20T00:12:13.3305942Z Updating files:  43% (31992/74399)
2025-10-20T00:12:13.3599009Z Updating files:  44% (32736/74399)
2025-10-20T00:12:13.3865889Z Updating files:  45% (33480/74399)
2025-10-20T00:12:13.4128465Z Updating files:  46% (34224/74399)
2025-10-20T00:12:13.4446575Z Updating files:  47% (34968/74399)
2025-10-20T00:12:13.4844020Z Updating files:  48% (35712/74399)
2025-10-20T00:12:13.5190923Z Updating files:  49% (36456/74399)
2025-10-20T00:12:13.5512636Z Updating files:  50% (37200/74399)
2025-10-20T00:12:13.5835657Z Updating files:  51% (37944/74399)
2025-10-20T00:12:13.6177574Z Updating files:  52% (38688/74399)
2025-10-20T00:12:13.6513394Z Updating files:  53% (39432/74399)
2025-10-20T00:12:13.6834677Z Updating files:  54% (40176/74399)
2025-10-20T00:12:13.7320552Z Updating files:  55% (40920/74399)
2025-10-20T00:12:13.7703408Z Updating files:  56% (41664/74399)
2025-10-20T00:12:13.7841937Z Updating files:  57% (42408/74399)
2025-10-20T00:12:13.8050486Z Updating files:  57% (42665/74399)
2025-10-20T00:12:13.8502064Z Updating files:  58% (43152/74399)
2025-10-20T00:12:13.8817570Z Updating files:  59% (43896/74399)
2025-10-20T00:12:13.9143812Z Updating files:  60% (44640/74399)
2025-10-20T00:12:13.9470191Z Updating files:  61% (45384/74399)
2025-10-20T00:12:13.9746175Z Updating files:  62% (46128/74399)
2025-10-20T00:12:14.0003445Z Updating files:  63% (46872/74399)
2025-10-20T00:12:14.0549595Z Updating files:  64% (47616/74399)
2025-10-20T00:12:14.1224831Z Updating files:  65% (48360/74399)
2025-10-20T00:12:14.1842457Z Updating files:  66% (49104/74399)
2025-10-20T00:12:14.2341805Z Updating files:  67% (49848/74399)
2025-10-20T00:12:14.2666415Z Updating files:  68% (50592/74399)
2025-10-20T00:12:14.2961961Z Updating files:  69% (51336/74399)
2025-10-20T00:12:14.3269085Z Updating files:  70% (52080/74399)
2025-10-20T00:12:14.3595535Z Updating files:  71% (52824/74399)
2025-10-20T00:12:14.3872341Z Updating files:  72% (53568/74399)
2025-10-20T00:12:14.4160132Z Updating files:  73% (54312/74399)
2025-10-20T00:12:14.4418841Z Updating files:  74% (55056/74399)
2025-10-20T00:12:14.4688088Z Updating files:  75% (55800/74399)
2025-10-20T00:12:14.4946929Z Updating files:  76% (56544/74399)
2025-10-20T00:12:14.5202620Z Updating files:  77% (57288/74399)
2025-10-20T00:12:14.5464980Z Updating files:  78% (58032/74399)
2025-10-20T00:12:14.5733440Z Updating files:  79% (58776/74399)
2025-10-20T00:12:14.6004133Z Updating files:  80% (59520/74399)
2025-10-20T00:12:14.6280470Z Updating files:  81% (60264/74399)
2025-10-20T00:12:14.6528348Z Updating files:  82% (61008/74399)
2025-10-20T00:12:14.6776981Z Updating files:  83% (61752/74399)
2025-10-20T00:12:14.7013227Z Updating files:  84% (62496/74399)
2025-10-20T00:12:14.7269571Z Updating files:  85% (63240/74399)
2025-10-20T00:12:14.7522518Z Updating files:  86% (63984/74399)
2025-10-20T00:12:14.7764692Z Updating files:  87% (64728/74399)
2025-10-20T00:12:14.7816480Z Updating files:  88% (65472/74399)
2025-10-20T00:12:14.8011089Z Updating files:  88% (65618/74399)
2025-10-20T00:12:14.8307174Z Updating files:  89% (66216/74399)
2025-10-20T00:12:14.8695344Z Updating files:  90% (66960/74399)
2025-10-20T00:12:14.9026013Z Updating files:  91% (67704/74399)
2025-10-20T00:12:14.9292839Z Updating files:  92% (68448/74399)
2025-10-20T00:12:14.9606659Z Updating files:  93% (69192/74399)
2025-10-20T00:12:14.9873905Z Updating files:  94% (69936/74399)
2025-10-20T00:12:15.0140334Z Updating files:  95% (70680/74399)
2025-10-20T00:12:15.0411654Z Updating files:  96% (71424/74399)
2025-10-20T00:12:15.0726382Z Updating files:  97% (72168/74399)
2025-10-20T00:12:15.0996993Z Updating files:  98% (72912/74399)
2025-10-20T00:12:15.1306065Z Updating files:  99% (73656/74399)
2025-10-20T00:12:15.1307104Z Updating files: 100% (74399/74399)
2025-10-20T00:12:15.1307625Z Updating files: 100% (74399/74399), done.
2025-10-20T00:12:15.2040525Z Note: switching to 'refs/remotes/pull/62632/merge'.
2025-10-20T00:12:15.2041024Z 
2025-10-20T00:12:15.2041430Z You are in 'detached HEAD' state. You can look around, make experimental
2025-10-20T00:12:15.2042097Z changes and commit them, and you can discard any commits you make in this
2025-10-20T00:12:15.2042840Z state without impacting any branches by switching back to a branch.
2025-10-20T00:12:15.2043475Z 
2025-10-20T00:12:15.2043720Z If you want to create a new branch to retain commits you create, you may
2025-10-20T00:12:15.2044295Z do so (now or later) by using -c with the switch command. Example:
2025-10-20T00:12:15.2044711Z 
2025-10-20T00:12:15.2044928Z   git switch -c <new-branch-name>
2025-10-20T00:12:15.2045164Z 
2025-10-20T00:12:15.2045355Z Or undo this operation with:
2025-10-20T00:12:15.2045579Z 
2025-10-20T00:12:15.2045709Z   git switch -
2025-10-20T00:12:15.2045963Z 
2025-10-20T00:12:15.2046262Z Turn off this advice by setting config variable advice.detachedHead to false
2025-10-20T00:12:15.2046656Z 
2025-10-20T00:12:15.2047167Z HEAD is now at 821067768 Merge ee2454a18fba5c6305e5238e7b9c54f0caeb64ef into d8aafb3197ebecd7faf919eaa39e77c5805cbff8
2025-10-20T00:12:15.2127948Z ##[endgroup]
2025-10-20T00:12:15.2165633Z [command]/usr/bin/git log -1 --format=%H
2025-10-20T00:12:15.2194128Z 821067768ca0080cd34753335b3a59939f43df03
2025-10-20T00:12:15.2431829Z ##[group]Run actions/setup-node@2028fbc5c25fe9cf00d9f06a71cc4710d4507903
2025-10-20T00:12:15.2432308Z with:
2025-10-20T00:12:15.2432538Z   node-version: 22
2025-10-20T00:12:15.2432889Z   check-latest: true
2025-10-20T00:12:15.2433153Z   always-auth: false
2025-10-20T00:12:15.2433556Z   token: ***
2025-10-20T00:12:15.2433796Z   package-manager-cache: true
2025-10-20T00:12:15.2434180Z ##[endgroup]
2025-10-20T00:12:15.3774979Z Attempt to resolve the latest version from manifest...
2025-10-20T00:12:15.3939198Z (node:2273) [DEP0040] DeprecationWarning: The `punycode` module is deprecated. Please use a userland alternative instead.
2025-10-20T00:12:15.3940254Z (Use `node --trace-deprecation ...` to show where the warning was created)
2025-10-20T00:12:15.6794560Z Resolved as '22.20.0'
2025-10-20T00:12:15.6972458Z Found in cache @ /opt/hostedtoolcache/node/22.20.0/x64
2025-10-20T00:12:15.6977909Z ##[group]Environment details
2025-10-20T00:12:18.5078032Z node: v22.20.0
2025-10-20T00:12:18.5079109Z npm: 10.9.3
2025-10-20T00:12:18.5080007Z yarn: 1.22.22
2025-10-20T00:12:18.5081803Z ##[endgroup]
2025-10-20T00:12:18.5085100Z Detected npm as the package manager from package.json's packageManager field. Auto caching has been enabled for npm. If you want to disable it, set package-manager-cache input to false
2025-10-20T00:12:18.5108360Z [command]/opt/hostedtoolcache/node/22.20.0/x64/bin/npm config get cache
2025-10-20T00:12:18.8523277Z /home/runner/.npm
2025-10-20T00:12:18.9080469Z Cache hit for: node-cache-Linux-x64-npm-f7698bb4a447971ac0325fa6c43393204d0fdf14a8bf27e58e1b5e74c9c9f845
2025-10-20T00:12:18.9189458Z (node:2273) [DEP0169] DeprecationWarning: `url.parse()` behavior is not standardized and prone to errors that have security implications. Use the WHATWG URL API instead. CVEs are not issued for `url.parse()` vulnerabilities.
2025-10-20T00:12:19.2407394Z Received 56380156 of 56380156 (100.0%), 178.6 MBs/sec
2025-10-20T00:12:19.2408071Z Cache Size: ~54 MB (56380156 B)
2025-10-20T00:12:19.2433522Z [command]/usr/bin/tar -xf /home/runner/work/_temp/45a62ea1-65fb-4b30-81b0-4a9ba48fb944/cache.tzst -P -C /home/runner/work/TypeScript/TypeScript --use-compress-program unzstd
2025-10-20T00:12:19.4623743Z Cache restored successfully
2025-10-20T00:12:19.4743504Z Cache restored from key: node-cache-Linux-x64-npm-f7698bb4a447971ac0325fa6c43393204d0fdf14a8bf27e58e1b5e74c9c9f845
2025-10-20T00:12:19.4947464Z ##[group]Run npm ci
2025-10-20T00:12:19.4947760Z [36;1mnpm ci[0m
2025-10-20T00:12:19.5073384Z shell: /usr/bin/bash --noprofile --norc -e -o pipefail {0}
2025-10-20T00:12:19.5073725Z ##[endgroup]
2025-10-20T00:12:24.9476237Z npm warn deprecated inflight@1.0.6: This module is not supported, and leaks memory. Do not use it. Check out lru-cache if you want a good and tested way to coalesce async requests by a key value, which is much more comprehensive and powerful.
2025-10-20T00:12:25.0765657Z npm warn deprecated glob@8.1.0: Glob versions prior to v9 are no longer supported
2025-10-20T00:12:26.2594850Z 
2025-10-20T00:12:26.2595914Z added 365 packages, and audited 366 packages in 7s
2025-10-20T00:12:26.2596380Z 
2025-10-20T00:12:26.2596668Z 88 packages are looking for funding
2025-10-20T00:12:26.2597204Z   run `npm fund` for details
2025-10-20T00:12:26.2607186Z 
2025-10-20T00:12:26.2607543Z found 0 vulnerabilities
2025-10-20T00:12:26.3254671Z ##[group]Run npm run test -- --no-lint --bundle=true
2025-10-20T00:12:26.3255083Z [36;1mnpm run test -- --no-lint --bundle=true[0m
2025-10-20T00:12:26.3284916Z shell: /usr/bin/bash --noprofile --norc -e -o pipefail {0}
2025-10-20T00:12:26.3285234Z ##[endgroup]
2025-10-20T00:12:26.4255266Z 
2025-10-20T00:12:26.4256014Z > typescript@6.0.0 test
2025-10-20T00:12:26.4256555Z > hereby runtests-parallel --light=false --no-lint --bundle=true
2025-10-20T00:12:26.4256852Z 
2025-10-20T00:12:26.5662700Z Using [33m~/work/TypeScript/TypeScript/Herebyfile.mjs[39m to run [34mruntests-parallel[39m
2025-10-20T00:12:26.5666297Z Starting [34mlib[39m
2025-10-20T00:12:26.5670934Z Starting [34mgenerate-diagnostics[39m
2025-10-20T00:12:26.5673218Z > [32m/opt/hostedtoolcache/node/22.20.0/x64/bin/node[39m scripts/processDiagnosticMessages.mjs src/compiler/diagnosticMessages.json
2025-10-20T00:12:26.6015417Z Reading diagnostics from src/compiler/diagnosticMessages.json
2025-10-20T00:12:26.6443111Z Finished [32mlib[39m in 77ms
2025-10-20T00:12:26.6566998Z Finished [32mgenerate-diagnostics[39m in 90ms
2025-10-20T00:12:26.6567615Z Starting [34mbundle-tests[39m
2025-10-20T00:12:26.6580565Z Starting [34mbuild-tests[39m
2025-10-20T00:12:26.6581687Z Starting [34mbuild-services[39m
2025-10-20T00:12:27.6271224Z Finished [32mbundle-tests[39m in 969ms
2025-10-20T00:12:50.5777435Z Finished [32mbuild-tests[39m in 23.9s
2025-10-20T00:12:50.5778275Z Finished [32mbuild-services[39m in 23.9s
2025-10-20T00:12:50.5778929Z Starting [34mdts-services[39m
2025-10-20T00:12:50.5783064Z > [32m/opt/hostedtoolcache/node/22.20.0/x64/bin/node[39m ./scripts/dtsBundler.mjs --entrypoint ./built/local/typescript/typescript.d.ts --output ./built/local/typescript.d.ts
2025-10-20T00:12:50.9746920Z Bundling ./built/local/typescript/typescript.d.ts to ./built/local/typescript.d.ts and ./built/local/typescript.internal.d.ts
2025-10-20T00:12:53.3021916Z Finished [32mdts-services[39m in 2.7s
2025-10-20T00:12:53.3022730Z Starting [34mdts-lssl[39m
2025-10-20T00:12:53.3029136Z Finished [32mdts-lssl[39m in 1ms
2025-10-20T00:12:53.3042831Z Starting [34mdo-runtests-parallel[39m
2025-10-20T00:12:53.3056578Z Running tests with config: {"light":false,"workerCount":4,"taskConfigsFolder":"/tmp/ts-tests1","noColor":false,"timeout":40000,"keepFailed":false}
2025-10-20T00:12:53.3057728Z > [32m/opt/hostedtoolcache/node/22.20.0/x64/bin/node[39m ./built/local/run.js
2025-10-20T00:12:53.6600451Z Discovered 326 unittest suites.
2025-10-20T00:12:53.6603259Z Discovering runner-based tests...
2025-10-20T00:12:53.7895929Z Discovered 19599 test files in 129ms.
2025-10-20T00:12:53.7896629Z Starting to run tests using 4 threads...
2025-10-20T00:12:53.8060509Z Batching initial test lists...
2025-10-20T00:12:53.9277448Z Batched into 4 groups with approximate total file sizes of 5021553 bytes in each group. (90.0% of total tests batched)
2025-10-20T00:12:53.9375048Z 
2025-10-20T00:23:36.7996292Z 
2025-10-20T00:23:38.0031110Z 
2025-10-20T00:23:38.0034807Z   98911 passing (11m)
2025-10-20T00:23:38.0035108Z 
2025-10-20T00:23:38.0784635Z Finished [32mdo-runtests-parallel[39m in 10m 44.7s
2025-10-20T00:23:38.0785904Z Completed [34mruntests-parallel[39m in 11m 11.5s
2025-10-20T00:23:38.1013580Z Post job cleanup.
2025-10-20T00:23:38.2199932Z (node:2593) [DEP0040] DeprecationWarning: The `punycode` module is deprecated. Please use a userland alternative instead.
2025-10-20T00:23:38.2201320Z (Use `node --trace-deprecation ...` to show where the warning was created)
2025-10-20T00:23:38.2204842Z Cache hit occurred on the primary key node-cache-Linux-x64-npm-f7698bb4a447971ac0325fa6c43393204d0fdf14a8bf27e58e1b5e74c9c9f845, not saving cache.
2025-10-20T00:23:38.2330929Z Post job cleanup.
2025-10-20T00:23:38.3185770Z [command]/usr/bin/git version
2025-10-20T00:23:38.3233108Z git version 2.51.0
2025-10-20T00:23:38.3281416Z Temporarily overriding HOME='/home/runner/work/_temp/cd6b6b05-2fee-46cf-b728-c846f9b50401' before making global git config changes
2025-10-20T00:23:38.3284800Z Adding repository directory to the temporary git global config as a safe directory
2025-10-20T00:23:38.3287762Z [command]/usr/bin/git config --global --add safe.directory /home/runner/work/TypeScript/TypeScript
2025-10-20T00:23:38.3330024Z [command]/usr/bin/git config --local --name-only --get-regexp core\.sshCommand
2025-10-20T00:23:38.3366071Z [command]/usr/bin/git submodule foreach --recursive sh -c "git config --local --name-only --get-regexp 'core\.sshCommand' && git config --local --unset-all 'core.sshCommand' || :"
2025-10-20T00:23:38.3694192Z [command]/usr/bin/git config --local --name-only --get-regexp http\.https\:\/\/github\.com\/\.extraheader
2025-10-20T00:23:38.3720944Z http.https://github.com/.extraheader
2025-10-20T00:23:38.3730879Z [command]/usr/bin/git config --local --unset-all http.https://github.com/.extraheader
2025-10-20T00:23:38.3763470Z [command]/usr/bin/git submodule foreach --recursive sh -c "git config --local --name-only --get-regexp 'http\.https\:\/\/github\.com\/\.extraheader' && git config --local --unset-all 'http.https://github.com/.extraheader' || :"
2025-10-20T00:23:38.4212390Z Cleaning up orphan processes
